#
# There is insufficient memory for the Java Runtime Environment to continue.
# Native memory allocation (malloc) failed to allocate 1604176 bytes. Error detail: Chunk::new
# Possible reasons:
#   The system is out of physical RAM or swap space
#   This process is running with CompressedOops enabled, and the Java Heap may be blocking the growth of the native heap
# Possible solutions:
#   Reduce memory load on the system
#   Increase physical memory or swap space
#   Check if swap backing store is full
#   Decrease Java heap size (-Xmx/-Xms)
#   Decrease number of Java threads
#   Decrease Java thread stack sizes (-Xss)
#   Set larger code cache with -XX:ReservedCodeCacheSize=
#   JVM is running with Unscaled Compressed Oops mode in which the Java heap is
#     placed in the first 4GB address space. The Java Heap base address is the
#     maximum limit for the native heap growth. Please use -XX:HeapBaseMinAddress
#     to set the Java Heap base and to place the Java Heap above 4GB virtual address.
# This output file may be truncated or incomplete.
#
#  Out of Memory Error (arena.cpp:168), pid=4960, tid=14912
#
# JRE version: OpenJDK Runtime Environment Temurin-21.0.12.1+1 (21.0.12.1+1) (build 21.0.12.1+1-LTS)
# Java VM: OpenJDK 64-Bit Server VM Temurin-21.0.12.1+1 (21.0.12.1+1-LTS, mixed mode, sharing, tiered, compressed oops, compressed class ptrs, parallel gc, windows-amd64)
# No core dump will be written. Minidumps are not enabled by default on client versions of Windows
#

---------------  S U M M A R Y ------------

Command Line: --add-modules=ALL-SYSTEM --add-opens=java.base/java.util=ALL-UNNAMED --add-opens=java.base/java.lang=ALL-UNNAMED --add-opens=java.base/sun.nio.fs=ALL-UNNAMED -Declipse.application=org.eclipse.jdt.ls.core.id1 -Dosgi.bundles.defaultStartLevel=4 -Declipse.product=org.eclipse.jdt.ls.core.product -Djava.import.generatesMetadataFilesAtProjectRoot=false -Dm2e.project.cache.size=50 -DDetectVMInstallationsJob.disabled=true -Dfile.encoding=utf8 -XX:+UseParallelGC -XX:GCTimeRatio=4 -XX:AdaptiveSizePolicyWeight=90 -Dsun.zip.disableMemoryMapping=true -Xmx2G -Xms100m -Xlog:disable -javaagent:c:\Users\welcome\.vscode\extensions\redhat.java-1.56.0-win32-x64\lombok\lombok-1.18.39-4050.jar -XX:+HeapDumpOnOutOfMemoryError -XX:HeapDumpPath=c:\Users\welcome\AppData\Roaming\Code\User\workspaceStorage\438089d090c8572c52f170013986077f\redhat.java -Daether.dependencyCollector.impl=bf c:\Users\welcome\.vscode\extensions\redhat.java-1.56.0-win32-x64\server\plugins\org.eclipse.equinox.launcher_1.8.0.v20260804-1928.jar -configuration c:\Users\welcome\AppData\Roaming\Code\User\globalStorage\redhat.java\1.56.0\config_win -data c:\Users\welcome\AppData\Roaming\Code\User\workspaceStorage\438089d090c8572c52f170013986077f\redhat.java\jdt_ws --pipe=\\.\pipe\lsp-31ed1cc4888b5d9e0b98143ae9c373c3-sock

Host: Intel(R) Core(TM) i3-7100U CPU @ 2.40GHz, 4 cores, 3G,  Windows 10 , 64 bit Build 19041 (10.0.19041.7725)
Time: Tue Sep 29 10:03:56 2026 India Standard Time elapsed time: 133.737076 seconds (0d 0h 2m 13s)

---------------  T H R E A D  ---------------

Current thread (0x0000014c750bf130):  JavaThread "C2 CompilerThread0" daemon [_thread_in_native, id=14912, stack(0x0000000d08d00000,0x0000000d08e00000) (1024K)]


Current CompileTask:
C2:133737 4022   !   4       org.eclipse.osgi.internal.loader.classpath.ClasspathManager::findClassImpl (328 bytes)

Stack: [0x0000000d08d00000,0x0000000d08e00000]
Native frames: (J=compiled Java code, j=interpreted, Vv=VM code, C=native code)
V  [jvm.dll+0x6d83e9]
V  [jvm.dll+0x8b5736]
V  [jvm.dll+0x8b7cee]
V  [jvm.dll+0x8b83d3]
V  [jvm.dll+0x284596]
V  [jvm.dll+0xc685d]
V  [jvm.dll+0xc6da1]
V  [jvm.dll+0x3bf151]
V  [jvm.dll+0x38b6d2]
V  [jvm.dll+0x38ab1a]
V  [jvm.dll+0x24c700]
V  [jvm.dll+0x24bce0]
V  [jvm.dll+0x1cb4ae]
V  [jvm.dll+0x25baad]
V  [jvm.dll+0x25a03a]
V  [jvm.dll+0x3f8aae]
V  [jvm.dll+0x8600cd]
V  [jvm.dll+0x6d6c1d]
C  [ucrtbase.dll+0x21bb2]
C  [KERNEL32.DLL+0x17384]
C  [ntdll.dll+0x4cc91]


---------------  P R O C E S S  ---------------

Threads class SMR info:
_java_thread_list=0x0000014c7a7f9b80, length=22, elements={
0x0000014c5e6d3c20, 0x0000014c750b5ae0, 0x0000014c750b7250, 0x0000014c750b8d40,
0x0000014c750b9c60, 0x0000014c750bd940, 0x0000014c750be3a0, 0x0000014c750bf130,
0x0000014c75132e70, 0x0000014c7a10a700, 0x0000014c7a263420, 0x0000014c7a239330,
0x0000014c7a5a7950, 0x0000014c7a61f1e0, 0x0000014c7a61fc20, 0x0000014c7aa69b90,
0x0000014c7a9e0900, 0x0000014c7ab7ffd0, 0x0000014c7aab66a0, 0x0000014c7aab73c0,
0x0000014c7aab52f0, 0x0000014c7aab80e0
}

Java Threads: ( => current thread )
  0x0000014c5e6d3c20 JavaThread "main"                              [_thread_blocked, id=18860, stack(0x0000000d08300000,0x0000000d08400000) (1024K)]
  0x0000014c750b5ae0 JavaThread "Reference Handler"          daemon [_thread_blocked, id=7876, stack(0x0000000d08700000,0x0000000d08800000) (1024K)]
  0x0000014c750b7250 JavaThread "Finalizer"                  daemon [_thread_blocked, id=10516, stack(0x0000000d08800000,0x0000000d08900000) (1024K)]
  0x0000014c750b8d40 JavaThread "Signal Dispatcher"          daemon [_thread_blocked, id=1700, stack(0x0000000d08900000,0x0000000d08a00000) (1024K)]
  0x0000014c750b9c60 JavaThread "Attach Listener"            daemon [_thread_blocked, id=9820, stack(0x0000000d08a00000,0x0000000d08b00000) (1024K)]
  0x0000014c750bd940 JavaThread "Service Thread"             daemon [_thread_blocked, id=7428, stack(0x0000000d08b00000,0x0000000d08c00000) (1024K)]
  0x0000014c750be3a0 JavaThread "Monitor Deflation Thread"   daemon [_thread_blocked, id=8504, stack(0x0000000d08c00000,0x0000000d08d00000) (1024K)]
=>0x0000014c750bf130 JavaThread "C2 CompilerThread0"         daemon [_thread_in_native, id=14912, stack(0x0000000d08d00000,0x0000000d08e00000) (1024K)]
  0x0000014c75132e70 JavaThread "C1 CompilerThread0"         daemon [_thread_blocked, id=10168, stack(0x0000000d08e00000,0x0000000d08f00000) (1024K)]
  0x0000014c7a10a700 JavaThread "Common-Cleaner"             daemon [_thread_blocked, id=10036, stack(0x0000000d08f00000,0x0000000d09000000) (1024K)]
  0x0000014c7a263420 JavaThread "Notification Thread"        daemon [_thread_blocked, id=13660, stack(0x0000000d09000000,0x0000000d09100000) (1024K)]
  0x0000014c7a239330 JavaThread "Active Thread: Equinox Container: 776a9841-2778-4975-809e-e40a5b9018bc"        [_thread_blocked, id=13956, stack(0x0000000d09400000,0x0000000d09500000) (1024K)]
  0x0000014c7a5a7950 JavaThread "Refresh Thread: Equinox Container: 776a9841-2778-4975-809e-e40a5b9018bc" daemon [_thread_blocked, id=20564, stack(0x0000000d08100000,0x0000000d08200000) (1024K)]
  0x0000014c7a61f1e0 JavaThread "Framework Event Dispatcher: Equinox Container: 776a9841-2778-4975-809e-e40a5b9018bc" daemon [_thread_blocked, id=6444, stack(0x0000000d09500000,0x0000000d09600000) (1024K)]
  0x0000014c7a61fc20 JavaThread "Start Level: Equinox Container: 776a9841-2778-4975-809e-e40a5b9018bc" daemon [_thread_in_Java, id=22140, stack(0x0000000d09600000,0x0000000d09700000) (1024K)]
  0x0000014c7aa69b90 JavaThread "Bundle File Closer"         daemon [_thread_blocked, id=16104, stack(0x0000000d09700000,0x0000000d09800000) (1024K)]
  0x0000014c7a9e0900 JavaThread "SCR Component Actor"        daemon [_thread_blocked, id=18360, stack(0x0000000d08000000,0x0000000d08100000) (1024K)]
  0x0000014c7ab7ffd0 JavaThread "Worker-JM"                         [_thread_blocked, id=18188, stack(0x0000000d08200000,0x0000000d08300000) (1024K)]
  0x0000014c7aab66a0 JavaThread "JNA Cleaner"                daemon [_thread_blocked, id=12200, stack(0x0000000d09a00000,0x0000000d09b00000) (1024K)]
  0x0000014c7aab73c0 JavaThread "Worker-0: Repository registry initialization"        [_thread_blocked, id=2020, stack(0x0000000d09b00000,0x0000000d09c00000) (1024K)]
  0x0000014c7aab52f0 JavaThread "Worker-1: Updating Maven Dependencies"        [_thread_in_vm, id=17524, stack(0x0000000d09c00000,0x0000000d09d00000) (1024K)]
  0x0000014c7aab80e0 JavaThread "Worker-2"                          [_thread_blocked, id=6056, stack(0x0000000d09d00000,0x0000000d09e00000) (1024K)]
Total: 22

Other Threads:
  0x0000014c750ad940 VMThread "VM Thread"                           [id=7848, stack(0x0000000d08600000,0x0000000d08700000) (1024K)]
  0x0000014c5e73e840 WatcherThread "VM Periodic Task Thread"        [id=14360, stack(0x0000000d08500000,0x0000000d08600000) (1024K)]
  0x0000014c5e6f1280 WorkerThread "GC Thread#0"                     [id=15624, stack(0x0000000d08400000,0x0000000d08500000) (1024K)]
  0x0000014c7a4c1640 WorkerThread "GC Thread#1"                     [id=12868, stack(0x0000000d09100000,0x0000000d09200000) (1024K)]
  0x0000014c7a4ba1e0 WorkerThread "GC Thread#2"                     [id=19824, stack(0x0000000d09200000,0x0000000d09300000) (1024K)]
  0x0000014c7a4ba590 WorkerThread "GC Thread#3"                     [id=13300, stack(0x0000000d09300000,0x0000000d09400000) (1024K)]
Total: 6

Threads with active compile tasks:
C2 CompilerThread0  133808 4022   !   4       org.eclipse.osgi.internal.loader.classpath.ClasspathManager::findClassImpl (328 bytes)
Total: 1

VM state: not at safepoint (normal execution)

VM Mutex/Monitor currently owned by a thread: None

Heap address: 0x0000000080000000, size: 2048 MB, Compressed Oops mode: 32-bit

CDS archive(s) mapped at: [0x0000014c00000000-0x0000014c00ba0000-0x0000014c00ba0000), size 12189696, SharedBaseAddress: 0x0000014c00000000, ArchiveRelocationMode: 1.
Compressed class space mapped at: 0x0000014c01000000-0x0000014c41000000, reserved size: 1073741824
Narrow klass base: 0x0000014c00000000, Narrow klass shift: 0, Narrow klass range: 0x100000000

GC Precious Log:
 CardTable entry size: 512
 CPUs: 4 total, 4 available
 Memory: 4005M
 Large Page Support: Disabled
 NUMA Support: Disabled
 Compressed Oops: Enabled (32-bit)
 Alignments: Space 512K, Generation 512K, Heap 2M
 Heap Min Capacity: 100M
 Heap Initial Capacity: 100M
 Heap Max Capacity: 2G
 Pre-touch: Disabled
 Parallel Workers: 4

Heap:
 PSYoungGen      total 29184K, used 19891K [0x00000000d5580000, 0x00000000d7680000, 0x0000000100000000)
  eden space 24576K, 80% used [0x00000000d5580000,0x00000000d68ecd68,0x00000000d6d80000)
  from space 4608K, 0% used [0x00000000d6e00000,0x00000000d6e00000,0x00000000d7280000)
  to   space 4096K, 0% used [0x00000000d7280000,0x00000000d7280000,0x00000000d7680000)
 ParOldGen       total 68608K, used 13424K [0x0000000080000000, 0x0000000084300000, 0x00000000d5580000)
  object space 68608K, 19% used [0x0000000080000000,0x0000000080d1c0c8,0x0000000084300000)
 Metaspace       used 23013K, committed 23936K, reserved 1114112K
  class space    used 2383K, committed 2816K, reserved 1048576K

Card table byte_map: [0x0000014c5e080000,0x0000014c5e490000] _byte_map_base: 0x0000014c5dc80000

Marking Bits: (ParMarkBitMap*) 0x00007fff86d644a0
 Begin Bits: [0x0000014c70b90000, 0x0000014c72b90000)
 End Bits:   [0x0000014c72b90000, 0x0000014c74b90000)

Polling page: 0x0000014c5c750000

Metaspace:

Usage:
  Non-class:     20.15 MB used.
      Class:      2.33 MB used.
       Both:     22.47 MB used.

Virtual space:
  Non-class space:       64.00 MB reserved,      20.62 MB ( 32%) committed,  1 nodes.
      Class space:        1.00 GB reserved,       2.75 MB ( <1%) committed,  1 nodes.
             Both:        1.06 GB reserved,      23.38 MB (  2%) committed. 

Chunk freelists:
   Non-Class:  11.14 MB
       Class:  13.23 MB
        Both:  24.37 MB

MaxMetaspaceSize: unlimited
CompressedClassSpaceSize: 1.00 GB
Initial GC threshold: 21.00 MB
Current GC threshold: 35.00 MB
CDS: on
 - commit_granule_bytes: 65536.
 - commit_granule_words: 8192.
 - virtual_space_node_default_size: 8388608.
 - enlarge_chunks_in_place: 1.
 - use_allocation_guard: 0.


Internal statistics:

num_allocs_failed_limit: 3.
num_arena_births: 702.
num_arena_deaths: 14.
num_vsnodes_births: 2.
num_vsnodes_deaths: 0.
num_space_committed: 374.
num_space_uncommitted: 0.
num_chunks_returned_to_freelist: 17.
num_chunks_taken_from_freelist: 1653.
num_chunk_merges: 5.
num_chunk_splits: 1029.
num_chunks_enlarged: 619.
num_inconsistent_stats: 0.

CodeHeap 'non-profiled nmethods': size=120000Kb used=1874Kb max_used=1874Kb free=118125Kb
 bounds [0x0000014c693b0000, 0x0000014c69620000, 0x0000014c708e0000]
CodeHeap 'profiled nmethods': size=120000Kb used=8520Kb max_used=8520Kb free=111480Kb
 bounds [0x0000014c618e0000, 0x0000014c62140000, 0x0000014c68e10000]
CodeHeap 'non-nmethods': size=5760Kb used=1289Kb max_used=1340Kb free=4471Kb
 bounds [0x0000014c68e10000, 0x0000014c69080000, 0x0000014c693b0000]
CodeCache: size=245760Kb, used=11683Kb, max_used=11734Kb, free=234076Kb
 total_blobs=4622, nmethods=4049, adapters=479, full_count=0
Compilation: enabled, stopped_count=0, restarted_count=0

Compilation events (20 events):
Event: 133.658 Thread 0x0000014c75132e70 4057   !   3       java.lang.String::replace (258 bytes)
Event: 133.662 Thread 0x0000014c75132e70 nmethod 4057 0x0000014c62129c10 code [0x0000014c6212a0e0, 0x0000014c6212c340]
Event: 133.674 Thread 0x0000014c75132e70 4058       3       java.util.regex.Matcher::matches (10 bytes)
Event: 133.674 Thread 0x0000014c75132e70 nmethod 4058 0x0000014c6212d290 code [0x0000014c6212d440, 0x0000014c6212d588]
Event: 133.675 Thread 0x0000014c75132e70 4059       2       java.util.regex.Pattern$BmpCharPropertyGreedy::match (89 bytes)
Event: 133.675 Thread 0x0000014c75132e70 nmethod 4059 0x0000014c6212d610 code [0x0000014c6212d7e0, 0x0000014c6212db50]
Event: 133.680 Thread 0x0000014c75132e70 4060       3       java.util.regex.Pattern$GroupTail::match (111 bytes)
Event: 133.681 Thread 0x0000014c75132e70 nmethod 4060 0x0000014c6212dd10 code [0x0000014c6212dee0, 0x0000014c6212e290]
Event: 133.682 Thread 0x0000014c75132e70 4061       3       java.util.regex.Pattern$CharPropertyGreedy::match (160 bytes)
Event: 133.684 Thread 0x0000014c75132e70 nmethod 4061 0x0000014c6212e490 code [0x0000014c6212e6e0, 0x0000014c6212f060]
Event: 133.685 Thread 0x0000014c75132e70 4062       3       org.lombokweb.asm.FieldWriter::computeFieldInfoSize (86 bytes)
Event: 133.685 Thread 0x0000014c75132e70 nmethod 4062 0x0000014c6212f390 code [0x0000014c6212f580, 0x0000014c6212f860]
Event: 133.686 Thread 0x0000014c75132e70 4063       3       org.lombokweb.asm.Attribute::computeAttributesSize (62 bytes)
Event: 133.687 Thread 0x0000014c75132e70 nmethod 4063 0x0000014c6212f990 code [0x0000014c6212fb60, 0x0000014c6212fe48]
Event: 133.687 Thread 0x0000014c75132e70 4064       3       org.lombokweb.asm.AnnotationWriter::computeAnnotationsSize (66 bytes)
Event: 133.688 Thread 0x0000014c75132e70 nmethod 4064 0x0000014c6212ff90 code [0x0000014c62130180, 0x0000014c62130480]
Event: 133.691 Thread 0x0000014c75132e70 4065       3       org.lombokweb.asm.FieldWriter::putFieldInfo (269 bytes)
Event: 133.693 Thread 0x0000014c75132e70 nmethod 4065 0x0000014c62130610 code [0x0000014c621308c0, 0x0000014c621311f0]
Event: 133.693 Thread 0x0000014c75132e70 4066       3       org.lombokweb.asm.Attribute::putAttributes (78 bytes)
Event: 133.694 Thread 0x0000014c75132e70 nmethod 4066 0x0000014c62131590 code [0x0000014c62131800, 0x0000014c62131d28]

GC Heap History (16 events):
Event: 8.556 GC heap before
{Heap before GC invocations=1 (full 0):
 PSYoungGen      total 29696K, used 25600K [0x00000000d5580000, 0x00000000d7680000, 0x0000000100000000)
  eden space 25600K, 100% used [0x00000000d5580000,0x00000000d6e80000,0x00000000d6e80000)
  from space 4096K, 0% used [0x00000000d7280000,0x00000000d7280000,0x00000000d7680000)
  to   space 4096K, 0% used [0x00000000d6e80000,0x00000000d6e80000,0x00000000d7280000)
 ParOldGen       total 68608K, used 0K [0x0000000080000000, 0x0000000084300000, 0x00000000d5580000)
  object space 68608K, 0% used [0x0000000080000000,0x0000000080000000,0x0000000084300000)
 Metaspace       used 4386K, committed 4608K, reserved 1114112K
  class space    used 477K, committed 576K, reserved 1048576K
}
Event: 8.718 GC heap after
{Heap after GC invocations=1 (full 0):
 PSYoungGen      total 29696K, used 3280K [0x00000000d5580000, 0x00000000d7680000, 0x0000000100000000)
  eden space 25600K, 0% used [0x00000000d5580000,0x00000000d5580000,0x00000000d6e80000)
  from space 4096K, 80% used [0x00000000d6e80000,0x00000000d71b4148,0x00000000d7280000)
  to   space 4096K, 0% used [0x00000000d7280000,0x00000000d7280000,0x00000000d7680000)
 ParOldGen       total 68608K, used 0K [0x0000000080000000, 0x0000000084300000, 0x00000000d5580000)
  object space 68608K, 0% used [0x0000000080000000,0x0000000080000000,0x0000000084300000)
 Metaspace       used 4386K, committed 4608K, reserved 1114112K
  class space    used 477K, committed 576K, reserved 1048576K
}
Event: 24.165 GC heap before
{Heap before GC invocations=2 (full 0):
 PSYoungGen      total 29696K, used 28880K [0x00000000d5580000, 0x00000000d7680000, 0x0000000100000000)
  eden space 25600K, 100% used [0x00000000d5580000,0x00000000d6e80000,0x00000000d6e80000)
  from space 4096K, 80% used [0x00000000d6e80000,0x00000000d71b4148,0x00000000d7280000)
  to   space 4096K, 0% used [0x00000000d7280000,0x00000000d7280000,0x00000000d7680000)
 ParOldGen       total 68608K, used 0K [0x0000000080000000, 0x0000000084300000, 0x00000000d5580000)
  object space 68608K, 0% used [0x0000000080000000,0x0000000080000000,0x0000000084300000)
 Metaspace       used 8054K, committed 8384K, reserved 1114112K
  class space    used 832K, committed 960K, reserved 1048576K
}
Event: 24.176 GC heap after
{Heap after GC invocations=2 (full 0):
 PSYoungGen      total 29696K, used 4070K [0x00000000d5580000, 0x00000000d7680000, 0x0000000100000000)
  eden space 25600K, 0% used [0x00000000d5580000,0x00000000d5580000,0x00000000d6e80000)
  from space 4096K, 99% used [0x00000000d7280000,0x00000000d7679800,0x00000000d7680000)
  to   space 4096K, 0% used [0x00000000d6e80000,0x00000000d6e80000,0x00000000d7280000)
 ParOldGen       total 68608K, used 2021K [0x0000000080000000, 0x0000000084300000, 0x00000000d5580000)
  object space 68608K, 2% used [0x0000000080000000,0x00000000801f96b8,0x0000000084300000)
 Metaspace       used 8054K, committed 8384K, reserved 1114112K
  class space    used 832K, committed 960K, reserved 1048576K
}
Event: 49.942 GC heap before
{Heap before GC invocations=3 (full 0):
 PSYoungGen      total 29696K, used 29670K [0x00000000d5580000, 0x00000000d7680000, 0x0000000100000000)
  eden space 25600K, 100% used [0x00000000d5580000,0x00000000d6e80000,0x00000000d6e80000)
  from space 4096K, 99% used [0x00000000d7280000,0x00000000d7679800,0x00000000d7680000)
  to   space 4096K, 0% used [0x00000000d6e80000,0x00000000d6e80000,0x00000000d7280000)
 ParOldGen       total 68608K, used 2021K [0x0000000080000000, 0x0000000084300000, 0x00000000d5580000)
  object space 68608K, 2% used [0x0000000080000000,0x00000000801f96b8,0x0000000084300000)
 Metaspace       used 9748K, committed 10048K, reserved 1114112K
  class space    used 1024K, committed 1152K, reserved 1048576K
}
Event: 49.955 GC heap after
{Heap after GC invocations=3 (full 0):
 PSYoungGen      total 29696K, used 4067K [0x00000000d5580000, 0x00000000d7680000, 0x0000000100000000)
  eden space 25600K, 0% used [0x00000000d5580000,0x00000000d5580000,0x00000000d6e80000)
  from space 4096K, 99% used [0x00000000d6e80000,0x00000000d7278e50,0x00000000d7280000)
  to   space 4096K, 0% used [0x00000000d7280000,0x00000000d7280000,0x00000000d7680000)
 ParOldGen       total 68608K, used 4549K [0x0000000080000000, 0x0000000084300000, 0x00000000d5580000)
  object space 68608K, 6% used [0x0000000080000000,0x00000000804716d8,0x0000000084300000)
 Metaspace       used 9748K, committed 10048K, reserved 1114112K
  class space    used 1024K, committed 1152K, reserved 1048576K
}
Event: 115.047 GC heap before
{Heap before GC invocations=4 (full 0):
 PSYoungGen      total 29696K, used 29667K [0x00000000d5580000, 0x00000000d7680000, 0x0000000100000000)
  eden space 25600K, 100% used [0x00000000d5580000,0x00000000d6e80000,0x00000000d6e80000)
  from space 4096K, 99% used [0x00000000d6e80000,0x00000000d7278e50,0x00000000d7280000)
  to   space 4096K, 0% used [0x00000000d7280000,0x00000000d7280000,0x00000000d7680000)
 ParOldGen       total 68608K, used 4549K [0x0000000080000000, 0x0000000084300000, 0x00000000d5580000)
  object space 68608K, 6% used [0x0000000080000000,0x00000000804716d8,0x0000000084300000)
 Metaspace       used 11239K, committed 11584K, reserved 1114112K
  class space    used 1159K, committed 1344K, reserved 1048576K
}
Event: 115.069 GC heap after
{Heap after GC invocations=4 (full 0):
 PSYoungGen      total 29696K, used 4073K [0x00000000d5580000, 0x00000000d7680000, 0x0000000100000000)
  eden space 25600K, 0% used [0x00000000d5580000,0x00000000d5580000,0x00000000d6e80000)
  from space 4096K, 99% used [0x00000000d7280000,0x00000000d767a6e0,0x00000000d7680000)
  to   space 4096K, 0% used [0x00000000d6e80000,0x00000000d6e80000,0x00000000d7280000)
 ParOldGen       total 68608K, used 7096K [0x0000000080000000, 0x0000000084300000, 0x00000000d5580000)
  object space 68608K, 10% used [0x0000000080000000,0x00000000806ee280,0x0000000084300000)
 Metaspace       used 11239K, committed 11584K, reserved 1114112K
  class space    used 1159K, committed 1344K, reserved 1048576K
}
Event: 126.696 GC heap before
{Heap before GC invocations=5 (full 0):
 PSYoungGen      total 29696K, used 29673K [0x00000000d5580000, 0x00000000d7680000, 0x0000000100000000)
  eden space 25600K, 100% used [0x00000000d5580000,0x00000000d6e80000,0x00000000d6e80000)
  from space 4096K, 99% used [0x00000000d7280000,0x00000000d767a6e0,0x00000000d7680000)
  to   space 4096K, 0% used [0x00000000d6e80000,0x00000000d6e80000,0x00000000d7280000)
 ParOldGen       total 68608K, used 7096K [0x0000000080000000, 0x0000000084300000, 0x00000000d5580000)
  object space 68608K, 10% used [0x0000000080000000,0x00000000806ee280,0x0000000084300000)
 Metaspace       used 15199K, committed 15744K, reserved 1114112K
  class space    used 1554K, committed 1792K, reserved 1048576K
}
Event: 126.707 GC heap after
{Heap after GC invocations=5 (full 0):
 PSYoungGen      total 29184K, used 4073K [0x00000000d5580000, 0x00000000d7a00000, 0x0000000100000000)
  eden space 25088K, 0% used [0x00000000d5580000,0x00000000d5580000,0x00000000d6e00000)
  from space 4096K, 99% used [0x00000000d6e80000,0x00000000d727a4b8,0x00000000d7280000)
  to   space 6144K, 0% used [0x00000000d7400000,0x00000000d7400000,0x00000000d7a00000)
 ParOldGen       total 68608K, used 8267K [0x0000000080000000, 0x0000000084300000, 0x00000000d5580000)
  object space 68608K, 12% used [0x0000000080000000,0x0000000080812cf0,0x0000000084300000)
 Metaspace       used 15199K, committed 15744K, reserved 1114112K
  class space    used 1554K, committed 1792K, reserved 1048576K
}
Event: 130.124 GC heap before
{Heap before GC invocations=6 (full 0):
 PSYoungGen      total 29184K, used 29161K [0x00000000d5580000, 0x00000000d7a00000, 0x0000000100000000)
  eden space 25088K, 100% used [0x00000000d5580000,0x00000000d6e00000,0x00000000d6e00000)
  from space 4096K, 99% used [0x00000000d6e80000,0x00000000d727a4b8,0x00000000d7280000)
  to   space 6144K, 0% used [0x00000000d7400000,0x00000000d7400000,0x00000000d7a00000)
 ParOldGen       total 68608K, used 8267K [0x0000000080000000, 0x0000000084300000, 0x00000000d5580000)
  object space 68608K, 12% used [0x0000000080000000,0x0000000080812cf0,0x0000000084300000)
 Metaspace       used 18834K, committed 19584K, reserved 1114112K
  class space    used 1952K, committed 2304K, reserved 1048576K
}
Event: 130.139 GC heap after
{Heap after GC invocations=6 (full 0):
 PSYoungGen      total 29696K, used 4967K [0x00000000d5580000, 0x00000000d7900000, 0x0000000100000000)
  eden space 24576K, 0% used [0x00000000d5580000,0x00000000d5580000,0x00000000d6d80000)
  from space 5120K, 97% used [0x00000000d7400000,0x00000000d78d9c58,0x00000000d7900000)
  to   space 5632K, 0% used [0x00000000d6e00000,0x00000000d6e00000,0x00000000d7380000)
 ParOldGen       total 68608K, used 8275K [0x0000000080000000, 0x0000000084300000, 0x00000000d5580000)
  object space 68608K, 12% used [0x0000000080000000,0x0000000080814cf0,0x0000000084300000)
 Metaspace       used 18834K, committed 19584K, reserved 1114112K
  class space    used 1952K, committed 2304K, reserved 1048576K
}
Event: 131.280 GC heap before
{Heap before GC invocations=7 (full 0):
 PSYoungGen      total 29696K, used 26113K [0x00000000d5580000, 0x00000000d7900000, 0x0000000100000000)
  eden space 24576K, 86% used [0x00000000d5580000,0x00000000d6a267e8,0x00000000d6d80000)
  from space 5120K, 97% used [0x00000000d7400000,0x00000000d78d9c58,0x00000000d7900000)
  to   space 5632K, 0% used [0x00000000d6e00000,0x00000000d6e00000,0x00000000d7380000)
 ParOldGen       total 68608K, used 8275K [0x0000000080000000, 0x0000000084300000, 0x00000000d5580000)
  object space 68608K, 12% used [0x0000000080000000,0x0000000080814cf0,0x0000000084300000)
 Metaspace       used 20715K, committed 21504K, reserved 1114112K
  class space    used 2169K, committed 2496K, reserved 1048576K
}
Event: 131.312 GC heap after
{Heap after GC invocations=7 (full 0):
 PSYoungGen      total 29184K, used 4189K [0x00000000d5580000, 0x00000000d7680000, 0x0000000100000000)
  eden space 24576K, 0% used [0x00000000d5580000,0x00000000d5580000,0x00000000d6d80000)
  from space 4608K, 90% used [0x00000000d6e00000,0x00000000d7217410,0x00000000d7280000)
  to   space 4096K, 0% used [0x00000000d7280000,0x00000000d7280000,0x00000000d7680000)
 ParOldGen       total 68608K, used 9815K [0x0000000080000000, 0x0000000084300000, 0x00000000d5580000)
  object space 68608K, 14% used [0x0000000080000000,0x0000000080995da8,0x0000000084300000)
 Metaspace       used 20715K, committed 21504K, reserved 1114112K
  class space    used 2169K, committed 2496K, reserved 1048576K
}
Event: 131.312 GC heap before
{Heap before GC invocations=8 (full 1):
 PSYoungGen      total 29184K, used 4189K [0x00000000d5580000, 0x00000000d7680000, 0x0000000100000000)
  eden space 24576K, 0% used [0x00000000d5580000,0x00000000d5580000,0x00000000d6d80000)
  from space 4608K, 90% used [0x00000000d6e00000,0x00000000d7217410,0x00000000d7280000)
  to   space 4096K, 0% used [0x00000000d7280000,0x00000000d7280000,0x00000000d7680000)
 ParOldGen       total 68608K, used 9815K [0x0000000080000000, 0x0000000084300000, 0x00000000d5580000)
  object space 68608K, 14% used [0x0000000080000000,0x0000000080995da8,0x0000000084300000)
 Metaspace       used 20715K, committed 21504K, reserved 1114112K
  class space    used 2169K, committed 2496K, reserved 1048576K
}
Event: 131.418 GC heap after
{Heap after GC invocations=8 (full 1):
 PSYoungGen      total 29184K, used 0K [0x00000000d5580000, 0x00000000d7680000, 0x0000000100000000)
  eden space 24576K, 0% used [0x00000000d5580000,0x00000000d5580000,0x00000000d6d80000)
  from space 4608K, 0% used [0x00000000d6e00000,0x00000000d6e00000,0x00000000d7280000)
  to   space 4096K, 0% used [0x00000000d7280000,0x00000000d7280000,0x00000000d7680000)
 ParOldGen       total 68608K, used 13424K [0x0000000080000000, 0x0000000084300000, 0x00000000d5580000)
  object space 68608K, 19% used [0x0000000080000000,0x0000000080d1c0c8,0x0000000084300000)
 Metaspace       used 20702K, committed 21504K, reserved 1114112K
  class space    used 2166K, committed 2496K, reserved 1048576K
}

Dll operation events (20 events):
Event: 0.243 Attempting to load shared library c:\Users\welcome\.vscode\extensions\redhat.java-1.56.0-win32-x64\jre\21.0.12.1-win32-x86_64\bin\java.dll
Event: 0.243 Loaded shared library c:\Users\welcome\.vscode\extensions\redhat.java-1.56.0-win32-x64\jre\21.0.12.1-win32-x86_64\bin\java.dll
Event: 0.961 Attempting to load shared library c:\Users\welcome\.vscode\extensions\redhat.java-1.56.0-win32-x64\jre\21.0.12.1-win32-x86_64\bin\zip.dll
Event: 0.961 Loaded shared library c:\Users\welcome\.vscode\extensions\redhat.java-1.56.0-win32-x64\jre\21.0.12.1-win32-x86_64\bin\zip.dll
Event: 1.081 Attempting to load shared library C:\Users\welcome\.vscode\extensions\redhat.java-1.56.0-win32-x64\jre\21.0.12.1-win32-x86_64\bin\instrument.dll
Event: 1.081 Loaded shared library C:\Users\welcome\.vscode\extensions\redhat.java-1.56.0-win32-x64\jre\21.0.12.1-win32-x86_64\bin\instrument.dll
Event: 1.177 Attempting to load shared library C:\Users\welcome\.vscode\extensions\redhat.java-1.56.0-win32-x64\jre\21.0.12.1-win32-x86_64\bin\net.dll
Event: 1.180 Loaded shared library C:\Users\welcome\.vscode\extensions\redhat.java-1.56.0-win32-x64\jre\21.0.12.1-win32-x86_64\bin\net.dll
Event: 1.184 Attempting to load shared library C:\Users\welcome\.vscode\extensions\redhat.java-1.56.0-win32-x64\jre\21.0.12.1-win32-x86_64\bin\nio.dll
Event: 1.185 Loaded shared library C:\Users\welcome\.vscode\extensions\redhat.java-1.56.0-win32-x64\jre\21.0.12.1-win32-x86_64\bin\nio.dll
Event: 1.195 Attempting to load shared library C:\Users\welcome\.vscode\extensions\redhat.java-1.56.0-win32-x64\jre\21.0.12.1-win32-x86_64\bin\zip.dll
Event: 1.195 Loaded shared library C:\Users\welcome\.vscode\extensions\redhat.java-1.56.0-win32-x64\jre\21.0.12.1-win32-x86_64\bin\zip.dll
Event: 1.575 Attempting to load shared library C:\Users\welcome\.vscode\extensions\redhat.java-1.56.0-win32-x64\jre\21.0.12.1-win32-x86_64\bin\jimage.dll
Event: 1.575 Loaded shared library C:\Users\welcome\.vscode\extensions\redhat.java-1.56.0-win32-x64\jre\21.0.12.1-win32-x86_64\bin\jimage.dll
Event: 2.701 Attempting to load shared library c:\Users\welcome\.vscode\extensions\redhat.java-1.56.0-win32-x64\jre\21.0.12.1-win32-x86_64\bin\verify.dll
Event: 2.704 Loaded shared library c:\Users\welcome\.vscode\extensions\redhat.java-1.56.0-win32-x64\jre\21.0.12.1-win32-x86_64\bin\verify.dll
Event: 36.062 Attempting to load shared library C:\Users\welcome\AppData\Roaming\Code\User\globalStorage\redhat.java\1.56.0\config_win\org.eclipse.equinox.launcher\org.eclipse.equinox.launcher.win32.win32.x86_64_1.3.100.v20260804-1928\eclipse_11924.dll
Event: 36.989 Loaded shared library C:\Users\welcome\AppData\Roaming\Code\User\globalStorage\redhat.java\1.56.0\config_win\org.eclipse.equinox.launcher\org.eclipse.equinox.launcher.win32.win32.x86_64_1.3.100.v20260804-1928\eclipse_11924.dll
Event: 127.793 Attempting to load shared library C:\Users\welcome\AppData\Local\Temp\jna-1233099618\jna7438242253450840163.dll
Event: 128.025 Loaded shared library C:\Users\welcome\AppData\Local\Temp\jna-1233099618\jna7438242253450840163.dll

Deoptimization events (20 events):
Event: 131.017 Thread 0x0000014c7a61fc20 DEOPT PACKING pc=0x0000014c693d7ea4 sp=0x0000000d096f2f60
Event: 131.017 Thread 0x0000014c7a61fc20 DEOPT UNPACKING pc=0x0000014c68e63aa2 sp=0x0000000d096f2ef0 mode 2
Event: 131.018 Thread 0x0000014c7a61fc20 Uncommon trap: trap_request=0xffffff45 fr.pc=0x0000014c6948726c relative=0x000000000000004c
Event: 131.018 Thread 0x0000014c7a61fc20 Uncommon trap: reason=unstable_if action=reinterpret pc=0x0000014c6948726c method=java.lang.StringLatin1.canEncode(C)Z @ 4 c2
Event: 131.018 Thread 0x0000014c7a61fc20 DEOPT PACKING pc=0x0000014c6948726c sp=0x0000000d096f2ef0
Event: 131.018 Thread 0x0000014c7a61fc20 DEOPT UNPACKING pc=0x0000014c68e63aa2 sp=0x0000000d096f2e78 mode 2
Event: 132.873 Thread 0x0000014c7a61fc20 Uncommon trap: trap_request=0xffffff45 fr.pc=0x0000014c69520bd0 relative=0x0000000000000b90
Event: 132.873 Thread 0x0000014c7a61fc20 Uncommon trap: reason=unstable_if action=reinterpret pc=0x0000014c69520bd0 method=jdk.internal.org.objectweb.asm.Frame.execute(IILjdk/internal/org/objectweb/asm/Symbol;Ljdk/internal/org/objectweb/asm/SymbolTable;)V @ 1 c2
Event: 132.873 Thread 0x0000014c7a61fc20 DEOPT PACKING pc=0x0000014c69520bd0 sp=0x0000000d096f8040
Event: 132.873 Thread 0x0000014c7a61fc20 DEOPT UNPACKING pc=0x0000014c68e63aa2 sp=0x0000000d096f7fc8 mode 2
Event: 133.222 Thread 0x0000014c7a61fc20 DEOPT PACKING pc=0x0000014c61deea5c sp=0x0000000d096f7f90
Event: 133.222 Thread 0x0000014c7a61fc20 DEOPT UNPACKING pc=0x0000014c68e64242 sp=0x0000000d096f7528 mode 0
Event: 133.251 Thread 0x0000014c7aab52f0 Uncommon trap: trap_request=0xffffff76 fr.pc=0x0000014c69561c88 relative=0x00000000000003a8
Event: 133.251 Thread 0x0000014c7aab52f0 Uncommon trap: reason=predicate action=maybe_recompile pc=0x0000014c69561c88 method=java.util.regex.Pattern$BmpCharPropertyGreedy.match(Ljava/util/regex/Matcher;ILjava/lang/CharSequence;)Z @ 12 c2
Event: 133.251 Thread 0x0000014c7aab52f0 DEOPT PACKING pc=0x0000014c69561c88 sp=0x0000000d09cfe750
Event: 133.251 Thread 0x0000014c7aab52f0 DEOPT UNPACKING pc=0x0000014c68e63aa2 sp=0x0000000d09cfe708 mode 2
Event: 133.325 Thread 0x0000014c7aab73c0 Uncommon trap: trap_request=0xffffff45 fr.pc=0x0000014c6941a4ac relative=0x000000000000010c
Event: 133.325 Thread 0x0000014c7aab73c0 Uncommon trap: reason=unstable_if action=reinterpret pc=0x0000014c6941a4ac method=jdk.internal.org.objectweb.asm.ByteVector.putShort(I)Ljdk/internal/org/objectweb/asm/ByteVector; @ 13 c2
Event: 133.325 Thread 0x0000014c7aab73c0 DEOPT PACKING pc=0x0000014c6941a4ac sp=0x0000000d09bfd230
Event: 133.325 Thread 0x0000014c7aab73c0 DEOPT UNPACKING pc=0x0000014c68e63aa2 sp=0x0000000d09bfd1c8 mode 2

Classes loaded (20 events):
Event: 133.084 Loading class java/net/ProtocolException done
Event: 133.085 Loading class java/lang/invoke/MethodHandleImpl$Makers done
Event: 133.085 Loading class java/lang/invoke/MethodHandleImpl$Makers$1
Event: 133.085 Loading class java/lang/invoke/MethodHandleImpl$Makers$1 done
Event: 133.085 Loading class java/lang/invoke/MethodHandleImpl$Makers$2
Event: 133.085 Loading class java/lang/invoke/MethodHandleImpl$Makers$2 done
Event: 133.085 Loading class java/lang/invoke/MethodHandleImpl$Makers$3
Event: 133.085 Loading class java/lang/invoke/MethodHandleImpl$Makers$3 done
Event: 133.097 Loading class java/lang/runtime/ObjectMethods$1
Event: 133.097 Loading class java/lang/runtime/ObjectMethods$1 done
Event: 133.232 Loading class java/lang/ThreadLocal$SuppliedThreadLocal
Event: 133.233 Loading class java/lang/ThreadLocal$SuppliedThreadLocal done
Event: 133.249 Loading class java/lang/NegativeArraySizeException
Event: 133.250 Loading class java/lang/NegativeArraySizeException done
Event: 133.250 Loading class java/io/FileReader
Event: 133.250 Loading class java/io/FileReader done
Event: 133.252 Loading class java/io/FileWriter
Event: 133.252 Loading class java/io/FileWriter done
Event: 133.323 Loading class java/lang/invoke/MethodHandleImpl$CountingWrapper
Event: 133.323 Loading class java/lang/invoke/MethodHandleImpl$CountingWrapper done

Classes unloaded (7 events):
Event: 131.331 Thread 0x0000014c750ad940 Unloading class 0x0000014c011a4800 'java/lang/invoke/LambdaForm$MH+0x0000014c011a4800'
Event: 131.331 Thread 0x0000014c750ad940 Unloading class 0x0000014c011a4400 'java/lang/invoke/LambdaForm$MH+0x0000014c011a4400'
Event: 131.331 Thread 0x0000014c750ad940 Unloading class 0x0000014c011a4000 'java/lang/invoke/LambdaForm$MH+0x0000014c011a4000'
Event: 131.331 Thread 0x0000014c750ad940 Unloading class 0x0000014c011a3c00 'java/lang/invoke/LambdaForm$MH+0x0000014c011a3c00'
Event: 131.331 Thread 0x0000014c750ad940 Unloading class 0x0000014c011a3800 'java/lang/invoke/LambdaForm$BMH+0x0000014c011a3800'
Event: 131.331 Thread 0x0000014c750ad940 Unloading class 0x0000014c011a3400 'java/lang/invoke/LambdaForm$DMH+0x0000014c011a3400'
Event: 131.331 Thread 0x0000014c750ad940 Unloading class 0x0000014c011a2000 'java/lang/invoke/LambdaForm$DMH+0x0000014c011a2000'

Classes redefined (0 events):
No events

Internal exceptions (20 events):
Event: 129.888 Thread 0x0000014c7a61fc20 Exception <a 'java/lang/NoSuchMethodError'{0x00000000d6c2e7b0}: 'java.lang.Object java.lang.invoke.DirectMethodHandle$Holder.invokeInterface(java.lang.Object, java.lang.Object, java.lang.Object)'> (0x00000000d6c2e7b0) 
thrown [s\src\hotspot\share\interpreter\linkResolver.cpp, line 773]
Event: 130.307 Thread 0x0000014c7a61fc20 Exception <a 'java/lang/NoSuchMethodError'{0x00000000d5909300}: 'java.lang.Object java.lang.invoke.Invokers$Holder.linkToTargetMethod(java.lang.Object, long, java.lang.Object, java.lang.Object)'> (0x00000000d5909300) 
thrown [s\src\hotspot\share\interpreter\linkResolver.cpp, line 773]
Event: 130.827 Thread 0x0000014c7a61fc20 Exception <a 'java/io/FileNotFoundException'{0x00000000d60f8668}> (0x00000000d60f8668) 
thrown [s\src\hotspot\share\prims\jni.cpp, line 520]
Event: 130.829 Thread 0x0000014c7a61fc20 Exception <a 'java/lang/NoSuchMethodError'{0x00000000d6100c28}: 'java.lang.Object java.lang.invoke.DirectMethodHandle$Holder.newInvokeSpecial(java.lang.Object, int, java.lang.Object, java.lang.Object)'> (0x00000000d6100c28) 
thrown [s\src\hotspot\share\interpreter\linkResolver.cpp, line 773]
Event: 131.274 Thread 0x0000014c7a61fc20 Exception <a 'java/lang/NoSuchMethodError'{0x00000000d69efdd0}: 'long java.lang.invoke.Invokers$Holder.invokeExact_MT(java.lang.Object, java.lang.Object)'> (0x00000000d69efdd0) 
thrown [s\src\hotspot\share\interpreter\linkResolver.cpp, line 773]
Event: 132.872 Thread 0x0000014c7a61fc20 Exception <a 'java/lang/NoSuchMethodError'{0x00000000d5c44220}: 'double java.lang.invoke.DirectMethodHandle$Holder.invokeStatic(java.lang.Object, java.lang.Object)'> (0x00000000d5c44220) 
thrown [s\src\hotspot\share\interpreter\linkResolver.cpp, line 773]
Event: 132.873 Thread 0x0000014c7a61fc20 Exception <a 'java/lang/NoSuchMethodError'{0x00000000d5c478b0}: 'double java.lang.invoke.DirectMethodHandle$Holder.invokeStaticInit(java.lang.Object, java.lang.Object)'> (0x00000000d5c478b0) 
thrown [s\src\hotspot\share\interpreter\linkResolver.cpp, line 773]
Event: 133.082 Thread 0x0000014c7aab52f0 Exception <a 'java/lang/NoSuchMethodError'{0x00000000d602e3e0}: 'java.lang.Object java.lang.invoke.DirectMethodHandle$Holder.invokeStaticInit(java.lang.Object, java.lang.Object, java.lang.Object, java.lang.Object, java.lang.Object, java.lang.Object, java.lang.Object)'> (0x00000000d602e3e0) 
thrown [s\src\hotspot\share\interpreter\linkResolver.cpp, line 773]
Event: 133.083 Thread 0x0000014c7aab52f0 Exception <a 'java/lang/NoSuchMethodError'{0x00000000d6032bb8}: 'java.lang.Object java.lang.invoke.Invokers$Holder.invoke_MT(java.lang.Object, java.lang.Object, java.lang.Object, java.lang.Object, java.lang.Object, java.lang.Object, java.lang.Object, java.lang.Object, java.lang.Object)'> (0x00000000d6032bb8) 
thrown [s\src\hotspot\share\interpreter\linkResolver.cpp, line 773]
Event: 133.098 Thread 0x0000014c7aab52f0 Exception <a 'java/lang/NoSuchMethodError'{0x00000000d60e4148}: 'int java.lang.invoke.DirectMethodHandle$Holder.invokeVirtual(java.lang.Object, java.lang.Object, java.lang.Object)'> (0x00000000d60e4148) 
thrown [s\src\hotspot\share\interpreter\linkResolver.cpp, line 773]
Event: 133.176 Thread 0x0000014c7aab52f0 Exception <a 'java/lang/NoSuchMethodError'{0x00000000d60e80c0}: 'int java.lang.invoke.DirectMethodHandle$Holder.invokeStaticInit(java.lang.Object, int, int)'> (0x00000000d60e80c0) 
thrown [s\src\hotspot\share\interpreter\linkResolver.cpp, line 773]
Event: 133.178 Thread 0x0000014c7aab52f0 Exception <a 'java/lang/NoSuchMethodError'{0x00000000d613d3b0}: 'int java.lang.invoke.DirectMethodHandle$Holder.invokeStaticInit(java.lang.Object, long, long)'> (0x00000000d613d3b0) 
thrown [s\src\hotspot\share\interpreter\linkResolver.cpp, line 773]
Event: 133.183 Thread 0x0000014c7aab52f0 Exception <a 'java/lang/NoSuchMethodError'{0x00000000d61441e0}: 'int java.lang.invoke.DirectMethodHandle$Holder.invokeStaticInit(java.lang.Object, float, float)'> (0x00000000d61441e0) 
thrown [s\src\hotspot\share\interpreter\linkResolver.cpp, line 773]
Event: 133.185 Thread 0x0000014c7aab52f0 Exception <a 'java/lang/NoSuchMethodError'{0x00000000d614ab70}: 'int java.lang.invoke.DirectMethodHandle$Holder.invokeStaticInit(java.lang.Object, double, double)'> (0x00000000d614ab70) 
thrown [s\src\hotspot\share\interpreter\linkResolver.cpp, line 773]
Event: 133.186 Thread 0x0000014c7aab52f0 Exception <a 'java/lang/NoSuchMethodError'{0x00000000d614f1b8}: 'int java.lang.invoke.DirectMethodHandle$Holder.invokeStatic(java.lang.Object, long)'> (0x00000000d614f1b8) 
thrown [s\src\hotspot\share\interpreter\linkResolver.cpp, line 773]
Event: 133.196 Thread 0x0000014c7aab52f0 Exception <a 'java/lang/NoSuchMethodError'{0x00000000d61dade8}: 'int java.lang.invoke.Invokers$Holder.linkToTargetMethod(java.lang.Object, java.lang.Object)'> (0x00000000d61dade8) 
thrown [s\src\hotspot\share\interpreter\linkResolver.cpp, line 773]
Event: 133.312 Thread 0x0000014c7aab73c0 Exception <a 'java/lang/NoSuchMethodError'{0x00000000d640dcd0}: 'int java.lang.invoke.DirectMethodHandle$Holder.invokeSpecial(java.lang.Object, java.lang.Object, java.lang.Object, java.lang.Object)'> (0x00000000d640dcd0) 
thrown [s\src\hotspot\share\interpreter\linkResolver.cpp, line 773]
Event: 133.322 Thread 0x0000014c7aab73c0 Exception <a 'java/lang/NoSuchMethodError'{0x00000000d641b3e8}: 'java.lang.Object java.lang.invoke.DirectMethodHandle$Holder.invokeStatic(java.lang.Object, int, java.lang.Object, java.lang.Object)'> (0x00000000d641b3e8) 
thrown [s\src\hotspot\share\interpreter\linkResolver.cpp, line 773]
Event: 133.322 Thread 0x0000014c7aab73c0 Exception <a 'java/lang/NoSuchMethodError'{0x00000000d641ee98}: 'java.lang.Object java.lang.invoke.DelegatingMethodHandle$Holder.delegate(java.lang.Object, int, java.lang.Object, java.lang.Object)'> (0x00000000d641ee98) 
thrown [s\src\hotspot\share\interpreter\linkResolver.cpp, line 773]
Event: 133.326 Thread 0x0000014c7aab73c0 Exception <a 'java/lang/NoSuchMethodError'{0x00000000d64326f0}: 'int java.lang.invoke.Invokers$Holder.linkToTargetMethod(java.lang.Object, java.lang.Object, java.lang.Object)'> (0x00000000d64326f0) 
thrown [s\src\hotspot\share\interpreter\linkResolver.cpp, line 773]

ZGC Phase Switch (0 events):
No events

VM Operations (20 events):
Event: 129.368 Executing non-safepoint VM operation: HandshakeAllThreads (Deoptimize)
Event: 129.368 Executing non-safepoint VM operation: HandshakeAllThreads (Deoptimize) done
Event: 129.368 Executing safepoint VM operation: Cleanup
Event: 129.368 Executing safepoint VM operation: Cleanup done
Event: 129.638 Executing non-safepoint VM operation: HandshakeAllThreads (Deoptimize)
Event: 129.638 Executing non-safepoint VM operation: HandshakeAllThreads (Deoptimize) done
Event: 129.659 Executing non-safepoint VM operation: HandshakeAllThreads (Deoptimize)
Event: 129.659 Executing non-safepoint VM operation: HandshakeAllThreads (Deoptimize) done
Event: 129.740 Executing non-safepoint VM operation: HandshakeAllThreads (Deoptimize)
Event: 129.740 Executing non-safepoint VM operation: HandshakeAllThreads (Deoptimize) done
Event: 130.123 Executing safepoint VM operation: ParallelGCFailedAllocation (Allocation Failure)
Event: 130.139 Executing safepoint VM operation: ParallelGCFailedAllocation (Allocation Failure) done
Event: 131.136 Executing non-safepoint VM operation: HandshakeAllThreads (Deoptimize)
Event: 131.136 Executing non-safepoint VM operation: HandshakeAllThreads (Deoptimize) done
Event: 131.279 Executing safepoint VM operation: CollectForMetadataAllocation (Metadata GC Threshold)
Event: 131.418 Executing safepoint VM operation: CollectForMetadataAllocation (Metadata GC Threshold) done
Event: 132.439 Executing safepoint VM operation: Cleanup
Event: 132.740 Executing safepoint VM operation: Cleanup done
Event: 133.222 Executing non-safepoint VM operation: HandshakeAllThreads (Deoptimize)
Event: 133.222 Executing non-safepoint VM operation: HandshakeAllThreads (Deoptimize) done

Memory protections (0 events):
No events

Nmethod flushes (0 events):
No events

Events (20 events):
Event: 0.436 Thread 0x0000014c5e6d3c20 Thread added: 0x0000014c750b7250
Event: 0.440 Thread 0x0000014c5e6d3c20 Thread added: 0x0000014c750b8d40
Event: 0.440 Thread 0x0000014c5e6d3c20 Thread added: 0x0000014c750b9c60
Event: 0.440 Thread 0x0000014c5e6d3c20 Thread added: 0x0000014c750bd940
Event: 0.441 Thread 0x0000014c5e6d3c20 Thread added: 0x0000014c750be3a0
Event: 0.441 Thread 0x0000014c5e6d3c20 Thread added: 0x0000014c750bf130
Event: 0.546 Thread 0x0000014c5e6d3c20 Thread added: 0x0000014c75132e70
Event: 1.085 Thread 0x0000014c5e6d3c20 Thread added: 0x0000014c7a10a700
Event: 4.062 Thread 0x0000014c5e6d3c20 Thread added: 0x0000014c7a263420
Event: 12.561 Thread 0x0000014c5e6d3c20 Thread added: 0x0000014c7a239330
Event: 36.056 Thread 0x0000014c5e6d3c20 Thread added: 0x0000014c7a5a7950
Event: 37.214 Thread 0x0000014c7a5a7950 Thread added: 0x0000014c7a61f1e0
Event: 37.256 Thread 0x0000014c5e6d3c20 Thread added: 0x0000014c7a61fc20
Event: 51.696 Thread 0x0000014c7a61fc20 Thread added: 0x0000014c7aa69b90
Event: 110.564 Thread 0x0000014c7a61fc20 Thread added: 0x0000014c7a9e0900
Event: 121.411 Thread 0x0000014c7a61fc20 Thread added: 0x0000014c7ab7ffd0
Event: 128.198 Thread 0x0000014c7a61fc20 Thread added: 0x0000014c7aab66a0
Event: 128.783 Thread 0x0000014c7a61fc20 Thread added: 0x0000014c7aab73c0
Event: 128.902 Thread 0x0000014c7a61fc20 Thread added: 0x0000014c7aab52f0
Event: 133.296 Thread 0x0000014c7aab73c0 Thread added: 0x0000014c7aab80e0


Dynamic libraries:
0x00007ff784f00000 - 0x00007ff784f0e000 	c:\Users\welcome\.vscode\extensions\redhat.java-1.56.0-win32-x64\jre\21.0.12.1-win32-x86_64\bin\java.exe
0x00007fffc4bd0000 - 0x00007fffc4dc9000 	C:\Windows\SYSTEM32\ntdll.dll
0x00007fffc3a60000 - 0x00007fffc3b22000 	C:\Windows\System32\KERNEL32.DLL
0x00007fffc25d0000 - 0x00007fffc28c7000 	C:\Windows\System32\KERNELBASE.dll
0x00007fffc2a30000 - 0x00007fffc2b30000 	C:\Windows\System32\ucrtbase.dll
0x00007fffbedd0000 - 0x00007fffbede8000 	c:\Users\welcome\.vscode\extensions\redhat.java-1.56.0-win32-x64\jre\21.0.12.1-win32-x86_64\bin\jli.dll
0x00007fffc3560000 - 0x00007fffc36fd000 	C:\Windows\System32\USER32.dll
0x00007fffc2b80000 - 0x00007fffc2ba2000 	C:\Windows\System32\win32u.dll
0x00007fffc3b90000 - 0x00007fffc3bbb000 	C:\Windows\System32\GDI32.dll
0x00007fffc22c0000 - 0x00007fffc23da000 	C:\Windows\System32\gdi32full.dll
0x00007fffc2220000 - 0x00007fffc22bd000 	C:\Windows\System32\msvcp_win.dll
0x00007fffbedb0000 - 0x00007fffbedce000 	c:\Users\welcome\.vscode\extensions\redhat.java-1.56.0-win32-x64\jre\21.0.12.1-win32-x86_64\bin\VCRUNTIME140.dll
0x00007fffaf7a0000 - 0x00007fffafa3b000 	C:\Windows\WinSxS\amd64_microsoft.windows.common-controls_6595b64144ccf1df_6.0.19041.7663_none_60b9ed0b71f50c93\COMCTL32.dll
0x00007fffc3940000 - 0x00007fffc39de000 	C:\Windows\System32\msvcrt.dll
0x00007fffc3910000 - 0x00007fffc393f000 	C:\Windows\System32\IMM32.DLL
0x00007fffbe7d0000 - 0x00007fffbe7dc000 	c:\Users\welcome\.vscode\extensions\redhat.java-1.56.0-win32-x64\jre\21.0.12.1-win32-x86_64\bin\vcruntime140_1.dll
0x00007fffab420000 - 0x00007fffab4ad000 	c:\Users\welcome\.vscode\extensions\redhat.java-1.56.0-win32-x64\jre\21.0.12.1-win32-x86_64\bin\msvcp140.dll
0x00007fff860a0000 - 0x00007fff86e42000 	c:\Users\welcome\.vscode\extensions\redhat.java-1.56.0-win32-x64\jre\21.0.12.1-win32-x86_64\bin\server\jvm.dll
0x00007fffc4ad0000 - 0x00007fffc4b82000 	C:\Windows\System32\ADVAPI32.dll
0x00007fffc3400000 - 0x00007fffc34a0000 	C:\Windows\System32\sechost.dll
0x00007fffc37e0000 - 0x00007fffc3906000 	C:\Windows\System32\RPCRT4.dll
0x00007fffc2460000 - 0x00007fffc2487000 	C:\Windows\System32\bcrypt.dll
0x00007fffc39e0000 - 0x00007fffc3a53000 	C:\Windows\System32\WS2_32.dll
0x00007fffc2070000 - 0x00007fffc20bb000 	C:\Windows\SYSTEM32\POWRPROF.dll
0x00007fffad060000 - 0x00007fffad087000 	C:\Windows\SYSTEM32\WINMM.dll
0x00007fffbb7b0000 - 0x00007fffbb7ba000 	C:\Windows\SYSTEM32\VERSION.dll
0x00007fffc2050000 - 0x00007fffc2062000 	C:\Windows\SYSTEM32\UMPDC.dll
0x00007fffc0030000 - 0x00007fffc0042000 	C:\Windows\SYSTEM32\kernel.appcore.dll
0x00007fffbe7c0000 - 0x00007fffbe7ca000 	c:\Users\welcome\.vscode\extensions\redhat.java-1.56.0-win32-x64\jre\21.0.12.1-win32-x86_64\bin\jimage.dll
0x00007fffac260000 - 0x00007fffac46b000 	C:\Windows\SYSTEM32\DBGHELP.DLL
0x00007fffaae90000 - 0x00007fffaaec5000 	C:\Windows\SYSTEM32\dbgcore.DLL
0x00007fffc2540000 - 0x00007fffc25c2000 	C:\Windows\System32\bcryptPrimitives.dll
0x00007fffbc6c0000 - 0x00007fffbc6cf000 	c:\Users\welcome\.vscode\extensions\redhat.java-1.56.0-win32-x64\jre\21.0.12.1-win32-x86_64\bin\instrument.dll
0x00007fffbd060000 - 0x00007fffbd080000 	c:\Users\welcome\.vscode\extensions\redhat.java-1.56.0-win32-x64\jre\21.0.12.1-win32-x86_64\bin\java.dll
0x00007fffc2c80000 - 0x00007fffc33f1000 	C:\Windows\System32\SHELL32.dll
0x00007fffc0240000 - 0x00007fffc09ec000 	C:\Windows\SYSTEM32\windows.storage.dll
0x00007fffc4040000 - 0x00007fffc4394000 	C:\Windows\System32\combase.dll
0x00007fffc1b70000 - 0x00007fffc1b9b000 	C:\Windows\SYSTEM32\Wldp.dll
0x00007fffc34a0000 - 0x00007fffc354d000 	C:\Windows\System32\SHCORE.dll
0x00007fffc2c10000 - 0x00007fffc2c6b000 	C:\Windows\System32\shlwapi.dll
0x00007fffc2150000 - 0x00007fffc2175000 	C:\Windows\SYSTEM32\profapi.dll
0x00007fffbd040000 - 0x00007fffbd058000 	c:\Users\welcome\.vscode\extensions\redhat.java-1.56.0-win32-x64\jre\21.0.12.1-win32-x86_64\bin\zip.dll
0x00007fffbcc60000 - 0x00007fffbcc70000 	C:\Users\welcome\.vscode\extensions\redhat.java-1.56.0-win32-x64\jre\21.0.12.1-win32-x86_64\bin\net.dll
0x00007fffb8a20000 - 0x00007fffb8b2d000 	C:\Windows\SYSTEM32\WINHTTP.dll
0x00007fffc1880000 - 0x00007fffc18ea000 	C:\Windows\system32\mswsock.dll
0x00007fffbcc40000 - 0x00007fffbcc56000 	C:\Users\welcome\.vscode\extensions\redhat.java-1.56.0-win32-x64\jre\21.0.12.1-win32-x86_64\bin\nio.dll
0x00007fffbc6b0000 - 0x00007fffbc6c0000 	c:\Users\welcome\.vscode\extensions\redhat.java-1.56.0-win32-x64\jre\21.0.12.1-win32-x86_64\bin\verify.dll
0x00007fff92880000 - 0x00007fff928c5000 	C:\Users\welcome\AppData\Roaming\Code\User\globalStorage\redhat.java\1.56.0\config_win\org.eclipse.equinox.launcher\org.eclipse.equinox.launcher.win32.win32.x86_64_1.3.100.v20260804-1928\eclipse_11924.dll
0x00007fffc4770000 - 0x00007fffc489c000 	C:\Windows\System32\ole32.dll
0x00007fffc1ad0000 - 0x00007fffc1ae8000 	C:\Windows\SYSTEM32\CRYPTSP.dll
0x00007fffc1180000 - 0x00007fffc11b8000 	C:\Windows\system32\rsaenh.dll
0x00007fffc20c0000 - 0x00007fffc20ee000 	C:\Windows\SYSTEM32\USERENV.dll
0x00007fffc1ac0000 - 0x00007fffc1acc000 	C:\Windows\SYSTEM32\CRYPTBASE.dll
0x00007fffc1550000 - 0x00007fffc158b000 	C:\Windows\SYSTEM32\IPHLPAPI.DLL
0x00007fffc2c70000 - 0x00007fffc2c78000 	C:\Windows\System32\NSI.dll
0x00007fff87cf0000 - 0x00007fff87d39000 	C:\Users\welcome\AppData\Local\Temp\jna-1233099618\jna7438242253450840163.dll
0x00007fffc44c0000 - 0x00007fffc44c8000 	C:\Windows\System32\PSAPI.DLL

JVMTI agents:
c:\Users\welcome\.vscode\extensions\redhat.java-1.56.0-win32-x64\lombok\lombok-1.18.39-4050.jar path:c:\Users\welcome\.vscode\extensions\redhat.java-1.56.0-win32-x64\jre\21.0.12.1-win32-x86_64\bin\instrument.dll, loaded, initialized, instrumentlib options:none

dbghelp: loaded successfully - version: 4.0.5 - missing functions: none
symbol engine: initialized successfully - sym options: 0x614 - pdb path: .;c:\Users\welcome\.vscode\extensions\redhat.java-1.56.0-win32-x64\jre\21.0.12.1-win32-x86_64\bin;C:\Windows\SYSTEM32;C:\Windows\WinSxS\amd64_microsoft.windows.common-controls_6595b64144ccf1df_6.0.19041.7663_none_60b9ed0b71f50c93;c:\Users\welcome\.vscode\extensions\redhat.java-1.56.0-win32-x64\jre\21.0.12.1-win32-x86_64\bin\server;C:\Users\welcome\AppData\Roaming\Code\User\globalStorage\redhat.java\1.56.0\config_win\org.eclipse.equinox.launcher\org.eclipse.equinox.launcher.win32.win32.x86_64_1.3.100.v20260804-1928;C:\Users\welcome\AppData\Local\Temp\jna-1233099618

VM Arguments:
jvm_args: --add-modules=ALL-SYSTEM --add-opens=java.base/java.util=ALL-UNNAMED --add-opens=java.base/java.lang=ALL-UNNAMED --add-opens=java.base/sun.nio.fs=ALL-UNNAMED -Declipse.application=org.eclipse.jdt.ls.core.id1 -Dosgi.bundles.defaultStartLevel=4 -Declipse.product=org.eclipse.jdt.ls.core.product -Djava.import.generatesMetadataFilesAtProjectRoot=false -Dm2e.project.cache.size=50 -DDetectVMInstallationsJob.disabled=true -Dfile.encoding=utf8 -XX:+UseParallelGC -XX:GCTimeRatio=4 -XX:AdaptiveSizePolicyWeight=90 -Dsun.zip.disableMemoryMapping=true -Xmx2G -Xms100m -Xlog:disable -javaagent:c:\Users\welcome\.vscode\extensions\redhat.java-1.56.0-win32-x64\lombok\lombok-1.18.39-4050.jar -XX:+HeapDumpOnOutOfMemoryError -XX:HeapDumpPath=c:\Users\welcome\AppData\Roaming\Code\User\workspaceStorage\438089d090c8572c52f170013986077f\redhat.java -Daether.dependencyCollector.impl=bf 
java_command: c:\Users\welcome\.vscode\extensions\redhat.java-1.56.0-win32-x64\server\plugins\org.eclipse.equinox.launcher_1.8.0.v20260804-1928.jar -configuration c:\Users\welcome\AppData\Roaming\Code\User\globalStorage\redhat.java\1.56.0\config_win -data c:\Users\welcome\AppData\Roaming\Code\User\workspaceStorage\438089d090c8572c52f170013986077f\redhat.java\jdt_ws --pipe=\\.\pipe\lsp-31ed1cc4888b5d9e0b98143ae9c373c3-sock
java_class_path (initial): c:\Users\welcome\.vscode\extensions\redhat.java-1.56.0-win32-x64\server\plugins\org.eclipse.equinox.launcher_1.8.0.v20260804-1928.jar
Launcher Type: SUN_STANDARD

[Global flags]
    uintx AdaptiveSizePolicyWeight                 = 90                                        {product} {command line}
     intx CICompilerCount                          = 3                                         {product} {ergonomic}
    uintx GCTimeRatio                              = 4                                         {product} {command line}
     bool HeapDumpOnOutOfMemoryError               = true                                   {manageable} {command line}
    ccstr HeapDumpPath                             = c:\Users\welcome\AppData\Roaming\Code\User\workspaceStorage\438089d090c8572c52f170013986077f\redhat.java         {manageable} {command line}
   size_t InitialHeapSize                          = 104857600                                 {product} {command line}
   size_t MaxHeapSize                              = 2147483648                                {product} {command line}
   size_t MaxNewSize                               = 715653120                                 {product} {ergonomic}
   size_t MinHeapDeltaBytes                        = 524288                                    {product} {ergonomic}
   size_t MinHeapSize                              = 104857600                                 {product} {command line}
   size_t NewSize                                  = 34603008                                  {product} {ergonomic}
    uintx NonNMethodCodeHeapSize                   = 5832780                                {pd product} {ergonomic}
    uintx NonProfiledCodeHeapSize                  = 122912730                              {pd product} {ergonomic}
   size_t OldSize                                  = 70254592                                  {product} {ergonomic}
    uintx ProfiledCodeHeapSize                     = 122912730                              {pd product} {ergonomic}
    uintx ReservedCodeCacheSize                    = 251658240                              {pd product} {ergonomic}
     bool SegmentedCodeCache                       = true                                      {product} {ergonomic}
   size_t SoftMaxHeapSize                          = 2147483648                             {manageable} {ergonomic}
     bool UseCompressedOops                        = true                           {product lp64_product} {ergonomic}
     bool UseLargePagesIndividualAllocation        = false                                  {pd product} {ergonomic}
     bool UseParallelGC                            = true                                      {product} {command line}

Logging:
Log output configuration:
 #0: stdout all=off uptime,level,tags foldmultilines=false
 #1: stderr all=off uptime,level,tags foldmultilines=false

Release file:
JAVA_VERSION="21.0.12.1" 
MODULES="java.base java.compiler java.datatransfer java.xml java.prefs java.desktop java.instrument java.logging java.management java.security.sasl java.naming java.rmi java.management.rmi java.net.http java.scripting java.security.jgss java.transaction.xa java.sql java.sql.rowset java.xml.crypto java.se java.smartcardio jdk.accessibility jdk.internal.jvmstat jdk.attach jdk.charsets jdk.internal.opt jdk.zipfs jdk.compiler jdk.crypto.ec jdk.crypto.cryptoki jdk.crypto.mscapi jdk.dynalink jdk.internal.ed jdk.editpad jdk.hotspot.agent jdk.httpserver jdk.internal.le jdk.internal.vm.ci jdk.internal.vm.compiler jdk.internal.vm.compiler.management jdk.jartool jdk.javadoc jdk.jcmd jdk.management jdk.management.agent jdk.jconsole jdk.jdeps jdk.jdwp.agent jdk.jdi jdk.jfr jdk.jshell jdk.jsobject jdk.jstatd jdk.localedata jdk.management.jfr jdk.naming.dns jdk.naming.rmi jdk.net jdk.nio.mapmode jdk.random jdk.sctp jdk.security.auth jdk.security.jgss jdk.unsupported jdk.unsupported.desktop jdk.xml.dom" 

Environment Variables:
PATH=C:\Program Files\Eclipse Adoptium\jdk-17.0.20.101-hotspot\bin;C:\Windows\system32;C:\Windows;C:\Windows\System32\Wbem;C:\Windows\System32\WindowsPowerShell\v1.0\;C:\Windows\System32\OpenSSH\;C:\Program Files\Git\cmd;C:\Program Files\nodejs\;C:\Users\welcome\AppData\Local\Microsoft\WindowsApps;C:\Users\welcome\AppData\Local\Programs\Microsoft VS Code\bin;C:\Users\welcome\AppData\Local\Programs\DockerDesktop\resources\bin;C:\Users\welcome\AppData\Roaming\npm
USERNAME=welcome
OS=Windows_NT
PROCESSOR_IDENTIFIER=Intel64 Family 6 Model 142 Stepping 9, GenuineIntel
TMP=C:\Users\welcome\AppData\Local\Temp
TEMP=C:\Users\welcome\AppData\Local\Temp




Periodic native trim disabled

---------------  S Y S T E M  ---------------

OS:
 Windows 10 , 64 bit Build 19041 (10.0.19041.7725)
OS uptime: 5 days 23:30 hours
Hyper-V role detected

CPU: total 4 (initial active 4) (2 cores per cpu, 2 threads per core) family 6 model 142 stepping 9 microcode 0xea, cx8, cmov, fxsr, ht, mmx, 3dnowpref, sse, sse2, sse3, ssse3, sse4.1, sse4.2, popcnt, lzcnt, tsc, tscinvbit, avx, avx2, aes, erms, clmul, bmi1, bmi2, adx, fma, vzeroupper, clflush, clflushopt, hv, rdtscp, f16c
Processor Information for the first 4 processors :
  Max Mhz: 2400, Current Mhz: 2400, Mhz Limit: 2400

Memory: 4k page, system-wide physical 4005M (179M free)
TotalPageFile size 11505M (AvailPageFile size 0M)
current process WorkingSet (physical memory assigned to process): 138M, peak: 138M
current process commit charge ("private bytes"): 269M, peak: 271M

vm_info: OpenJDK 64-Bit Server VM (21.0.12.1+1-LTS) for windows-amd64 JRE (21.0.12.1+1-LTS), built on 2026-08-18T00:00:00Z by "admin" with MS VC++ 17.12 (VS2022)

END.
