#
# There is insufficient memory for the Java Runtime Environment to continue.
# Native memory allocation (malloc) failed to allocate 226576 bytes. Error detail: Chunk::new
# Possible reasons:
#   The system is out of physical RAM or swap space
#   This process is running with CompressedOops enabled, and the Java Heap may be blocking the growth of the native heap
# Possible solutions:
#   Reduce memory load on the system
#   Increase physical memory or swap space
#   Check if swap backing store is full
#   Decrease Java heap size (-Xmx/-Xms)
#   Decrease number of Java threads
#   Decrease Java thread stack sizes (-Xss)
#   Set larger code cache with -XX:ReservedCodeCacheSize=
#   JVM is running with Unscaled Compressed Oops mode in which the Java heap is
#     placed in the first 4GB address space. The Java Heap base address is the
#     maximum limit for the native heap growth. Please use -XX:HeapBaseMinAddress
#     to set the Java Heap base and to place the Java Heap above 4GB virtual address.
# This output file may be truncated or incomplete.
#
#  Out of Memory Error (arena.cpp:168), pid=17640, tid=7708
#
# JRE version: OpenJDK Runtime Environment Temurin-21.0.12.1+1 (21.0.12.1+1) (build 21.0.12.1+1-LTS)
# Java VM: OpenJDK 64-Bit Server VM Temurin-21.0.12.1+1 (21.0.12.1+1-LTS, mixed mode, sharing, tiered, compressed oops, compressed class ptrs, parallel gc, windows-amd64)
# No core dump will be written. Minidumps are not enabled by default on client versions of Windows
#

---------------  S U M M A R Y ------------

Command Line: --add-modules=ALL-SYSTEM --add-opens=java.base/java.util=ALL-UNNAMED --add-opens=java.base/java.lang=ALL-UNNAMED --add-opens=java.base/sun.nio.fs=ALL-UNNAMED -Declipse.application=org.eclipse.jdt.ls.core.id1 -Dosgi.bundles.defaultStartLevel=4 -Declipse.product=org.eclipse.jdt.ls.core.product -Djava.import.generatesMetadataFilesAtProjectRoot=false -Dm2e.project.cache.size=50 -DDetectVMInstallationsJob.disabled=true -Dfile.encoding=utf8 -XX:+UseParallelGC -XX:GCTimeRatio=4 -XX:AdaptiveSizePolicyWeight=90 -Dsun.zip.disableMemoryMapping=true -Xmx2G -Xms100m -Xlog:disable -javaagent:c:\Users\welcome\.vscode\extensions\redhat.java-1.56.0-win32-x64\lombok\lombok-1.18.39-4050.jar -XX:+HeapDumpOnOutOfMemoryError -XX:HeapDumpPath=c:\Users\welcome\AppData\Roaming\Code\User\workspaceStorage\438089d090c8572c52f170013986077f\redhat.java -Daether.dependencyCollector.impl=bf c:\Users\welcome\.vscode\extensions\redhat.java-1.56.0-win32-x64\server\plugins\org.eclipse.equinox.launcher_1.8.0.v20260804-1928.jar -configuration c:\Users\welcome\AppData\Roaming\Code\User\globalStorage\redhat.java\1.56.0\config_win -data c:\Users\welcome\AppData\Roaming\Code\User\workspaceStorage\438089d090c8572c52f170013986077f\redhat.java\jdt_ws --pipe=\\.\pipe\lsp-f413b038b579ca50289a4e554ee5d686-sock

Host: Intel(R) Core(TM) i3-7100U CPU @ 2.40GHz, 4 cores, 3G,  Windows 10 , 64 bit Build 19041 (10.0.19041.7725)
Time: Wed Sep 23 10:31:18 2026 India Standard Time elapsed time: 139.725500 seconds (0d 0h 2m 19s)

---------------  T H R E A D  ---------------

Current thread (0x000001f484c40430):  JavaThread "C2 CompilerThread0" daemon [_thread_in_native, id=7708, stack(0x0000005ecad00000,0x0000005ecae00000) (1024K)]


Current CompileTask:
C2:139726 13779       4       org.gradle.util.internal.GUtil::addToMap (60 bytes)

Stack: [0x0000005ecad00000,0x0000005ecae00000]
Native frames: (J=compiled Java code, j=interpreted, Vv=VM code, C=native code)
V  [jvm.dll+0x6d83e9]
V  [jvm.dll+0x8b5736]
V  [jvm.dll+0x8b7cee]
V  [jvm.dll+0x8b83d3]
V  [jvm.dll+0x284596]
V  [jvm.dll+0xc685d]
V  [jvm.dll+0xc6da1]
V  [jvm.dll+0x2fb5ae]
V  [jvm.dll+0x5fee94]
V  [jvm.dll+0x255d67]
V  [jvm.dll+0x24e3bf]
V  [jvm.dll+0x24bbe6]
V  [jvm.dll+0x1cb4ae]
V  [jvm.dll+0x25baad]
V  [jvm.dll+0x25a03a]
V  [jvm.dll+0x3f8aae]
V  [jvm.dll+0x8600cd]
V  [jvm.dll+0x6d6c1d]
C  [ucrtbase.dll+0x21bb2]
C  [KERNEL32.DLL+0x17384]
C  [ntdll.dll+0x4cc91]


---------------  P R O C E S S  ---------------

Threads class SMR info:
_java_thread_list=0x000001f4ef6c4600, length=144, elements={
0x000001f482ad2aa0, 0x000001f484c361d0, 0x000001f484c37840, 0x000001f484c390b0,
0x000001f484c39fd0, 0x000001f484c3d080, 0x000001f484c3f440, 0x000001f484c40430,
0x000001f484c74fc0, 0x000001f4dd49cfb0, 0x000001f4dd593830, 0x000001f4dd806860,
0x000001f4dd5afd80, 0x000001f4e217fa70, 0x000001f4e2180780, 0x000001f4e248c940,
0x000001f4e2b91750, 0x000001f4e287ea00, 0x000001f4e2453a00, 0x000001f4e2453370,
0x000001f4e2452650, 0x000001f4e2454090, 0x000001f4e2454720, 0x000001f4e2454db0,
0x000001f4e2455440, 0x000001f4e2451fc0, 0x000001f4e45e95e0, 0x000001f4e45e8f50,
0x000001f4e45ec3d0, 0x000001f4e45ebd40, 0x000001f4e45e7ba0, 0x000001f4e45e88c0,
0x000001f4e45e5440, 0x000001f4e45e9c70, 0x000001f4e45e8230, 0x000001f4e45e5ad0,
0x000001f4e45ea300, 0x000001f4e45eb6b0, 0x000001f4e45eca60, 0x000001f4e38143a0,
0x000001f4e3814a30, 0x000001f4e3818bd0, 0x000001f4e38150c0, 0x000001f4e38198f0,
0x000001f4e3813680, 0x000001f4e3818540, 0x000001f4e3819f80, 0x000001f4e381a610,
0x000001f4e3813d10, 0x000001f4e3816470, 0x000001f4eee1b220, 0x000001f4eee1a500,
0x000001f4eee19e70, 0x000001f4eee1b8b0, 0x000001f4eee18430, 0x000001f4eee1bf40,
0x000001f4eee1cc60, 0x000001f4eee1d980, 0x000001f4eee1c5d0, 0x000001f4eee1e010,
0x000001f4eee1e6a0, 0x000001f4eee1ed30, 0x000001f4eee18ac0, 0x000001f4e3815750,
0x000001f4e3815de0, 0x000001f4eee19150, 0x000001f4e250c160, 0x000001f4e250bad0,
0x000001f4e25116b0, 0x000001f4e250d510, 0x000001f4e2511020, 0x000001f4e250dba0,
0x000001f4e250e230, 0x000001f4e250fc70, 0x000001f4e250ce80, 0x000001f4e250e8c0,
0x000001f4e2510300, 0x000001f4e250ef50, 0x000001f4e2510990, 0x000001f4e250b440,
0x000001f4e250f5e0, 0x000001f4e2511d40, 0x000001f4e250adb0, 0x000001f4e25123d0,
0x000001f4e3a123f0, 0x000001f4e3a144c0, 0x000001f4e3a12a80, 0x000001f4e3a0e8e0,
0x000001f4e3a0f600, 0x000001f4e3a10320, 0x000001f4e3a0e250, 0x000001f4e3a15870,
0x000001f4e3a0ef70, 0x000001f4e3a137a0, 0x000001f4e3a0fc90, 0x000001f4e3a11040,
0x000001f4e3a14b50, 0x000001f4f192bfc0, 0x000001f4f192c650, 0x000001f4f192e090,
0x000001f4f192cce0, 0x000001f4f192d370, 0x000001f4f192da00, 0x000001f4f192f440,
0x000001f4e3817820, 0x000001f4e3a109b0, 0x000001f4e3a151e0, 0x000001f4e3817eb0,
0x000001f4e3a116d0, 0x000001f4e250c7f0, 0x000001f4f192edb0, 0x000001f4eed3d270,
0x000001f4eed3c550, 0x000001f4eed3bec0, 0x000001f4eed3ab10, 0x000001f4eed39df0,
0x000001f4eed37690, 0x000001f4eed3b1a0, 0x000001f4eed3cbe0, 0x000001f4eed38a40,
0x000001f4eed3ecb0, 0x000001f4eed37d20, 0x000001f4eed390d0, 0x000001f4eed39760,
0x000001f4eed3a480, 0x000001f4e3812ff0, 0x000001f4e4d5f960, 0x000001f4e4d60680,
0x000001f4e4d5fff0, 0x000001f4e4d62750, 0x000001f4e4d5d200, 0x000001f4e4d62de0,
0x000001f4e4d63470, 0x000001f4e4d5c4e0, 0x000001f4e4d5df20, 0x000001f4e4d61a30,
0x000001f4e4d60d10, 0x000001f4e4d63b00, 0x000001f4e4d5cb70, 0x000001f4e4d5d890,
0x000001f4e4d5e5b0, 0x000001f4e4d5ec40, 0x000001f4e4d5f2d0, 0x000001f4eed383b0
}

Java Threads: ( => current thread )
  0x000001f482ad2aa0 JavaThread "main"                              [_thread_blocked, id=19436, stack(0x0000005eca300000,0x0000005eca400000) (1024K)]
  0x000001f484c361d0 JavaThread "Reference Handler"          daemon [_thread_blocked, id=19944, stack(0x0000005eca700000,0x0000005eca800000) (1024K)]
  0x000001f484c37840 JavaThread "Finalizer"                  daemon [_thread_blocked, id=15180, stack(0x0000005eca800000,0x0000005eca900000) (1024K)]
  0x000001f484c390b0 JavaThread "Signal Dispatcher"          daemon [_thread_blocked, id=16176, stack(0x0000005eca900000,0x0000005ecaa00000) (1024K)]
  0x000001f484c39fd0 JavaThread "Attach Listener"            daemon [_thread_blocked, id=16392, stack(0x0000005ecaa00000,0x0000005ecab00000) (1024K)]
  0x000001f484c3d080 JavaThread "Service Thread"             daemon [_thread_blocked, id=17796, stack(0x0000005ecab00000,0x0000005ecac00000) (1024K)]
  0x000001f484c3f440 JavaThread "Monitor Deflation Thread"   daemon [_thread_blocked, id=18064, stack(0x0000005ecac00000,0x0000005ecad00000) (1024K)]
=>0x000001f484c40430 JavaThread "C2 CompilerThread0"         daemon [_thread_in_native, id=7708, stack(0x0000005ecad00000,0x0000005ecae00000) (1024K)]
  0x000001f484c74fc0 JavaThread "C1 CompilerThread0"         daemon [_thread_blocked, id=15412, stack(0x0000005ecae00000,0x0000005ecaf00000) (1024K)]
  0x000001f4dd49cfb0 JavaThread "Common-Cleaner"             daemon [_thread_blocked, id=3012, stack(0x0000005ecaf00000,0x0000005ecb000000) (1024K)]
  0x000001f4dd593830 JavaThread "Notification Thread"        daemon [_thread_blocked, id=2656, stack(0x0000005ecb000000,0x0000005ecb100000) (1024K)]
  0x000001f4dd806860 JavaThread "Active Thread: Equinox Container: 437c8052-7887-4a3f-93c7-637a4f0c633b"        [_thread_blocked, id=2012, stack(0x0000005ecb500000,0x0000005ecb600000) (1024K)]
  0x000001f4dd5afd80 JavaThread "Refresh Thread: Equinox Container: 437c8052-7887-4a3f-93c7-637a4f0c633b" daemon [_thread_blocked, id=3404, stack(0x0000005ecb600000,0x0000005ecb700000) (1024K)]
  0x000001f4e217fa70 JavaThread "Framework Event Dispatcher: Equinox Container: 437c8052-7887-4a3f-93c7-637a4f0c633b" daemon [_thread_blocked, id=7040, stack(0x0000005ecb700000,0x0000005ecb800000) (1024K)]
  0x000001f4e2180780 JavaThread "Start Level: Equinox Container: 437c8052-7887-4a3f-93c7-637a4f0c633b" daemon [_thread_blocked, id=13144, stack(0x0000005ecb800000,0x0000005ecb900000) (1024K)]
  0x000001f4e248c940 JavaThread "Bundle File Closer"         daemon [_thread_blocked, id=17556, stack(0x0000005ecb900000,0x0000005ecba00000) (1024K)]
  0x000001f4e2b91750 JavaThread "SCR Component Actor"        daemon [_thread_blocked, id=17068, stack(0x0000005ecb100000,0x0000005ecb200000) (1024K)]
  0x000001f4e287ea00 JavaThread "Worker-JM"                         [_thread_blocked, id=18356, stack(0x0000005ecbb00000,0x0000005ecbc00000) (1024K)]
  0x000001f4e2453a00 JavaThread "JNA Cleaner"                daemon [_thread_blocked, id=8400, stack(0x0000005ecba00000,0x0000005ecbb00000) (1024K)]
  0x000001f4e2453370 JavaThread "Worker-0"                          [_thread_blocked, id=4692, stack(0x0000005ecbc00000,0x0000005ecbd00000) (1024K)]
  0x000001f4e2452650 JavaThread "Worker-1: Initialize workspace"        [_thread_blocked, id=17100, stack(0x0000005ecbd00000,0x0000005ecbe00000) (1024K)]
  0x000001f4e2454090 JavaThread "Worker-2"                          [_thread_blocked, id=5972, stack(0x0000005ecbe00000,0x0000005ecbf00000) (1024K)]
  0x000001f4e2454720 JavaThread "Worker-3: Initialize workspace"        [_thread_blocked, id=1208, stack(0x0000005ecbf00000,0x0000005ecc000000) (1024K)]
  0x000001f4e2454db0 JavaThread "Java indexing"              daemon [_thread_blocked, id=11652, stack(0x0000005ecc100000,0x0000005ecc200000) (1024K)]
  0x000001f4e2455440 JavaThread "Worker-4"                          [_thread_blocked, id=3328, stack(0x0000005ecc200000,0x0000005ecc300000) (1024K)]
  0x000001f4e2451fc0 JavaThread "Worker-5: Initialize workspace"        [_thread_blocked, id=16872, stack(0x0000005ecc300000,0x0000005ecc400000) (1024K)]
  0x000001f4e45e95e0 JavaThread "Worker-6"                          [_thread_blocked, id=20100, stack(0x0000005ecc400000,0x0000005ecc500000) (1024K)]
  0x000001f4e45e8f50 JavaThread "Worker-7"                          [_thread_blocked, id=14264, stack(0x0000005ecc500000,0x0000005ecc600000) (1024K)]
  0x000001f4e45ec3d0 JavaThread "Worker-8"                          [_thread_blocked, id=11412, stack(0x0000005ecc600000,0x0000005ecc700000) (1024K)]
  0x000001f4e45ebd40 JavaThread "Timer-0"                           [_thread_blocked, id=19840, stack(0x0000005ecc700000,0x0000005ecc800000) (1024K)]
  0x000001f4e45e7ba0 JavaThread "Timer-1"                           [_thread_blocked, id=18376, stack(0x0000005ecc800000,0x0000005ecc900000) (1024K)]
  0x000001f4e45e88c0 JavaThread "Thread-3"                   daemon [_thread_in_native, id=16380, stack(0x0000005ecc900000,0x0000005ecca00000) (1024K)]
  0x000001f4e45e5440 JavaThread "Thread-4"                   daemon [_thread_in_native, id=19748, stack(0x0000005ecca00000,0x0000005eccb00000) (1024K)]
  0x000001f4e45e9c70 JavaThread "Thread-5"                   daemon [_thread_in_native, id=15264, stack(0x0000005eccb00000,0x0000005eccc00000) (1024K)]
  0x000001f4e45e8230 JavaThread "Thread-6"                   daemon [_thread_in_native, id=18944, stack(0x0000005eccc00000,0x0000005eccd00000) (1024K)]
  0x000001f4e45e5ad0 JavaThread "Thread-7"                   daemon [_thread_in_native, id=1612, stack(0x0000005eccd00000,0x0000005ecce00000) (1024K)]
  0x000001f4e45ea300 JavaThread "pool-2-thread-1"                   [_thread_blocked, id=7952, stack(0x0000005ecce00000,0x0000005eccf00000) (1024K)]
  0x000001f4e45eb6b0 JavaThread "WorkspaceEventsHandler"            [_thread_blocked, id=12936, stack(0x0000005ecd000000,0x0000005ecd100000) (1024K)]
  0x000001f4e45eca60 JavaThread "pool-1-thread-1"                   [_thread_blocked, id=6608, stack(0x0000005ecd100000,0x0000005ecd200000) (1024K)]
  0x000001f4e38143a0 JavaThread "LocalFile Deleter"          daemon [_thread_blocked, id=7912, stack(0x0000005ecd200000,0x0000005ecd300000) (1024K)]
  0x000001f4e3814a30 JavaThread "LocalFile Deleter"          daemon [_thread_blocked, id=6728, stack(0x0000005ecd300000,0x0000005ecd400000) (1024K)]
  0x000001f4e3818bd0 JavaThread "LocalFile Deleter"          daemon [_thread_blocked, id=16408, stack(0x0000005ecd400000,0x0000005ecd500000) (1024K)]
  0x000001f4e38150c0 JavaThread "PatternSearchJob-worker-1"  daemon [_thread_blocked, id=18788, stack(0x0000005ecd600000,0x0000005ecd700000) (1024K)]
  0x000001f4e38198f0 JavaThread "PatternSearchJob-worker-2"  daemon [_thread_blocked, id=16860, stack(0x0000005ecd700000,0x0000005ecd800000) (1024K)]
  0x000001f4e3813680 JavaThread "Timer-2"                           [_thread_blocked, id=20336, stack(0x0000005ecd900000,0x0000005ecda00000) (1024K)]
  0x000001f4e3818540 JavaThread "Timer-3"                           [_thread_blocked, id=5500, stack(0x0000005eccf00000,0x0000005ecd000000) (1024K)]
  0x000001f4e3819f80 JavaThread "Timer-4"                           [_thread_blocked, id=17724, stack(0x0000005ecda00000,0x0000005ecdb00000) (1024K)]
  0x000001f4e381a610 JavaThread "Timer-5"                           [_thread_blocked, id=18852, stack(0x0000005ecde00000,0x0000005ecdf00000) (1024K)]
  0x000001f4e3813d10 JavaThread "Timer-6"                           [_thread_blocked, id=11548, stack(0x0000005ecdf00000,0x0000005ece000000) (1024K)]
  0x000001f4e3816470 JavaThread "Timer-7"                           [_thread_blocked, id=17360, stack(0x0000005ece100000,0x0000005ece200000) (1024K)]
  0x000001f4eee1b220 JavaThread "Timer-8"                           [_thread_blocked, id=7296, stack(0x0000005ecc000000,0x0000005ecc100000) (1024K)]
  0x000001f4eee1a500 JavaThread "Timer-9"                           [_thread_blocked, id=20260, stack(0x0000005ece000000,0x0000005ece100000) (1024K)]
  0x000001f4eee19e70 JavaThread "Timer-10"                          [_thread_blocked, id=15112, stack(0x0000005ece500000,0x0000005ece600000) (1024K)]
  0x000001f4eee1b8b0 JavaThread "Timer-11"                          [_thread_blocked, id=4524, stack(0x0000005ecd800000,0x0000005ecd900000) (1024K)]
  0x000001f4eee18430 JavaThread "Timer-12"                          [_thread_blocked, id=17384, stack(0x0000005ece600000,0x0000005ece700000) (1024K)]
  0x000001f4eee1bf40 JavaThread "Timer-13"                          [_thread_blocked, id=20300, stack(0x0000005ece700000,0x0000005ece800000) (1024K)]
  0x000001f4eee1cc60 JavaThread "Timer-14"                          [_thread_blocked, id=17200, stack(0x0000005ece800000,0x0000005ece900000) (1024K)]
  0x000001f4eee1d980 JavaThread "Timer-15"                          [_thread_blocked, id=16080, stack(0x0000005ecea00000,0x0000005eceb00000) (1024K)]
  0x000001f4eee1c5d0 JavaThread "Timer-16"                          [_thread_blocked, id=6884, stack(0x0000005eceb00000,0x0000005ecec00000) (1024K)]
  0x000001f4eee1e010 JavaThread "Timer-17"                          [_thread_blocked, id=17024, stack(0x0000005eced00000,0x0000005ecee00000) (1024K)]
  0x000001f4eee1e6a0 JavaThread "Timer-18"                          [_thread_blocked, id=19356, stack(0x0000005ecec00000,0x0000005eced00000) (1024K)]
  0x000001f4eee1ed30 JavaThread "Timer-19"                          [_thread_blocked, id=5148, stack(0x0000005ecee00000,0x0000005ecef00000) (1024K)]
  0x000001f4eee18ac0 JavaThread "Timer-20"                          [_thread_blocked, id=14392, stack(0x0000005eca100000,0x0000005eca200000) (1024K)]
  0x000001f4e3815750 JavaThread "Timer-21"                          [_thread_blocked, id=6668, stack(0x0000005ecf000000,0x0000005ecf100000) (1024K)]
  0x000001f4e3815de0 JavaThread "Timer-22"                          [_thread_blocked, id=1372, stack(0x0000005ecef00000,0x0000005ecf000000) (1024K)]
  0x000001f4eee19150 JavaThread "Timer-23"                          [_thread_blocked, id=15384, stack(0x0000005ecf100000,0x0000005ecf200000) (1024K)]
  0x000001f4e250c160 JavaThread "Timer-24"                          [_thread_blocked, id=17144, stack(0x0000005ecf200000,0x0000005ecf300000) (1024K)]
  0x000001f4e250bad0 JavaThread "Timer-25"                          [_thread_blocked, id=16500, stack(0x0000005ecf300000,0x0000005ecf400000) (1024K)]
  0x000001f4e25116b0 JavaThread "Timer-26"                          [_thread_blocked, id=8060, stack(0x0000005ecf400000,0x0000005ecf500000) (1024K)]
  0x000001f4e250d510 JavaThread "Timer-27"                          [_thread_blocked, id=1348, stack(0x0000005ecf600000,0x0000005ecf700000) (1024K)]
  0x000001f4e2511020 JavaThread "Timer-28"                          [_thread_blocked, id=16232, stack(0x0000005ecf500000,0x0000005ecf600000) (1024K)]
  0x000001f4e250dba0 JavaThread "Timer-29"                          [_thread_blocked, id=17064, stack(0x0000005ecf700000,0x0000005ecf800000) (1024K)]
  0x000001f4e250e230 JavaThread "Timer-30"                          [_thread_blocked, id=16360, stack(0x0000005ecf800000,0x0000005ecf900000) (1024K)]
  0x000001f4e250fc70 JavaThread "Timer-31"                          [_thread_blocked, id=17932, stack(0x0000005ecf900000,0x0000005ecfa00000) (1024K)]
  0x000001f4e250ce80 JavaThread "Timer-32"                          [_thread_blocked, id=3416, stack(0x0000005ecfa00000,0x0000005ecfb00000) (1024K)]
  0x000001f4e250e8c0 JavaThread "Timer-33"                          [_thread_blocked, id=6532, stack(0x0000005ecfb00000,0x0000005ecfc00000) (1024K)]
  0x000001f4e2510300 JavaThread "Timer-34"                          [_thread_blocked, id=19404, stack(0x0000005ecfc00000,0x0000005ecfd00000) (1024K)]
  0x000001f4e250ef50 JavaThread "Timer-35"                          [_thread_blocked, id=2084, stack(0x0000005ecfd00000,0x0000005ecfe00000) (1024K)]
  0x000001f4e2510990 JavaThread "Worker-9: Initialize Workspace"        [_thread_blocked, id=17228, stack(0x0000005ed0000000,0x0000005ed0100000) (1024K)]
  0x000001f4e250b440 JavaThread "Timer-36"                          [_thread_blocked, id=18100, stack(0x0000005ecfe00000,0x0000005ecff00000) (1024K)]
  0x000001f4e250f5e0 JavaThread "Timer-37"                          [_thread_blocked, id=11116, stack(0x0000005ecff00000,0x0000005ed0000000) (1024K)]
  0x000001f4e2511d40 JavaThread "Timer-38"                          [_thread_blocked, id=18552, stack(0x0000005ed0100000,0x0000005ed0200000) (1024K)]
  0x000001f4e250adb0 JavaThread "Timer-39"                          [_thread_blocked, id=14900, stack(0x0000005ed0200000,0x0000005ed0300000) (1024K)]
  0x000001f4e25123d0 JavaThread "Timer-40"                          [_thread_blocked, id=2192, stack(0x0000005ed0300000,0x0000005ed0400000) (1024K)]
  0x000001f4e3a123f0 JavaThread "Timer-41"                          [_thread_blocked, id=13648, stack(0x0000005ed0400000,0x0000005ed0500000) (1024K)]
  0x000001f4e3a144c0 JavaThread "Timer-42"                          [_thread_blocked, id=13736, stack(0x0000005ed0500000,0x0000005ed0600000) (1024K)]
  0x000001f4e3a12a80 JavaThread "Timer-43"                          [_thread_blocked, id=18804, stack(0x0000005ed0600000,0x0000005ed0700000) (1024K)]
  0x000001f4e3a0e8e0 JavaThread "Worker-10"                         [_thread_blocked, id=2376, stack(0x0000005ed0900000,0x0000005ed0a00000) (1024K)]
  0x000001f4e3a0f600 JavaThread "Timer-44"                          [_thread_blocked, id=13772, stack(0x0000005ecdc00000,0x0000005ecdd00000) (1024K)]
  0x000001f4e3a10320 JavaThread "Timer-45"                          [_thread_blocked, id=19716, stack(0x0000005ecdb00000,0x0000005ecdc00000) (1024K)]
  0x000001f4e3a0e250 JavaThread "Timer-46"                          [_thread_blocked, id=2396, stack(0x0000005ecdd00000,0x0000005ecde00000) (1024K)]
  0x000001f4e3a15870 JavaThread "Timer-47"                          [_thread_blocked, id=5144, stack(0x0000005eca200000,0x0000005eca300000) (1024K)]
  0x000001f4e3a0ef70 JavaThread "Timer-48"                          [_thread_blocked, id=5512, stack(0x0000005ece900000,0x0000005ecea00000) (1024K)]
  0x000001f4e3a137a0 JavaThread "Timer-49"                          [_thread_blocked, id=9376, stack(0x0000005ed0700000,0x0000005ed0800000) (1024K)]
  0x000001f4e3a0fc90 JavaThread "Timer-50"                          [_thread_blocked, id=20048, stack(0x0000005ed0800000,0x0000005ed0900000) (1024K)]
  0x000001f4e3a11040 JavaThread "Timer-51"                          [_thread_blocked, id=12224, stack(0x0000005ed0b00000,0x0000005ed0c00000) (1024K)]
  0x000001f4e3a14b50 JavaThread "Worker-11"                         [_thread_blocked, id=13044, stack(0x0000005ed0d00000,0x0000005ed0e00000) (1024K)]
  0x000001f4f192bfc0 JavaThread "Timer-52"                          [_thread_blocked, id=12140, stack(0x0000005ed0a00000,0x0000005ed0b00000) (1024K)]
  0x000001f4f192c650 JavaThread "Timer-53"                          [_thread_blocked, id=7500, stack(0x0000005ed0c00000,0x0000005ed0d00000) (1024K)]
  0x000001f4f192e090 JavaThread "Timer-54"                          [_thread_blocked, id=10188, stack(0x0000005ed0e00000,0x0000005ed0f00000) (1024K)]
  0x000001f4f192cce0 JavaThread "Timer-55"                          [_thread_blocked, id=2016, stack(0x0000005ed0f00000,0x0000005ed1000000) (1024K)]
  0x000001f4f192d370 JavaThread "Timer-56"                          [_thread_blocked, id=10860, stack(0x0000005ed1000000,0x0000005ed1100000) (1024K)]
  0x000001f4f192da00 JavaThread "Timer-57"                          [_thread_blocked, id=11140, stack(0x0000005ed1200000,0x0000005ed1300000) (1024K)]
  0x000001f4f192f440 JavaThread "Timer-58"                          [_thread_blocked, id=13508, stack(0x0000005ed1100000,0x0000005ed1200000) (1024K)]
  0x000001f4e3817820 JavaThread "Timer-59"                          [_thread_blocked, id=18144, stack(0x0000005ed1400000,0x0000005ed1500000) (1024K)]
  0x000001f4e3a109b0 JavaThread "Timer-60"                          [_thread_blocked, id=16124, stack(0x0000005ed1300000,0x0000005ed1400000) (1024K)]
  0x000001f4e3a151e0 JavaThread "Timer-61"                          [_thread_blocked, id=7360, stack(0x0000005ed1500000,0x0000005ed1600000) (1024K)]
  0x000001f4e3817eb0 JavaThread "Timer-62"                          [_thread_blocked, id=8092, stack(0x0000005ed1600000,0x0000005ed1700000) (1024K)]
  0x000001f4e3a116d0 JavaThread "Timer-63"                          [_thread_blocked, id=8676, stack(0x0000005ed1700000,0x0000005ed1800000) (1024K)]
  0x000001f4e250c7f0 JavaThread "Timer-64"                          [_thread_blocked, id=17312, stack(0x0000005ed1800000,0x0000005ed1900000) (1024K)]
  0x000001f4f192edb0 JavaThread "Timer-65"                          [_thread_blocked, id=17464, stack(0x0000005ed1900000,0x0000005ed1a00000) (1024K)]
  0x000001f4eed3d270 JavaThread "Timer-66"                          [_thread_blocked, id=12932, stack(0x0000005ed1a00000,0x0000005ed1b00000) (1024K)]
  0x000001f4eed3c550 JavaThread "Timer-67"                          [_thread_blocked, id=6308, stack(0x0000005ed1d00000,0x0000005ed1e00000) (1024K)]
  0x000001f4eed3bec0 JavaThread "Worker-12"                         [_thread_blocked, id=776, stack(0x0000005ed2100000,0x0000005ed2200000) (1024K)]
  0x000001f4eed3ab10 JavaThread "PatternSearchJob-worker-3"  daemon [_thread_blocked, id=448, stack(0x0000005ed2300000,0x0000005ed2400000) (1024K)]
  0x000001f4eed39df0 JavaThread "Timer-68"                          [_thread_blocked, id=12252, stack(0x0000005ed1b00000,0x0000005ed1c00000) (1024K)]
  0x000001f4eed37690 JavaThread "Timer-69"                          [_thread_blocked, id=10712, stack(0x0000005ed1c00000,0x0000005ed1d00000) (1024K)]
  0x000001f4eed3b1a0 JavaThread "Timer-70"                          [_thread_blocked, id=10696, stack(0x0000005ed2400000,0x0000005ed2500000) (1024K)]
  0x000001f4eed3cbe0 JavaThread "Timer-71"                          [_thread_blocked, id=4124, stack(0x0000005ed2500000,0x0000005ed2600000) (1024K)]
  0x000001f4eed38a40 JavaThread "Timer-72"                          [_thread_blocked, id=13528, stack(0x0000005ed2600000,0x0000005ed2700000) (1024K)]
  0x000001f4eed3ecb0 JavaThread "Timer-73"                          [_thread_blocked, id=5852, stack(0x0000005ed2700000,0x0000005ed2800000) (1024K)]
  0x000001f4eed37d20 JavaThread "Timer-74"                          [_thread_blocked, id=18808, stack(0x0000005ed2800000,0x0000005ed2900000) (1024K)]
  0x000001f4eed390d0 JavaThread "Timer-75"                          [_thread_blocked, id=19012, stack(0x0000005ed2900000,0x0000005ed2a00000) (1024K)]
  0x000001f4eed39760 JavaThread "Timer-76"                          [_thread_blocked, id=16668, stack(0x0000005ed2a00000,0x0000005ed2b00000) (1024K)]
  0x000001f4eed3a480 JavaThread "Timer-77"                          [_thread_blocked, id=17340, stack(0x0000005ed2b00000,0x0000005ed2c00000) (1024K)]
  0x000001f4e3812ff0 JavaThread "Timer-78"                          [_thread_blocked, id=3820, stack(0x0000005ed2c00000,0x0000005ed2d00000) (1024K)]
  0x000001f4e4d5f960 JavaThread "Connection worker"                 [_thread_in_native, id=16596, stack(0x0000005ed1e00000,0x0000005ed1f00000) (1024K)]
  0x000001f4e4d60680 JavaThread "Timer-79"                          [_thread_blocked, id=4132, stack(0x0000005ed1f00000,0x0000005ed2000000) (1024K)]
  0x000001f4e4d5fff0 JavaThread "Timer-80"                          [_thread_blocked, id=8720, stack(0x0000005ed2000000,0x0000005ed2100000) (1024K)]
  0x000001f4e4d62750 JavaThread "Timer-81"                          [_thread_blocked, id=19584, stack(0x0000005ed2200000,0x0000005ed2300000) (1024K)]
  0x000001f4e4d5d200 JavaThread "Timer-82"                          [_thread_blocked, id=9636, stack(0x0000005ed2d00000,0x0000005ed2e00000) (1024K)]
  0x000001f4e4d62de0 JavaThread "Timer-83"                          [_thread_blocked, id=7848, stack(0x0000005ed2f00000,0x0000005ed3000000) (1024K)]
  0x000001f4e4d63470 JavaThread "Timer-84"                          [_thread_blocked, id=7212, stack(0x0000005ecd500000,0x0000005ecd600000) (1024K)]
  0x000001f4e4d5c4e0 JavaThread "Timer-85"                          [_thread_blocked, id=9032, stack(0x0000005ed2e00000,0x0000005ed2f00000) (1024K)]
  0x000001f4e4d5df20 JavaThread "Timer-86"                          [_thread_blocked, id=6844, stack(0x0000005ed3000000,0x0000005ed3100000) (1024K)]
  0x000001f4e4d61a30 JavaThread "ProjectImportProgressReporter" daemon [_thread_blocked, id=14092, stack(0x0000005eca000000,0x0000005eca100000) (1024K)]
  0x000001f4e4d60d10 JavaThread "Timer-87"                          [_thread_blocked, id=5932, stack(0x0000005ece300000,0x0000005ece400000) (1024K)]
  0x000001f4e4d63b00 JavaThread "Timer-88"                          [_thread_blocked, id=15172, stack(0x0000005ed3100000,0x0000005ed3200000) (1024K)]
  0x000001f4e4d5cb70 JavaThread "Timer-89"                          [_thread_blocked, id=10464, stack(0x0000005ed3200000,0x0000005ed3300000) (1024K)]
  0x000001f4e4d5d890 JavaThread "Timer-90"                          [_thread_blocked, id=12616, stack(0x0000005ed3300000,0x0000005ed3400000) (1024K)]
  0x000001f4e4d5e5b0 JavaThread "Timer-91"                          [_thread_blocked, id=14284, stack(0x0000005ed3500000,0x0000005ed3600000) (1024K)]
  0x000001f4e4d5ec40 JavaThread "Connection worker"                 [_thread_in_native, id=19120, stack(0x0000005ed3400000,0x0000005ed3500000) (1024K)]
  0x000001f4e4d5f2d0 JavaThread "pool-34-thread-1"                  [_thread_blocked, id=9448, stack(0x0000005ed3600000,0x0000005ed3700000) (1024K)]
  0x000001f4eed383b0 JavaThread "Connection worker"                 [_thread_in_native, id=13256, stack(0x0000005ed3700000,0x0000005ed3800000) (1024K)]
Total: 144

Other Threads:
  0x000001f484e0e6e0 VMThread "VM Thread"                           [id=17392, stack(0x0000005eca600000,0x0000005eca700000) (1024K)]
  0x000001f484dbcb30 WatcherThread "VM Periodic Task Thread"        [id=14448, stack(0x0000005eca500000,0x0000005eca600000) (1024K)]
  0x000001f484d6e2f0 WorkerThread "GC Thread#0"                     [id=8536, stack(0x0000005eca400000,0x0000005eca500000) (1024K)]
  0x000001f4dda81b10 WorkerThread "GC Thread#1"                     [id=16520, stack(0x0000005ecb200000,0x0000005ecb300000) (1024K)]
  0x000001f4ddf1d670 WorkerThread "GC Thread#2"                     [id=9324, stack(0x0000005ecb300000,0x0000005ecb400000) (1024K)]
  0x000001f4ddf1da20 WorkerThread "GC Thread#3"                     [id=2424, stack(0x0000005ecb400000,0x0000005ecb500000) (1024K)]
Total: 6

Threads with active compile tasks:
C2 CompilerThread0  139825 13779       4       org.gradle.util.internal.GUtil::addToMap (60 bytes)
Total: 1

VM state: not at safepoint (normal execution)

VM Mutex/Monitor currently owned by a thread: None

Heap address: 0x0000000080000000, size: 2048 MB, Compressed Oops mode: 32-bit

CDS archive(s) mapped at: [0x000001f49c000000-0x000001f49cba0000-0x000001f49cba0000), size 12189696, SharedBaseAddress: 0x000001f49c000000, ArchiveRelocationMode: 1.
Compressed class space mapped at: 0x000001f49d000000-0x000001f4dd000000, reserved size: 1073741824
Narrow klass base: 0x000001f49c000000, Narrow klass shift: 0, Narrow klass range: 0x100000000

GC Precious Log:
 CardTable entry size: 512
 CPUs: 4 total, 4 available
 Memory: 4005M
 Large Page Support: Disabled
 NUMA Support: Disabled
 Compressed Oops: Enabled (32-bit)
 Alignments: Space 512K, Generation 512K, Heap 2M
 Heap Min Capacity: 100M
 Heap Initial Capacity: 100M
 Heap Max Capacity: 2G
 Pre-touch: Disabled
 Parallel Workers: 4

Heap:
 PSYoungGen      total 3072K, used 1790K [0x00000000d5580000, 0x00000000d5b00000, 0x0000000100000000)
  eden space 2560K, 64% used [0x00000000d5580000,0x00000000d571f948,0x00000000d5800000)
  from space 512K, 25% used [0x00000000d5a00000,0x00000000d5a20000,0x00000000d5a80000)
  to   space 512K, 0% used [0x00000000d5a80000,0x00000000d5a80000,0x00000000d5b00000)
 ParOldGen       total 101376K, used 93427K [0x0000000080000000, 0x0000000086300000, 0x00000000d5580000)
  object space 101376K, 92% used [0x0000000080000000,0x0000000085b3cec8,0x0000000086300000)
 Metaspace       used 74514K, committed 76032K, reserved 1179648K
  class space    used 8984K, committed 9664K, reserved 1048576K

Card table byte_map: [0x000001f484700000,0x000001f484b10000] _byte_map_base: 0x000001f484300000

Marking Bits: (ParMarkBitMap*) 0x00007ff94dbc44a0
 Begin Bits: [0x000001f497210000, 0x000001f499210000)
 End Bits:   [0x000001f499210000, 0x000001f49b210000)

Polling page: 0x000001f482a20000

Metaspace:

Usage:
  Non-class:     63.99 MB used.
      Class:      8.77 MB used.
       Both:     72.77 MB used.

Virtual space:
  Non-class space:      128.00 MB reserved,      64.81 MB ( 51%) committed,  2 nodes.
      Class space:        1.00 GB reserved,       9.44 MB ( <1%) committed,  1 nodes.
             Both:        1.12 GB reserved,      74.25 MB (  6%) committed. 

Chunk freelists:
   Non-Class:  14.88 MB
       Class:  6.51 MB
        Both:  21.39 MB

MaxMetaspaceSize: unlimited
CompressedClassSpaceSize: 1.00 GB
Initial GC threshold: 21.00 MB
Current GC threshold: 123.69 MB
CDS: on
 - commit_granule_bytes: 65536.
 - commit_granule_words: 8192.
 - virtual_space_node_default_size: 8388608.
 - enlarge_chunks_in_place: 1.
 - use_allocation_guard: 0.


Internal statistics:

num_allocs_failed_limit: 9.
num_arena_births: 1410.
num_arena_deaths: 22.
num_vsnodes_births: 3.
num_vsnodes_deaths: 0.
num_space_committed: 1188.
num_space_uncommitted: 0.
num_chunks_returned_to_freelist: 33.
num_chunks_taken_from_freelist: 5016.
num_chunk_merges: 10.
num_chunk_splits: 3032.
num_chunks_enlarged: 1632.
num_inconsistent_stats: 0.

CodeHeap 'non-profiled nmethods': size=120000Kb used=9054Kb max_used=11085Kb free=110945Kb
 bounds [0x000001f48fa30000, 0x000001f490510000, 0x000001f496f60000]
CodeHeap 'profiled nmethods': size=120000Kb used=18020Kb max_used=25434Kb free=101979Kb
 bounds [0x000001f487f60000, 0x000001f489840000, 0x000001f48f490000]
CodeHeap 'non-nmethods': size=5760Kb used=1416Kb max_used=1528Kb free=4343Kb
 bounds [0x000001f48f490000, 0x000001f48f700000, 0x000001f48fa30000]
CodeCache: size=245760Kb, used=28490Kb, max_used=38047Kb, free=217267Kb
 total_blobs=10717, nmethods=9987, adapters=636, full_count=0
Compilation: enabled, stopped_count=0, restarted_count=0

Compilation events (20 events):
Event: 138.945 Thread 0x000001f484c74fc0 nmethod 13769 0x000001f48fad0110 code [0x000001f48fad02a0, 0x000001f48fad0350]
Event: 138.946 Thread 0x000001f484c74fc0 13770       1       org.gradle.launcher.daemon.registry.DaemonStopEvent::getStatus (5 bytes)
Event: 138.946 Thread 0x000001f484c74fc0 nmethod 13770 0x000001f48fad5e90 code [0x000001f48fad6020, 0x000001f48fad60e8]
Event: 138.953 Thread 0x000001f484c74fc0 13771       3       java.util.Locale::hashCode (41 bytes)
Event: 138.955 Thread 0x000001f484c74fc0 nmethod 13771 0x000001f488324e10 code [0x000001f488324fe0, 0x000001f4883251e0]
Event: 139.254 Thread 0x000001f484c74fc0 13772       3       java.lang.ProcessEnvironment$CheckedEntrySet::iterator (9 bytes)
Event: 139.255 Thread 0x000001f484c74fc0 nmethod 13772 0x000001f4882f6410 code [0x000001f4882f65e0, 0x000001f4882f6910]
Event: 139.274 Thread 0x000001f484c74fc0 13773       3       java.util.Properties::getProperty (16 bytes)
Event: 139.274 Thread 0x000001f484c74fc0 nmethod 13773 0x000001f48858d910 code [0x000001f48858dac0, 0x000001f48858dce0]
Event: 139.608 Thread 0x000001f484c74fc0 13774       3       org.gradle.internal.logging.slf4j.OutputEventListenerBackedLogger::info (7 bytes)
Event: 139.608 Thread 0x000001f484c74fc0 nmethod 13774 0x000001f4880a1810 code [0x000001f4880a19c0, 0x000001f4880a1b00]
Event: 139.608 Thread 0x000001f484c74fc0 13775       3       org.gradle.internal.logging.slf4j.BuildOperationAwareLogger::info (18 bytes)
Event: 139.609 Thread 0x000001f484c74fc0 nmethod 13775 0x000001f4882fb710 code [0x000001f4882fb8e0, 0x000001f4882fbc30]
Event: 139.609 Thread 0x000001f484c74fc0 13776       3       java.util.concurrent.FutureTask::done (1 bytes)
Event: 139.609 Thread 0x000001f484c74fc0 nmethod 13776 0x000001f488092d90 code [0x000001f488092f20, 0x000001f488093028]
Event: 139.695 Thread 0x000001f484c74fc0 13777       3       org.gradle.internal.service.DefaultServiceRegistry$SingletonService::getService (18 bytes)
Event: 139.696 Thread 0x000001f484c74fc0 nmethod 13777 0x000001f488326f10 code [0x000001f4883270e0, 0x000001f488327320]
Event: 139.696 Thread 0x000001f484c74fc0 13778       3       org.gradle.internal.service.DefaultServiceRegistry::isSatisfiedBy (44 bytes)
Event: 139.697 Thread 0x000001f484c74fc0 nmethod 13778 0x000001f488e38810 code [0x000001f488e38a20, 0x000001f488e39178]
Event: 139.701 Thread 0x000001f484c40430 13779       4       org.gradle.util.internal.GUtil::addToMap (60 bytes)

GC Heap History (20 events):
Event: 138.659 GC heap before
{Heap before GC invocations=1517 (full 5):
 PSYoungGen      total 3072K, used 2720K [0x00000000d5580000, 0x00000000d5b00000, 0x0000000100000000)
  eden space 2560K, 100% used [0x00000000d5580000,0x00000000d5800000,0x00000000d5800000)
  from space 512K, 31% used [0x00000000d5a00000,0x00000000d5a28000,0x00000000d5a80000)
  to   space 512K, 0% used [0x00000000d5a80000,0x00000000d5a80000,0x00000000d5b00000)
 ParOldGen       total 101376K, used 92951K [0x0000000080000000, 0x0000000086300000, 0x00000000d5580000)
  object space 101376K, 91% used [0x0000000080000000,0x0000000085ac5cc8,0x0000000086300000)
 Metaspace       used 74504K, committed 76032K, reserved 1179648K
  class space    used 8984K, committed 9664K, reserved 1048576K
}
Event: 138.660 GC heap after
{Heap after GC invocations=1517 (full 5):
 PSYoungGen      total 3072K, used 128K [0x00000000d5580000, 0x00000000d5b00000, 0x0000000100000000)
  eden space 2560K, 0% used [0x00000000d5580000,0x00000000d5580000,0x00000000d5800000)
  from space 512K, 25% used [0x00000000d5a80000,0x00000000d5aa0000,0x00000000d5b00000)
  to   space 512K, 0% used [0x00000000d5a00000,0x00000000d5a00000,0x00000000d5a80000)
 ParOldGen       total 101376K, used 93007K [0x0000000080000000, 0x0000000086300000, 0x00000000d5580000)
  object space 101376K, 91% used [0x0000000080000000,0x0000000085ad3cc8,0x0000000086300000)
 Metaspace       used 74504K, committed 76032K, reserved 1179648K
  class space    used 8984K, committed 9664K, reserved 1048576K
}
Event: 138.678 GC heap before
{Heap before GC invocations=1518 (full 5):
 PSYoungGen      total 3072K, used 2688K [0x00000000d5580000, 0x00000000d5b00000, 0x0000000100000000)
  eden space 2560K, 100% used [0x00000000d5580000,0x00000000d5800000,0x00000000d5800000)
  from space 512K, 25% used [0x00000000d5a80000,0x00000000d5aa0000,0x00000000d5b00000)
  to   space 512K, 0% used [0x00000000d5a00000,0x00000000d5a00000,0x00000000d5a80000)
 ParOldGen       total 101376K, used 93007K [0x0000000080000000, 0x0000000086300000, 0x00000000d5580000)
  object space 101376K, 91% used [0x0000000080000000,0x0000000085ad3cc8,0x0000000086300000)
 Metaspace       used 74504K, committed 76032K, reserved 1179648K
  class space    used 8984K, committed 9664K, reserved 1048576K
}
Event: 138.679 GC heap after
{Heap after GC invocations=1518 (full 5):
 PSYoungGen      total 3072K, used 128K [0x00000000d5580000, 0x00000000d5b00000, 0x0000000100000000)
  eden space 2560K, 0% used [0x00000000d5580000,0x00000000d5580000,0x00000000d5800000)
  from space 512K, 25% used [0x00000000d5a00000,0x00000000d5a20000,0x00000000d5a80000)
  to   space 512K, 0% used [0x00000000d5a80000,0x00000000d5a80000,0x00000000d5b00000)
 ParOldGen       total 101376K, used 93031K [0x0000000080000000, 0x0000000086300000, 0x00000000d5580000)
  object space 101376K, 91% used [0x0000000080000000,0x0000000085ad9cc8,0x0000000086300000)
 Metaspace       used 74504K, committed 76032K, reserved 1179648K
  class space    used 8984K, committed 9664K, reserved 1048576K
}
Event: 138.721 GC heap before
{Heap before GC invocations=1519 (full 5):
 PSYoungGen      total 3072K, used 2688K [0x00000000d5580000, 0x00000000d5b00000, 0x0000000100000000)
  eden space 2560K, 100% used [0x00000000d5580000,0x00000000d5800000,0x00000000d5800000)
  from space 512K, 25% used [0x00000000d5a00000,0x00000000d5a20000,0x00000000d5a80000)
  to   space 512K, 0% used [0x00000000d5a80000,0x00000000d5a80000,0x00000000d5b00000)
 ParOldGen       total 101376K, used 93031K [0x0000000080000000, 0x0000000086300000, 0x00000000d5580000)
  object space 101376K, 91% used [0x0000000080000000,0x0000000085ad9cc8,0x0000000086300000)
 Metaspace       used 74504K, committed 76032K, reserved 1179648K
  class space    used 8984K, committed 9664K, reserved 1048576K
}
Event: 138.723 GC heap after
{Heap after GC invocations=1519 (full 5):
 PSYoungGen      total 3072K, used 128K [0x00000000d5580000, 0x00000000d5b00000, 0x0000000100000000)
  eden space 2560K, 0% used [0x00000000d5580000,0x00000000d5580000,0x00000000d5800000)
  from space 512K, 25% used [0x00000000d5a80000,0x00000000d5aa0000,0x00000000d5b00000)
  to   space 512K, 0% used [0x00000000d5a00000,0x00000000d5a00000,0x00000000d5a80000)
 ParOldGen       total 101376K, used 93063K [0x0000000080000000, 0x0000000086300000, 0x00000000d5580000)
  object space 101376K, 91% used [0x0000000080000000,0x0000000085ae1cc8,0x0000000086300000)
 Metaspace       used 74504K, committed 76032K, reserved 1179648K
  class space    used 8984K, committed 9664K, reserved 1048576K
}
Event: 138.734 GC heap before
{Heap before GC invocations=1520 (full 5):
 PSYoungGen      total 3072K, used 2688K [0x00000000d5580000, 0x00000000d5b00000, 0x0000000100000000)
  eden space 2560K, 100% used [0x00000000d5580000,0x00000000d5800000,0x00000000d5800000)
  from space 512K, 25% used [0x00000000d5a80000,0x00000000d5aa0000,0x00000000d5b00000)
  to   space 512K, 0% used [0x00000000d5a00000,0x00000000d5a00000,0x00000000d5a80000)
 ParOldGen       total 101376K, used 93063K [0x0000000080000000, 0x0000000086300000, 0x00000000d5580000)
  object space 101376K, 91% used [0x0000000080000000,0x0000000085ae1cc8,0x0000000086300000)
 Metaspace       used 74505K, committed 76032K, reserved 1179648K
  class space    used 8984K, committed 9664K, reserved 1048576K
}
Event: 138.735 GC heap after
{Heap after GC invocations=1520 (full 5):
 PSYoungGen      total 3072K, used 192K [0x00000000d5580000, 0x00000000d5b00000, 0x0000000100000000)
  eden space 2560K, 0% used [0x00000000d5580000,0x00000000d5580000,0x00000000d5800000)
  from space 512K, 37% used [0x00000000d5a00000,0x00000000d5a30000,0x00000000d5a80000)
  to   space 512K, 0% used [0x00000000d5a80000,0x00000000d5a80000,0x00000000d5b00000)
 ParOldGen       total 101376K, used 93079K [0x0000000080000000, 0x0000000086300000, 0x00000000d5580000)
  object space 101376K, 91% used [0x0000000080000000,0x0000000085ae5cc8,0x0000000086300000)
 Metaspace       used 74505K, committed 76032K, reserved 1179648K
  class space    used 8984K, committed 9664K, reserved 1048576K
}
Event: 138.824 GC heap before
{Heap before GC invocations=1521 (full 5):
 PSYoungGen      total 3072K, used 2752K [0x00000000d5580000, 0x00000000d5b00000, 0x0000000100000000)
  eden space 2560K, 100% used [0x00000000d5580000,0x00000000d5800000,0x00000000d5800000)
  from space 512K, 37% used [0x00000000d5a00000,0x00000000d5a30000,0x00000000d5a80000)
  to   space 512K, 0% used [0x00000000d5a80000,0x00000000d5a80000,0x00000000d5b00000)
 ParOldGen       total 101376K, used 93079K [0x0000000080000000, 0x0000000086300000, 0x00000000d5580000)
  object space 101376K, 91% used [0x0000000080000000,0x0000000085ae5cc8,0x0000000086300000)
 Metaspace       used 74505K, committed 76032K, reserved 1179648K
  class space    used 8984K, committed 9664K, reserved 1048576K
}
Event: 138.826 GC heap after
{Heap after GC invocations=1521 (full 5):
 PSYoungGen      total 3072K, used 96K [0x00000000d5580000, 0x00000000d5b00000, 0x0000000100000000)
  eden space 2560K, 0% used [0x00000000d5580000,0x00000000d5580000,0x00000000d5800000)
  from space 512K, 18% used [0x00000000d5a80000,0x00000000d5a98000,0x00000000d5b00000)
  to   space 512K, 0% used [0x00000000d5a00000,0x00000000d5a00000,0x00000000d5a80000)
 ParOldGen       total 101376K, used 93179K [0x0000000080000000, 0x0000000086300000, 0x00000000d5580000)
  object space 101376K, 91% used [0x0000000080000000,0x0000000085afeec8,0x0000000086300000)
 Metaspace       used 74505K, committed 76032K, reserved 1179648K
  class space    used 8984K, committed 9664K, reserved 1048576K
}
Event: 138.882 GC heap before
{Heap before GC invocations=1522 (full 5):
 PSYoungGen      total 3072K, used 2656K [0x00000000d5580000, 0x00000000d5b00000, 0x0000000100000000)
  eden space 2560K, 100% used [0x00000000d5580000,0x00000000d5800000,0x00000000d5800000)
  from space 512K, 18% used [0x00000000d5a80000,0x00000000d5a98000,0x00000000d5b00000)
  to   space 512K, 0% used [0x00000000d5a00000,0x00000000d5a00000,0x00000000d5a80000)
 ParOldGen       total 101376K, used 93179K [0x0000000080000000, 0x0000000086300000, 0x00000000d5580000)
  object space 101376K, 91% used [0x0000000080000000,0x0000000085afeec8,0x0000000086300000)
 Metaspace       used 74510K, committed 76032K, reserved 1179648K
  class space    used 8984K, committed 9664K, reserved 1048576K
}
Event: 138.883 GC heap after
{Heap after GC invocations=1522 (full 5):
 PSYoungGen      total 3072K, used 128K [0x00000000d5580000, 0x00000000d5b00000, 0x0000000100000000)
  eden space 2560K, 0% used [0x00000000d5580000,0x00000000d5580000,0x00000000d5800000)
  from space 512K, 25% used [0x00000000d5a00000,0x00000000d5a20000,0x00000000d5a80000)
  to   space 512K, 0% used [0x00000000d5a80000,0x00000000d5a80000,0x00000000d5b00000)
 ParOldGen       total 101376K, used 93203K [0x0000000080000000, 0x0000000086300000, 0x00000000d5580000)
  object space 101376K, 91% used [0x0000000080000000,0x0000000085b04ec8,0x0000000086300000)
 Metaspace       used 74510K, committed 76032K, reserved 1179648K
  class space    used 8984K, committed 9664K, reserved 1048576K
}
Event: 139.039 GC heap before
{Heap before GC invocations=1523 (full 5):
 PSYoungGen      total 3072K, used 2683K [0x00000000d5580000, 0x00000000d5b00000, 0x0000000100000000)
  eden space 2560K, 99% used [0x00000000d5580000,0x00000000d57fec18,0x00000000d5800000)
  from space 512K, 25% used [0x00000000d5a00000,0x00000000d5a20000,0x00000000d5a80000)
  to   space 512K, 0% used [0x00000000d5a80000,0x00000000d5a80000,0x00000000d5b00000)
 ParOldGen       total 101376K, used 93203K [0x0000000080000000, 0x0000000086300000, 0x00000000d5580000)
  object space 101376K, 91% used [0x0000000080000000,0x0000000085b04ec8,0x0000000086300000)
 Metaspace       used 74511K, committed 76032K, reserved 1179648K
  class space    used 8984K, committed 9664K, reserved 1048576K
}
Event: 139.041 GC heap after
{Heap after GC invocations=1523 (full 5):
 PSYoungGen      total 3072K, used 192K [0x00000000d5580000, 0x00000000d5b00000, 0x0000000100000000)
  eden space 2560K, 0% used [0x00000000d5580000,0x00000000d5580000,0x00000000d5800000)
  from space 512K, 37% used [0x00000000d5a80000,0x00000000d5ab0000,0x00000000d5b00000)
  to   space 512K, 0% used [0x00000000d5a00000,0x00000000d5a00000,0x00000000d5a80000)
 ParOldGen       total 101376K, used 93235K [0x0000000080000000, 0x0000000086300000, 0x00000000d5580000)
  object space 101376K, 91% used [0x0000000080000000,0x0000000085b0cec8,0x0000000086300000)
 Metaspace       used 74511K, committed 76032K, reserved 1179648K
  class space    used 8984K, committed 9664K, reserved 1048576K
}
Event: 139.064 GC heap before
{Heap before GC invocations=1524 (full 5):
 PSYoungGen      total 3072K, used 2752K [0x00000000d5580000, 0x00000000d5b00000, 0x0000000100000000)
  eden space 2560K, 100% used [0x00000000d5580000,0x00000000d5800000,0x00000000d5800000)
  from space 512K, 37% used [0x00000000d5a80000,0x00000000d5ab0000,0x00000000d5b00000)
  to   space 512K, 0% used [0x00000000d5a00000,0x00000000d5a00000,0x00000000d5a80000)
 ParOldGen       total 101376K, used 93235K [0x0000000080000000, 0x0000000086300000, 0x00000000d5580000)
  object space 101376K, 91% used [0x0000000080000000,0x0000000085b0cec8,0x0000000086300000)
 Metaspace       used 74511K, committed 76032K, reserved 1179648K
  class space    used 8984K, committed 9664K, reserved 1048576K
}
Event: 139.065 GC heap after
{Heap after GC invocations=1524 (full 5):
 PSYoungGen      total 3072K, used 96K [0x00000000d5580000, 0x00000000d5b00000, 0x0000000100000000)
  eden space 2560K, 0% used [0x00000000d5580000,0x00000000d5580000,0x00000000d5800000)
  from space 512K, 18% used [0x00000000d5a00000,0x00000000d5a18000,0x00000000d5a80000)
  to   space 512K, 0% used [0x00000000d5a80000,0x00000000d5a80000,0x00000000d5b00000)
 ParOldGen       total 101376K, used 93347K [0x0000000080000000, 0x0000000086300000, 0x00000000d5580000)
  object space 101376K, 92% used [0x0000000080000000,0x0000000085b28ec8,0x0000000086300000)
 Metaspace       used 74511K, committed 76032K, reserved 1179648K
  class space    used 8984K, committed 9664K, reserved 1048576K
}
Event: 139.174 GC heap before
{Heap before GC invocations=1525 (full 5):
 PSYoungGen      total 3072K, used 2656K [0x00000000d5580000, 0x00000000d5b00000, 0x0000000100000000)
  eden space 2560K, 100% used [0x00000000d5580000,0x00000000d5800000,0x00000000d5800000)
  from space 512K, 18% used [0x00000000d5a00000,0x00000000d5a18000,0x00000000d5a80000)
  to   space 512K, 0% used [0x00000000d5a80000,0x00000000d5a80000,0x00000000d5b00000)
 ParOldGen       total 101376K, used 93347K [0x0000000080000000, 0x0000000086300000, 0x00000000d5580000)
  object space 101376K, 92% used [0x0000000080000000,0x0000000085b28ec8,0x0000000086300000)
 Metaspace       used 74511K, committed 76032K, reserved 1179648K
  class space    used 8984K, committed 9664K, reserved 1048576K
}
Event: 139.176 GC heap after
{Heap after GC invocations=1525 (full 5):
 PSYoungGen      total 3072K, used 128K [0x00000000d5580000, 0x00000000d5b00000, 0x0000000100000000)
  eden space 2560K, 0% used [0x00000000d5580000,0x00000000d5580000,0x00000000d5800000)
  from space 512K, 25% used [0x00000000d5a80000,0x00000000d5aa0000,0x00000000d5b00000)
  to   space 512K, 0% used [0x00000000d5a00000,0x00000000d5a00000,0x00000000d5a80000)
 ParOldGen       total 101376K, used 93379K [0x0000000080000000, 0x0000000086300000, 0x00000000d5580000)
  object space 101376K, 92% used [0x0000000080000000,0x0000000085b30ec8,0x0000000086300000)
 Metaspace       used 74511K, committed 76032K, reserved 1179648K
  class space    used 8984K, committed 9664K, reserved 1048576K
}
Event: 139.533 GC heap before
{Heap before GC invocations=1526 (full 5):
 PSYoungGen      total 3072K, used 2688K [0x00000000d5580000, 0x00000000d5b00000, 0x0000000100000000)
  eden space 2560K, 100% used [0x00000000d5580000,0x00000000d5800000,0x00000000d5800000)
  from space 512K, 25% used [0x00000000d5a80000,0x00000000d5aa0000,0x00000000d5b00000)
  to   space 512K, 0% used [0x00000000d5a00000,0x00000000d5a00000,0x00000000d5a80000)
 ParOldGen       total 101376K, used 93379K [0x0000000080000000, 0x0000000086300000, 0x00000000d5580000)
  object space 101376K, 92% used [0x0000000080000000,0x0000000085b30ec8,0x0000000086300000)
 Metaspace       used 74512K, committed 76032K, reserved 1179648K
  class space    used 8984K, committed 9664K, reserved 1048576K
}
Event: 139.535 GC heap after
{Heap after GC invocations=1526 (full 5):
 PSYoungGen      total 3072K, used 128K [0x00000000d5580000, 0x00000000d5b00000, 0x0000000100000000)
  eden space 2560K, 0% used [0x00000000d5580000,0x00000000d5580000,0x00000000d5800000)
  from space 512K, 25% used [0x00000000d5a00000,0x00000000d5a20000,0x00000000d5a80000)
  to   space 512K, 0% used [0x00000000d5a80000,0x00000000d5a80000,0x00000000d5b00000)
 ParOldGen       total 101376K, used 93427K [0x0000000080000000, 0x0000000086300000, 0x00000000d5580000)
  object space 101376K, 92% used [0x0000000080000000,0x0000000085b3cec8,0x0000000086300000)
 Metaspace       used 74512K, committed 76032K, reserved 1179648K
  class space    used 8984K, committed 9664K, reserved 1048576K
}

Dll operation events (20 events):
Event: 0.297 Attempting to load shared library C:\Users\welcome\.vscode\extensions\redhat.java-1.56.0-win32-x64\jre\21.0.12.1-win32-x86_64\bin\zip.dll
Event: 0.297 Loaded shared library C:\Users\welcome\.vscode\extensions\redhat.java-1.56.0-win32-x64\jre\21.0.12.1-win32-x86_64\bin\zip.dll
Event: 0.340 Attempting to load shared library C:\Users\welcome\.vscode\extensions\redhat.java-1.56.0-win32-x64\jre\21.0.12.1-win32-x86_64\bin\jimage.dll
Event: 0.340 Loaded shared library C:\Users\welcome\.vscode\extensions\redhat.java-1.56.0-win32-x64\jre\21.0.12.1-win32-x86_64\bin\jimage.dll
Event: 0.563 Attempting to load shared library c:\Users\welcome\.vscode\extensions\redhat.java-1.56.0-win32-x64\jre\21.0.12.1-win32-x86_64\bin\verify.dll
Event: 0.564 Loaded shared library c:\Users\welcome\.vscode\extensions\redhat.java-1.56.0-win32-x64\jre\21.0.12.1-win32-x86_64\bin\verify.dll
Event: 2.933 Attempting to load shared library C:\Users\welcome\AppData\Roaming\Code\User\globalStorage\redhat.java\1.56.0\config_win\org.eclipse.equinox.launcher\org.eclipse.equinox.launcher.win32.win32.x86_64_1.3.100.v20260804-1928\eclipse_11924.dll
Event: 2.939 Loaded shared library C:\Users\welcome\AppData\Roaming\Code\User\globalStorage\redhat.java\1.56.0\config_win\org.eclipse.equinox.launcher\org.eclipse.equinox.launcher.win32.win32.x86_64_1.3.100.v20260804-1928\eclipse_11924.dll
Event: 8.252 Attempting to load shared library C:\Users\welcome\AppData\Local\Temp\jna-1233099618\jna11772886219969839582.dll
Event: 9.625 Loaded shared library C:\Users\welcome\AppData\Local\Temp\jna-1233099618\jna11772886219969839582.dll
Event: 18.159 Attempting to load shared library C:\Users\welcome\.gradle\native\c067742578af261105cb4f569cf0c3c89f3d7b1fecec35dd04571415982c5e48\windows-amd64\native-platform.dll
Event: 18.162 Loaded shared library C:\Users\welcome\.gradle\native\c067742578af261105cb4f569cf0c3c89f3d7b1fecec35dd04571415982c5e48\windows-amd64\native-platform.dll
Event: 24.551 Attempting to load shared library C:\Users\welcome\.vscode\extensions\redhat.java-1.56.0-win32-x64\jre\21.0.12.1-win32-x86_64\bin\management.dll
Event: 24.554 Loaded shared library C:\Users\welcome\.vscode\extensions\redhat.java-1.56.0-win32-x64\jre\21.0.12.1-win32-x86_64\bin\management.dll
Event: 24.561 Attempting to load shared library C:\Users\welcome\.vscode\extensions\redhat.java-1.56.0-win32-x64\jre\21.0.12.1-win32-x86_64\bin\management_ext.dll
Event: 24.564 Loaded shared library C:\Users\welcome\.vscode\extensions\redhat.java-1.56.0-win32-x64\jre\21.0.12.1-win32-x86_64\bin\management_ext.dll
Event: 30.873 Attempting to load shared library C:\Users\welcome\.vscode\extensions\redhat.java-1.56.0-win32-x64\jre\21.0.12.1-win32-x86_64\bin\extnet.dll
Event: 30.876 Loaded shared library C:\Users\welcome\.vscode\extensions\redhat.java-1.56.0-win32-x64\jre\21.0.12.1-win32-x86_64\bin\extnet.dll
Event: 30.969 Attempting to load shared library C:\Users\welcome\.vscode\extensions\redhat.java-1.56.0-win32-x64\jre\21.0.12.1-win32-x86_64\bin\sunmscapi.dll
Event: 30.973 Loaded shared library C:\Users\welcome\.vscode\extensions\redhat.java-1.56.0-win32-x64\jre\21.0.12.1-win32-x86_64\bin\sunmscapi.dll

Deoptimization events (20 events):
Event: 127.568 Thread 0x000001f4e4d5f960 Uncommon trap: trap_request=0xffffff45 fr.pc=0x000001f49039b95c relative=0x000000000000019c
Event: 127.568 Thread 0x000001f4e4d5f960 Uncommon trap: reason=unstable_if action=reinterpret pc=0x000001f49039b95c method=com.esotericsoftware.kryo.io.Input.readVarLong(Z)J @ 44 c2
Event: 127.568 Thread 0x000001f4e4d5f960 DEOPT PACKING pc=0x000001f49039b95c sp=0x0000005ed1efe4e0
Event: 127.569 Thread 0x000001f4e4d5f960 DEOPT UNPACKING pc=0x000001f48f4e3aa2 sp=0x0000005ed1efe460 mode 2
Event: 136.137 Thread 0x000001f4e45eca60 DEOPT PACKING pc=0x000001f488203e44 sp=0x0000005ecd1feb40
Event: 136.137 Thread 0x000001f4e45eca60 DEOPT UNPACKING pc=0x000001f48f4e4242 sp=0x0000005ecd1fe040 mode 0
Event: 136.191 Thread 0x000001f4e45eca60 DEOPT PACKING pc=0x000001f488203e44 sp=0x0000005ecd1fe400
Event: 136.191 Thread 0x000001f4e45eca60 DEOPT UNPACKING pc=0x000001f48f4e4242 sp=0x0000005ecd1fd900 mode 0
Event: 137.015 Thread 0x000001f4e2510990 Uncommon trap: trap_request=0xfffffff4 fr.pc=0x000001f48fa608bc relative=0x000000000000009c
Event: 137.015 Thread 0x000001f4e2510990 Uncommon trap: reason=null_check action=make_not_entrant pc=0x000001f48fa608bc method=sun.nio.fs.WindowsPath$WindowsPathWithAttributes.get()Ljava/nio/file/attribute/BasicFileAttributes; @ 7 c2
Event: 137.015 Thread 0x000001f4e2510990 DEOPT PACKING pc=0x000001f48fa608bc sp=0x0000005ed00ff150
Event: 137.015 Thread 0x000001f4e2510990 DEOPT UNPACKING pc=0x000001f48f4e3aa2 sp=0x0000005ed00ff0d8 mode 2
Event: 137.015 Thread 0x000001f4e2510990 Uncommon trap: trap_request=0xffffff45 fr.pc=0x000001f48fe0aa70 relative=0x00000000000036b0
Event: 137.015 Thread 0x000001f4e2510990 Uncommon trap: reason=unstable_if action=reinterpret pc=0x000001f48fe0aa70 method=java.nio.file.FileTreeWalker.getAttributes(Ljava/nio/file/Path;Z)Ljava/nio/file/attribute/BasicFileAttributes; @ 28 c2
Event: 137.015 Thread 0x000001f4e2510990 DEOPT PACKING pc=0x000001f48fe0aa70 sp=0x0000005ed00ff170
Event: 137.018 Thread 0x000001f4e2510990 DEOPT UNPACKING pc=0x000001f48f4e3aa2 sp=0x0000005ed00ff050 mode 2
Event: 137.419 Thread 0x000001f484c361d0 DEOPT PACKING pc=0x000001f48980d5e2 sp=0x0000005eca7ff230
Event: 137.419 Thread 0x000001f484c361d0 DEOPT UNPACKING pc=0x000001f48f4e4242 sp=0x0000005eca7fe6d0 mode 0
Event: 138.895 Thread 0x000001f4e4d613a0 DEOPT PACKING pc=0x000001f48929d52e sp=0x0000005ed37fe910
Event: 138.895 Thread 0x000001f4e4d613a0 DEOPT UNPACKING pc=0x000001f48f4e4242 sp=0x0000005ed37fde00 mode 0

Classes loaded (20 events):
Event: 53.636 Loading class sun/nio/fs/WindowsFileCopy
Event: 53.651 Loading class sun/nio/fs/WindowsFileCopy done
Event: 78.652 Loading class java/util/stream/DistinctOps
Event: 78.657 Loading class java/util/stream/DistinctOps done
Event: 78.657 Loading class java/util/stream/DistinctOps$1
Event: 78.659 Loading class java/util/stream/DistinctOps$1 done
Event: 78.661 Loading class java/util/stream/DistinctOps$1$2
Event: 78.662 Loading class java/util/stream/DistinctOps$1$2 done
Event: 85.464 Loading class java/lang/ProcessBuilder$NullInputStream
Event: 85.465 Loading class java/lang/ProcessBuilder$NullInputStream done
Event: 85.476 Loading class java/util/Scanner
Event: 85.482 Loading class java/util/Scanner done
Event: 85.487 Loading class java/util/Scanner$PatternLRUCache
Event: 85.488 Loading class java/util/Scanner$PatternLRUCache done
Event: 86.049 Loading class java/util/regex/Matcher$ImmutableMatchResult
Event: 86.050 Loading class java/util/regex/Matcher$ImmutableMatchResult done
Event: 87.182 Loading class java/util/LinkedList$LLSpliterator
Event: 87.185 Loading class java/util/LinkedList$LLSpliterator done
Event: 94.224 Loading class sun/nio/ch/ChannelOutputStream
Event: 94.227 Loading class sun/nio/ch/ChannelOutputStream done

Classes unloaded (11 events):
Event: 10.647 Thread 0x000001f484e0e6e0 Unloading class 0x000001f49d1aa800 'java/lang/invoke/LambdaForm$MH+0x000001f49d1aa800'
Event: 10.647 Thread 0x000001f484e0e6e0 Unloading class 0x000001f49d1aa400 'java/lang/invoke/LambdaForm$MH+0x000001f49d1aa400'
Event: 10.647 Thread 0x000001f484e0e6e0 Unloading class 0x000001f49d1aa000 'java/lang/invoke/LambdaForm$MH+0x000001f49d1aa000'
Event: 10.647 Thread 0x000001f484e0e6e0 Unloading class 0x000001f49d1a9c00 'java/lang/invoke/LambdaForm$MH+0x000001f49d1a9c00'
Event: 10.647 Thread 0x000001f484e0e6e0 Unloading class 0x000001f49d1a9800 'java/lang/invoke/LambdaForm$BMH+0x000001f49d1a9800'
Event: 10.647 Thread 0x000001f484e0e6e0 Unloading class 0x000001f49d1a9400 'java/lang/invoke/LambdaForm$DMH+0x000001f49d1a9400'
Event: 10.647 Thread 0x000001f484e0e6e0 Unloading class 0x000001f49d1a8000 'java/lang/invoke/LambdaForm$DMH+0x000001f49d1a8000'
Event: 14.407 Thread 0x000001f484e0e6e0 Unloading class 0x000001f49d30e400 'java/lang/invoke/LambdaForm$MH+0x000001f49d30e400'
Event: 14.407 Thread 0x000001f484e0e6e0 Unloading class 0x000001f49d30d800 'java/lang/invoke/LambdaForm$DMH+0x000001f49d30d800'
Event: 14.407 Thread 0x000001f484e0e6e0 Unloading class 0x000001f49d30d000 'java/lang/invoke/LambdaForm$MH+0x000001f49d30d000'
Event: 14.407 Thread 0x000001f484e0e6e0 Unloading class 0x000001f49d308800 'java/lang/invoke/LambdaForm$MH+0x000001f49d308800'

Classes redefined (0 events):
No events

Internal exceptions (20 events):
Event: 136.882 Thread 0x000001f4e2510990 Exception <a 'sun/nio/fs/WindowsException'{0x00000000d55b06d0}> (0x00000000d55b06d0) 
thrown [s\src\hotspot\share\prims\jni.cpp, line 520]
Event: 136.882 Thread 0x000001f4e2510990 Exception <a 'sun/nio/fs/WindowsException'{0x00000000d55b0d50}> (0x00000000d55b0d50) 
thrown [s\src\hotspot\share\prims\jni.cpp, line 520]
Event: 136.882 Thread 0x000001f4e2510990 Exception <a 'sun/nio/fs/WindowsException'{0x00000000d55b1638}> (0x00000000d55b1638) 
thrown [s\src\hotspot\share\prims\jni.cpp, line 520]
Event: 136.882 Thread 0x000001f4e2510990 Exception <a 'sun/nio/fs/WindowsException'{0x00000000d55b1f30}> (0x00000000d55b1f30) 
thrown [s\src\hotspot\share\prims\jni.cpp, line 520]
Event: 137.015 Thread 0x000001f4e2510990 Implicit null exception at 0x000001f48fa60864 to 0x000001f48fa608b0
Event: 137.015 Thread 0x000001f4e2510990 Implicit null exception at 0x000001f48fe0780c to 0x000001f48fe0aa50
Event: 137.029 Thread 0x000001f4e2510990 Exception <a 'sun/nio/fs/WindowsException'{0x00000000d56fd188}> (0x00000000d56fd188) 
thrown [s\src\hotspot\share\prims\jni.cpp, line 520]
Event: 137.029 Thread 0x000001f4e2510990 Exception <a 'sun/nio/fs/WindowsException'{0x00000000d56fd7d0}> (0x00000000d56fd7d0) 
thrown [s\src\hotspot\share\prims\jni.cpp, line 520]
Event: 137.029 Thread 0x000001f4e2510990 Exception <a 'sun/nio/fs/WindowsException'{0x00000000d56fe060}> (0x00000000d56fe060) 
thrown [s\src\hotspot\share\prims\jni.cpp, line 520]
Event: 137.030 Thread 0x000001f4e2510990 Exception <a 'sun/nio/fs/WindowsException'{0x00000000d56fe610}> (0x00000000d56fe610) 
thrown [s\src\hotspot\share\prims\jni.cpp, line 520]
Event: 137.031 Thread 0x000001f4e2510990 Exception <a 'sun/nio/fs/WindowsException'{0x00000000d57029f0}> (0x00000000d57029f0) 
thrown [s\src\hotspot\share\prims\jni.cpp, line 520]
Event: 137.032 Thread 0x000001f4e2510990 Exception <a 'sun/nio/fs/WindowsException'{0x00000000d57032b0}> (0x00000000d57032b0) 
thrown [s\src\hotspot\share\prims\jni.cpp, line 520]
Event: 137.032 Thread 0x000001f4e2510990 Exception <a 'sun/nio/fs/WindowsException'{0x00000000d5703928}> (0x00000000d5703928) 
thrown [s\src\hotspot\share\prims\jni.cpp, line 520]
Event: 137.032 Thread 0x000001f4e2510990 Exception <a 'sun/nio/fs/WindowsException'{0x00000000d5704220}> (0x00000000d5704220) 
thrown [s\src\hotspot\share\prims\jni.cpp, line 520]
Event: 137.033 Thread 0x000001f4e2510990 Exception <a 'sun/nio/fs/WindowsException'{0x00000000d57086d8}> (0x00000000d57086d8) 
thrown [s\src\hotspot\share\prims\jni.cpp, line 520]
Event: 137.033 Thread 0x000001f4e2510990 Exception <a 'sun/nio/fs/WindowsException'{0x00000000d5708f90}> (0x00000000d5708f90) 
thrown [s\src\hotspot\share\prims\jni.cpp, line 520]
Event: 137.033 Thread 0x000001f4e2510990 Exception <a 'sun/nio/fs/WindowsException'{0x00000000d5709608}> (0x00000000d5709608) 
thrown [s\src\hotspot\share\prims\jni.cpp, line 520]
Event: 137.033 Thread 0x000001f4e2510990 Exception <a 'sun/nio/fs/WindowsException'{0x00000000d5709ee8}> (0x00000000d5709ee8) 
thrown [s\src\hotspot\share\prims\jni.cpp, line 520]
Event: 137.089 Thread 0x000001f4e2510990 Exception <a 'sun/nio/fs/WindowsException'{0x00000000d570dd20}> (0x00000000d570dd20) 
thrown [s\src\hotspot\share\prims\jni.cpp, line 520]
Event: 137.180 Thread 0x000001f4e2510990 Exception <a 'sun/nio/fs/WindowsException'{0x00000000d57cfb68}> (0x00000000d57cfb68) 
thrown [s\src\hotspot\share\prims\jni.cpp, line 520]

ZGC Phase Switch (0 events):
No events

VM Operations (20 events):
Event: 138.659 Executing safepoint VM operation: ParallelGCFailedAllocation (Allocation Failure)
Event: 138.660 Executing safepoint VM operation: ParallelGCFailedAllocation (Allocation Failure) done
Event: 138.678 Executing safepoint VM operation: ParallelGCFailedAllocation (Allocation Failure)
Event: 138.679 Executing safepoint VM operation: ParallelGCFailedAllocation (Allocation Failure) done
Event: 138.721 Executing safepoint VM operation: ParallelGCFailedAllocation (Allocation Failure)
Event: 138.723 Executing safepoint VM operation: ParallelGCFailedAllocation (Allocation Failure) done
Event: 138.734 Executing safepoint VM operation: ParallelGCFailedAllocation (Allocation Failure)
Event: 138.735 Executing safepoint VM operation: ParallelGCFailedAllocation (Allocation Failure) done
Event: 138.824 Executing safepoint VM operation: ParallelGCFailedAllocation (Allocation Failure)
Event: 138.826 Executing safepoint VM operation: ParallelGCFailedAllocation (Allocation Failure) done
Event: 138.882 Executing safepoint VM operation: ParallelGCFailedAllocation (Allocation Failure)
Event: 138.883 Executing safepoint VM operation: ParallelGCFailedAllocation (Allocation Failure) done
Event: 139.039 Executing safepoint VM operation: ParallelGCFailedAllocation (Allocation Failure)
Event: 139.041 Executing safepoint VM operation: ParallelGCFailedAllocation (Allocation Failure) done
Event: 139.064 Executing safepoint VM operation: ParallelGCFailedAllocation (Allocation Failure)
Event: 139.065 Executing safepoint VM operation: ParallelGCFailedAllocation (Allocation Failure) done
Event: 139.174 Executing safepoint VM operation: ParallelGCFailedAllocation (Allocation Failure)
Event: 139.176 Executing safepoint VM operation: ParallelGCFailedAllocation (Allocation Failure) done
Event: 139.532 Executing safepoint VM operation: ParallelGCFailedAllocation (Allocation Failure)
Event: 139.535 Executing safepoint VM operation: ParallelGCFailedAllocation (Allocation Failure) done

Memory protections (0 events):
No events

Nmethod flushes (20 events):
Event: 124.533 Thread 0x000001f484e0e6e0 flushing  nmethod 0x000001f4895f2490
Event: 124.533 Thread 0x000001f484e0e6e0 flushing  nmethod 0x000001f4895f2c10
Event: 124.533 Thread 0x000001f484e0e6e0 flushing  nmethod 0x000001f4895f2f90
Event: 124.533 Thread 0x000001f484e0e6e0 flushing  nmethod 0x000001f4895f9110
Event: 124.533 Thread 0x000001f484e0e6e0 flushing  nmethod 0x000001f4895fa010
Event: 124.533 Thread 0x000001f484e0e6e0 flushing  nmethod 0x000001f489628190
Event: 124.533 Thread 0x000001f484e0e6e0 flushing  nmethod 0x000001f489634510
Event: 124.533 Thread 0x000001f484e0e6e0 flushing  nmethod 0x000001f489634a90
Event: 124.533 Thread 0x000001f484e0e6e0 flushing  nmethod 0x000001f489698d10
Event: 124.533 Thread 0x000001f484e0e6e0 flushing  nmethod 0x000001f4896ee710
Event: 124.533 Thread 0x000001f484e0e6e0 flushing  nmethod 0x000001f489706790
Event: 124.533 Thread 0x000001f484e0e6e0 flushing osr nmethod 0x000001f48971fe10
Event: 124.533 Thread 0x000001f484e0e6e0 flushing  nmethod 0x000001f48977a390
Event: 124.533 Thread 0x000001f484e0e6e0 flushing  nmethod 0x000001f489801490
Event: 124.533 Thread 0x000001f484e0e6e0 flushing  nmethod 0x000001f489802b90
Event: 124.533 Thread 0x000001f484e0e6e0 flushing  nmethod 0x000001f489804090
Event: 124.533 Thread 0x000001f484e0e6e0 flushing  nmethod 0x000001f489804990
Event: 124.533 Thread 0x000001f484e0e6e0 flushing  nmethod 0x000001f48980b410
Event: 124.533 Thread 0x000001f484e0e6e0 flushing osr nmethod 0x000001f48980da10
Event: 124.533 Thread 0x000001f484e0e6e0 flushing osr nmethod 0x000001f489831c10

Events (20 events):
Event: 137.197 Thread 0x000001f4e2510990 Thread added: 0x000001f4e4d5cb70
Event: 137.247 Thread 0x000001f4e4d5cb70 Thread exited: 0x000001f4e4d5cb70
Event: 137.248 Thread 0x000001f4e2510990 Thread added: 0x000001f4e4d5cb70
Event: 137.393 Thread 0x000001f4e2510990 Thread added: 0x000001f4e4d5d890
Event: 137.394 Thread 0x000001f4e2510990 Thread added: 0x000001f4e4d5e5b0
Event: 137.458 Thread 0x000001f4e4d5e5b0 Thread exited: 0x000001f4e4d5e5b0
Event: 137.458 Thread 0x000001f4e2510990 Thread added: 0x000001f4e4d5e5b0
Event: 137.459 Thread 0x000001f4e2510990 Thread added: 0x000001f4e4d5ec40
Event: 137.608 Thread 0x000001f4e4d5ec40 Thread added: 0x000001f4e4d5f2d0
Event: 138.849 Thread 0x000001f4e2451fc0 Thread added: 0x000001f4e4d613a0
Event: 138.898 Thread 0x000001f4e4d613a0 Thread added: 0x000001f4e4d620c0
Event: 139.256 Thread 0x000001f4e4d613a0 Thread added: 0x000001f4eed383b0
Event: 139.280 Thread 0x000001f4eed383b0 Thread added: 0x000001f4eed3b830
Event: 139.281 Thread 0x000001f4eed383b0 Thread added: 0x000001f4eed3df90
Event: 139.318 Thread 0x000001f4eed3b830 Thread exited: 0x000001f4eed3b830
Event: 139.606 Thread 0x000001f4eed383b0 Thread exited: 0x000001f4eed383b0
Event: 139.607 Thread 0x000001f4eed3df90 Thread exited: 0x000001f4eed3df90
Event: 139.609 Thread 0x000001f4e4d613a0 Thread exited: 0x000001f4e4d613a0
Event: 139.616 Thread 0x000001f4e2451fc0 Thread added: 0x000001f4eed383b0
Event: 139.624 Thread 0x000001f4e4d620c0 Thread exited: 0x000001f4e4d620c0


Dynamic libraries:
0x00007ff79ad60000 - 0x00007ff79ad6e000 	c:\Users\welcome\.vscode\extensions\redhat.java-1.56.0-win32-x64\jre\21.0.12.1-win32-x86_64\bin\java.exe
0x00007ff9ea3b0000 - 0x00007ff9ea5a9000 	C:\Windows\SYSTEM32\ntdll.dll
0x00007ff9e8650000 - 0x00007ff9e8712000 	C:\Windows\System32\KERNEL32.DLL
0x00007ff9e7a00000 - 0x00007ff9e7cf7000 	C:\Windows\System32\KERNELBASE.dll
0x00007ff9e8000000 - 0x00007ff9e8100000 	C:\Windows\System32\ucrtbase.dll
0x00007ff97e230000 - 0x00007ff97e24e000 	c:\Users\welcome\.vscode\extensions\redhat.java-1.56.0-win32-x64\jre\21.0.12.1-win32-x86_64\bin\VCRUNTIME140.dll
0x00007ff97de60000 - 0x00007ff97de78000 	c:\Users\welcome\.vscode\extensions\redhat.java-1.56.0-win32-x64\jre\21.0.12.1-win32-x86_64\bin\jli.dll
0x00007ff9e9c20000 - 0x00007ff9e9dbd000 	C:\Windows\System32\USER32.dll
0x00007ff9e8150000 - 0x00007ff9e8172000 	C:\Windows\System32\win32u.dll
0x00007ff9e8940000 - 0x00007ff9e896b000 	C:\Windows\System32\GDI32.dll
0x00007ff9e7ee0000 - 0x00007ff9e7ffa000 	C:\Windows\System32\gdi32full.dll
0x00007ff9e81b0000 - 0x00007ff9e824d000 	C:\Windows\System32\msvcp_win.dll
0x00007ff9e6e20000 - 0x00007ff9e70bb000 	C:\Windows\WinSxS\amd64_microsoft.windows.common-controls_6595b64144ccf1df_6.0.19041.7663_none_60b9ed0b71f50c93\COMCTL32.dll
0x00007ff9e91b0000 - 0x00007ff9e924e000 	C:\Windows\System32\msvcrt.dll
0x00007ff9e90f0000 - 0x00007ff9e911f000 	C:\Windows\System32\IMM32.DLL
0x00007ff9b0f00000 - 0x00007ff9b0f0c000 	c:\Users\welcome\.vscode\extensions\redhat.java-1.56.0-win32-x64\jre\21.0.12.1-win32-x86_64\bin\vcruntime140_1.dll
0x00007ff94dcb0000 - 0x00007ff94dd3d000 	c:\Users\welcome\.vscode\extensions\redhat.java-1.56.0-win32-x64\jre\21.0.12.1-win32-x86_64\bin\msvcp140.dll
0x00007ff94cf00000 - 0x00007ff94dca2000 	c:\Users\welcome\.vscode\extensions\redhat.java-1.56.0-win32-x64\jre\21.0.12.1-win32-x86_64\bin\server\jvm.dll
0x00007ff9e9b60000 - 0x00007ff9e9c12000 	C:\Windows\System32\ADVAPI32.dll
0x00007ff9e9810000 - 0x00007ff9e98b0000 	C:\Windows\System32\sechost.dll
0x00007ff9e83f0000 - 0x00007ff9e8516000 	C:\Windows\System32\RPCRT4.dll
0x00007ff9e8180000 - 0x00007ff9e81a7000 	C:\Windows\System32\bcrypt.dll
0x00007ff9e9130000 - 0x00007ff9e91a3000 	C:\Windows\System32\WS2_32.dll
0x00007ff9e7850000 - 0x00007ff9e789b000 	C:\Windows\SYSTEM32\POWRPROF.dll
0x00007ff9d13f0000 - 0x00007ff9d1417000 	C:\Windows\SYSTEM32\WINMM.dll
0x00007ff9df810000 - 0x00007ff9df81a000 	C:\Windows\SYSTEM32\VERSION.dll
0x00007ff9e7830000 - 0x00007ff9e7842000 	C:\Windows\SYSTEM32\UMPDC.dll
0x00007ff9e5170000 - 0x00007ff9e5182000 	C:\Windows\SYSTEM32\kernel.appcore.dll
0x00007ff97de50000 - 0x00007ff97de5a000 	c:\Users\welcome\.vscode\extensions\redhat.java-1.56.0-win32-x64\jre\21.0.12.1-win32-x86_64\bin\jimage.dll
0x00007ff9e72d0000 - 0x00007ff9e74db000 	C:\Windows\SYSTEM32\DBGHELP.DLL
0x00007ff9e7290000 - 0x00007ff9e72c5000 	C:\Windows\SYSTEM32\dbgcore.DLL
0x00007ff9e8300000 - 0x00007ff9e8382000 	C:\Windows\System32\bcryptPrimitives.dll
0x00007ff97e040000 - 0x00007ff97e04f000 	c:\Users\welcome\.vscode\extensions\redhat.java-1.56.0-win32-x64\jre\21.0.12.1-win32-x86_64\bin\instrument.dll
0x00007ff97e020000 - 0x00007ff97e040000 	c:\Users\welcome\.vscode\extensions\redhat.java-1.56.0-win32-x64\jre\21.0.12.1-win32-x86_64\bin\java.dll
0x00007ff9e8970000 - 0x00007ff9e90e1000 	C:\Windows\System32\SHELL32.dll
0x00007ff9e5380000 - 0x00007ff9e5b2c000 	C:\Windows\SYSTEM32\windows.storage.dll
0x00007ff9ea010000 - 0x00007ff9ea364000 	C:\Windows\System32\combase.dll
0x00007ff9e6b50000 - 0x00007ff9e6b7b000 	C:\Windows\SYSTEM32\Wldp.dll
0x00007ff9e99d0000 - 0x00007ff9e9a7d000 	C:\Windows\System32\SHCORE.dll
0x00007ff9e88e0000 - 0x00007ff9e893b000 	C:\Windows\System32\shlwapi.dll
0x00007ff9e7920000 - 0x00007ff9e7945000 	C:\Windows\SYSTEM32\profapi.dll
0x00007ff97e000000 - 0x00007ff97e018000 	c:\Users\welcome\.vscode\extensions\redhat.java-1.56.0-win32-x64\jre\21.0.12.1-win32-x86_64\bin\zip.dll
0x00007ff97dff0000 - 0x00007ff97e000000 	C:\Users\welcome\.vscode\extensions\redhat.java-1.56.0-win32-x64\jre\21.0.12.1-win32-x86_64\bin\net.dll
0x00007ff9dd020000 - 0x00007ff9dd12d000 	C:\Windows\SYSTEM32\WINHTTP.dll
0x00007ff9e69c0000 - 0x00007ff9e6a2a000 	C:\Windows\system32\mswsock.dll
0x00007ff97de90000 - 0x00007ff97dea6000 	C:\Users\welcome\.vscode\extensions\redhat.java-1.56.0-win32-x64\jre\21.0.12.1-win32-x86_64\bin\nio.dll
0x00007ff97de80000 - 0x00007ff97de90000 	c:\Users\welcome\.vscode\extensions\redhat.java-1.56.0-win32-x64\jre\21.0.12.1-win32-x86_64\bin\verify.dll
0x00007ff9ada50000 - 0x00007ff9ada95000 	C:\Users\welcome\AppData\Roaming\Code\User\globalStorage\redhat.java\1.56.0\config_win\org.eclipse.equinox.launcher\org.eclipse.equinox.launcher.win32.win32.x86_64_1.3.100.v20260804-1928\eclipse_11924.dll
0x00007ff9e8520000 - 0x00007ff9e864c000 	C:\Windows\System32\ole32.dll
0x00007ff9e7690000 - 0x00007ff9e76a8000 	C:\Windows\SYSTEM32\CRYPTSP.dll
0x00007ff9e6300000 - 0x00007ff9e6338000 	C:\Windows\system32\rsaenh.dll
0x00007ff9e78e0000 - 0x00007ff9e790e000 	C:\Windows\SYSTEM32\USERENV.dll
0x00007ff9e6c10000 - 0x00007ff9e6c1c000 	C:\Windows\SYSTEM32\CRYPTBASE.dll
0x00007ff9e6680000 - 0x00007ff9e66bb000 	C:\Windows\SYSTEM32\IPHLPAPI.DLL
0x00007ff9ea000000 - 0x00007ff9ea008000 	C:\Windows\System32\NSI.dll
0x00007ff9e2200000 - 0x00007ff9e2249000 	C:\Users\welcome\AppData\Local\Temp\jna-1233099618\jna11772886219969839582.dll
0x00007ff9e9dc0000 - 0x00007ff9e9dc8000 	C:\Windows\System32\PSAPI.DLL
0x00007ff9ddf70000 - 0x00007ff9ddf87000 	C:\Windows\SYSTEM32\dhcpcsvc6.DLL
0x00007ff9dded0000 - 0x00007ff9ddeed000 	C:\Windows\SYSTEM32\dhcpcsvc.DLL
0x00007ff9d2d00000 - 0x00007ff9d2d27000 	C:\Users\welcome\.gradle\native\c067742578af261105cb4f569cf0c3c89f3d7b1fecec35dd04571415982c5e48\windows-amd64\native-platform.dll
0x00007ff97cd50000 - 0x00007ff97cd5a000 	C:\Users\welcome\.vscode\extensions\redhat.java-1.56.0-win32-x64\jre\21.0.12.1-win32-x86_64\bin\management.dll
0x00007ff97cd40000 - 0x00007ff97cd4c000 	C:\Users\welcome\.vscode\extensions\redhat.java-1.56.0-win32-x64\jre\21.0.12.1-win32-x86_64\bin\management_ext.dll
0x00007ff9e2bd0000 - 0x00007ff9e2bd9000 	C:\Users\welcome\.vscode\extensions\redhat.java-1.56.0-win32-x64\jre\21.0.12.1-win32-x86_64\bin\extnet.dll
0x00007ff9e2bb0000 - 0x00007ff9e2bbe000 	C:\Users\welcome\.vscode\extensions\redhat.java-1.56.0-win32-x64\jre\21.0.12.1-win32-x86_64\bin\sunmscapi.dll
0x00007ff9e7d80000 - 0x00007ff9e7edd000 	C:\Windows\System32\CRYPT32.dll
0x00007ff9e6d00000 - 0x00007ff9e6d27000 	C:\Windows\SYSTEM32\ncrypt.dll
0x00007ff9e6cc0000 - 0x00007ff9e6cfb000 	C:\Windows\SYSTEM32\NTASN1.dll
0x00007ff99c3c0000 - 0x00007ff99c3c7000 	C:\Windows\system32\wshunix.dll

JVMTI agents:
c:\Users\welcome\.vscode\extensions\redhat.java-1.56.0-win32-x64\lombok\lombok-1.18.39-4050.jar path:c:\Users\welcome\.vscode\extensions\redhat.java-1.56.0-win32-x64\jre\21.0.12.1-win32-x86_64\bin\instrument.dll, loaded, initialized, instrumentlib options:none

dbghelp: loaded successfully - version: 4.0.5 - missing functions: none
symbol engine: initialized successfully - sym options: 0x614 - pdb path: .;c:\Users\welcome\.vscode\extensions\redhat.java-1.56.0-win32-x64\jre\21.0.12.1-win32-x86_64\bin;C:\Windows\SYSTEM32;C:\Windows\WinSxS\amd64_microsoft.windows.common-controls_6595b64144ccf1df_6.0.19041.7663_none_60b9ed0b71f50c93;c:\Users\welcome\.vscode\extensions\redhat.java-1.56.0-win32-x64\jre\21.0.12.1-win32-x86_64\bin\server;C:\Users\welcome\AppData\Roaming\Code\User\globalStorage\redhat.java\1.56.0\config_win\org.eclipse.equinox.launcher\org.eclipse.equinox.launcher.win32.win32.x86_64_1.3.100.v20260804-1928;C:\Users\welcome\AppData\Local\Temp\jna-1233099618;C:\Users\welcome\.gradle\native\c067742578af261105cb4f569cf0c3c89f3d7b1fecec35dd04571415982c5e48\windows-amd64

VM Arguments:
jvm_args: --add-modules=ALL-SYSTEM --add-opens=java.base/java.util=ALL-UNNAMED --add-opens=java.base/java.lang=ALL-UNNAMED --add-opens=java.base/sun.nio.fs=ALL-UNNAMED -Declipse.application=org.eclipse.jdt.ls.core.id1 -Dosgi.bundles.defaultStartLevel=4 -Declipse.product=org.eclipse.jdt.ls.core.product -Djava.import.generatesMetadataFilesAtProjectRoot=false -Dm2e.project.cache.size=50 -DDetectVMInstallationsJob.disabled=true -Dfile.encoding=utf8 -XX:+UseParallelGC -XX:GCTimeRatio=4 -XX:AdaptiveSizePolicyWeight=90 -Dsun.zip.disableMemoryMapping=true -Xmx2G -Xms100m -Xlog:disable -javaagent:c:\Users\welcome\.vscode\extensions\redhat.java-1.56.0-win32-x64\lombok\lombok-1.18.39-4050.jar -XX:+HeapDumpOnOutOfMemoryError -XX:HeapDumpPath=c:\Users\welcome\AppData\Roaming\Code\User\workspaceStorage\438089d090c8572c52f170013986077f\redhat.java -Daether.dependencyCollector.impl=bf 
java_command: c:\Users\welcome\.vscode\extensions\redhat.java-1.56.0-win32-x64\server\plugins\org.eclipse.equinox.launcher_1.8.0.v20260804-1928.jar -configuration c:\Users\welcome\AppData\Roaming\Code\User\globalStorage\redhat.java\1.56.0\config_win -data c:\Users\welcome\AppData\Roaming\Code\User\workspaceStorage\438089d090c8572c52f170013986077f\redhat.java\jdt_ws --pipe=\\.\pipe\lsp-f413b038b579ca50289a4e554ee5d686-sock
java_class_path (initial): c:\Users\welcome\.vscode\extensions\redhat.java-1.56.0-win32-x64\server\plugins\org.eclipse.equinox.launcher_1.8.0.v20260804-1928.jar
Launcher Type: SUN_STANDARD

[Global flags]
    uintx AdaptiveSizePolicyWeight                 = 90                                        {product} {command line}
     intx CICompilerCount                          = 3                                         {product} {ergonomic}
    uintx GCTimeRatio                              = 4                                         {product} {command line}
     bool HeapDumpOnOutOfMemoryError               = true                                   {manageable} {command line}
    ccstr HeapDumpPath                             = c:\Users\welcome\AppData\Roaming\Code\User\workspaceStorage\438089d090c8572c52f170013986077f\redhat.java         {manageable} {command line}
   size_t InitialHeapSize                          = 104857600                                 {product} {command line}
   size_t MaxHeapSize                              = 2147483648                                {product} {command line}
   size_t MaxNewSize                               = 715653120                                 {product} {ergonomic}
   size_t MinHeapDeltaBytes                        = 524288                                    {product} {ergonomic}
   size_t MinHeapSize                              = 104857600                                 {product} {command line}
   size_t NewSize                                  = 34603008                                  {product} {ergonomic}
    uintx NonNMethodCodeHeapSize                   = 5832780                                {pd product} {ergonomic}
    uintx NonProfiledCodeHeapSize                  = 122912730                              {pd product} {ergonomic}
   size_t OldSize                                  = 70254592                                  {product} {ergonomic}
    uintx ProfiledCodeHeapSize                     = 122912730                              {pd product} {ergonomic}
    uintx ReservedCodeCacheSize                    = 251658240                              {pd product} {ergonomic}
     bool SegmentedCodeCache                       = true                                      {product} {ergonomic}
   size_t SoftMaxHeapSize                          = 2147483648                             {manageable} {ergonomic}
     bool UseCompressedOops                        = true                           {product lp64_product} {ergonomic}
     bool UseLargePagesIndividualAllocation        = false                                  {pd product} {ergonomic}
     bool UseParallelGC                            = true                                      {product} {command line}

Logging:
Log output configuration:
 #0: stdout all=off uptime,level,tags foldmultilines=false
 #1: stderr all=off uptime,level,tags foldmultilines=false

Release file:
JAVA_VERSION="21.0.12.1" 
MODULES="java.base java.compiler java.datatransfer java.xml java.prefs java.desktop java.instrument java.logging java.management java.security.sasl java.naming java.rmi java.management.rmi java.net.http java.scripting java.security.jgss java.transaction.xa java.sql java.sql.rowset java.xml.crypto java.se java.smartcardio jdk.accessibility jdk.internal.jvmstat jdk.attach jdk.charsets jdk.internal.opt jdk.zipfs jdk.compiler jdk.crypto.ec jdk.crypto.cryptoki jdk.crypto.mscapi jdk.dynalink jdk.internal.ed jdk.editpad jdk.hotspot.agent jdk.httpserver jdk.internal.le jdk.internal.vm.ci jdk.internal.vm.compiler jdk.internal.vm.compiler.management jdk.jartool jdk.javadoc jdk.jcmd jdk.management jdk.management.agent jdk.jconsole jdk.jdeps jdk.jdwp.agent jdk.jdi jdk.jfr jdk.jshell jdk.jsobject jdk.jstatd jdk.localedata jdk.management.jfr jdk.naming.dns jdk.naming.rmi jdk.net jdk.nio.mapmode jdk.random jdk.sctp jdk.security.auth jdk.security.jgss jdk.unsupported jdk.unsupported.desktop jdk.xml.dom" 

Environment Variables:
PATH=C:\Program Files\Eclipse Adoptium\jdk-17.0.20.101-hotspot\bin;C:\Windows\system32;C:\Windows;C:\Windows\System32\Wbem;C:\Windows\System32\WindowsPowerShell\v1.0\;C:\Windows\System32\OpenSSH\;C:\Program Files\Git\cmd;C:\Program Files\nodejs\;C:\Users\welcome\AppData\Local\Microsoft\WindowsApps;C:\Users\welcome\AppData\Local\Programs\Microsoft VS Code\bin;C:\Users\welcome\AppData\Local\Programs\DockerDesktop\resources\bin;C:\Users\welcome\AppData\Roaming\npm
USERNAME=welcome
OS=Windows_NT
PROCESSOR_IDENTIFIER=Intel64 Family 6 Model 142 Stepping 9, GenuineIntel
TMP=C:\Users\welcome\AppData\Local\Temp
TEMP=C:\Users\welcome\AppData\Local\Temp




Periodic native trim disabled

---------------  S Y S T E M  ---------------

OS:
 Windows 10 , 64 bit Build 19041 (10.0.19041.7725)
OS uptime: 0 days 11:17 hours
Hyper-V role detected

CPU: total 4 (initial active 4) (2 cores per cpu, 2 threads per core) family 6 model 142 stepping 9 microcode 0xea, cx8, cmov, fxsr, ht, mmx, 3dnowpref, sse, sse2, sse3, ssse3, sse4.1, sse4.2, popcnt, lzcnt, tsc, tscinvbit, avx, avx2, aes, erms, clmul, bmi1, bmi2, adx, fma, vzeroupper, clflush, clflushopt, hv, rdtscp, f16c
Processor Information for the first 4 processors :
  Max Mhz: 2400, Current Mhz: 2400, Mhz Limit: 2400

Memory: 4k page, system-wide physical 4005M (270M free)
TotalPageFile size 11505M (AvailPageFile size 2M)
current process WorkingSet (physical memory assigned to process): 180M, peak: 454M
current process commit charge ("private bytes"): 416M, peak: 1699M

vm_info: OpenJDK 64-Bit Server VM (21.0.12.1+1-LTS) for windows-amd64 JRE (21.0.12.1+1-LTS), built on 2026-08-18T00:00:00Z by "admin" with MS VC++ 17.12 (VS2022)

END.
