#
# There is insufficient memory for the Java Runtime Environment to continue.
# Native memory allocation (malloc) failed to allocate 590576 bytes. Error detail: Chunk::new
# Possible reasons:
#   The system is out of physical RAM or swap space
#   This process is running with CompressedOops enabled, and the Java Heap may be blocking the growth of the native heap
# Possible solutions:
#   Reduce memory load on the system
#   Increase physical memory or swap space
#   Check if swap backing store is full
#   Decrease Java heap size (-Xmx/-Xms)
#   Decrease number of Java threads
#   Decrease Java thread stack sizes (-Xss)
#   Set larger code cache with -XX:ReservedCodeCacheSize=
#   JVM is running with Unscaled Compressed Oops mode in which the Java heap is
#     placed in the first 4GB address space. The Java Heap base address is the
#     maximum limit for the native heap growth. Please use -XX:HeapBaseMinAddress
#     to set the Java Heap base and to place the Java Heap above 4GB virtual address.
# This output file may be truncated or incomplete.
#
#  Out of Memory Error (arena.cpp:168), pid=5116, tid=6136
#
# JRE version: OpenJDK Runtime Environment Temurin-21.0.12.1+1 (21.0.12.1+1) (build 21.0.12.1+1-LTS)
# Java VM: OpenJDK 64-Bit Server VM Temurin-21.0.12.1+1 (21.0.12.1+1-LTS, mixed mode, sharing, tiered, compressed oops, compressed class ptrs, g1 gc, windows-amd64)
# No core dump will be written. Minidumps are not enabled by default on client versions of Windows
#

---------------  S U M M A R Y ------------

Command Line: org.jetbrains.kotlin.cli.jvm.K2JVMCompiler @C:\Users\welcome\Distributed-Flight-System\booking-service\build\20260923_12884341391033475335.compiler.options

Host: Intel(R) Core(TM) i3-7100U CPU @ 2.40GHz, 4 cores, 3G,  Windows 10 , 64 bit Build 19041 (10.0.19041.7725)
Time: Wed Sep 23 10:22:26 2026 India Standard Time elapsed time: 2.191433 seconds (0d 0h 0m 2s)

---------------  T H R E A D  ---------------

Current thread (0x000001fbc9e168d0):  JavaThread "C2 CompilerThread0" daemon [_thread_in_native, id=6136, stack(0x000000becdb00000,0x000000becdc00000) (1024K)]


Current CompileTask:
C2:2191 1345       4       org.jetbrains.kotlin.com.intellij.openapi.vfs.impl.jar.CoreJarHandler::getOrCreateFile (106 bytes)

Stack: [0x000000becdb00000,0x000000becdc00000]
Native frames: (J=compiled Java code, j=interpreted, Vv=VM code, C=native code)
V  [jvm.dll+0x6d83e9]
V  [jvm.dll+0x8b5736]
V  [jvm.dll+0x8b7cee]
V  [jvm.dll+0x8b83d3]
V  [jvm.dll+0x284596]
V  [jvm.dll+0xc685d]
V  [jvm.dll+0xc6da1]
V  [jvm.dll+0x3bf151]
V  [jvm.dll+0x38b6d2]
V  [jvm.dll+0x38ab1a]
V  [jvm.dll+0x24c700]
V  [jvm.dll+0x24bce0]
V  [jvm.dll+0x1cb4ae]
V  [jvm.dll+0x25baad]
V  [jvm.dll+0x25a03a]
V  [jvm.dll+0x3f8aae]
V  [jvm.dll+0x8600cd]
V  [jvm.dll+0x6d6c1d]
C  [ucrtbase.dll+0x21bb2]
C  [KERNEL32.DLL+0x17384]
C  [ntdll.dll+0x4cc91]


---------------  P R O C E S S  ---------------

Threads class SMR info:
_java_thread_list=0x000001fc0f07ebb0, length=11, elements={
0x000001fbb224e130, 0x000001fbc9e09bc0, 0x000001fbc9e0aae0, 0x000001fbc9e0eee0,
0x000001fbc9e0ffd0, 0x000001fbc9e10e40, 0x000001fbc9e11cb0, 0x000001fbc9e168d0,
0x000001fbc9e17370, 0x000001fc0f09e370, 0x000001fc0f0a4bd0
}

Java Threads: ( => current thread )
  0x000001fbb224e130 JavaThread "main"                              [_thread_in_Java, id=4840, stack(0x000000beccd00000,0x000000becce00000) (1024K)]
  0x000001fbc9e09bc0 JavaThread "Reference Handler"          daemon [_thread_blocked, id=18180, stack(0x000000becd500000,0x000000becd600000) (1024K)]
  0x000001fbc9e0aae0 JavaThread "Finalizer"                  daemon [_thread_blocked, id=17816, stack(0x000000becd600000,0x000000becd700000) (1024K)]
  0x000001fbc9e0eee0 JavaThread "Signal Dispatcher"          daemon [_thread_blocked, id=19476, stack(0x000000becd700000,0x000000becd800000) (1024K)]
  0x000001fbc9e0ffd0 JavaThread "Attach Listener"            daemon [_thread_blocked, id=12076, stack(0x000000becd800000,0x000000becd900000) (1024K)]
  0x000001fbc9e10e40 JavaThread "Service Thread"             daemon [_thread_blocked, id=14920, stack(0x000000becd900000,0x000000becda00000) (1024K)]
  0x000001fbc9e11cb0 JavaThread "Monitor Deflation Thread"   daemon [_thread_blocked, id=15648, stack(0x000000becda00000,0x000000becdb00000) (1024K)]
=>0x000001fbc9e168d0 JavaThread "C2 CompilerThread0"         daemon [_thread_in_native, id=6136, stack(0x000000becdb00000,0x000000becdc00000) (1024K)]
  0x000001fbc9e17370 JavaThread "C1 CompilerThread0"         daemon [_thread_blocked, id=15440, stack(0x000000becdc00000,0x000000becdd00000) (1024K)]
  0x000001fc0f09e370 JavaThread "Notification Thread"        daemon [_thread_blocked, id=10932, stack(0x000000becdd00000,0x000000becde00000) (1024K)]
  0x000001fc0f0a4bd0 JavaThread "Common-Cleaner"             daemon [_thread_blocked, id=5796, stack(0x000000becde00000,0x000000becdf00000) (1024K)]
Total: 11

Other Threads:
  0x000001fbb44af9d0 VMThread "VM Thread"                           [id=17624, stack(0x000000becd400000,0x000000becd500000) (1024K)]
  0x000001fbc9dfd0e0 WatcherThread "VM Periodic Task Thread"        [id=17604, stack(0x000000becd300000,0x000000becd400000) (1024K)]
  0x000001fbb4426800 WorkerThread "GC Thread#0"                     [id=19484, stack(0x000000becce00000,0x000000beccf00000) (1024K)]
  0x000001fc0f59d580 WorkerThread "GC Thread#1"                     [id=9280, stack(0x000000becdf00000,0x000000bece000000) (1024K)]
  0x000001fc0f5b0b80 WorkerThread "GC Thread#2"                     [id=15616, stack(0x000000bece000000,0x000000bece100000) (1024K)]
  0x000001fc0f5b0f30 WorkerThread "GC Thread#3"                     [id=16100, stack(0x000000bece100000,0x000000bece200000) (1024K)]
  0x000001fbb442f6e0 ConcurrentGCThread "G1 Main Marker"            [id=15984, stack(0x000000beccf00000,0x000000becd000000) (1024K)]
  0x000001fbb44311a0 WorkerThread "G1 Conc#0"                       [id=19184, stack(0x000000becd000000,0x000000becd100000) (1024K)]
  0x000001fbb448aa30 ConcurrentGCThread "G1 Refine#0"               [id=14676, stack(0x000000becd100000,0x000000becd200000) (1024K)]
  0x000001fbb448bbc0 ConcurrentGCThread "G1 Service"                [id=20028, stack(0x000000becd200000,0x000000becd300000) (1024K)]
Total: 10

Threads with active compile tasks:
C2 CompilerThread0  2238 1345       4       org.jetbrains.kotlin.com.intellij.openapi.vfs.impl.jar.CoreJarHandler::getOrCreateFile (106 bytes)
Total: 1

VM state: not at safepoint (normal execution)

VM Mutex/Monitor currently owned by a thread: None

Heap address: 0x00000000c1600000, size: 1002 MB, Compressed Oops mode: 32-bit

CDS archive(s) mapped at: [0x000001fbca000000-0x000001fbcaba0000-0x000001fbcaba0000), size 12189696, SharedBaseAddress: 0x000001fbca000000, ArchiveRelocationMode: 1.
Compressed class space mapped at: 0x000001fbcb000000-0x000001fc0b000000, reserved size: 1073741824
Narrow klass base: 0x000001fbca000000, Narrow klass shift: 0, Narrow klass range: 0x100000000

GC Precious Log:
 CardTable entry size: 512
 Card Set container configuration: InlinePtr #cards 5 size 8 Array Of Cards #cards 12 size 40 Howl #buckets 4 coarsen threshold 1843 Howl Bitmap #cards 512 size 80 coarsen threshold 460 Card regions per heap region 1 cards per card region 2048
 CPUs: 4 total, 4 available
 Memory: 4005M
 Large Page Support: Disabled
 NUMA Support: Disabled
 Compressed Oops: Enabled (32-bit)
 Heap Region Size: 1M
 Heap Min Capacity: 8M
 Heap Initial Capacity: 64M
 Heap Max Capacity: 1002M
 Pre-touch: Disabled
 Parallel Workers: 4
 Concurrent Workers: 1
 Concurrent Refinement Workers: 4
 Periodic GC: Disabled

Heap:
 garbage-first heap   total 65536K, used 43529K [0x00000000c1600000, 0x0000000100000000)
  region size 1024K, 37 young (37888K), 2 survivors (2048K)
 Metaspace       used 17492K, committed 17792K, reserved 1114112K
  class space    used 2302K, committed 2432K, reserved 1048576K

Heap Regions: E=young(eden), S=young(survivor), O=old, HS=humongous(starts), HC=humongous(continues), CS=collection set, F=free, TAMS=top-at-mark-start, PB=parsable bottom
|   0|0x00000000c1600000, 0x00000000c1700000, 0x00000000c1700000|100%|HS|  |TAMS 0x00000000c1600000| PB 0x00000000c1600000| Complete 
|   1|0x00000000c1700000, 0x00000000c1800000, 0x00000000c1800000|100%|HC|  |TAMS 0x00000000c1700000| PB 0x00000000c1700000| Complete 
|   2|0x00000000c1800000, 0x00000000c1900000, 0x00000000c1900000|100%|HC|  |TAMS 0x00000000c1800000| PB 0x00000000c1800000| Complete 
|   3|0x00000000c1900000, 0x00000000c1a00000, 0x00000000c1a00000|100%|HC|  |TAMS 0x00000000c1900000| PB 0x00000000c1900000| Complete 
|   4|0x00000000c1a00000, 0x00000000c1b00000, 0x00000000c1b00000|100%| O|  |TAMS 0x00000000c1a00000| PB 0x00000000c1a00000| Untracked 
|   5|0x00000000c1b00000, 0x00000000c1c00000, 0x00000000c1c00000|100%| O|  |TAMS 0x00000000c1b00000| PB 0x00000000c1b00000| Untracked 
|   6|0x00000000c1c00000, 0x00000000c1c3b680, 0x00000000c1d00000| 23%| O|  |TAMS 0x00000000c1c00000| PB 0x00000000c1c00000| Untracked 
|   7|0x00000000c1d00000, 0x00000000c1e00000, 0x00000000c1e00000|100%|HS|  |TAMS 0x00000000c1d00000| PB 0x00000000c1d00000| Complete 
|   8|0x00000000c1e00000, 0x00000000c1e00000, 0x00000000c1f00000|  0%| F|  |TAMS 0x00000000c1e00000| PB 0x00000000c1e00000| Untracked 
|   9|0x00000000c1f00000, 0x00000000c1f00000, 0x00000000c2000000|  0%| F|  |TAMS 0x00000000c1f00000| PB 0x00000000c1f00000| Untracked 
|  10|0x00000000c2000000, 0x00000000c2000000, 0x00000000c2100000|  0%| F|  |TAMS 0x00000000c2000000| PB 0x00000000c2000000| Untracked 
|  11|0x00000000c2100000, 0x00000000c2100000, 0x00000000c2200000|  0%| F|  |TAMS 0x00000000c2100000| PB 0x00000000c2100000| Untracked 
|  12|0x00000000c2200000, 0x00000000c2200000, 0x00000000c2300000|  0%| F|  |TAMS 0x00000000c2200000| PB 0x00000000c2200000| Untracked 
|  13|0x00000000c2300000, 0x00000000c2300000, 0x00000000c2400000|  0%| F|  |TAMS 0x00000000c2300000| PB 0x00000000c2300000| Untracked 
|  14|0x00000000c2400000, 0x00000000c2400000, 0x00000000c2500000|  0%| F|  |TAMS 0x00000000c2400000| PB 0x00000000c2400000| Untracked 
|  15|0x00000000c2500000, 0x00000000c2500000, 0x00000000c2600000|  0%| F|  |TAMS 0x00000000c2500000| PB 0x00000000c2500000| Untracked 
|  16|0x00000000c2600000, 0x00000000c2600000, 0x00000000c2700000|  0%| F|  |TAMS 0x00000000c2600000| PB 0x00000000c2600000| Untracked 
|  17|0x00000000c2700000, 0x00000000c2700000, 0x00000000c2800000|  0%| F|  |TAMS 0x00000000c2700000| PB 0x00000000c2700000| Untracked 
|  18|0x00000000c2800000, 0x00000000c2800000, 0x00000000c2900000|  0%| F|  |TAMS 0x00000000c2800000| PB 0x00000000c2800000| Untracked 
|  19|0x00000000c2900000, 0x00000000c2900000, 0x00000000c2a00000|  0%| F|  |TAMS 0x00000000c2900000| PB 0x00000000c2900000| Untracked 
|  20|0x00000000c2a00000, 0x00000000c2a00000, 0x00000000c2b00000|  0%| F|  |TAMS 0x00000000c2a00000| PB 0x00000000c2a00000| Untracked 
|  21|0x00000000c2b00000, 0x00000000c2b00000, 0x00000000c2c00000|  0%| F|  |TAMS 0x00000000c2b00000| PB 0x00000000c2b00000| Untracked 
|  22|0x00000000c2c00000, 0x00000000c2c00000, 0x00000000c2d00000|  0%| F|  |TAMS 0x00000000c2c00000| PB 0x00000000c2c00000| Untracked 
|  23|0x00000000c2d00000, 0x00000000c2d00000, 0x00000000c2e00000|  0%| F|  |TAMS 0x00000000c2d00000| PB 0x00000000c2d00000| Untracked 
|  24|0x00000000c2e00000, 0x00000000c2e00000, 0x00000000c2f00000|  0%| F|  |TAMS 0x00000000c2e00000| PB 0x00000000c2e00000| Untracked 
|  25|0x00000000c2f00000, 0x00000000c2f00000, 0x00000000c3000000|  0%| F|  |TAMS 0x00000000c2f00000| PB 0x00000000c2f00000| Untracked 
|  26|0x00000000c3000000, 0x00000000c3000000, 0x00000000c3100000|  0%| F|  |TAMS 0x00000000c3000000| PB 0x00000000c3000000| Untracked 
|  27|0x00000000c3100000, 0x00000000c31734e8, 0x00000000c3200000| 45%| E|  |TAMS 0x00000000c3100000| PB 0x00000000c3100000| Complete 
|  28|0x00000000c3200000, 0x00000000c3300000, 0x00000000c3300000|100%| E|CS|TAMS 0x00000000c3200000| PB 0x00000000c3200000| Complete 
|  29|0x00000000c3300000, 0x00000000c3400000, 0x00000000c3400000|100%| E|CS|TAMS 0x00000000c3300000| PB 0x00000000c3300000| Complete 
|  30|0x00000000c3400000, 0x00000000c3500000, 0x00000000c3500000|100%| E|CS|TAMS 0x00000000c3400000| PB 0x00000000c3400000| Complete 
|  31|0x00000000c3500000, 0x00000000c3600000, 0x00000000c3600000|100%| E|CS|TAMS 0x00000000c3500000| PB 0x00000000c3500000| Complete 
|  32|0x00000000c3600000, 0x00000000c3700000, 0x00000000c3700000|100%| E|CS|TAMS 0x00000000c3600000| PB 0x00000000c3600000| Complete 
|  33|0x00000000c3700000, 0x00000000c3800000, 0x00000000c3800000|100%| E|CS|TAMS 0x00000000c3700000| PB 0x00000000c3700000| Complete 
|  34|0x00000000c3800000, 0x00000000c3900000, 0x00000000c3900000|100%| E|CS|TAMS 0x00000000c3800000| PB 0x00000000c3800000| Complete 
|  35|0x00000000c3900000, 0x00000000c3a00000, 0x00000000c3a00000|100%| E|CS|TAMS 0x00000000c3900000| PB 0x00000000c3900000| Complete 
|  36|0x00000000c3a00000, 0x00000000c3b00000, 0x00000000c3b00000|100%| E|CS|TAMS 0x00000000c3a00000| PB 0x00000000c3a00000| Complete 
|  37|0x00000000c3b00000, 0x00000000c3c00000, 0x00000000c3c00000|100%| E|CS|TAMS 0x00000000c3b00000| PB 0x00000000c3b00000| Complete 
|  38|0x00000000c3c00000, 0x00000000c3d00000, 0x00000000c3d00000|100%| E|CS|TAMS 0x00000000c3c00000| PB 0x00000000c3c00000| Complete 
|  39|0x00000000c3d00000, 0x00000000c3e00000, 0x00000000c3e00000|100%| E|CS|TAMS 0x00000000c3d00000| PB 0x00000000c3d00000| Complete 
|  40|0x00000000c3e00000, 0x00000000c3e46de8, 0x00000000c3f00000| 27%| S|CS|TAMS 0x00000000c3e00000| PB 0x00000000c3e00000| Complete 
|  41|0x00000000c3f00000, 0x00000000c4000000, 0x00000000c4000000|100%| S|CS|TAMS 0x00000000c3f00000| PB 0x00000000c3f00000| Complete 
|  42|0x00000000c4000000, 0x00000000c4100000, 0x00000000c4100000|100%| E|CS|TAMS 0x00000000c4000000| PB 0x00000000c4000000| Complete 
|  43|0x00000000c4100000, 0x00000000c4200000, 0x00000000c4200000|100%| E|CS|TAMS 0x00000000c4100000| PB 0x00000000c4100000| Complete 
|  44|0x00000000c4200000, 0x00000000c4300000, 0x00000000c4300000|100%| E|CS|TAMS 0x00000000c4200000| PB 0x00000000c4200000| Complete 
|  45|0x00000000c4300000, 0x00000000c4400000, 0x00000000c4400000|100%| E|CS|TAMS 0x00000000c4300000| PB 0x00000000c4300000| Complete 
|  46|0x00000000c4400000, 0x00000000c4500000, 0x00000000c4500000|100%| E|CS|TAMS 0x00000000c4400000| PB 0x00000000c4400000| Complete 
|  47|0x00000000c4500000, 0x00000000c4600000, 0x00000000c4600000|100%| E|CS|TAMS 0x00000000c4500000| PB 0x00000000c4500000| Complete 
|  48|0x00000000c4600000, 0x00000000c4700000, 0x00000000c4700000|100%| E|CS|TAMS 0x00000000c4600000| PB 0x00000000c4600000| Complete 
|  49|0x00000000c4700000, 0x00000000c4800000, 0x00000000c4800000|100%| E|CS|TAMS 0x00000000c4700000| PB 0x00000000c4700000| Complete 
|  50|0x00000000c4800000, 0x00000000c4900000, 0x00000000c4900000|100%| E|CS|TAMS 0x00000000c4800000| PB 0x00000000c4800000| Complete 
|  51|0x00000000c4900000, 0x00000000c4a00000, 0x00000000c4a00000|100%| E|CS|TAMS 0x00000000c4900000| PB 0x00000000c4900000| Complete 
|  52|0x00000000c4a00000, 0x00000000c4b00000, 0x00000000c4b00000|100%| E|CS|TAMS 0x00000000c4a00000| PB 0x00000000c4a00000| Complete 
|  53|0x00000000c4b00000, 0x00000000c4c00000, 0x00000000c4c00000|100%| E|CS|TAMS 0x00000000c4b00000| PB 0x00000000c4b00000| Complete 
|  54|0x00000000c4c00000, 0x00000000c4d00000, 0x00000000c4d00000|100%| E|CS|TAMS 0x00000000c4c00000| PB 0x00000000c4c00000| Complete 
|  55|0x00000000c4d00000, 0x00000000c4e00000, 0x00000000c4e00000|100%| E|CS|TAMS 0x00000000c4d00000| PB 0x00000000c4d00000| Complete 
|  56|0x00000000c4e00000, 0x00000000c4f00000, 0x00000000c4f00000|100%| E|CS|TAMS 0x00000000c4e00000| PB 0x00000000c4e00000| Complete 
|  57|0x00000000c4f00000, 0x00000000c5000000, 0x00000000c5000000|100%| E|CS|TAMS 0x00000000c4f00000| PB 0x00000000c4f00000| Complete 
|  58|0x00000000c5000000, 0x00000000c5100000, 0x00000000c5100000|100%| E|CS|TAMS 0x00000000c5000000| PB 0x00000000c5000000| Complete 
|  59|0x00000000c5100000, 0x00000000c5200000, 0x00000000c5200000|100%| E|CS|TAMS 0x00000000c5100000| PB 0x00000000c5100000| Complete 
|  60|0x00000000c5200000, 0x00000000c5300000, 0x00000000c5300000|100%| E|CS|TAMS 0x00000000c5200000| PB 0x00000000c5200000| Complete 
|  61|0x00000000c5300000, 0x00000000c5400000, 0x00000000c5400000|100%| E|CS|TAMS 0x00000000c5300000| PB 0x00000000c5300000| Complete 
|  62|0x00000000c5400000, 0x00000000c5500000, 0x00000000c5500000|100%| E|CS|TAMS 0x00000000c5400000| PB 0x00000000c5400000| Complete 
|  63|0x00000000c5500000, 0x00000000c5600000, 0x00000000c5600000|100%| E|CS|TAMS 0x00000000c5500000| PB 0x00000000c5500000| Complete 

Card table byte_map: [0x000001fbc6800000,0x000001fbc6a00000] _byte_map_base: 0x000001fbc61f5000

Marking Bits: (CMBitMap*) 0x000001fbb4426f10
 Bits: [0x000001fbc6a00000, 0x000001fbc79a8000)

Polling page: 0x000001fbb21c0000

Metaspace:

Usage:
  Non-class:     14.84 MB used.
      Class:      2.25 MB used.
       Both:     17.08 MB used.

Virtual space:
  Non-class space:       64.00 MB reserved,      15.00 MB ( 23%) committed,  1 nodes.
      Class space:        1.00 GB reserved,       2.38 MB ( <1%) committed,  1 nodes.
             Both:        1.06 GB reserved,      17.38 MB (  2%) committed. 

Chunk freelists:
   Non-Class:  15.12 MB
       Class:  13.64 MB
        Both:  28.77 MB

MaxMetaspaceSize: unlimited
CompressedClassSpaceSize: 1.00 GB
Initial GC threshold: 21.00 MB
Current GC threshold: 21.00 MB
CDS: on
 - commit_granule_bytes: 65536.
 - commit_granule_words: 8192.
 - virtual_space_node_default_size: 8388608.
 - enlarge_chunks_in_place: 1.
 - use_allocation_guard: 0.


Internal statistics:

num_allocs_failed_limit: 0.
num_arena_births: 188.
num_arena_deaths: 0.
num_vsnodes_births: 2.
num_vsnodes_deaths: 0.
num_space_committed: 277.
num_space_uncommitted: 0.
num_chunks_returned_to_freelist: 0.
num_chunks_taken_from_freelist: 788.
num_chunk_merges: 0.
num_chunk_splits: 604.
num_chunks_enlarged: 519.
num_inconsistent_stats: 0.

CodeHeap 'non-profiled nmethods': size=120000Kb used=510Kb max_used=510Kb free=119489Kb
 bounds [0x000001fbbf0d0000, 0x000001fbbf340000, 0x000001fbc6600000]
CodeHeap 'profiled nmethods': size=120000Kb used=2193Kb max_used=2193Kb free=117806Kb
 bounds [0x000001fbb7600000, 0x000001fbb7870000, 0x000001fbbeb30000]
CodeHeap 'non-nmethods': size=5760Kb used=1349Kb max_used=1368Kb free=4410Kb
 bounds [0x000001fbbeb30000, 0x000001fbbeda0000, 0x000001fbbf0d0000]
CodeCache: size=245760Kb, used=4052Kb, max_used=4071Kb, free=241705Kb
 total_blobs=1884, nmethods=1371, adapters=418, full_count=0
Compilation: enabled, stopped_count=0, restarted_count=0

Compilation events (20 events):
Event: 2.115 Thread 0x000001fbc9e17370 1355       3       java.util.AbstractMap$SimpleEntry::hashCode (38 bytes)
Event: 2.116 Thread 0x000001fbc9e17370 nmethod 1355 0x000001fbb781d710 code [0x000001fbb781d8e0, 0x000001fbb781dc30]
Event: 2.116 Thread 0x000001fbc9e17370 1356       3       java.util.ArrayList::hashCode (22 bytes)
Event: 2.116 Thread 0x000001fbc9e17370 nmethod 1356 0x000001fbb781dd10 code [0x000001fbb781dee0, 0x000001fbb781e238]
Event: 2.116 Thread 0x000001fbc9e17370 1357       3       java.util.ArrayList::checkForComodification (17 bytes)
Event: 2.116 Thread 0x000001fbc9e17370 nmethod 1357 0x000001fbb781e390 code [0x000001fbb781e540, 0x000001fbb781e758]
Event: 2.116 Thread 0x000001fbc9e17370 1353       3       java.util.HashMap$EntrySet::iterator (12 bytes)
Event: 2.117 Thread 0x000001fbc9e17370 nmethod 1353 0x000001fbb781e890 code [0x000001fbb781ea40, 0x000001fbb781ec48]
Event: 2.117 Thread 0x000001fbc9e17370 1354       3       java.util.HashMap$EntryIterator::<init> (6 bytes)
Event: 2.117 Thread 0x000001fbc9e17370 nmethod 1354 0x000001fbb781ed10 code [0x000001fbb781eec0, 0x000001fbb781eff8]
Event: 2.123 Thread 0x000001fbc9e168d0 nmethod 1329 0x000001fbbf14aa90 code [0x000001fbbf14ad00, 0x000001fbbf14b988]
Event: 2.123 Thread 0x000001fbc9e168d0 1359   !   4       java.util.zip.ZipFile$Source::checkAndAddEntry (295 bytes)
Event: 2.133 Thread 0x000001fbc9e168d0 nmethod 1359 0x000001fbbf14c310 code [0x000001fbbf14c560, 0x000001fbbf14d2b0]
Event: 2.133 Thread 0x000001fbc9e168d0 1343       4       org.jetbrains.kotlin.com.intellij.openapi.vfs.impl.ZipEntryMap::get (82 bytes)
Event: 2.143 Thread 0x000001fbc9e17370 1364       3       org.jetbrains.kotlin.com.intellij.openapi.vfs.impl.ZipEntryMap::isTheOne (139 bytes)
Event: 2.143 Thread 0x000001fbc9e17370 nmethod 1364 0x000001fbb781f090 code [0x000001fbb781f300, 0x000001fbb781fc68]
Event: 2.150 Thread 0x000001fbc9e168d0 nmethod 1343 0x000001fbbf14db90 code [0x000001fbbf14de00, 0x000001fbbf14ea90]
Event: 2.150 Thread 0x000001fbc9e168d0 1344       4       org.jetbrains.kotlin.com.intellij.openapi.util.Condition$1::value (10 bytes)
Event: 2.151 Thread 0x000001fbc9e168d0 nmethod 1344 0x000001fbbf14f410 code [0x000001fbbf14f5a0, 0x000001fbbf14f630]
Event: 2.151 Thread 0x000001fbc9e168d0 1345       4       org.jetbrains.kotlin.com.intellij.openapi.vfs.impl.jar.CoreJarHandler::getOrCreateFile (106 bytes)

GC Heap History (4 events):
Event: 0.639 GC heap before
{Heap before GC invocations=0 (full 0):
 garbage-first heap   total 65536K, used 17408K [0x00000000c1600000, 0x0000000100000000)
  region size 1024K, 13 young (13312K), 0 survivors (0K)
 Metaspace       used 4288K, committed 4480K, reserved 1114112K
  class space    used 350K, committed 448K, reserved 1048576K
}
Event: 0.645 GC heap after
{Heap after GC invocations=1 (full 0):
 garbage-first heap   total 65536K, used 6554K [0x00000000c1600000, 0x0000000100000000)
  region size 1024K, 2 young (2048K), 2 survivors (2048K)
 Metaspace       used 4288K, committed 4480K, reserved 1114112K
  class space    used 350K, committed 448K, reserved 1048576K
}
Event: 1.368 GC heap before
{Heap before GC invocations=1 (full 0):
 garbage-first heap   total 65536K, used 26010K [0x00000000c1600000, 0x0000000100000000)
  region size 1024K, 22 young (22528K), 2 survivors (2048K)
 Metaspace       used 10417K, committed 10688K, reserved 1114112K
  class space    used 1133K, committed 1280K, reserved 1048576K
}
Event: 1.374 GC heap after
{Heap after GC invocations=2 (full 0):
 garbage-first heap   total 65536K, used 7689K [0x00000000c1600000, 0x0000000100000000)
  region size 1024K, 2 young (2048K), 2 survivors (2048K)
 Metaspace       used 10417K, committed 10688K, reserved 1114112K
  class space    used 1133K, committed 1280K, reserved 1048576K
}

Dll operation events (14 events):
Event: 0.010 Attempting to load shared library C:\Users\welcome\.vscode\extensions\redhat.java-1.56.0-win32-x64\jre\21.0.12.1-win32-x86_64\bin\java.dll
Event: 0.010 Loaded shared library C:\Users\welcome\.vscode\extensions\redhat.java-1.56.0-win32-x64\jre\21.0.12.1-win32-x86_64\bin\java.dll
Event: 0.100 Attempting to load shared library C:\Users\welcome\.vscode\extensions\redhat.java-1.56.0-win32-x64\jre\21.0.12.1-win32-x86_64\bin\net.dll
Event: 0.101 Loaded shared library C:\Users\welcome\.vscode\extensions\redhat.java-1.56.0-win32-x64\jre\21.0.12.1-win32-x86_64\bin\net.dll
Event: 0.104 Attempting to load shared library C:\Users\welcome\.vscode\extensions\redhat.java-1.56.0-win32-x64\jre\21.0.12.1-win32-x86_64\bin\nio.dll
Event: 0.105 Loaded shared library C:\Users\welcome\.vscode\extensions\redhat.java-1.56.0-win32-x64\jre\21.0.12.1-win32-x86_64\bin\nio.dll
Event: 0.151 Attempting to load shared library C:\Users\welcome\.vscode\extensions\redhat.java-1.56.0-win32-x64\jre\21.0.12.1-win32-x86_64\bin\zip.dll
Event: 0.151 Loaded shared library C:\Users\welcome\.vscode\extensions\redhat.java-1.56.0-win32-x64\jre\21.0.12.1-win32-x86_64\bin\zip.dll
Event: 0.186 Attempting to load shared library C:\Users\welcome\.vscode\extensions\redhat.java-1.56.0-win32-x64\jre\21.0.12.1-win32-x86_64\bin\zip.dll
Event: 0.186 Loaded shared library C:\Users\welcome\.vscode\extensions\redhat.java-1.56.0-win32-x64\jre\21.0.12.1-win32-x86_64\bin\zip.dll
Event: 0.189 Attempting to load shared library C:\Users\welcome\.vscode\extensions\redhat.java-1.56.0-win32-x64\jre\21.0.12.1-win32-x86_64\bin\jimage.dll
Event: 0.189 Loaded shared library C:\Users\welcome\.vscode\extensions\redhat.java-1.56.0-win32-x64\jre\21.0.12.1-win32-x86_64\bin\jimage.dll
Event: 1.499 Attempting to load shared library C:\Users\welcome\.vscode\extensions\redhat.java-1.56.0-win32-x64\jre\21.0.12.1-win32-x86_64\bin\verify.dll
Event: 1.499 Loaded shared library C:\Users\welcome\.vscode\extensions\redhat.java-1.56.0-win32-x64\jre\21.0.12.1-win32-x86_64\bin\verify.dll

Deoptimization events (20 events):
Event: 1.484 Thread 0x000001fbb224e130 DEOPT PACKING pc=0x000001fbbf111e84 sp=0x000000beccdfdd30
Event: 1.484 Thread 0x000001fbb224e130 DEOPT UNPACKING pc=0x000001fbbeb84422 sp=0x000000beccdfdcd8 mode 2
Event: 1.687 Thread 0x000001fbb224e130 Uncommon trap: trap_request=0xffffffc6 fr.pc=0x000001fbbf123a90 relative=0x0000000000000310
Event: 1.687 Thread 0x000001fbb224e130 Uncommon trap: reason=bimorphic_or_optimized_type_check action=maybe_recompile pc=0x000001fbbf123a90 method=java.util.HashMap.getNode(Ljava/lang/Object;)Ljava/util/HashMap$Node; @ 128 c2
Event: 1.687 Thread 0x000001fbb224e130 DEOPT PACKING pc=0x000001fbbf123a90 sp=0x000000beccdfe3a0
Event: 1.687 Thread 0x000001fbb224e130 DEOPT UNPACKING pc=0x000001fbbeb84422 sp=0x000000beccdfe318 mode 2
Event: 2.023 Thread 0x000001fbb224e130 Uncommon trap: trap_request=0xffffff6e fr.pc=0x000001fbbf10fedc relative=0x000000000000041c
Event: 2.023 Thread 0x000001fbb224e130 Uncommon trap: reason=loop_limit_check action=maybe_recompile pc=0x000001fbbf10fedc method=java.lang.StringLatin1.indexOf([BI[BII)I @ 37 c2
Event: 2.023 Thread 0x000001fbb224e130 DEOPT PACKING pc=0x000001fbbf10fedc sp=0x000000beccdfe030
Event: 2.023 Thread 0x000001fbb224e130 DEOPT UNPACKING pc=0x000001fbbeb84422 sp=0x000000beccdfdfb8 mode 2
Event: 2.061 Thread 0x000001fbb224e130 DEOPT PACKING pc=0x000001fbb77ee6ff sp=0x000000beccdfe0c0
Event: 2.061 Thread 0x000001fbb224e130 DEOPT UNPACKING pc=0x000001fbbeb84bc2 sp=0x000000beccdfd5b8 mode 0
Event: 2.066 Thread 0x000001fbb224e130 DEOPT PACKING pc=0x000001fbb77ee6ff sp=0x000000beccdfe0c0
Event: 2.066 Thread 0x000001fbb224e130 DEOPT UNPACKING pc=0x000001fbbeb84bc2 sp=0x000000beccdfd5b8 mode 0
Event: 2.067 Thread 0x000001fbb224e130 DEOPT PACKING pc=0x000001fbb77ee6ff sp=0x000000beccdfe0c0
Event: 2.067 Thread 0x000001fbb224e130 DEOPT UNPACKING pc=0x000001fbbeb84bc2 sp=0x000000beccdfd5b8 mode 0
Event: 2.142 Thread 0x000001fbb224e130 Uncommon trap: trap_request=0xffffff45 fr.pc=0x000001fbbf149818 relative=0x0000000000000578
Event: 2.142 Thread 0x000001fbb224e130 Uncommon trap: reason=unstable_if action=reinterpret pc=0x000001fbbf149818 method=org.jetbrains.kotlin.com.intellij.openapi.vfs.impl.ZipEntryMap.isTheOne(Lorg/jetbrains/kotlin/com/intellij/openapi/vfs/impl/ArchiveHandler$EntryInfo;Ljava/lang/CharSequence;
Event: 2.142 Thread 0x000001fbb224e130 DEOPT PACKING pc=0x000001fbbf149818 sp=0x000000beccdfdfe0
Event: 2.142 Thread 0x000001fbb224e130 DEOPT UNPACKING pc=0x000001fbbeb84422 sp=0x000000beccdfdf90 mode 2

Classes loaded (20 events):
Event: 1.990 Loading class jdk/internal/jrtfs/JrtPath
Event: 1.991 Loading class jdk/internal/jrtfs/JrtPath done
Event: 1.991 Loading class jdk/internal/jimage/ImageReader$Node
Event: 1.992 Loading class jdk/internal/jimage/ImageReader$Node done
Event: 1.993 Loading class java/util/stream/StreamSpliterators$WrappingSpliterator
Event: 1.993 Loading class java/util/stream/StreamSpliterators$AbstractWrappingSpliterator
Event: 1.994 Loading class java/util/stream/StreamSpliterators$AbstractWrappingSpliterator done
Event: 1.994 Loading class java/util/stream/StreamSpliterators$WrappingSpliterator done
Event: 1.995 Loading class java/util/stream/SpinedBuffer
Event: 1.995 Loading class java/util/stream/AbstractSpinedBuffer
Event: 1.996 Loading class java/util/stream/AbstractSpinedBuffer done
Event: 1.996 Loading class java/util/stream/SpinedBuffer done
Event: 1.996 Loading class java/util/stream/StreamSpliterators
Event: 1.997 Loading class java/util/stream/StreamSpliterators done
Event: 1.997 Loading class java/util/function/BooleanSupplier
Event: 1.997 Loading class java/util/function/BooleanSupplier done
Event: 2.015 Loading class java/util/DualPivotQuicksort
Event: 2.016 Loading class java/util/DualPivotQuicksort done
Event: 2.019 Loading class java/util/zip/ZipFile$ZipEntryIterator
Event: 2.019 Loading class java/util/zip/ZipFile$ZipEntryIterator done

Classes unloaded (0 events):
No events

Classes redefined (0 events):
No events

Internal exceptions (20 events):
Event: 1.091 Thread 0x000001fbb224e130 Exception <a 'java/lang/NoSuchMethodError'{0x00000000c45b5f28}: 'int java.lang.invoke.DirectMethodHandle$Holder.invokeSpecial(java.lang.Object, java.lang.Object, java.lang.Object, java.lang.Object)'> (0x00000000c45b5f28) 
thrown [s\src\hotspot\share\interpreter\linkResolver.cpp, line 773]
Event: 1.092 Thread 0x000001fbb224e130 Exception <a 'java/lang/NoSuchMethodError'{0x00000000c45b9330}: 'int java.lang.invoke.Invokers$Holder.invoke_MT(java.lang.Object, java.lang.Object, java.lang.Object, java.lang.Object)'> (0x00000000c45b9330) 
thrown [s\src\hotspot\share\interpreter\linkResolver.cpp, line 773]
Event: 1.098 Thread 0x000001fbb224e130 Exception <a 'java/lang/NoSuchMethodError'{0x00000000c45c7f58}: 'void java.lang.invoke.DelegatingMethodHandle$Holder.reinvoke_L(java.lang.Object, java.lang.Object, java.lang.Object, long, java.lang.Object)'> (0x00000000c45c7f58) 
thrown [s\src\hotspot\share\interpreter\linkResolver.cpp, line 773]
Event: 1.100 Thread 0x000001fbb224e130 Exception <a 'java/lang/NoSuchMethodError'{0x00000000c45cf850}: 'java.lang.Object java.lang.invoke.DirectMethodHandle$Holder.invokeSpecial(java.lang.Object, java.lang.Object, java.lang.Object, java.lang.Object, long)'> (0x00000000c45cf850) 
thrown [s\src\hotspot\share\interpreter\linkResolver.cpp, line 773]
Event: 1.106 Thread 0x000001fbb224e130 Exception <a 'java/lang/NoSuchMethodError'{0x00000000c45de4c0}: 'int java.lang.invoke.DelegatingMethodHandle$Holder.reinvoke_L(java.lang.Object, java.lang.Object, java.lang.Object, long, java.lang.Object, java.lang.Object)'> (0x00000000c45de4c0) 
thrown [s\src\hotspot\share\interpreter\linkResolver.cpp, line 773]
Event: 1.109 Thread 0x000001fbb224e130 Exception <a 'java/lang/NoSuchMethodError'{0x00000000c45ecce0}: 'int java.lang.invoke.DelegatingMethodHandle$Holder.reinvoke_L(java.lang.Object, java.lang.Object, java.lang.Object, long, int, int)'> (0x00000000c45ecce0) 
thrown [s\src\hotspot\share\interpreter\linkResolver.cpp, line 773]
Event: 1.113 Thread 0x000001fbb224e130 Exception <a 'java/lang/NoSuchMethodError'{0x00000000c45fae88}: 'int java.lang.invoke.DelegatingMethodHandle$Holder.reinvoke_L(java.lang.Object, java.lang.Object, java.lang.Object, long, long, long)'> (0x00000000c45fae88) 
thrown [s\src\hotspot\share\interpreter\linkResolver.cpp, line 773]
Event: 1.117 Thread 0x000001fbb224e130 Exception <a 'java/lang/NoSuchMethodError'{0x00000000c4408ef0}: 'int java.lang.invoke.DelegatingMethodHandle$Holder.reinvoke_L(java.lang.Object, java.lang.Object, java.lang.Object, long, int)'> (0x00000000c4408ef0) 
thrown [s\src\hotspot\share\interpreter\linkResolver.cpp, line 773]
Event: 1.173 Thread 0x000001fbb224e130 Exception <a 'java/lang/NoSuchMethodError'{0x00000000c44aa218}: 'int java.lang.invoke.DirectMethodHandle$Holder.invokeStaticInit(java.lang.Object, java.lang.Object, java.lang.Object)'> (0x00000000c44aa218) 
thrown [s\src\hotspot\share\interpreter\linkResolver.cpp, line 773]
Event: 1.183 Thread 0x000001fbb224e130 Exception <a 'java/lang/NoSuchMethodError'{0x00000000c44cfd48}: 'int java.lang.invoke.DirectMethodHandle$Holder.invokeStaticInit(java.lang.Object, java.lang.Object)'> (0x00000000c44cfd48) 
thrown [s\src\hotspot\share\interpreter\linkResolver.cpp, line 773]
Event: 1.357 Thread 0x000001fbb224e130 Exception <a 'java/lang/NoSuchMethodError'{0x00000000c409b540}: 'void java.lang.invoke.DirectMethodHandle$Holder.invokeStatic(java.lang.Object, java.lang.Object, java.lang.Object, java.lang.Object)'> (0x00000000c409b540) 
thrown [s\src\hotspot\share\interpreter\linkResolver.cpp, line 773]
Event: 1.461 Thread 0x000001fbb224e130 Exception <a 'java/lang/NoSuchMethodError'{0x00000000c5240610}: 'void java.lang.invoke.DirectMethodHandle$Holder.invokeStaticInit(java.lang.Object, java.lang.Object)'> (0x00000000c5240610) 
thrown [s\src\hotspot\share\interpreter\linkResolver.cpp, line 773]
Event: 1.540 Thread 0x000001fbb224e130 Exception <a 'java/lang/NoSuchMethodError'{0x00000000c4f9adf8}: 'void java.lang.invoke.Invokers$Holder.invokeExact_MT(java.lang.Object, int, java.lang.Object)'> (0x00000000c4f9adf8) 
thrown [s\src\hotspot\share\interpreter\linkResolver.cpp, line 773]
Event: 1.641 Thread 0x000001fbb224e130 Exception <a 'java/lang/NoSuchMethodError'{0x00000000c4cbefc0}: 'void java.lang.invoke.DirectMethodHandle$Holder.invokeVirtual(java.lang.Object, java.lang.Object)'> (0x00000000c4cbefc0) 
thrown [s\src\hotspot\share\interpreter\linkResolver.cpp, line 773]
Event: 1.721 Thread 0x000001fbb224e130 Exception <a 'java/lang/NoSuchMethodError'{0x00000000c4983d58}: 'int java.lang.invoke.DirectMethodHandle$Holder.invokeVirtual(java.lang.Object, java.lang.Object)'> (0x00000000c4983d58) 
thrown [s\src\hotspot\share\interpreter\linkResolver.cpp, line 773]
Event: 1.745 Thread 0x000001fbb224e130 Exception <a 'java/lang/NoSuchMethodError'{0x00000000c483c1b8}: 'java.lang.Object java.lang.invoke.Invokers$Holder.invokeExact_MT(java.lang.Object, java.lang.Object, java.lang.Object, java.lang.Object, java.lang.Object, java.lang.Object)'> (0x00000000c483c1b8) 
thrown [s\src\hotspot\share\interpreter\linkResolver.cpp, line 773]
Event: 1.977 Thread 0x000001fbb224e130 Exception <a 'java/lang/NoSuchMethodError'{0x00000000c43541c0}: 'long java.lang.invoke.DirectMethodHandle$Holder.invokeStatic(java.lang.Object, java.lang.Object, int)'> (0x00000000c43541c0) 
thrown [s\src\hotspot\share\interpreter\linkResolver.cpp, line 773]
Event: 1.978 Thread 0x000001fbb224e130 Exception <a 'java/lang/NoSuchMethodError'{0x00000000c435f458}: 'java.lang.Object java.lang.invoke.DelegatingMethodHandle$Holder.reinvoke_L(java.lang.Object, int, long, java.lang.Object, java.lang.Object, int, java.lang.Object)'> (0x00000000c435f458) 
thrown [s\src\hotspot\share\interpreter\linkResolver.cpp, line 773]
Event: 1.983 Thread 0x000001fbb224e130 Exception <a 'java/lang/NoSuchMethodError'{0x00000000c4387220}: 'java.lang.Object java.lang.invoke.DirectMethodHandle$Holder.invokeStatic(java.lang.Object, java.lang.Object, int)'> (0x00000000c4387220) 
thrown [s\src\hotspot\share\interpreter\linkResolver.cpp, line 773]
Event: 1.984 Thread 0x000001fbb224e130 Exception <a 'java/lang/NoSuchMethodError'{0x00000000c4392460}: 'void java.lang.invoke.DelegatingMethodHandle$Holder.delegate(java.lang.Object, java.lang.Object, int, java.lang.Object)'> (0x00000000c4392460) 
thrown [s\src\hotspot\share\interpreter\linkResolver.cpp, line 773]

ZGC Phase Switch (0 events):
No events

VM Operations (18 events):
Event: 0.154 Executing non-safepoint VM operation: HandshakeAllThreads (Deoptimize)
Event: 0.154 Executing non-safepoint VM operation: HandshakeAllThreads (Deoptimize) done
Event: 0.488 Executing non-safepoint VM operation: HandshakeAllThreads (Deoptimize)
Event: 0.488 Executing non-safepoint VM operation: HandshakeAllThreads (Deoptimize) done
Event: 0.593 Executing non-safepoint VM operation: HandshakeAllThreads (Deoptimize)
Event: 0.593 Executing non-safepoint VM operation: HandshakeAllThreads (Deoptimize) done
Event: 0.639 Executing safepoint VM operation: G1CollectForAllocation (G1 Evacuation Pause)
Event: 0.645 Executing safepoint VM operation: G1CollectForAllocation (G1 Evacuation Pause) done
Event: 1.368 Executing safepoint VM operation: G1CollectForAllocation (G1 Evacuation Pause)
Event: 1.374 Executing safepoint VM operation: G1CollectForAllocation (G1 Evacuation Pause) done
Event: 1.609 Executing non-safepoint VM operation: HandshakeAllThreads (Deoptimize)
Event: 1.609 Executing non-safepoint VM operation: HandshakeAllThreads (Deoptimize) done
Event: 1.609 Executing non-safepoint VM operation: HandshakeAllThreads (Deoptimize)
Event: 1.609 Executing non-safepoint VM operation: HandshakeAllThreads (Deoptimize) done
Event: 1.940 Executing non-safepoint VM operation: HandshakeAllThreads (Deoptimize)
Event: 1.940 Executing non-safepoint VM operation: HandshakeAllThreads (Deoptimize) done
Event: 1.946 Executing non-safepoint VM operation: HandshakeAllThreads (Deoptimize)
Event: 1.946 Executing non-safepoint VM operation: HandshakeAllThreads (Deoptimize) done

Memory protections (0 events):
No events

Nmethod flushes (0 events):
No events

Events (11 events):
Event: 0.030 Thread 0x000001fbb224e130 Thread added: 0x000001fbb224e130
Event: 0.049 Thread 0x000001fbb224e130 Thread added: 0x000001fbc9e09bc0
Event: 0.049 Thread 0x000001fbb224e130 Thread added: 0x000001fbc9e0aae0
Event: 0.050 Thread 0x000001fbb224e130 Thread added: 0x000001fbc9e0eee0
Event: 0.050 Thread 0x000001fbb224e130 Thread added: 0x000001fbc9e0ffd0
Event: 0.050 Thread 0x000001fbb224e130 Thread added: 0x000001fbc9e10e40
Event: 0.050 Thread 0x000001fbb224e130 Thread added: 0x000001fbc9e11cb0
Event: 0.050 Thread 0x000001fbb224e130 Thread added: 0x000001fbc9e168d0
Event: 0.050 Thread 0x000001fbb224e130 Thread added: 0x000001fbc9e17370
Event: 0.093 Thread 0x000001fbb224e130 Thread added: 0x000001fc0f09e370
Event: 0.096 Thread 0x000001fbb224e130 Thread added: 0x000001fc0f0a4bd0


Dynamic libraries:
0x00007ff79ad60000 - 0x00007ff79ad6e000 	C:\Users\welcome\.vscode\extensions\redhat.java-1.56.0-win32-x64\jre\21.0.12.1-win32-x86_64\bin\java.exe
0x00007ff9ea3b0000 - 0x00007ff9ea5a9000 	C:\Windows\SYSTEM32\ntdll.dll
0x00007ff9e8650000 - 0x00007ff9e8712000 	C:\Windows\System32\KERNEL32.DLL
0x00007ff9e7a00000 - 0x00007ff9e7cf7000 	C:\Windows\System32\KERNELBASE.dll
0x00007ff9e8000000 - 0x00007ff9e8100000 	C:\Windows\System32\ucrtbase.dll
0x00007ff97e230000 - 0x00007ff97e24e000 	C:\Users\welcome\.vscode\extensions\redhat.java-1.56.0-win32-x64\jre\21.0.12.1-win32-x86_64\bin\VCRUNTIME140.dll
0x00007ff97de60000 - 0x00007ff97de78000 	C:\Users\welcome\.vscode\extensions\redhat.java-1.56.0-win32-x64\jre\21.0.12.1-win32-x86_64\bin\jli.dll
0x00007ff9e9c20000 - 0x00007ff9e9dbd000 	C:\Windows\System32\USER32.dll
0x00007ff9e6e20000 - 0x00007ff9e70bb000 	C:\Windows\WinSxS\amd64_microsoft.windows.common-controls_6595b64144ccf1df_6.0.19041.7663_none_60b9ed0b71f50c93\COMCTL32.dll
0x00007ff9e8150000 - 0x00007ff9e8172000 	C:\Windows\System32\win32u.dll
0x00007ff9e91b0000 - 0x00007ff9e924e000 	C:\Windows\System32\msvcrt.dll
0x00007ff9e8940000 - 0x00007ff9e896b000 	C:\Windows\System32\GDI32.dll
0x00007ff9e7ee0000 - 0x00007ff9e7ffa000 	C:\Windows\System32\gdi32full.dll
0x00007ff9e81b0000 - 0x00007ff9e824d000 	C:\Windows\System32\msvcp_win.dll
0x00007ff9e90f0000 - 0x00007ff9e911f000 	C:\Windows\System32\IMM32.DLL
0x00007ff9b0f00000 - 0x00007ff9b0f0c000 	C:\Users\welcome\.vscode\extensions\redhat.java-1.56.0-win32-x64\jre\21.0.12.1-win32-x86_64\bin\vcruntime140_1.dll
0x00007ff94dcb0000 - 0x00007ff94dd3d000 	C:\Users\welcome\.vscode\extensions\redhat.java-1.56.0-win32-x64\jre\21.0.12.1-win32-x86_64\bin\msvcp140.dll
0x00007ff94cf00000 - 0x00007ff94dca2000 	C:\Users\welcome\.vscode\extensions\redhat.java-1.56.0-win32-x64\jre\21.0.12.1-win32-x86_64\bin\server\jvm.dll
0x00007ff9e9b60000 - 0x00007ff9e9c12000 	C:\Windows\System32\ADVAPI32.dll
0x00007ff9e9810000 - 0x00007ff9e98b0000 	C:\Windows\System32\sechost.dll
0x00007ff9e83f0000 - 0x00007ff9e8516000 	C:\Windows\System32\RPCRT4.dll
0x00007ff9e8180000 - 0x00007ff9e81a7000 	C:\Windows\System32\bcrypt.dll
0x00007ff9e9130000 - 0x00007ff9e91a3000 	C:\Windows\System32\WS2_32.dll
0x00007ff9df810000 - 0x00007ff9df81a000 	C:\Windows\SYSTEM32\VERSION.dll
0x00007ff9d13f0000 - 0x00007ff9d1417000 	C:\Windows\SYSTEM32\WINMM.dll
0x00007ff9e7850000 - 0x00007ff9e789b000 	C:\Windows\SYSTEM32\POWRPROF.dll
0x00007ff9e7830000 - 0x00007ff9e7842000 	C:\Windows\SYSTEM32\UMPDC.dll
0x00007ff9e5170000 - 0x00007ff9e5182000 	C:\Windows\SYSTEM32\kernel.appcore.dll
0x00007ff97de50000 - 0x00007ff97de5a000 	C:\Users\welcome\.vscode\extensions\redhat.java-1.56.0-win32-x64\jre\21.0.12.1-win32-x86_64\bin\jimage.dll
0x00007ff9e72d0000 - 0x00007ff9e74db000 	C:\Windows\SYSTEM32\DBGHELP.DLL
0x00007ff9e7290000 - 0x00007ff9e72c5000 	C:\Windows\SYSTEM32\dbgcore.DLL
0x00007ff9e8300000 - 0x00007ff9e8382000 	C:\Windows\System32\bcryptPrimitives.dll
0x00007ff97e020000 - 0x00007ff97e040000 	C:\Users\welcome\.vscode\extensions\redhat.java-1.56.0-win32-x64\jre\21.0.12.1-win32-x86_64\bin\java.dll
0x00007ff9e8970000 - 0x00007ff9e90e1000 	C:\Windows\System32\SHELL32.dll
0x00007ff9e5380000 - 0x00007ff9e5b2c000 	C:\Windows\SYSTEM32\windows.storage.dll
0x00007ff9ea010000 - 0x00007ff9ea364000 	C:\Windows\System32\combase.dll
0x00007ff9e6b50000 - 0x00007ff9e6b7b000 	C:\Windows\SYSTEM32\Wldp.dll
0x00007ff9e99d0000 - 0x00007ff9e9a7d000 	C:\Windows\System32\SHCORE.dll
0x00007ff9e88e0000 - 0x00007ff9e893b000 	C:\Windows\System32\shlwapi.dll
0x00007ff9e7920000 - 0x00007ff9e7945000 	C:\Windows\SYSTEM32\profapi.dll
0x00007ff97dff0000 - 0x00007ff97e000000 	C:\Users\welcome\.vscode\extensions\redhat.java-1.56.0-win32-x64\jre\21.0.12.1-win32-x86_64\bin\net.dll
0x00007ff9dd020000 - 0x00007ff9dd12d000 	C:\Windows\SYSTEM32\WINHTTP.dll
0x00007ff9e69c0000 - 0x00007ff9e6a2a000 	C:\Windows\system32\mswsock.dll
0x00007ff97de90000 - 0x00007ff97dea6000 	C:\Users\welcome\.vscode\extensions\redhat.java-1.56.0-win32-x64\jre\21.0.12.1-win32-x86_64\bin\nio.dll
0x00007ff97e000000 - 0x00007ff97e018000 	C:\Users\welcome\.vscode\extensions\redhat.java-1.56.0-win32-x64\jre\21.0.12.1-win32-x86_64\bin\zip.dll
0x00007ff97de80000 - 0x00007ff97de90000 	C:\Users\welcome\.vscode\extensions\redhat.java-1.56.0-win32-x64\jre\21.0.12.1-win32-x86_64\bin\verify.dll

JVMTI agents: none

dbghelp: loaded successfully - version: 4.0.5 - missing functions: none
symbol engine: initialized successfully - sym options: 0x614 - pdb path: .;C:\Users\welcome\.vscode\extensions\redhat.java-1.56.0-win32-x64\jre\21.0.12.1-win32-x86_64\bin;C:\Windows\SYSTEM32;C:\Windows\WinSxS\amd64_microsoft.windows.common-controls_6595b64144ccf1df_6.0.19041.7663_none_60b9ed0b71f50c93;C:\Users\welcome\.vscode\extensions\redhat.java-1.56.0-win32-x64\jre\21.0.12.1-win32-x86_64\bin\server

VM Arguments:
java_command: org.jetbrains.kotlin.cli.jvm.K2JVMCompiler @C:\Users\welcome\Distributed-Flight-System\booking-service\build\20260923_12884341391033475335.compiler.options
java_class_path (initial): C:\Users\welcome\.gradle\caches\modules-2\files-2.1\org.jetbrains.kotlin\kotlin-compiler-embeddable\1.9.22\9cd4dc7773cf2a99ecd961a88fbbc9a2da3fb5e1\kotlin-compiler-embeddable-1.9.22.jar;C:\Users\welcome\.gradle\caches\modules-2\files-2.1\org.jetbrains.kotlin\kotlin-stdlib\1.9.22\d6c44cd08d8f3f9bece8101216dbe6553365c6e3\kotlin-stdlib-1.9.22.jar;C:\Users\welcome\.gradle\caches\modules-2\files-2.1\org.jetbrains.kotlin\kotlin-script-runtime\1.9.22\f8139a46fc677ec9badc49ae954392f4f5e7e7c7\kotlin-script-runtime-1.9.22.jar;C:\Users\welcome\.gradle\caches\modules-2\files-2.1\org.jetbrains.kotlin\kotlin-reflect\1.9.22\761ab33cf85f03a3a24595e1b92639d82e7a9564\kotlin-reflect-1.9.22.jar;C:\Users\welcome\.gradle\caches\modules-2\files-2.1\org.jetbrains.kotlin\kotlin-daemon-embeddable\1.9.22\20e2c5df715f3240c765cfc222530e2796542021\kotlin-daemon-embeddable-1.9.22.jar;C:\Users\welcome\.gradle\caches\modules-2\files-2.1\org.jetbrains.intellij.deps\trove4j\1.0.20200330\3afb14d5f9ceb459d724e907a21145e8ff394f02\trove4j-1.0.20200330.jar;C:\Users\welcome\.gradle\caches\modules-2\files-2.1\org.jetbrains\annotations\13.0\919f0dfe192fb4e063e7dacadee7f8bb9a2672a9\annotations-13.0.jar
Launcher Type: SUN_STANDARD

[Global flags]
     intx CICompilerCount                          = 3                                         {product} {ergonomic}
     uint ConcGCThreads                            = 1                                         {product} {ergonomic}
     uint G1ConcRefinementThreads                  = 4                                         {product} {ergonomic}
   size_t G1HeapRegionSize                         = 1048576                                   {product} {ergonomic}
    uintx GCDrainStackTargetSize                   = 64                                        {product} {ergonomic}
   size_t InitialHeapSize                          = 67108864                                  {product} {ergonomic}
   size_t MarkStackSize                            = 4194304                                   {product} {ergonomic}
   size_t MaxHeapSize                              = 1050673152                                {product} {ergonomic}
   size_t MaxNewSize                               = 630194176                                 {product} {ergonomic}
   size_t MinHeapDeltaBytes                        = 1048576                                   {product} {ergonomic}
   size_t MinHeapSize                              = 8388608                                   {product} {ergonomic}
    uintx NonNMethodCodeHeapSize                   = 5832780                                {pd product} {ergonomic}
    uintx NonProfiledCodeHeapSize                  = 122912730                              {pd product} {ergonomic}
    uintx ProfiledCodeHeapSize                     = 122912730                              {pd product} {ergonomic}
    uintx ReservedCodeCacheSize                    = 251658240                              {pd product} {ergonomic}
     bool SegmentedCodeCache                       = true                                      {product} {ergonomic}
   size_t SoftMaxHeapSize                          = 1050673152                             {manageable} {ergonomic}
     bool UseCompressedOops                        = true                           {product lp64_product} {ergonomic}
     bool UseG1GC                                  = true                                      {product} {ergonomic}
     bool UseLargePagesIndividualAllocation        = false                                  {pd product} {ergonomic}

Logging:
Log output configuration:
 #0: stdout all=warning uptime,level,tags foldmultilines=false
 #1: stderr all=off uptime,level,tags foldmultilines=false

Release file:
JAVA_VERSION="21.0.12.1" 
MODULES="java.base java.compiler java.datatransfer java.xml java.prefs java.desktop java.instrument java.logging java.management java.security.sasl java.naming java.rmi java.management.rmi java.net.http java.scripting java.security.jgss java.transaction.xa java.sql java.sql.rowset java.xml.crypto java.se java.smartcardio jdk.accessibility jdk.internal.jvmstat jdk.attach jdk.charsets jdk.internal.opt jdk.zipfs jdk.compiler jdk.crypto.ec jdk.crypto.cryptoki jdk.crypto.mscapi jdk.dynalink jdk.internal.ed jdk.editpad jdk.hotspot.agent jdk.httpserver jdk.internal.le jdk.internal.vm.ci jdk.internal.vm.compiler jdk.internal.vm.compiler.management jdk.jartool jdk.javadoc jdk.jcmd jdk.management jdk.management.agent jdk.jconsole jdk.jdeps jdk.jdwp.agent jdk.jdi jdk.jfr jdk.jshell jdk.jsobject jdk.jstatd jdk.localedata jdk.management.jfr jdk.naming.dns jdk.naming.rmi jdk.net jdk.nio.mapmode jdk.random jdk.sctp jdk.security.auth jdk.security.jgss jdk.unsupported jdk.unsupported.desktop jdk.xml.dom" 

Environment Variables:
PATH=C:\Program Files\Eclipse Adoptium\jdk-17.0.20.101-hotspot\bin;C:\Windows\system32;C:\Windows;C:\Windows\System32\Wbem;C:\Windows\System32\WindowsPowerShell\v1.0\;C:\Windows\System32\OpenSSH\;C:\Program Files\Git\cmd;C:\Program Files\nodejs\;C:\Users\welcome\AppData\Local\Microsoft\WindowsApps;C:\Users\welcome\AppData\Local\Programs\Microsoft VS Code\bin;C:\Users\welcome\AppData\Local\Programs\DockerDesktop\resources\bin;C:\Users\welcome\AppData\Roaming\npm
USERNAME=welcome
OS=Windows_NT
PROCESSOR_IDENTIFIER=Intel64 Family 6 Model 142 Stepping 9, GenuineIntel
TMP=C:\Users\welcome\AppData\Local\Temp
TEMP=C:\Users\welcome\AppData\Local\Temp




Periodic native trim disabled

---------------  S Y S T E M  ---------------

OS:
 Windows 10 , 64 bit Build 19041 (10.0.19041.7725)
OS uptime: 0 days 11:08 hours
Hyper-V role detected

CPU: total 4 (initial active 4) (2 cores per cpu, 2 threads per core) family 6 model 142 stepping 9 microcode 0xea, cx8, cmov, fxsr, ht, mmx, 3dnowpref, sse, sse2, sse3, ssse3, sse4.1, sse4.2, popcnt, lzcnt, tsc, tscinvbit, avx, avx2, aes, erms, clmul, bmi1, bmi2, adx, fma, vzeroupper, clflush, clflushopt, hv, rdtscp, f16c
Processor Information for processor 0
  Max Mhz: 2400, Current Mhz: 2400, Mhz Limit: 2400
Processor Information for processor 1
  Max Mhz: 2400, Current Mhz: 1500, Mhz Limit: 2400
Processor Information for processor 2
  Max Mhz: 2400, Current Mhz: 2400, Mhz Limit: 2400
Processor Information for processor 3
  Max Mhz: 2400, Current Mhz: 1500, Mhz Limit: 2400

Memory: 4k page, system-wide physical 4005M (314M free)
TotalPageFile size 11505M (AvailPageFile size 5M)
current process WorkingSet (physical memory assigned to process): 114M, peak: 114M
current process commit charge ("private bytes"): 167M, peak: 167M

vm_info: OpenJDK 64-Bit Server VM (21.0.12.1+1-LTS) for windows-amd64 JRE (21.0.12.1+1-LTS), built on 2026-08-18T00:00:00Z by "admin" with MS VC++ 17.12 (VS2022)

END.
