#
# There is insufficient memory for the Java Runtime Environment to continue.
# Native memory allocation (malloc) failed to allocate 789376 bytes. Error detail: Chunk::new
# Possible reasons:
#   The system is out of physical RAM or swap space
#   This process is running with CompressedOops enabled, and the Java Heap may be blocking the growth of the native heap
# Possible solutions:
#   Reduce memory load on the system
#   Increase physical memory or swap space
#   Check if swap backing store is full
#   Decrease Java heap size (-Xmx/-Xms)
#   Decrease number of Java threads
#   Decrease Java thread stack sizes (-Xss)
#   Set larger code cache with -XX:ReservedCodeCacheSize=
#   JVM is running with Unscaled Compressed Oops mode in which the Java heap is
#     placed in the first 4GB address space. The Java Heap base address is the
#     maximum limit for the native heap growth. Please use -XX:HeapBaseMinAddress
#     to set the Java Heap base and to place the Java Heap above 4GB virtual address.
# This output file may be truncated or incomplete.
#
#  Out of Memory Error (arena.cpp:191), pid=17348, tid=18820
#
# JRE version: OpenJDK Runtime Environment Temurin-17.0.20.1+1 (17.0.20.1+1) (build 17.0.20.1+1)
# Java VM: OpenJDK 64-Bit Server VM Temurin-17.0.20.1+1 (17.0.20.1+1, mixed mode, sharing, tiered, compressed oops, compressed class ptrs, g1 gc, windows-amd64)
# No core dump will be written. Minidumps are not enabled by default on client versions of Windows
#

---------------  S U M M A R Y ------------

Command Line: -DkotlinLanguageServer.version=1.3.13 org.javacs.kt.MainKt

Host: Intel(R) Core(TM) i3-7100U CPU @ 2.40GHz, 4 cores, 3G,  Windows 10 , 64 bit Build 19041 (10.0.19041.7725)
Time: Tue Sep 29 09:46:07 2026 India Standard Time elapsed time: 20.403717 seconds (0d 0h 0m 20s)

---------------  T H R E A D  ---------------

Current thread (0x0000020bcabdd250):  JavaThread "C2 CompilerThread0" daemon [_thread_in_native, id=18820, stack(0x0000002c51c00000,0x0000002c51d00000)]


Current CompileTask:
C2:20403 5937       4       org.jetbrains.kotlin.container.SingletonDescriptor::getValue (109 bytes)

Stack: [0x0000002c51c00000,0x0000002c51d00000]
Native frames: (J=compiled Java code, j=interpreted, Vv=VM code, C=native code)
V  [jvm.dll+0x684d39]
V  [jvm.dll+0x83a565]
V  [jvm.dll+0x83bfde]
V  [jvm.dll+0x83c663]
V  [jvm.dll+0x2490cf]
V  [jvm.dll+0xad536]
V  [jvm.dll+0xadbdc]
V  [jvm.dll+0x2b07af]
V  [jvm.dll+0x58b025]
V  [jvm.dll+0x223054]
V  [jvm.dll+0x21b96e]
V  [jvm.dll+0x219212]
V  [jvm.dll+0x1a49e0]
V  [jvm.dll+0x229a6a]
V  [jvm.dll+0x227c1b]
V  [jvm.dll+0x7f0d18]
V  [jvm.dll+0x7eb17c]
V  [jvm.dll+0x683c07]
C  [ucrtbase.dll+0x21bb2]
C  [KERNEL32.DLL+0x17384]
C  [ntdll.dll+0x4cc91]


---------------  P R O C E S S  ---------------

Threads class SMR info:
_java_thread_list=0x0000020c10210ed0, length=17, elements={
0x0000020bcabb72a0, 0x0000020bcabb8030, 0x0000020bcabcff00, 0x0000020bcabd38f0,
0x0000020bcabd4960, 0x0000020bcabd8600, 0x0000020bcabdd250, 0x0000020bcabfdf20,
0x0000020bcac10fd0, 0x0000020c100a28c0, 0x0000020c100ad270, 0x0000020c11b94350,
0x0000020bad70db30, 0x0000020c1a032170, 0x0000020c19ec62f0, 0x0000020c1a0c2050,
0x0000020c10232ab0
}

Java Threads: ( => current thread )
  0x0000020bcabb72a0 JavaThread "Reference Handler" daemon [_thread_blocked, id=17812, stack(0x0000002c51600000,0x0000002c51700000)]
  0x0000020bcabb8030 JavaThread "Finalizer" daemon [_thread_blocked, id=2540, stack(0x0000002c51700000,0x0000002c51800000)]
  0x0000020bcabcff00 JavaThread "Signal Dispatcher" daemon [_thread_blocked, id=10664, stack(0x0000002c51800000,0x0000002c51900000)]
  0x0000020bcabd38f0 JavaThread "Attach Listener" daemon [_thread_blocked, id=22268, stack(0x0000002c51900000,0x0000002c51a00000)]
  0x0000020bcabd4960 JavaThread "Service Thread" daemon [_thread_blocked, id=21588, stack(0x0000002c51a00000,0x0000002c51b00000)]
  0x0000020bcabd8600 JavaThread "Monitor Deflation Thread" daemon [_thread_blocked, id=12388, stack(0x0000002c51b00000,0x0000002c51c00000)]
=>0x0000020bcabdd250 JavaThread "C2 CompilerThread0" daemon [_thread_in_native, id=18820, stack(0x0000002c51c00000,0x0000002c51d00000)]
  0x0000020bcabfdf20 JavaThread "C1 CompilerThread0" daemon [_thread_blocked, id=17616, stack(0x0000002c51d00000,0x0000002c51e00000)]
  0x0000020bcac10fd0 JavaThread "Sweeper thread" daemon [_thread_blocked, id=22060, stack(0x0000002c51e00000,0x0000002c51f00000)]
  0x0000020c100a28c0 JavaThread "Notification Thread" daemon [_thread_blocked, id=21524, stack(0x0000002c51f00000,0x0000002c52000000)]
  0x0000020c100ad270 JavaThread "Common-Cleaner" daemon [_thread_blocked, id=2760, stack(0x0000002c52100000,0x0000002c52200000)]
  0x0000020c11b94350 JavaThread "client" [_thread_in_native, id=22236, stack(0x0000002c52600000,0x0000002c52700000)]
  0x0000020bad70db30 JavaThread "DestroyJavaVM" [_thread_blocked, id=14320, stack(0x0000002c50f00000,0x0000002c51000000)]
  0x0000020c1a032170 JavaThread "async0" [_thread_blocked, id=21488, stack(0x0000002c52700000,0x0000002c52800000)]
  0x0000020c19ec62f0 JavaThread "async1" [_thread_blocked, id=13832, stack(0x0000002c52500000,0x0000002c52600000)]
  0x0000020c1a0c2050 JavaThread "debounce0" [_thread_in_Java, id=7540, stack(0x0000002c52900000,0x0000002c52a00000)]
  0x0000020c10232ab0 JavaThread "async2" [_thread_blocked, id=10492, stack(0x0000002c52a00000,0x0000002c52b00000)]

Other Threads:
  0x0000020bad7bec80 VMThread "VM Thread" [stack: 0x0000002c51500000,0x0000002c51600000] [id=10796]
  0x0000020c100a51c0 WatcherThread [stack: 0x0000002c52000000,0x0000002c52100000] [id=16164]
  0x0000020bad74a260 GCTaskThread "GC Thread#0" [stack: 0x0000002c51000000,0x0000002c51100000] [id=21480]
  0x0000020c10673010 GCTaskThread "GC Thread#1" [stack: 0x0000002c52200000,0x0000002c52300000] [id=1816]
  0x0000020c1062fe40 GCTaskThread "GC Thread#2" [stack: 0x0000002c52300000,0x0000002c52400000] [id=19284]
  0x0000020c10630100 GCTaskThread "GC Thread#3" [stack: 0x0000002c52400000,0x0000002c52500000] [id=15840]
  0x0000020bad753e10 ConcurrentGCThread "G1 Main Marker" [stack: 0x0000002c51100000,0x0000002c51200000] [id=16928]
  0x0000020bad755750 ConcurrentGCThread "G1 Conc#0" [stack: 0x0000002c51200000,0x0000002c51300000] [id=22172]
  0x0000020bad7a2550 ConcurrentGCThread "G1 Refine#0" [stack: 0x0000002c51300000,0x0000002c51400000] [id=2796]
  0x0000020bad7a2e90 ConcurrentGCThread "G1 Service" [stack: 0x0000002c51400000,0x0000002c51500000] [id=20788]

Threads with active compile tasks:
C2 CompilerThread0  20466 5937       4       org.jetbrains.kotlin.container.SingletonDescriptor::getValue (109 bytes)

VM state: not at safepoint (normal execution)

VM Mutex/Monitor currently owned by a thread: None

Heap address: 0x00000000c1600000, size: 1002 MB, Compressed Oops mode: 32-bit

CDS archive(s) mapped at: [0x0000020bcb000000-0x0000020bcbbb0000-0x0000020bcbbb0000), size 12255232, SharedBaseAddress: 0x0000020bcb000000, ArchiveRelocationMode: 1.
Compressed class space mapped at: 0x0000020bcc000000-0x0000020c0c000000, reserved size: 1073741824
Narrow klass base: 0x0000020bcb000000, Narrow klass shift: 0, Narrow klass range: 0x100000000

GC Precious Log:
 CPUs: 4 total, 4 available
 Memory: 4005M
 Large Page Support: Disabled
 NUMA Support: Disabled
 Compressed Oops: Enabled (32-bit)
 Heap Region Size: 1M
 Heap Min Capacity: 8M
 Heap Initial Capacity: 64M
 Heap Max Capacity: 1002M
 Pre-touch: Disabled
 Parallel Workers: 4
 Concurrent Workers: 1
 Concurrent Refinement Workers: 4
 Periodic GC: Disabled

Heap:
 garbage-first heap   total 68608K, used 49306K [0x00000000c1600000, 0x0000000100000000)
  region size 1024K, 24 young (24576K), 4 survivors (4096K)
 Metaspace       used 64830K, committed 65152K, reserved 1114112K
  class space    used 7851K, committed 8000K, reserved 1048576K

Heap Regions: E=young(eden), S=young(survivor), O=old, HS=humongous(starts), HC=humongous(continues), CS=collection set, F=free, OA=open archive, CA=closed archive, TAMS=top-at-mark-start (previous, next)
|   0|0x00000000c1600000, 0x00000000c1700000, 0x00000000c1700000|100%|HS|  |TAMS 0x00000000c1700000, 0x00000000c1600000| Complete 
|   1|0x00000000c1700000, 0x00000000c1800000, 0x00000000c1800000|100%|HC|  |TAMS 0x00000000c1800000, 0x00000000c1700000| Complete 
|   2|0x00000000c1800000, 0x00000000c1900000, 0x00000000c1900000|100%|HC|  |TAMS 0x00000000c1900000, 0x00000000c1800000| Complete 
|   3|0x00000000c1900000, 0x00000000c1a00000, 0x00000000c1a00000|100%|HC|  |TAMS 0x00000000c1a00000, 0x00000000c1900000| Complete 
|   4|0x00000000c1a00000, 0x00000000c1b00000, 0x00000000c1b00000|100%| O|  |TAMS 0x00000000c1b00000, 0x00000000c1a00000| Untracked 
|   5|0x00000000c1b00000, 0x00000000c1c00000, 0x00000000c1c00000|100%| O|  |TAMS 0x00000000c1c00000, 0x00000000c1b00000| Untracked 
|   6|0x00000000c1c00000, 0x00000000c1d00000, 0x00000000c1d00000|100%| O|  |TAMS 0x00000000c1d00000, 0x00000000c1c00000| Untracked 
|   7|0x00000000c1d00000, 0x00000000c1e00000, 0x00000000c1e00000|100%| O|  |TAMS 0x00000000c1e00000, 0x00000000c1d00000| Untracked 
|   8|0x00000000c1e00000, 0x00000000c1f00000, 0x00000000c1f00000|100%| O|  |TAMS 0x00000000c1f00000, 0x00000000c1e00000| Untracked 
|   9|0x00000000c1f00000, 0x00000000c2000000, 0x00000000c2000000|100%| O|  |TAMS 0x00000000c2000000, 0x00000000c1f00000| Untracked 
|  10|0x00000000c2000000, 0x00000000c2100000, 0x00000000c2100000|100%| O|  |TAMS 0x00000000c2100000, 0x00000000c2000000| Untracked 
|  11|0x00000000c2100000, 0x00000000c2200000, 0x00000000c2200000|100%| O|  |TAMS 0x00000000c2200000, 0x00000000c2100000| Untracked 
|  12|0x00000000c2200000, 0x00000000c2300000, 0x00000000c2300000|100%| O|  |TAMS 0x00000000c2300000, 0x00000000c2200000| Untracked 
|  13|0x00000000c2300000, 0x00000000c2400000, 0x00000000c2400000|100%| O|  |TAMS 0x00000000c2400000, 0x00000000c2300000| Untracked 
|  14|0x00000000c2400000, 0x00000000c2500000, 0x00000000c2500000|100%| O|  |TAMS 0x00000000c2500000, 0x00000000c2400000| Untracked 
|  15|0x00000000c2500000, 0x00000000c2600000, 0x00000000c2600000|100%| O|  |TAMS 0x00000000c2600000, 0x00000000c2500000| Untracked 
|  16|0x00000000c2600000, 0x00000000c2700000, 0x00000000c2700000|100%| O|  |TAMS 0x00000000c2700000, 0x00000000c2600000| Untracked 
|  17|0x00000000c2700000, 0x00000000c2800000, 0x00000000c2800000|100%| O|  |TAMS 0x00000000c2800000, 0x00000000c2700000| Untracked 
|  18|0x00000000c2800000, 0x00000000c2900000, 0x00000000c2900000|100%| O|  |TAMS 0x00000000c2900000, 0x00000000c2800000| Untracked 
|  19|0x00000000c2900000, 0x00000000c2a00000, 0x00000000c2a00000|100%| O|  |TAMS 0x00000000c2a00000, 0x00000000c2900000| Untracked 
|  20|0x00000000c2a00000, 0x00000000c2b00000, 0x00000000c2b00000|100%| O|  |TAMS 0x00000000c2b00000, 0x00000000c2a00000| Untracked 
|  21|0x00000000c2b00000, 0x00000000c2c00000, 0x00000000c2c00000|100%| O|  |TAMS 0x00000000c2b16e00, 0x00000000c2b00000| Untracked 
|  22|0x00000000c2c00000, 0x00000000c2d00000, 0x00000000c2d00000|100%| O|  |TAMS 0x00000000c2c00000, 0x00000000c2c00000| Untracked 
|  23|0x00000000c2d00000, 0x00000000c2e00000, 0x00000000c2e00000|100%| O|  |TAMS 0x00000000c2d00000, 0x00000000c2d00000| Untracked 
|  24|0x00000000c2e00000, 0x00000000c2f00000, 0x00000000c2f00000|100%| O|  |TAMS 0x00000000c2e00000, 0x00000000c2e00000| Untracked 
|  25|0x00000000c2f00000, 0x00000000c2fb9000, 0x00000000c3000000| 72%| O|  |TAMS 0x00000000c2f00000, 0x00000000c2f00000| Untracked 
|  26|0x00000000c3000000, 0x00000000c3000000, 0x00000000c3100000|  0%| F|  |TAMS 0x00000000c3000000, 0x00000000c3000000| Untracked 
|  27|0x00000000c3100000, 0x00000000c3100000, 0x00000000c3200000|  0%| F|  |TAMS 0x00000000c3100000, 0x00000000c3100000| Untracked 
|  28|0x00000000c3200000, 0x00000000c3200000, 0x00000000c3300000|  0%| F|  |TAMS 0x00000000c3200000, 0x00000000c3200000| Untracked 
|  29|0x00000000c3300000, 0x00000000c3300000, 0x00000000c3400000|  0%| F|  |TAMS 0x00000000c3300000, 0x00000000c3300000| Untracked 
|  30|0x00000000c3400000, 0x00000000c3400000, 0x00000000c3500000|  0%| F|  |TAMS 0x00000000c3400000, 0x00000000c3400000| Untracked 
|  31|0x00000000c3500000, 0x00000000c3500000, 0x00000000c3600000|  0%| F|  |TAMS 0x00000000c3500000, 0x00000000c3500000| Untracked 
|  32|0x00000000c3600000, 0x00000000c3600000, 0x00000000c3700000|  0%| F|  |TAMS 0x00000000c3600000, 0x00000000c3600000| Untracked 
|  33|0x00000000c3700000, 0x00000000c3700000, 0x00000000c3800000|  0%| F|  |TAMS 0x00000000c3700000, 0x00000000c3700000| Untracked 
|  34|0x00000000c3800000, 0x00000000c3800000, 0x00000000c3900000|  0%| F|  |TAMS 0x00000000c3800000, 0x00000000c3800000| Untracked 
|  35|0x00000000c3900000, 0x00000000c3900000, 0x00000000c3a00000|  0%| F|  |TAMS 0x00000000c3900000, 0x00000000c3900000| Untracked 
|  36|0x00000000c3a00000, 0x00000000c3a00000, 0x00000000c3b00000|  0%| F|  |TAMS 0x00000000c3a00000, 0x00000000c3a00000| Untracked 
|  37|0x00000000c3b00000, 0x00000000c3b00000, 0x00000000c3c00000|  0%| F|  |TAMS 0x00000000c3b00000, 0x00000000c3b00000| Untracked 
|  38|0x00000000c3c00000, 0x00000000c3c6d9a0, 0x00000000c3d00000| 42%| S|CS|TAMS 0x00000000c3c00000, 0x00000000c3c00000| Complete 
|  39|0x00000000c3d00000, 0x00000000c3e00000, 0x00000000c3e00000|100%| S|CS|TAMS 0x00000000c3d00000, 0x00000000c3d00000| Complete 
|  40|0x00000000c3e00000, 0x00000000c3f00000, 0x00000000c3f00000|100%| S|CS|TAMS 0x00000000c3e00000, 0x00000000c3e00000| Complete 
|  41|0x00000000c3f00000, 0x00000000c4000000, 0x00000000c4000000|100%| S|CS|TAMS 0x00000000c3f00000, 0x00000000c3f00000| Complete 
|  42|0x00000000c4000000, 0x00000000c4000000, 0x00000000c4100000|  0%| F|  |TAMS 0x00000000c4000000, 0x00000000c4000000| Untracked 
|  43|0x00000000c4100000, 0x00000000c4100000, 0x00000000c4200000|  0%| F|  |TAMS 0x00000000c4100000, 0x00000000c4100000| Untracked 
|  44|0x00000000c4200000, 0x00000000c4200000, 0x00000000c4300000|  0%| F|  |TAMS 0x00000000c4200000, 0x00000000c4200000| Untracked 
|  45|0x00000000c4300000, 0x00000000c4300000, 0x00000000c4400000|  0%| F|  |TAMS 0x00000000c4300000, 0x00000000c4300000| Untracked 
|  46|0x00000000c4400000, 0x00000000c4400000, 0x00000000c4500000|  0%| F|  |TAMS 0x00000000c4400000, 0x00000000c4400000| Untracked 
|  47|0x00000000c4500000, 0x00000000c4568cf0, 0x00000000c4600000| 40%| E|  |TAMS 0x00000000c4500000, 0x00000000c4500000| Complete 
|  48|0x00000000c4600000, 0x00000000c4700000, 0x00000000c4700000|100%| E|CS|TAMS 0x00000000c4600000, 0x00000000c4600000| Complete 
|  49|0x00000000c4700000, 0x00000000c4800000, 0x00000000c4800000|100%| E|CS|TAMS 0x00000000c4700000, 0x00000000c4700000| Complete 
|  50|0x00000000c4800000, 0x00000000c4900000, 0x00000000c4900000|100%| E|CS|TAMS 0x00000000c4800000, 0x00000000c4800000| Complete 
|  51|0x00000000c4900000, 0x00000000c4a00000, 0x00000000c4a00000|100%| E|CS|TAMS 0x00000000c4900000, 0x00000000c4900000| Complete 
|  52|0x00000000c4a00000, 0x00000000c4b00000, 0x00000000c4b00000|100%| E|CS|TAMS 0x00000000c4a00000, 0x00000000c4a00000| Complete 
|  53|0x00000000c4b00000, 0x00000000c4c00000, 0x00000000c4c00000|100%| E|CS|TAMS 0x00000000c4b00000, 0x00000000c4b00000| Complete 
|  54|0x00000000c4c00000, 0x00000000c4d00000, 0x00000000c4d00000|100%| E|CS|TAMS 0x00000000c4c00000, 0x00000000c4c00000| Complete 
|  55|0x00000000c4d00000, 0x00000000c4e00000, 0x00000000c4e00000|100%| E|CS|TAMS 0x00000000c4d00000, 0x00000000c4d00000| Complete 
|  56|0x00000000c4e00000, 0x00000000c4f00000, 0x00000000c4f00000|100%| E|CS|TAMS 0x00000000c4e00000, 0x00000000c4e00000| Complete 
|  57|0x00000000c4f00000, 0x00000000c5000000, 0x00000000c5000000|100%| E|CS|TAMS 0x00000000c4f00000, 0x00000000c4f00000| Complete 
|  58|0x00000000c5000000, 0x00000000c5100000, 0x00000000c5100000|100%| E|CS|TAMS 0x00000000c5000000, 0x00000000c5000000| Complete 
|  59|0x00000000c5100000, 0x00000000c5200000, 0x00000000c5200000|100%| E|CS|TAMS 0x00000000c5100000, 0x00000000c5100000| Complete 
|  60|0x00000000c5200000, 0x00000000c5300000, 0x00000000c5300000|100%| E|CS|TAMS 0x00000000c5200000, 0x00000000c5200000| Complete 
|  61|0x00000000c5300000, 0x00000000c5400000, 0x00000000c5400000|100%| E|CS|TAMS 0x00000000c5300000, 0x00000000c5300000| Complete 
|  62|0x00000000c5400000, 0x00000000c5500000, 0x00000000c5500000|100%| E|CS|TAMS 0x00000000c5400000, 0x00000000c5400000| Complete 
|  63|0x00000000c5500000, 0x00000000c5600000, 0x00000000c5600000|100%| E|CS|TAMS 0x00000000c5500000, 0x00000000c5500000| Complete 
|  64|0x00000000c5600000, 0x00000000c5700000, 0x00000000c5700000|100%| E|CS|TAMS 0x00000000c5600000, 0x00000000c5600000| Complete 
|  65|0x00000000c5700000, 0x00000000c5800000, 0x00000000c5800000|100%| E|CS|TAMS 0x00000000c5700000, 0x00000000c5700000| Complete 
|  66|0x00000000c5800000, 0x00000000c5900000, 0x00000000c5900000|100%| E|CS|TAMS 0x00000000c5800000, 0x00000000c5800000| Complete 

Card table byte_map: [0x0000020bc6290000,0x0000020bc6490000] _byte_map_base: 0x0000020bc5c85000

Marking Bits (Prev, Next): (CMBitMap*) 0x0000020bad74b7e0, (CMBitMap*) 0x0000020bad74b7a0
 Prev Bits: [0x0000020bc7640000, 0x0000020bc85e8000)
 Next Bits: [0x0000020bc6690000, 0x0000020bc7638000)

Polling page: 0x0000020bad7c0000

Metaspace:

Usage:
  Non-class:     55.64 MB used.
      Class:      7.67 MB used.
       Both:     63.31 MB used.

Virtual space:
  Non-class space:       64.00 MB reserved,      55.81 MB ( 87%) committed,  1 nodes.
      Class space:        1.00 GB reserved,       7.81 MB ( <1%) committed,  1 nodes.
             Both:        1.06 GB reserved,      63.62 MB (  6%) committed. 

Chunk freelists:
   Non-Class:  7.25 MB
       Class:  8.16 MB
        Both:  15.41 MB

MaxMetaspaceSize: unlimited
CompressedClassSpaceSize: 1.00 GB
Initial GC threshold: 21.00 MB
Current GC threshold: 81.81 MB
CDS: on
MetaspaceReclaimPolicy: balanced
 - commit_granule_bytes: 65536.
 - commit_granule_words: 8192.
 - virtual_space_node_default_size: 8388608.
 - enlarge_chunks_in_place: 1.
 - new_chunks_are_fully_committed: 0.
 - uncommit_free_chunks: 1.
 - use_allocation_guard: 0.
 - handle_deallocations: 1.


Internal statistics:

num_allocs_failed_limit: 6.
num_arena_births: 420.
num_arena_deaths: 0.
num_vsnodes_births: 2.
num_vsnodes_deaths: 0.
num_space_committed: 1016.
num_space_uncommitted: 0.
num_chunks_returned_to_freelist: 6.
num_chunks_taken_from_freelist: 2652.
num_chunk_merges: 6.
num_chunk_splits: 2100.
num_chunks_enlarged: 1817.
num_inconsistent_stats: 0.

CodeHeap 'non-profiled nmethods': size=120000Kb used=2711Kb max_used=2711Kb free=117289Kb
 bounds [0x0000020bbe530000, 0x0000020bbe7e0000, 0x0000020bc5a60000]
CodeHeap 'profiled nmethods': size=120000Kb used=13648Kb max_used=13648Kb free=106351Kb
 bounds [0x0000020bb6a60000, 0x0000020bb77c0000, 0x0000020bbdf90000]
CodeHeap 'non-nmethods': size=5760Kb used=1366Kb max_used=1419Kb free=4393Kb
 bounds [0x0000020bbdf90000, 0x0000020bbe200000, 0x0000020bbe530000]
 total_blobs=6732 nmethods=6031 adapters=612
 compilation: enabled
              stopped_count=0, restarted_count=0
 full_count=0

Compilation events (20 events):
Event: 20.371 Thread 0x0000020bcabfdf20 6002       1       org.jetbrains.kotlin.types.AbstractTypeConstructor$Supertypes::getSupertypesWithoutCycles (5 bytes)
Event: 20.371 Thread 0x0000020bcabfdf20 nmethod 6002 0x0000020bbe7d4a10 code [0x0000020bbe7d4ba0, 0x0000020bbe7d4c78]
Event: 20.371 Thread 0x0000020bcabfdf20 6003       3       org.jetbrains.kotlin.descriptors.annotations.AnnotationSplitter$LazySplitAnnotations::findAnnotation (17 bytes)
Event: 20.372 Thread 0x0000020bcabfdf20 nmethod 6003 0x0000020bb7798090 code [0x0000020bb77983e0, 0x0000020bb7799638]
Event: 20.373 Thread 0x0000020bcabfdf20 6004       3       org.jetbrains.kotlin.resolve.calls.inference.model.NewConstraintSystemImpl::getBuilder (8 bytes)
Event: 20.373 Thread 0x0000020bcabfdf20 nmethod 6004 0x0000020bb7799c90 code [0x0000020bb7799e40, 0x0000020bb7799f88]
Event: 20.373 Thread 0x0000020bcabfdf20 6005       1       kotlin.sequences.FlatteningSequence::access$getSequence$p (5 bytes)
Event: 20.373 Thread 0x0000020bcabfdf20 nmethod 6005 0x0000020bbe7d4d10 code [0x0000020bbe7d4ea0, 0x0000020bbe7d4f58]
Event: 20.379 Thread 0x0000020bcabfdf20 6006       3       org.jetbrains.kotlin.descriptors.impl.PropertyDescriptorImpl::getKind (14 bytes)
Event: 20.379 Thread 0x0000020bcabfdf20 nmethod 6006 0x0000020bb779a010 code [0x0000020bb779a1c0, 0x0000020bb779a348]
Event: 20.380 Thread 0x0000020bcabfdf20 6007       3       org.jetbrains.kotlin.resolve.calls.model.ResolvedAtom::<init> (5 bytes)
Event: 20.380 Thread 0x0000020bcabfdf20 nmethod 6007 0x0000020bb779a410 code [0x0000020bb779a5c0, 0x0000020bb779a778]
Event: 20.380 Thread 0x0000020bcabfdf20 6008       3       org.jetbrains.kotlin.resolve.calls.model.ResolvedAtom::<init> (5 bytes)
Event: 20.380 Thread 0x0000020bcabfdf20 nmethod 6008 0x0000020bb779a890 code [0x0000020bb779aa40, 0x0000020bb779ab98]
Event: 20.383 Thread 0x0000020bcabfdf20 6009       3       org.jetbrains.kotlin.types.expressions.ExpressionTypingContext::create (156 bytes)
Event: 20.384 Thread 0x0000020bcabfdf20 nmethod 6009 0x0000020bb779ac90 code [0x0000020bb779af00, 0x0000020bb779b688]
Event: 20.394 Thread 0x0000020bcabfdf20 6010   !   3       java.util.AbstractList$ListItr::previous (46 bytes)
Event: 20.395 Thread 0x0000020bcabfdf20 nmethod 6010 0x0000020bb779b910 code [0x0000020bb779bb20, 0x0000020bb779c158]
Event: 20.395 Thread 0x0000020bcabfdf20 6011       3       org.jetbrains.kotlin.name.Name::special (55 bytes)
Event: 20.396 Thread 0x0000020bcabfdf20 nmethod 6011 0x0000020bb779c410 code [0x0000020bb779c6a0, 0x0000020bb779d008]

GC Heap History (20 events):
Event: 8.031 GC heap before
{Heap before GC invocations=6 (full 0):
 garbage-first heap   total 48128K, used 15314K [0x00000000c1600000, 0x0000000100000000)
  region size 1024K, 5 young (5120K), 4 survivors (4096K)
 Metaspace       used 28240K, committed 28480K, reserved 1114112K
  class space    used 3153K, committed 3264K, reserved 1048576K
}
Event: 8.044 GC heap after
{Heap after GC invocations=7 (full 0):
 garbage-first heap   total 48128K, used 15763K [0x00000000c1600000, 0x0000000100000000)
  region size 1024K, 1 young (1024K), 1 survivors (1024K)
 Metaspace       used 28240K, committed 28480K, reserved 1114112K
  class space    used 3153K, committed 3264K, reserved 1048576K
}
Event: 9.955 GC heap before
{Heap before GC invocations=7 (full 0):
 garbage-first heap   total 48128K, used 34195K [0x00000000c1600000, 0x0000000100000000)
  region size 1024K, 19 young (19456K), 1 survivors (1024K)
 Metaspace       used 32338K, committed 32640K, reserved 1114112K
  class space    used 3663K, committed 3776K, reserved 1048576K
}
Event: 9.961 GC heap after
{Heap after GC invocations=8 (full 0):
 garbage-first heap   total 48128K, used 17181K [0x00000000c1600000, 0x0000000100000000)
  region size 1024K, 2 young (2048K), 2 survivors (2048K)
 Metaspace       used 32338K, committed 32640K, reserved 1114112K
  class space    used 3663K, committed 3776K, reserved 1048576K
}
Event: 11.451 GC heap before
{Heap before GC invocations=8 (full 0):
 garbage-first heap   total 48128K, used 35613K [0x00000000c1600000, 0x0000000100000000)
  region size 1024K, 20 young (20480K), 2 survivors (2048K)
 Metaspace       used 32956K, committed 33216K, reserved 1114112K
  class space    used 3726K, committed 3840K, reserved 1048576K
}
Event: 11.456 GC heap after
{Heap after GC invocations=9 (full 0):
 garbage-first heap   total 48128K, used 17649K [0x00000000c1600000, 0x0000000100000000)
  region size 1024K, 1 young (1024K), 1 survivors (1024K)
 Metaspace       used 32956K, committed 33216K, reserved 1114112K
  class space    used 3726K, committed 3840K, reserved 1048576K
}
Event: 11.970 GC heap before
{Heap before GC invocations=9 (full 0):
 garbage-first heap   total 48128K, used 22769K [0x00000000c1600000, 0x0000000100000000)
  region size 1024K, 8 young (8192K), 1 survivors (1024K)
 Metaspace       used 35749K, committed 35968K, reserved 1114112K
  class space    used 4378K, committed 4480K, reserved 1048576K
}
Event: 11.973 GC heap after
{Heap after GC invocations=10 (full 0):
 garbage-first heap   total 48128K, used 18026K [0x00000000c1600000, 0x0000000100000000)
  region size 1024K, 1 young (1024K), 1 survivors (1024K)
 Metaspace       used 35749K, committed 35968K, reserved 1114112K
  class space    used 4378K, committed 4480K, reserved 1048576K
}
Event: 13.033 GC heap before
{Heap before GC invocations=11 (full 0):
 garbage-first heap   total 48128K, used 35434K [0x00000000c1600000, 0x0000000100000000)
  region size 1024K, 19 young (19456K), 1 survivors (1024K)
 Metaspace       used 40430K, committed 40768K, reserved 1114112K
  class space    used 5114K, committed 5248K, reserved 1048576K
}
Event: 13.038 GC heap after
{Heap after GC invocations=12 (full 0):
 garbage-first heap   total 48128K, used 19665K [0x00000000c1600000, 0x0000000100000000)
  region size 1024K, 3 young (3072K), 3 survivors (3072K)
 Metaspace       used 40430K, committed 40768K, reserved 1114112K
  class space    used 5114K, committed 5248K, reserved 1048576K
}
Event: 13.738 GC heap before
{Heap before GC invocations=12 (full 0):
 garbage-first heap   total 48128K, used 35025K [0x00000000c1600000, 0x0000000100000000)
  region size 1024K, 19 young (19456K), 3 survivors (3072K)
 Metaspace       used 43510K, committed 43840K, reserved 1114112K
  class space    used 5410K, committed 5568K, reserved 1048576K
}
Event: 13.745 GC heap after
{Heap after GC invocations=13 (full 0):
 garbage-first heap   total 48128K, used 21670K [0x00000000c1600000, 0x0000000100000000)
  region size 1024K, 2 young (2048K), 2 survivors (2048K)
 Metaspace       used 43510K, committed 43840K, reserved 1114112K
  class space    used 5410K, committed 5568K, reserved 1048576K
}
Event: 14.408 GC heap before
{Heap before GC invocations=13 (full 0):
 garbage-first heap   total 48128K, used 36006K [0x00000000c1600000, 0x0000000100000000)
  region size 1024K, 16 young (16384K), 2 survivors (2048K)
 Metaspace       used 46265K, committed 46528K, reserved 1114112K
  class space    used 5647K, committed 5760K, reserved 1048576K
}
Event: 14.415 GC heap after
{Heap after GC invocations=14 (full 0):
 garbage-first heap   total 48128K, used 23643K [0x00000000c1600000, 0x0000000100000000)
  region size 1024K, 2 young (2048K), 2 survivors (2048K)
 Metaspace       used 46265K, committed 46528K, reserved 1114112K
  class space    used 5647K, committed 5760K, reserved 1048576K
}
Event: 15.222 GC heap before
{Heap before GC invocations=14 (full 0):
 garbage-first heap   total 48128K, used 34907K [0x00000000c1600000, 0x0000000100000000)
  region size 1024K, 14 young (14336K), 2 survivors (2048K)
 Metaspace       used 49724K, committed 50048K, reserved 1114112K
  class space    used 6004K, committed 6144K, reserved 1048576K
}
Event: 15.231 GC heap after
{Heap after GC invocations=15 (full 0):
 garbage-first heap   total 68608K, used 23897K [0x00000000c1600000, 0x0000000100000000)
  region size 1024K, 1 young (1024K), 1 survivors (1024K)
 Metaspace       used 49724K, committed 50048K, reserved 1114112K
  class space    used 6004K, committed 6144K, reserved 1048576K
}
Event: 17.581 GC heap before
{Heap before GC invocations=16 (full 0):
 garbage-first heap   total 68608K, used 53593K [0x00000000c1600000, 0x0000000100000000)
  region size 1024K, 30 young (30720K), 1 survivors (1024K)
 Metaspace       used 55953K, committed 56320K, reserved 1114112K
  class space    used 6727K, committed 6848K, reserved 1048576K
}
Event: 17.587 GC heap after
{Heap after GC invocations=17 (full 0):
 garbage-first heap   total 68608K, used 26524K [0x00000000c1600000, 0x0000000100000000)
  region size 1024K, 4 young (4096K), 4 survivors (4096K)
 Metaspace       used 55953K, committed 56320K, reserved 1114112K
  class space    used 6727K, committed 6848K, reserved 1048576K
}
Event: 19.224 GC heap before
{Heap before GC invocations=17 (full 0):
 garbage-first heap   total 68608K, used 52124K [0x00000000c1600000, 0x0000000100000000)
  region size 1024K, 29 young (29696K), 4 survivors (4096K)
 Metaspace       used 61345K, committed 61696K, reserved 1114112K
  class space    used 7384K, committed 7552K, reserved 1048576K
}
Event: 19.236 GC heap after
{Heap after GC invocations=18 (full 0):
 garbage-first heap   total 68608K, used 29850K [0x00000000c1600000, 0x0000000100000000)
  region size 1024K, 4 young (4096K), 4 survivors (4096K)
 Metaspace       used 61345K, committed 61696K, reserved 1114112K
  class space    used 7384K, committed 7552K, reserved 1048576K
}

Dll operation events (8 events):
Event: 0.061 Loaded shared library C:\Program Files\Eclipse Adoptium\jdk-17.0.20.101-hotspot\bin\java.dll
Event: 0.138 Loaded shared library C:\Program Files\Eclipse Adoptium\jdk-17.0.20.101-hotspot\bin\jsvml.dll
Event: 0.321 Loaded shared library C:\Program Files\Eclipse Adoptium\jdk-17.0.20.101-hotspot\bin\net.dll
Event: 0.336 Loaded shared library C:\Program Files\Eclipse Adoptium\jdk-17.0.20.101-hotspot\bin\nio.dll
Event: 0.350 Loaded shared library C:\Program Files\Eclipse Adoptium\jdk-17.0.20.101-hotspot\bin\zip.dll
Event: 0.580 Loaded shared library C:\Program Files\Eclipse Adoptium\jdk-17.0.20.101-hotspot\bin\jimage.dll
Event: 4.486 Loaded shared library C:\Program Files\Eclipse Adoptium\jdk-17.0.20.101-hotspot\bin\verify.dll
Event: 9.361 Loaded shared library C:\Users\welcome\AppData\Local\Temp\sqlite-3.41.2.1-ea76c8f0-402f-4ae2-a9d0-e6b22eef5160-sqlitejdbc.dll

Deoptimization events (20 events):
Event: 19.573 Thread 0x0000020c1a0c2050 DEOPT PACKING pc=0x0000020bbe797720 sp=0x0000002c529fb7a0
Event: 19.573 Thread 0x0000020c1a0c2050 DEOPT UNPACKING pc=0x0000020bbdfe69a3 sp=0x0000002c529fb770 mode 2
Event: 19.580 Thread 0x0000020c1a0c2050 Uncommon trap: trap_request=0xffffffde fr.pc=0x0000020bbe797720 relative=0x0000000000000660
Event: 19.580 Thread 0x0000020c1a0c2050 Uncommon trap: reason=class_check action=maybe_recompile pc=0x0000020bbe797720 method=com.intellij.psi.impl.source.tree.CompositeElement.getPsi()Lcom/intellij/psi/PsiElement; @ 15 c2
Event: 19.580 Thread 0x0000020c1a0c2050 DEOPT PACKING pc=0x0000020bbe797720 sp=0x0000002c529fb810
Event: 19.580 Thread 0x0000020c1a0c2050 DEOPT UNPACKING pc=0x0000020bbdfe69a3 sp=0x0000002c529fb7e8 mode 2
Event: 19.581 Thread 0x0000020c1a0c2050 Uncommon trap: trap_request=0xffffffde fr.pc=0x0000020bbe797720 relative=0x0000000000000660
Event: 19.581 Thread 0x0000020c1a0c2050 Uncommon trap: reason=class_check action=maybe_recompile pc=0x0000020bbe797720 method=com.intellij.psi.impl.source.tree.CompositeElement.getPsi()Lcom/intellij/psi/PsiElement; @ 15 c2
Event: 19.581 Thread 0x0000020c1a0c2050 DEOPT PACKING pc=0x0000020bbe797720 sp=0x0000002c529fb830
Event: 19.581 Thread 0x0000020c1a0c2050 DEOPT UNPACKING pc=0x0000020bbdfe69a3 sp=0x0000002c529fb800 mode 2
Event: 19.584 Thread 0x0000020c1a0c2050 DEOPT PACKING pc=0x0000020bb7689f04 sp=0x0000002c529fb8a0
Event: 19.584 Thread 0x0000020c1a0c2050 DEOPT UNPACKING pc=0x0000020bbdfe7143 sp=0x0000002c529fad88 mode 0
Event: 19.695 Thread 0x0000020c1a0c2050 Uncommon trap: trap_request=0xffffffde fr.pc=0x0000020bbe797720 relative=0x0000000000000660
Event: 19.695 Thread 0x0000020c1a0c2050 Uncommon trap: reason=class_check action=maybe_recompile pc=0x0000020bbe797720 method=com.intellij.psi.impl.source.tree.CompositeElement.getPsi()Lcom/intellij/psi/PsiElement; @ 15 c2
Event: 19.695 Thread 0x0000020c1a0c2050 DEOPT PACKING pc=0x0000020bbe797720 sp=0x0000002c529fb7a0
Event: 19.695 Thread 0x0000020c1a0c2050 DEOPT UNPACKING pc=0x0000020bbdfe69a3 sp=0x0000002c529fb770 mode 2
Event: 20.319 Thread 0x0000020c1a0c2050 Uncommon trap: trap_request=0xffffff45 fr.pc=0x0000020bbe6d39e8 relative=0x00000000000000c8
Event: 20.319 Thread 0x0000020c1a0c2050 Uncommon trap: reason=unstable_if action=reinterpret pc=0x0000020bbe6d39e8 method=java.lang.Integer.valueOf(I)Ljava/lang/Integer; @ 3 c2
Event: 20.319 Thread 0x0000020c1a0c2050 DEOPT PACKING pc=0x0000020bbe6d39e8 sp=0x0000002c529fc4e0
Event: 20.319 Thread 0x0000020c1a0c2050 DEOPT UNPACKING pc=0x0000020bbdfe69a3 sp=0x0000002c529fc478 mode 2

Classes loaded (20 events):
Event: 16.856 Loading class java/util/AbstractList$SubList$1
Event: 16.856 Loading class java/util/AbstractList$SubList$1 done
Event: 17.724 Loading class java/util/stream/IntPipeline$1
Event: 17.724 Loading class java/util/stream/IntPipeline$1 done
Event: 17.728 Loading class java/util/stream/IntPipeline$1$1
Event: 17.729 Loading class java/util/stream/IntPipeline$1$1 done
Event: 17.920 Loading class java/util/concurrent/CompletableFuture$AsyncRun
Event: 17.920 Loading class java/util/concurrent/CompletableFuture$AsyncRun done
Event: 18.063 Loading class java/util/concurrent/ConcurrentLinkedQueue$Itr
Event: 18.064 Loading class java/util/concurrent/ConcurrentLinkedQueue$Itr done
Event: 18.404 Loading class java/util/concurrent/locks/AbstractQueuedSynchronizer$ExclusiveNode
Event: 18.404 Loading class java/util/concurrent/locks/AbstractQueuedSynchronizer$ExclusiveNode done
Event: 18.952 Loading class java/util/stream/LongStream
Event: 18.953 Loading class java/util/stream/LongStream done
Event: 18.953 Loading class java/util/stream/DoubleStream
Event: 18.954 Loading class java/util/stream/DoubleStream done
Event: 19.119 Loading class java/lang/Character$UnicodeBlock
Event: 19.121 Loading class java/lang/Character$Subset
Event: 19.121 Loading class java/lang/Character$Subset done
Event: 19.121 Loading class java/lang/Character$UnicodeBlock done

Classes unloaded (0 events):
No events

Classes redefined (0 events):
No events

Internal exceptions (20 events):
Event: 15.370 Thread 0x0000020c1a0c2050 Exception <a 'java/lang/NoSuchMethodError'{0x00000000c5722348}: 'int java.lang.invoke.DirectMethodHandle$Holder.invokeVirtual(java.lang.Object, java.lang.Object)'> (0x00000000c5722348) 
thrown [s\src\hotspot\share\interpreter\linkResolver.cpp, line 759]
Event: 15.682 Thread 0x0000020c1a0c2050 Exception <a 'java/lang/NoSuchMethodError'{0x00000000c55e5060}: 'java.lang.Object java.lang.invoke.DirectMethodHandle$Holder.newInvokeSpecial(java.lang.Object, java.lang.Object, java.lang.Object, java.lang.Object, int)'> (0x00000000c55e5060) 
thrown [s\src\hotspot\share\interpreter\linkResolver.cpp, line 759]
Event: 15.684 Thread 0x0000020c1a0c2050 Exception <a 'java/lang/NoSuchMethodError'{0x00000000c55e9398}: 'java.lang.Object java.lang.invoke.DirectMethodHandle$Holder.invokeSpecial(java.lang.Object, java.lang.Object, java.lang.Object, java.lang.Object, java.lang.Object, int)'> (0x00000000c55e9398) 
thrown [s\src\hotspot\share\interpreter\linkResolver.cpp, line 759]
Event: 15.684 Thread 0x0000020c1a0c2050 Exception <a 'java/lang/NoSuchMethodError'{0x00000000c55ed080}: 'java.lang.Object java.lang.invoke.Invokers$Holder.linkToTargetMethod(java.lang.Object, java.lang.Object, java.lang.Object, int, java.lang.Object)'> (0x00000000c55ed080) 
thrown [s\src\hotspot\share\interpreter\linkResolver.cpp, line 759]
Event: 15.804 Thread 0x0000020c1a0c2050 Exception <a 'java/lang/NoSuchMethodError'{0x00000000c53984b8}: 'java.lang.Object java.lang.invoke.DirectMethodHandle$Holder.newInvokeSpecial(java.lang.Object, java.lang.Object, java.lang.Object, java.lang.Object, java.lang.Object, java.lang.Object)'> (0x00000000c53984b8) 
thrown [s\src\hotspot\share\interpreter\linkResolver.cpp, line 759]
Event: 16.124 Thread 0x0000020c1a0c2050 Exception <a 'java/lang/NoSuchMethodError'{0x00000000c4e9baa0}: 'java.lang.Object java.lang.invoke.DirectMethodHandle$Holder.invokeStaticInit(java.lang.Object, java.lang.Object, java.lang.Object, java.lang.Object)'> (0x00000000c4e9baa0) 
thrown [s\src\hotspot\share\interpreter\linkResolver.cpp, line 759]
Event: 16.253 Thread 0x0000020c1a0c2050 Exception <a 'java/lang/NoSuchMethodError'{0x00000000c4cef930}: 'java.lang.Object java.lang.invoke.DirectMethodHandle$Holder.newInvokeSpecial(java.lang.Object, java.lang.Object, java.lang.Object, java.lang.Object, int, java.lang.Object)'> (0x00000000c4cef930) 
thrown [s\src\hotspot\share\interpreter\linkResolver.cpp, line 759]
Event: 16.254 Thread 0x0000020c1a0c2050 Exception <a 'java/lang/NoSuchMethodError'{0x00000000c4cf77d0}: 'java.lang.Object java.lang.invoke.Invokers$Holder.linkToTargetMethod(java.lang.Object, java.lang.Object, java.lang.Object, int, java.lang.Object, java.lang.Object)'> (0x00000000c4cf77d0) 
thrown [s\src\hotspot\share\interpreter\linkResolver.cpp, line 759]
Event: 17.449 Thread 0x0000020c1a0c2050 Exception <a 'java/lang/NoSuchMethodError'{0x00000000c3fc8a60}: 'java.lang.Object java.lang.invoke.DirectMethodHandle$Holder.newInvokeSpecial(java.lang.Object, java.lang.Object, java.lang.Object, java.lang.Object, java.lang.Object, java.lang.Object, java.lang.Object, int)'> (0x00000000c3fc8a60) 
thrown [s\src\hotspot\share\interpreter\linkResolver.cpp, line 759]
Event: 17.451 Thread 0x0000020c1a0c2050 Exception <a 'java/lang/NoSuchMethodError'{0x00000000c3fcddb0}: 'java.lang.Object java.lang.invoke.DirectMethodHandle$Holder.invokeSpecial(java.lang.Object, java.lang.Object, java.lang.Object, java.lang.Object, java.lang.Object, java.lang.Object, java.lang.Object, java.lang.Object, int)'> (0x00000000c3fcddb0) 
thrown [s\src\hotspot\share\interpreter\linkResolver.cpp, line 759]
Event: 17.525 Thread 0x0000020c1a0c2050 Implicit null exception at 0x0000020bbe5ac36f to 0x0000020bbe5ac54c
Event: 17.722 Thread 0x0000020c1a0c2050 Implicit null exception at 0x0000020bbe75b215 to 0x0000020bbe75b5ea
Event: 17.722 Thread 0x0000020c1a0c2050 Implicit null exception at 0x0000020bbe754daf to 0x0000020bbe754dec
Event: 17.957 Thread 0x0000020c10232ab0 Exception <a 'java/lang/NoSuchMethodError'{0x00000000c5206ff8}: 'java.lang.Object java.lang.invoke.DirectMethodHandle$Holder.newInvokeSpecial(java.lang.Object, java.lang.Object, java.lang.Object, java.lang.Object, long)'> (0x00000000c5206ff8) 
thrown [s\src\hotspot\share\interpreter\linkResolver.cpp, line 759]
Event: 17.957 Thread 0x0000020c10232ab0 Exception <a 'java/lang/NoSuchMethodError'{0x00000000c520b088}: 'java.lang.Object java.lang.invoke.DirectMethodHandle$Holder.invokeSpecial(java.lang.Object, java.lang.Object, java.lang.Object, java.lang.Object, java.lang.Object, long)'> (0x00000000c520b088) 
thrown [s\src\hotspot\share\interpreter\linkResolver.cpp, line 759]
Event: 17.958 Thread 0x0000020c10232ab0 Exception <a 'java/lang/NoSuchMethodError'{0x00000000c520eac8}: 'java.lang.Object java.lang.invoke.Invokers$Holder.linkToTargetMethod(java.lang.Object, java.lang.Object, java.lang.Object, long, java.lang.Object)'> (0x00000000c520eac8) 
thrown [s\src\hotspot\share\interpreter\linkResolver.cpp, line 759]
Event: 18.204 Thread 0x0000020c1a0c2050 Exception <a 'java/lang/NoSuchMethodError'{0x00000000c4e64f00}: 'java.lang.Object java.lang.invoke.DirectMethodHandle$Holder.invokeStatic(java.lang.Object, int, java.lang.Object)'> (0x00000000c4e64f00) 
thrown [s\src\hotspot\share\interpreter\linkResolver.cpp, line 759]
Event: 19.425 Thread 0x0000020c1a0c2050 Exception <a 'java/lang/IncompatibleClassChangeError'{0x00000000c55051b0}: Found class java.lang.Object, but interface was expected> (0x00000000c55051b0) 
thrown [s\src\hotspot\share\interpreter\linkResolver.cpp, line 826]
Event: 19.429 Thread 0x0000020c1a0c2050 Exception <a 'java/lang/NoSuchMethodError'{0x00000000c55106c8}: 'java.lang.Object java.lang.invoke.DirectMethodHandle$Holder.invokeStatic(java.lang.Object, java.lang.Object, java.lang.Object, java.lang.Object, int)'> (0x00000000c55106c8) 
thrown [s\src\hotspot\share\interpreter\linkResolver.cpp, line 759]
Event: 19.481 Thread 0x0000020c1a0c2050 Implicit null exception at 0x0000020bbe5b5f60 to 0x0000020bbe5b61e8

VM Operations (20 events):
Event: 18.568 Executing VM operation: HandshakeAllThreads
Event: 18.568 Executing VM operation: HandshakeAllThreads done
Event: 18.633 Executing VM operation: HandshakeAllThreads
Event: 18.633 Executing VM operation: HandshakeAllThreads done
Event: 19.140 Executing VM operation: HandshakeAllThreads
Event: 19.140 Executing VM operation: HandshakeAllThreads done
Event: 19.224 Executing VM operation: G1CollectForAllocation
Event: 19.236 Executing VM operation: G1CollectForAllocation done
Event: 19.446 Executing VM operation: HandshakeAllThreads
Event: 19.446 Executing VM operation: HandshakeAllThreads done
Event: 19.464 Executing VM operation: HandshakeAllThreads
Event: 19.464 Executing VM operation: HandshakeAllThreads done
Event: 19.485 Executing VM operation: HandshakeAllThreads
Event: 19.485 Executing VM operation: HandshakeAllThreads done
Event: 19.584 Executing VM operation: HandshakeAllThreads
Event: 19.584 Executing VM operation: HandshakeAllThreads done
Event: 19.604 Executing VM operation: HandshakeAllThreads
Event: 19.604 Executing VM operation: HandshakeAllThreads done
Event: 20.113 Executing VM operation: ICBufferFull
Event: 20.114 Executing VM operation: ICBufferFull done

Memory protections (0 events):
No events

Nmethod flushes (0 events):
No events

Events (20 events):
Event: 0.180 Thread 0x0000020bad70db30 Thread added: 0x0000020bcabdd250
Event: 0.181 Thread 0x0000020bad70db30 Thread added: 0x0000020bcabfdf20
Event: 0.181 Thread 0x0000020bad70db30 Thread added: 0x0000020bcac10fd0
Event: 0.300 Thread 0x0000020bad70db30 Thread added: 0x0000020c100a28c0
Event: 0.306 Thread 0x0000020bad70db30 Thread added: 0x0000020c100ad270
Event: 5.718 Thread 0x0000020bcabfdf20 Thread added: 0x0000020c11245280
Event: 6.137 Thread 0x0000020c11245280 Thread exited: 0x0000020c11245280
Event: 6.332 Thread 0x0000020bcabfdf20 Thread added: 0x0000020c104c0580
Event: 7.419 Thread 0x0000020c104c0580 Thread exited: 0x0000020c104c0580
Event: 7.627 Thread 0x0000020bcabfdf20 Thread added: 0x0000020c11daceb0
Event: 7.673 Thread 0x0000020bad70db30 Thread added: 0x0000020c11ec8a50
Event: 7.690 Thread 0x0000020c11ec8a50 Thread exited: 0x0000020c11ec8a50
Event: 8.501 Thread 0x0000020bad70db30 Thread added: 0x0000020c11b94350
Event: 8.502 Thread 0x0000020bad70db30 Thread exited: 0x0000020bad70db30
Event: 8.502 Thread 0x0000020bad70db30 Thread added: 0x0000020bad70db30
Event: 8.707 Thread 0x0000020c11b94350 Thread added: 0x0000020c1a032170
Event: 9.237 Thread 0x0000020c11daceb0 Thread exited: 0x0000020c11daceb0
Event: 11.288 Thread 0x0000020c1a032170 Thread added: 0x0000020c19ec62f0
Event: 11.464 Thread 0x0000020c1a032170 Thread added: 0x0000020c1a0c2050
Event: 17.920 Thread 0x0000020c1a0c2050 Thread added: 0x0000020c10232ab0


Dynamic libraries:
0x00007ff79be00000 - 0x00007ff79be0e000 	C:\Program Files\Eclipse Adoptium\jdk-17.0.20.101-hotspot\bin\java.exe
0x00007fffc4bd0000 - 0x00007fffc4dc9000 	C:\Windows\SYSTEM32\ntdll.dll
0x00007fffc3a60000 - 0x00007fffc3b22000 	C:\Windows\System32\KERNEL32.DLL
0x00007fffc25d0000 - 0x00007fffc28c7000 	C:\Windows\System32\KERNELBASE.dll
0x00007fffc2a30000 - 0x00007fffc2b30000 	C:\Windows\System32\ucrtbase.dll
0x00007fffbc170000 - 0x00007fffbc188000 	C:\Program Files\Eclipse Adoptium\jdk-17.0.20.101-hotspot\bin\jli.dll
0x00007fffc3560000 - 0x00007fffc36fd000 	C:\Windows\System32\USER32.dll
0x00007fffc2b80000 - 0x00007fffc2ba2000 	C:\Windows\System32\win32u.dll
0x00007fffc3b90000 - 0x00007fffc3bbb000 	C:\Windows\System32\GDI32.dll
0x00007fffc22c0000 - 0x00007fffc23da000 	C:\Windows\System32\gdi32full.dll
0x00007fffc2220000 - 0x00007fffc22bd000 	C:\Windows\System32\msvcp_win.dll
0x00007fffba490000 - 0x00007fffba4ae000 	C:\Program Files\Eclipse Adoptium\jdk-17.0.20.101-hotspot\bin\VCRUNTIME140.dll
0x00007fffaf7a0000 - 0x00007fffafa3b000 	C:\Windows\WinSxS\amd64_microsoft.windows.common-controls_6595b64144ccf1df_6.0.19041.7663_none_60b9ed0b71f50c93\COMCTL32.dll
0x00007fffc3940000 - 0x00007fffc39de000 	C:\Windows\System32\msvcrt.dll
0x00007fffc3910000 - 0x00007fffc393f000 	C:\Windows\System32\IMM32.DLL
0x00007fffbd010000 - 0x00007fffbd01c000 	C:\Program Files\Eclipse Adoptium\jdk-17.0.20.101-hotspot\bin\vcruntime140_1.dll
0x00007fff8e400000 - 0x00007fff8e48d000 	C:\Program Files\Eclipse Adoptium\jdk-17.0.20.101-hotspot\bin\msvcp140.dll
0x00007fff22fa0000 - 0x00007fff23c0c000 	C:\Program Files\Eclipse Adoptium\jdk-17.0.20.101-hotspot\bin\server\jvm.dll
0x00007fffc4ad0000 - 0x00007fffc4b82000 	C:\Windows\System32\ADVAPI32.dll
0x00007fffc3400000 - 0x00007fffc34a0000 	C:\Windows\System32\sechost.dll
0x00007fffc37e0000 - 0x00007fffc3906000 	C:\Windows\System32\RPCRT4.dll
0x00007fffc2460000 - 0x00007fffc2487000 	C:\Windows\System32\bcrypt.dll
0x00007fffc39e0000 - 0x00007fffc3a53000 	C:\Windows\System32\WS2_32.dll
0x00007fffc2070000 - 0x00007fffc20bb000 	C:\Windows\SYSTEM32\POWRPROF.dll
0x00007fffad060000 - 0x00007fffad087000 	C:\Windows\SYSTEM32\WINMM.dll
0x00007fffbb7b0000 - 0x00007fffbb7ba000 	C:\Windows\SYSTEM32\VERSION.dll
0x00007fffc2050000 - 0x00007fffc2062000 	C:\Windows\SYSTEM32\UMPDC.dll
0x00007fffc0030000 - 0x00007fffc0042000 	C:\Windows\SYSTEM32\kernel.appcore.dll
0x00007fffbc940000 - 0x00007fffbc94a000 	C:\Program Files\Eclipse Adoptium\jdk-17.0.20.101-hotspot\bin\jimage.dll
0x00007fffac260000 - 0x00007fffac46b000 	C:\Windows\SYSTEM32\DBGHELP.DLL
0x00007fffaae90000 - 0x00007fffaaec5000 	C:\Windows\SYSTEM32\dbgcore.DLL
0x00007fffc2540000 - 0x00007fffc25c2000 	C:\Windows\System32\bcryptPrimitives.dll
0x00007fff9dce0000 - 0x00007fff9dd05000 	C:\Program Files\Eclipse Adoptium\jdk-17.0.20.101-hotspot\bin\java.dll
0x00007fff8d840000 - 0x00007fff8d917000 	C:\Program Files\Eclipse Adoptium\jdk-17.0.20.101-hotspot\bin\jsvml.dll
0x00007fffc2c80000 - 0x00007fffc33f1000 	C:\Windows\System32\SHELL32.dll
0x00007fffc0240000 - 0x00007fffc09ec000 	C:\Windows\SYSTEM32\windows.storage.dll
0x00007fffc4040000 - 0x00007fffc4394000 	C:\Windows\System32\combase.dll
0x00007fffc1b70000 - 0x00007fffc1b9b000 	C:\Windows\SYSTEM32\Wldp.dll
0x00007fffc34a0000 - 0x00007fffc354d000 	C:\Windows\System32\SHCORE.dll
0x00007fffc2c10000 - 0x00007fffc2c6b000 	C:\Windows\System32\shlwapi.dll
0x00007fffc2150000 - 0x00007fffc2175000 	C:\Windows\SYSTEM32\profapi.dll
0x00007fffae230000 - 0x00007fffae24a000 	C:\Program Files\Eclipse Adoptium\jdk-17.0.20.101-hotspot\bin\net.dll
0x00007fffb8a20000 - 0x00007fffb8b2d000 	C:\Windows\SYSTEM32\WINHTTP.dll
0x00007fffc1880000 - 0x00007fffc18ea000 	C:\Windows\system32\mswsock.dll
0x00007fff9a770000 - 0x00007fff9a786000 	C:\Program Files\Eclipse Adoptium\jdk-17.0.20.101-hotspot\bin\nio.dll
0x00007fff9a750000 - 0x00007fff9a768000 	C:\Program Files\Eclipse Adoptium\jdk-17.0.20.101-hotspot\bin\zip.dll
0x00007fffc1ad0000 - 0x00007fffc1ae8000 	C:\Windows\SYSTEM32\CRYPTSP.dll
0x00007fffc1180000 - 0x00007fffc11b8000 	C:\Windows\system32\rsaenh.dll
0x00007fffc20c0000 - 0x00007fffc20ee000 	C:\Windows\SYSTEM32\USERENV.dll
0x00007fffc1ac0000 - 0x00007fffc1acc000 	C:\Windows\SYSTEM32\CRYPTBASE.dll
0x00007fffc1550000 - 0x00007fffc158b000 	C:\Windows\SYSTEM32\IPHLPAPI.DLL
0x00007fffc2c70000 - 0x00007fffc2c78000 	C:\Windows\System32\NSI.dll
0x00007fffb9550000 - 0x00007fffb9567000 	C:\Windows\SYSTEM32\dhcpcsvc6.DLL
0x00007fffb9530000 - 0x00007fffb954d000 	C:\Windows\SYSTEM32\dhcpcsvc.DLL
0x00007fffc1590000 - 0x00007fffc165c000 	C:\Windows\SYSTEM32\DNSAPI.dll
0x00007fffbcfd0000 - 0x00007fffbcfe0000 	C:\Program Files\Eclipse Adoptium\jdk-17.0.20.101-hotspot\bin\verify.dll
0x00007fff87bd0000 - 0x00007fff87cb9000 	C:\Users\welcome\AppData\Local\Temp\sqlite-3.41.2.1-ea76c8f0-402f-4ae2-a9d0-e6b22eef5160-sqlitejdbc.dll

dbghelp: loaded successfully - version: 4.0.5 - missing functions: none
symbol engine: initialized successfully - sym options: 0x614 - pdb path: .;C:\Program Files\Eclipse Adoptium\jdk-17.0.20.101-hotspot\bin;C:\Windows\SYSTEM32;C:\Windows\WinSxS\amd64_microsoft.windows.common-controls_6595b64144ccf1df_6.0.19041.7663_none_60b9ed0b71f50c93;C:\Program Files\Eclipse Adoptium\jdk-17.0.20.101-hotspot\bin\server;C:\Users\welcome\AppData\Local\Temp

VM Arguments:
jvm_args: -DkotlinLanguageServer.version=1.3.13 
java_command: org.javacs.kt.MainKt
java_class_path (initial): c:\Users\welcome\AppData\Roaming\Code\User\globalStorage\fwcd.kotlin\langServerInstall\server\lib\server-1.3.13.jar;c:\Users\welcome\AppData\Roaming\Code\User\globalStorage\fwcd.kotlin\langServerInstall\server\lib\shared-1.3.13.jar;c:\Users\welcome\AppData\Roaming\Code\User\globalStorage\fwcd.kotlin\langServerInstall\server\lib\kotlin-scripting-jvm-host-unshaded-2.1.0.jar;c:\Users\welcome\AppData\Roaming\Code\User\globalStorage\fwcd.kotlin\langServerInstall\server\lib\kotlin-scripting-compiler-2.1.0.jar;c:\Users\welcome\AppData\Roaming\Code\User\globalStorage\fwcd.kotlin\langServerInstall\server\lib\ktfmt-b5d31d1.jar;c:\Users\welcome\AppData\Roaming\Code\User\globalStorage\fwcd.kotlin\langServerInstall\server\lib\kotlin-compiler-2.1.0.jar;c:\Users\welcome\AppData\Roaming\Code\User\globalStorage\fwcd.kotlin\langServerInstall\server\lib\exposed-dao-0.37.3.jar;c:\Users\welcome\AppData\Roaming\Code\User\globalStorage\fwcd.kotlin\langServerInstall\server\lib\exposed-jdbc-0.37.3.jar;c:\Users\welcome\AppData\Roaming\Code\User\globalStorage\fwcd.kotlin\langServerInstall\server\lib\exposed-core-0.37.3.jar;c:\Users\welcome\AppData\Roaming\Code\User\globalStorage\fwcd.kotlin\langServerInstall\server\lib\kotlin-scripting-compiler-impl-2.1.0.jar;c:\Users\welcome\AppData\Roaming\Code\User\globalStorage\fwcd.kotlin\langServerInstall\server\lib\kotlin-reflect-2.1.0.jar;c:\Users\welcome\AppData\Roaming\Code\User\globalStorage\fwcd.kotlin\langServerInstall\server\lib\kotlin-scripting-jvm-2.1.0.jar;c:\Users\welcome\AppData\Roaming\Code\User\globalStorage\fwcd.kotlin\langServerInstall\server\lib\kotlin-scripting-common-2.1.0.jar;c:\Users\welcome\AppData\Roaming\Code\User\globalStorage\fwcd.kotlin\langServerInstall\server\lib\kotlinx-coroutines-core-jvm-1.6.4.jar;c:\Users\welcome\AppData\Roaming\Code\User\globalStorage\fwcd.kotlin\langServerInstall\server\lib\kotlin-stdlib-jdk8-2.1.0.jar;c:\Users\welcome\AppData\Roaming\Code\User\globalStorage\fwcd.kotlin\la
Launcher Type: SUN_STANDARD

[Global flags]
     intx CICompilerCount                          = 3                                         {product} {ergonomic}
     uint ConcGCThreads                            = 1                                         {product} {ergonomic}
     uint G1ConcRefinementThreads                  = 4                                         {product} {ergonomic}
   size_t G1HeapRegionSize                         = 1048576                                   {product} {ergonomic}
    uintx GCDrainStackTargetSize                   = 64                                        {product} {ergonomic}
   size_t InitialHeapSize                          = 67108864                                  {product} {ergonomic}
   size_t MarkStackSize                            = 4194304                                   {product} {ergonomic}
   size_t MaxHeapSize                              = 1050673152                                {product} {ergonomic}
   size_t MaxNewSize                               = 630194176                                 {product} {ergonomic}
   size_t MinHeapDeltaBytes                        = 1048576                                   {product} {ergonomic}
   size_t MinHeapSize                              = 8388608                                   {product} {ergonomic}
    uintx NonNMethodCodeHeapSize                   = 5832780                                {pd product} {ergonomic}
    uintx NonProfiledCodeHeapSize                  = 122912730                              {pd product} {ergonomic}
    uintx ProfiledCodeHeapSize                     = 122912730                              {pd product} {ergonomic}
    uintx ReservedCodeCacheSize                    = 251658240                              {pd product} {ergonomic}
     bool SegmentedCodeCache                       = true                                      {product} {ergonomic}
   size_t SoftMaxHeapSize                          = 1050673152                             {manageable} {ergonomic}
     bool UseCompressedClassPointers               = true                           {product lp64_product} {ergonomic}
     bool UseCompressedOops                        = true                           {product lp64_product} {ergonomic}
     bool UseG1GC                                  = true                                      {product} {ergonomic}
     bool UseLargePagesIndividualAllocation        = false                                  {pd product} {ergonomic}

Logging:
Log output configuration:
 #0: stdout all=warning uptime,level,tags
 #1: stderr all=off uptime,level,tags

Environment Variables:
CLASSPATH=c:\Users\welcome\AppData\Roaming\Code\User\globalStorage\fwcd.kotlin\langServerInstall\server\lib\server-1.3.13.jar;c:\Users\welcome\AppData\Roaming\Code\User\globalStorage\fwcd.kotlin\langServerInstall\server\lib\shared-1.3.13.jar;c:\Users\welcome\AppData\Roaming\Code\User\globalStorage\fwcd.kotlin\langServerInstall\server\lib\kotlin-scripting-jvm-host-unshaded-2.1.0.jar;c:\Users\welcome\AppData\Roaming\Code\User\globalStorage\fwcd.kotlin\langServerInstall\server\lib\kotlin-scripting-compiler-2.1.0.jar;c:\Users\welcome\AppData\Roaming\Code\User\globalStorage\fwcd.kotlin\langServerInstall\server\lib\ktfmt-b5d31d1.jar;c:\Users\welcome\AppData\Roaming\Code\User\globalStorage\fwcd.kotlin\langServerInstall\server\lib\kotlin-compiler-2.1.0.jar;c:\Users\welcome\AppData\Roaming\Code\User\globalStorage\fwcd.kotlin\langServerInstall\server\lib\exposed-dao-0.37.3.jar;c:\Users\welcome\AppData\Roaming\Code\User\globalStorage\fwcd.kotlin\langServerInstall\server\lib\exposed-jdbc-0.37.3.jar;c:\Users\welcome\AppData\Roaming\Code\User\globalStorage\fwcd.kotlin\langServerInstall\server\lib\exposed-core-0.37.3.jar;c:\Users\welcome\AppData\Roaming\Code\User\globalStorage\fwcd.kotlin\langServerInstall\server\lib\kotlin-scripting-compiler-impl-2.1.0.jar;c:\Users\welcome\AppData\Roaming\Code\User\globalStorage\fwcd.kotlin\langServerInstall\server\lib\kotlin-reflect-2.1.0.jar;c:\Users\welcome\AppData\Roaming\Code\User\globalStorage\fwcd.kotlin\langServerInstall\server\lib\kotlin-scripting-jvm-2.1.0.jar;c:\Users\welcome\AppData\Roaming\Code\User\globalStorage\fwcd.kotlin\langServerInstall\server\lib\kotlin-scripting-common-2.1.0.jar;c:\Users\welcome\AppData\Roaming\Code\User\globalStorage\fwcd.kotlin\langServerInstall\server\lib\kotlinx-coroutines-core-jvm-1.6.4.jar;c:\Users\welcome\AppData\Roaming\Code\User\globalStorage\fwcd.kotlin\langServerInstall\server\lib\kotlin-stdlib-jdk8-2.1.0.jar;c:\Users\welcome\AppData\Roaming\Code\User\globalStorage\fwcd.kotlin\langServerInstall\server\lib\kotlin-stdlib-jdk7-2.1.0.jar;c:\Users\welcome\AppData\Roaming\Code\User\globalStorage\fwcd.kotlin\langServerInstall\server\lib\kotlin-stdlib-2.1.0.jar;c:\Users\welcome\AppData\Roaming\Code\User\globalStorage\fwcd.kotlin\langServerInstall\server\lib\org.eclipse.lsp4j-0.21.2.jar;c:\Users\welcome\AppData\Roaming\Code\User\globalStorage\fwcd.kotlin\langServerInstall\server\lib\org.eclipse.lsp4j.jsonrpc-0.21.2.jar;c:\Users\welcome\AppData\Roaming\Code\User\globalStorage\fwcd.kotlin\langServerInstall\server\lib\kotlin-sam-with-receiver-compiler-plugin-2.1.0.jar;c:\Users\welcome\AppData\Roaming\Code\User\globalStorage\fwcd.kotlin\langServerInstall\server\lib\fernflower-1.0.jar;c:\Users\welcome\AppData\Roaming\Code\User\globalStorage\fwcd.kotlin\langServerInstall\server\lib\h2-1.4.200.jar;c:\Users\welcome\AppData\Roaming\Code\User\globalStorage\fwcd.kotlin\langServerInstall\server\lib\jcommander-1.78.jar;c:\Users\welcome\AppData\Roaming\Code\User\globalStorage\fwcd.kotlin\langServerInstall\server\lib\sqlite-jdbc-3.41.2.1.jar;c:\Users\welcome\AppData\Roaming\Code\User\globalStorage\fwcd.kotlin\langServerInstall\server\lib\google-java-format-1.8.jar;c:\Users\welcome\AppData\Roaming\Code\User\globalStorage\fwcd.kotlin\langServerInstall\server\lib\guava-33.3.0-jre.jar;c:\Users\welcome\AppData\Roaming\Code\User\globalStorage\fwcd.kotlin\langServerInstall\server\lib\annotations-13.0.jar;c:\Users\welcome\AppData\Roaming\Code\User\globalStorage\fwcd.kotlin\langServerInstall\server\lib\gson-2.10.1.jar;c:\Users\welcome\AppData\Roaming\Code\User\globalStorage\fwcd.kotlin\langServerInstall\server\lib\kotlin-script-runtime-2.1.0.jar;c:\Users\welcome\AppData\Roaming\Code\User\globalStorage\fwcd.kotlin\langServerInstall\server\lib\trove4j-1.0.20200330.jar;c:\Users\welcome\AppData\Roaming\Code\User\globalStorage\fwcd.kotlin\langServerInstall\server\lib\jline-3.24.1.jar;c:\Users\welcome\AppData\Roaming\Code\User\globalStorage\fwcd.kotlin\langServerInstall\server\lib\slf4j-api-1.7.25.jar;c:\Users\welcome\AppData\Roaming\Code\User\globalStorage\fwcd.kotlin\langServerInstall\server\lib\jna-4.2.2.jar;c:\Users\welcome\AppData\Roaming\Code\User\globalStorage\fwcd.kotlin\langServerInstall\server\lib\failureaccess-1.0.2.jar;c:\Users\welcome\AppData\Roaming\Code\User\globalStorage\fwcd.kotlin\langServerInstall\server\lib\listenablefuture-9999.0-empty-to-avoid-conflict-with-guava.jar;c:\Users\welcome\AppData\Roaming\Code\User\globalStorage\fwcd.kotlin\langServerInstall\server\lib\jsr305-3.0.2.jar;c:\Users\welcome\AppData\Roaming\Code\User\globalStorage\fwcd.kotlin\langServerInstall\server\lib\checker-qual-3.43.0.jar;c:\Users\welcome\AppData\Roaming\Code\User\globalStorage\fwcd.kotlin\langServerInstall\server\lib\error_prone_annotations-2.28.0.jar
PATH=C:\Program Files\Eclipse Adoptium\jdk-17.0.20.101-hotspot\bin;C:\Windows\system32;C:\Windows;C:\Windows\System32\Wbem;C:\Windows\System32\WindowsPowerShell\v1.0\;C:\Windows\System32\OpenSSH\;C:\Program Files\Git\cmd;C:\Program Files\nodejs\;C:\Users\welcome\AppData\Local\Microsoft\WindowsApps;C:\Users\welcome\AppData\Local\Programs\Microsoft VS Code\bin;C:\Users\welcome\AppData\Local\Programs\DockerDesktop\resources\bin;C:\Users\welcome\AppData\Roaming\npm
USERNAME=welcome
OS=Windows_NT
PROCESSOR_IDENTIFIER=Intel64 Family 6 Model 142 Stepping 9, GenuineIntel
TMP=C:\Users\welcome\AppData\Local\Temp
TEMP=C:\Users\welcome\AppData\Local\Temp



Periodic native trim disabled


---------------  S Y S T E M  ---------------

OS:
 Windows 10 , 64 bit Build 19041 (10.0.19041.7725)
OS uptime: 5 days 23:13 hours
Hyper-V role detected

CPU: total 4 (initial active 4) (2 cores per cpu, 2 threads per core) family 6 model 142 stepping 9 microcode 0xea, cx8, cmov, fxsr, ht, mmx, 3dnowpref, sse, sse2, sse3, ssse3, sse4.1, sse4.2, popcnt, lzcnt, tsc, tscinvbit, avx, avx2, aes, erms, clmul, bmi1, bmi2, adx, fma, vzeroupper, clflush, clflushopt, hv
Processor Information for all 4 processors :
  Max Mhz: 2400, Current Mhz: 2400, Mhz Limit: 2400

Memory: 4k page, system-wide physical 4005M (221M free)
TotalPageFile size 11505M (AvailPageFile size 0M)
current process WorkingSet (physical memory assigned to process): 228M, peak: 228M
current process commit charge ("private bytes"): 257M, peak: 258M

vm_info: OpenJDK 64-Bit Server VM (17.0.20.1+1) for windows-amd64 JRE (17.0.20.1+1), built on Aug 18 2026 20:44:09 by "admin" with MS VC++ 17.12 (VS2022)

END.
