#
# There is insufficient memory for the Java Runtime Environment to continue.
# Native memory allocation (malloc) failed to allocate 322576 bytes. Error detail: Chunk::new
# Possible reasons:
#   The system is out of physical RAM or swap space
#   This process is running with CompressedOops enabled, and the Java Heap may be blocking the growth of the native heap
# Possible solutions:
#   Reduce memory load on the system
#   Increase physical memory or swap space
#   Check if swap backing store is full
#   Decrease Java heap size (-Xmx/-Xms)
#   Decrease number of Java threads
#   Decrease Java thread stack sizes (-Xss)
#   Set larger code cache with -XX:ReservedCodeCacheSize=
#   JVM is running with Unscaled Compressed Oops mode in which the Java heap is
#     placed in the first 4GB address space. The Java Heap base address is the
#     maximum limit for the native heap growth. Please use -XX:HeapBaseMinAddress
#     to set the Java Heap base and to place the Java Heap above 4GB virtual address.
# This output file may be truncated or incomplete.
#
#  Out of Memory Error (arena.cpp:168), pid=18628, tid=2748
#
# JRE version: OpenJDK Runtime Environment Temurin-21.0.12.1+1 (21.0.12.1+1) (build 21.0.12.1+1-LTS)
# Java VM: OpenJDK 64-Bit Server VM Temurin-21.0.12.1+1 (21.0.12.1+1-LTS, mixed mode, sharing, tiered, compressed oops, compressed class ptrs, parallel gc, windows-amd64)
# No core dump will be written. Minidumps are not enabled by default on client versions of Windows
#

---------------  S U M M A R Y ------------

Command Line: --add-modules=ALL-SYSTEM --add-opens=java.base/java.util=ALL-UNNAMED --add-opens=java.base/java.lang=ALL-UNNAMED --add-opens=java.base/sun.nio.fs=ALL-UNNAMED -Declipse.application=org.eclipse.jdt.ls.core.id1 -Dosgi.bundles.defaultStartLevel=4 -Declipse.product=org.eclipse.jdt.ls.core.product -Djava.import.generatesMetadataFilesAtProjectRoot=false -Dm2e.project.cache.size=50 -DDetectVMInstallationsJob.disabled=true -Dfile.encoding=utf8 -XX:+UseParallelGC -XX:GCTimeRatio=4 -XX:AdaptiveSizePolicyWeight=90 -Dsun.zip.disableMemoryMapping=true -Xmx2G -Xms100m -Xlog:disable -javaagent:c:\Users\welcome\.vscode\extensions\redhat.java-1.56.0-win32-x64\lombok\lombok-1.18.39-4050.jar -XX:+HeapDumpOnOutOfMemoryError -XX:HeapDumpPath=c:\Users\welcome\AppData\Roaming\Code\User\workspaceStorage\438089d090c8572c52f170013986077f\redhat.java -Daether.dependencyCollector.impl=bf c:\Users\welcome\.vscode\extensions\redhat.java-1.56.0-win32-x64\server\plugins\org.eclipse.equinox.launcher_1.8.0.v20260804-1928.jar -configuration c:\Users\welcome\AppData\Roaming\Code\User\globalStorage\redhat.java\1.56.0\config_win -data c:\Users\welcome\AppData\Roaming\Code\User\workspaceStorage\438089d090c8572c52f170013986077f\redhat.java\jdt_ws --stdio

Host: Intel(R) Core(TM) i3-7100U CPU @ 2.40GHz, 4 cores, 3G,  Windows 10 , 64 bit Build 19041 (10.0.19041.7725)
Time: Tue Sep 29 09:55:01 2026 India Standard Time elapsed time: 1.852998 seconds (0d 0h 0m 1s)

---------------  T H R E A D  ---------------

Current thread (0x000001601d47ff60):  JavaThread "C2 CompilerThread0" daemon [_thread_in_native, id=2748, stack(0x0000004a91700000,0x0000004a91800000) (1024K)]


Current CompileTask:
C2:1853  719       4       lombok.patcher.PatchScript::classMatches (41 bytes)

Stack: [0x0000004a91700000,0x0000004a91800000]
Native frames: (J=compiled Java code, j=interpreted, Vv=VM code, C=native code)
V  [jvm.dll+0x6d83e9]
V  [jvm.dll+0x8b5736]
V  [jvm.dll+0x8b7cee]
V  [jvm.dll+0x8b83d3]
V  [jvm.dll+0x284596]
V  [jvm.dll+0xc685d]
V  [jvm.dll+0xc6da1]
V  [jvm.dll+0x3bf151]
V  [jvm.dll+0x38b6d2]
V  [jvm.dll+0x38ab1a]
V  [jvm.dll+0x24c700]
V  [jvm.dll+0x24bce0]
V  [jvm.dll+0x1cb4ae]
V  [jvm.dll+0x25baad]
V  [jvm.dll+0x25a03a]
V  [jvm.dll+0x3f8aae]
V  [jvm.dll+0x8600cd]
V  [jvm.dll+0x6d6c1d]
C  [ucrtbase.dll+0x21bb2]
C  [KERNEL32.DLL+0x17384]
C  [ntdll.dll+0x4cc91]


---------------  P R O C E S S  ---------------

Threads class SMR info:
_java_thread_list=0x000001605f3a5c10, length=12, elements={
0x00000160047518e0, 0x000001601d476910, 0x000001601d477f80, 0x000001601d479a70,
0x000001601d47a990, 0x000001601d47c760, 0x000001601d47f1d0, 0x000001601d47ff60,
0x000001601d4f5cb0, 0x000001605f217af0, 0x000001605f39e750, 0x000001605f3c76b0
}

Java Threads: ( => current thread )
  0x00000160047518e0 JavaThread "main"                              [_thread_in_vm, id=7104, stack(0x0000004a90d00000,0x0000004a90e00000) (1024K)]
  0x000001601d476910 JavaThread "Reference Handler"          daemon [_thread_blocked, id=20556, stack(0x0000004a91100000,0x0000004a91200000) (1024K)]
  0x000001601d477f80 JavaThread "Finalizer"                  daemon [_thread_blocked, id=17980, stack(0x0000004a91200000,0x0000004a91300000) (1024K)]
  0x000001601d479a70 JavaThread "Signal Dispatcher"          daemon [_thread_blocked, id=15700, stack(0x0000004a91300000,0x0000004a91400000) (1024K)]
  0x000001601d47a990 JavaThread "Attach Listener"            daemon [_thread_blocked, id=20348, stack(0x0000004a91400000,0x0000004a91500000) (1024K)]
  0x000001601d47c760 JavaThread "Service Thread"             daemon [_thread_blocked, id=8860, stack(0x0000004a91500000,0x0000004a91600000) (1024K)]
  0x000001601d47f1d0 JavaThread "Monitor Deflation Thread"   daemon [_thread_blocked, id=19264, stack(0x0000004a91600000,0x0000004a91700000) (1024K)]
=>0x000001601d47ff60 JavaThread "C2 CompilerThread0"         daemon [_thread_in_native, id=2748, stack(0x0000004a91700000,0x0000004a91800000) (1024K)]
  0x000001601d4f5cb0 JavaThread "C1 CompilerThread0"         daemon [_thread_in_native, id=20172, stack(0x0000004a91800000,0x0000004a91900000) (1024K)]
  0x000001605f217af0 JavaThread "Common-Cleaner"             daemon [_thread_blocked, id=3804, stack(0x0000004a91900000,0x0000004a91a00000) (1024K)]
  0x000001605f39e750 JavaThread "Notification Thread"        daemon [_thread_blocked, id=16704, stack(0x0000004a91a00000,0x0000004a91b00000) (1024K)]
  0x000001605f3c76b0 JavaThread "C2 CompilerThread1"         daemon [_thread_in_native, id=17460, stack(0x0000004a91b00000,0x0000004a91c00000) (1024K)]
Total: 12

Other Threads:
  0x000001601d46e040 VMThread "VM Thread"                           [id=12104, stack(0x0000004a91000000,0x0000004a91100000) (1024K)]
  0x0000016006afea80 WatcherThread "VM Periodic Task Thread"        [id=17180, stack(0x0000004a90f00000,0x0000004a91000000) (1024K)]
  0x0000016006ab11b0 WorkerThread "GC Thread#0"                     [id=18424, stack(0x0000004a90e00000,0x0000004a90f00000) (1024K)]
Total: 3

Threads with active compile tasks:
C2 CompilerThread0  1900  719       4       lombok.patcher.PatchScript::classMatches (41 bytes)
C2 CompilerThread1  1900  718       4       lombok.patcher.scripts.MethodLevelPatchScript::patch (21 bytes)
Total: 2

VM state: not at safepoint (normal execution)

VM Mutex/Monitor currently owned by a thread: None

Heap address: 0x0000000080000000, size: 2048 MB, Compressed Oops mode: 32-bit

CDS archive(s) mapped at: [0x000001601e000000-0x000001601eba0000-0x000001601eba0000), size 12189696, SharedBaseAddress: 0x000001601e000000, ArchiveRelocationMode: 1.
Compressed class space mapped at: 0x000001601f000000-0x000001605f000000, reserved size: 1073741824
Narrow klass base: 0x000001601e000000, Narrow klass shift: 0, Narrow klass range: 0x100000000

GC Precious Log:
 CardTable entry size: 512
 CPUs: 4 total, 4 available
 Memory: 4005M
 Large Page Support: Disabled
 NUMA Support: Disabled
 Compressed Oops: Enabled (32-bit)
 Alignments: Space 512K, Generation 512K, Heap 2M
 Heap Min Capacity: 100M
 Heap Initial Capacity: 100M
 Heap Max Capacity: 2G
 Pre-touch: Disabled
 Parallel Workers: 4

Heap:
 PSYoungGen      total 29696K, used 15593K [0x00000000d5580000, 0x00000000d7680000, 0x0000000100000000)
  eden space 25600K, 60% used [0x00000000d5580000,0x00000000d64ba598,0x00000000d6e80000)
  from space 4096K, 0% used [0x00000000d7280000,0x00000000d7280000,0x00000000d7680000)
  to   space 4096K, 0% used [0x00000000d6e80000,0x00000000d6e80000,0x00000000d7280000)
 ParOldGen       total 68608K, used 0K [0x0000000080000000, 0x0000000084300000, 0x00000000d5580000)
  object space 68608K, 0% used [0x0000000080000000,0x0000000080000000,0x0000000084300000)
 Metaspace       used 3053K, committed 3264K, reserved 1114112K
  class space    used 312K, committed 448K, reserved 1048576K

Card table byte_map: [0x0000016006440000,0x0000016006850000] _byte_map_base: 0x0000016006040000

Marking Bits: (ParMarkBitMap*) 0x00007fff86d644a0
 Begin Bits: [0x0000016018f50000, 0x000001601af50000)
 End Bits:   [0x000001601af50000, 0x000001601cf50000)

Polling page: 0x0000016004970000

Metaspace:

Usage:
  Non-class:      2.68 MB used.
      Class:    312.65 KB used.
       Both:      2.98 MB used.

Virtual space:
  Non-class space:       64.00 MB reserved,       2.75 MB (  4%) committed,  1 nodes.
      Class space:        1.00 GB reserved,     448.00 KB ( <1%) committed,  1 nodes.
             Both:        1.06 GB reserved,       3.19 MB ( <1%) committed. 

Chunk freelists:
   Non-Class:  11.58 MB
       Class:  15.54 MB
        Both:  27.12 MB

MaxMetaspaceSize: unlimited
CompressedClassSpaceSize: 1.00 GB
Initial GC threshold: 21.00 MB
Current GC threshold: 21.00 MB
CDS: on
 - commit_granule_bytes: 65536.
 - commit_granule_words: 8192.
 - virtual_space_node_default_size: 8388608.
 - enlarge_chunks_in_place: 1.
 - use_allocation_guard: 0.


Internal statistics:

num_allocs_failed_limit: 0.
num_arena_births: 82.
num_arena_deaths: 0.
num_vsnodes_births: 2.
num_vsnodes_deaths: 0.
num_space_committed: 51.
num_space_uncommitted: 0.
num_chunks_returned_to_freelist: 0.
num_chunks_taken_from_freelist: 110.
num_chunk_merges: 0.
num_chunk_splits: 75.
num_chunks_enlarged: 47.
num_inconsistent_stats: 0.

CodeHeap 'non-profiled nmethods': size=120000Kb used=288Kb max_used=288Kb free=119711Kb
 bounds [0x0000016011770000, 0x00000160119e0000, 0x0000016018ca0000]
CodeHeap 'profiled nmethods': size=120000Kb used=1152Kb max_used=1152Kb free=118847Kb
 bounds [0x0000016009ca0000, 0x0000016009f10000, 0x00000160111d0000]
CodeHeap 'non-nmethods': size=5760Kb used=1183Kb max_used=1210Kb free=4576Kb
 bounds [0x00000160111d0000, 0x0000016011440000, 0x0000016011770000]
CodeCache: size=245760Kb, used=2623Kb, max_used=2650Kb, free=243134Kb
 total_blobs=1178, nmethods=736, adapters=349, full_count=0
Compilation: enabled, stopped_count=0, restarted_count=0

Compilation events (20 events):
Event: 1.700 Thread 0x000001601d4f5cb0  723       3       java.util.HashMap$EntryIterator::next (5 bytes)
Event: 1.700 Thread 0x000001601d4f5cb0 nmethod 723 0x0000016009db5290 code [0x0000016009db5440, 0x0000016009db55d8]
Event: 1.700 Thread 0x000001601d4f5cb0  724       3       java.util.HashMap$EntryIterator::next (5 bytes)
Event: 1.700 Thread 0x000001601d4f5cb0 nmethod 724 0x0000016009db5690 code [0x0000016009db5840, 0x0000016009db5978]
Event: 1.700 Thread 0x000001601d4f5cb0  725       1       java.util.LinkedHashMap::removeEldestEntry (2 bytes)
Event: 1.700 Thread 0x000001601d4f5cb0 nmethod 725 0x00000160117b6990 code [0x00000160117b6b20, 0x00000160117b6be8]
Event: 1.700 Thread 0x000001601d4f5cb0  716       3       java.lang.StringBuilder::<init> (6 bytes)
Event: 1.700 Thread 0x000001601d4f5cb0 nmethod 716 0x0000016009db5a10 code [0x0000016009db5bc0, 0x0000016009db5cf8]
Event: 1.700 Thread 0x000001601d4f5cb0  728       3       java.security.Provider$ServiceKey::hashCode (19 bytes)
Event: 1.700 Thread 0x000001601d4f5cb0 nmethod 728 0x0000016009db5d90 code [0x0000016009db5f40, 0x0000016009db60d8]
Event: 1.700 Thread 0x000001601d4f5cb0  727       3       java.security.Provider$ServiceKey::<init> (39 bytes)
Event: 1.701 Thread 0x000001601d4f5cb0 nmethod 727 0x0000016009db6210 code [0x0000016009db6400, 0x0000016009db6840]
Event: 1.701 Thread 0x000001601d4f5cb0  729       1       java.security.Provider$UString::toString (5 bytes)
Event: 1.701 Thread 0x000001601d4f5cb0 nmethod 729 0x00000160117b6c90 code [0x00000160117b6e20, 0x00000160117b6ee8]
Event: 1.701 Thread 0x000001601d4f5cb0  730       1       java.security.Provider$Service::getProvider (5 bytes)
Event: 1.701 Thread 0x000001601d4f5cb0 nmethod 730 0x00000160117b6f90 code [0x00000160117b7120, 0x00000160117b71e8]
Event: 1.701 Thread 0x000001601d4f5cb0  731       1       java.security.Provider$Service::getClassName (5 bytes)
Event: 1.701 Thread 0x000001601d4f5cb0 nmethod 731 0x00000160117b7290 code [0x00000160117b7420, 0x00000160117b74e8]
Event: 1.704 Thread 0x000001601d4f5cb0  732       3       sun.security.provider.SHA2::implCompress0 (448 bytes)
Event: 1.705 Thread 0x000001601d4f5cb0 nmethod 732 0x0000016009db6a10 code [0x0000016009db6c60, 0x0000016009db7810]

GC Heap History (0 events):
No events

Dll operation events (16 events):
Event: 0.024 Attempting to load shared library c:\Users\welcome\.vscode\extensions\redhat.java-1.56.0-win32-x64\jre\21.0.12.1-win32-x86_64\bin\java.dll
Event: 0.024 Loaded shared library c:\Users\welcome\.vscode\extensions\redhat.java-1.56.0-win32-x64\jre\21.0.12.1-win32-x86_64\bin\java.dll
Event: 0.352 Attempting to load shared library c:\Users\welcome\.vscode\extensions\redhat.java-1.56.0-win32-x64\jre\21.0.12.1-win32-x86_64\bin\zip.dll
Event: 0.352 Loaded shared library c:\Users\welcome\.vscode\extensions\redhat.java-1.56.0-win32-x64\jre\21.0.12.1-win32-x86_64\bin\zip.dll
Event: 0.411 Attempting to load shared library C:\Users\welcome\.vscode\extensions\redhat.java-1.56.0-win32-x64\jre\21.0.12.1-win32-x86_64\bin\instrument.dll
Event: 0.411 Loaded shared library C:\Users\welcome\.vscode\extensions\redhat.java-1.56.0-win32-x64\jre\21.0.12.1-win32-x86_64\bin\instrument.dll
Event: 0.430 Attempting to load shared library C:\Users\welcome\.vscode\extensions\redhat.java-1.56.0-win32-x64\jre\21.0.12.1-win32-x86_64\bin\net.dll
Event: 0.433 Loaded shared library C:\Users\welcome\.vscode\extensions\redhat.java-1.56.0-win32-x64\jre\21.0.12.1-win32-x86_64\bin\net.dll
Event: 0.438 Attempting to load shared library C:\Users\welcome\.vscode\extensions\redhat.java-1.56.0-win32-x64\jre\21.0.12.1-win32-x86_64\bin\nio.dll
Event: 0.440 Loaded shared library C:\Users\welcome\.vscode\extensions\redhat.java-1.56.0-win32-x64\jre\21.0.12.1-win32-x86_64\bin\nio.dll
Event: 0.448 Attempting to load shared library C:\Users\welcome\.vscode\extensions\redhat.java-1.56.0-win32-x64\jre\21.0.12.1-win32-x86_64\bin\zip.dll
Event: 0.448 Loaded shared library C:\Users\welcome\.vscode\extensions\redhat.java-1.56.0-win32-x64\jre\21.0.12.1-win32-x86_64\bin\zip.dll
Event: 0.495 Attempting to load shared library C:\Users\welcome\.vscode\extensions\redhat.java-1.56.0-win32-x64\jre\21.0.12.1-win32-x86_64\bin\jimage.dll
Event: 0.495 Loaded shared library C:\Users\welcome\.vscode\extensions\redhat.java-1.56.0-win32-x64\jre\21.0.12.1-win32-x86_64\bin\jimage.dll
Event: 0.733 Attempting to load shared library c:\Users\welcome\.vscode\extensions\redhat.java-1.56.0-win32-x64\jre\21.0.12.1-win32-x86_64\bin\verify.dll
Event: 0.734 Loaded shared library c:\Users\welcome\.vscode\extensions\redhat.java-1.56.0-win32-x64\jre\21.0.12.1-win32-x86_64\bin\verify.dll

Deoptimization events (20 events):
Event: 1.682 Thread 0x00000160047518e0 DEOPT PACKING pc=0x0000016009d9e804 sp=0x0000004a90dfd850
Event: 1.682 Thread 0x00000160047518e0 DEOPT UNPACKING pc=0x0000016011224242 sp=0x0000004a90dfcca8 mode 0
Event: 1.682 Thread 0x00000160047518e0 DEOPT PACKING pc=0x0000016009d9e804 sp=0x0000004a90dfd8e0
Event: 1.682 Thread 0x00000160047518e0 DEOPT UNPACKING pc=0x0000016011224242 sp=0x0000004a90dfcd38 mode 0
Event: 1.682 Thread 0x00000160047518e0 DEOPT PACKING pc=0x0000016009d9e804 sp=0x0000004a90dfd8e0
Event: 1.682 Thread 0x00000160047518e0 DEOPT UNPACKING pc=0x0000016011224242 sp=0x0000004a90dfcd38 mode 0
Event: 1.683 Thread 0x00000160047518e0 DEOPT PACKING pc=0x0000016009d9e804 sp=0x0000004a90dfd850
Event: 1.683 Thread 0x00000160047518e0 DEOPT UNPACKING pc=0x0000016011224242 sp=0x0000004a90dfcca8 mode 0
Event: 1.683 Thread 0x00000160047518e0 DEOPT PACKING pc=0x0000016009d9e804 sp=0x0000004a90dfd8e0
Event: 1.683 Thread 0x00000160047518e0 DEOPT UNPACKING pc=0x0000016011224242 sp=0x0000004a90dfcd38 mode 0
Event: 1.683 Thread 0x00000160047518e0 DEOPT PACKING pc=0x0000016009d9e804 sp=0x0000004a90dfd8e0
Event: 1.683 Thread 0x00000160047518e0 DEOPT UNPACKING pc=0x0000016011224242 sp=0x0000004a90dfcd38 mode 0
Event: 1.683 Thread 0x00000160047518e0 DEOPT PACKING pc=0x0000016009d9e804 sp=0x0000004a90dfd850
Event: 1.683 Thread 0x00000160047518e0 DEOPT UNPACKING pc=0x0000016011224242 sp=0x0000004a90dfcca8 mode 0
Event: 1.683 Thread 0x00000160047518e0 DEOPT PACKING pc=0x0000016009d9e804 sp=0x0000004a90dfd8e0
Event: 1.683 Thread 0x00000160047518e0 DEOPT UNPACKING pc=0x0000016011224242 sp=0x0000004a90dfcd38 mode 0
Event: 1.683 Thread 0x00000160047518e0 DEOPT PACKING pc=0x0000016009d9e804 sp=0x0000004a90dfd8e0
Event: 1.683 Thread 0x00000160047518e0 DEOPT UNPACKING pc=0x0000016011224242 sp=0x0000004a90dfcd38 mode 0
Event: 1.684 Thread 0x00000160047518e0 DEOPT PACKING pc=0x0000016009d9e804 sp=0x0000004a90dfd850
Event: 1.684 Thread 0x00000160047518e0 DEOPT UNPACKING pc=0x0000016011224242 sp=0x0000004a90dfcca8 mode 0

Classes loaded (20 events):
Event: 1.690 Loading class java/security/interfaces/XECKey
Event: 1.690 Loading class java/security/interfaces/XECKey done
Event: 1.691 Loading class sun/security/util/KeyUtil
Event: 1.691 Loading class sun/security/util/KeyUtil done
Event: 1.691 Loading class sun/security/util/Length
Event: 1.691 Loading class sun/security/util/Length done
Event: 1.691 Loading class javax/crypto/SecretKey
Event: 1.691 Loading class javax/crypto/SecretKey done
Event: 1.695 Loading class java/util/Base64
Event: 1.696 Loading class java/util/Base64 done
Event: 1.696 Loading class java/util/Base64$Decoder
Event: 1.696 Loading class java/util/Base64$Decoder done
Event: 1.696 Loading class java/util/Base64$Encoder
Event: 1.696 Loading class java/util/Base64$Encoder done
Event: 1.697 Loading class java/util/LinkedList$Node
Event: 1.697 Loading class java/util/LinkedList$Node done
Event: 1.697 Loading class java/util/jar/JarVerifier$VerifierStream
Event: 1.698 Loading class java/util/jar/JarVerifier$VerifierStream done
Event: 1.698 Loading class sun/security/util/ManifestEntryVerifier$SunProviderHolder
Event: 1.698 Loading class sun/security/util/ManifestEntryVerifier$SunProviderHolder done

Classes unloaded (0 events):
No events

Classes redefined (0 events):
No events

Internal exceptions (12 events):
Event: 0.345 Thread 0x00000160047518e0 Exception <a 'java/lang/NoSuchMethodError'{0x00000000d57a8fc8}: 'void java.lang.invoke.DirectMethodHandle$Holder.invokeStatic(java.lang.Object, java.lang.Object, java.lang.Object)'> (0x00000000d57a8fc8) 
thrown [s\src\hotspot\share\interpreter\linkResolver.cpp, line 773]
Event: 0.473 Thread 0x00000160047518e0 Exception <a 'java/lang/NoSuchMethodError'{0x00000000d59115c8}: 'java.lang.Object java.lang.invoke.Invokers$Holder.invokeExact_MT(java.lang.Object, java.lang.Object, java.lang.Object, java.lang.Object, java.lang.Object)'> (0x00000000d59115c8) 
thrown [s\src\hotspot\share\interpreter\linkResolver.cpp, line 773]
Event: 0.603 Thread 0x00000160047518e0 Exception <a 'java/lang/NoSuchMethodError'{0x00000000d59ca260}: 'int java.lang.invoke.DirectMethodHandle$Holder.invokeSpecial(java.lang.Object, java.lang.Object, java.lang.Object, int)'> (0x00000000d59ca260) 
thrown [s\src\hotspot\share\interpreter\linkResolver.cpp, line 773]
Event: 0.607 Thread 0x00000160047518e0 Exception <a 'java/lang/NoSuchMethodError'{0x00000000d59dcc48}: 'java.lang.Object java.lang.invoke.DirectMethodHandle$Holder.invokeStatic(java.lang.Object, java.lang.Object, java.lang.Object, java.lang.Object, int)'> (0x00000000d59dcc48) 
thrown [s\src\hotspot\share\interpreter\linkResolver.cpp, line 773]
Event: 0.613 Thread 0x00000160047518e0 Exception <a 'java/lang/NoSuchMethodError'{0x00000000d59e80f0}: 'void java.lang.invoke.DelegatingMethodHandle$Holder.reinvoke_L(java.lang.Object, java.lang.Object, java.lang.Object, int, java.lang.Object)'> (0x00000000d59e80f0) 
thrown [s\src\hotspot\share\interpreter\linkResolver.cpp, line 773]
Event: 0.618 Thread 0x00000160047518e0 Exception <a 'java/lang/NoSuchMethodError'{0x00000000d59f8be8}: 'int java.lang.invoke.DirectMethodHandle$Holder.invokeSpecial(java.lang.Object, java.lang.Object, java.lang.Object)'> (0x00000000d59f8be8) 
thrown [s\src\hotspot\share\interpreter\linkResolver.cpp, line 773]
Event: 0.622 Thread 0x00000160047518e0 Exception <a 'java/lang/NoSuchMethodError'{0x00000000d5a048a8}: 'java.lang.Object java.lang.invoke.DirectMethodHandle$Holder.invokeStatic(java.lang.Object, java.lang.Object, int)'> (0x00000000d5a048a8) 
thrown [s\src\hotspot\share\interpreter\linkResolver.cpp, line 773]
Event: 0.624 Thread 0x00000160047518e0 Exception <a 'java/lang/NoSuchMethodError'{0x00000000d5a091f8}: 'void java.lang.invoke.DirectMethodHandle$Holder.invokeStatic(java.lang.Object, java.lang.Object, int, java.lang.Object)'> (0x00000000d5a091f8) 
thrown [s\src\hotspot\share\interpreter\linkResolver.cpp, line 773]
Event: 0.625 Thread 0x00000160047518e0 Exception <a 'java/lang/NoSuchMethodError'{0x00000000d5a0cd88}: 'void java.lang.invoke.DirectMethodHandle$Holder.invokeSpecial(java.lang.Object, java.lang.Object, java.lang.Object, int, java.lang.Object)'> (0x00000000d5a0cd88) 
thrown [s\src\hotspot\share\interpreter\linkResolver.cpp, line 773]
Event: 0.626 Thread 0x00000160047518e0 Exception <a 'java/lang/NoSuchMethodError'{0x00000000d5a101f8}: 'void java.lang.invoke.DelegatingMethodHandle$Holder.delegate(java.lang.Object, java.lang.Object, int, java.lang.Object)'> (0x00000000d5a101f8) 
thrown [s\src\hotspot\share\interpreter\linkResolver.cpp, line 773]
Event: 0.819 Thread 0x00000160047518e0 Exception <a 'java/lang/NoSuchMethodError'{0x00000000d5bcf3b8}: 'void java.lang.invoke.DelegatingMethodHandle$Holder.reinvoke_L(java.lang.Object, java.lang.Object, java.lang.Object, int)'> (0x00000000d5bcf3b8) 
thrown [s\src\hotspot\share\interpreter\linkResolver.cpp, line 773]
Event: 1.282 Thread 0x00000160047518e0 Exception <a 'java/lang/NoSuchMethodError'{0x00000000d6060928}: 'void java.lang.invoke.DirectMethodHandle$Holder.invokeVirtual(java.lang.Object, java.lang.Object)'> (0x00000000d6060928) 
thrown [s\src\hotspot\share\interpreter\linkResolver.cpp, line 773]

ZGC Phase Switch (0 events):
No events

VM Operations (8 events):
Event: 0.351 Executing non-safepoint VM operation: HandshakeAllThreads (Deoptimize)
Event: 0.351 Executing non-safepoint VM operation: HandshakeAllThreads (Deoptimize) done
Event: 0.552 Executing non-safepoint VM operation: HandshakeAllThreads (Deoptimize)
Event: 0.552 Executing non-safepoint VM operation: HandshakeAllThreads (Deoptimize) done
Event: 1.562 Executing safepoint VM operation: Cleanup
Event: 1.594 Executing safepoint VM operation: Cleanup done
Event: 1.692 Executing non-safepoint VM operation: HandshakeAllThreads (Deoptimize)
Event: 1.692 Executing non-safepoint VM operation: HandshakeAllThreads (Deoptimize) done

Memory protections (0 events):
No events

Nmethod flushes (0 events):
No events

Events (12 events):
Event: 0.114 Thread 0x00000160047518e0 Thread added: 0x00000160047518e0
Event: 0.200 Thread 0x00000160047518e0 Thread added: 0x000001601d476910
Event: 0.201 Thread 0x00000160047518e0 Thread added: 0x000001601d477f80
Event: 0.201 Thread 0x00000160047518e0 Thread added: 0x000001601d479a70
Event: 0.202 Thread 0x00000160047518e0 Thread added: 0x000001601d47a990
Event: 0.202 Thread 0x00000160047518e0 Thread added: 0x000001601d47c760
Event: 0.202 Thread 0x00000160047518e0 Thread added: 0x000001601d47f1d0
Event: 0.202 Thread 0x00000160047518e0 Thread added: 0x000001601d47ff60
Event: 0.223 Thread 0x00000160047518e0 Thread added: 0x000001601d4f5cb0
Event: 0.422 Thread 0x00000160047518e0 Thread added: 0x000001605f217af0
Event: 1.073 Thread 0x00000160047518e0 Thread added: 0x000001605f39e750
Event: 1.400 Thread 0x000001601d4f5cb0 Thread added: 0x000001605f3c76b0


Dynamic libraries:
0x00007ff784f00000 - 0x00007ff784f0e000 	c:\Users\welcome\.vscode\extensions\redhat.java-1.56.0-win32-x64\jre\21.0.12.1-win32-x86_64\bin\java.exe
0x00007fffc4bd0000 - 0x00007fffc4dc9000 	C:\Windows\SYSTEM32\ntdll.dll
0x00007fffc3a60000 - 0x00007fffc3b22000 	C:\Windows\System32\KERNEL32.DLL
0x00007fffc25d0000 - 0x00007fffc28c7000 	C:\Windows\System32\KERNELBASE.dll
0x00007fffc2a30000 - 0x00007fffc2b30000 	C:\Windows\System32\ucrtbase.dll
0x00007fffbedd0000 - 0x00007fffbede8000 	c:\Users\welcome\.vscode\extensions\redhat.java-1.56.0-win32-x64\jre\21.0.12.1-win32-x86_64\bin\jli.dll
0x00007fffc3560000 - 0x00007fffc36fd000 	C:\Windows\System32\USER32.dll
0x00007fffc2b80000 - 0x00007fffc2ba2000 	C:\Windows\System32\win32u.dll
0x00007fffc3b90000 - 0x00007fffc3bbb000 	C:\Windows\System32\GDI32.dll
0x00007fffc22c0000 - 0x00007fffc23da000 	C:\Windows\System32\gdi32full.dll
0x00007fffc2220000 - 0x00007fffc22bd000 	C:\Windows\System32\msvcp_win.dll
0x00007fffbedb0000 - 0x00007fffbedce000 	c:\Users\welcome\.vscode\extensions\redhat.java-1.56.0-win32-x64\jre\21.0.12.1-win32-x86_64\bin\VCRUNTIME140.dll
0x00007fffaf7a0000 - 0x00007fffafa3b000 	C:\Windows\WinSxS\amd64_microsoft.windows.common-controls_6595b64144ccf1df_6.0.19041.7663_none_60b9ed0b71f50c93\COMCTL32.dll
0x00007fffc3940000 - 0x00007fffc39de000 	C:\Windows\System32\msvcrt.dll
0x00007fffc3910000 - 0x00007fffc393f000 	C:\Windows\System32\IMM32.DLL
0x00007fffbe7d0000 - 0x00007fffbe7dc000 	c:\Users\welcome\.vscode\extensions\redhat.java-1.56.0-win32-x64\jre\21.0.12.1-win32-x86_64\bin\vcruntime140_1.dll
0x00007fffab420000 - 0x00007fffab4ad000 	c:\Users\welcome\.vscode\extensions\redhat.java-1.56.0-win32-x64\jre\21.0.12.1-win32-x86_64\bin\msvcp140.dll
0x00007fff860a0000 - 0x00007fff86e42000 	c:\Users\welcome\.vscode\extensions\redhat.java-1.56.0-win32-x64\jre\21.0.12.1-win32-x86_64\bin\server\jvm.dll
0x00007fffc4ad0000 - 0x00007fffc4b82000 	C:\Windows\System32\ADVAPI32.dll
0x00007fffc3400000 - 0x00007fffc34a0000 	C:\Windows\System32\sechost.dll
0x00007fffc37e0000 - 0x00007fffc3906000 	C:\Windows\System32\RPCRT4.dll
0x00007fffc2460000 - 0x00007fffc2487000 	C:\Windows\System32\bcrypt.dll
0x00007fffc39e0000 - 0x00007fffc3a53000 	C:\Windows\System32\WS2_32.dll
0x00007fffc2070000 - 0x00007fffc20bb000 	C:\Windows\SYSTEM32\POWRPROF.dll
0x00007fffad060000 - 0x00007fffad087000 	C:\Windows\SYSTEM32\WINMM.dll
0x00007fffbb7b0000 - 0x00007fffbb7ba000 	C:\Windows\SYSTEM32\VERSION.dll
0x00007fffc2050000 - 0x00007fffc2062000 	C:\Windows\SYSTEM32\UMPDC.dll
0x00007fffc0030000 - 0x00007fffc0042000 	C:\Windows\SYSTEM32\kernel.appcore.dll
0x00007fffbe7c0000 - 0x00007fffbe7ca000 	c:\Users\welcome\.vscode\extensions\redhat.java-1.56.0-win32-x64\jre\21.0.12.1-win32-x86_64\bin\jimage.dll
0x00007fffac260000 - 0x00007fffac46b000 	C:\Windows\SYSTEM32\DBGHELP.DLL
0x00007fffaae90000 - 0x00007fffaaec5000 	C:\Windows\SYSTEM32\dbgcore.DLL
0x00007fffc2540000 - 0x00007fffc25c2000 	C:\Windows\System32\bcryptPrimitives.dll
0x00007fffbc6c0000 - 0x00007fffbc6cf000 	c:\Users\welcome\.vscode\extensions\redhat.java-1.56.0-win32-x64\jre\21.0.12.1-win32-x86_64\bin\instrument.dll
0x00007fffbd060000 - 0x00007fffbd080000 	c:\Users\welcome\.vscode\extensions\redhat.java-1.56.0-win32-x64\jre\21.0.12.1-win32-x86_64\bin\java.dll
0x00007fffc2c80000 - 0x00007fffc33f1000 	C:\Windows\System32\SHELL32.dll
0x00007fffc0240000 - 0x00007fffc09ec000 	C:\Windows\SYSTEM32\windows.storage.dll
0x00007fffc4040000 - 0x00007fffc4394000 	C:\Windows\System32\combase.dll
0x00007fffc1b70000 - 0x00007fffc1b9b000 	C:\Windows\SYSTEM32\Wldp.dll
0x00007fffc34a0000 - 0x00007fffc354d000 	C:\Windows\System32\SHCORE.dll
0x00007fffc2c10000 - 0x00007fffc2c6b000 	C:\Windows\System32\shlwapi.dll
0x00007fffc2150000 - 0x00007fffc2175000 	C:\Windows\SYSTEM32\profapi.dll
0x00007fffbd040000 - 0x00007fffbd058000 	c:\Users\welcome\.vscode\extensions\redhat.java-1.56.0-win32-x64\jre\21.0.12.1-win32-x86_64\bin\zip.dll
0x00007fffbcc60000 - 0x00007fffbcc70000 	C:\Users\welcome\.vscode\extensions\redhat.java-1.56.0-win32-x64\jre\21.0.12.1-win32-x86_64\bin\net.dll
0x00007fffb8a20000 - 0x00007fffb8b2d000 	C:\Windows\SYSTEM32\WINHTTP.dll
0x00007fffc1880000 - 0x00007fffc18ea000 	C:\Windows\system32\mswsock.dll
0x00007fffbcc40000 - 0x00007fffbcc56000 	C:\Users\welcome\.vscode\extensions\redhat.java-1.56.0-win32-x64\jre\21.0.12.1-win32-x86_64\bin\nio.dll
0x00007fffbc6b0000 - 0x00007fffbc6c0000 	c:\Users\welcome\.vscode\extensions\redhat.java-1.56.0-win32-x64\jre\21.0.12.1-win32-x86_64\bin\verify.dll

JVMTI agents:
c:\Users\welcome\.vscode\extensions\redhat.java-1.56.0-win32-x64\lombok\lombok-1.18.39-4050.jar path:c:\Users\welcome\.vscode\extensions\redhat.java-1.56.0-win32-x64\jre\21.0.12.1-win32-x86_64\bin\instrument.dll, loaded, initialized, instrumentlib options:none

dbghelp: loaded successfully - version: 4.0.5 - missing functions: none
symbol engine: initialized successfully - sym options: 0x614 - pdb path: .;c:\Users\welcome\.vscode\extensions\redhat.java-1.56.0-win32-x64\jre\21.0.12.1-win32-x86_64\bin;C:\Windows\SYSTEM32;C:\Windows\WinSxS\amd64_microsoft.windows.common-controls_6595b64144ccf1df_6.0.19041.7663_none_60b9ed0b71f50c93;c:\Users\welcome\.vscode\extensions\redhat.java-1.56.0-win32-x64\jre\21.0.12.1-win32-x86_64\bin\server

VM Arguments:
jvm_args: --add-modules=ALL-SYSTEM --add-opens=java.base/java.util=ALL-UNNAMED --add-opens=java.base/java.lang=ALL-UNNAMED --add-opens=java.base/sun.nio.fs=ALL-UNNAMED -Declipse.application=org.eclipse.jdt.ls.core.id1 -Dosgi.bundles.defaultStartLevel=4 -Declipse.product=org.eclipse.jdt.ls.core.product -Djava.import.generatesMetadataFilesAtProjectRoot=false -Dm2e.project.cache.size=50 -DDetectVMInstallationsJob.disabled=true -Dfile.encoding=utf8 -XX:+UseParallelGC -XX:GCTimeRatio=4 -XX:AdaptiveSizePolicyWeight=90 -Dsun.zip.disableMemoryMapping=true -Xmx2G -Xms100m -Xlog:disable -javaagent:c:\Users\welcome\.vscode\extensions\redhat.java-1.56.0-win32-x64\lombok\lombok-1.18.39-4050.jar -XX:+HeapDumpOnOutOfMemoryError -XX:HeapDumpPath=c:\Users\welcome\AppData\Roaming\Code\User\workspaceStorage\438089d090c8572c52f170013986077f\redhat.java -Daether.dependencyCollector.impl=bf 
java_command: c:\Users\welcome\.vscode\extensions\redhat.java-1.56.0-win32-x64\server\plugins\org.eclipse.equinox.launcher_1.8.0.v20260804-1928.jar -configuration c:\Users\welcome\AppData\Roaming\Code\User\globalStorage\redhat.java\1.56.0\config_win -data c:\Users\welcome\AppData\Roaming\Code\User\workspaceStorage\438089d090c8572c52f170013986077f\redhat.java\jdt_ws --stdio
java_class_path (initial): c:\Users\welcome\.vscode\extensions\redhat.java-1.56.0-win32-x64\server\plugins\org.eclipse.equinox.launcher_1.8.0.v20260804-1928.jar
Launcher Type: SUN_STANDARD

[Global flags]
    uintx AdaptiveSizePolicyWeight                 = 90                                        {product} {command line}
     intx CICompilerCount                          = 3                                         {product} {ergonomic}
    uintx GCTimeRatio                              = 4                                         {product} {command line}
     bool HeapDumpOnOutOfMemoryError               = true                                   {manageable} {command line}
    ccstr HeapDumpPath                             = c:\Users\welcome\AppData\Roaming\Code\User\workspaceStorage\438089d090c8572c52f170013986077f\redhat.java         {manageable} {command line}
   size_t InitialHeapSize                          = 104857600                                 {product} {command line}
   size_t MaxHeapSize                              = 2147483648                                {product} {command line}
   size_t MaxNewSize                               = 715653120                                 {product} {ergonomic}
   size_t MinHeapDeltaBytes                        = 524288                                    {product} {ergonomic}
   size_t MinHeapSize                              = 104857600                                 {product} {command line}
   size_t NewSize                                  = 34603008                                  {product} {ergonomic}
    uintx NonNMethodCodeHeapSize                   = 5832780                                {pd product} {ergonomic}
    uintx NonProfiledCodeHeapSize                  = 122912730                              {pd product} {ergonomic}
   size_t OldSize                                  = 70254592                                  {product} {ergonomic}
    uintx ProfiledCodeHeapSize                     = 122912730                              {pd product} {ergonomic}
    uintx ReservedCodeCacheSize                    = 251658240                              {pd product} {ergonomic}
     bool SegmentedCodeCache                       = true                                      {product} {ergonomic}
   size_t SoftMaxHeapSize                          = 2147483648                             {manageable} {ergonomic}
     bool UseCompressedOops                        = true                           {product lp64_product} {ergonomic}
     bool UseLargePagesIndividualAllocation        = false                                  {pd product} {ergonomic}
     bool UseParallelGC                            = true                                      {product} {command line}

Logging:
Log output configuration:
 #0: stdout all=off uptime,level,tags foldmultilines=false
 #1: stderr all=off uptime,level,tags foldmultilines=false

Release file:
JAVA_VERSION="21.0.12.1" 
MODULES="java.base java.compiler java.datatransfer java.xml java.prefs java.desktop java.instrument java.logging java.management java.security.sasl java.naming java.rmi java.management.rmi java.net.http java.scripting java.security.jgss java.transaction.xa java.sql java.sql.rowset java.xml.crypto java.se java.smartcardio jdk.accessibility jdk.internal.jvmstat jdk.attach jdk.charsets jdk.internal.opt jdk.zipfs jdk.compiler jdk.crypto.ec jdk.crypto.cryptoki jdk.crypto.mscapi jdk.dynalink jdk.internal.ed jdk.editpad jdk.hotspot.agent jdk.httpserver jdk.internal.le jdk.internal.vm.ci jdk.internal.vm.compiler jdk.internal.vm.compiler.management jdk.jartool jdk.javadoc jdk.jcmd jdk.management jdk.management.agent jdk.jconsole jdk.jdeps jdk.jdwp.agent jdk.jdi jdk.jfr jdk.jshell jdk.jsobject jdk.jstatd jdk.localedata jdk.management.jfr jdk.naming.dns jdk.naming.rmi jdk.net jdk.nio.mapmode jdk.random jdk.sctp jdk.security.auth jdk.security.jgss jdk.unsupported jdk.unsupported.desktop jdk.xml.dom" 

Environment Variables:
PATH=C:\Program Files\Eclipse Adoptium\jdk-17.0.20.101-hotspot\bin;C:\Windows\system32;C:\Windows;C:\Windows\System32\Wbem;C:\Windows\System32\WindowsPowerShell\v1.0\;C:\Windows\System32\OpenSSH\;C:\Program Files\Git\cmd;C:\Program Files\nodejs\;C:\Users\welcome\AppData\Local\Microsoft\WindowsApps;C:\Users\welcome\AppData\Local\Programs\Microsoft VS Code\bin;C:\Users\welcome\AppData\Local\Programs\DockerDesktop\resources\bin;C:\Users\welcome\AppData\Roaming\npm
USERNAME=welcome
OS=Windows_NT
PROCESSOR_IDENTIFIER=Intel64 Family 6 Model 142 Stepping 9, GenuineIntel
TMP=C:\Users\welcome\AppData\Local\Temp
TEMP=C:\Users\welcome\AppData\Local\Temp




Periodic native trim disabled

---------------  S Y S T E M  ---------------

OS:
 Windows 10 , 64 bit Build 19041 (10.0.19041.7725)
OS uptime: 5 days 23:21 hours
Hyper-V role detected

CPU: total 4 (initial active 4) (2 cores per cpu, 2 threads per core) family 6 model 142 stepping 9 microcode 0xea, cx8, cmov, fxsr, ht, mmx, 3dnowpref, sse, sse2, sse3, ssse3, sse4.1, sse4.2, popcnt, lzcnt, tsc, tscinvbit, avx, avx2, aes, erms, clmul, bmi1, bmi2, adx, fma, vzeroupper, clflush, clflushopt, hv, rdtscp, f16c
Processor Information for the first 4 processors :
  Max Mhz: 2400, Current Mhz: 2400, Mhz Limit: 2400

Memory: 4k page, system-wide physical 4005M (431M free)
TotalPageFile size 11505M (AvailPageFile size 48M)
current process WorkingSet (physical memory assigned to process): 61M, peak: 61M
current process commit charge ("private bytes"): 220M, peak: 220M

vm_info: OpenJDK 64-Bit Server VM (21.0.12.1+1-LTS) for windows-amd64 JRE (21.0.12.1+1-LTS), built on 2026-08-18T00:00:00Z by "admin" with MS VC++ 17.12 (VS2022)

END.
