#
# There is insufficient memory for the Java Runtime Environment to continue.
# Native memory allocation (malloc) failed to allocate 1120976 bytes. Error detail: Chunk::new
# Possible reasons:
#   The system is out of physical RAM or swap space
#   This process is running with CompressedOops enabled, and the Java Heap may be blocking the growth of the native heap
# Possible solutions:
#   Reduce memory load on the system
#   Increase physical memory or swap space
#   Check if swap backing store is full
#   Decrease Java heap size (-Xmx/-Xms)
#   Decrease number of Java threads
#   Decrease Java thread stack sizes (-Xss)
#   Set larger code cache with -XX:ReservedCodeCacheSize=
#   JVM is running with Unscaled Compressed Oops mode in which the Java heap is
#     placed in the first 4GB address space. The Java Heap base address is the
#     maximum limit for the native heap growth. Please use -XX:HeapBaseMinAddress
#     to set the Java Heap base and to place the Java Heap above 4GB virtual address.
# This output file may be truncated or incomplete.
#
#  Out of Memory Error (arena.cpp:168), pid=7588, tid=19648
#
# JRE version: OpenJDK Runtime Environment Temurin-21.0.12.1+1 (21.0.12.1+1) (build 21.0.12.1+1-LTS)
# Java VM: OpenJDK 64-Bit Server VM Temurin-21.0.12.1+1 (21.0.12.1+1-LTS, mixed mode, sharing, tiered, compressed oops, compressed class ptrs, parallel gc, windows-amd64)
# No core dump will be written. Minidumps are not enabled by default on client versions of Windows
#

---------------  S U M M A R Y ------------

Command Line: --add-modules=ALL-SYSTEM --add-opens=java.base/java.util=ALL-UNNAMED --add-opens=java.base/java.lang=ALL-UNNAMED --add-opens=java.base/sun.nio.fs=ALL-UNNAMED -Declipse.application=org.eclipse.jdt.ls.core.id1 -Dosgi.bundles.defaultStartLevel=4 -Declipse.product=org.eclipse.jdt.ls.core.product -Djava.import.generatesMetadataFilesAtProjectRoot=false -Dm2e.project.cache.size=50 -DDetectVMInstallationsJob.disabled=true -Dfile.encoding=utf8 -XX:+UseParallelGC -XX:GCTimeRatio=4 -XX:AdaptiveSizePolicyWeight=90 -Dsun.zip.disableMemoryMapping=true -Xmx2G -Xms100m -Xlog:disable -javaagent:c:\Users\welcome\.vscode\extensions\redhat.java-1.56.0-win32-x64\lombok\lombok-1.18.39-4050.jar -XX:+HeapDumpOnOutOfMemoryError -XX:HeapDumpPath=c:\Users\welcome\AppData\Roaming\Code\User\workspaceStorage\438089d090c8572c52f170013986077f\redhat.java -Daether.dependencyCollector.impl=bf c:\Users\welcome\.vscode\extensions\redhat.java-1.56.0-win32-x64\server\plugins\org.eclipse.equinox.launcher_1.8.0.v20260804-1928.jar -configuration c:\Users\welcome\AppData\Roaming\Code\User\globalStorage\redhat.java\1.56.0\config_win -data c:\Users\welcome\AppData\Roaming\Code\User\workspaceStorage\438089d090c8572c52f170013986077f\redhat.java\jdt_ws --stdio

Host: Intel(R) Core(TM) i3-7100U CPU @ 2.40GHz, 4 cores, 3G,  Windows 10 , 64 bit Build 19041 (10.0.19041.7725)
Time: Tue Sep 29 17:05:31 2026 India Standard Time elapsed time: 121.966604 seconds (0d 0h 2m 1s)

---------------  T H R E A D  ---------------

Current thread (0x000002a472fd43e0):  JavaThread "C2 CompilerThread0" daemon [_thread_in_native, id=19648, stack(0x000000f564200000,0x000000f564300000) (1024K)]


Current CompileTask:
C2:121967 9895 % !   4       org.eclipse.jdt.internal.core.JavaProjectElementInfo::newNameLookup @ 205 (405 bytes)

Stack: [0x000000f564200000,0x000000f564300000]
Native frames: (J=compiled Java code, j=interpreted, Vv=VM code, C=native code)
V  [jvm.dll+0x6d83e9]
V  [jvm.dll+0x8b5736]
V  [jvm.dll+0x8b7cee]
V  [jvm.dll+0x8b83d3]
V  [jvm.dll+0x284596]
V  [jvm.dll+0xc685d]
V  [jvm.dll+0xc6da1]
V  [jvm.dll+0x3bf151]
V  [jvm.dll+0x1e4149]
V  [jvm.dll+0x24c853]
V  [jvm.dll+0x24bce0]
V  [jvm.dll+0x1cb4ae]
V  [jvm.dll+0x25baad]
V  [jvm.dll+0x25a03a]
V  [jvm.dll+0x3f8aae]
V  [jvm.dll+0x8600cd]
V  [jvm.dll+0x6d6c1d]
C  [ucrtbase.dll+0x21bb2]
C  [KERNEL32.DLL+0x17384]
C  [ntdll.dll+0x4cc91]


---------------  P R O C E S S  ---------------

Threads class SMR info:
_java_thread_list=0x000002a458a2e9a0, length=71, elements={
0x000002a470ddc510, 0x000002a472fc8fd0, 0x000002a472fca740, 0x000002a472fcc230,
0x000002a472fd0f70, 0x000002a472fd2b40, 0x000002a472fd35a0, 0x000002a472fd43e0,
0x000002a4730421b0, 0x000002a4541796f0, 0x000002a4541c8970, 0x000002a45415e890,
0x000002a45447eaf0, 0x000002a454318400, 0x000002a45463f8f0, 0x000002a4549b8f70,
0x000002a4549b7ed0, 0x000002a4549573c0, 0x000002a455663fa0, 0x000002a455664630,
0x000002a455663910, 0x000002a455549d20, 0x000002a45554aa40, 0x000002a45554ff90,
0x000002a45554b760, 0x000002a45554b0d0, 0x000002a45554a3b0, 0x000002a45554bdf0,
0x000002a45554d830, 0x000002a45554e550, 0x000002a45554c480, 0x000002a455549000,
0x000002a45554dec0, 0x000002a45554ebe0, 0x000002a45554f270, 0x000002a45674ba70,
0x000002a45674c100, 0x000002a45674a6c0, 0x000002a45674ce20, 0x000002a45674e1d0,
0x000002a45674d4b0, 0x000002a45674fc10, 0x000002a45674b3e0, 0x000002a45674f580,
0x000002a4567502a0, 0x000002a45674c790, 0x000002a45674ad50, 0x000002a456750930,
0x000002a456750fc0, 0x000002a4567499a0, 0x000002a45554cb10, 0x000002a45554f900,
0x000002a45674a030, 0x000002a45715ea60, 0x000002a45715d6b0, 0x000002a457162570,
0x000002a45715f0f0, 0x000002a457163290, 0x000002a45715c990, 0x000002a457161850,
0x000002a4571611c0, 0x000002a45715e3d0, 0x000002a45715dd40, 0x000002a45715fe10,
0x000002a45715f780, 0x000002a457160b30, 0x000002a457161ee0, 0x000002a457162c00,
0x000002a457163fb0, 0x000002a45715d020, 0x000002a455550620
}
_to_delete_list=0x000002a457575930, length=70, elements={
0x000002a470ddc510, 0x000002a472fc8fd0, 0x000002a472fca740, 0x000002a472fcc230,
0x000002a472fd0f70, 0x000002a472fd2b40, 0x000002a472fd35a0, 0x000002a472fd43e0,
0x000002a4730421b0, 0x000002a4541796f0, 0x000002a4541c8970, 0x000002a45415e890,
0x000002a45447eaf0, 0x000002a454318400, 0x000002a45463f8f0, 0x000002a4549b8f70,
0x000002a4549b7ed0, 0x000002a4549573c0, 0x000002a455663fa0, 0x000002a455664630,
0x000002a455663910, 0x000002a455549d20, 0x000002a45554aa40, 0x000002a45554ff90,
0x000002a45554b760, 0x000002a45554b0d0, 0x000002a45554a3b0, 0x000002a45554bdf0,
0x000002a45554d830, 0x000002a45554e550, 0x000002a45554c480, 0x000002a455549000,
0x000002a45554dec0, 0x000002a45554ebe0, 0x000002a45554f270, 0x000002a45674ba70,
0x000002a45674c100, 0x000002a45674a6c0, 0x000002a45674ce20, 0x000002a45674e1d0,
0x000002a45674d4b0, 0x000002a45674fc10, 0x000002a45674b3e0, 0x000002a45674f580,
0x000002a4567502a0, 0x000002a45674c790, 0x000002a45674ad50, 0x000002a456750930,
0x000002a456750fc0, 0x000002a4567499a0, 0x000002a45554cb10, 0x000002a45554f900,
0x000002a45674a030, 0x000002a45715ea60, 0x000002a45715d6b0, 0x000002a457162570,
0x000002a45715f0f0, 0x000002a457163290, 0x000002a45715c990, 0x000002a457161850,
0x000002a4571611c0, 0x000002a45715e3d0, 0x000002a45715dd40, 0x000002a45715fe10,
0x000002a45715f780, 0x000002a457160b30, 0x000002a457161ee0, 0x000002a457162c00,
0x000002a457163fb0, 0x000002a45715d020
}

Java Threads: ( => current thread )
  0x000002a470ddc510 JavaThread "main"                              [_thread_blocked, id=17292, stack(0x000000f563800000,0x000000f563900000) (1024K)]
  0x000002a472fc8fd0 JavaThread "Reference Handler"          daemon [_thread_blocked, id=10028, stack(0x000000f563c00000,0x000000f563d00000) (1024K)]
  0x000002a472fca740 JavaThread "Finalizer"                  daemon [_thread_blocked, id=8800, stack(0x000000f563d00000,0x000000f563e00000) (1024K)]
  0x000002a472fcc230 JavaThread "Signal Dispatcher"          daemon [_thread_blocked, id=692, stack(0x000000f563e00000,0x000000f563f00000) (1024K)]
  0x000002a472fd0f70 JavaThread "Attach Listener"            daemon [_thread_blocked, id=14412, stack(0x000000f563f00000,0x000000f564000000) (1024K)]
  0x000002a472fd2b40 JavaThread "Service Thread"             daemon [_thread_blocked, id=16496, stack(0x000000f564000000,0x000000f564100000) (1024K)]
  0x000002a472fd35a0 JavaThread "Monitor Deflation Thread"   daemon [_thread_blocked, id=7196, stack(0x000000f564100000,0x000000f564200000) (1024K)]
=>0x000002a472fd43e0 JavaThread "C2 CompilerThread0"         daemon [_thread_in_native, id=19648, stack(0x000000f564200000,0x000000f564300000) (1024K)]
  0x000002a4730421b0 JavaThread "C1 CompilerThread0"         daemon [_thread_blocked, id=12008, stack(0x000000f564300000,0x000000f564400000) (1024K)]
  0x000002a4541796f0 JavaThread "Common-Cleaner"             daemon [_thread_blocked, id=548, stack(0x000000f564400000,0x000000f564500000) (1024K)]
  0x000002a4541c8970 JavaThread "Notification Thread"        daemon [_thread_blocked, id=18968, stack(0x000000f564500000,0x000000f564600000) (1024K)]
  0x000002a45415e890 JavaThread "Active Thread: Equinox Container: cdd521b4-3392-430c-ad75-8feab50d149f"        [_thread_blocked, id=14568, stack(0x000000f564900000,0x000000f564a00000) (1024K)]
  0x000002a45447eaf0 JavaThread "Refresh Thread: Equinox Container: cdd521b4-3392-430c-ad75-8feab50d149f" daemon [_thread_blocked, id=21476, stack(0x000000f564a00000,0x000000f564b00000) (1024K)]
  0x000002a454318400 JavaThread "Framework Event Dispatcher: Equinox Container: cdd521b4-3392-430c-ad75-8feab50d149f" daemon [_thread_blocked, id=17476, stack(0x000000f564b00000,0x000000f564c00000) (1024K)]
  0x000002a45463f8f0 JavaThread "Start Level: Equinox Container: cdd521b4-3392-430c-ad75-8feab50d149f" daemon [_thread_blocked, id=20376, stack(0x000000f564c00000,0x000000f564d00000) (1024K)]
  0x000002a4549b8f70 JavaThread "Bundle File Closer"         daemon [_thread_blocked, id=9384, stack(0x000000f564d00000,0x000000f564e00000) (1024K)]
  0x000002a4549b7ed0 JavaThread "SCR Component Actor"        daemon [_thread_blocked, id=13640, stack(0x000000f564e00000,0x000000f564f00000) (1024K)]
  0x000002a4549573c0 JavaThread "Worker-JM"                         [_thread_blocked, id=16668, stack(0x000000f564f00000,0x000000f565000000) (1024K)]
  0x000002a455663fa0 JavaThread "JNA Cleaner"                daemon [_thread_blocked, id=7596, stack(0x000000f565000000,0x000000f565100000) (1024K)]
  0x000002a455664630 JavaThread "Worker-0: Initialize workspace"        [_thread_blocked, id=13616, stack(0x000000f565100000,0x000000f565200000) (1024K)]
  0x000002a455663910 JavaThread "Worker-1: Initialize workspace"        [_thread_blocked, id=13576, stack(0x000000f565200000,0x000000f565300000) (1024K)]
  0x000002a455549d20 JavaThread "Worker-2: Initialize workspace"        [_thread_blocked, id=10180, stack(0x000000f565300000,0x000000f565400000) (1024K)]
  0x000002a45554aa40 JavaThread "Worker-3: Initialize workspace"        [_thread_blocked, id=6688, stack(0x000000f565400000,0x000000f565500000) (1024K)]
  0x000002a45554ff90 JavaThread "Java indexing"              daemon [_thread_blocked, id=16212, stack(0x000000f565500000,0x000000f565600000) (1024K)]
  0x000002a45554b760 JavaThread "Worker-4: Initialize workspace"        [_thread_blocked, id=1904, stack(0x000000f565600000,0x000000f565700000) (1024K)]
  0x000002a45554b0d0 JavaThread "Worker-5: Initialize workspace"        [_thread_blocked, id=4824, stack(0x000000f565700000,0x000000f565800000) (1024K)]
  0x000002a45554a3b0 JavaThread "pool-2-thread-1"                   [_thread_blocked, id=11344, stack(0x000000f565800000,0x000000f565900000) (1024K)]
  0x000002a45554bdf0 JavaThread "WorkspaceEventsHandler"            [_thread_blocked, id=6444, stack(0x000000f565900000,0x000000f565a00000) (1024K)]
  0x000002a45554d830 JavaThread "pool-1-thread-1"                   [_thread_in_native, id=20664, stack(0x000000f565a00000,0x000000f565b00000) (1024K)]
  0x000002a45554e550 JavaThread "PatternSearchJob-worker-1"  daemon [_thread_blocked, id=20576, stack(0x000000f565b00000,0x000000f565c00000) (1024K)]
  0x000002a45554c480 JavaThread "PatternSearchJob-worker-2"  daemon [_thread_blocked, id=3236, stack(0x000000f565c00000,0x000000f565d00000) (1024K)]
  0x000002a455549000 JavaThread "PatternSearchJob-worker-3"  daemon [_thread_blocked, id=18452, stack(0x000000f565d00000,0x000000f565e00000) (1024K)]
  0x000002a45554dec0 JavaThread "Timer-0"                           [_thread_blocked, id=11732, stack(0x000000f565f00000,0x000000f566000000) (1024K)]
  0x000002a45554ebe0 JavaThread "Exec process"                      [_thread_blocked, id=1932, stack(0x000000f566100000,0x000000f566200000) (1024K)]
  0x000002a45554f270 JavaThread "Exec process Thread 2"             [_thread_blocked, id=2872, stack(0x000000f566200000,0x000000f566300000) (1024K)]
  0x000002a45674ba70 JavaThread "Exec process Thread 3"             [_thread_blocked, id=10072, stack(0x000000f566300000,0x000000f566400000) (1024K)]
  0x000002a45674c100 JavaThread "Timer-1"                           [_thread_blocked, id=3472, stack(0x000000f566000000,0x000000f566100000) (1024K)]
  0x000002a45674a6c0 JavaThread "Timer-2"                           [_thread_blocked, id=13368, stack(0x000000f566600000,0x000000f566700000) (1024K)]
  0x000002a45674ce20 JavaThread "Timer-3"                           [_thread_blocked, id=12312, stack(0x000000f563700000,0x000000f563800000) (1024K)]
  0x000002a45674e1d0 JavaThread "Worker-6: Initialize workspace"        [_thread_blocked, id=15912, stack(0x000000f563600000,0x000000f563700000) (1024K)]
  0x000002a45674d4b0 JavaThread "Worker-7: Initialize workspace"        [_thread_blocked, id=19228, stack(0x000000f565e00000,0x000000f565f00000) (1024K)]
  0x000002a45674fc10 JavaThread "Timer-4"                           [_thread_blocked, id=10848, stack(0x000000f566800000,0x000000f566900000) (1024K)]
  0x000002a45674b3e0 JavaThread "Timer-5"                           [_thread_blocked, id=13592, stack(0x000000f566900000,0x000000f566a00000) (1024K)]
  0x000002a45674f580 JavaThread "Timer-6"                           [_thread_blocked, id=14820, stack(0x000000f566a00000,0x000000f566b00000) (1024K)]
  0x000002a4567502a0 JavaThread "Worker-8: Initialize workspace"        [_thread_blocked, id=12692, stack(0x000000f566700000,0x000000f566800000) (1024K)]
  0x000002a45674c790 JavaThread "Worker-9: Initialize workspace"        [_thread_blocked, id=11596, stack(0x000000f566b00000,0x000000f566c00000) (1024K)]
  0x000002a45674ad50 JavaThread "Timer-7"                           [_thread_blocked, id=15372, stack(0x000000f566d00000,0x000000f566e00000) (1024K)]
  0x000002a456750930 JavaThread "Worker-10: Initialize workspace"        [_thread_blocked, id=11588, stack(0x000000f566c00000,0x000000f566d00000) (1024K)]
  0x000002a456750fc0 JavaThread "Timer-8"                           [_thread_blocked, id=3380, stack(0x000000f566f00000,0x000000f567000000) (1024K)]
  0x000002a4567499a0 JavaThread "Worker-11: Initialize workspace"        [_thread_blocked, id=4200, stack(0x000000f566e00000,0x000000f566f00000) (1024K)]
  0x000002a45554cb10 JavaThread "Timer-9"                           [_thread_blocked, id=12332, stack(0x000000f567100000,0x000000f567200000) (1024K)]
  0x000002a45554f900 JavaThread "Timer-10"                          [_thread_blocked, id=18552, stack(0x000000f567200000,0x000000f567300000) (1024K)]
  0x000002a45674a030 JavaThread "Worker-12: Initialize workspace"        [_thread_in_Java, id=17420, stack(0x000000f567000000,0x000000f567100000) (1024K)]
  0x000002a45715ea60 JavaThread "Timer-11"                          [_thread_blocked, id=6192, stack(0x000000f567400000,0x000000f567500000) (1024K)]
  0x000002a45715d6b0 JavaThread "Worker-13: Initialize workspace"        [_thread_blocked, id=12628, stack(0x000000f567300000,0x000000f567400000) (1024K)]
  0x000002a457162570 JavaThread "Worker-14: Initialize workspace"        [_thread_blocked, id=2240, stack(0x000000f567500000,0x000000f567600000) (1024K)]
  0x000002a45715f0f0 JavaThread "Timer-12"                          [_thread_blocked, id=16340, stack(0x000000f567700000,0x000000f567800000) (1024K)]
  0x000002a457163290 JavaThread "Worker-15: Initialize workspace"        [_thread_in_Java, id=2188, stack(0x000000f567600000,0x000000f567700000) (1024K)]
  0x000002a45715c990 JavaThread "Timer-13"                          [_thread_blocked, id=16928, stack(0x000000f567900000,0x000000f567a00000) (1024K)]
  0x000002a457161850 JavaThread "Worker-16: Initialize workspace"        [_thread_in_vm, id=8312, stack(0x000000f567800000,0x000000f567900000) (1024K)]
  0x000002a4571611c0 JavaThread "Timer-14"                          [_thread_blocked, id=18668, stack(0x000000f567b00000,0x000000f567c00000) (1024K)]
  0x000002a45715e3d0 JavaThread "Timer-15"                          [_thread_blocked, id=20112, stack(0x000000f567c00000,0x000000f567d00000) (1024K)]
  0x000002a45715dd40 JavaThread "Worker-17: Initialize workspace"        [_thread_blocked, id=3648, stack(0x000000f567a00000,0x000000f567b00000) (1024K)]
  0x000002a45715fe10 JavaThread "Timer-16"                          [_thread_blocked, id=10556, stack(0x000000f567e00000,0x000000f567f00000) (1024K)]
  0x000002a45715f780 JavaThread "Worker-18: Initialize workspace"        [_thread_blocked, id=21012, stack(0x000000f567d00000,0x000000f567e00000) (1024K)]
  0x000002a457160b30 JavaThread "Timer-17"                          [_thread_blocked, id=4524, stack(0x000000f568000000,0x000000f568100000) (1024K)]
  0x000002a457161ee0 JavaThread "Worker-19: Initialize workspace"        [_thread_blocked, id=21048, stack(0x000000f567f00000,0x000000f568000000) (1024K)]
  0x000002a457162c00 JavaThread "Worker-20"                         [_thread_blocked, id=12056, stack(0x000000f568100000,0x000000f568200000) (1024K)]
  0x000002a457163fb0 JavaThread "Timer-18"                          [_thread_blocked, id=1580, stack(0x000000f568300000,0x000000f568400000) (1024K)]
  0x000002a45715d020 JavaThread "Timer-19"                          [_thread_blocked, id=2700, stack(0x000000f568400000,0x000000f568500000) (1024K)]
  0x000002a455550620 JavaThread "Worker-21"                         [_thread_blocked, id=18748, stack(0x000000f568200000,0x000000f568300000) (1024K)]
Total: 71

Other Threads:
  0x000002a47319b450 VMThread "VM Thread"                           [id=2128, stack(0x000000f563b00000,0x000000f563c00000) (1024K)]
  0x000002a473148790 WatcherThread "VM Periodic Task Thread"        [id=9420, stack(0x000000f563a00000,0x000000f563b00000) (1024K)]
  0x000002a4730faa40 WorkerThread "GC Thread#0"                     [id=15804, stack(0x000000f563900000,0x000000f563a00000) (1024K)]
  0x000002a454573560 WorkerThread "GC Thread#1"                     [id=17668, stack(0x000000f564600000,0x000000f564700000) (1024K)]
  0x000002a454573910 WorkerThread "GC Thread#2"                     [id=15764, stack(0x000000f564700000,0x000000f564800000) (1024K)]
  0x000002a45457e810 WorkerThread "GC Thread#3"                     [id=14060, stack(0x000000f564800000,0x000000f564900000) (1024K)]
Total: 6

Threads with active compile tasks:
C2 CompilerThread0  122080 9895 % !   4       org.eclipse.jdt.internal.core.JavaProjectElementInfo::newNameLookup @ 205 (405 bytes)
Total: 1

VM state: not at safepoint (normal execution)

VM Mutex/Monitor currently owned by a thread:  ([mutex/lock_event])
[0x00007ffa1615f6b0] Heap_lock - owner thread: 0x000002a45715dd40

Heap address: 0x0000000080000000, size: 2048 MB, Compressed Oops mode: 32-bit

CDS archive(s) mapped at: [0x000002a40f000000-0x000002a40fba0000-0x000002a40fba0000), size 12189696, SharedBaseAddress: 0x000002a40f000000, ArchiveRelocationMode: 1.
Compressed class space mapped at: 0x000002a410000000-0x000002a450000000, reserved size: 1073741824
Narrow klass base: 0x000002a40f000000, Narrow klass shift: 0, Narrow klass range: 0x100000000

GC Precious Log:
 CardTable entry size: 512
 CPUs: 4 total, 4 available
 Memory: 4005M
 Large Page Support: Disabled
 NUMA Support: Disabled
 Compressed Oops: Enabled (32-bit)
 Alignments: Space 512K, Generation 512K, Heap 2M
 Heap Min Capacity: 100M
 Heap Initial Capacity: 100M
 Heap Max Capacity: 2G
 Pre-touch: Disabled
 Parallel Workers: 4

Heap:
 PSYoungGen      total 10752K, used 5057K [0x00000000d5580000, 0x00000000d6280000, 0x0000000100000000)
  eden space 10240K, 47% used [0x00000000d5580000,0x00000000d5a384b8,0x00000000d5f80000)
  from space 512K, 43% used [0x00000000d5f80000,0x00000000d5fb8000,0x00000000d6000000)
  to   space 512K, 0% used [0x00000000d6200000,0x00000000d6200000,0x00000000d6280000)
 ParOldGen       total 198656K, used 198191K [0x0000000080000000, 0x000000008c200000, 0x00000000d5580000)
  object space 198656K, 99% used [0x0000000080000000,0x000000008c18bd40,0x000000008c200000)
 Metaspace       used 60387K, committed 61888K, reserved 1114112K
  class space    used 6967K, committed 7616K, reserved 1048576K

Card table byte_map: [0x000002a472a80000,0x000002a472e90000] _byte_map_base: 0x000002a472680000

Marking Bits: (ParMarkBitMap*) 0x00007ffa161644a0
 Begin Bits: [0x000002a476590000, 0x000002a478590000)
 End Bits:   [0x000002a478590000, 0x000002a47a590000)

Polling page: 0x000002a470f80000

Metaspace:

Usage:
  Non-class:     52.17 MB used.
      Class:      6.80 MB used.
       Both:     58.97 MB used.

Virtual space:
  Non-class space:       64.00 MB reserved,      53.00 MB ( 83%) committed,  1 nodes.
      Class space:        1.00 GB reserved,       7.44 MB ( <1%) committed,  1 nodes.
             Both:        1.06 GB reserved,      60.44 MB (  6%) committed. 

Chunk freelists:
   Non-Class:  10.30 MB
       Class:  8.50 MB
        Both:  18.79 MB

MaxMetaspaceSize: unlimited
CompressedClassSpaceSize: 1.00 GB
Initial GC threshold: 21.00 MB
Current GC threshold: 97.31 MB
CDS: on
 - commit_granule_bytes: 65536.
 - commit_granule_words: 8192.
 - virtual_space_node_default_size: 8388608.
 - enlarge_chunks_in_place: 1.
 - use_allocation_guard: 0.


Internal statistics:

num_allocs_failed_limit: 9.
num_arena_births: 1116.
num_arena_deaths: 16.
num_vsnodes_births: 2.
num_vsnodes_deaths: 0.
num_space_committed: 967.
num_space_uncommitted: 0.
num_chunks_returned_to_freelist: 26.
num_chunks_taken_from_freelist: 3791.
num_chunk_merges: 12.
num_chunk_splits: 2385.
num_chunks_enlarged: 1482.
num_inconsistent_stats: 0.

CodeHeap 'non-profiled nmethods': size=120000Kb used=6900Kb max_used=6900Kb free=113099Kb
 bounds [0x000002a407ad0000, 0x000002a408190000, 0x000002a40f000000]
CodeHeap 'profiled nmethods': size=120000Kb used=19386Kb max_used=19386Kb free=100613Kb
 bounds [0x000002a400000000, 0x000002a4012f0000, 0x000002a407530000]
CodeHeap 'non-nmethods': size=5760Kb used=1385Kb max_used=1460Kb free=4374Kb
 bounds [0x000002a407530000, 0x000002a4077a0000, 0x000002a407ad0000]
CodeCache: size=245760Kb, used=27671Kb, max_used=27746Kb, free=218086Kb
 total_blobs=9784, nmethods=9094, adapters=596, full_count=0
Compilation: enabled, stopped_count=0, restarted_count=0

Compilation events (20 events):
Event: 121.559 Thread 0x000002a4730421b0 9904       3       com.sun.org.apache.xerces.internal.dom.ElementImpl::getAttribute (49 bytes)
Event: 121.560 Thread 0x000002a4730421b0 nmethod 9904 0x000002a4012e9490 code [0x000002a4012e96c0, 0x000002a4012ea020]
Event: 121.562 Thread 0x000002a4730421b0 9905       3       org.eclipse.jdt.internal.core.JavaProject::calculateHashCode (8 bytes)
Event: 121.562 Thread 0x000002a4730421b0 nmethod 9905 0x000002a4012ea210 code [0x000002a4012ea3c0, 0x000002a4012ea598]
Event: 121.562 Thread 0x000002a4730421b0 9906       3       com.google.common.base.CharMatcher::indexIn (48 bytes)
Event: 121.563 Thread 0x000002a4730421b0 nmethod 9906 0x000002a4012ea690 code [0x000002a4012ea8a0, 0x000002a4012eadd8]
Event: 121.564 Thread 0x000002a4730421b0 9907       2       org.eclipse.jdt.internal.compiler.util.SimpleLookupTable::get (59 bytes)
Event: 121.565 Thread 0x000002a4730421b0 nmethod 9907 0x000002a4012eaf90 code [0x000002a4012eb160, 0x000002a4012eb440]
Event: 121.566 Thread 0x000002a4730421b0 9908   !   3       org.eclipse.jdt.internal.compiler.util.JRTUtil::getJrtSystem (72 bytes)
Event: 121.583 Thread 0x000002a4730421b0 nmethod 9908 0x000002a4012eb610 code [0x000002a4012eb880, 0x000002a4012ec3f0]
Event: 121.604 Thread 0x000002a4730421b0 9909       3       org.eclipse.core.internal.resources.ProjectPreferences::getFile (43 bytes)
Event: 121.605 Thread 0x000002a4730421b0 nmethod 9909 0x000002a4012ec890 code [0x000002a4012ecae0, 0x000002a4012ed378]
Event: 121.642 Thread 0x000002a4730421b0 9911       3       org.eclipse.jdt.internal.core.OpenableElementInfo::<init> (17 bytes)
Event: 121.642 Thread 0x000002a4730421b0 nmethod 9911 0x000002a4012ed690 code [0x000002a4012ed840, 0x000002a4012eda38]
Event: 121.642 Thread 0x000002a4730421b0 9910       3       org.eclipse.jdt.internal.core.PackageFragmentRootInfo::<init> (25 bytes)
Event: 121.642 Thread 0x000002a4730421b0 nmethod 9910 0x000002a4012edb10 code [0x000002a4012edcc0, 0x000002a4012edf48]
Event: 121.652 Thread 0x000002a4730421b0 9912       3       org.eclipse.jdt.internal.core.JavaElementInfo::<init> (5 bytes)
Event: 121.652 Thread 0x000002a4730421b0 nmethod 9912 0x000002a4012ee090 code [0x000002a4012ee240, 0x000002a4012ee3a8]
Event: 121.838 Thread 0x000002a4730421b0 9913       3       java.util.ImmutableCollections$ListN::toArray (13 bytes)
Event: 121.845 Thread 0x000002a4730421b0 nmethod 9913 0x000002a4012ee490 code [0x000002a4012ee640, 0x000002a4012ee818]

GC Heap History (20 events):
Event: 121.444 GC heap before
{Heap before GC invocations=421 (full 3):
 PSYoungGen      total 10752K, used 10322K [0x00000000d5580000, 0x00000000d6100000, 0x0000000100000000)
  eden space 9728K, 99% used [0x00000000d5580000,0x00000000d5effff0,0x00000000d5f00000)
  from space 1024K, 58% used [0x00000000d5f00000,0x00000000d5f94b48,0x00000000d6000000)
  to   space 1024K, 0% used [0x00000000d6000000,0x00000000d6000000,0x00000000d6100000)
 ParOldGen       total 193536K, used 193415K [0x0000000080000000, 0x000000008bd00000, 0x00000000d5580000)
  object space 193536K, 99% used [0x0000000080000000,0x000000008bce1e28,0x000000008bd00000)
 Metaspace       used 60356K, committed 61824K, reserved 1114112K
  class space    used 6960K, committed 7616K, reserved 1048576K
}
Event: 121.446 GC heap after
{Heap after GC invocations=421 (full 3):
 PSYoungGen      total 10240K, used 244K [0x00000000d5580000, 0x00000000d6080000, 0x0000000100000000)
  eden space 9728K, 0% used [0x00000000d5580000,0x00000000d5580000,0x00000000d5f00000)
  from space 512K, 47% used [0x00000000d6000000,0x00000000d603d200,0x00000000d6080000)
  to   space 512K, 0% used [0x00000000d5f80000,0x00000000d5f80000,0x00000000d6000000)
 ParOldGen       total 194048K, used 193920K [0x0000000080000000, 0x000000008bd80000, 0x00000000d5580000)
  object space 194048K, 99% used [0x0000000080000000,0x000000008bd600f0,0x000000008bd80000)
 Metaspace       used 60356K, committed 61824K, reserved 1114112K
  class space    used 6960K, committed 7616K, reserved 1048576K
}
Event: 121.476 GC heap before
{Heap before GC invocations=422 (full 3):
 PSYoungGen      total 10240K, used 9972K [0x00000000d5580000, 0x00000000d6080000, 0x0000000100000000)
  eden space 9728K, 100% used [0x00000000d5580000,0x00000000d5f00000,0x00000000d5f00000)
  from space 512K, 47% used [0x00000000d6000000,0x00000000d603d200,0x00000000d6080000)
  to   space 512K, 0% used [0x00000000d5f80000,0x00000000d5f80000,0x00000000d6000000)
 ParOldGen       total 194048K, used 193920K [0x0000000080000000, 0x000000008bd80000, 0x00000000d5580000)
  object space 194048K, 99% used [0x0000000080000000,0x000000008bd600f0,0x000000008bd80000)
 Metaspace       used 60359K, committed 61824K, reserved 1114112K
  class space    used 6961K, committed 7616K, reserved 1048576K
}
Event: 121.478 GC heap after
{Heap after GC invocations=422 (full 3):
 PSYoungGen      total 10240K, used 503K [0x00000000d5580000, 0x00000000d6100000, 0x0000000100000000)
  eden space 9728K, 0% used [0x00000000d5580000,0x00000000d5580000,0x00000000d5f00000)
  from space 512K, 98% used [0x00000000d5f80000,0x00000000d5ffdf00,0x00000000d6000000)
  to   space 1024K, 0% used [0x00000000d6000000,0x00000000d6000000,0x00000000d6100000)
 ParOldGen       total 194560K, used 194068K [0x0000000080000000, 0x000000008be00000, 0x00000000d5580000)
  object space 194560K, 99% used [0x0000000080000000,0x000000008bd852f0,0x000000008be00000)
 Metaspace       used 60359K, committed 61824K, reserved 1114112K
  class space    used 6961K, committed 7616K, reserved 1048576K
}
Event: 121.503 GC heap before
{Heap before GC invocations=423 (full 3):
 PSYoungGen      total 10240K, used 10231K [0x00000000d5580000, 0x00000000d6100000, 0x0000000100000000)
  eden space 9728K, 100% used [0x00000000d5580000,0x00000000d5f00000,0x00000000d5f00000)
  from space 512K, 98% used [0x00000000d5f80000,0x00000000d5ffdf00,0x00000000d6000000)
  to   space 1024K, 0% used [0x00000000d6000000,0x00000000d6000000,0x00000000d6100000)
 ParOldGen       total 194560K, used 194068K [0x0000000080000000, 0x000000008be00000, 0x00000000d5580000)
  object space 194560K, 99% used [0x0000000080000000,0x000000008bd852f0,0x000000008be00000)
 Metaspace       used 60365K, committed 61824K, reserved 1114112K
  class space    used 6964K, committed 7616K, reserved 1048576K
}
Event: 121.506 GC heap after
{Heap after GC invocations=423 (full 3):
 PSYoungGen      total 10752K, used 577K [0x00000000d5580000, 0x00000000d6100000, 0x0000000100000000)
  eden space 9728K, 0% used [0x00000000d5580000,0x00000000d5580000,0x00000000d5f00000)
  from space 1024K, 56% used [0x00000000d6000000,0x00000000d60905b8,0x00000000d6100000)
  to   space 1024K, 0% used [0x00000000d5f00000,0x00000000d5f00000,0x00000000d6000000)
 ParOldGen       total 194560K, used 194531K [0x0000000080000000, 0x000000008be00000, 0x00000000d5580000)
  object space 194560K, 99% used [0x0000000080000000,0x000000008bdf8cf0,0x000000008be00000)
 Metaspace       used 60365K, committed 61824K, reserved 1114112K
  class space    used 6964K, committed 7616K, reserved 1048576K
}
Event: 121.533 GC heap before
{Heap before GC invocations=424 (full 3):
 PSYoungGen      total 10752K, used 10305K [0x00000000d5580000, 0x00000000d6100000, 0x0000000100000000)
  eden space 9728K, 100% used [0x00000000d5580000,0x00000000d5f00000,0x00000000d5f00000)
  from space 1024K, 56% used [0x00000000d6000000,0x00000000d60905b8,0x00000000d6100000)
  to   space 1024K, 0% used [0x00000000d5f00000,0x00000000d5f00000,0x00000000d6000000)
 ParOldGen       total 194560K, used 194531K [0x0000000080000000, 0x000000008be00000, 0x00000000d5580000)
  object space 194560K, 99% used [0x0000000080000000,0x000000008bdf8cf0,0x000000008be00000)
 Metaspace       used 60366K, committed 61824K, reserved 1114112K
  class space    used 6964K, committed 7616K, reserved 1048576K
}
Event: 121.535 GC heap after
{Heap after GC invocations=424 (full 3):
 PSYoungGen      total 10752K, used 293K [0x00000000d5580000, 0x00000000d6080000, 0x0000000100000000)
  eden space 9728K, 0% used [0x00000000d5580000,0x00000000d5580000,0x00000000d5f00000)
  from space 1024K, 28% used [0x00000000d5f00000,0x00000000d5f496b8,0x00000000d6000000)
  to   space 512K, 0% used [0x00000000d6000000,0x00000000d6000000,0x00000000d6080000)
 ParOldGen       total 195072K, used 195023K [0x0000000080000000, 0x000000008be80000, 0x00000000d5580000)
  object space 195072K, 99% used [0x0000000080000000,0x000000008be73f90,0x000000008be80000)
 Metaspace       used 60366K, committed 61824K, reserved 1114112K
  class space    used 6964K, committed 7616K, reserved 1048576K
}
Event: 121.580 GC heap before
{Heap before GC invocations=425 (full 3):
 PSYoungGen      total 10752K, used 10021K [0x00000000d5580000, 0x00000000d6080000, 0x0000000100000000)
  eden space 9728K, 99% used [0x00000000d5580000,0x00000000d5efff88,0x00000000d5f00000)
  from space 1024K, 28% used [0x00000000d5f00000,0x00000000d5f496b8,0x00000000d6000000)
  to   space 512K, 0% used [0x00000000d6000000,0x00000000d6000000,0x00000000d6080000)
 ParOldGen       total 195072K, used 195023K [0x0000000080000000, 0x000000008be80000, 0x00000000d5580000)
  object space 195072K, 99% used [0x0000000080000000,0x000000008be73f90,0x000000008be80000)
 Metaspace       used 60369K, committed 61824K, reserved 1114112K
  class space    used 6964K, committed 7616K, reserved 1048576K
}
Event: 121.582 GC heap after
{Heap after GC invocations=425 (full 3):
 PSYoungGen      total 10240K, used 495K [0x00000000d5580000, 0x00000000d6100000, 0x0000000100000000)
  eden space 9728K, 0% used [0x00000000d5580000,0x00000000d5580000,0x00000000d5f00000)
  from space 512K, 96% used [0x00000000d6000000,0x00000000d607bef8,0x00000000d6080000)
  to   space 1024K, 0% used [0x00000000d5f00000,0x00000000d5f00000,0x00000000d6000000)
 ParOldGen       total 195584K, used 195164K [0x0000000080000000, 0x000000008bf00000, 0x00000000d5580000)
  object space 195584K, 99% used [0x0000000080000000,0x000000008be97190,0x000000008bf00000)
 Metaspace       used 60369K, committed 61824K, reserved 1114112K
  class space    used 6964K, committed 7616K, reserved 1048576K
}
Event: 121.599 GC heap before
{Heap before GC invocations=426 (full 3):
 PSYoungGen      total 10240K, used 10223K [0x00000000d5580000, 0x00000000d6100000, 0x0000000100000000)
  eden space 9728K, 100% used [0x00000000d5580000,0x00000000d5f00000,0x00000000d5f00000)
  from space 512K, 96% used [0x00000000d6000000,0x00000000d607bef8,0x00000000d6080000)
  to   space 1024K, 0% used [0x00000000d5f00000,0x00000000d5f00000,0x00000000d6000000)
 ParOldGen       total 195584K, used 195164K [0x0000000080000000, 0x000000008bf00000, 0x00000000d5580000)
  object space 195584K, 99% used [0x0000000080000000,0x000000008be97190,0x000000008bf00000)
 Metaspace       used 60373K, committed 61824K, reserved 1114112K
  class space    used 6964K, committed 7616K, reserved 1048576K
}
Event: 121.604 GC heap after
{Heap after GC invocations=426 (full 3):
 PSYoungGen      total 10752K, used 1023K [0x00000000d5580000, 0x00000000d6100000, 0x0000000100000000)
  eden space 9728K, 0% used [0x00000000d5580000,0x00000000d5580000,0x00000000d5f00000)
  from space 1024K, 99% used [0x00000000d5f00000,0x00000000d5ffffa8,0x00000000d6000000)
  to   space 512K, 0% used [0x00000000d6000000,0x00000000d6000000,0x00000000d6080000)
 ParOldGen       total 197120K, used 196667K [0x0000000080000000, 0x000000008c080000, 0x00000000d5580000)
  object space 197120K, 99% used [0x0000000080000000,0x000000008c00eca8,0x000000008c080000)
 Metaspace       used 60373K, committed 61824K, reserved 1114112K
  class space    used 6964K, committed 7616K, reserved 1048576K
}
Event: 121.627 GC heap before
{Heap before GC invocations=427 (full 3):
 PSYoungGen      total 10752K, used 10751K [0x00000000d5580000, 0x00000000d6100000, 0x0000000100000000)
  eden space 9728K, 100% used [0x00000000d5580000,0x00000000d5f00000,0x00000000d5f00000)
  from space 1024K, 99% used [0x00000000d5f00000,0x00000000d5ffffa8,0x00000000d6000000)
  to   space 512K, 0% used [0x00000000d6000000,0x00000000d6000000,0x00000000d6080000)
 ParOldGen       total 197120K, used 196667K [0x0000000080000000, 0x000000008c080000, 0x00000000d5580000)
  object space 197120K, 99% used [0x0000000080000000,0x000000008c00eca8,0x000000008c080000)
 Metaspace       used 60380K, committed 61888K, reserved 1114112K
  class space    used 6967K, committed 7616K, reserved 1048576K
}
Event: 121.629 GC heap after
{Heap after GC invocations=427 (full 3):
 PSYoungGen      total 10240K, used 160K [0x00000000d5580000, 0x00000000d6100000, 0x0000000100000000)
  eden space 9728K, 0% used [0x00000000d5580000,0x00000000d5580000,0x00000000d5f00000)
  from space 512K, 31% used [0x00000000d6000000,0x00000000d6028000,0x00000000d6080000)
  to   space 1024K, 0% used [0x00000000d5f00000,0x00000000d5f00000,0x00000000d6000000)
 ParOldGen       total 197120K, used 197105K [0x0000000080000000, 0x000000008c080000, 0x00000000d5580000)
  object space 197120K, 99% used [0x0000000080000000,0x000000008c07c7b8,0x000000008c080000)
 Metaspace       used 60380K, committed 61888K, reserved 1114112K
  class space    used 6967K, committed 7616K, reserved 1048576K
}
Event: 121.820 GC heap before
{Heap before GC invocations=428 (full 3):
 PSYoungGen      total 10240K, used 9888K [0x00000000d5580000, 0x00000000d6100000, 0x0000000100000000)
  eden space 9728K, 100% used [0x00000000d5580000,0x00000000d5f00000,0x00000000d5f00000)
  from space 512K, 31% used [0x00000000d6000000,0x00000000d6028000,0x00000000d6080000)
  to   space 1024K, 0% used [0x00000000d5f00000,0x00000000d5f00000,0x00000000d6000000)
 ParOldGen       total 197120K, used 197105K [0x0000000080000000, 0x000000008c080000, 0x00000000d5580000)
  object space 197120K, 99% used [0x0000000080000000,0x000000008c07c7b8,0x000000008c080000)
 Metaspace       used 60387K, committed 61888K, reserved 1114112K
  class space    used 6967K, committed 7616K, reserved 1048576K
}
Event: 121.832 GC heap after
{Heap after GC invocations=428 (full 3):
 PSYoungGen      total 10752K, used 335K [0x00000000d5580000, 0x00000000d6080000, 0x0000000100000000)
  eden space 9728K, 0% used [0x00000000d5580000,0x00000000d5580000,0x00000000d5f00000)
  from space 1024K, 32% used [0x00000000d5f00000,0x00000000d5f53ed0,0x00000000d6000000)
  to   space 512K, 0% used [0x00000000d6000000,0x00000000d6000000,0x00000000d6080000)
 ParOldGen       total 197632K, used 197169K [0x0000000080000000, 0x000000008c100000, 0x00000000d5580000)
  object space 197632K, 99% used [0x0000000080000000,0x000000008c08c7b8,0x000000008c100000)
 Metaspace       used 60387K, committed 61888K, reserved 1114112K
  class space    used 6967K, committed 7616K, reserved 1048576K
}
Event: 121.859 GC heap before
{Heap before GC invocations=429 (full 3):
 PSYoungGen      total 10752K, used 10063K [0x00000000d5580000, 0x00000000d6080000, 0x0000000100000000)
  eden space 9728K, 100% used [0x00000000d5580000,0x00000000d5f00000,0x00000000d5f00000)
  from space 1024K, 32% used [0x00000000d5f00000,0x00000000d5f53ed0,0x00000000d6000000)
  to   space 512K, 0% used [0x00000000d6000000,0x00000000d6000000,0x00000000d6080000)
 ParOldGen       total 197632K, used 197169K [0x0000000080000000, 0x000000008c100000, 0x00000000d5580000)
  object space 197632K, 99% used [0x0000000080000000,0x000000008c08c7b8,0x000000008c100000)
 Metaspace       used 60387K, committed 61888K, reserved 1114112K
  class space    used 6967K, committed 7616K, reserved 1048576K
}
Event: 121.868 GC heap after
{Heap after GC invocations=429 (full 3):
 PSYoungGen      total 10240K, used 362K [0x00000000d5580000, 0x00000000d6080000, 0x0000000100000000)
  eden space 9728K, 0% used [0x00000000d5580000,0x00000000d5580000,0x00000000d5f00000)
  from space 512K, 70% used [0x00000000d6000000,0x00000000d605a898,0x00000000d6080000)
  to   space 512K, 0% used [0x00000000d5f80000,0x00000000d5f80000,0x00000000d6000000)
 ParOldGen       total 197632K, used 197241K [0x0000000080000000, 0x000000008c100000, 0x00000000d5580000)
  object space 197632K, 99% used [0x0000000080000000,0x000000008c09e7b8,0x000000008c100000)
 Metaspace       used 60387K, committed 61888K, reserved 1114112K
  class space    used 6967K, committed 7616K, reserved 1048576K
}
Event: 121.889 GC heap before
{Heap before GC invocations=430 (full 3):
 PSYoungGen      total 10240K, used 10090K [0x00000000d5580000, 0x00000000d6080000, 0x0000000100000000)
  eden space 9728K, 100% used [0x00000000d5580000,0x00000000d5f00000,0x00000000d5f00000)
  from space 512K, 70% used [0x00000000d6000000,0x00000000d605a898,0x00000000d6080000)
  to   space 512K, 0% used [0x00000000d5f80000,0x00000000d5f80000,0x00000000d6000000)
 ParOldGen       total 197632K, used 197241K [0x0000000080000000, 0x000000008c100000, 0x00000000d5580000)
  object space 197632K, 99% used [0x0000000080000000,0x000000008c09e7b8,0x000000008c100000)
 Metaspace       used 60387K, committed 61888K, reserved 1114112K
  class space    used 6967K, committed 7616K, reserved 1048576K
}
Event: 121.905 GC heap after
{Heap after GC invocations=430 (full 3):
 PSYoungGen      total 10752K, used 456K [0x00000000d5580000, 0x00000000d6200000, 0x0000000100000000)
  eden space 10240K, 0% used [0x00000000d5580000,0x00000000d5580000,0x00000000d5f80000)
  from space 512K, 89% used [0x00000000d5f80000,0x00000000d5ff22d8,0x00000000d6000000)
  to   space 512K, 0% used [0x00000000d6180000,0x00000000d6180000,0x00000000d6200000)
 ParOldGen       total 197632K, used 197573K [0x0000000080000000, 0x000000008c100000, 0x00000000d5580000)
  object space 197632K, 99% used [0x0000000080000000,0x000000008c0f16f8,0x000000008c100000)
 Metaspace       used 60387K, committed 61888K, reserved 1114112K
  class space    used 6967K, committed 7616K, reserved 1048576K
}

Dll operation events (20 events):
Event: 1.309 Attempting to load shared library C:\Users\welcome\.vscode\extensions\redhat.java-1.56.0-win32-x64\jre\21.0.12.1-win32-x86_64\bin\net.dll
Event: 1.313 Loaded shared library C:\Users\welcome\.vscode\extensions\redhat.java-1.56.0-win32-x64\jre\21.0.12.1-win32-x86_64\bin\net.dll
Event: 1.319 Attempting to load shared library C:\Users\welcome\.vscode\extensions\redhat.java-1.56.0-win32-x64\jre\21.0.12.1-win32-x86_64\bin\nio.dll
Event: 1.321 Loaded shared library C:\Users\welcome\.vscode\extensions\redhat.java-1.56.0-win32-x64\jre\21.0.12.1-win32-x86_64\bin\nio.dll
Event: 1.327 Attempting to load shared library C:\Users\welcome\.vscode\extensions\redhat.java-1.56.0-win32-x64\jre\21.0.12.1-win32-x86_64\bin\zip.dll
Event: 1.327 Loaded shared library C:\Users\welcome\.vscode\extensions\redhat.java-1.56.0-win32-x64\jre\21.0.12.1-win32-x86_64\bin\zip.dll
Event: 1.479 Attempting to load shared library C:\Users\welcome\.vscode\extensions\redhat.java-1.56.0-win32-x64\jre\21.0.12.1-win32-x86_64\bin\jimage.dll
Event: 1.479 Loaded shared library C:\Users\welcome\.vscode\extensions\redhat.java-1.56.0-win32-x64\jre\21.0.12.1-win32-x86_64\bin\jimage.dll
Event: 2.863 Attempting to load shared library c:\Users\welcome\.vscode\extensions\redhat.java-1.56.0-win32-x64\jre\21.0.12.1-win32-x86_64\bin\verify.dll
Event: 2.870 Loaded shared library c:\Users\welcome\.vscode\extensions\redhat.java-1.56.0-win32-x64\jre\21.0.12.1-win32-x86_64\bin\verify.dll
Event: 13.015 Attempting to load shared library C:\Users\welcome\AppData\Roaming\Code\User\globalStorage\redhat.java\1.56.0\config_win\org.eclipse.equinox.launcher\org.eclipse.equinox.launcher.win32.win32.x86_64_1.3.100.v20260804-1928\eclipse_11924.dll
Event: 13.020 Loaded shared library C:\Users\welcome\AppData\Roaming\Code\User\globalStorage\redhat.java\1.56.0\config_win\org.eclipse.equinox.launcher\org.eclipse.equinox.launcher.win32.win32.x86_64_1.3.100.v20260804-1928\eclipse_11924.dll
Event: 45.448 Attempting to load shared library C:\Users\welcome\AppData\Local\Temp\jna-1233099618\jna15959003647994626377.dll
Event: 45.664 Loaded shared library C:\Users\welcome\AppData\Local\Temp\jna-1233099618\jna15959003647994626377.dll
Event: 77.127 Attempting to load shared library C:\Users\welcome\.gradle\native\c067742578af261105cb4f569cf0c3c89f3d7b1fecec35dd04571415982c5e48\windows-amd64\native-platform.dll
Event: 77.133 Loaded shared library C:\Users\welcome\.gradle\native\c067742578af261105cb4f569cf0c3c89f3d7b1fecec35dd04571415982c5e48\windows-amd64\native-platform.dll
Event: 82.798 Attempting to load shared library C:\Users\welcome\.vscode\extensions\redhat.java-1.56.0-win32-x64\jre\21.0.12.1-win32-x86_64\bin\management.dll
Event: 82.802 Loaded shared library C:\Users\welcome\.vscode\extensions\redhat.java-1.56.0-win32-x64\jre\21.0.12.1-win32-x86_64\bin\management.dll
Event: 82.813 Attempting to load shared library C:\Users\welcome\.vscode\extensions\redhat.java-1.56.0-win32-x64\jre\21.0.12.1-win32-x86_64\bin\management_ext.dll
Event: 82.817 Loaded shared library C:\Users\welcome\.vscode\extensions\redhat.java-1.56.0-win32-x64\jre\21.0.12.1-win32-x86_64\bin\management_ext.dll

Deoptimization events (20 events):
Event: 121.451 Thread 0x000002a45715d6b0 Uncommon trap: trap_request=0xffffff6e fr.pc=0x000002a40818acec relative=0x000000000000086c
Event: 121.451 Thread 0x000002a45715d6b0 Uncommon trap: reason=loop_limit_check action=maybe_recompile pc=0x000002a40818acec method=org.eclipse.jdt.internal.core.util.HashtableOfArrayToObject.rehash()V @ 50 c2
Event: 121.451 Thread 0x000002a45715d6b0 DEOPT PACKING pc=0x000002a40818acec sp=0x000000f5673fea90
Event: 121.451 Thread 0x000002a45715d6b0 DEOPT UNPACKING pc=0x000002a407583aa2 sp=0x000000f5673fea50 mode 2
Event: 121.560 Thread 0x000002a457162c00 Uncommon trap: trap_request=0xffffffbe fr.pc=0x000002a40817fd3c relative=0x00000000000010fc
Event: 121.560 Thread 0x000002a457162c00 Uncommon trap: reason=profile_predicate action=maybe_recompile pc=0x000002a40817fd3c method=org.eclipse.jdt.internal.compiler.util.SimpleLookupTable.get(Ljava/lang/Object;)Ljava/lang/Object; @ 54 c2
Event: 121.560 Thread 0x000002a457162c00 DEOPT PACKING pc=0x000002a40817fd3c sp=0x000000f5681fe7d0
Event: 121.560 Thread 0x000002a457162c00 DEOPT UNPACKING pc=0x000002a407583aa2 sp=0x000000f5681fe7b8 mode 2
Event: 121.560 Thread 0x000002a457162c00 Uncommon trap: trap_request=0xffffffbe fr.pc=0x000002a40817fd3c relative=0x00000000000010fc
Event: 121.560 Thread 0x000002a457162c00 Uncommon trap: reason=profile_predicate action=maybe_recompile pc=0x000002a40817fd3c method=org.eclipse.jdt.internal.compiler.util.SimpleLookupTable.get(Ljava/lang/Object;)Ljava/lang/Object; @ 54 c2
Event: 121.560 Thread 0x000002a457162c00 DEOPT PACKING pc=0x000002a40817fd3c sp=0x000000f5681fe7d0
Event: 121.560 Thread 0x000002a457162c00 DEOPT UNPACKING pc=0x000002a407583aa2 sp=0x000000f5681fe7b8 mode 2
Event: 121.560 Thread 0x000002a457162c00 Uncommon trap: trap_request=0xffffffbe fr.pc=0x000002a40817fd3c relative=0x00000000000010fc
Event: 121.560 Thread 0x000002a457162c00 Uncommon trap: reason=profile_predicate action=maybe_recompile pc=0x000002a40817fd3c method=org.eclipse.jdt.internal.compiler.util.SimpleLookupTable.get(Ljava/lang/Object;)Ljava/lang/Object; @ 54 c2
Event: 121.562 Thread 0x000002a457162c00 DEOPT PACKING pc=0x000002a40817fd3c sp=0x000000f5681fe7d0
Event: 121.562 Thread 0x000002a457162c00 DEOPT UNPACKING pc=0x000002a407583aa2 sp=0x000000f5681fe7b8 mode 2
Event: 121.562 Thread 0x000002a457162c00 Uncommon trap: trap_request=0xffffffbe fr.pc=0x000002a40817fd3c relative=0x00000000000010fc
Event: 121.562 Thread 0x000002a457162c00 Uncommon trap: reason=profile_predicate action=maybe_recompile pc=0x000002a40817fd3c method=org.eclipse.jdt.internal.compiler.util.SimpleLookupTable.get(Ljava/lang/Object;)Ljava/lang/Object; @ 54 c2
Event: 121.562 Thread 0x000002a457162c00 DEOPT PACKING pc=0x000002a40817fd3c sp=0x000000f5681fe7d0
Event: 121.562 Thread 0x000002a457162c00 DEOPT UNPACKING pc=0x000002a407583aa2 sp=0x000000f5681fe7b8 mode 2

Classes loaded (20 events):
Event: 90.062 Loading class jdk/internal/jrtfs/JrtFileSystem
Event: 90.063 Loading class jdk/internal/jrtfs/JrtFileSystem done
Event: 90.063 Loading class jdk/internal/jrtfs/JrtPath
Event: 90.066 Loading class jdk/internal/jrtfs/JrtPath done
Event: 90.066 Loading class jdk/internal/jimage/ImageReader$Node
Event: 90.067 Loading class jdk/internal/jimage/ImageReader$Node done
Event: 90.086 Loading class java/nio/ByteBufferAsIntBufferL
Event: 90.086 Loading class java/nio/ByteBufferAsIntBufferL done
Event: 90.180 Loading class jdk/internal/jimage/ImageReader$Directory
Event: 90.181 Loading class jdk/internal/jimage/ImageReader$Directory done
Event: 93.839 Loading class java/nio/channels/Channels$ReadableByteChannelImpl
Event: 93.839 Loading class java/nio/channels/Channels$ReadableByteChannelImpl done
Event: 93.841 Loading class java/nio/channels/NonWritableChannelException
Event: 93.841 Loading class java/nio/channels/NonWritableChannelException done
Event: 95.689 Loading class java/util/stream/DistinctOps
Event: 95.689 Loading class java/util/stream/DistinctOps done
Event: 95.689 Loading class java/util/stream/DistinctOps$1
Event: 95.689 Loading class java/util/stream/DistinctOps$1 done
Event: 95.690 Loading class java/util/stream/DistinctOps$1$2
Event: 95.690 Loading class java/util/stream/DistinctOps$1$2 done

Classes unloaded (8 events):
Event: 48.772 Thread 0x000002a47319b450 Unloading class 0x000002a4101a9400 'java/lang/invoke/LambdaForm$MH+0x000002a4101a9400'
Event: 48.772 Thread 0x000002a47319b450 Unloading class 0x000002a4101a9000 'java/lang/invoke/LambdaForm$MH+0x000002a4101a9000'
Event: 48.772 Thread 0x000002a47319b450 Unloading class 0x000002a4101a8c00 'java/lang/invoke/LambdaForm$MH+0x000002a4101a8c00'
Event: 48.772 Thread 0x000002a47319b450 Unloading class 0x000002a4101a8800 'java/lang/invoke/LambdaForm$MH+0x000002a4101a8800'
Event: 48.772 Thread 0x000002a47319b450 Unloading class 0x000002a4101a8400 'java/lang/invoke/LambdaForm$BMH+0x000002a4101a8400'
Event: 48.772 Thread 0x000002a47319b450 Unloading class 0x000002a4101a8000 'java/lang/invoke/LambdaForm$DMH+0x000002a4101a8000'
Event: 48.772 Thread 0x000002a47319b450 Unloading class 0x000002a4101a6c00 'java/lang/invoke/LambdaForm$DMH+0x000002a4101a6c00'
Event: 57.818 Thread 0x000002a47319b450 Unloading class 0x000002a4102ce400 'java/lang/invoke/LambdaForm$DMH+0x000002a4102ce400'

Classes redefined (0 events):
No events

Internal exceptions (20 events):
Event: 120.862 Thread 0x000002a457161ee0 Exception <a 'sun/nio/fs/WindowsException'{0x00000000d5e37870}> (0x00000000d5e37870) 
thrown [s\src\hotspot\share\prims\jni.cpp, line 520]
Event: 120.863 Thread 0x000002a457161ee0 Exception <a 'sun/nio/fs/WindowsException'{0x00000000d5e706d8}> (0x00000000d5e706d8) 
thrown [s\src\hotspot\share\prims\jni.cpp, line 520]
Event: 120.863 Thread 0x000002a457161ee0 Exception <a 'sun/nio/fs/WindowsException'{0x00000000d5ea9998}> (0x00000000d5ea9998) 
thrown [s\src\hotspot\share\prims\jni.cpp, line 520]
Event: 120.864 Thread 0x000002a457161ee0 Exception <a 'sun/nio/fs/WindowsException'{0x00000000d5ef4af8}> (0x00000000d5ef4af8) 
thrown [s\src\hotspot\share\prims\jni.cpp, line 520]
Event: 120.872 Thread 0x000002a457161ee0 Exception <a 'sun/nio/fs/WindowsException'{0x00000000d5588a40}> (0x00000000d5588a40) 
thrown [s\src\hotspot\share\prims\jni.cpp, line 520]
Event: 120.873 Thread 0x000002a457161ee0 Exception <a 'sun/nio/fs/WindowsException'{0x00000000d559cc30}> (0x00000000d559cc30) 
thrown [s\src\hotspot\share\prims\jni.cpp, line 520]
Event: 120.873 Thread 0x000002a457161ee0 Exception <a 'sun/nio/fs/WindowsException'{0x00000000d55fedc8}> (0x00000000d55fedc8) 
thrown [s\src\hotspot\share\prims\jni.cpp, line 520]
Event: 120.874 Thread 0x000002a457161ee0 Exception <a 'sun/nio/fs/WindowsException'{0x00000000d5693e18}> (0x00000000d5693e18) 
thrown [s\src\hotspot\share\prims\jni.cpp, line 520]
Event: 120.875 Thread 0x000002a457161ee0 Exception <a 'sun/nio/fs/WindowsException'{0x00000000d5718bd0}> (0x00000000d5718bd0) 
thrown [s\src\hotspot\share\prims\jni.cpp, line 520]
Event: 120.877 Thread 0x000002a457161ee0 Exception <a 'sun/nio/fs/WindowsException'{0x00000000d58d61b0}> (0x00000000d58d61b0) 
thrown [s\src\hotspot\share\prims\jni.cpp, line 520]
Event: 120.878 Thread 0x000002a457161ee0 Exception <a 'sun/nio/fs/WindowsException'{0x00000000d591b6f0}> (0x00000000d591b6f0) 
thrown [s\src\hotspot\share\prims\jni.cpp, line 520]
Event: 121.314 Thread 0x000002a457161ee0 Exception <a 'sun/nio/fs/WindowsException'{0x00000000d56bd018}> (0x00000000d56bd018) 
thrown [s\src\hotspot\share\prims\jni.cpp, line 520]
Event: 121.317 Thread 0x000002a457161ee0 Exception <a 'sun/nio/fs/WindowsException'{0x00000000d56df370}> (0x00000000d56df370) 
thrown [s\src\hotspot\share\prims\jni.cpp, line 520]
Event: 121.320 Thread 0x000002a457161ee0 Exception <a 'sun/nio/fs/WindowsException'{0x00000000d57f36e8}> (0x00000000d57f36e8) 
thrown [s\src\hotspot\share\prims\jni.cpp, line 520]
Event: 121.559 Thread 0x000002a45715f780 Exception <a 'sun/nio/fs/WindowsException'{0x00000000d5d97150}> (0x00000000d5d97150) 
thrown [s\src\hotspot\share\prims\jni.cpp, line 520]
Event: 121.559 Thread 0x000002a45715f780 Exception <a 'sun/nio/fs/WindowsException'{0x00000000d5d99130}> (0x00000000d5d99130) 
thrown [s\src\hotspot\share\prims\jni.cpp, line 520]
Event: 121.560 Thread 0x000002a45715f780 Exception <a 'sun/nio/fs/WindowsException'{0x00000000d5d9d718}> (0x00000000d5d9d718) 
thrown [s\src\hotspot\share\prims\jni.cpp, line 520]
Event: 121.560 Thread 0x000002a45715f780 Exception <a 'sun/nio/fs/WindowsException'{0x00000000d5d9dda0}> (0x00000000d5d9dda0) 
thrown [s\src\hotspot\share\prims\jni.cpp, line 520]
Event: 121.561 Thread 0x000002a45715f780 Exception <a 'sun/nio/fs/WindowsException'{0x00000000d5da0810}> (0x00000000d5da0810) 
thrown [s\src\hotspot\share\prims\jni.cpp, line 520]
Event: 121.561 Thread 0x000002a45715f780 Exception <a 'sun/nio/fs/WindowsException'{0x00000000d5dc88f0}> (0x00000000d5dc88f0) 
thrown [s\src\hotspot\share\prims\jni.cpp, line 520]

ZGC Phase Switch (0 events):
No events

VM Operations (20 events):
Event: 121.478 Executing safepoint VM operation: ParallelGCFailedAllocation (Allocation Failure) done
Event: 121.494 Executing safepoint VM operation: ParallelGCFailedAllocation (Allocation Failure)
Event: 121.506 Executing safepoint VM operation: ParallelGCFailedAllocation (Allocation Failure) done
Event: 121.522 Executing safepoint VM operation: ParallelGCFailedAllocation (Allocation Failure)
Event: 121.535 Executing safepoint VM operation: ParallelGCFailedAllocation (Allocation Failure) done
Event: 121.567 Executing safepoint VM operation: ParallelGCFailedAllocation (Allocation Failure)
Event: 121.583 Executing safepoint VM operation: ParallelGCFailedAllocation (Allocation Failure) done
Event: 121.594 Executing safepoint VM operation: ParallelGCFailedAllocation (Allocation Failure)
Event: 121.604 Executing safepoint VM operation: ParallelGCFailedAllocation (Allocation Failure) done
Event: 121.622 Executing safepoint VM operation: ParallelGCFailedAllocation (Allocation Failure)
Event: 121.629 Executing safepoint VM operation: ParallelGCFailedAllocation (Allocation Failure) done
Event: 121.663 Executing safepoint VM operation: ParallelGCFailedAllocation (Allocation Failure)
Event: 121.832 Executing safepoint VM operation: ParallelGCFailedAllocation (Allocation Failure) done
Event: 121.856 Executing non-safepoint VM operation: HandshakeAllThreads (Deoptimize)
Event: 121.859 Executing non-safepoint VM operation: HandshakeAllThreads (Deoptimize) done
Event: 121.859 Executing safepoint VM operation: ParallelGCFailedAllocation (Allocation Failure)
Event: 121.868 Executing safepoint VM operation: ParallelGCFailedAllocation (Allocation Failure) done
Event: 121.880 Executing safepoint VM operation: ParallelGCFailedAllocation (Allocation Failure)
Event: 121.906 Executing safepoint VM operation: ParallelGCFailedAllocation (Allocation Failure) done
Event: 121.947 Executing safepoint VM operation: ParallelGCFailedAllocation (Allocation Failure)

Memory protections (0 events):
No events

Nmethod flushes (20 events):
Event: 91.285 Thread 0x000002a47319b450 flushing  nmethod 0x000002a40091c590
Event: 91.285 Thread 0x000002a47319b450 flushing  nmethod 0x000002a40091ec90
Event: 91.285 Thread 0x000002a47319b450 flushing  nmethod 0x000002a40094ca90
Event: 91.285 Thread 0x000002a47319b450 flushing  nmethod 0x000002a400979e90
Event: 91.285 Thread 0x000002a47319b450 flushing  nmethod 0x000002a40097be10
Event: 91.285 Thread 0x000002a47319b450 flushing  nmethod 0x000002a40097f990
Event: 91.285 Thread 0x000002a47319b450 flushing  nmethod 0x000002a40098ef10
Event: 91.285 Thread 0x000002a47319b450 flushing  nmethod 0x000002a400993710
Event: 91.285 Thread 0x000002a47319b450 flushing  nmethod 0x000002a400994990
Event: 91.285 Thread 0x000002a47319b450 flushing  nmethod 0x000002a40099c990
Event: 91.285 Thread 0x000002a47319b450 flushing  nmethod 0x000002a4009b3290
Event: 91.285 Thread 0x000002a47319b450 flushing  nmethod 0x000002a4009c2590
Event: 91.285 Thread 0x000002a47319b450 flushing  nmethod 0x000002a4009c5d90
Event: 91.285 Thread 0x000002a47319b450 flushing  nmethod 0x000002a4009d0610
Event: 91.285 Thread 0x000002a47319b450 flushing  nmethod 0x000002a4009e2c90
Event: 91.285 Thread 0x000002a47319b450 flushing  nmethod 0x000002a400a25e10
Event: 91.285 Thread 0x000002a47319b450 flushing  nmethod 0x000002a400a26410
Event: 91.285 Thread 0x000002a47319b450 flushing  nmethod 0x000002a400a27390
Event: 91.285 Thread 0x000002a47319b450 flushing  nmethod 0x000002a400a27990
Event: 91.285 Thread 0x000002a47319b450 flushing  nmethod 0x000002a400a2a310

Events (20 events):
Event: 117.763 Thread 0x000002a457162c00 Thread exited: 0x000002a457162c00
Event: 117.853 Thread 0x000002a457161850 Thread added: 0x000002a45715f780
Event: 118.462 Thread 0x000002a45715f780 Thread added: 0x000002a457162c00
Event: 118.725 Thread 0x000002a45715f780 Thread added: 0x000002a457160b30
Event: 118.726 Thread 0x000002a45715f780 Thread added: 0x000002a457163920
Event: 118.811 Thread 0x000002a457163920 Thread exited: 0x000002a457163920
Event: 119.157 Thread 0x000002a457162c00 Thread exited: 0x000002a457162c00
Event: 119.201 Thread 0x000002a45715f780 Thread added: 0x000002a457161ee0
Event: 119.274 Thread 0x000002a457161ee0 Thread added: 0x000002a457162c00
Event: 119.286 Thread 0x000002a457161ee0 Thread added: 0x000002a457163920
Event: 119.588 Thread 0x000002a457161ee0 Thread added: 0x000002a457163fb0
Event: 119.589 Thread 0x000002a457161ee0 Thread added: 0x000002a45715d020
Event: 119.666 Thread 0x000002a45715d020 Thread exited: 0x000002a45715d020
Event: 120.092 Thread 0x000002a457163920 Thread exited: 0x000002a457163920
Event: 120.305 Thread 0x000002a457161ee0 Thread added: 0x000002a457163920
Event: 120.477 Thread 0x000002a457161ee0 Thread added: 0x000002a45715d020
Event: 120.478 Thread 0x000002a457161ee0 Thread added: 0x000002a455550620
Event: 120.534 Thread 0x000002a455550620 Thread exited: 0x000002a455550620
Event: 121.330 Thread 0x000002a457163920 Thread exited: 0x000002a457163920
Event: 121.595 Thread 0x000002a457161ee0 Thread added: 0x000002a455550620


Dynamic libraries:
0x00007ff611a80000 - 0x00007ff611a8e000 	c:\Users\welcome\.vscode\extensions\redhat.java-1.56.0-win32-x64\jre\21.0.12.1-win32-x86_64\bin\java.exe
0x00007ffa996d0000 - 0x00007ffa998c9000 	C:\Windows\SYSTEM32\ntdll.dll
0x00007ffa97db0000 - 0x00007ffa97e72000 	C:\Windows\System32\KERNEL32.DLL
0x00007ffa96dd0000 - 0x00007ffa970c7000 	C:\Windows\System32\KERNELBASE.dll
0x00007ffa94200000 - 0x00007ffa94294000 	C:\Windows\SYSTEM32\apphelp.dll
0x00007ffa971f0000 - 0x00007ffa972f0000 	C:\Windows\System32\ucrtbase.dll
0x00007ffa7dff0000 - 0x00007ffa7e008000 	c:\Users\welcome\.vscode\extensions\redhat.java-1.56.0-win32-x64\jre\21.0.12.1-win32-x86_64\bin\jli.dll
0x00007ffa97b50000 - 0x00007ffa97ced000 	C:\Windows\System32\USER32.dll
0x00007ffa97600000 - 0x00007ffa97622000 	C:\Windows\System32\win32u.dll
0x00007ffa97710000 - 0x00007ffa9773b000 	C:\Windows\System32\GDI32.dll
0x00007ffa97450000 - 0x00007ffa9756a000 	C:\Windows\System32\gdi32full.dll
0x00007ffa97120000 - 0x00007ffa971bd000 	C:\Windows\System32\msvcp_win.dll
0x00007ffa7e010000 - 0x00007ffa7e02e000 	c:\Users\welcome\.vscode\extensions\redhat.java-1.56.0-win32-x64\jre\21.0.12.1-win32-x86_64\bin\VCRUNTIME140.dll
0x00007ffa83740000 - 0x00007ffa839db000 	C:\Windows\WinSxS\amd64_microsoft.windows.common-controls_6595b64144ccf1df_6.0.19041.7663_none_60b9ed0b71f50c93\COMCTL32.dll
0x00007ffa99520000 - 0x00007ffa995be000 	C:\Windows\System32\msvcrt.dll
0x00007ffa98400000 - 0x00007ffa9842f000 	C:\Windows\System32\IMM32.DLL
0x00007ffa81060000 - 0x00007ffa8106c000 	c:\Users\welcome\.vscode\extensions\redhat.java-1.56.0-win32-x64\jre\21.0.12.1-win32-x86_64\bin\vcruntime140_1.dll
0x00007ffa7c2a0000 - 0x00007ffa7c32d000 	c:\Users\welcome\.vscode\extensions\redhat.java-1.56.0-win32-x64\jre\21.0.12.1-win32-x86_64\bin\msvcp140.dll
0x00007ffa154a0000 - 0x00007ffa16242000 	c:\Users\welcome\.vscode\extensions\redhat.java-1.56.0-win32-x64\jre\21.0.12.1-win32-x86_64\bin\server\jvm.dll
0x00007ffa995d0000 - 0x00007ffa99682000 	C:\Windows\System32\ADVAPI32.dll
0x00007ffa99480000 - 0x00007ffa99520000 	C:\Windows\System32\sechost.dll
0x00007ffa99270000 - 0x00007ffa99396000 	C:\Windows\System32\RPCRT4.dll
0x00007ffa971c0000 - 0x00007ffa971e7000 	C:\Windows\System32\bcrypt.dll
0x00007ffa97ad0000 - 0x00007ffa97b43000 	C:\Windows\System32\WS2_32.dll
0x00007ffa96b70000 - 0x00007ffa96bbb000 	C:\Windows\SYSTEM32\POWRPROF.dll
0x00007ffa81610000 - 0x00007ffa81637000 	C:\Windows\SYSTEM32\WINMM.dll
0x00007ffa902f0000 - 0x00007ffa902fa000 	C:\Windows\SYSTEM32\VERSION.dll
0x00007ffa96b50000 - 0x00007ffa96b62000 	C:\Windows\SYSTEM32\UMPDC.dll
0x00007ffa94a50000 - 0x00007ffa94a62000 	C:\Windows\SYSTEM32\kernel.appcore.dll
0x00007ffa7dfe0000 - 0x00007ffa7dfea000 	c:\Users\welcome\.vscode\extensions\redhat.java-1.56.0-win32-x64\jre\21.0.12.1-win32-x86_64\bin\jimage.dll
0x00007ffa81650000 - 0x00007ffa8185b000 	C:\Windows\SYSTEM32\DBGHELP.DLL
0x00007ffa7e270000 - 0x00007ffa7e2a5000 	C:\Windows\SYSTEM32\dbgcore.DLL
0x00007ffa97570000 - 0x00007ffa975f2000 	C:\Windows\System32\bcryptPrimitives.dll
0x00007ffa7dfd0000 - 0x00007ffa7dfdf000 	c:\Users\welcome\.vscode\extensions\redhat.java-1.56.0-win32-x64\jre\21.0.12.1-win32-x86_64\bin\instrument.dll
0x00007ffa7dfb0000 - 0x00007ffa7dfd0000 	c:\Users\welcome\.vscode\extensions\redhat.java-1.56.0-win32-x64\jre\21.0.12.1-win32-x86_64\bin\java.dll
0x00007ffa98940000 - 0x00007ffa990b1000 	C:\Windows\System32\SHELL32.dll
0x00007ffa94d40000 - 0x00007ffa954ec000 	C:\Windows\SYSTEM32\windows.storage.dll
0x00007ffa97f60000 - 0x00007ffa982b4000 	C:\Windows\System32\combase.dll
0x00007ffa96670000 - 0x00007ffa9669b000 	C:\Windows\SYSTEM32\Wldp.dll
0x00007ffa977c0000 - 0x00007ffa9786d000 	C:\Windows\System32\SHCORE.dll
0x00007ffa976b0000 - 0x00007ffa9770b000 	C:\Windows\System32\shlwapi.dll
0x00007ffa96c40000 - 0x00007ffa96c65000 	C:\Windows\SYSTEM32\profapi.dll
0x00007ffa7c220000 - 0x00007ffa7c238000 	c:\Users\welcome\.vscode\extensions\redhat.java-1.56.0-win32-x64\jre\21.0.12.1-win32-x86_64\bin\zip.dll
0x00007ffa7dfa0000 - 0x00007ffa7dfb0000 	C:\Users\welcome\.vscode\extensions\redhat.java-1.56.0-win32-x64\jre\21.0.12.1-win32-x86_64\bin\net.dll
0x00007ffa8e1f0000 - 0x00007ffa8e2fd000 	C:\Windows\SYSTEM32\WINHTTP.dll
0x00007ffa96380000 - 0x00007ffa963ea000 	C:\Windows\system32\mswsock.dll
0x00007ffa7df80000 - 0x00007ffa7df96000 	C:\Users\welcome\.vscode\extensions\redhat.java-1.56.0-win32-x64\jre\21.0.12.1-win32-x86_64\bin\nio.dll
0x00007ffa7df70000 - 0x00007ffa7df80000 	c:\Users\welcome\.vscode\extensions\redhat.java-1.56.0-win32-x64\jre\21.0.12.1-win32-x86_64\bin\verify.dll
0x00007ffa700d0000 - 0x00007ffa70115000 	C:\Users\welcome\AppData\Roaming\Code\User\globalStorage\redhat.java\1.56.0\config_win\org.eclipse.equinox.launcher\org.eclipse.equinox.launcher.win32.win32.x86_64_1.3.100.v20260804-1928\eclipse_11924.dll
0x00007ffa982c0000 - 0x00007ffa983ec000 	C:\Windows\System32\ole32.dll
0x00007ffa965d0000 - 0x00007ffa965e8000 	C:\Windows\SYSTEM32\CRYPTSP.dll
0x00007ffa95c80000 - 0x00007ffa95cb8000 	C:\Windows\system32\rsaenh.dll
0x00007ffa96bc0000 - 0x00007ffa96bee000 	C:\Windows\SYSTEM32\USERENV.dll
0x00007ffa965c0000 - 0x00007ffa965cc000 	C:\Windows\SYSTEM32\CRYPTBASE.dll
0x00007ffa96050000 - 0x00007ffa9608b000 	C:\Windows\SYSTEM32\IPHLPAPI.DLL
0x00007ffa983f0000 - 0x00007ffa983f8000 	C:\Windows\System32\NSI.dll
0x00007ffa5f520000 - 0x00007ffa5f569000 	C:\Users\welcome\AppData\Local\Temp\jna-1233099618\jna15959003647994626377.dll
0x00007ffa995c0000 - 0x00007ffa995c8000 	C:\Windows\System32\PSAPI.DLL
0x00007ffa8f6b0000 - 0x00007ffa8f6c7000 	C:\Windows\SYSTEM32\dhcpcsvc6.DLL
0x00007ffa8f500000 - 0x00007ffa8f51d000 	C:\Windows\SYSTEM32\dhcpcsvc.DLL
0x00007ffa7c1f0000 - 0x00007ffa7c217000 	C:\Users\welcome\.gradle\native\c067742578af261105cb4f569cf0c3c89f3d7b1fecec35dd04571415982c5e48\windows-amd64\native-platform.dll
0x00007ffa7c1e0000 - 0x00007ffa7c1ea000 	C:\Users\welcome\.vscode\extensions\redhat.java-1.56.0-win32-x64\jre\21.0.12.1-win32-x86_64\bin\management.dll
0x00007ffa7aeb0000 - 0x00007ffa7aebc000 	C:\Users\welcome\.vscode\extensions\redhat.java-1.56.0-win32-x64\jre\21.0.12.1-win32-x86_64\bin\management_ext.dll

JVMTI agents:
c:\Users\welcome\.vscode\extensions\redhat.java-1.56.0-win32-x64\lombok\lombok-1.18.39-4050.jar path:c:\Users\welcome\.vscode\extensions\redhat.java-1.56.0-win32-x64\jre\21.0.12.1-win32-x86_64\bin\instrument.dll, loaded, initialized, instrumentlib options:none

dbghelp: loaded successfully - version: 4.0.5 - missing functions: none
symbol engine: initialized successfully - sym options: 0x614 - pdb path: .;c:\Users\welcome\.vscode\extensions\redhat.java-1.56.0-win32-x64\jre\21.0.12.1-win32-x86_64\bin;C:\Windows\SYSTEM32;C:\Windows\WinSxS\amd64_microsoft.windows.common-controls_6595b64144ccf1df_6.0.19041.7663_none_60b9ed0b71f50c93;c:\Users\welcome\.vscode\extensions\redhat.java-1.56.0-win32-x64\jre\21.0.12.1-win32-x86_64\bin\server;C:\Users\welcome\AppData\Roaming\Code\User\globalStorage\redhat.java\1.56.0\config_win\org.eclipse.equinox.launcher\org.eclipse.equinox.launcher.win32.win32.x86_64_1.3.100.v20260804-1928;C:\Users\welcome\AppData\Local\Temp\jna-1233099618;C:\Users\welcome\.gradle\native\c067742578af261105cb4f569cf0c3c89f3d7b1fecec35dd04571415982c5e48\windows-amd64

VM Arguments:
jvm_args: --add-modules=ALL-SYSTEM --add-opens=java.base/java.util=ALL-UNNAMED --add-opens=java.base/java.lang=ALL-UNNAMED --add-opens=java.base/sun.nio.fs=ALL-UNNAMED -Declipse.application=org.eclipse.jdt.ls.core.id1 -Dosgi.bundles.defaultStartLevel=4 -Declipse.product=org.eclipse.jdt.ls.core.product -Djava.import.generatesMetadataFilesAtProjectRoot=false -Dm2e.project.cache.size=50 -DDetectVMInstallationsJob.disabled=true -Dfile.encoding=utf8 -XX:+UseParallelGC -XX:GCTimeRatio=4 -XX:AdaptiveSizePolicyWeight=90 -Dsun.zip.disableMemoryMapping=true -Xmx2G -Xms100m -Xlog:disable -javaagent:c:\Users\welcome\.vscode\extensions\redhat.java-1.56.0-win32-x64\lombok\lombok-1.18.39-4050.jar -XX:+HeapDumpOnOutOfMemoryError -XX:HeapDumpPath=c:\Users\welcome\AppData\Roaming\Code\User\workspaceStorage\438089d090c8572c52f170013986077f\redhat.java -Daether.dependencyCollector.impl=bf 
java_command: c:\Users\welcome\.vscode\extensions\redhat.java-1.56.0-win32-x64\server\plugins\org.eclipse.equinox.launcher_1.8.0.v20260804-1928.jar -configuration c:\Users\welcome\AppData\Roaming\Code\User\globalStorage\redhat.java\1.56.0\config_win -data c:\Users\welcome\AppData\Roaming\Code\User\workspaceStorage\438089d090c8572c52f170013986077f\redhat.java\jdt_ws --stdio
java_class_path (initial): c:\Users\welcome\.vscode\extensions\redhat.java-1.56.0-win32-x64\server\plugins\org.eclipse.equinox.launcher_1.8.0.v20260804-1928.jar
Launcher Type: SUN_STANDARD

[Global flags]
    uintx AdaptiveSizePolicyWeight                 = 90                                        {product} {command line}
     intx CICompilerCount                          = 3                                         {product} {ergonomic}
    uintx GCTimeRatio                              = 4                                         {product} {command line}
     bool HeapDumpOnOutOfMemoryError               = true                                   {manageable} {command line}
    ccstr HeapDumpPath                             = c:\Users\welcome\AppData\Roaming\Code\User\workspaceStorage\438089d090c8572c52f170013986077f\redhat.java         {manageable} {command line}
   size_t InitialHeapSize                          = 104857600                                 {product} {command line}
   size_t MaxHeapSize                              = 2147483648                                {product} {command line}
   size_t MaxNewSize                               = 715653120                                 {product} {ergonomic}
   size_t MinHeapDeltaBytes                        = 524288                                    {product} {ergonomic}
   size_t MinHeapSize                              = 104857600                                 {product} {command line}
   size_t NewSize                                  = 34603008                                  {product} {ergonomic}
    uintx NonNMethodCodeHeapSize                   = 5832780                                {pd product} {ergonomic}
    uintx NonProfiledCodeHeapSize                  = 122912730                              {pd product} {ergonomic}
   size_t OldSize                                  = 70254592                                  {product} {ergonomic}
    uintx ProfiledCodeHeapSize                     = 122912730                              {pd product} {ergonomic}
    uintx ReservedCodeCacheSize                    = 251658240                              {pd product} {ergonomic}
     bool SegmentedCodeCache                       = true                                      {product} {ergonomic}
   size_t SoftMaxHeapSize                          = 2147483648                             {manageable} {ergonomic}
     bool UseCompressedOops                        = true                           {product lp64_product} {ergonomic}
     bool UseLargePagesIndividualAllocation        = false                                  {pd product} {ergonomic}
     bool UseParallelGC                            = true                                      {product} {command line}

Logging:
Log output configuration:
 #0: stdout all=off uptime,level,tags foldmultilines=false
 #1: stderr all=off uptime,level,tags foldmultilines=false

Release file:
JAVA_VERSION="21.0.12.1" 
MODULES="java.base java.compiler java.datatransfer java.xml java.prefs java.desktop java.instrument java.logging java.management java.security.sasl java.naming java.rmi java.management.rmi java.net.http java.scripting java.security.jgss java.transaction.xa java.sql java.sql.rowset java.xml.crypto java.se java.smartcardio jdk.accessibility jdk.internal.jvmstat jdk.attach jdk.charsets jdk.internal.opt jdk.zipfs jdk.compiler jdk.crypto.ec jdk.crypto.cryptoki jdk.crypto.mscapi jdk.dynalink jdk.internal.ed jdk.editpad jdk.hotspot.agent jdk.httpserver jdk.internal.le jdk.internal.vm.ci jdk.internal.vm.compiler jdk.internal.vm.compiler.management jdk.jartool jdk.javadoc jdk.jcmd jdk.management jdk.management.agent jdk.jconsole jdk.jdeps jdk.jdwp.agent jdk.jdi jdk.jfr jdk.jshell jdk.jsobject jdk.jstatd jdk.localedata jdk.management.jfr jdk.naming.dns jdk.naming.rmi jdk.net jdk.nio.mapmode jdk.random jdk.sctp jdk.security.auth jdk.security.jgss jdk.unsupported jdk.unsupported.desktop jdk.xml.dom" 

Environment Variables:
PATH=C:\Program Files\Eclipse Adoptium\jdk-17.0.20.101-hotspot\bin;C:\Windows\system32;C:\Windows;C:\Windows\System32\Wbem;C:\Windows\System32\WindowsPowerShell\v1.0\;C:\Windows\System32\OpenSSH\;C:\Program Files\Git\cmd;C:\Program Files\nodejs\;C:\Users\welcome\AppData\Local\Microsoft\WindowsApps;C:\Users\welcome\AppData\Local\Programs\Microsoft VS Code\bin;C:\Users\welcome\AppData\Local\Programs\DockerDesktop\resources\bin;C:\Users\welcome\AppData\Roaming\npm
USERNAME=welcome
OS=Windows_NT
PROCESSOR_IDENTIFIER=Intel64 Family 6 Model 142 Stepping 9, GenuineIntel
TMP=C:\Users\welcome\AppData\Local\Temp
TEMP=C:\Users\welcome\AppData\Local\Temp




Periodic native trim disabled

---------------  S Y S T E M  ---------------

OS:
 Windows 10 , 64 bit Build 19041 (10.0.19041.7725)
OS uptime: 0 days 6:59 hours
Hyper-V role detected

CPU: total 4 (initial active 4) (2 cores per cpu, 2 threads per core) family 6 model 142 stepping 9 microcode 0xea, cx8, cmov, fxsr, ht, mmx, 3dnowpref, sse, sse2, sse3, ssse3, sse4.1, sse4.2, popcnt, lzcnt, tsc, tscinvbit, avx, avx2, aes, erms, clmul, bmi1, bmi2, adx, fma, vzeroupper, clflush, clflushopt, hv, rdtscp, f16c
Processor Information for the first 4 processors :
  Max Mhz: 2400, Current Mhz: 2400, Mhz Limit: 2400

Memory: 4k page, system-wide physical 4005M (133M free)
TotalPageFile size 11505M (AvailPageFile size 1M)
current process WorkingSet (physical memory assigned to process): 198M, peak: 237M
current process commit charge ("private bytes"): 470M, peak: 470M

vm_info: OpenJDK 64-Bit Server VM (21.0.12.1+1-LTS) for windows-amd64 JRE (21.0.12.1+1-LTS), built on 2026-08-18T00:00:00Z by "admin" with MS VC++ 17.12 (VS2022)

END.
