#
# There is insufficient memory for the Java Runtime Environment to continue.
# Native memory allocation (malloc) failed to allocate 32744 bytes. Error detail: Chunk::new
# Possible reasons:
#   The system is out of physical RAM or swap space
#   This process is running with CompressedOops enabled, and the Java Heap may be blocking the growth of the native heap
# Possible solutions:
#   Reduce memory load on the system
#   Increase physical memory or swap space
#   Check if swap backing store is full
#   Decrease Java heap size (-Xmx/-Xms)
#   Decrease number of Java threads
#   Decrease Java thread stack sizes (-Xss)
#   Set larger code cache with -XX:ReservedCodeCacheSize=
#   JVM is running with Unscaled Compressed Oops mode in which the Java heap is
#     placed in the first 4GB address space. The Java Heap base address is the
#     maximum limit for the native heap growth. Please use -XX:HeapBaseMinAddress
#     to set the Java Heap base and to place the Java Heap above 4GB virtual address.
# This output file may be truncated or incomplete.
#
#  Out of Memory Error (arena.cpp:168), pid=18844, tid=17296
#
# JRE version: OpenJDK Runtime Environment Temurin-21.0.12.1+1 (21.0.12.1+1) (build 21.0.12.1+1-LTS)
# Java VM: OpenJDK 64-Bit Server VM Temurin-21.0.12.1+1 (21.0.12.1+1-LTS, mixed mode, sharing, tiered, compressed oops, compressed class ptrs, parallel gc, windows-amd64)
# No core dump will be written. Minidumps are not enabled by default on client versions of Windows
#

---------------  S U M M A R Y ------------

Command Line: --add-modules=ALL-SYSTEM --add-opens=java.base/java.util=ALL-UNNAMED --add-opens=java.base/java.lang=ALL-UNNAMED --add-opens=java.base/sun.nio.fs=ALL-UNNAMED -Declipse.application=org.eclipse.jdt.ls.core.id1 -Dosgi.bundles.defaultStartLevel=4 -Declipse.product=org.eclipse.jdt.ls.core.product -Djava.import.generatesMetadataFilesAtProjectRoot=false -Dm2e.project.cache.size=50 -DDetectVMInstallationsJob.disabled=true -Dfile.encoding=utf8 -XX:+UseParallelGC -XX:GCTimeRatio=4 -XX:AdaptiveSizePolicyWeight=90 -Dsun.zip.disableMemoryMapping=true -Xmx2G -Xms100m -Xlog:disable -javaagent:c:\Users\welcome\.vscode\extensions\redhat.java-1.56.0-win32-x64\lombok\lombok-1.18.39-4050.jar -XX:+HeapDumpOnOutOfMemoryError -XX:HeapDumpPath=c:\Users\welcome\AppData\Roaming\Code\User\workspaceStorage\438089d090c8572c52f170013986077f\redhat.java -Daether.dependencyCollector.impl=bf c:\Users\welcome\.vscode\extensions\redhat.java-1.56.0-win32-x64\server\plugins\org.eclipse.equinox.launcher_1.8.0.v20260804-1928.jar -configuration c:\Users\welcome\AppData\Roaming\Code\User\globalStorage\redhat.java\1.56.0\config_win -data c:\Users\welcome\AppData\Roaming\Code\User\workspaceStorage\438089d090c8572c52f170013986077f\redhat.java\jdt_ws --stdio

Host: Intel(R) Core(TM) i3-7100U CPU @ 2.40GHz, 4 cores, 3G,  Windows 10 , 64 bit Build 19041 (10.0.19041.7725)
Time: Tue Sep 29 21:54:56 2026 India Standard Time elapsed time: 168.185681 seconds (0d 0h 2m 48s)

---------------  T H R E A D  ---------------

Current thread (0x0000018afbb84460):  JavaThread "C2 CompilerThread0" daemon [_thread_in_native, id=17296, stack(0x00000029bce00000,0x00000029bcf00000) (1024K)]


Current CompileTask:
C2:168185 9894       4       org.eclipse.jdt.ls.core.internal.managers.BasicFileDetector::isExcluded (107 bytes)

Stack: [0x00000029bce00000,0x00000029bcf00000]
Native frames: (J=compiled Java code, j=interpreted, Vv=VM code, C=native code)
V  [jvm.dll+0x6d83e9]
V  [jvm.dll+0x8b5736]
V  [jvm.dll+0x8b7cee]
V  [jvm.dll+0x8b83d3]
V  [jvm.dll+0x284596]
V  [jvm.dll+0xc685d]
V  [jvm.dll+0xc6da1]
V  [jvm.dll+0x72b52e]
V  [jvm.dll+0x6b23c9]
V  [jvm.dll+0x39ca83]
V  [jvm.dll+0x39a4be]
V  [jvm.dll+0x6eef57]
V  [jvm.dll+0x6f284c]
V  [jvm.dll+0x6ea969]
V  [jvm.dll+0x6ea069]
V  [jvm.dll+0x6e80ee]
V  [jvm.dll+0x1ce4fc]
V  [jvm.dll+0x1cf09e]
V  [jvm.dll+0x2fa7dc]
V  [jvm.dll+0x6f2873]
V  [jvm.dll+0x6ea969]
V  [jvm.dll+0x6ea069]
V  [jvm.dll+0x6e80ee]
V  [jvm.dll+0x1ce4fc]
V  [jvm.dll+0x1cf09e]
V  [jvm.dll+0x2fa7dc]
V  [jvm.dll+0x6f2873]
V  [jvm.dll+0x6ea969]
V  [jvm.dll+0x6ea069]
V  [jvm.dll+0x6e80ee]
V  [jvm.dll+0x1ce4fc]
V  [jvm.dll+0x24b919]
V  [jvm.dll+0x1cb4ae]
V  [jvm.dll+0x25baad]
V  [jvm.dll+0x25a03a]
V  [jvm.dll+0x3f8aae]
V  [jvm.dll+0x8600cd]
V  [jvm.dll+0x6d6c1d]
C  [ucrtbase.dll+0x21bb2]
C  [KERNEL32.DLL+0x17384]
C  [ntdll.dll+0x4cc91]


---------------  P R O C E S S  ---------------

Threads class SMR info:
_java_thread_list=0x0000018adbdd3090, length=83, elements={
0x0000018afbc8f4c0, 0x0000018afbb79050, 0x0000018afbb7a7c0, 0x0000018afbb7c030,
0x0000018afbb80ff0, 0x0000018afbb82bc0, 0x0000018afbb83620, 0x0000018afbb84460,
0x0000018afbbf2230, 0x0000018ad43662b0, 0x0000018ad43e7f80, 0x0000018ad48a9180,
0x0000018ad477a8d0, 0x0000018ad4b2f840, 0x0000018ad4bb0e10, 0x0000018ad4b1aef0,
0x0000018ad4b27580, 0x0000018ad4c9f820, 0x0000018ad49d84f0, 0x0000018ad49d5d90,
0x0000018ad49d6ab0, 0x0000018ad49d6420, 0x0000018ad49d5070, 0x0000018ad49d7140,
0x0000018ad4aecb80, 0x0000018ad4aeaab0, 0x0000018ad4ae7cc0, 0x0000018ad4ae8350,
0x0000018ad4aeb7d0, 0x0000018ad4aed210, 0x0000018ad4aedf30, 0x0000018ad4aebe60,
0x0000018ad4ae6fa0, 0x0000018ad4ae89e0, 0x0000018ad4aeb140, 0x0000018ad4aec4f0,
0x0000018ad4ae9070, 0x0000018ad49d77d0, 0x0000018ad4ae6910, 0x0000018ad49d7e60,
0x0000018adc3f14a0, 0x0000018adc3ee6b0, 0x0000018adc3efa60, 0x0000018adc3f0780,
0x0000018adc3f00f0, 0x0000018adc3ee020, 0x0000018adc3eed40, 0x0000018adcd3e9a0,
0x0000018adcd3e310, 0x0000018adbd439b0, 0x0000018adbd3fea0, 0x0000018adbd44040,
0x0000018adbd41250, 0x0000018adbd453f0, 0x0000018adc9889a0, 0x0000018adc98b100,
0x0000018adc985520, 0x0000018adc988310, 0x0000018adc989030, 0x0000018adc986240,
0x0000018adc986f60, 0x0000018adc9875f0, 0x0000018adc9896c0, 0x0000018adc989d50,
0x0000018adc987c80, 0x0000018adc98a3e0, 0x0000018adc98aa70, 0x0000018adc984170,
0x0000018adc984800, 0x0000018adbd40530, 0x0000018adbd42c90, 0x0000018adbd446d0,
0x0000018adbd44d60, 0x0000018adbd41f70, 0x0000018adbd3e460, 0x0000018adbd42600,
0x0000018adbd40bc0, 0x0000018adcd40a70, 0x0000018adcd403e0, 0x0000018adcd3f030,
0x0000018adcd3f6c0, 0x0000018adcd41100, 0x0000018adcd3fd50
}

Java Threads: ( => current thread )
  0x0000018afbc8f4c0 JavaThread "main"                              [_thread_blocked, id=14608, stack(0x00000029bc400000,0x00000029bc500000) (1024K)]
  0x0000018afbb79050 JavaThread "Reference Handler"          daemon [_thread_blocked, id=20980, stack(0x00000029bc800000,0x00000029bc900000) (1024K)]
  0x0000018afbb7a7c0 JavaThread "Finalizer"                  daemon [_thread_blocked, id=21072, stack(0x00000029bc900000,0x00000029bca00000) (1024K)]
  0x0000018afbb7c030 JavaThread "Signal Dispatcher"          daemon [_thread_blocked, id=1128, stack(0x00000029bca00000,0x00000029bcb00000) (1024K)]
  0x0000018afbb80ff0 JavaThread "Attach Listener"            daemon [_thread_blocked, id=18388, stack(0x00000029bcb00000,0x00000029bcc00000) (1024K)]
  0x0000018afbb82bc0 JavaThread "Service Thread"             daemon [_thread_blocked, id=6820, stack(0x00000029bcc00000,0x00000029bcd00000) (1024K)]
  0x0000018afbb83620 JavaThread "Monitor Deflation Thread"   daemon [_thread_blocked, id=14880, stack(0x00000029bcd00000,0x00000029bce00000) (1024K)]
=>0x0000018afbb84460 JavaThread "C2 CompilerThread0"         daemon [_thread_in_native, id=17296, stack(0x00000029bce00000,0x00000029bcf00000) (1024K)]
  0x0000018afbbf2230 JavaThread "C1 CompilerThread0"         daemon [_thread_blocked, id=1920, stack(0x00000029bcf00000,0x00000029bd000000) (1024K)]
  0x0000018ad43662b0 JavaThread "Common-Cleaner"             daemon [_thread_blocked, id=1372, stack(0x00000029bd000000,0x00000029bd100000) (1024K)]
  0x0000018ad43e7f80 JavaThread "Notification Thread"        daemon [_thread_blocked, id=15332, stack(0x00000029bd100000,0x00000029bd200000) (1024K)]
  0x0000018ad48a9180 JavaThread "Active Thread: Equinox Container: f717104a-a077-4469-89a1-91c17db70ed1"        [_thread_blocked, id=6624, stack(0x00000029bd500000,0x00000029bd600000) (1024K)]
  0x0000018ad477a8d0 JavaThread "Refresh Thread: Equinox Container: f717104a-a077-4469-89a1-91c17db70ed1" daemon [_thread_blocked, id=16144, stack(0x00000029bd600000,0x00000029bd700000) (1024K)]
  0x0000018ad4b2f840 JavaThread "Framework Event Dispatcher: Equinox Container: f717104a-a077-4469-89a1-91c17db70ed1" daemon [_thread_blocked, id=17144, stack(0x00000029bd700000,0x00000029bd800000) (1024K)]
  0x0000018ad4bb0e10 JavaThread "Start Level: Equinox Container: f717104a-a077-4469-89a1-91c17db70ed1" daemon [_thread_blocked, id=20012, stack(0x00000029bd800000,0x00000029bd900000) (1024K)]
  0x0000018ad4b1aef0 JavaThread "Bundle File Closer"         daemon [_thread_blocked, id=10020, stack(0x00000029bd900000,0x00000029bda00000) (1024K)]
  0x0000018ad4b27580 JavaThread "SCR Component Actor"        daemon [_thread_blocked, id=10460, stack(0x00000029bda00000,0x00000029bdb00000) (1024K)]
  0x0000018ad4c9f820 JavaThread "Worker-JM"                         [_thread_blocked, id=20796, stack(0x00000029bdb00000,0x00000029bdc00000) (1024K)]
  0x0000018ad49d84f0 JavaThread "JNA Cleaner"                daemon [_thread_blocked, id=1480, stack(0x00000029bdc00000,0x00000029bdd00000) (1024K)]
  0x0000018ad49d5d90 JavaThread "Worker-0: Initialize workspace"        [_thread_blocked, id=4248, stack(0x00000029bdd00000,0x00000029bde00000) (1024K)]
  0x0000018ad49d6ab0 JavaThread "Worker-1: Initialize workspace"        [_thread_blocked, id=21236, stack(0x00000029bde00000,0x00000029bdf00000) (1024K)]
  0x0000018ad49d6420 JavaThread "Worker-2: Initialize workspace"        [_thread_blocked, id=20272, stack(0x00000029bdf00000,0x00000029be000000) (1024K)]
  0x0000018ad49d5070 JavaThread "Worker-3"                          [_thread_blocked, id=14724, stack(0x00000029be000000,0x00000029be100000) (1024K)]
  0x0000018ad49d7140 JavaThread "Java indexing"              daemon [_thread_blocked, id=6844, stack(0x00000029be100000,0x00000029be200000) (1024K)]
  0x0000018ad4aecb80 JavaThread "pool-2-thread-1"                   [_thread_blocked, id=9320, stack(0x00000029be400000,0x00000029be500000) (1024K)]
  0x0000018ad4aeaab0 JavaThread "WorkspaceEventsHandler"            [_thread_blocked, id=15300, stack(0x00000029be500000,0x00000029be600000) (1024K)]
  0x0000018ad4ae7cc0 JavaThread "pool-1-thread-1"                   [_thread_in_Java, id=17556, stack(0x00000029be600000,0x00000029be700000) (1024K)]
  0x0000018ad4ae8350 JavaThread "PatternSearchJob-worker-1"  daemon [_thread_blocked, id=19564, stack(0x00000029be700000,0x00000029be800000) (1024K)]
  0x0000018ad4aeb7d0 JavaThread "PatternSearchJob-worker-2"  daemon [_thread_blocked, id=19936, stack(0x00000029be800000,0x00000029be900000) (1024K)]
  0x0000018ad4aed210 JavaThread "PatternSearchJob-worker-3"  daemon [_thread_blocked, id=15364, stack(0x00000029be900000,0x00000029bea00000) (1024K)]
  0x0000018ad4aedf30 JavaThread "Timer-0"                           [_thread_blocked, id=20472, stack(0x00000029beb00000,0x00000029bec00000) (1024K)]
  0x0000018ad4aebe60 JavaThread "Exec process"                      [_thread_blocked, id=4332, stack(0x00000029bc200000,0x00000029bc300000) (1024K)]
  0x0000018ad4ae6fa0 JavaThread "Exec process Thread 2"             [_thread_blocked, id=2628, stack(0x00000029bc300000,0x00000029bc400000) (1024K)]
  0x0000018ad4ae89e0 JavaThread "Exec process Thread 3"             [_thread_blocked, id=12376, stack(0x00000029bef00000,0x00000029bf000000) (1024K)]
  0x0000018ad4aeb140 JavaThread "Timer-1"                           [_thread_blocked, id=16504, stack(0x00000029be300000,0x00000029be400000) (1024K)]
  0x0000018ad4aec4f0 JavaThread "Worker-6"                          [_thread_blocked, id=2928, stack(0x00000029be200000,0x00000029be300000) (1024K)]
  0x0000018ad4ae9070 JavaThread "Timer-2"                           [_thread_blocked, id=10556, stack(0x00000029bec00000,0x00000029bed00000) (1024K)]
  0x0000018ad49d77d0 JavaThread "Timer-3"                           [_thread_blocked, id=2976, stack(0x00000029bf000000,0x00000029bf100000) (1024K)]
  0x0000018ad4ae6910 JavaThread "Worker-7: Initialize workspace"        [_thread_blocked, id=15644, stack(0x00000029bea00000,0x00000029beb00000) (1024K)]
  0x0000018ad49d7e60 JavaThread "Worker-8: Initialize workspace"        [_thread_blocked, id=8552, stack(0x00000029bf100000,0x00000029bf200000) (1024K)]
  0x0000018adc3f14a0 JavaThread "Timer-4"                           [_thread_blocked, id=9660, stack(0x00000029bf300000,0x00000029bf400000) (1024K)]
  0x0000018adc3ee6b0 JavaThread "Timer-5"                           [_thread_blocked, id=8064, stack(0x00000029bf400000,0x00000029bf500000) (1024K)]
  0x0000018adc3efa60 JavaThread "Worker-9: Initialize workspace"        [_thread_blocked, id=12724, stack(0x00000029bf200000,0x00000029bf300000) (1024K)]
  0x0000018adc3f0780 JavaThread "Timer-6"                           [_thread_blocked, id=21452, stack(0x00000029bf600000,0x00000029bf700000) (1024K)]
  0x0000018adc3f00f0 JavaThread "Worker-10: Initialize workspace"        [_thread_blocked, id=7736, stack(0x00000029bf500000,0x00000029bf600000) (1024K)]
  0x0000018adc3ee020 JavaThread "Worker-11: Initialize workspace"        [_thread_blocked, id=14428, stack(0x00000029bf700000,0x00000029bf800000) (1024K)]
  0x0000018adc3eed40 JavaThread "Worker-12: Initialize workspace"        [_thread_blocked, id=8760, stack(0x00000029bf800000,0x00000029bf900000) (1024K)]
  0x0000018adcd3e9a0 JavaThread "Timer-7"                           [_thread_blocked, id=4560, stack(0x00000029bfa00000,0x00000029bfb00000) (1024K)]
  0x0000018adcd3e310 JavaThread "Timer-8"                           [_thread_blocked, id=8016, stack(0x00000029c0100000,0x00000029c0200000) (1024K)]
  0x0000018adbd439b0 JavaThread "Connection worker"                 [_thread_blocked, id=9836, stack(0x00000029bf900000,0x00000029bfa00000) (1024K)]
  0x0000018adbd3fea0 JavaThread "pool-9-thread-1"                   [_thread_blocked, id=11512, stack(0x00000029c0900000,0x00000029c0a00000) (1024K)]
  0x0000018adbd44040 JavaThread "Worker-13"                         [_thread_blocked, id=13348, stack(0x00000029c0a00000,0x00000029c0b00000) (1024K)]
  0x0000018adbd41250 JavaThread "Timer-9"                           [_thread_blocked, id=21316, stack(0x00000029c0d00000,0x00000029c0e00000) (1024K)]
  0x0000018adbd453f0 JavaThread "Exec process"                      [_thread_in_native, id=18364, stack(0x00000029c1300000,0x00000029c1400000) (1024K)]
  0x0000018adc9889a0 JavaThread "Exec process Thread 2"             [_thread_blocked, id=18164, stack(0x00000029c1d00000,0x00000029c1e00000) (1024K)]
  0x0000018adc98b100 JavaThread "Connection worker"                 [_thread_blocked, id=16220, stack(0x00000029c0b00000,0x00000029c0c00000) (1024K)]
  0x0000018adc985520 JavaThread "pool-11-thread-1"                  [_thread_blocked, id=15628, stack(0x00000029c1800000,0x00000029c1900000) (1024K)]
  0x0000018adc988310 JavaThread "Connection worker"                 [_thread_blocked, id=6120, stack(0x00000029c0500000,0x00000029c0600000) (1024K)]
  0x0000018adc989030 JavaThread "Connection worker"                 [_thread_blocked, id=11676, stack(0x00000029bfb00000,0x00000029bfc00000) (1024K)]
  0x0000018adc986240 JavaThread "Timer-10"                          [_thread_blocked, id=3080, stack(0x00000029bfc00000,0x00000029bfd00000) (1024K)]
  0x0000018adc986f60 JavaThread "Connection worker"                 [_thread_blocked, id=18852, stack(0x00000029bfe00000,0x00000029bff00000) (1024K)]
  0x0000018adc9875f0 JavaThread "Exec process"                      [_thread_in_native, id=4832, stack(0x00000029c0700000,0x00000029c0800000) (1024K)]
  0x0000018adc9896c0 JavaThread "Connection worker"                 [_thread_blocked, id=9140, stack(0x00000029c0300000,0x00000029c0400000) (1024K)]
  0x0000018adc989d50 JavaThread "Connection worker"                 [_thread_blocked, id=4400, stack(0x00000029bff00000,0x00000029c0000000) (1024K)]
  0x0000018adc987c80 JavaThread "Exec process Thread 2"             [_thread_blocked, id=11404, stack(0x00000029c0600000,0x00000029c0700000) (1024K)]
  0x0000018adc98a3e0 JavaThread "Exec process"                      [_thread_in_native, id=9044, stack(0x00000029c0200000,0x00000029c0300000) (1024K)]
  0x0000018adc98aa70 JavaThread "Exec process Thread 2"             [_thread_blocked, id=12888, stack(0x00000029c0800000,0x00000029c0900000) (1024K)]
  0x0000018adc984170 JavaThread "Exec process"                      [_thread_in_native, id=12368, stack(0x00000029c0c00000,0x00000029c0d00000) (1024K)]
  0x0000018adc984800 JavaThread "Exec process Thread 2"             [_thread_blocked, id=1652, stack(0x00000029c0e00000,0x00000029c0f00000) (1024K)]
  0x0000018adbd40530 JavaThread "Worker-14"                         [_thread_blocked, id=10268, stack(0x00000029c0f00000,0x00000029c1000000) (1024K)]
  0x0000018adbd42c90 JavaThread "Exec process"                      [_thread_in_native, id=16076, stack(0x00000029c1000000,0x00000029c1100000) (1024K)]
  0x0000018adbd446d0 JavaThread "Exec process Thread 2"             [_thread_blocked, id=21436, stack(0x00000029c1200000,0x00000029c1300000) (1024K)]
  0x0000018adbd44d60 JavaThread "Connection worker"                 [_thread_blocked, id=8212, stack(0x00000029c1400000,0x00000029c1500000) (1024K)]
  0x0000018adbd41f70 JavaThread "Exec process"                      [_thread_in_native, id=3300, stack(0x00000029c1500000,0x00000029c1600000) (1024K)]
  0x0000018adbd3e460 JavaThread "Exec process Thread 2"             [_thread_blocked, id=5424, stack(0x00000029c1a00000,0x00000029c1b00000) (1024K)]
  0x0000018adbd42600 JavaThread "pool-12-thread-1"                  [_thread_blocked, id=13200, stack(0x00000029c1b00000,0x00000029c1c00000) (1024K)]
  0x0000018adbd40bc0 JavaThread "Exec process"                      [_thread_in_native, id=5964, stack(0x00000029c1900000,0x00000029c1a00000) (1024K)]
  0x0000018adcd40a70 JavaThread "Exec process Thread 2"             [_thread_blocked, id=8456, stack(0x00000029c1f00000,0x00000029c2000000) (1024K)]
  0x0000018adcd403e0 JavaThread "Timer-11"                          [_thread_blocked, id=7808, stack(0x00000029c1c00000,0x00000029c1d00000) (1024K)]
  0x0000018adcd3f030 JavaThread "Exec process"                      [_thread_in_native, id=17072, stack(0x00000029c2000000,0x00000029c2100000) (1024K)]
  0x0000018adcd3f6c0 JavaThread "Exec process Thread 2"             [_thread_blocked, id=16660, stack(0x00000029c2200000,0x00000029c2300000) (1024K)]
  0x0000018adcd41100 JavaThread "Worker-15: Initialize workspace"        [_thread_blocked, id=12604, stack(0x00000029c2100000,0x00000029c2200000) (1024K)]
  0x0000018adcd3fd50 JavaThread "Connection worker"                 [_thread_new, id=6132, stack(0x0000000000000000,0x0000000000000000) (0B)]
Total: 83

Other Threads:
  0x0000018afbd4d410 VMThread "VM Thread"                           [id=21412, stack(0x00000029bc700000,0x00000029bc800000) (1024K)]
  0x0000018afbcfa750 WatcherThread "VM Periodic Task Thread"        [id=13604, stack(0x00000029bc600000,0x00000029bc700000) (1024K)]
  0x0000018afbcad210 WorkerThread "GC Thread#0"                     [id=8248, stack(0x00000029bc500000,0x00000029bc600000) (1024K)]
  0x0000018ad46fcfc0 WorkerThread "GC Thread#1"                     [id=5304, stack(0x00000029bd200000,0x00000029bd300000) (1024K)]
  0x0000018ad46fd370 WorkerThread "GC Thread#2"                     [id=4120, stack(0x00000029bd300000,0x00000029bd400000) (1024K)]
  0x0000018ad46fd720 WorkerThread "GC Thread#3"                     [id=1428, stack(0x00000029bd400000,0x00000029bd500000) (1024K)]
Total: 6

Threads with active compile tasks:
C2 CompilerThread0  168293 9894       4       org.eclipse.jdt.ls.core.internal.managers.BasicFileDetector::isExcluded (107 bytes)
Total: 1

VM state: not at safepoint (normal execution)

VM Mutex/Monitor currently owned by a thread: None

Heap address: 0x0000000080000000, size: 2048 MB, Compressed Oops mode: 32-bit

CDS archive(s) mapped at: [0x0000018a93000000-0x0000018a93ba0000-0x0000018a93ba0000), size 12189696, SharedBaseAddress: 0x0000018a93000000, ArchiveRelocationMode: 1.
Compressed class space mapped at: 0x0000018a94000000-0x0000018ad4000000, reserved size: 1073741824
Narrow klass base: 0x0000018a93000000, Narrow klass shift: 0, Narrow klass range: 0x100000000

GC Precious Log:
 CardTable entry size: 512
 CPUs: 4 total, 4 available
 Memory: 4005M
 Large Page Support: Disabled
 NUMA Support: Disabled
 Compressed Oops: Enabled (32-bit)
 Alignments: Space 512K, Generation 512K, Heap 2M
 Heap Min Capacity: 100M
 Heap Initial Capacity: 100M
 Heap Max Capacity: 2G
 Pre-touch: Disabled
 Parallel Workers: 4

Heap:
 PSYoungGen      total 15360K, used 10306K [0x00000000d5580000, 0x00000000d6680000, 0x0000000100000000)
  eden space 14848K, 66% used [0x00000000d5580000,0x00000000d5f20a18,0x00000000d6400000)
  from space 512K, 87% used [0x00000000d6580000,0x00000000d65f0000,0x00000000d6600000)
  to   space 512K, 0% used [0x00000000d6600000,0x00000000d6600000,0x00000000d6680000)
 ParOldGen       total 119808K, used 119296K [0x0000000080000000, 0x0000000087500000, 0x00000000d5580000)
  object space 119808K, 99% used [0x0000000080000000,0x00000000874802d0,0x0000000087500000)
 Metaspace       used 61329K, committed 62784K, reserved 1114112K
  class space    used 7112K, committed 7744K, reserved 1048576K

Card table byte_map: [0x0000018afb630000,0x0000018afba40000] _byte_map_base: 0x0000018afb230000

Marking Bits: (ParMarkBitMap*) 0x00007ffa18c044a0
 Begin Bits: [0x0000018a8f000000, 0x0000018a91000000)
 End Bits:   [0x0000018a91000000, 0x0000018a93000000)

Polling page: 0x0000018af9ab0000

Metaspace:

Usage:
  Non-class:     52.95 MB used.
      Class:      6.95 MB used.
       Both:     59.89 MB used.

Virtual space:
  Non-class space:       64.00 MB reserved,      53.75 MB ( 84%) committed,  1 nodes.
      Class space:        1.00 GB reserved,       7.56 MB ( <1%) committed,  1 nodes.
             Both:        1.06 GB reserved,      61.31 MB (  6%) committed. 

Chunk freelists:
   Non-Class:  9.67 MB
       Class:  8.37 MB
        Both:  18.04 MB

MaxMetaspaceSize: unlimited
CompressedClassSpaceSize: 1.00 GB
Initial GC threshold: 21.00 MB
Current GC threshold: 97.31 MB
CDS: on
 - commit_granule_bytes: 65536.
 - commit_granule_words: 8192.
 - virtual_space_node_default_size: 8388608.
 - enlarge_chunks_in_place: 1.
 - use_allocation_guard: 0.


Internal statistics:

num_allocs_failed_limit: 11.
num_arena_births: 1128.
num_arena_deaths: 30.
num_vsnodes_births: 2.
num_vsnodes_deaths: 0.
num_space_committed: 981.
num_space_uncommitted: 0.
num_chunks_returned_to_freelist: 46.
num_chunks_taken_from_freelist: 3838.
num_chunk_merges: 18.
num_chunk_splits: 2436.
num_chunks_enlarged: 1494.
num_inconsistent_stats: 0.

CodeHeap 'non-profiled nmethods': size=120000Kb used=6648Kb max_used=6648Kb free=113351Kb
 bounds [0x0000018a87ad0000, 0x0000018a88150000, 0x0000018a8f000000]
CodeHeap 'profiled nmethods': size=120000Kb used=18765Kb max_used=18765Kb free=101234Kb
 bounds [0x0000018a80000000, 0x0000018a81260000, 0x0000018a87530000]
CodeHeap 'non-nmethods': size=5760Kb used=1391Kb max_used=1475Kb free=4368Kb
 bounds [0x0000018a87530000, 0x0000018a877a0000, 0x0000018a87ad0000]
CodeCache: size=245760Kb, used=26804Kb, max_used=26888Kb, free=218953Kb
 total_blobs=9802, nmethods=9103, adapters=605, full_count=0
Compilation: enabled, stopped_count=0, restarted_count=0

Compilation events (20 events):
Event: 167.510 Thread 0x0000018afbb84460 9884       4       java.nio.CharBuffer::charAt (16 bytes)
Event: 167.512 Thread 0x0000018afbb84460 nmethod 9884 0x0000018a8814a990 code [0x0000018a8814ab40, 0x0000018a8814ad08]
Event: 167.612 Thread 0x0000018afbbf2230 9885       3       java.lang.StackTraceElement::of (30 bytes)
Event: 167.613 Thread 0x0000018afbbf2230 nmethod 9885 0x0000018a8124b110 code [0x0000018a8124b2c0, 0x0000018a8124b4b0]
Event: 167.859 Thread 0x0000018afbbf2230 9886       1       java.util.AbstractList$ListItr::nextIndex (5 bytes)
Event: 167.860 Thread 0x0000018afbbf2230 nmethod 9886 0x0000018a8814ae90 code [0x0000018a8814b020, 0x0000018a8814b0e8]
Event: 167.893 Thread 0x0000018afbb84460 9888       4       java.lang.StringCoding::implEncodeAsciiArray (47 bytes)
Event: 167.894 Thread 0x0000018afbbf2230 9889       3       org.eclipse.core.runtime.Status::matches (13 bytes)
Event: 167.895 Thread 0x0000018afbbf2230 nmethod 9889 0x0000018a8124b610 code [0x0000018a8124b7c0, 0x0000018a8124b938]
Event: 167.903 Thread 0x0000018afbb84460 nmethod 9888 0x0000018a8814b590 code [0x0000018a8814b720, 0x0000018a8814b940]
Event: 167.903 Thread 0x0000018afbb84460 9890 %     4       java.lang.String::encodeUTF8_UTF16 @ 58 (372 bytes)
Event: 167.921 Thread 0x0000018afbb84460 nmethod 9890% 0x0000018a8814ba10 code [0x0000018a8814bbe0, 0x0000018a8814c2f8]
Event: 168.013 Thread 0x0000018afbbf2230 9891       3       sun.nio.cs.UTF_8$Encoder::<init> (10 bytes)
Event: 168.013 Thread 0x0000018afbbf2230 nmethod 9891 0x0000018a8124ba10 code [0x0000018a8124bbe0, 0x0000018a8124bd28]
Event: 168.013 Thread 0x0000018afbbf2230 9892       3       java.nio.charset.CharsetEncoder::<init> (16 bytes)
Event: 168.014 Thread 0x0000018afbbf2230 nmethod 9892 0x0000018a8124be10 code [0x0000018a8124bfc0, 0x0000018a8124c1a0]
Event: 168.017 Thread 0x0000018afbb84460 9893       4       java.lang.String::encodeUTF8_UTF16 (372 bytes)
Event: 168.038 Thread 0x0000018afbb84460 nmethod 9893 0x0000018a8814c590 code [0x0000018a8814c760, 0x0000018a8814d0f8]
Event: 168.166 Thread 0x0000018afbb84460 9894       4       org.eclipse.jdt.ls.core.internal.managers.BasicFileDetector::isExcluded (107 bytes)
Event: 168.180 Thread 0x0000018afbbf2230 9895       3       org.eclipse.core.internal.registry.RegistryObjectManager::getHandle (72 bytes)

GC Heap History (20 events):
Event: 154.019 GC heap before
{Heap before GC invocations=165 (full 3):
 PSYoungGen      total 15872K, used 15535K [0x00000000d5580000, 0x00000000d6880000, 0x0000000100000000)
  eden space 15360K, 100% used [0x00000000d5580000,0x00000000d6480000,0x00000000d6480000)
  from space 512K, 34% used [0x00000000d6780000,0x00000000d67abe10,0x00000000d6800000)
  to   space 512K, 0% used [0x00000000d6800000,0x00000000d6800000,0x00000000d6880000)
 ParOldGen       total 113152K, used 112930K [0x0000000080000000, 0x0000000086e80000, 0x00000000d5580000)
  object space 113152K, 99% used [0x0000000080000000,0x0000000086e48800,0x0000000086e80000)
 Metaspace       used 60760K, committed 62208K, reserved 1114112K
  class space    used 7072K, committed 7680K, reserved 1048576K
}
Event: 154.021 GC heap after
{Heap after GC invocations=165 (full 3):
 PSYoungGen      total 15872K, used 160K [0x00000000d5580000, 0x00000000d6880000, 0x0000000100000000)
  eden space 15360K, 0% used [0x00000000d5580000,0x00000000d5580000,0x00000000d6480000)
  from space 512K, 31% used [0x00000000d6800000,0x00000000d6828000,0x00000000d6880000)
  to   space 512K, 0% used [0x00000000d6780000,0x00000000d6780000,0x00000000d6800000)
 ParOldGen       total 113152K, used 112978K [0x0000000080000000, 0x0000000086e80000, 0x00000000d5580000)
  object space 113152K, 99% used [0x0000000080000000,0x0000000086e54800,0x0000000086e80000)
 Metaspace       used 60760K, committed 62208K, reserved 1114112K
  class space    used 7072K, committed 7680K, reserved 1048576K
}
Event: 154.239 GC heap before
{Heap before GC invocations=166 (full 3):
 PSYoungGen      total 15872K, used 15519K [0x00000000d5580000, 0x00000000d6880000, 0x0000000100000000)
  eden space 15360K, 99% used [0x00000000d5580000,0x00000000d647fff8,0x00000000d6480000)
  from space 512K, 31% used [0x00000000d6800000,0x00000000d6828000,0x00000000d6880000)
  to   space 512K, 0% used [0x00000000d6780000,0x00000000d6780000,0x00000000d6800000)
 ParOldGen       total 113152K, used 112978K [0x0000000080000000, 0x0000000086e80000, 0x00000000d5580000)
  object space 113152K, 99% used [0x0000000080000000,0x0000000086e54800,0x0000000086e80000)
 Metaspace       used 60849K, committed 62272K, reserved 1114112K
  class space    used 7084K, committed 7680K, reserved 1048576K
}
Event: 154.243 GC heap after
{Heap after GC invocations=166 (full 3):
 PSYoungGen      total 15872K, used 506K [0x00000000d5580000, 0x00000000d6880000, 0x0000000100000000)
  eden space 15360K, 0% used [0x00000000d5580000,0x00000000d5580000,0x00000000d6480000)
  from space 512K, 98% used [0x00000000d6780000,0x00000000d67fe920,0x00000000d6800000)
  to   space 512K, 0% used [0x00000000d6800000,0x00000000d6800000,0x00000000d6880000)
 ParOldGen       total 113152K, used 113098K [0x0000000080000000, 0x0000000086e80000, 0x00000000d5580000)
  object space 113152K, 99% used [0x0000000080000000,0x0000000086e72800,0x0000000086e80000)
 Metaspace       used 60849K, committed 62272K, reserved 1114112K
  class space    used 7084K, committed 7680K, reserved 1048576K
}
Event: 154.844 GC heap before
{Heap before GC invocations=167 (full 3):
 PSYoungGen      total 15872K, used 15866K [0x00000000d5580000, 0x00000000d6880000, 0x0000000100000000)
  eden space 15360K, 100% used [0x00000000d5580000,0x00000000d6480000,0x00000000d6480000)
  from space 512K, 98% used [0x00000000d6780000,0x00000000d67fe920,0x00000000d6800000)
  to   space 512K, 0% used [0x00000000d6800000,0x00000000d6800000,0x00000000d6880000)
 ParOldGen       total 113152K, used 113098K [0x0000000080000000, 0x0000000086e80000, 0x00000000d5580000)
  object space 113152K, 99% used [0x0000000080000000,0x0000000086e72890,0x0000000086e80000)
 Metaspace       used 60889K, committed 62272K, reserved 1114112K
  class space    used 7085K, committed 7680K, reserved 1048576K
}
Event: 154.846 GC heap after
{Heap after GC invocations=167 (full 3):
 PSYoungGen      total 15872K, used 512K [0x00000000d5580000, 0x00000000d6880000, 0x0000000100000000)
  eden space 15360K, 0% used [0x00000000d5580000,0x00000000d5580000,0x00000000d6480000)
  from space 512K, 100% used [0x00000000d6800000,0x00000000d6880000,0x00000000d6880000)
  to   space 1024K, 0% used [0x00000000d6680000,0x00000000d6680000,0x00000000d6780000)
 ParOldGen       total 113664K, used 113390K [0x0000000080000000, 0x0000000086f00000, 0x00000000d5580000)
  object space 113664K, 99% used [0x0000000080000000,0x0000000086ebbac0,0x0000000086f00000)
 Metaspace       used 60889K, committed 62272K, reserved 1114112K
  class space    used 7085K, committed 7680K, reserved 1048576K
}
Event: 155.575 GC heap before
{Heap before GC invocations=168 (full 3):
 PSYoungGen      total 15872K, used 15872K [0x00000000d5580000, 0x00000000d6880000, 0x0000000100000000)
  eden space 15360K, 100% used [0x00000000d5580000,0x00000000d6480000,0x00000000d6480000)
  from space 512K, 100% used [0x00000000d6800000,0x00000000d6880000,0x00000000d6880000)
  to   space 1024K, 0% used [0x00000000d6680000,0x00000000d6680000,0x00000000d6780000)
 ParOldGen       total 113664K, used 113405K [0x0000000080000000, 0x0000000086f00000, 0x00000000d5580000)
  object space 113664K, 99% used [0x0000000080000000,0x0000000086ebf740,0x0000000086f00000)
 Metaspace       used 61000K, committed 62336K, reserved 1114112K
  class space    used 7098K, committed 7680K, reserved 1048576K
}
Event: 155.577 GC heap after
{Heap after GC invocations=168 (full 3):
 PSYoungGen      total 16384K, used 352K [0x00000000d5580000, 0x00000000d6880000, 0x0000000100000000)
  eden space 15360K, 0% used [0x00000000d5580000,0x00000000d5580000,0x00000000d6480000)
  from space 1024K, 34% used [0x00000000d6680000,0x00000000d66d8000,0x00000000d6780000)
  to   space 1024K, 0% used [0x00000000d6780000,0x00000000d6780000,0x00000000d6880000)
 ParOldGen       total 114176K, used 113741K [0x0000000080000000, 0x0000000086f80000, 0x00000000d5580000)
  object space 114176K, 99% used [0x0000000080000000,0x0000000086f13750,0x0000000086f80000)
 Metaspace       used 61000K, committed 62336K, reserved 1114112K
  class space    used 7098K, committed 7680K, reserved 1048576K
}
Event: 157.692 GC heap before
{Heap before GC invocations=169 (full 3):
 PSYoungGen      total 16384K, used 15711K [0x00000000d5580000, 0x00000000d6880000, 0x0000000100000000)
  eden space 15360K, 99% used [0x00000000d5580000,0x00000000d647ff90,0x00000000d6480000)
  from space 1024K, 34% used [0x00000000d6680000,0x00000000d66d8000,0x00000000d6780000)
  to   space 1024K, 0% used [0x00000000d6780000,0x00000000d6780000,0x00000000d6880000)
 ParOldGen       total 114176K, used 113741K [0x0000000080000000, 0x0000000086f80000, 0x00000000d5580000)
  object space 114176K, 99% used [0x0000000080000000,0x0000000086f13750,0x0000000086f80000)
 Metaspace       used 61142K, committed 62528K, reserved 1114112K
  class space    used 7103K, committed 7680K, reserved 1048576K
}
Event: 157.697 GC heap after
{Heap after GC invocations=169 (full 3):
 PSYoungGen      total 15872K, used 993K [0x00000000d5580000, 0x00000000d6b80000, 0x0000000100000000)
  eden space 14848K, 0% used [0x00000000d5580000,0x00000000d5580000,0x00000000d6400000)
  from space 1024K, 96% used [0x00000000d6780000,0x00000000d6878480,0x00000000d6880000)
  to   space 3584K, 0% used [0x00000000d6400000,0x00000000d6400000,0x00000000d6780000)
 ParOldGen       total 115712K, used 115691K [0x0000000080000000, 0x0000000087100000, 0x00000000d5580000)
  object space 115712K, 99% used [0x0000000080000000,0x00000000870fac50,0x0000000087100000)
 Metaspace       used 61142K, committed 62528K, reserved 1114112K
  class space    used 7103K, committed 7680K, reserved 1048576K
}
Event: 160.225 GC heap before
{Heap before GC invocations=170 (full 3):
 PSYoungGen      total 15872K, used 15841K [0x00000000d5580000, 0x00000000d6b80000, 0x0000000100000000)
  eden space 14848K, 100% used [0x00000000d5580000,0x00000000d6400000,0x00000000d6400000)
  from space 1024K, 96% used [0x00000000d6780000,0x00000000d6878480,0x00000000d6880000)
  to   space 3584K, 0% used [0x00000000d6400000,0x00000000d6400000,0x00000000d6780000)
 ParOldGen       total 115712K, used 115691K [0x0000000080000000, 0x0000000087100000, 0x00000000d5580000)
  object space 115712K, 99% used [0x0000000080000000,0x00000000870fac50,0x0000000087100000)
 Metaspace       used 61224K, committed 62656K, reserved 1114112K
  class space    used 7110K, committed 7680K, reserved 1048576K
}
Event: 160.239 GC heap after
{Heap after GC invocations=170 (full 3):
 PSYoungGen      total 16896K, used 1920K [0x00000000d5580000, 0x00000000d6900000, 0x0000000100000000)
  eden space 14848K, 0% used [0x00000000d5580000,0x00000000d5580000,0x00000000d6400000)
  from space 2048K, 93% used [0x00000000d6400000,0x00000000d65e0000,0x00000000d6600000)
  to   space 2560K, 0% used [0x00000000d6680000,0x00000000d6680000,0x00000000d6900000)
 ParOldGen       total 116736K, used 116524K [0x0000000080000000, 0x0000000087200000, 0x00000000d5580000)
  object space 116736K, 99% used [0x0000000080000000,0x00000000871cb1c0,0x0000000087200000)
 Metaspace       used 61224K, committed 62656K, reserved 1114112K
  class space    used 7110K, committed 7680K, reserved 1048576K
}
Event: 161.810 GC heap before
{Heap before GC invocations=171 (full 3):
 PSYoungGen      total 16896K, used 16760K [0x00000000d5580000, 0x00000000d6900000, 0x0000000100000000)
  eden space 14848K, 99% used [0x00000000d5580000,0x00000000d63fe3b0,0x00000000d6400000)
  from space 2048K, 93% used [0x00000000d6400000,0x00000000d65e0000,0x00000000d6600000)
  to   space 2560K, 0% used [0x00000000d6680000,0x00000000d6680000,0x00000000d6900000)
 ParOldGen       total 116736K, used 116524K [0x0000000080000000, 0x0000000087200000, 0x00000000d5580000)
  object space 116736K, 99% used [0x0000000080000000,0x00000000871cb1c0,0x0000000087200000)
 Metaspace       used 61268K, committed 62656K, reserved 1114112K
  class space    used 7110K, committed 7680K, reserved 1048576K
}
Event: 161.815 GC heap after
{Heap after GC invocations=171 (full 3):
 PSYoungGen      total 15360K, used 512K [0x00000000d5580000, 0x00000000d6700000, 0x0000000100000000)
  eden space 14848K, 0% used [0x00000000d5580000,0x00000000d5580000,0x00000000d6400000)
  from space 512K, 100% used [0x00000000d6680000,0x00000000d6700000,0x00000000d6700000)
  to   space 1536K, 0% used [0x00000000d6400000,0x00000000d6400000,0x00000000d6580000)
 ParOldGen       total 118784K, used 118316K [0x0000000080000000, 0x0000000087400000, 0x00000000d5580000)
  object space 118784K, 99% used [0x0000000080000000,0x000000008738b1d0,0x0000000087400000)
 Metaspace       used 61268K, committed 62656K, reserved 1114112K
  class space    used 7110K, committed 7680K, reserved 1048576K
}
Event: 162.448 GC heap before
{Heap before GC invocations=172 (full 3):
 PSYoungGen      total 15360K, used 15360K [0x00000000d5580000, 0x00000000d6700000, 0x0000000100000000)
  eden space 14848K, 100% used [0x00000000d5580000,0x00000000d6400000,0x00000000d6400000)
  from space 512K, 100% used [0x00000000d6680000,0x00000000d6700000,0x00000000d6700000)
  to   space 1536K, 0% used [0x00000000d6400000,0x00000000d6400000,0x00000000d6580000)
 ParOldGen       total 118784K, used 118316K [0x0000000080000000, 0x0000000087400000, 0x00000000d5580000)
  object space 118784K, 99% used [0x0000000080000000,0x000000008738b1d0,0x0000000087400000)
 Metaspace       used 61276K, committed 62784K, reserved 1114112K
  class space    used 7111K, committed 7744K, reserved 1048576K
}
Event: 162.451 GC heap after
{Heap after GC invocations=172 (full 3):
 PSYoungGen      total 16384K, used 416K [0x00000000d5580000, 0x00000000d6700000, 0x0000000100000000)
  eden space 14848K, 0% used [0x00000000d5580000,0x00000000d5580000,0x00000000d6400000)
  from space 1536K, 27% used [0x00000000d6400000,0x00000000d6468000,0x00000000d6580000)
  to   space 1024K, 0% used [0x00000000d6600000,0x00000000d6600000,0x00000000d6700000)
 ParOldGen       total 118784K, used 118672K [0x0000000080000000, 0x0000000087400000, 0x00000000d5580000)
  object space 118784K, 99% used [0x0000000080000000,0x00000000873e4200,0x0000000087400000)
 Metaspace       used 61276K, committed 62784K, reserved 1114112K
  class space    used 7111K, committed 7744K, reserved 1048576K
}
Event: 164.153 GC heap before
{Heap before GC invocations=173 (full 3):
 PSYoungGen      total 16384K, used 15256K [0x00000000d5580000, 0x00000000d6700000, 0x0000000100000000)
  eden space 14848K, 99% used [0x00000000d5580000,0x00000000d63fe050,0x00000000d6400000)
  from space 1536K, 27% used [0x00000000d6400000,0x00000000d6468000,0x00000000d6580000)
  to   space 1024K, 0% used [0x00000000d6600000,0x00000000d6600000,0x00000000d6700000)
 ParOldGen       total 118784K, used 118672K [0x0000000080000000, 0x0000000087400000, 0x00000000d5580000)
  object space 118784K, 99% used [0x0000000080000000,0x00000000873e4200,0x0000000087400000)
 Metaspace       used 61308K, committed 62784K, reserved 1114112K
  class space    used 7112K, committed 7744K, reserved 1048576K
}
Event: 164.155 GC heap after
{Heap after GC invocations=173 (full 3):
 PSYoungGen      total 15360K, used 464K [0x00000000d5580000, 0x00000000d6680000, 0x0000000100000000)
  eden space 14848K, 0% used [0x00000000d5580000,0x00000000d5580000,0x00000000d6400000)
  from space 512K, 90% used [0x00000000d6600000,0x00000000d6674030,0x00000000d6680000)
  to   space 512K, 0% used [0x00000000d6580000,0x00000000d6580000,0x00000000d6600000)
 ParOldGen       total 119296K, used 118944K [0x0000000080000000, 0x0000000087480000, 0x00000000d5580000)
  object space 119296K, 99% used [0x0000000080000000,0x0000000087428240,0x0000000087480000)
 Metaspace       used 61308K, committed 62784K, reserved 1114112K
  class space    used 7112K, committed 7744K, reserved 1048576K
}
Event: 167.856 GC heap before
{Heap before GC invocations=174 (full 3):
 PSYoungGen      total 15360K, used 15312K [0x00000000d5580000, 0x00000000d6680000, 0x0000000100000000)
  eden space 14848K, 100% used [0x00000000d5580000,0x00000000d6400000,0x00000000d6400000)
  from space 512K, 90% used [0x00000000d6600000,0x00000000d6674030,0x00000000d6680000)
  to   space 512K, 0% used [0x00000000d6580000,0x00000000d6580000,0x00000000d6600000)
 ParOldGen       total 119296K, used 118944K [0x0000000080000000, 0x0000000087480000, 0x00000000d5580000)
  object space 119296K, 99% used [0x0000000080000000,0x0000000087428240,0x0000000087480000)
 Metaspace       used 61323K, committed 62784K, reserved 1114112K
  class space    used 7112K, committed 7744K, reserved 1048576K
}
Event: 167.859 GC heap after
{Heap after GC invocations=174 (full 3):
 PSYoungGen      total 15360K, used 448K [0x00000000d5580000, 0x00000000d6680000, 0x0000000100000000)
  eden space 14848K, 0% used [0x00000000d5580000,0x00000000d5580000,0x00000000d6400000)
  from space 512K, 87% used [0x00000000d6580000,0x00000000d65f0000,0x00000000d6600000)
  to   space 512K, 0% used [0x00000000d6600000,0x00000000d6600000,0x00000000d6680000)
 ParOldGen       total 119808K, used 119296K [0x0000000080000000, 0x0000000087500000, 0x00000000d5580000)
  object space 119808K, 99% used [0x0000000080000000,0x00000000874802d0,0x0000000087500000)
 Metaspace       used 61323K, committed 62784K, reserved 1114112K
  class space    used 7112K, committed 7744K, reserved 1048576K
}

Dll operation events (20 events):
Event: 1.110 Attempting to load shared library C:\Users\welcome\.vscode\extensions\redhat.java-1.56.0-win32-x64\jre\21.0.12.1-win32-x86_64\bin\nio.dll
Event: 1.111 Loaded shared library C:\Users\welcome\.vscode\extensions\redhat.java-1.56.0-win32-x64\jre\21.0.12.1-win32-x86_64\bin\nio.dll
Event: 1.194 Attempting to load shared library C:\Users\welcome\.vscode\extensions\redhat.java-1.56.0-win32-x64\jre\21.0.12.1-win32-x86_64\bin\zip.dll
Event: 1.194 Loaded shared library C:\Users\welcome\.vscode\extensions\redhat.java-1.56.0-win32-x64\jre\21.0.12.1-win32-x86_64\bin\zip.dll
Event: 1.359 Attempting to load shared library C:\Users\welcome\.vscode\extensions\redhat.java-1.56.0-win32-x64\jre\21.0.12.1-win32-x86_64\bin\jimage.dll
Event: 1.359 Loaded shared library C:\Users\welcome\.vscode\extensions\redhat.java-1.56.0-win32-x64\jre\21.0.12.1-win32-x86_64\bin\jimage.dll
Event: 2.131 Attempting to load shared library c:\Users\welcome\.vscode\extensions\redhat.java-1.56.0-win32-x64\jre\21.0.12.1-win32-x86_64\bin\verify.dll
Event: 2.132 Loaded shared library c:\Users\welcome\.vscode\extensions\redhat.java-1.56.0-win32-x64\jre\21.0.12.1-win32-x86_64\bin\verify.dll
Event: 13.380 Attempting to load shared library C:\Users\welcome\AppData\Roaming\Code\User\globalStorage\redhat.java\1.56.0\config_win\org.eclipse.equinox.launcher\org.eclipse.equinox.launcher.win32.win32.x86_64_1.3.100.v20260804-1928\eclipse_11924.dll
Event: 13.388 Loaded shared library C:\Users\welcome\AppData\Roaming\Code\User\globalStorage\redhat.java\1.56.0\config_win\org.eclipse.equinox.launcher\org.eclipse.equinox.launcher.win32.win32.x86_64_1.3.100.v20260804-1928\eclipse_11924.dll
Event: 31.324 Attempting to load shared library C:\Users\welcome\AppData\Local\Temp\jna-1233099618\jna5705963601151095864.dll
Event: 34.635 Loaded shared library C:\Users\welcome\AppData\Local\Temp\jna-1233099618\jna5705963601151095864.dll
Event: 78.635 Attempting to load shared library C:\Users\welcome\.gradle\native\c067742578af261105cb4f569cf0c3c89f3d7b1fecec35dd04571415982c5e48\windows-amd64\native-platform.dll
Event: 78.642 Loaded shared library C:\Users\welcome\.gradle\native\c067742578af261105cb4f569cf0c3c89f3d7b1fecec35dd04571415982c5e48\windows-amd64\native-platform.dll
Event: 103.662 Attempting to load shared library C:\Users\welcome\.vscode\extensions\redhat.java-1.56.0-win32-x64\jre\21.0.12.1-win32-x86_64\bin\management.dll
Event: 103.670 Loaded shared library C:\Users\welcome\.vscode\extensions\redhat.java-1.56.0-win32-x64\jre\21.0.12.1-win32-x86_64\bin\management.dll
Event: 103.684 Attempting to load shared library C:\Users\welcome\.vscode\extensions\redhat.java-1.56.0-win32-x64\jre\21.0.12.1-win32-x86_64\bin\management_ext.dll
Event: 103.687 Loaded shared library C:\Users\welcome\.vscode\extensions\redhat.java-1.56.0-win32-x64\jre\21.0.12.1-win32-x86_64\bin\management_ext.dll
Event: 153.283 Attempting to load shared library C:\Users\welcome\.vscode\extensions\redhat.java-1.56.0-win32-x64\jre\21.0.12.1-win32-x86_64\bin\extnet.dll
Event: 153.573 Loaded shared library C:\Users\welcome\.vscode\extensions\redhat.java-1.56.0-win32-x64\jre\21.0.12.1-win32-x86_64\bin\extnet.dll

Deoptimization events (20 events):
Event: 159.483 Thread 0x0000018adbd3e460 DEOPT PACKING pc=0x0000018a88108264 sp=0x00000029c14fefc0
Event: 159.483 Thread 0x0000018adbd3e460 DEOPT UNPACKING pc=0x0000018a87583aa2 sp=0x00000029c14fef40 mode 2
Event: 159.625 Thread 0x0000018adc3ee020 DEOPT PACKING pc=0x0000018a811c5dfd sp=0x00000029bf7ff310
Event: 159.625 Thread 0x0000018adc3ee020 DEOPT UNPACKING pc=0x0000018a87584242 sp=0x00000029bf7fe7c0 mode 0
Event: 159.677 Thread 0x0000018ad4aec4f0 Uncommon trap: trap_request=0xffffff45 fr.pc=0x0000018a8808ddbc relative=0x0000000000001bfc
Event: 159.677 Thread 0x0000018ad4aec4f0 Uncommon trap: reason=unstable_if action=reinterpret pc=0x0000018a8808ddbc method=org.eclipse.core.runtime.Path.<init>(Ljava/lang/String;Z)V @ 58 c2
Event: 159.677 Thread 0x0000018ad4aec4f0 DEOPT PACKING pc=0x0000018a8808ddbc sp=0x00000029be2fee70
Event: 159.677 Thread 0x0000018ad4aec4f0 DEOPT UNPACKING pc=0x0000018a87583aa2 sp=0x00000029be2fee50 mode 2
Event: 159.883 Thread 0x0000018adc3ee020 DEOPT PACKING pc=0x0000018a811c5dfd sp=0x00000029bf7ff310
Event: 159.883 Thread 0x0000018adc3ee020 DEOPT UNPACKING pc=0x0000018a87584242 sp=0x00000029bf7fe7c0 mode 0
Event: 160.011 Thread 0x0000018adc3ee020 DEOPT PACKING pc=0x0000018a811c5dfd sp=0x00000029bf7ff310
Event: 160.011 Thread 0x0000018adc3ee020 DEOPT UNPACKING pc=0x0000018a87584242 sp=0x00000029bf7fe7c0 mode 0
Event: 160.142 Thread 0x0000018adc3ee020 DEOPT PACKING pc=0x0000018a811c5dfd sp=0x00000029bf7ff310
Event: 160.142 Thread 0x0000018adc3ee020 DEOPT UNPACKING pc=0x0000018a87584242 sp=0x00000029bf7fe7c0 mode 0
Event: 160.333 Thread 0x0000018adc3ee020 DEOPT PACKING pc=0x0000018a811c5dfd sp=0x00000029bf7ff310
Event: 160.333 Thread 0x0000018adc3ee020 DEOPT UNPACKING pc=0x0000018a87584242 sp=0x00000029bf7fe7c0 mode 0
Event: 160.463 Thread 0x0000018adc3ee020 DEOPT PACKING pc=0x0000018a811c5dfd sp=0x00000029bf7ff310
Event: 160.464 Thread 0x0000018adc3ee020 DEOPT UNPACKING pc=0x0000018a87584242 sp=0x00000029bf7fe7c0 mode 0
Event: 167.894 Thread 0x0000018ad49d5070 DEOPT PACKING pc=0x0000018a80d8b6fe sp=0x00000029be0fe450
Event: 167.894 Thread 0x0000018ad49d5070 DEOPT UNPACKING pc=0x0000018a87584242 sp=0x00000029be0fd8c0 mode 0

Classes loaded (20 events):
Event: 156.172 Loading class java/lang/ProcessBuilder$NullInputStream
Event: 156.173 Loading class java/lang/ProcessBuilder$NullInputStream done
Event: 156.179 Loading class java/util/Scanner
Event: 156.263 Loading class java/util/Scanner done
Event: 156.273 Loading class java/util/Scanner$PatternLRUCache
Event: 156.274 Loading class java/util/Scanner$PatternLRUCache done
Event: 158.785 Loading class java/util/regex/Matcher$ImmutableMatchResult
Event: 158.798 Loading class java/util/regex/Matcher$ImmutableMatchResult done
Event: 159.636 Loading class java/util/AbstractList$RandomAccessSubList
Event: 159.637 Loading class java/util/AbstractList$SubList
Event: 159.638 Loading class java/util/AbstractList$SubList done
Event: 159.638 Loading class java/util/AbstractList$RandomAccessSubList done
Event: 159.638 Loading class java/util/AbstractList$SubList$1
Event: 159.638 Loading class java/util/AbstractList$SubList$1 done
Event: 159.640 Loading class java/util/LinkedList$LLSpliterator
Event: 159.641 Loading class java/util/LinkedList$LLSpliterator done
Event: 163.075 Loading class sun/nio/ch/ChannelOutputStream
Event: 163.078 Loading class sun/nio/ch/ChannelOutputStream done
Event: 163.080 Loading class sun/nio/fs/WindowsFileCopy
Event: 163.085 Loading class sun/nio/fs/WindowsFileCopy done

Classes unloaded (15 events):
Event: 38.895 Thread 0x0000018afbd4d410 Unloading class 0x0000018a941ad400 'java/lang/invoke/LambdaForm$MH+0x0000018a941ad400'
Event: 38.895 Thread 0x0000018afbd4d410 Unloading class 0x0000018a941ad000 'java/lang/invoke/LambdaForm$MH+0x0000018a941ad000'
Event: 38.895 Thread 0x0000018afbd4d410 Unloading class 0x0000018a941acc00 'java/lang/invoke/LambdaForm$MH+0x0000018a941acc00'
Event: 38.895 Thread 0x0000018afbd4d410 Unloading class 0x0000018a941ac800 'java/lang/invoke/LambdaForm$MH+0x0000018a941ac800'
Event: 38.895 Thread 0x0000018afbd4d410 Unloading class 0x0000018a941ac400 'java/lang/invoke/LambdaForm$BMH+0x0000018a941ac400'
Event: 38.895 Thread 0x0000018afbd4d410 Unloading class 0x0000018a941ac000 'java/lang/invoke/LambdaForm$DMH+0x0000018a941ac000'
Event: 38.895 Thread 0x0000018afbd4d410 Unloading class 0x0000018a941aac00 'java/lang/invoke/LambdaForm$DMH+0x0000018a941aac00'
Event: 51.776 Thread 0x0000018afbd4d410 Unloading class 0x0000018a942bd000 'java/lang/invoke/LambdaForm$MH+0x0000018a942bd000'
Event: 51.777 Thread 0x0000018afbd4d410 Unloading class 0x0000018a942bc400 'java/lang/invoke/LambdaForm$MH+0x0000018a942bc400'
Event: 51.777 Thread 0x0000018afbd4d410 Unloading class 0x0000018a942b8000 'java/lang/invoke/LambdaForm$MH+0x0000018a942b8000'
Event: 51.777 Thread 0x0000018afbd4d410 Unloading class 0x0000018a942b7400 'java/lang/invoke/LambdaForm$MH+0x0000018a942b7400'
Event: 51.777 Thread 0x0000018afbd4d410 Unloading class 0x0000018a942b6c00 'java/lang/invoke/LambdaForm$MH+0x0000018a942b6c00'
Event: 51.777 Thread 0x0000018afbd4d410 Unloading class 0x0000018a942b5c00 'java/lang/invoke/LambdaForm$MH+0x0000018a942b5c00'
Event: 51.777 Thread 0x0000018afbd4d410 Unloading class 0x0000018a942b5400 'java/lang/invoke/LambdaForm$MH+0x0000018a942b5400'
Event: 51.777 Thread 0x0000018afbd4d410 Unloading class 0x0000018a942b5000 'java/lang/invoke/LambdaForm$MH+0x0000018a942b5000'

Classes redefined (0 events):
No events

Internal exceptions (20 events):
Event: 167.090 Thread 0x0000018adbd40530 Exception <a 'sun/nio/fs/WindowsException'{0x00000000d62ffb28}> (0x00000000d62ffb28) 
thrown [s\src\hotspot\share\prims\jni.cpp, line 520]
Event: 167.091 Thread 0x0000018adbd40530 Exception <a 'sun/nio/fs/WindowsException'{0x00000000d6304e68}> (0x00000000d6304e68) 
thrown [s\src\hotspot\share\prims\jni.cpp, line 520]
Event: 167.092 Thread 0x0000018adbd40530 Exception <a 'sun/nio/fs/WindowsException'{0x00000000d63088e8}> (0x00000000d63088e8) 
thrown [s\src\hotspot\share\prims\jni.cpp, line 520]
Event: 167.093 Thread 0x0000018adbd40530 Exception <a 'sun/nio/fs/WindowsException'{0x00000000d630c810}> (0x00000000d630c810) 
thrown [s\src\hotspot\share\prims\jni.cpp, line 520]
Event: 167.094 Thread 0x0000018adbd40530 Exception <a 'sun/nio/fs/WindowsException'{0x00000000d6310440}> (0x00000000d6310440) 
thrown [s\src\hotspot\share\prims\jni.cpp, line 520]
Event: 167.095 Thread 0x0000018adbd40530 Exception <a 'sun/nio/fs/WindowsException'{0x00000000d63141e0}> (0x00000000d63141e0) 
thrown [s\src\hotspot\share\prims\jni.cpp, line 520]
Event: 167.095 Thread 0x0000018adbd40530 Exception <a 'sun/nio/fs/WindowsException'{0x00000000d6317598}> (0x00000000d6317598) 
thrown [s\src\hotspot\share\prims\jni.cpp, line 520]
Event: 167.096 Thread 0x0000018adbd40530 Exception <a 'sun/nio/fs/WindowsException'{0x00000000d631adc0}> (0x00000000d631adc0) 
thrown [s\src\hotspot\share\prims\jni.cpp, line 520]
Event: 167.150 Thread 0x0000018adbd40530 Exception <a 'sun/nio/fs/WindowsException'{0x00000000d6327940}> (0x00000000d6327940) 
thrown [s\src\hotspot\share\prims\jni.cpp, line 520]
Event: 167.151 Thread 0x0000018adbd40530 Exception <a 'sun/nio/fs/WindowsException'{0x00000000d632b730}> (0x00000000d632b730) 
thrown [s\src\hotspot\share\prims\jni.cpp, line 520]
Event: 167.154 Thread 0x0000018adbd40530 Exception <a 'sun/nio/fs/WindowsException'{0x00000000d632f6e0}> (0x00000000d632f6e0) 
thrown [s\src\hotspot\share\prims\jni.cpp, line 520]
Event: 167.169 Thread 0x0000018adbd40530 Exception <a 'sun/nio/fs/WindowsException'{0x00000000d6338518}> (0x00000000d6338518) 
thrown [s\src\hotspot\share\prims\jni.cpp, line 520]
Event: 167.357 Thread 0x0000018adbd40530 Exception <a 'sun/nio/fs/WindowsException'{0x00000000d63589e0}> (0x00000000d63589e0) 
thrown [s\src\hotspot\share\prims\jni.cpp, line 520]
Event: 167.359 Thread 0x0000018adbd40530 Exception <a 'sun/nio/fs/WindowsException'{0x00000000d635c908}> (0x00000000d635c908) 
thrown [s\src\hotspot\share\prims\jni.cpp, line 520]
Event: 167.363 Thread 0x0000018adbd40530 Exception <a 'sun/nio/fs/WindowsException'{0x00000000d6365ab0}> (0x00000000d6365ab0) 
thrown [s\src\hotspot\share\prims\jni.cpp, line 520]
Event: 167.368 Thread 0x0000018adbd40530 Exception <a 'sun/nio/fs/WindowsException'{0x00000000d6376218}> (0x00000000d6376218) 
thrown [s\src\hotspot\share\prims\jni.cpp, line 520]
Event: 167.368 Thread 0x0000018adbd40530 Exception <a 'sun/nio/fs/WindowsException'{0x00000000d637a140}> (0x00000000d637a140) 
thrown [s\src\hotspot\share\prims\jni.cpp, line 520]
Event: 168.171 Thread 0x0000018adbd40530 Exception <a 'sun/nio/fs/WindowsException'{0x00000000d573d2e0}> (0x00000000d573d2e0) 
thrown [s\src\hotspot\share\prims\jni.cpp, line 520]
Event: 168.173 Thread 0x0000018adbd40530 Exception <a 'sun/nio/fs/WindowsException'{0x00000000d5740960}> (0x00000000d5740960) 
thrown [s\src\hotspot\share\prims\jni.cpp, line 520]
Event: 168.175 Thread 0x0000018adbd40530 Exception <a 'sun/nio/fs/WindowsException'{0x00000000d5744148}> (0x00000000d5744148) 
thrown [s\src\hotspot\share\prims\jni.cpp, line 520]

ZGC Phase Switch (0 events):
No events

VM Operations (20 events):
Event: 158.697 Executing safepoint VM operation: Cleanup
Event: 158.698 Executing safepoint VM operation: Cleanup done
Event: 159.698 Executing safepoint VM operation: Cleanup
Event: 159.810 Executing safepoint VM operation: Cleanup done
Event: 160.177 Executing safepoint VM operation: ParallelGCFailedAllocation (Allocation Failure)
Event: 160.239 Executing safepoint VM operation: ParallelGCFailedAllocation (Allocation Failure) done
Event: 161.240 Executing safepoint VM operation: Cleanup
Event: 161.381 Executing safepoint VM operation: Cleanup done
Event: 161.718 Executing safepoint VM operation: ParallelGCFailedAllocation (Allocation Failure)
Event: 161.815 Executing safepoint VM operation: ParallelGCFailedAllocation (Allocation Failure) done
Event: 162.445 Executing safepoint VM operation: ParallelGCFailedAllocation (Allocation Failure)
Event: 162.451 Executing safepoint VM operation: ParallelGCFailedAllocation (Allocation Failure) done
Event: 163.451 Executing safepoint VM operation: Cleanup
Event: 163.896 Executing safepoint VM operation: Cleanup done
Event: 163.960 Executing safepoint VM operation: ParallelGCFailedAllocation (Allocation Failure)
Event: 164.155 Executing safepoint VM operation: ParallelGCFailedAllocation (Allocation Failure) done
Event: 166.155 Executing safepoint VM operation: Cleanup
Event: 166.305 Executing safepoint VM operation: Cleanup done
Event: 167.623 Executing safepoint VM operation: ParallelGCFailedAllocation (Allocation Failure)
Event: 167.859 Executing safepoint VM operation: ParallelGCFailedAllocation (Allocation Failure) done

Memory protections (0 events):
No events

Nmethod flushes (20 events):
Event: 133.943 Thread 0x0000018afbd4d410 flushing  nmethod 0x0000018a808eb710
Event: 133.943 Thread 0x0000018afbd4d410 flushing  nmethod 0x0000018a808ee490
Event: 133.943 Thread 0x0000018afbd4d410 flushing  nmethod 0x0000018a808ffe10
Event: 133.943 Thread 0x0000018afbd4d410 flushing  nmethod 0x0000018a80916f10
Event: 133.943 Thread 0x0000018afbd4d410 flushing  nmethod 0x0000018a80917f90
Event: 133.943 Thread 0x0000018afbd4d410 flushing  nmethod 0x0000018a8091cc10
Event: 133.943 Thread 0x0000018afbd4d410 flushing  nmethod 0x0000018a80931790
Event: 133.943 Thread 0x0000018afbd4d410 flushing  nmethod 0x0000018a80937a90
Event: 133.943 Thread 0x0000018afbd4d410 flushing  nmethod 0x0000018a8095ef90
Event: 133.943 Thread 0x0000018afbd4d410 flushing  nmethod 0x0000018a8098a590
Event: 133.943 Thread 0x0000018afbd4d410 flushing  nmethod 0x0000018a80990a10
Event: 133.943 Thread 0x0000018afbd4d410 flushing  nmethod 0x0000018a80992590
Event: 133.943 Thread 0x0000018afbd4d410 flushing  nmethod 0x0000018a80994510
Event: 133.943 Thread 0x0000018afbd4d410 flushing  nmethod 0x0000018a80995910
Event: 133.943 Thread 0x0000018afbd4d410 flushing  nmethod 0x0000018a8099a610
Event: 133.943 Thread 0x0000018afbd4d410 flushing  nmethod 0x0000018a809ad910
Event: 133.943 Thread 0x0000018afbd4d410 flushing  nmethod 0x0000018a809ee490
Event: 133.943 Thread 0x0000018afbd4d410 flushing  nmethod 0x0000018a809eea90
Event: 133.943 Thread 0x0000018afbd4d410 flushing  nmethod 0x0000018a809ef310
Event: 133.943 Thread 0x0000018afbd4d410 flushing  nmethod 0x0000018a809f0e10

Events (20 events):
Event: 164.991 Thread 0x0000018adbd3eaf0 Thread added: 0x0000018adbd3f810
Event: 165.018 Thread 0x0000018adbd3ddd0 Thread exited: 0x0000018adbd3ddd0
Event: 165.090 Thread 0x0000018adbd40bc0 Thread added: 0x0000018adbd3ddd0
Event: 165.090 Thread 0x0000018adbd40bc0 Thread added: 0x0000018adcd40a70
Event: 165.113 Thread 0x0000018adbd3ddd0 Thread exited: 0x0000018adbd3ddd0
Event: 165.190 Thread 0x0000018adbd40530 Thread added: 0x0000018adcd403e0
Event: 165.192 Thread 0x0000018adbd40530 Thread added: 0x0000018adcd41100
Event: 165.759 Thread 0x0000018adcd41100 Thread exited: 0x0000018adcd41100
Event: 166.065 Thread 0x0000018adbd44d60 Thread added: 0x0000018adcd3f030
Event: 166.391 Thread 0x0000018adcd3f030 Thread added: 0x0000018adcd41100
Event: 166.391 Thread 0x0000018adcd3f030 Thread added: 0x0000018adcd3f6c0
Event: 166.413 Thread 0x0000018adcd41100 Thread exited: 0x0000018adcd41100
Event: 167.455 Thread 0x0000018adbd44040 Thread added: 0x0000018adcd41100
Event: 167.573 Thread 0x0000018adbd418e0 Thread exited: 0x0000018adbd418e0
Event: 167.573 Thread 0x0000018adbd43320 Thread exited: 0x0000018adbd43320
Event: 167.611 Thread 0x0000018adbd3eaf0 Thread exited: 0x0000018adbd3eaf0
Event: 167.612 Thread 0x0000018adbd3f810 Thread exited: 0x0000018adbd3f810
Event: 167.860 Thread 0x0000018adc985bb0 Thread exited: 0x0000018adc985bb0
Event: 167.861 Thread 0x0000018adc9868d0 Thread exited: 0x0000018adc9868d0
Event: 168.176 Thread 0x0000018adbd3f180 Thread exited: 0x0000018adbd3f180


Dynamic libraries:
0x00007ff6ae270000 - 0x00007ff6ae27e000 	c:\Users\welcome\.vscode\extensions\redhat.java-1.56.0-win32-x64\jre\21.0.12.1-win32-x86_64\bin\java.exe
0x00007ffa996d0000 - 0x00007ffa998c9000 	C:\Windows\SYSTEM32\ntdll.dll
0x00007ffa97db0000 - 0x00007ffa97e72000 	C:\Windows\System32\KERNEL32.DLL
0x00007ffa96dd0000 - 0x00007ffa970c7000 	C:\Windows\System32\KERNELBASE.dll
0x00007ffa94200000 - 0x00007ffa94294000 	C:\Windows\SYSTEM32\apphelp.dll
0x00007ffa971f0000 - 0x00007ffa972f0000 	C:\Windows\System32\ucrtbase.dll
0x00007ffa8bc80000 - 0x00007ffa8bc98000 	c:\Users\welcome\.vscode\extensions\redhat.java-1.56.0-win32-x64\jre\21.0.12.1-win32-x86_64\bin\jli.dll
0x00007ffa97b50000 - 0x00007ffa97ced000 	C:\Windows\System32\USER32.dll
0x00007ffa97600000 - 0x00007ffa97622000 	C:\Windows\System32\win32u.dll
0x00007ffa97710000 - 0x00007ffa9773b000 	C:\Windows\System32\GDI32.dll
0x00007ffa97450000 - 0x00007ffa9756a000 	C:\Windows\System32\gdi32full.dll
0x00007ffa97120000 - 0x00007ffa971bd000 	C:\Windows\System32\msvcp_win.dll
0x00007ffa8bbf0000 - 0x00007ffa8bc0e000 	c:\Users\welcome\.vscode\extensions\redhat.java-1.56.0-win32-x64\jre\21.0.12.1-win32-x86_64\bin\VCRUNTIME140.dll
0x00007ffa83740000 - 0x00007ffa839db000 	C:\Windows\WinSxS\amd64_microsoft.windows.common-controls_6595b64144ccf1df_6.0.19041.7663_none_60b9ed0b71f50c93\COMCTL32.dll
0x00007ffa99520000 - 0x00007ffa995be000 	C:\Windows\System32\msvcrt.dll
0x00007ffa98400000 - 0x00007ffa9842f000 	C:\Windows\System32\IMM32.DLL
0x00007ffa8bf80000 - 0x00007ffa8bf8c000 	c:\Users\welcome\.vscode\extensions\redhat.java-1.56.0-win32-x64\jre\21.0.12.1-win32-x86_64\bin\vcruntime140_1.dll
0x00007ffa812e0000 - 0x00007ffa8136d000 	c:\Users\welcome\.vscode\extensions\redhat.java-1.56.0-win32-x64\jre\21.0.12.1-win32-x86_64\bin\msvcp140.dll
0x00007ffa17f40000 - 0x00007ffa18ce2000 	c:\Users\welcome\.vscode\extensions\redhat.java-1.56.0-win32-x64\jre\21.0.12.1-win32-x86_64\bin\server\jvm.dll
0x00007ffa995d0000 - 0x00007ffa99682000 	C:\Windows\System32\ADVAPI32.dll
0x00007ffa99480000 - 0x00007ffa99520000 	C:\Windows\System32\sechost.dll
0x00007ffa99270000 - 0x00007ffa99396000 	C:\Windows\System32\RPCRT4.dll
0x00007ffa971c0000 - 0x00007ffa971e7000 	C:\Windows\System32\bcrypt.dll
0x00007ffa97ad0000 - 0x00007ffa97b43000 	C:\Windows\System32\WS2_32.dll
0x00007ffa96b70000 - 0x00007ffa96bbb000 	C:\Windows\SYSTEM32\POWRPROF.dll
0x00007ffa81610000 - 0x00007ffa81637000 	C:\Windows\SYSTEM32\WINMM.dll
0x00007ffa902f0000 - 0x00007ffa902fa000 	C:\Windows\SYSTEM32\VERSION.dll
0x00007ffa96b50000 - 0x00007ffa96b62000 	C:\Windows\SYSTEM32\UMPDC.dll
0x00007ffa94a50000 - 0x00007ffa94a62000 	C:\Windows\SYSTEM32\kernel.appcore.dll
0x00007ffa8bc70000 - 0x00007ffa8bc7a000 	c:\Users\welcome\.vscode\extensions\redhat.java-1.56.0-win32-x64\jre\21.0.12.1-win32-x86_64\bin\jimage.dll
0x00007ffa81650000 - 0x00007ffa8185b000 	C:\Windows\SYSTEM32\DBGHELP.DLL
0x00007ffa7e270000 - 0x00007ffa7e2a5000 	C:\Windows\SYSTEM32\dbgcore.DLL
0x00007ffa97570000 - 0x00007ffa975f2000 	C:\Windows\System32\bcryptPrimitives.dll
0x00007ffa812a0000 - 0x00007ffa812af000 	c:\Users\welcome\.vscode\extensions\redhat.java-1.56.0-win32-x64\jre\21.0.12.1-win32-x86_64\bin\instrument.dll
0x00007ffa8bbd0000 - 0x00007ffa8bbf0000 	c:\Users\welcome\.vscode\extensions\redhat.java-1.56.0-win32-x64\jre\21.0.12.1-win32-x86_64\bin\java.dll
0x00007ffa98940000 - 0x00007ffa990b1000 	C:\Windows\System32\SHELL32.dll
0x00007ffa94d40000 - 0x00007ffa954ec000 	C:\Windows\SYSTEM32\windows.storage.dll
0x00007ffa97f60000 - 0x00007ffa982b4000 	C:\Windows\System32\combase.dll
0x00007ffa96670000 - 0x00007ffa9669b000 	C:\Windows\SYSTEM32\Wldp.dll
0x00007ffa977c0000 - 0x00007ffa9786d000 	C:\Windows\System32\SHCORE.dll
0x00007ffa976b0000 - 0x00007ffa9770b000 	C:\Windows\System32\shlwapi.dll
0x00007ffa96c40000 - 0x00007ffa96c65000 	C:\Windows\SYSTEM32\profapi.dll
0x00007ffa82320000 - 0x00007ffa82338000 	c:\Users\welcome\.vscode\extensions\redhat.java-1.56.0-win32-x64\jre\21.0.12.1-win32-x86_64\bin\zip.dll
0x00007ffa812d0000 - 0x00007ffa812e0000 	C:\Users\welcome\.vscode\extensions\redhat.java-1.56.0-win32-x64\jre\21.0.12.1-win32-x86_64\bin\net.dll
0x00007ffa8e1f0000 - 0x00007ffa8e2fd000 	C:\Windows\SYSTEM32\WINHTTP.dll
0x00007ffa96380000 - 0x00007ffa963ea000 	C:\Windows\system32\mswsock.dll
0x00007ffa812b0000 - 0x00007ffa812c6000 	C:\Users\welcome\.vscode\extensions\redhat.java-1.56.0-win32-x64\jre\21.0.12.1-win32-x86_64\bin\nio.dll
0x00007ffa81080000 - 0x00007ffa81090000 	c:\Users\welcome\.vscode\extensions\redhat.java-1.56.0-win32-x64\jre\21.0.12.1-win32-x86_64\bin\verify.dll
0x00007ffa6e0e0000 - 0x00007ffa6e125000 	C:\Users\welcome\AppData\Roaming\Code\User\globalStorage\redhat.java\1.56.0\config_win\org.eclipse.equinox.launcher\org.eclipse.equinox.launcher.win32.win32.x86_64_1.3.100.v20260804-1928\eclipse_11924.dll
0x00007ffa982c0000 - 0x00007ffa983ec000 	C:\Windows\System32\ole32.dll
0x00007ffa965d0000 - 0x00007ffa965e8000 	C:\Windows\SYSTEM32\CRYPTSP.dll
0x00007ffa95c80000 - 0x00007ffa95cb8000 	C:\Windows\system32\rsaenh.dll
0x00007ffa96bc0000 - 0x00007ffa96bee000 	C:\Windows\SYSTEM32\USERENV.dll
0x00007ffa965c0000 - 0x00007ffa965cc000 	C:\Windows\SYSTEM32\CRYPTBASE.dll
0x00007ffa96050000 - 0x00007ffa9608b000 	C:\Windows\SYSTEM32\IPHLPAPI.DLL
0x00007ffa983f0000 - 0x00007ffa983f8000 	C:\Windows\System32\NSI.dll
0x00007ffa5d7a0000 - 0x00007ffa5d7e9000 	C:\Users\welcome\AppData\Local\Temp\jna-1233099618\jna5705963601151095864.dll
0x00007ffa995c0000 - 0x00007ffa995c8000 	C:\Windows\System32\PSAPI.DLL
0x00007ffa8f6b0000 - 0x00007ffa8f6c7000 	C:\Windows\SYSTEM32\dhcpcsvc6.DLL
0x00007ffa8f500000 - 0x00007ffa8f51d000 	C:\Windows\SYSTEM32\dhcpcsvc.DLL
0x00007ffa6ff70000 - 0x00007ffa6ff97000 	C:\Users\welcome\.gradle\native\c067742578af261105cb4f569cf0c3c89f3d7b1fecec35dd04571415982c5e48\windows-amd64\native-platform.dll
0x00007ffa7df70000 - 0x00007ffa7df7a000 	C:\Users\welcome\.vscode\extensions\redhat.java-1.56.0-win32-x64\jre\21.0.12.1-win32-x86_64\bin\management.dll
0x00007ffa7aeb0000 - 0x00007ffa7aebc000 	C:\Users\welcome\.vscode\extensions\redhat.java-1.56.0-win32-x64\jre\21.0.12.1-win32-x86_64\bin\management_ext.dll
0x00007ffa7e310000 - 0x00007ffa7e319000 	C:\Users\welcome\.vscode\extensions\redhat.java-1.56.0-win32-x64\jre\21.0.12.1-win32-x86_64\bin\extnet.dll

JVMTI agents:
c:\Users\welcome\.vscode\extensions\redhat.java-1.56.0-win32-x64\lombok\lombok-1.18.39-4050.jar path:c:\Users\welcome\.vscode\extensions\redhat.java-1.56.0-win32-x64\jre\21.0.12.1-win32-x86_64\bin\instrument.dll, loaded, initialized, instrumentlib options:none

dbghelp: loaded successfully - version: 4.0.5 - missing functions: none
symbol engine: initialized successfully - sym options: 0x614 - pdb path: .;c:\Users\welcome\.vscode\extensions\redhat.java-1.56.0-win32-x64\jre\21.0.12.1-win32-x86_64\bin;C:\Windows\SYSTEM32;C:\Windows\WinSxS\amd64_microsoft.windows.common-controls_6595b64144ccf1df_6.0.19041.7663_none_60b9ed0b71f50c93;c:\Users\welcome\.vscode\extensions\redhat.java-1.56.0-win32-x64\jre\21.0.12.1-win32-x86_64\bin\server;C:\Users\welcome\AppData\Roaming\Code\User\globalStorage\redhat.java\1.56.0\config_win\org.eclipse.equinox.launcher\org.eclipse.equinox.launcher.win32.win32.x86_64_1.3.100.v20260804-1928;C:\Users\welcome\AppData\Local\Temp\jna-1233099618;C:\Users\welcome\.gradle\native\c067742578af261105cb4f569cf0c3c89f3d7b1fecec35dd04571415982c5e48\windows-amd64

VM Arguments:
jvm_args: --add-modules=ALL-SYSTEM --add-opens=java.base/java.util=ALL-UNNAMED --add-opens=java.base/java.lang=ALL-UNNAMED --add-opens=java.base/sun.nio.fs=ALL-UNNAMED -Declipse.application=org.eclipse.jdt.ls.core.id1 -Dosgi.bundles.defaultStartLevel=4 -Declipse.product=org.eclipse.jdt.ls.core.product -Djava.import.generatesMetadataFilesAtProjectRoot=false -Dm2e.project.cache.size=50 -DDetectVMInstallationsJob.disabled=true -Dfile.encoding=utf8 -XX:+UseParallelGC -XX:GCTimeRatio=4 -XX:AdaptiveSizePolicyWeight=90 -Dsun.zip.disableMemoryMapping=true -Xmx2G -Xms100m -Xlog:disable -javaagent:c:\Users\welcome\.vscode\extensions\redhat.java-1.56.0-win32-x64\lombok\lombok-1.18.39-4050.jar -XX:+HeapDumpOnOutOfMemoryError -XX:HeapDumpPath=c:\Users\welcome\AppData\Roaming\Code\User\workspaceStorage\438089d090c8572c52f170013986077f\redhat.java -Daether.dependencyCollector.impl=bf 
java_command: c:\Users\welcome\.vscode\extensions\redhat.java-1.56.0-win32-x64\server\plugins\org.eclipse.equinox.launcher_1.8.0.v20260804-1928.jar -configuration c:\Users\welcome\AppData\Roaming\Code\User\globalStorage\redhat.java\1.56.0\config_win -data c:\Users\welcome\AppData\Roaming\Code\User\workspaceStorage\438089d090c8572c52f170013986077f\redhat.java\jdt_ws --stdio
java_class_path (initial): c:\Users\welcome\.vscode\extensions\redhat.java-1.56.0-win32-x64\server\plugins\org.eclipse.equinox.launcher_1.8.0.v20260804-1928.jar
Launcher Type: SUN_STANDARD

[Global flags]
    uintx AdaptiveSizePolicyWeight                 = 90                                        {product} {command line}
     intx CICompilerCount                          = 3                                         {product} {ergonomic}
    uintx GCTimeRatio                              = 4                                         {product} {command line}
     bool HeapDumpOnOutOfMemoryError               = true                                   {manageable} {command line}
    ccstr HeapDumpPath                             = c:\Users\welcome\AppData\Roaming\Code\User\workspaceStorage\438089d090c8572c52f170013986077f\redhat.java         {manageable} {command line}
   size_t InitialHeapSize                          = 104857600                                 {product} {command line}
   size_t MaxHeapSize                              = 2147483648                                {product} {command line}
   size_t MaxNewSize                               = 715653120                                 {product} {ergonomic}
   size_t MinHeapDeltaBytes                        = 524288                                    {product} {ergonomic}
   size_t MinHeapSize                              = 104857600                                 {product} {command line}
   size_t NewSize                                  = 34603008                                  {product} {ergonomic}
    uintx NonNMethodCodeHeapSize                   = 5832780                                {pd product} {ergonomic}
    uintx NonProfiledCodeHeapSize                  = 122912730                              {pd product} {ergonomic}
   size_t OldSize                                  = 70254592                                  {product} {ergonomic}
    uintx ProfiledCodeHeapSize                     = 122912730                              {pd product} {ergonomic}
    uintx ReservedCodeCacheSize                    = 251658240                              {pd product} {ergonomic}
     bool SegmentedCodeCache                       = true                                      {product} {ergonomic}
   size_t SoftMaxHeapSize                          = 2147483648                             {manageable} {ergonomic}
     bool UseCompressedOops                        = true                           {product lp64_product} {ergonomic}
     bool UseLargePagesIndividualAllocation        = false                                  {pd product} {ergonomic}
     bool UseParallelGC                            = true                                      {product} {command line}

Logging:
Log output configuration:
 #0: stdout all=off uptime,level,tags foldmultilines=false
 #1: stderr all=off uptime,level,tags foldmultilines=false

Release file:
JAVA_VERSION="21.0.12.1" 
MODULES="java.base java.compiler java.datatransfer java.xml java.prefs java.desktop java.instrument java.logging java.management java.security.sasl java.naming java.rmi java.management.rmi java.net.http java.scripting java.security.jgss java.transaction.xa java.sql java.sql.rowset java.xml.crypto java.se java.smartcardio jdk.accessibility jdk.internal.jvmstat jdk.attach jdk.charsets jdk.internal.opt jdk.zipfs jdk.compiler jdk.crypto.ec jdk.crypto.cryptoki jdk.crypto.mscapi jdk.dynalink jdk.internal.ed jdk.editpad jdk.hotspot.agent jdk.httpserver jdk.internal.le jdk.internal.vm.ci jdk.internal.vm.compiler jdk.internal.vm.compiler.management jdk.jartool jdk.javadoc jdk.jcmd jdk.management jdk.management.agent jdk.jconsole jdk.jdeps jdk.jdwp.agent jdk.jdi jdk.jfr jdk.jshell jdk.jsobject jdk.jstatd jdk.localedata jdk.management.jfr jdk.naming.dns jdk.naming.rmi jdk.net jdk.nio.mapmode jdk.random jdk.sctp jdk.security.auth jdk.security.jgss jdk.unsupported jdk.unsupported.desktop jdk.xml.dom" 

Environment Variables:
PATH=C:\Program Files\Eclipse Adoptium\jdk-17.0.20.101-hotspot\bin;C:\Windows\system32;C:\Windows;C:\Windows\System32\Wbem;C:\Windows\System32\WindowsPowerShell\v1.0\;C:\Windows\System32\OpenSSH\;C:\Program Files\Git\cmd;C:\Program Files\nodejs\;C:\Users\welcome\AppData\Local\Microsoft\WindowsApps;C:\Users\welcome\AppData\Local\Programs\Microsoft VS Code\bin;C:\Users\welcome\AppData\Local\Programs\DockerDesktop\resources\bin;C:\Users\welcome\AppData\Roaming\npm
USERNAME=welcome
OS=Windows_NT
PROCESSOR_IDENTIFIER=Intel64 Family 6 Model 142 Stepping 9, GenuineIntel
TMP=C:\Users\welcome\AppData\Local\Temp
TEMP=C:\Users\welcome\AppData\Local\Temp




Periodic native trim disabled

---------------  S Y S T E M  ---------------

OS:
 Windows 10 , 64 bit Build 19041 (10.0.19041.7725)
OS uptime: 0 days 11:49 hours
Hyper-V role detected

CPU: total 4 (initial active 4) (2 cores per cpu, 2 threads per core) family 6 model 142 stepping 9 microcode 0xea, cx8, cmov, fxsr, ht, mmx, 3dnowpref, sse, sse2, sse3, ssse3, sse4.1, sse4.2, popcnt, lzcnt, tsc, tscinvbit, avx, avx2, aes, erms, clmul, bmi1, bmi2, adx, fma, vzeroupper, clflush, clflushopt, hv, rdtscp, f16c
Processor Information for the first 4 processors :
  Max Mhz: 2400, Current Mhz: 2400, Mhz Limit: 2400

Memory: 4k page, system-wide physical 4005M (87M free)
TotalPageFile size 11505M (AvailPageFile size 0M)
current process WorkingSet (physical memory assigned to process): 185M, peak: 218M
current process commit charge ("private bytes"): 384M, peak: 413M

vm_info: OpenJDK 64-Bit Server VM (21.0.12.1+1-LTS) for windows-amd64 JRE (21.0.12.1+1-LTS), built on 2026-08-18T00:00:00Z by "admin" with MS VC++ 17.12 (VS2022)

END.
