#
# There is insufficient memory for the Java Runtime Environment to continue.
# Native memory allocation (malloc) failed to allocate 1130656 bytes. Error detail: Chunk::new
# Possible reasons:
#   The system is out of physical RAM or swap space
#   This process is running with CompressedOops enabled, and the Java Heap may be blocking the growth of the native heap
# Possible solutions:
#   Reduce memory load on the system
#   Increase physical memory or swap space
#   Check if swap backing store is full
#   Decrease Java heap size (-Xmx/-Xms)
#   Decrease number of Java threads
#   Decrease Java thread stack sizes (-Xss)
#   Set larger code cache with -XX:ReservedCodeCacheSize=
#   JVM is running with Unscaled Compressed Oops mode in which the Java heap is
#     placed in the first 4GB address space. The Java Heap base address is the
#     maximum limit for the native heap growth. Please use -XX:HeapBaseMinAddress
#     to set the Java Heap base and to place the Java Heap above 4GB virtual address.
# This output file may be truncated or incomplete.
#
#  Out of Memory Error (arena.cpp:191), pid=4856, tid=12004
#
# JRE version: OpenJDK Runtime Environment Temurin-17.0.20.1+1 (17.0.20.1+1) (build 17.0.20.1+1)
# Java VM: OpenJDK 64-Bit Server VM Temurin-17.0.20.1+1 (17.0.20.1+1, mixed mode, sharing, tiered, compressed oops, compressed class ptrs, g1 gc, windows-amd64)
# No core dump will be written. Minidumps are not enabled by default on client versions of Windows
#

---------------  S U M M A R Y ------------

Command Line: --add-opens=java.base/java.util=ALL-UNNAMED --add-opens=java.base/java.lang=ALL-UNNAMED --add-opens=java.base/java.lang.invoke=ALL-UNNAMED --add-opens=java.prefs/java.util.prefs=ALL-UNNAMED --add-exports=jdk.compiler/com.sun.tools.javac.api=ALL-UNNAMED --add-exports=jdk.compiler/com.sun.tools.javac.util=ALL-UNNAMED --add-opens=java.base/java.nio.charset=ALL-UNNAMED --add-opens=java.base/java.net=ALL-UNNAMED --add-opens=java.base/java.util.concurrent.atomic=ALL-UNNAMED -XX:MaxMetaspaceSize=384m -XX:+HeapDumpOnOutOfMemoryError -Xms256m -Xmx512m -Dfile.encoding=utf8 -Duser.country=US -Duser.language=en -Duser.variant -javaagent:C:\Users\welcome\.gradle\wrapper\dists\gradle-8.9-bin\90cnw93cvbtalezasaz0blq0a\gradle-8.9\lib\agents\gradle-instrumentation-agent-8.9.jar org.gradle.launcher.daemon.bootstrap.GradleDaemon 8.9

Host: Intel(R) Core(TM) i3-7100U CPU @ 2.40GHz, 4 cores, 3G,  Windows 10 , 64 bit Build 19041 (10.0.19041.7725)
Time: Wed Sep 23 10:19:06 2026 India Standard Time elapsed time: 101.135237 seconds (0d 0h 1m 41s)

---------------  T H R E A D  ---------------

Current thread (0x000002297b37b810):  JavaThread "C2 CompilerThread0" daemon [_thread_in_native, id=12004, stack(0x000000722a500000,0x000000722a600000)]


Current CompileTask:
C2:101135 14758       4       org.apache.ivy.core.IvyPatternHelper::substituteVariables (213 bytes)

Stack: [0x000000722a500000,0x000000722a600000]
Native frames: (J=compiled Java code, j=interpreted, Vv=VM code, C=native code)
V  [jvm.dll+0x684d39]
V  [jvm.dll+0x83a565]
V  [jvm.dll+0x83bfde]
V  [jvm.dll+0x83c663]
V  [jvm.dll+0x2490cf]
V  [jvm.dll+0xad536]
V  [jvm.dll+0xadbdc]
V  [jvm.dll+0x2b07af]
V  [jvm.dll+0x58b025]
V  [jvm.dll+0x223054]
V  [jvm.dll+0x22344d]
V  [jvm.dll+0x21c0fb]
V  [jvm.dll+0x219212]
V  [jvm.dll+0x1a49e0]
V  [jvm.dll+0x229a6a]
V  [jvm.dll+0x227c1b]
V  [jvm.dll+0x7f0d18]
V  [jvm.dll+0x7eb17c]
V  [jvm.dll+0x683c07]
C  [ucrtbase.dll+0x21bb2]
C  [KERNEL32.DLL+0x17384]
C  [ntdll.dll+0x4cc91]


---------------  P R O C E S S  ---------------

Threads class SMR info:
_java_thread_list=0x000002291cc28c40, length=49, elements={
0x000002295f0810c0, 0x000002297b3565c0, 0x000002297b357b70, 0x000002297b372970,
0x000002297b373340, 0x000002297b374c20, 0x000002297b375700, 0x000002297b37b810,
0x000002297b385600, 0x000002297b388330, 0x000002297b2ff1c0, 0x00000229192b7880,
0x000002291a9b5330, 0x000002291a277700, 0x0000022919ea3dc0, 0x0000022919ee1b30,
0x0000022919ee1110, 0x0000022919ee2040, 0x0000022919ee1620, 0x0000022919ee2a60,
0x0000022919edf2b0, 0x0000022919ee2550, 0x0000022919ee01e0, 0x0000022919ee06f0,
0x0000022919ee0c00, 0x0000022919ea7350, 0x0000022919ea8790, 0x0000022919eac450,
0x0000022919ea7860, 0x0000022919ea9bd0, 0x0000022919eadda0, 0x0000022919eabf40,
0x0000022919ea7d70, 0x0000022919ea8ca0, 0x0000022919eac960, 0x0000022919ea91b0,
0x0000022919eab520, 0x0000022919ea6930, 0x0000022919eaa5f0, 0x0000022919eaab00,
0x0000022919eab010, 0x0000022919eaba30, 0x0000022919eace70, 0x0000022919ead890,
0x0000022919edfcd0, 0x000002291ab2a020, 0x000002291ab2d7d0, 0x000002291ab2af50,
0x000002291ab26870
}

Java Threads: ( => current thread )
  0x000002295f0810c0 JavaThread "main" [_thread_blocked, id=10708, stack(0x0000007229800000,0x0000007229900000)]
  0x000002297b3565c0 JavaThread "Reference Handler" daemon [_thread_blocked, id=18892, stack(0x0000007229f00000,0x000000722a000000)]
  0x000002297b357b70 JavaThread "Finalizer" daemon [_thread_blocked, id=17768, stack(0x000000722a000000,0x000000722a100000)]
  0x000002297b372970 JavaThread "Signal Dispatcher" daemon [_thread_blocked, id=6740, stack(0x000000722a100000,0x000000722a200000)]
  0x000002297b373340 JavaThread "Attach Listener" daemon [_thread_blocked, id=16072, stack(0x000000722a200000,0x000000722a300000)]
  0x000002297b374c20 JavaThread "Service Thread" daemon [_thread_blocked, id=9880, stack(0x000000722a300000,0x000000722a400000)]
  0x000002297b375700 JavaThread "Monitor Deflation Thread" daemon [_thread_blocked, id=7712, stack(0x000000722a400000,0x000000722a500000)]
=>0x000002297b37b810 JavaThread "C2 CompilerThread0" daemon [_thread_in_native, id=12004, stack(0x000000722a500000,0x000000722a600000)]
  0x000002297b385600 JavaThread "C1 CompilerThread0" daemon [_thread_blocked, id=11260, stack(0x000000722a600000,0x000000722a700000)]
  0x000002297b388330 JavaThread "Sweeper thread" daemon [_thread_blocked, id=9424, stack(0x000000722a700000,0x000000722a800000)]
  0x000002297b2ff1c0 JavaThread "Common-Cleaner" daemon [_thread_blocked, id=12212, stack(0x000000722a800000,0x000000722a900000)]
  0x00000229192b7880 JavaThread "Notification Thread" daemon [_thread_blocked, id=5144, stack(0x000000722a900000,0x000000722aa00000)]
  0x000002291a9b5330 JavaThread "Daemon health stats" [_thread_blocked, id=19828, stack(0x000000722af00000,0x000000722b000000)]
  0x000002291a277700 JavaThread "Incoming local TCP Connector on port 58367" [_thread_in_native, id=12348, stack(0x000000722b000000,0x000000722b100000)]
  0x0000022919ea3dc0 JavaThread "Daemon periodic checks" [_thread_blocked, id=14988, stack(0x000000722b100000,0x000000722b200000)]
  0x0000022919ee1b30 JavaThread "Daemon" [_thread_blocked, id=19536, stack(0x000000722b200000,0x000000722b300000)]
  0x0000022919ee1110 JavaThread "Handler for socket connection from /127.0.0.1:58367 to /127.0.0.1:58368" [_thread_in_native, id=9796, stack(0x000000722b300000,0x000000722b400000)]
  0x0000022919ee2040 JavaThread "Cancel handler" [_thread_blocked, id=10212, stack(0x000000722b400000,0x000000722b500000)]
  0x0000022919ee1620 JavaThread "Daemon worker" [_thread_blocked, id=18644, stack(0x000000722b500000,0x000000722b600000)]
  0x0000022919ee2a60 JavaThread "Asynchronous log dispatcher for DefaultDaemonConnection: socket connection from /127.0.0.1:58367 to /127.0.0.1:58368" [_thread_blocked, id=18364, stack(0x000000722b600000,0x000000722b700000)]
  0x0000022919edf2b0 JavaThread "Stdin handler" [_thread_blocked, id=19196, stack(0x000000722b700000,0x000000722b800000)]
  0x0000022919ee2550 JavaThread "Daemon client event forwarder" [_thread_blocked, id=19880, stack(0x000000722b800000,0x000000722b900000)]
  0x0000022919ee01e0 JavaThread "Cache worker for journal cache (C:\Users\welcome\.gradle\caches\journal-1)" [_thread_blocked, id=13456, stack(0x000000722b900000,0x000000722ba00000)]
  0x0000022919ee06f0 JavaThread "File lock request listener" [_thread_in_native, id=16208, stack(0x000000722ba00000,0x000000722bb00000)]
  0x0000022919ee0c00 JavaThread "Cache worker for file hash cache (C:\Users\welcome\.gradle\caches\8.9\fileHashes)" [_thread_blocked, id=9688, stack(0x000000722bb00000,0x000000722bc00000)]
  0x0000022919ea7350 JavaThread "File lock release action executor" [_thread_blocked, id=20300, stack(0x000000722bc00000,0x000000722bd00000)]
  0x0000022919ea8790 JavaThread "Cache worker for file hash cache (C:\Users\welcome\Distributed-Flight-System\booking-service\.gradle\8.9\fileHashes)" [_thread_blocked, id=19052, stack(0x000000722bd00000,0x000000722be00000)]
  0x0000022919eac450 JavaThread "Cache worker for Build Output Cleanup Cache (C:\Users\welcome\Distributed-Flight-System\booking-service\.gradle\buildOutputCleanup)" [_thread_blocked, id=16864, stack(0x000000722be00000,0x000000722bf00000)]
  0x0000022919ea7860 JavaThread "File watcher server" daemon [_thread_in_native, id=16828, stack(0x000000722bf00000,0x000000722c000000)]
  0x0000022919ea9bd0 JavaThread "File watcher consumer" daemon [_thread_blocked, id=10524, stack(0x000000722c000000,0x000000722c100000)]
  0x0000022919eadda0 JavaThread "jar transforms" [_thread_blocked, id=9872, stack(0x000000722c100000,0x000000722c200000)]
  0x0000022919eabf40 JavaThread "jar transforms Thread 2" [_thread_blocked, id=4728, stack(0x000000722c200000,0x000000722c300000)]
  0x0000022919ea7d70 JavaThread "jar transforms Thread 3" [_thread_blocked, id=1596, stack(0x000000722c300000,0x000000722c400000)]
  0x0000022919ea8ca0 JavaThread "Cache worker for checksums cache (C:\Users\welcome\Distributed-Flight-System\booking-service\.gradle\8.9\checksums)" [_thread_blocked, id=15332, stack(0x000000722c400000,0x000000722c500000)]
  0x0000022919eac960 JavaThread "Cache worker for file content cache (C:\Users\welcome\.gradle\caches\8.9\fileContent)" [_thread_blocked, id=16744, stack(0x000000722c500000,0x000000722c600000)]
  0x0000022919ea91b0 JavaThread "Cache worker for cache directory md-rule (C:\Users\welcome\.gradle\caches\8.9\md-rule)" [_thread_blocked, id=7224, stack(0x000000722c600000,0x000000722c700000)]
  0x0000022919eab520 JavaThread "Cache worker for cache directory md-supplier (C:\Users\welcome\.gradle\caches\8.9\md-supplier)" [_thread_blocked, id=1232, stack(0x000000722c700000,0x000000722c800000)]
  0x0000022919ea6930 JavaThread "jar transforms Thread 4" [_thread_blocked, id=5780, stack(0x000000722c800000,0x000000722c900000)]
  0x0000022919eaa5f0 JavaThread "Unconstrained build operations" [_thread_blocked, id=8832, stack(0x000000722ca00000,0x000000722cb00000)]
  0x0000022919eaab00 JavaThread "Unconstrained build operations Thread 2" [_thread_blocked, id=1412, stack(0x000000722cb00000,0x000000722cc00000)]
  0x0000022919eab010 JavaThread "Unconstrained build operations Thread 3" [_thread_blocked, id=3536, stack(0x000000722cc00000,0x000000722cd00000)]
  0x0000022919eaba30 JavaThread "Unconstrained build operations Thread 4" [_thread_blocked, id=19776, stack(0x000000722cd00000,0x000000722ce00000)]
  0x0000022919eace70 JavaThread "Unconstrained build operations Thread 5" [_thread_blocked, id=9980, stack(0x000000722ce00000,0x000000722cf00000)]
  0x0000022919ead890 JavaThread "Unconstrained build operations Thread 6" [_thread_blocked, id=18884, stack(0x000000722cf00000,0x000000722d000000)]
  0x0000022919edfcd0 JavaThread "Unconstrained build operations Thread 7" [_thread_blocked, id=2996, stack(0x000000722d000000,0x000000722d100000)]
  0x000002291ab2a020 JavaThread "Unconstrained build operations Thread 8" [_thread_blocked, id=7848, stack(0x000000722d100000,0x000000722d200000)]
  0x000002291ab2d7d0 JavaThread "Unconstrained build operations Thread 9" [_thread_blocked, id=18576, stack(0x000000722d200000,0x000000722d300000)]
  0x000002291ab2af50 JavaThread "build event listener" [_thread_blocked, id=15832, stack(0x000000722d500000,0x000000722d600000)]
  0x000002291ab26870 JavaThread "Memory manager" [_thread_blocked, id=20144, stack(0x000000722d600000,0x000000722d700000)]

Other Threads:
  0x000002297b34f010 VMThread "VM Thread" [stack: 0x0000007229e00000,0x0000007229f00000] [id=14788]
  0x000002295f081d30 WatcherThread [stack: 0x000000722aa00000,0x000000722ab00000] [id=10744]
  0x000002295f0ada80 GCTaskThread "GC Thread#0" [stack: 0x0000007229900000,0x0000007229a00000] [id=16904]
  0x00000229192cfdc0 GCTaskThread "GC Thread#1" [stack: 0x000000722ab00000,0x000000722ac00000] [id=2840]
  0x0000022919349150 GCTaskThread "GC Thread#2" [stack: 0x000000722ac00000,0x000000722ad00000] [id=16488]
  0x00000229193948b0 GCTaskThread "GC Thread#3" [stack: 0x000000722ad00000,0x000000722ae00000] [id=11216]
  0x000002295f0b28e0 ConcurrentGCThread "G1 Main Marker" [stack: 0x0000007229a00000,0x0000007229b00000] [id=20140]
  0x000002295f0b39b0 ConcurrentGCThread "G1 Conc#0" [stack: 0x0000007229b00000,0x0000007229c00000] [id=11104]
  0x000002297b1d24d0 ConcurrentGCThread "G1 Refine#0" [stack: 0x0000007229c00000,0x0000007229d00000] [id=17688]
  0x00000229192c75a0 ConcurrentGCThread "G1 Refine#1" [stack: 0x000000722ae00000,0x000000722af00000] [id=17824]
  0x000002291c0bca20 ConcurrentGCThread "G1 Refine#2" [stack: 0x000000722c900000,0x000000722ca00000] [id=15104]
  0x000002297b1d2bb0 ConcurrentGCThread "G1 Service" [stack: 0x0000007229d00000,0x0000007229e00000] [id=17384]

Threads with active compile tasks:
C2 CompilerThread0  101241 14758       4       org.apache.ivy.core.IvyPatternHelper::substituteVariables (213 bytes)

VM state: at safepoint (normal execution)

VM Mutex/Monitor currently owned by a thread:  ([mutex/lock_event])
[0x000002295f07c1b0] Threads_lock - owner thread: 0x000002297b34f010
[0x000002295f07d440] Heap_lock - owner thread: 0x0000022919ee1620

Heap address: 0x00000000e0000000, size: 512 MB, Compressed Oops mode: 32-bit

CDS archive(s) mapped at: [0x0000022900000000-0x0000022900bb0000-0x0000022900bb0000), size 12255232, SharedBaseAddress: 0x0000022900000000, ArchiveRelocationMode: 1.
Compressed class space mapped at: 0x0000022901000000-0x0000022915000000, reserved size: 335544320
Narrow klass base: 0x0000022900000000, Narrow klass shift: 0, Narrow klass range: 0x100000000

GC Precious Log:
 CPUs: 4 total, 4 available
 Memory: 4005M
 Large Page Support: Disabled
 NUMA Support: Disabled
 Compressed Oops: Enabled (32-bit)
 Heap Region Size: 1M
 Heap Min Capacity: 256M
 Heap Initial Capacity: 256M
 Heap Max Capacity: 512M
 Pre-touch: Disabled
 Parallel Workers: 4
 Concurrent Workers: 1
 Concurrent Refinement Workers: 4
 Periodic GC: Disabled

Heap:
 garbage-first heap   total 262144K, used 123156K [0x00000000e0000000, 0x0000000100000000)
  region size 1024K, 3 young (3072K), 2 survivors (2048K)
 Metaspace       used 133118K, committed 134016K, reserved 458752K
  class space    used 17102K, committed 17536K, reserved 327680K

Heap Regions: E=young(eden), S=young(survivor), O=old, HS=humongous(starts), HC=humongous(continues), CS=collection set, F=free, OA=open archive, CA=closed archive, TAMS=top-at-mark-start (previous, next)
|   0|0x00000000e0000000, 0x00000000e0100000, 0x00000000e0100000|100%|HS|  |TAMS 0x00000000e0100000, 0x00000000e0000000| Complete 
|   1|0x00000000e0100000, 0x00000000e0200000, 0x00000000e0200000|100%|HC|  |TAMS 0x00000000e0200000, 0x00000000e0100000| Complete 
|   2|0x00000000e0200000, 0x00000000e0300000, 0x00000000e0300000|100%|HC|  |TAMS 0x00000000e0300000, 0x00000000e0200000| Complete 
|   3|0x00000000e0300000, 0x00000000e0400000, 0x00000000e0400000|100%|HC|  |TAMS 0x00000000e0400000, 0x00000000e0300000| Complete 
|   4|0x00000000e0400000, 0x00000000e0500000, 0x00000000e0500000|100%| O|  |TAMS 0x00000000e0500000, 0x00000000e0400000| Untracked 
|   5|0x00000000e0500000, 0x00000000e0600000, 0x00000000e0600000|100%| O|  |TAMS 0x00000000e0600000, 0x00000000e0500000| Untracked 
|   6|0x00000000e0600000, 0x00000000e0700000, 0x00000000e0700000|100%| O|  |TAMS 0x00000000e0700000, 0x00000000e0600000| Untracked 
|   7|0x00000000e0700000, 0x00000000e0800000, 0x00000000e0800000|100%| O|  |TAMS 0x00000000e0800000, 0x00000000e0700000| Untracked 
|   8|0x00000000e0800000, 0x00000000e0900000, 0x00000000e0900000|100%|HS|  |TAMS 0x00000000e0900000, 0x00000000e0800000| Complete 
|   9|0x00000000e0900000, 0x00000000e0a00000, 0x00000000e0a00000|100%| O|  |TAMS 0x00000000e0a00000, 0x00000000e0900000| Untracked 
|  10|0x00000000e0a00000, 0x00000000e0b00000, 0x00000000e0b00000|100%| O|  |TAMS 0x00000000e0b00000, 0x00000000e0a00000| Untracked 
|  11|0x00000000e0b00000, 0x00000000e0c00000, 0x00000000e0c00000|100%| O|  |TAMS 0x00000000e0c00000, 0x00000000e0b00000| Untracked 
|  12|0x00000000e0c00000, 0x00000000e0d00000, 0x00000000e0d00000|100%| O|  |TAMS 0x00000000e0d00000, 0x00000000e0c00000| Untracked 
|  13|0x00000000e0d00000, 0x00000000e0e00000, 0x00000000e0e00000|100%| O|  |TAMS 0x00000000e0e00000, 0x00000000e0d00000| Untracked 
|  14|0x00000000e0e00000, 0x00000000e0f00000, 0x00000000e0f00000|100%| O|  |TAMS 0x00000000e0f00000, 0x00000000e0e00000| Untracked 
|  15|0x00000000e0f00000, 0x00000000e1000000, 0x00000000e1000000|100%| O|  |TAMS 0x00000000e1000000, 0x00000000e0f00000| Untracked 
|  16|0x00000000e1000000, 0x00000000e1100000, 0x00000000e1100000|100%| O|  |TAMS 0x00000000e1100000, 0x00000000e1000000| Untracked 
|  17|0x00000000e1100000, 0x00000000e1200000, 0x00000000e1200000|100%| O|  |TAMS 0x00000000e1200000, 0x00000000e1100000| Untracked 
|  18|0x00000000e1200000, 0x00000000e1300000, 0x00000000e1300000|100%| O|  |TAMS 0x00000000e1300000, 0x00000000e1200000| Untracked 
|  19|0x00000000e1300000, 0x00000000e1400000, 0x00000000e1400000|100%| O|  |TAMS 0x00000000e1400000, 0x00000000e1300000| Untracked 
|  20|0x00000000e1400000, 0x00000000e1500000, 0x00000000e1500000|100%| O|  |TAMS 0x00000000e1500000, 0x00000000e1400000| Untracked 
|  21|0x00000000e1500000, 0x00000000e1600000, 0x00000000e1600000|100%| O|  |TAMS 0x00000000e1600000, 0x00000000e1500000| Untracked 
|  22|0x00000000e1600000, 0x00000000e1700000, 0x00000000e1700000|100%| O|  |TAMS 0x00000000e1700000, 0x00000000e1600000| Untracked 
|  23|0x00000000e1700000, 0x00000000e1800000, 0x00000000e1800000|100%| O|  |TAMS 0x00000000e1800000, 0x00000000e1700000| Untracked 
|  24|0x00000000e1800000, 0x00000000e1900000, 0x00000000e1900000|100%| O|  |TAMS 0x00000000e1900000, 0x00000000e1800000| Untracked 
|  25|0x00000000e1900000, 0x00000000e1a00000, 0x00000000e1a00000|100%| O|  |TAMS 0x00000000e1a00000, 0x00000000e1900000| Untracked 
|  26|0x00000000e1a00000, 0x00000000e1b00000, 0x00000000e1b00000|100%| O|  |TAMS 0x00000000e1b00000, 0x00000000e1a00000| Untracked 
|  27|0x00000000e1b00000, 0x00000000e1c00000, 0x00000000e1c00000|100%| O|  |TAMS 0x00000000e1c00000, 0x00000000e1b00000| Untracked 
|  28|0x00000000e1c00000, 0x00000000e1d00000, 0x00000000e1d00000|100%| O|  |TAMS 0x00000000e1d00000, 0x00000000e1c00000| Untracked 
|  29|0x00000000e1d00000, 0x00000000e1e00000, 0x00000000e1e00000|100%| O|  |TAMS 0x00000000e1e00000, 0x00000000e1d00000| Untracked 
|  30|0x00000000e1e00000, 0x00000000e1f00000, 0x00000000e1f00000|100%| O|  |TAMS 0x00000000e1f00000, 0x00000000e1e00000| Untracked 
|  31|0x00000000e1f00000, 0x00000000e2000000, 0x00000000e2000000|100%| O|  |TAMS 0x00000000e2000000, 0x00000000e1f00000| Untracked 
|  32|0x00000000e2000000, 0x00000000e2100000, 0x00000000e2100000|100%| O|  |TAMS 0x00000000e2100000, 0x00000000e2000000| Untracked 
|  33|0x00000000e2100000, 0x00000000e2200000, 0x00000000e2200000|100%| O|  |TAMS 0x00000000e2200000, 0x00000000e2100000| Untracked 
|  34|0x00000000e2200000, 0x00000000e2300000, 0x00000000e2300000|100%| O|  |TAMS 0x00000000e2300000, 0x00000000e2200000| Untracked 
|  35|0x00000000e2300000, 0x00000000e2400000, 0x00000000e2400000|100%| O|  |TAMS 0x00000000e2400000, 0x00000000e2300000| Untracked 
|  36|0x00000000e2400000, 0x00000000e2500000, 0x00000000e2500000|100%| O|  |TAMS 0x00000000e2500000, 0x00000000e2400000| Untracked 
|  37|0x00000000e2500000, 0x00000000e2600000, 0x00000000e2600000|100%| O|CS|TAMS 0x00000000e2600000, 0x00000000e2500000| Complete 
|  38|0x00000000e2600000, 0x00000000e2700000, 0x00000000e2700000|100%|HS|  |TAMS 0x00000000e2700000, 0x00000000e2600000| Complete 
|  39|0x00000000e2700000, 0x00000000e2800000, 0x00000000e2800000|100%|HC|  |TAMS 0x00000000e2800000, 0x00000000e2700000| Complete 
|  40|0x00000000e2800000, 0x00000000e2900000, 0x00000000e2900000|100%|HS|  |TAMS 0x00000000e2900000, 0x00000000e2800000| Complete 
|  41|0x00000000e2900000, 0x00000000e2a00000, 0x00000000e2a00000|100%|HC|  |TAMS 0x00000000e2a00000, 0x00000000e2900000| Complete 
|  42|0x00000000e2a00000, 0x00000000e2b00000, 0x00000000e2b00000|100%|HS|  |TAMS 0x00000000e2b00000, 0x00000000e2a00000| Complete 
|  43|0x00000000e2b00000, 0x00000000e2c00000, 0x00000000e2c00000|100%|HC|  |TAMS 0x00000000e2c00000, 0x00000000e2b00000| Complete 
|  44|0x00000000e2c00000, 0x00000000e2d00000, 0x00000000e2d00000|100%|HC|  |TAMS 0x00000000e2d00000, 0x00000000e2c00000| Complete 
|  45|0x00000000e2d00000, 0x00000000e2e00000, 0x00000000e2e00000|100%|HC|  |TAMS 0x00000000e2e00000, 0x00000000e2d00000| Complete 
|  46|0x00000000e2e00000, 0x00000000e2f00000, 0x00000000e2f00000|100%|HS|  |TAMS 0x00000000e2f00000, 0x00000000e2e00000| Complete 
|  47|0x00000000e2f00000, 0x00000000e3000000, 0x00000000e3000000|100%|HC|  |TAMS 0x00000000e3000000, 0x00000000e2f00000| Complete 
|  48|0x00000000e3000000, 0x00000000e3100000, 0x00000000e3100000|100%|HC|  |TAMS 0x00000000e3100000, 0x00000000e3000000| Complete 
|  49|0x00000000e3100000, 0x00000000e3200000, 0x00000000e3200000|100%|HC|  |TAMS 0x00000000e3200000, 0x00000000e3100000| Complete 
|  50|0x00000000e3200000, 0x00000000e3300000, 0x00000000e3300000|100%| O|  |TAMS 0x00000000e3300000, 0x00000000e3200000| Untracked 
|  51|0x00000000e3300000, 0x00000000e3400000, 0x00000000e3400000|100%| O|  |TAMS 0x00000000e3400000, 0x00000000e3300000| Untracked 
|  52|0x00000000e3400000, 0x00000000e3500000, 0x00000000e3500000|100%| O|  |TAMS 0x00000000e3500000, 0x00000000e3400000| Untracked 
|  53|0x00000000e3500000, 0x00000000e3600000, 0x00000000e3600000|100%| O|  |TAMS 0x00000000e3600000, 0x00000000e3500000| Untracked 
|  54|0x00000000e3600000, 0x00000000e3700000, 0x00000000e3700000|100%| O|  |TAMS 0x00000000e3700000, 0x00000000e3600000| Untracked 
|  55|0x00000000e3700000, 0x00000000e3800000, 0x00000000e3800000|100%| O|  |TAMS 0x00000000e3800000, 0x00000000e3700000| Untracked 
|  56|0x00000000e3800000, 0x00000000e3900000, 0x00000000e3900000|100%| O|  |TAMS 0x00000000e3900000, 0x00000000e3800000| Untracked 
|  57|0x00000000e3900000, 0x00000000e3a00000, 0x00000000e3a00000|100%| O|  |TAMS 0x00000000e3a00000, 0x00000000e3900000| Untracked 
|  58|0x00000000e3a00000, 0x00000000e3b00000, 0x00000000e3b00000|100%| O|  |TAMS 0x00000000e3b00000, 0x00000000e3a00000| Untracked 
|  59|0x00000000e3b00000, 0x00000000e3c00000, 0x00000000e3c00000|100%| O|  |TAMS 0x00000000e3b00000, 0x00000000e3b00000| Untracked 
|  60|0x00000000e3c00000, 0x00000000e3d00000, 0x00000000e3d00000|100%| O|  |TAMS 0x00000000e3c00000, 0x00000000e3c00000| Untracked 
|  61|0x00000000e3d00000, 0x00000000e3e00000, 0x00000000e3e00000|100%| O|  |TAMS 0x00000000e3d00000, 0x00000000e3d00000| Untracked 
|  62|0x00000000e3e00000, 0x00000000e3f00000, 0x00000000e3f00000|100%| O|  |TAMS 0x00000000e3e00000, 0x00000000e3e00000| Untracked 
|  63|0x00000000e3f00000, 0x00000000e4000000, 0x00000000e4000000|100%| O|  |TAMS 0x00000000e3f00000, 0x00000000e3f00000| Untracked 
|  64|0x00000000e4000000, 0x00000000e4088820, 0x00000000e4100000| 53%| O|  |TAMS 0x00000000e4000000, 0x00000000e4000000| Untracked 
|  65|0x00000000e4100000, 0x00000000e4100000, 0x00000000e4200000|  0%| F|  |TAMS 0x00000000e4100000, 0x00000000e4100000| Untracked 
|  66|0x00000000e4200000, 0x00000000e4300000, 0x00000000e4300000|100%| O|  |TAMS 0x00000000e4300000, 0x00000000e4200000| Untracked 
|  67|0x00000000e4300000, 0x00000000e4400000, 0x00000000e4400000|100%| O|  |TAMS 0x00000000e4400000, 0x00000000e4300000| Untracked 
|  68|0x00000000e4400000, 0x00000000e4500000, 0x00000000e4500000|100%| O|  |TAMS 0x00000000e4500000, 0x00000000e4400000| Untracked 
|  69|0x00000000e4500000, 0x00000000e4600000, 0x00000000e4600000|100%| O|  |TAMS 0x00000000e4600000, 0x00000000e4500000| Untracked 
|  70|0x00000000e4600000, 0x00000000e4700000, 0x00000000e4700000|100%| O|  |TAMS 0x00000000e4700000, 0x00000000e4600000| Untracked 
|  71|0x00000000e4700000, 0x00000000e4800000, 0x00000000e4800000|100%| O|  |TAMS 0x00000000e4800000, 0x00000000e4700000| Untracked 
|  72|0x00000000e4800000, 0x00000000e4900000, 0x00000000e4900000|100%| O|  |TAMS 0x00000000e4900000, 0x00000000e4800000| Untracked 
|  73|0x00000000e4900000, 0x00000000e4a00000, 0x00000000e4a00000|100%| O|  |TAMS 0x00000000e4a00000, 0x00000000e4900000| Untracked 
|  74|0x00000000e4a00000, 0x00000000e4b00000, 0x00000000e4b00000|100%| O|  |TAMS 0x00000000e4b00000, 0x00000000e4a00000| Untracked 
|  75|0x00000000e4b00000, 0x00000000e4c00000, 0x00000000e4c00000|100%| O|  |TAMS 0x00000000e4c00000, 0x00000000e4b00000| Untracked 
|  76|0x00000000e4c00000, 0x00000000e4d00000, 0x00000000e4d00000|100%| O|  |TAMS 0x00000000e4d00000, 0x00000000e4c00000| Untracked 
|  77|0x00000000e4d00000, 0x00000000e4e00000, 0x00000000e4e00000|100%| O|  |TAMS 0x00000000e4e00000, 0x00000000e4d00000| Untracked 
|  78|0x00000000e4e00000, 0x00000000e4f00000, 0x00000000e4f00000|100%| O|  |TAMS 0x00000000e4f00000, 0x00000000e4e00000| Untracked 
|  79|0x00000000e4f00000, 0x00000000e5000000, 0x00000000e5000000|100%| O|  |TAMS 0x00000000e5000000, 0x00000000e4f00000| Untracked 
|  80|0x00000000e5000000, 0x00000000e5100000, 0x00000000e5100000|100%| O|  |TAMS 0x00000000e5100000, 0x00000000e5000000| Untracked 
|  81|0x00000000e5100000, 0x00000000e5200000, 0x00000000e5200000|100%| O|  |TAMS 0x00000000e5200000, 0x00000000e5100000| Untracked 
|  82|0x00000000e5200000, 0x00000000e5300000, 0x00000000e5300000|100%| O|  |TAMS 0x00000000e5300000, 0x00000000e5200000| Untracked 
|  83|0x00000000e5300000, 0x00000000e5400000, 0x00000000e5400000|100%| O|  |TAMS 0x00000000e5400000, 0x00000000e5300000| Untracked 
|  84|0x00000000e5400000, 0x00000000e5500000, 0x00000000e5500000|100%| O|  |TAMS 0x00000000e5500000, 0x00000000e5400000| Untracked 
|  85|0x00000000e5500000, 0x00000000e5600000, 0x00000000e5600000|100%| O|  |TAMS 0x00000000e5600000, 0x00000000e5500000| Untracked 
|  86|0x00000000e5600000, 0x00000000e5700000, 0x00000000e5700000|100%| O|  |TAMS 0x00000000e5700000, 0x00000000e5600000| Untracked 
|  87|0x00000000e5700000, 0x00000000e5800000, 0x00000000e5800000|100%| O|  |TAMS 0x00000000e5800000, 0x00000000e5700000| Untracked 
|  88|0x00000000e5800000, 0x00000000e5900000, 0x00000000e5900000|100%| O|  |TAMS 0x00000000e5900000, 0x00000000e5800000| Untracked 
|  89|0x00000000e5900000, 0x00000000e5a00000, 0x00000000e5a00000|100%| O|  |TAMS 0x00000000e5a00000, 0x00000000e5900000| Untracked 
|  90|0x00000000e5a00000, 0x00000000e5b00000, 0x00000000e5b00000|100%| O|  |TAMS 0x00000000e5b00000, 0x00000000e5a00000| Untracked 
|  91|0x00000000e5b00000, 0x00000000e5c00000, 0x00000000e5c00000|100%| O|  |TAMS 0x00000000e5c00000, 0x00000000e5b00000| Untracked 
|  92|0x00000000e5c00000, 0x00000000e5d00000, 0x00000000e5d00000|100%| O|  |TAMS 0x00000000e5d00000, 0x00000000e5c00000| Untracked 
|  93|0x00000000e5d00000, 0x00000000e5e00000, 0x00000000e5e00000|100%| O|  |TAMS 0x00000000e5e00000, 0x00000000e5d00000| Untracked 
|  94|0x00000000e5e00000, 0x00000000e5f00000, 0x00000000e5f00000|100%| O|  |TAMS 0x00000000e5f00000, 0x00000000e5e00000| Untracked 
|  95|0x00000000e5f00000, 0x00000000e6000000, 0x00000000e6000000|100%| O|  |TAMS 0x00000000e6000000, 0x00000000e5f00000| Untracked 
|  96|0x00000000e6000000, 0x00000000e6100000, 0x00000000e6100000|100%| O|  |TAMS 0x00000000e6100000, 0x00000000e6000000| Untracked 
|  97|0x00000000e6100000, 0x00000000e6200000, 0x00000000e6200000|100%| O|  |TAMS 0x00000000e6200000, 0x00000000e6100000| Untracked 
|  98|0x00000000e6200000, 0x00000000e6300000, 0x00000000e6300000|100%| O|  |TAMS 0x00000000e6300000, 0x00000000e6200000| Untracked 
|  99|0x00000000e6300000, 0x00000000e6300000, 0x00000000e6400000|  0%| F|  |TAMS 0x00000000e6300000, 0x00000000e6300000| Untracked 
| 100|0x00000000e6400000, 0x00000000e6500000, 0x00000000e6500000|100%| O|  |TAMS 0x00000000e6500000, 0x00000000e6400000| Untracked 
| 101|0x00000000e6500000, 0x00000000e6600000, 0x00000000e6600000|100%| O|  |TAMS 0x00000000e6600000, 0x00000000e6500000| Untracked 
| 102|0x00000000e6600000, 0x00000000e6700000, 0x00000000e6700000|100%| O|  |TAMS 0x00000000e6700000, 0x00000000e6600000| Untracked 
| 103|0x00000000e6700000, 0x00000000e6800000, 0x00000000e6800000|100%| O|  |TAMS 0x00000000e6800000, 0x00000000e6700000| Untracked 
| 104|0x00000000e6800000, 0x00000000e6900000, 0x00000000e6900000|100%| O|  |TAMS 0x00000000e6900000, 0x00000000e6800000| Untracked 
| 105|0x00000000e6900000, 0x00000000e6a00000, 0x00000000e6a00000|100%| O|  |TAMS 0x00000000e6a00000, 0x00000000e6900000| Untracked 
| 106|0x00000000e6a00000, 0x00000000e6b00000, 0x00000000e6b00000|100%| O|  |TAMS 0x00000000e6b00000, 0x00000000e6a00000| Untracked 
| 107|0x00000000e6b00000, 0x00000000e6c00000, 0x00000000e6c00000|100%| O|  |TAMS 0x00000000e6c00000, 0x00000000e6b00000| Untracked 
| 108|0x00000000e6c00000, 0x00000000e6d00000, 0x00000000e6d00000|100%| O|  |TAMS 0x00000000e6d00000, 0x00000000e6c00000| Untracked 
| 109|0x00000000e6d00000, 0x00000000e6e00000, 0x00000000e6e00000|100%| O|  |TAMS 0x00000000e6e00000, 0x00000000e6d00000| Untracked 
| 110|0x00000000e6e00000, 0x00000000e6f00000, 0x00000000e6f00000|100%| O|  |TAMS 0x00000000e6f00000, 0x00000000e6e00000| Untracked 
| 111|0x00000000e6f00000, 0x00000000e7000000, 0x00000000e7000000|100%| O|  |TAMS 0x00000000e7000000, 0x00000000e6f00000| Untracked 
| 112|0x00000000e7000000, 0x00000000e7100000, 0x00000000e7100000|100%| O|  |TAMS 0x00000000e7100000, 0x00000000e7000000| Untracked 
| 113|0x00000000e7100000, 0x00000000e7200000, 0x00000000e7200000|100%| O|  |TAMS 0x00000000e7200000, 0x00000000e7100000| Untracked 
| 114|0x00000000e7200000, 0x00000000e7300000, 0x00000000e7300000|100%| O|  |TAMS 0x00000000e7300000, 0x00000000e7200000| Untracked 
| 115|0x00000000e7300000, 0x00000000e7400000, 0x00000000e7400000|100%| O|  |TAMS 0x00000000e7400000, 0x00000000e7300000| Untracked 
| 116|0x00000000e7400000, 0x00000000e7500000, 0x00000000e7500000|100%| O|  |TAMS 0x00000000e7500000, 0x00000000e7400000| Untracked 
| 117|0x00000000e7500000, 0x00000000e7500000, 0x00000000e7600000|  0%| F|  |TAMS 0x00000000e7500000, 0x00000000e7500000| Untracked 
| 118|0x00000000e7600000, 0x00000000e7600000, 0x00000000e7700000|  0%| F|  |TAMS 0x00000000e7600000, 0x00000000e7600000| Untracked 
| 119|0x00000000e7700000, 0x00000000e7700000, 0x00000000e7800000|  0%| F|  |TAMS 0x00000000e7700000, 0x00000000e7700000| Untracked 
| 120|0x00000000e7800000, 0x00000000e7800000, 0x00000000e7900000|  0%| F|  |TAMS 0x00000000e7800000, 0x00000000e7800000| Untracked 
| 121|0x00000000e7900000, 0x00000000e7900000, 0x00000000e7a00000|  0%| F|  |TAMS 0x00000000e7900000, 0x00000000e7900000| Untracked 
| 122|0x00000000e7a00000, 0x00000000e7a00000, 0x00000000e7b00000|  0%| F|  |TAMS 0x00000000e7a00000, 0x00000000e7a00000| Untracked 
| 123|0x00000000e7b00000, 0x00000000e7b00000, 0x00000000e7c00000|  0%| F|  |TAMS 0x00000000e7b00000, 0x00000000e7b00000| Untracked 
| 124|0x00000000e7c00000, 0x00000000e7c00000, 0x00000000e7d00000|  0%| F|  |TAMS 0x00000000e7c00000, 0x00000000e7c00000| Untracked 
| 125|0x00000000e7d00000, 0x00000000e7d00000, 0x00000000e7e00000|  0%| F|  |TAMS 0x00000000e7d00000, 0x00000000e7d00000| Untracked 
| 126|0x00000000e7e00000, 0x00000000e7e00000, 0x00000000e7f00000|  0%| F|  |TAMS 0x00000000e7e00000, 0x00000000e7e00000| Untracked 
| 127|0x00000000e7f00000, 0x00000000e7f00000, 0x00000000e8000000|  0%| F|  |TAMS 0x00000000e7f00000, 0x00000000e7f00000| Untracked 
| 128|0x00000000e8000000, 0x00000000e8000000, 0x00000000e8100000|  0%| F|  |TAMS 0x00000000e8000000, 0x00000000e8000000| Untracked 
| 129|0x00000000e8100000, 0x00000000e8100000, 0x00000000e8200000|  0%| F|  |TAMS 0x00000000e8100000, 0x00000000e8100000| Untracked 
| 130|0x00000000e8200000, 0x00000000e8200000, 0x00000000e8300000|  0%| F|  |TAMS 0x00000000e8200000, 0x00000000e8200000| Untracked 
| 131|0x00000000e8300000, 0x00000000e8300000, 0x00000000e8400000|  0%| F|  |TAMS 0x00000000e8300000, 0x00000000e8300000| Untracked 
| 132|0x00000000e8400000, 0x00000000e8400000, 0x00000000e8500000|  0%| F|  |TAMS 0x00000000e8400000, 0x00000000e8400000| Untracked 
| 133|0x00000000e8500000, 0x00000000e8500000, 0x00000000e8600000|  0%| F|  |TAMS 0x00000000e8500000, 0x00000000e8500000| Untracked 
| 134|0x00000000e8600000, 0x00000000e8600000, 0x00000000e8700000|  0%| F|  |TAMS 0x00000000e8600000, 0x00000000e8600000| Untracked 
| 135|0x00000000e8700000, 0x00000000e8700000, 0x00000000e8800000|  0%| F|  |TAMS 0x00000000e8700000, 0x00000000e8700000| Untracked 
| 136|0x00000000e8800000, 0x00000000e8800000, 0x00000000e8900000|  0%| F|  |TAMS 0x00000000e8800000, 0x00000000e8800000| Untracked 
| 137|0x00000000e8900000, 0x00000000e8900000, 0x00000000e8a00000|  0%| F|  |TAMS 0x00000000e8900000, 0x00000000e8900000| Untracked 
| 138|0x00000000e8a00000, 0x00000000e8a00000, 0x00000000e8b00000|  0%| F|  |TAMS 0x00000000e8a00000, 0x00000000e8a00000| Untracked 
| 139|0x00000000e8b00000, 0x00000000e8b00000, 0x00000000e8c00000|  0%| F|  |TAMS 0x00000000e8b00000, 0x00000000e8b00000| Untracked 
| 140|0x00000000e8c00000, 0x00000000e8c00000, 0x00000000e8d00000|  0%| F|  |TAMS 0x00000000e8c00000, 0x00000000e8c00000| Untracked 
| 141|0x00000000e8d00000, 0x00000000e8d00000, 0x00000000e8e00000|  0%| F|  |TAMS 0x00000000e8d00000, 0x00000000e8d00000| Untracked 
| 142|0x00000000e8e00000, 0x00000000e8e00000, 0x00000000e8f00000|  0%| F|  |TAMS 0x00000000e8e00000, 0x00000000e8e00000| Untracked 
| 143|0x00000000e8f00000, 0x00000000e8f00000, 0x00000000e9000000|  0%| F|  |TAMS 0x00000000e8f00000, 0x00000000e8f00000| Untracked 
| 144|0x00000000e9000000, 0x00000000e9000000, 0x00000000e9100000|  0%| F|  |TAMS 0x00000000e9000000, 0x00000000e9000000| Untracked 
| 145|0x00000000e9100000, 0x00000000e9100000, 0x00000000e9200000|  0%| F|  |TAMS 0x00000000e9100000, 0x00000000e9100000| Untracked 
| 146|0x00000000e9200000, 0x00000000e9200000, 0x00000000e9300000|  0%| F|  |TAMS 0x00000000e9200000, 0x00000000e9200000| Untracked 
| 147|0x00000000e9300000, 0x00000000e9300000, 0x00000000e9400000|  0%| F|  |TAMS 0x00000000e9300000, 0x00000000e9300000| Untracked 
| 148|0x00000000e9400000, 0x00000000e9400000, 0x00000000e9500000|  0%| F|  |TAMS 0x00000000e9400000, 0x00000000e9400000| Untracked 
| 149|0x00000000e9500000, 0x00000000e9500000, 0x00000000e9600000|  0%| F|  |TAMS 0x00000000e9500000, 0x00000000e9500000| Untracked 
| 150|0x00000000e9600000, 0x00000000e96451f8, 0x00000000e9700000| 27%| E|CS|TAMS 0x00000000e9600000, 0x00000000e9600000| Complete 
| 151|0x00000000e9700000, 0x00000000e9800000, 0x00000000e9800000|100%| E|CS|TAMS 0x00000000e9700000, 0x00000000e9700000| Complete 
| 152|0x00000000e9800000, 0x00000000e9900000, 0x00000000e9900000|100%| E|CS|TAMS 0x00000000e9800000, 0x00000000e9800000| Complete 
| 153|0x00000000e9900000, 0x00000000e9a00000, 0x00000000e9a00000|100%| E|CS|TAMS 0x00000000e9900000, 0x00000000e9900000| Complete 
| 154|0x00000000e9a00000, 0x00000000e9b00000, 0x00000000e9b00000|100%| E|CS|TAMS 0x00000000e9a00000, 0x00000000e9a00000| Complete 
| 155|0x00000000e9b00000, 0x00000000e9c00000, 0x00000000e9c00000|100%| E|CS|TAMS 0x00000000e9b00000, 0x00000000e9b00000| Complete 
| 156|0x00000000e9c00000, 0x00000000e9d00000, 0x00000000e9d00000|100%| E|CS|TAMS 0x00000000e9c00000, 0x00000000e9c00000| Complete 
| 157|0x00000000e9d00000, 0x00000000e9e00000, 0x00000000e9e00000|100%| E|CS|TAMS 0x00000000e9d00000, 0x00000000e9d00000| Complete 
| 158|0x00000000e9e00000, 0x00000000e9f00000, 0x00000000e9f00000|100%| E|CS|TAMS 0x00000000e9e00000, 0x00000000e9e00000| Complete 
| 159|0x00000000e9f00000, 0x00000000ea000000, 0x00000000ea000000|100%| E|CS|TAMS 0x00000000e9f00000, 0x00000000e9f00000| Complete 
| 160|0x00000000ea000000, 0x00000000ea100000, 0x00000000ea100000|100%| E|CS|TAMS 0x00000000ea000000, 0x00000000ea000000| Complete 
| 161|0x00000000ea100000, 0x00000000ea100000, 0x00000000ea200000|  0%| F|  |TAMS 0x00000000ea100000, 0x00000000ea100000| Untracked 
| 162|0x00000000ea200000, 0x00000000ea200000, 0x00000000ea300000|  0%| F|  |TAMS 0x00000000ea200000, 0x00000000ea200000| Untracked 
| 163|0x00000000ea300000, 0x00000000ea300000, 0x00000000ea400000|  0%| F|  |TAMS 0x00000000ea300000, 0x00000000ea300000| Untracked 
| 164|0x00000000ea400000, 0x00000000ea400000, 0x00000000ea500000|  0%| F|  |TAMS 0x00000000ea400000, 0x00000000ea400000| Untracked 
| 165|0x00000000ea500000, 0x00000000ea500000, 0x00000000ea600000|  0%| F|  |TAMS 0x00000000ea500000, 0x00000000ea500000| Untracked 
| 166|0x00000000ea600000, 0x00000000ea600000, 0x00000000ea700000|  0%| F|  |TAMS 0x00000000ea600000, 0x00000000ea600000| Untracked 
| 167|0x00000000ea700000, 0x00000000ea700000, 0x00000000ea800000|  0%| F|  |TAMS 0x00000000ea700000, 0x00000000ea700000| Untracked 
| 168|0x00000000ea800000, 0x00000000ea800000, 0x00000000ea900000|  0%| F|  |TAMS 0x00000000ea800000, 0x00000000ea800000| Untracked 
| 169|0x00000000ea900000, 0x00000000ea900000, 0x00000000eaa00000|  0%| F|  |TAMS 0x00000000ea900000, 0x00000000ea900000| Untracked 
| 170|0x00000000eaa00000, 0x00000000eaa00000, 0x00000000eab00000|  0%| F|  |TAMS 0x00000000eaa00000, 0x00000000eaa00000| Untracked 
| 171|0x00000000eab00000, 0x00000000eab00000, 0x00000000eac00000|  0%| F|  |TAMS 0x00000000eab00000, 0x00000000eab00000| Untracked 
| 172|0x00000000eac00000, 0x00000000eac00000, 0x00000000ead00000|  0%| F|  |TAMS 0x00000000eac00000, 0x00000000eac00000| Untracked 
| 173|0x00000000ead00000, 0x00000000ead00000, 0x00000000eae00000|  0%| F|  |TAMS 0x00000000ead00000, 0x00000000ead00000| Untracked 
| 174|0x00000000eae00000, 0x00000000eae00000, 0x00000000eaf00000|  0%| F|  |TAMS 0x00000000eae00000, 0x00000000eae00000| Untracked 
| 175|0x00000000eaf00000, 0x00000000eaf00000, 0x00000000eb000000|  0%| F|  |TAMS 0x00000000eaf00000, 0x00000000eaf00000| Untracked 
| 176|0x00000000eb000000, 0x00000000eb000000, 0x00000000eb100000|  0%| F|  |TAMS 0x00000000eb000000, 0x00000000eb000000| Untracked 
| 177|0x00000000eb100000, 0x00000000eb100000, 0x00000000eb200000|  0%| F|  |TAMS 0x00000000eb100000, 0x00000000eb100000| Untracked 
| 178|0x00000000eb200000, 0x00000000eb200000, 0x00000000eb300000|  0%| F|  |TAMS 0x00000000eb200000, 0x00000000eb200000| Untracked 
| 179|0x00000000eb300000, 0x00000000eb300000, 0x00000000eb400000|  0%| F|  |TAMS 0x00000000eb300000, 0x00000000eb300000| Untracked 
| 180|0x00000000eb400000, 0x00000000eb400000, 0x00000000eb500000|  0%| F|  |TAMS 0x00000000eb400000, 0x00000000eb400000| Untracked 
| 181|0x00000000eb500000, 0x00000000eb500000, 0x00000000eb600000|  0%| F|  |TAMS 0x00000000eb500000, 0x00000000eb500000| Untracked 
| 182|0x00000000eb600000, 0x00000000eb600000, 0x00000000eb700000|  0%| F|  |TAMS 0x00000000eb600000, 0x00000000eb600000| Untracked 
| 183|0x00000000eb700000, 0x00000000eb700000, 0x00000000eb800000|  0%| F|  |TAMS 0x00000000eb700000, 0x00000000eb700000| Untracked 
| 184|0x00000000eb800000, 0x00000000eb800000, 0x00000000eb900000|  0%| F|  |TAMS 0x00000000eb800000, 0x00000000eb800000| Untracked 
| 185|0x00000000eb900000, 0x00000000eb900000, 0x00000000eba00000|  0%| F|  |TAMS 0x00000000eb900000, 0x00000000eb900000| Untracked 
| 186|0x00000000eba00000, 0x00000000eba00000, 0x00000000ebb00000|  0%| F|  |TAMS 0x00000000eba00000, 0x00000000eba00000| Untracked 
| 187|0x00000000ebb00000, 0x00000000ebb00000, 0x00000000ebc00000|  0%| F|  |TAMS 0x00000000ebb00000, 0x00000000ebb00000| Untracked 
| 188|0x00000000ebc00000, 0x00000000ebc00000, 0x00000000ebd00000|  0%| F|  |TAMS 0x00000000ebc00000, 0x00000000ebc00000| Untracked 
| 189|0x00000000ebd00000, 0x00000000ebd00000, 0x00000000ebe00000|  0%| F|  |TAMS 0x00000000ebd00000, 0x00000000ebd00000| Untracked 
| 190|0x00000000ebe00000, 0x00000000ebe00000, 0x00000000ebf00000|  0%| F|  |TAMS 0x00000000ebe00000, 0x00000000ebe00000| Untracked 
| 191|0x00000000ebf00000, 0x00000000ebf00000, 0x00000000ec000000|  0%| F|  |TAMS 0x00000000ebf00000, 0x00000000ebf00000| Untracked 
| 192|0x00000000ec000000, 0x00000000ec000000, 0x00000000ec100000|  0%| F|  |TAMS 0x00000000ec000000, 0x00000000ec000000| Untracked 
| 193|0x00000000ec100000, 0x00000000ec100000, 0x00000000ec200000|  0%| F|  |TAMS 0x00000000ec100000, 0x00000000ec100000| Untracked 
| 194|0x00000000ec200000, 0x00000000ec200000, 0x00000000ec300000|  0%| F|  |TAMS 0x00000000ec200000, 0x00000000ec200000| Untracked 
| 195|0x00000000ec300000, 0x00000000ec300000, 0x00000000ec400000|  0%| F|  |TAMS 0x00000000ec300000, 0x00000000ec300000| Untracked 
| 196|0x00000000ec400000, 0x00000000ec400000, 0x00000000ec500000|  0%| F|  |TAMS 0x00000000ec400000, 0x00000000ec400000| Untracked 
| 197|0x00000000ec500000, 0x00000000ec500000, 0x00000000ec600000|  0%| F|  |TAMS 0x00000000ec500000, 0x00000000ec500000| Untracked 
| 198|0x00000000ec600000, 0x00000000ec600000, 0x00000000ec700000|  0%| F|  |TAMS 0x00000000ec600000, 0x00000000ec600000| Untracked 
| 199|0x00000000ec700000, 0x00000000ec700000, 0x00000000ec800000|  0%| F|  |TAMS 0x00000000ec700000, 0x00000000ec700000| Untracked 
| 200|0x00000000ec800000, 0x00000000ec800000, 0x00000000ec900000|  0%| F|  |TAMS 0x00000000ec800000, 0x00000000ec800000| Untracked 
| 201|0x00000000ec900000, 0x00000000ec900000, 0x00000000eca00000|  0%| F|  |TAMS 0x00000000ec900000, 0x00000000ec900000| Untracked 
| 202|0x00000000eca00000, 0x00000000eca00000, 0x00000000ecb00000|  0%| F|  |TAMS 0x00000000eca00000, 0x00000000eca00000| Untracked 
| 203|0x00000000ecb00000, 0x00000000ecb00000, 0x00000000ecc00000|  0%| F|  |TAMS 0x00000000ecb00000, 0x00000000ecb00000| Untracked 
| 204|0x00000000ecc00000, 0x00000000ecc00000, 0x00000000ecd00000|  0%| F|  |TAMS 0x00000000ecc00000, 0x00000000ecc00000| Untracked 
| 205|0x00000000ecd00000, 0x00000000ecd00000, 0x00000000ece00000|  0%| F|  |TAMS 0x00000000ecd00000, 0x00000000ecd00000| Untracked 
| 206|0x00000000ece00000, 0x00000000ece00000, 0x00000000ecf00000|  0%| F|  |TAMS 0x00000000ece00000, 0x00000000ece00000| Untracked 
| 207|0x00000000ecf00000, 0x00000000ecf00000, 0x00000000ed000000|  0%| F|  |TAMS 0x00000000ecf00000, 0x00000000ecf00000| Untracked 
| 208|0x00000000ed000000, 0x00000000ed000000, 0x00000000ed100000|  0%| F|  |TAMS 0x00000000ed000000, 0x00000000ed000000| Untracked 
| 209|0x00000000ed100000, 0x00000000ed100000, 0x00000000ed200000|  0%| F|  |TAMS 0x00000000ed100000, 0x00000000ed100000| Untracked 
| 210|0x00000000ed200000, 0x00000000ed200000, 0x00000000ed300000|  0%| F|  |TAMS 0x00000000ed200000, 0x00000000ed200000| Untracked 
| 211|0x00000000ed300000, 0x00000000ed300000, 0x00000000ed400000|  0%| F|  |TAMS 0x00000000ed300000, 0x00000000ed300000| Untracked 
| 212|0x00000000ed400000, 0x00000000ed400000, 0x00000000ed500000|  0%| F|  |TAMS 0x00000000ed400000, 0x00000000ed400000| Untracked 
| 213|0x00000000ed500000, 0x00000000ed500000, 0x00000000ed600000|  0%| F|  |TAMS 0x00000000ed500000, 0x00000000ed500000| Untracked 
| 214|0x00000000ed600000, 0x00000000ed600000, 0x00000000ed700000|  0%| F|  |TAMS 0x00000000ed600000, 0x00000000ed600000| Untracked 
| 215|0x00000000ed700000, 0x00000000ed700000, 0x00000000ed800000|  0%| F|  |TAMS 0x00000000ed700000, 0x00000000ed700000| Untracked 
| 216|0x00000000ed800000, 0x00000000ed800000, 0x00000000ed900000|  0%| F|  |TAMS 0x00000000ed800000, 0x00000000ed800000| Untracked 
| 217|0x00000000ed900000, 0x00000000ed900000, 0x00000000eda00000|  0%| F|  |TAMS 0x00000000ed900000, 0x00000000ed900000| Untracked 
| 218|0x00000000eda00000, 0x00000000eda00000, 0x00000000edb00000|  0%| F|  |TAMS 0x00000000eda00000, 0x00000000eda00000| Untracked 
| 219|0x00000000edb00000, 0x00000000edb00000, 0x00000000edc00000|  0%| F|  |TAMS 0x00000000edb00000, 0x00000000edb00000| Untracked 
| 220|0x00000000edc00000, 0x00000000edc00000, 0x00000000edd00000|  0%| F|  |TAMS 0x00000000edc00000, 0x00000000edc00000| Untracked 
| 221|0x00000000edd00000, 0x00000000edd00000, 0x00000000ede00000|  0%| F|  |TAMS 0x00000000edd00000, 0x00000000edd00000| Untracked 
| 222|0x00000000ede00000, 0x00000000ede00000, 0x00000000edf00000|  0%| F|  |TAMS 0x00000000ede00000, 0x00000000ede00000| Untracked 
| 223|0x00000000edf00000, 0x00000000edf00000, 0x00000000ee000000|  0%| F|  |TAMS 0x00000000edf00000, 0x00000000edf00000| Untracked 
| 224|0x00000000ee000000, 0x00000000ee000000, 0x00000000ee100000|  0%| F|  |TAMS 0x00000000ee000000, 0x00000000ee000000| Untracked 
| 225|0x00000000ee100000, 0x00000000ee100000, 0x00000000ee200000|  0%| F|  |TAMS 0x00000000ee100000, 0x00000000ee100000| Untracked 
| 226|0x00000000ee200000, 0x00000000ee200000, 0x00000000ee300000|  0%| F|  |TAMS 0x00000000ee200000, 0x00000000ee200000| Untracked 
| 227|0x00000000ee300000, 0x00000000ee300000, 0x00000000ee400000|  0%| F|  |TAMS 0x00000000ee300000, 0x00000000ee300000| Untracked 
| 228|0x00000000ee400000, 0x00000000ee400000, 0x00000000ee500000|  0%| F|  |TAMS 0x00000000ee400000, 0x00000000ee400000| Untracked 
| 229|0x00000000ee500000, 0x00000000ee500000, 0x00000000ee600000|  0%| F|  |TAMS 0x00000000ee500000, 0x00000000ee500000| Untracked 
| 230|0x00000000ee600000, 0x00000000ee600000, 0x00000000ee700000|  0%| F|  |TAMS 0x00000000ee600000, 0x00000000ee600000| Untracked 
| 231|0x00000000ee700000, 0x00000000ee700000, 0x00000000ee800000|  0%| F|  |TAMS 0x00000000ee700000, 0x00000000ee700000| Untracked 
| 232|0x00000000ee800000, 0x00000000ee800000, 0x00000000ee900000|  0%| F|  |TAMS 0x00000000ee800000, 0x00000000ee800000| Untracked 
| 233|0x00000000ee900000, 0x00000000ee900000, 0x00000000eea00000|  0%| F|  |TAMS 0x00000000ee900000, 0x00000000ee900000| Untracked 
| 234|0x00000000eea00000, 0x00000000eea00000, 0x00000000eeb00000|  0%| F|  |TAMS 0x00000000eea00000, 0x00000000eea00000| Untracked 
| 235|0x00000000eeb00000, 0x00000000eeb00000, 0x00000000eec00000|  0%| F|  |TAMS 0x00000000eeb00000, 0x00000000eeb00000| Untracked 
| 236|0x00000000eec00000, 0x00000000eec00000, 0x00000000eed00000|  0%| F|  |TAMS 0x00000000eec00000, 0x00000000eec00000| Untracked 
| 237|0x00000000eed00000, 0x00000000eed00000, 0x00000000eee00000|  0%| F|  |TAMS 0x00000000eed00000, 0x00000000eed00000| Untracked 
| 238|0x00000000eee00000, 0x00000000eee00000, 0x00000000eef00000|  0%| F|  |TAMS 0x00000000eee00000, 0x00000000eee00000| Untracked 
| 239|0x00000000eef00000, 0x00000000eef00000, 0x00000000ef000000|  0%| F|  |TAMS 0x00000000eef00000, 0x00000000eef00000| Untracked 
| 240|0x00000000ef000000, 0x00000000ef000000, 0x00000000ef100000|  0%| F|  |TAMS 0x00000000ef000000, 0x00000000ef000000| Untracked 
| 241|0x00000000ef100000, 0x00000000ef100000, 0x00000000ef200000|  0%| F|  |TAMS 0x00000000ef100000, 0x00000000ef100000| Untracked 
| 242|0x00000000ef200000, 0x00000000ef200000, 0x00000000ef300000|  0%| F|  |TAMS 0x00000000ef200000, 0x00000000ef200000| Untracked 
| 243|0x00000000ef300000, 0x00000000ef300000, 0x00000000ef400000|  0%| F|  |TAMS 0x00000000ef300000, 0x00000000ef300000| Untracked 
| 244|0x00000000ef400000, 0x00000000ef400000, 0x00000000ef500000|  0%| F|  |TAMS 0x00000000ef400000, 0x00000000ef400000| Untracked 
| 245|0x00000000ef500000, 0x00000000ef500000, 0x00000000ef600000|  0%| F|  |TAMS 0x00000000ef500000, 0x00000000ef500000| Untracked 
| 246|0x00000000ef600000, 0x00000000ef600000, 0x00000000ef700000|  0%| F|  |TAMS 0x00000000ef600000, 0x00000000ef600000| Untracked 
| 247|0x00000000ef700000, 0x00000000ef700000, 0x00000000ef800000|  0%| F|  |TAMS 0x00000000ef700000, 0x00000000ef700000| Untracked 
| 248|0x00000000ef800000, 0x00000000ef800000, 0x00000000ef900000|  0%| F|  |TAMS 0x00000000ef800000, 0x00000000ef800000| Untracked 
| 249|0x00000000ef900000, 0x00000000ef900000, 0x00000000efa00000|  0%| F|  |TAMS 0x00000000ef900000, 0x00000000ef900000| Untracked 
| 250|0x00000000efa00000, 0x00000000efa00000, 0x00000000efb00000|  0%| F|  |TAMS 0x00000000efa00000, 0x00000000efa00000| Untracked 
| 251|0x00000000efb00000, 0x00000000efb00000, 0x00000000efc00000|  0%| F|  |TAMS 0x00000000efb00000, 0x00000000efb00000| Untracked 
| 252|0x00000000efc00000, 0x00000000efc00000, 0x00000000efd00000|  0%| F|  |TAMS 0x00000000efc00000, 0x00000000efc00000| Untracked 
| 253|0x00000000efd00000, 0x00000000efd64818, 0x00000000efe00000| 39%| S|  |TAMS 0x00000000efd00000, 0x00000000efd00000| Complete 
| 254|0x00000000efe00000, 0x00000000eff00000, 0x00000000eff00000|100%| S|  |TAMS 0x00000000efe00000, 0x00000000efe00000| Complete 
| 255|0x00000000eff00000, 0x00000000f0000000, 0x00000000f0000000|100%| E|CS|TAMS 0x00000000eff00000, 0x00000000eff00000| Complete 

Card table byte_map: [0x0000022977b30000,0x0000022977c30000] _byte_map_base: 0x0000022977430000

Marking Bits (Prev, Next): (CMBitMap*) 0x000002295f0adff0, (CMBitMap*) 0x000002295f0adfb0
 Prev Bits: [0x0000022978530000, 0x0000022978d30000)
 Next Bits: [0x0000022977d30000, 0x0000022978530000)

Polling page: 0x000002295f140000

Metaspace:

Usage:
  Non-class:    113.30 MB used.
      Class:     16.70 MB used.
       Both:    130.00 MB used.

Virtual space:
  Non-class space:      128.00 MB reserved,     113.75 MB ( 89%) committed,  2 nodes.
      Class space:      320.00 MB reserved,      17.12 MB (  5%) committed,  1 nodes.
             Both:      448.00 MB reserved,     130.88 MB ( 29%) committed. 

Chunk freelists:
   Non-Class:  14.17 MB
       Class:  14.73 MB
        Both:  28.91 MB

MaxMetaspaceSize: 384.00 MB
CompressedClassSpaceSize: 320.00 MB
Initial GC threshold: 21.00 MB
Current GC threshold: 201.56 MB
CDS: on
MetaspaceReclaimPolicy: balanced
 - commit_granule_bytes: 65536.
 - commit_granule_words: 8192.
 - virtual_space_node_default_size: 8388608.
 - enlarge_chunks_in_place: 1.
 - new_chunks_are_fully_committed: 0.
 - uncommit_free_chunks: 1.
 - use_allocation_guard: 0.
 - handle_deallocations: 1.


Internal statistics:

num_allocs_failed_limit: 15.
num_arena_births: 1032.
num_arena_deaths: 0.
num_vsnodes_births: 3.
num_vsnodes_deaths: 0.
num_space_committed: 2092.
num_space_uncommitted: 0.
num_chunks_returned_to_freelist: 15.
num_chunks_taken_from_freelist: 5870.
num_chunk_merges: 12.
num_chunk_splits: 4378.
num_chunks_enlarged: 3388.
num_inconsistent_stats: 0.

CodeHeap 'non-profiled nmethods': size=120000Kb used=6839Kb max_used=6839Kb free=113160Kb
 bounds [0x000002296fed0000, 0x0000022970580000, 0x0000022977400000]
CodeHeap 'profiled nmethods': size=120000Kb used=27442Kb max_used=27442Kb free=92558Kb
 bounds [0x0000022968400000, 0x0000022969ed0000, 0x000002296f930000]
CodeHeap 'non-nmethods': size=5760Kb used=2589Kb max_used=2665Kb free=3170Kb
 bounds [0x000002296f930000, 0x000002296fbf0000, 0x000002296fed0000]
 total_blobs=13771 nmethods=12621 adapters=1060
 compilation: enabled
              stopped_count=0, restarted_count=0
 full_count=0

Compilation events (20 events):
Event: 100.711 Thread 0x000002297b385600 14772       3       org.apache.http.util.CharArrayBuffer::ensureCapacity (32 bytes)
Event: 100.711 Thread 0x000002297b385600 nmethod 14772 0x0000022969ec3b90 code [0x0000022969ec3d40, 0x0000022969ec3f28]
Event: 100.711 Thread 0x000002297b385600 14773       1       org.apache.http.util.CharArrayBuffer::buffer (5 bytes)
Event: 100.711 Thread 0x000002297b385600 nmethod 14773 0x000002297057d890 code [0x000002297057da20, 0x000002297057daf8]
Event: 100.786 Thread 0x000002297b385600 14774       3       org.apache.http.message.BasicHttpResponse::getStatusLine (66 bytes)
Event: 100.788 Thread 0x000002297b385600 nmethod 14774 0x0000022969ec4010 code [0x0000022969ec4220, 0x0000022969ec4868]
Event: 100.805 Thread 0x000002297b385600 14775       3       java.security.MessageDigest::update (11 bytes)
Event: 100.806 Thread 0x000002297b385600 nmethod 14775 0x0000022969ec4a10 code [0x0000022969ec4bc0, 0x0000022969ec4e88]
Event: 100.806 Thread 0x000002297b385600 14776       3       java.security.MessageDigest$Delegate::engineUpdate (9 bytes)
Event: 100.806 Thread 0x000002297b385600 nmethod 14776 0x0000022969ec4f90 code [0x0000022969ec5140, 0x0000022969ec5308]
Event: 100.814 Thread 0x000002297b385600 14777       3       com.google.gson.stream.JsonReader::nextString (197 bytes)
Event: 100.816 Thread 0x000002297b385600 nmethod 14777 0x0000022969ec5410 code [0x0000022969ec5700, 0x0000022969ec6428]
Event: 100.816 Thread 0x000002297b385600 14778       3       com.google.gson.stream.JsonReader::nextName (116 bytes)
Event: 100.818 Thread 0x000002297b385600 nmethod 14778 0x0000022969ec6890 code [0x0000022969ec6b60, 0x0000022969ec7808]
Event: 100.904 Thread 0x000002297b385600 14779       3       org.gradle.internal.component.model.MutableModuleSources::add (34 bytes)
Event: 100.905 Thread 0x000002297b385600 nmethod 14779 0x0000022969ec7c10 code [0x0000022969ec7e00, 0x0000022969ec82b8]
Event: 100.916 Thread 0x000002297b385600 14780       1       org.gradle.internal.component.external.model.AbstractModuleComponentResolveMetadata::getVariants (5 bytes)
Event: 100.916 Thread 0x000002297b385600 nmethod 14780 0x000002297057db90 code [0x000002297057dd20, 0x000002297057ddf8]
Event: 100.941 Thread 0x000002297b385600 14783       3       org.apache.http.util.ByteArrayBuffer::append (207 bytes)
Event: 100.943 Thread 0x000002297b385600 nmethod 14783 0x0000022969ec8490 code [0x0000022969ec8780, 0x0000022969ec9508]

GC Heap History (20 events):
Event: 42.451 GC heap before
{Heap before GC invocations=11 (full 0):
 garbage-first heap   total 262144K, used 98898K [0x00000000e0000000, 0x0000000100000000)
  region size 1024K, 49 young (50176K), 10 survivors (10240K)
 Metaspace       used 59637K, committed 60288K, reserved 393216K
  class space    used 8280K, committed 8640K, reserved 327680K
}
Event: 42.478 GC heap after
{Heap after GC invocations=12 (full 0):
 garbage-first heap   total 262144K, used 62005K [0x00000000e0000000, 0x0000000100000000)
  region size 1024K, 12 young (12288K), 12 survivors (12288K)
 Metaspace       used 59637K, committed 60288K, reserved 393216K
  class space    used 8280K, committed 8640K, reserved 327680K
}
Event: 49.101 GC heap before
{Heap before GC invocations=13 (full 0):
 garbage-first heap   total 262144K, used 205365K [0x00000000e0000000, 0x0000000100000000)
  region size 1024K, 153 young (156672K), 12 survivors (12288K)
 Metaspace       used 66051K, committed 66752K, reserved 393216K
  class space    used 9136K, committed 9472K, reserved 327680K
}
Event: 49.136 GC heap after
{Heap after GC invocations=14 (full 0):
 garbage-first heap   total 262144K, used 65846K [0x00000000e0000000, 0x0000000100000000)
  region size 1024K, 6 young (6144K), 6 survivors (6144K)
 Metaspace       used 66051K, committed 66752K, reserved 393216K
  class space    used 9136K, committed 9472K, reserved 327680K
}
Event: 55.357 GC heap before
{Heap before GC invocations=14 (full 0):
 garbage-first heap   total 262144K, used 218422K [0x00000000e0000000, 0x0000000100000000)
  region size 1024K, 148 young (151552K), 6 survivors (6144K)
 Metaspace       used 79197K, committed 80000K, reserved 458752K
  class space    used 11231K, committed 11584K, reserved 327680K
}
Event: 55.408 GC heap after
{Heap after GC invocations=15 (full 0):
 garbage-first heap   total 262144K, used 80107K [0x00000000e0000000, 0x0000000100000000)
  region size 1024K, 19 young (19456K), 19 survivors (19456K)
 Metaspace       used 79197K, committed 80000K, reserved 458752K
  class space    used 11231K, committed 11584K, reserved 327680K
}
Event: 61.600 GC heap before
{Heap before GC invocations=15 (full 0):
 garbage-first heap   total 262144K, used 212203K [0x00000000e0000000, 0x0000000100000000)
  region size 1024K, 141 young (144384K), 19 survivors (19456K)
 Metaspace       used 89605K, committed 90304K, reserved 458752K
  class space    used 12279K, committed 12608K, reserved 327680K
}
Event: 61.686 GC heap after
{Heap after GC invocations=16 (full 0):
 garbage-first heap   total 262144K, used 101764K [0x00000000e0000000, 0x0000000100000000)
  region size 1024K, 14 young (14336K), 14 survivors (14336K)
 Metaspace       used 89605K, committed 90304K, reserved 458752K
  class space    used 12279K, committed 12608K, reserved 327680K
}
Event: 67.828 GC heap before
{Heap before GC invocations=16 (full 0):
 garbage-first heap   total 262144K, used 208260K [0x00000000e0000000, 0x0000000100000000)
  region size 1024K, 117 young (119808K), 14 survivors (14336K)
 Metaspace       used 99162K, committed 99904K, reserved 458752K
  class space    used 13416K, committed 13760K, reserved 327680K
}
Event: 67.866 GC heap after
{Heap after GC invocations=17 (full 0):
 garbage-first heap   total 262144K, used 108032K [0x00000000e0000000, 0x0000000100000000)
  region size 1024K, 7 young (7168K), 7 survivors (7168K)
 Metaspace       used 99162K, committed 99904K, reserved 458752K
  class space    used 13416K, committed 13760K, reserved 327680K
}
Event: 69.950 GC heap before
{Heap before GC invocations=17 (full 0):
 garbage-first heap   total 262144K, used 144896K [0x00000000e0000000, 0x0000000100000000)
  region size 1024K, 44 young (45056K), 7 survivors (7168K)
 Metaspace       used 100074K, committed 100736K, reserved 458752K
  class space    used 13499K, committed 13824K, reserved 327680K
}
Event: 69.980 GC heap after
{Heap after GC invocations=18 (full 0):
 garbage-first heap   total 262144K, used 110976K [0x00000000e0000000, 0x0000000100000000)
  region size 1024K, 10 young (10240K), 10 survivors (10240K)
 Metaspace       used 100074K, committed 100736K, reserved 458752K
  class space    used 13499K, committed 13824K, reserved 327680K
}
Event: 78.753 GC heap before
{Heap before GC invocations=19 (full 0):
 garbage-first heap   total 262144K, used 212352K [0x00000000e0000000, 0x0000000100000000)
  region size 1024K, 109 young (111616K), 10 survivors (10240K)
 Metaspace       used 109458K, committed 110208K, reserved 458752K
  class space    used 14465K, committed 14784K, reserved 327680K
}
Event: 78.809 GC heap after
{Heap after GC invocations=20 (full 0):
 garbage-first heap   total 262144K, used 119711K [0x00000000e0000000, 0x0000000100000000)
  region size 1024K, 13 young (13312K), 13 survivors (13312K)
 Metaspace       used 109458K, committed 110208K, reserved 458752K
  class space    used 14465K, committed 14784K, reserved 327680K
}
Event: 78.923 GC heap before
{Heap before GC invocations=20 (full 0):
 garbage-first heap   total 262144K, used 120735K [0x00000000e0000000, 0x0000000100000000)
  region size 1024K, 14 young (14336K), 13 survivors (13312K)
 Metaspace       used 109554K, committed 110336K, reserved 458752K
  class space    used 14480K, committed 14848K, reserved 327680K
}
Event: 78.966 GC heap after
{Heap after GC invocations=21 (full 0):
 garbage-first heap   total 262144K, used 120832K [0x00000000e0000000, 0x0000000100000000)
  region size 1024K, 2 young (2048K), 2 survivors (2048K)
 Metaspace       used 109554K, committed 110336K, reserved 458752K
  class space    used 14480K, committed 14848K, reserved 327680K
}
Event: 87.969 GC heap before
{Heap before GC invocations=21 (full 0):
 garbage-first heap   total 262144K, used 212992K [0x00000000e0000000, 0x0000000100000000)
  region size 1024K, 92 young (94208K), 2 survivors (2048K)
 Metaspace       used 122554K, committed 123328K, reserved 458752K
  class space    used 15785K, committed 16128K, reserved 327680K
}
Event: 87.983 GC heap after
{Heap after GC invocations=22 (full 0):
 garbage-first heap   total 262144K, used 120523K [0x00000000e0000000, 0x0000000100000000)
  region size 1024K, 2 young (2048K), 2 survivors (2048K)
 Metaspace       used 122554K, committed 123328K, reserved 458752K
  class space    used 15785K, committed 16128K, reserved 327680K
}
Event: 100.821 GC heap before
{Heap before GC invocations=23 (full 0):
 garbage-first heap   total 262144K, used 215755K [0x00000000e0000000, 0x0000000100000000)
  region size 1024K, 95 young (97280K), 2 survivors (2048K)
 Metaspace       used 133109K, committed 134016K, reserved 458752K
  class space    used 17102K, committed 17536K, reserved 327680K
}
Event: 100.892 GC heap after
{Heap after GC invocations=24 (full 0):
 garbage-first heap   total 262144K, used 122132K [0x00000000e0000000, 0x0000000100000000)
  region size 1024K, 11 young (11264K), 11 survivors (11264K)
 Metaspace       used 133109K, committed 134016K, reserved 458752K
  class space    used 17102K, committed 17536K, reserved 327680K
}

Dll operation events (15 events):
Event: 0.033 Loaded shared library C:\Program Files\Eclipse Adoptium\jdk-17.0.20.101-hotspot\bin\java.dll
Event: 0.077 Loaded shared library C:\Program Files\Eclipse Adoptium\jdk-17.0.20.101-hotspot\bin\jsvml.dll
Event: 0.197 Loaded shared library C:\Program Files\Eclipse Adoptium\jdk-17.0.20.101-hotspot\bin\zip.dll
Event: 0.205 Loaded shared library C:\Program Files\Eclipse Adoptium\jdk-17.0.20.101-hotspot\bin\instrument.dll
Event: 0.217 Loaded shared library C:\Program Files\Eclipse Adoptium\jdk-17.0.20.101-hotspot\bin\net.dll
Event: 0.224 Loaded shared library C:\Program Files\Eclipse Adoptium\jdk-17.0.20.101-hotspot\bin\nio.dll
Event: 0.229 Loaded shared library C:\Program Files\Eclipse Adoptium\jdk-17.0.20.101-hotspot\bin\zip.dll
Event: 0.773 Loaded shared library C:\Program Files\Eclipse Adoptium\jdk-17.0.20.101-hotspot\bin\jimage.dll
Event: 1.241 Loaded shared library C:\Program Files\Eclipse Adoptium\jdk-17.0.20.101-hotspot\bin\verify.dll
Event: 1.590 Loaded shared library C:\Users\welcome\.gradle\native\c067742578af261105cb4f569cf0c3c89f3d7b1fecec35dd04571415982c5e48\windows-amd64\native-platform.dll
Event: 1.615 Loaded shared library C:\Users\welcome\.gradle\native\100fb08df4bc3b14c8652ba06237920a3bd2aa13389f12d3474272988ae205f9\windows-amd64\native-platform-file-events.dll
Event: 4.788 Loaded shared library C:\Program Files\Eclipse Adoptium\jdk-17.0.20.101-hotspot\bin\management.dll
Event: 4.799 Loaded shared library C:\Program Files\Eclipse Adoptium\jdk-17.0.20.101-hotspot\bin\management_ext.dll
Event: 5.716 Loaded shared library C:\Program Files\Eclipse Adoptium\jdk-17.0.20.101-hotspot\bin\extnet.dll
Event: 7.151 Loaded shared library C:\Program Files\Eclipse Adoptium\jdk-17.0.20.101-hotspot\bin\sunmscapi.dll

Deoptimization events (20 events):
Event: 98.121 Thread 0x0000022919ee1620 DEOPT PACKING pc=0x00000229703d9f04 sp=0x000000722b5f3040
Event: 98.121 Thread 0x0000022919ee1620 DEOPT UNPACKING pc=0x000002296f9869a3 sp=0x000000722b5f3030 mode 2
Event: 98.122 Thread 0x0000022919ee1620 Uncommon trap: trap_request=0xffffff45 fr.pc=0x00000229700da760 relative=0x0000000000000500
Event: 98.122 Thread 0x0000022919ee1620 Uncommon trap: reason=unstable_if action=reinterpret pc=0x00000229700da760 method=com.sun.org.apache.xerces.internal.impl.XMLEntityScanner.scanContent(Lcom/sun/org/apache/xerces/internal/xni/XMLString;)I @ 103 c2
Event: 98.122 Thread 0x0000022919ee1620 DEOPT PACKING pc=0x00000229700da760 sp=0x000000722b5f3140
Event: 98.122 Thread 0x0000022919ee1620 DEOPT UNPACKING pc=0x000002296f9869a3 sp=0x000000722b5f3100 mode 2
Event: 98.241 Thread 0x0000022919ee1620 DEOPT PACKING pc=0x0000022969a9bb26 sp=0x000000722b5f5690
Event: 98.241 Thread 0x0000022919ee1620 DEOPT UNPACKING pc=0x000002296f987143 sp=0x000000722b5f4c20 mode 0
Event: 98.307 Thread 0x0000022919ee1620 DEOPT PACKING pc=0x0000022969e6ba4a sp=0x000000722b5f6c20
Event: 98.307 Thread 0x0000022919ee1620 DEOPT UNPACKING pc=0x000002296f987143 sp=0x000000722b5f6148 mode 0
Event: 98.308 Thread 0x0000022919ee1620 DEOPT PACKING pc=0x0000022969a9bb26 sp=0x000000722b5f6b70
Event: 98.308 Thread 0x0000022919ee1620 DEOPT UNPACKING pc=0x000002296f987143 sp=0x000000722b5f6100 mode 0
Event: 98.333 Thread 0x0000022919ee1620 DEOPT PACKING pc=0x0000022969a9bb26 sp=0x000000722b5f67d0
Event: 98.333 Thread 0x0000022919ee1620 DEOPT UNPACKING pc=0x000002296f987143 sp=0x000000722b5f5d60 mode 0
Event: 98.594 Thread 0x0000022919ee1620 DEOPT PACKING pc=0x000002296942207b sp=0x000000722b5f2fb0
Event: 98.594 Thread 0x0000022919ee1620 DEOPT UNPACKING pc=0x000002296f987143 sp=0x000000722b5f23e0 mode 0
Event: 98.620 Thread 0x0000022919ee1620 DEOPT PACKING pc=0x0000022969a9bb26 sp=0x000000722b5f42b0
Event: 98.620 Thread 0x0000022919ee1620 DEOPT UNPACKING pc=0x000002296f987143 sp=0x000000722b5f3840 mode 0
Event: 98.777 Thread 0x0000022919ee1620 DEOPT PACKING pc=0x0000022969a9bb26 sp=0x000000722b5f2dd0
Event: 98.777 Thread 0x0000022919ee1620 DEOPT UNPACKING pc=0x000002296f987143 sp=0x000000722b5f2360 mode 0

Classes loaded (20 events):
Event: 95.767 Loading class com/sun/org/apache/xerces/internal/dom/AttrImpl done
Event: 95.768 Loading class com/sun/org/apache/xerces/internal/dom/DeferredAttrImpl done
Event: 95.826 Loading class com/sun/org/apache/xerces/internal/dom/DeferredTextImpl
Event: 95.827 Loading class com/sun/org/apache/xerces/internal/dom/TextImpl
Event: 95.828 Loading class org/w3c/dom/CharacterData
Event: 95.833 Loading class org/w3c/dom/CharacterData done
Event: 95.833 Loading class org/w3c/dom/Text
Event: 95.833 Loading class org/w3c/dom/Text done
Event: 95.833 Loading class com/sun/org/apache/xerces/internal/dom/CharacterDataImpl
Event: 95.835 Loading class com/sun/org/apache/xerces/internal/dom/CharacterDataImpl done
Event: 95.835 Loading class com/sun/org/apache/xerces/internal/dom/TextImpl done
Event: 95.835 Loading class com/sun/org/apache/xerces/internal/dom/DeferredTextImpl done
Event: 95.835 Loading class com/sun/org/apache/xerces/internal/dom/CharacterDataImpl$1
Event: 95.836 Loading class com/sun/org/apache/xerces/internal/dom/CharacterDataImpl$1 done
Event: 96.031 Loading class org/w3c/dom/Comment
Event: 96.031 Loading class org/w3c/dom/Comment done
Event: 96.340 Loading class com/sun/org/apache/xerces/internal/dom/DeferredCommentImpl
Event: 96.344 Loading class com/sun/org/apache/xerces/internal/dom/CommentImpl
Event: 96.347 Loading class com/sun/org/apache/xerces/internal/dom/CommentImpl done
Event: 96.347 Loading class com/sun/org/apache/xerces/internal/dom/DeferredCommentImpl done

Classes unloaded (0 events):
No events

Classes redefined (0 events):
No events

Internal exceptions (20 events):
Event: 90.901 Thread 0x0000022919ee2550 Exception <a 'java/lang/NoSuchMethodError'{0x00000000ee4d2010}: static Lorg/gradle/internal/build/event/types/DefaultScriptPluginIdentifier;.<clinit>()V> (0x00000000ee4d2010) 
thrown [s\src\hotspot\share\prims\jni.cpp, line 1112]
Event: 90.937 Thread 0x0000022919ee1620 Exception <a 'java/lang/ClassNotFoundException'{0x00000000ee3d1ce8}: java/util/TreeSetBeanInfo> (0x00000000ee3d1ce8) 
thrown [s\src\hotspot\share\classfile\systemDictionary.cpp, line 257]
Event: 90.939 Thread 0x0000022919ee1620 Exception <a 'java/lang/ClassNotFoundException'{0x00000000ee3d7a18}: java/util/AbstractSetBeanInfo> (0x00000000ee3d7a18) 
thrown [s\src\hotspot\share\classfile\systemDictionary.cpp, line 257]
Event: 90.940 Thread 0x0000022919ee1620 Exception <a 'java/lang/ClassNotFoundException'{0x00000000ee3dd778}: java/util/AbstractSetCustomizer> (0x00000000ee3dd778) 
thrown [s\src\hotspot\share\classfile\systemDictionary.cpp, line 257]
Event: 90.978 Thread 0x0000022919ee1620 Exception <a 'java/lang/ClassNotFoundException'{0x00000000ee20f738}: java/util/TreeSetCustomizer> (0x00000000ee20f738) 
thrown [s\src\hotspot\share\classfile\systemDictionary.cpp, line 257]
Event: 91.038 Thread 0x0000022919ee1620 Exception <a 'java/lang/ClassNotFoundException'{0x00000000ee121078}: org/gradle/plugins/ide/eclipse/model/EclipseModel_DecoratedBeanInfo> (0x00000000ee121078) 
thrown [s\src\hotspot\share\classfile\systemDictionary.cpp, line 257]
Event: 91.039 Thread 0x0000022919ee1620 Exception <a 'java/lang/ClassNotFoundException'{0x00000000ee12f8c8}: org/gradle/plugins/ide/eclipse/model/EclipseModelBeanInfo> (0x00000000ee12f8c8) 
thrown [s\src\hotspot\share\classfile\systemDictionary.cpp, line 257]
Event: 91.041 Thread 0x0000022919ee1620 Exception <a 'java/lang/ClassNotFoundException'{0x00000000ee13e108}: org/gradle/plugins/ide/eclipse/model/EclipseModelCustomizer> (0x00000000ee13e108) 
thrown [s\src\hotspot\share\classfile\systemDictionary.cpp, line 257]
Event: 91.043 Thread 0x0000022919ee1620 Exception <a 'java/lang/ClassNotFoundException'{0x00000000ee162170}: org/gradle/plugins/ide/eclipse/model/EclipseModel_DecoratedCustomizer> (0x00000000ee162170) 
thrown [s\src\hotspot\share\classfile\systemDictionary.cpp, line 257]
Event: 91.054 Thread 0x0000022919ee1620 Exception <a 'java/lang/ClassNotFoundException'{0x00000000ee1d2a60}: org/gradle/plugins/ide/eclipse/model/EclipseClasspath_DecoratedBeanInfo> (0x00000000ee1d2a60) 
thrown [s\src\hotspot\share\classfile\systemDictionary.cpp, line 257]
Event: 91.056 Thread 0x0000022919ee1620 Exception <a 'java/lang/ClassNotFoundException'{0x00000000ee1e12e0}: org/gradle/plugins/ide/eclipse/model/EclipseClasspathBeanInfo> (0x00000000ee1e12e0) 
thrown [s\src\hotspot\share\classfile\systemDictionary.cpp, line 257]
Event: 91.057 Thread 0x0000022919ee1620 Exception <a 'java/lang/ClassNotFoundException'{0x00000000ee1efc98}: org/gradle/plugins/ide/eclipse/model/EclipseClasspathCustomizer> (0x00000000ee1efc98) 
thrown [s\src\hotspot\share\classfile\systemDictionary.cpp, line 257]
Event: 91.065 Thread 0x0000022919ee1620 Exception <a 'java/lang/ClassNotFoundException'{0x00000000ee0282a0}: org/gradle/plugins/ide/eclipse/model/EclipseClasspath_DecoratedCustomizer> (0x00000000ee0282a0) 
thrown [s\src\hotspot\share\classfile\systemDictionary.cpp, line 257]
Event: 91.088 Thread 0x0000022919ee1620 Exception <a 'java/lang/ClassNotFoundException'{0x00000000ee0ba618}: org/gradle/plugins/ide/api/XmlFileContentMergerBeanInfo> (0x00000000ee0ba618) 
thrown [s\src\hotspot\share\classfile\systemDictionary.cpp, line 257]
Event: 91.089 Thread 0x0000022919ee1620 Exception <a 'java/lang/ClassNotFoundException'{0x00000000ee0c8af0}: org/gradle/plugins/ide/api/FileContentMergerBeanInfo> (0x00000000ee0c8af0) 
thrown [s\src\hotspot\share\classfile\systemDictionary.cpp, line 257]
Event: 91.091 Thread 0x0000022919ee1620 Exception <a 'java/lang/ClassNotFoundException'{0x00000000ee0d6fe8}: org/gradle/plugins/ide/api/FileContentMergerCustomizer> (0x00000000ee0d6fe8) 
thrown [s\src\hotspot\share\classfile\systemDictionary.cpp, line 257]
Event: 91.093 Thread 0x0000022919ee1620 Exception <a 'java/lang/ClassNotFoundException'{0x00000000ee0f0220}: org/gradle/plugins/ide/api/XmlFileContentMergerCustomizer> (0x00000000ee0f0220) 
thrown [s\src\hotspot\share\classfile\systemDictionary.cpp, line 257]
Event: 91.889 Thread 0x0000022919ee1620 Exception <a 'sun/nio/fs/WindowsException'{0x00000000ed793d98}> (0x00000000ed793d98) 
thrown [s\src\hotspot\share\prims\jni.cpp, line 516]
Event: 95.129 Thread 0x0000022919ee1620 Exception <a 'java/lang/NoSuchMethodError'{0x00000000ec066de8}: 'int java.lang.invoke.DirectMethodHandle$Holder.invokeSpecial(java.lang.Object, java.lang.Object, int)'> (0x00000000ec066de8) 
thrown [s\src\hotspot\share\interpreter\linkResolver.cpp, line 759]
Event: 96.008 Thread 0x0000022919ee1620 Implicit null exception at 0x00000229703e7a37 to 0x00000229703e7b6c

VM Operations (20 events):
Event: 94.988 Executing VM operation: Cleanup
Event: 94.988 Executing VM operation: Cleanup done
Event: 95.189 Executing VM operation: HandshakeAllThreads
Event: 95.189 Executing VM operation: HandshakeAllThreads done
Event: 95.312 Executing VM operation: HandshakeAllThreads
Event: 95.312 Executing VM operation: HandshakeAllThreads done
Event: 95.750 Executing VM operation: HandshakeAllThreads
Event: 95.750 Executing VM operation: HandshakeAllThreads done
Event: 95.757 Executing VM operation: HandshakeAllThreads
Event: 95.757 Executing VM operation: HandshakeAllThreads done
Event: 96.768 Executing VM operation: Cleanup
Event: 96.768 Executing VM operation: Cleanup done
Event: 97.772 Executing VM operation: Cleanup
Event: 97.772 Executing VM operation: Cleanup done
Event: 98.787 Executing VM operation: Cleanup
Event: 98.788 Executing VM operation: Cleanup done
Event: 99.796 Executing VM operation: Cleanup
Event: 99.843 Executing VM operation: Cleanup done
Event: 100.821 Executing VM operation: G1CollectForAllocation
Event: 100.892 Executing VM operation: G1CollectForAllocation done

Memory protections (0 events):
No events

Nmethod flushes (20 events):
Event: 91.030 Thread 0x000002297b388330 flushing  nmethod 0x0000022969a98c10
Event: 91.030 Thread 0x000002297b388330 flushing  nmethod 0x0000022969aaf590
Event: 91.030 Thread 0x000002297b388330 flushing  nmethod 0x0000022969ac8f90
Event: 91.030 Thread 0x000002297b388330 flushing  nmethod 0x0000022969b41d10
Event: 91.030 Thread 0x000002297b388330 flushing  nmethod 0x0000022969b43d90
Event: 91.031 Thread 0x000002297b388330 flushing  nmethod 0x0000022969b75a90
Event: 91.031 Thread 0x000002297b388330 flushing  nmethod 0x0000022969b75e90
Event: 91.031 Thread 0x000002297b388330 flushing  nmethod 0x0000022969b8e990
Event: 91.031 Thread 0x000002297b388330 flushing  nmethod 0x0000022969b96f90
Event: 91.031 Thread 0x000002297b388330 flushing  nmethod 0x0000022969be6210
Event: 91.031 Thread 0x000002297b388330 flushing  nmethod 0x0000022969c0b390
Event: 91.031 Thread 0x000002297b388330 flushing  nmethod 0x0000022969c1c410
Event: 91.032 Thread 0x000002297b388330 flushing  nmethod 0x0000022969c2b490
Event: 91.032 Thread 0x000002297b388330 flushing  nmethod 0x0000022969c2e110
Event: 91.032 Thread 0x000002297b388330 flushing  nmethod 0x0000022969c35090
Event: 91.032 Thread 0x000002297b388330 flushing  nmethod 0x0000022969c4b090
Event: 91.032 Thread 0x000002297b388330 flushing  nmethod 0x0000022969c4cc10
Event: 91.032 Thread 0x000002297b388330 flushing  nmethod 0x0000022969c4e710
Event: 91.032 Thread 0x000002297b388330 flushing  nmethod 0x0000022969cc0310
Event: 91.032 Thread 0x000002297b388330 flushing  nmethod 0x0000022969d0c610

Events (20 events):
Event: 13.645 Thread 0x0000022919ee1620 Thread added: 0x0000022919ea9bd0
Event: 13.931 Thread 0x0000022919ee1620 Thread added: 0x0000022919eadda0
Event: 13.932 Thread 0x0000022919ee1620 Thread added: 0x0000022919eabf40
Event: 13.932 Thread 0x0000022919ee1620 Thread added: 0x0000022919ea7d70
Event: 15.279 Thread 0x0000022919ee1620 Thread added: 0x0000022919ea8ca0
Event: 15.387 Thread 0x0000022919ee1620 Thread added: 0x0000022919eac960
Event: 15.792 Thread 0x0000022919ee1620 Thread added: 0x0000022919ea91b0
Event: 16.427 Thread 0x0000022919ee1620 Thread added: 0x0000022919eab520
Event: 17.139 Thread 0x0000022919ee1620 Thread added: 0x0000022919ea6930
Event: 32.576 Thread 0x0000022919ee1620 Thread added: 0x0000022919eaa5f0
Event: 32.578 Thread 0x0000022919ee1620 Thread added: 0x0000022919eaab00
Event: 32.578 Thread 0x0000022919ee1620 Thread added: 0x0000022919eab010
Event: 33.011 Thread 0x0000022919ee1620 Thread added: 0x0000022919eaba30
Event: 33.016 Thread 0x0000022919ee1620 Thread added: 0x0000022919eace70
Event: 33.023 Thread 0x0000022919ee1620 Thread added: 0x0000022919ead890
Event: 33.841 Thread 0x0000022919ee1620 Thread added: 0x0000022919edfcd0
Event: 33.842 Thread 0x0000022919ee1620 Thread added: 0x000002291ab2a020
Event: 33.845 Thread 0x0000022919ee1620 Thread added: 0x000002291ab2d7d0
Event: 38.366 Thread 0x0000022919ee1620 Thread added: 0x000002291ab2af50
Event: 42.102 Thread 0x0000022919ee1620 Thread added: 0x000002291ab26870


Dynamic libraries:
0x00007ff7e6030000 - 0x00007ff7e603e000 	C:\Program Files\Eclipse Adoptium\jdk-17.0.20.101-hotspot\bin\java.exe
0x00007ff9ea3b0000 - 0x00007ff9ea5a9000 	C:\Windows\SYSTEM32\ntdll.dll
0x00007ff9e8650000 - 0x00007ff9e8712000 	C:\Windows\System32\KERNEL32.DLL
0x00007ff9e7a00000 - 0x00007ff9e7cf7000 	C:\Windows\System32\KERNELBASE.dll
0x00007ff9e8000000 - 0x00007ff9e8100000 	C:\Windows\System32\ucrtbase.dll
0x00007ff9e1390000 - 0x00007ff9e13a8000 	C:\Program Files\Eclipse Adoptium\jdk-17.0.20.101-hotspot\bin\jli.dll
0x00007ff9e13b0000 - 0x00007ff9e13ce000 	C:\Program Files\Eclipse Adoptium\jdk-17.0.20.101-hotspot\bin\VCRUNTIME140.dll
0x00007ff9e9c20000 - 0x00007ff9e9dbd000 	C:\Windows\System32\USER32.dll
0x00007ff9e8150000 - 0x00007ff9e8172000 	C:\Windows\System32\win32u.dll
0x00007ff9e8940000 - 0x00007ff9e896b000 	C:\Windows\System32\GDI32.dll
0x00007ff9e7ee0000 - 0x00007ff9e7ffa000 	C:\Windows\System32\gdi32full.dll
0x00007ff9e81b0000 - 0x00007ff9e824d000 	C:\Windows\System32\msvcp_win.dll
0x00007ff9e6e20000 - 0x00007ff9e70bb000 	C:\Windows\WinSxS\amd64_microsoft.windows.common-controls_6595b64144ccf1df_6.0.19041.7663_none_60b9ed0b71f50c93\COMCTL32.dll
0x00007ff9e91b0000 - 0x00007ff9e924e000 	C:\Windows\System32\msvcrt.dll
0x00007ff9e90f0000 - 0x00007ff9e911f000 	C:\Windows\System32\IMM32.DLL
0x00007ff9c5eb0000 - 0x00007ff9c5ebc000 	C:\Program Files\Eclipse Adoptium\jdk-17.0.20.101-hotspot\bin\vcruntime140_1.dll
0x00007ff9773d0000 - 0x00007ff97745d000 	C:\Program Files\Eclipse Adoptium\jdk-17.0.20.101-hotspot\bin\msvcp140.dll
0x00007ff948ba0000 - 0x00007ff94980c000 	C:\Program Files\Eclipse Adoptium\jdk-17.0.20.101-hotspot\bin\server\jvm.dll
0x00007ff9e9b60000 - 0x00007ff9e9c12000 	C:\Windows\System32\ADVAPI32.dll
0x00007ff9e9810000 - 0x00007ff9e98b0000 	C:\Windows\System32\sechost.dll
0x00007ff9e83f0000 - 0x00007ff9e8516000 	C:\Windows\System32\RPCRT4.dll
0x00007ff9e8180000 - 0x00007ff9e81a7000 	C:\Windows\System32\bcrypt.dll
0x00007ff9e9130000 - 0x00007ff9e91a3000 	C:\Windows\System32\WS2_32.dll
0x00007ff9e7850000 - 0x00007ff9e789b000 	C:\Windows\SYSTEM32\POWRPROF.dll
0x00007ff9df810000 - 0x00007ff9df81a000 	C:\Windows\SYSTEM32\VERSION.dll
0x00007ff9d13f0000 - 0x00007ff9d1417000 	C:\Windows\SYSTEM32\WINMM.dll
0x00007ff9e7830000 - 0x00007ff9e7842000 	C:\Windows\SYSTEM32\UMPDC.dll
0x00007ff9e5170000 - 0x00007ff9e5182000 	C:\Windows\SYSTEM32\kernel.appcore.dll
0x00007ff9e1380000 - 0x00007ff9e138a000 	C:\Program Files\Eclipse Adoptium\jdk-17.0.20.101-hotspot\bin\jimage.dll
0x00007ff9e72d0000 - 0x00007ff9e74db000 	C:\Windows\SYSTEM32\DBGHELP.DLL
0x00007ff9e7290000 - 0x00007ff9e72c5000 	C:\Windows\SYSTEM32\dbgcore.DLL
0x00007ff9e8300000 - 0x00007ff9e8382000 	C:\Windows\System32\bcryptPrimitives.dll
0x00007ff9e1770000 - 0x00007ff9e177e000 	C:\Program Files\Eclipse Adoptium\jdk-17.0.20.101-hotspot\bin\instrument.dll
0x00007ff9bf4f0000 - 0x00007ff9bf515000 	C:\Program Files\Eclipse Adoptium\jdk-17.0.20.101-hotspot\bin\java.dll
0x00007ff9772f0000 - 0x00007ff9773c7000 	C:\Program Files\Eclipse Adoptium\jdk-17.0.20.101-hotspot\bin\jsvml.dll
0x00007ff9e8970000 - 0x00007ff9e90e1000 	C:\Windows\System32\SHELL32.dll
0x00007ff9e5380000 - 0x00007ff9e5b2c000 	C:\Windows\SYSTEM32\windows.storage.dll
0x00007ff9ea010000 - 0x00007ff9ea364000 	C:\Windows\System32\combase.dll
0x00007ff9e6b50000 - 0x00007ff9e6b7b000 	C:\Windows\SYSTEM32\Wldp.dll
0x00007ff9e99d0000 - 0x00007ff9e9a7d000 	C:\Windows\System32\SHCORE.dll
0x00007ff9e88e0000 - 0x00007ff9e893b000 	C:\Windows\System32\shlwapi.dll
0x00007ff9e7920000 - 0x00007ff9e7945000 	C:\Windows\SYSTEM32\profapi.dll
0x00007ff97f220000 - 0x00007ff97f238000 	C:\Program Files\Eclipse Adoptium\jdk-17.0.20.101-hotspot\bin\zip.dll
0x00007ff9bf4d0000 - 0x00007ff9bf4ea000 	C:\Program Files\Eclipse Adoptium\jdk-17.0.20.101-hotspot\bin\net.dll
0x00007ff9dd020000 - 0x00007ff9dd12d000 	C:\Windows\SYSTEM32\WINHTTP.dll
0x00007ff9e69c0000 - 0x00007ff9e6a2a000 	C:\Windows\system32\mswsock.dll
0x00007ff99ca30000 - 0x00007ff99ca46000 	C:\Program Files\Eclipse Adoptium\jdk-17.0.20.101-hotspot\bin\nio.dll
0x00007ff97cd30000 - 0x00007ff97cd40000 	C:\Program Files\Eclipse Adoptium\jdk-17.0.20.101-hotspot\bin\verify.dll
0x00007ff9d2d00000 - 0x00007ff9d2d27000 	C:\Users\welcome\.gradle\native\c067742578af261105cb4f569cf0c3c89f3d7b1fecec35dd04571415982c5e48\windows-amd64\native-platform.dll
0x00007ff9af980000 - 0x00007ff9afac4000 	C:\Users\welcome\.gradle\native\100fb08df4bc3b14c8652ba06237920a3bd2aa13389f12d3474272988ae205f9\windows-amd64\native-platform-file-events.dll
0x00007ff9e1760000 - 0x00007ff9e176a000 	C:\Program Files\Eclipse Adoptium\jdk-17.0.20.101-hotspot\bin\management.dll
0x00007ff9df860000 - 0x00007ff9df86c000 	C:\Program Files\Eclipse Adoptium\jdk-17.0.20.101-hotspot\bin\management_ext.dll
0x00007ff9e9dc0000 - 0x00007ff9e9dc8000 	C:\Windows\System32\PSAPI.DLL
0x00007ff9e7690000 - 0x00007ff9e76a8000 	C:\Windows\SYSTEM32\CRYPTSP.dll
0x00007ff9e6300000 - 0x00007ff9e6338000 	C:\Windows\system32\rsaenh.dll
0x00007ff9e78e0000 - 0x00007ff9e790e000 	C:\Windows\SYSTEM32\USERENV.dll
0x00007ff9e6c10000 - 0x00007ff9e6c1c000 	C:\Windows\SYSTEM32\CRYPTBASE.dll
0x00007ff9e6680000 - 0x00007ff9e66bb000 	C:\Windows\SYSTEM32\IPHLPAPI.DLL
0x00007ff9ea000000 - 0x00007ff9ea008000 	C:\Windows\System32\NSI.dll
0x00007ff9ddf70000 - 0x00007ff9ddf87000 	C:\Windows\SYSTEM32\dhcpcsvc6.DLL
0x00007ff9dded0000 - 0x00007ff9ddeed000 	C:\Windows\SYSTEM32\dhcpcsvc.DLL
0x00007ff9e66e0000 - 0x00007ff9e67ac000 	C:\Windows\SYSTEM32\DNSAPI.dll
0x00007ff9df850000 - 0x00007ff9df859000 	C:\Program Files\Eclipse Adoptium\jdk-17.0.20.101-hotspot\bin\extnet.dll
0x00007ff9df840000 - 0x00007ff9df84e000 	C:\Program Files\Eclipse Adoptium\jdk-17.0.20.101-hotspot\bin\sunmscapi.dll
0x00007ff9e7d80000 - 0x00007ff9e7edd000 	C:\Windows\System32\CRYPT32.dll
0x00007ff9e6d00000 - 0x00007ff9e6d27000 	C:\Windows\SYSTEM32\ncrypt.dll
0x00007ff9e6cc0000 - 0x00007ff9e6cfb000 	C:\Windows\SYSTEM32\NTASN1.dll
0x00007ff99c3c0000 - 0x00007ff99c3c7000 	C:\Windows\system32\wshunix.dll
0x00007ff9c9500000 - 0x00007ff9c9517000 	C:\Windows\system32\napinsp.dll
0x00007ff9c7850000 - 0x00007ff9c786b000 	C:\Windows\system32\pnrpnsp.dll
0x00007ff9e2130000 - 0x00007ff9e214d000 	C:\Windows\system32\wshbth.dll
0x00007ff9e2160000 - 0x00007ff9e217d000 	C:\Windows\system32\NLAapi.dll
0x00007ff9c76b0000 - 0x00007ff9c76c2000 	C:\Windows\System32\winrnr.dll
0x00007ff9df800000 - 0x00007ff9df80a000 	C:\Windows\System32\rasadhlp.dll
0x00007ff9d4ef0000 - 0x00007ff9d4f70000 	C:\Windows\System32\fwpuclnt.dll

dbghelp: loaded successfully - version: 4.0.5 - missing functions: none
symbol engine: initialized successfully - sym options: 0x614 - pdb path: .;C:\Program Files\Eclipse Adoptium\jdk-17.0.20.101-hotspot\bin;C:\Windows\SYSTEM32;C:\Windows\WinSxS\amd64_microsoft.windows.common-controls_6595b64144ccf1df_6.0.19041.7663_none_60b9ed0b71f50c93;C:\Program Files\Eclipse Adoptium\jdk-17.0.20.101-hotspot\bin\server;C:\Users\welcome\.gradle\native\c067742578af261105cb4f569cf0c3c89f3d7b1fecec35dd04571415982c5e48\windows-amd64;C:\Users\welcome\.gradle\native\100fb08df4bc3b14c8652ba06237920a3bd2aa13389f12d3474272988ae205f9\windows-amd64

VM Arguments:
jvm_args: --add-opens=java.base/java.util=ALL-UNNAMED --add-opens=java.base/java.lang=ALL-UNNAMED --add-opens=java.base/java.lang.invoke=ALL-UNNAMED --add-opens=java.prefs/java.util.prefs=ALL-UNNAMED --add-exports=jdk.compiler/com.sun.tools.javac.api=ALL-UNNAMED --add-exports=jdk.compiler/com.sun.tools.javac.util=ALL-UNNAMED --add-opens=java.base/java.nio.charset=ALL-UNNAMED --add-opens=java.base/java.net=ALL-UNNAMED --add-opens=java.base/java.util.concurrent.atomic=ALL-UNNAMED -XX:MaxMetaspaceSize=384m -XX:+HeapDumpOnOutOfMemoryError -Xms256m -Xmx512m -Dfile.encoding=utf8 -Duser.country=US -Duser.language=en -Duser.variant -javaagent:C:\Users\welcome\.gradle\wrapper\dists\gradle-8.9-bin\90cnw93cvbtalezasaz0blq0a\gradle-8.9\lib\agents\gradle-instrumentation-agent-8.9.jar 
java_command: org.gradle.launcher.daemon.bootstrap.GradleDaemon 8.9
java_class_path (initial): C:\Users\welcome\.gradle\wrapper\dists\gradle-8.9-bin\90cnw93cvbtalezasaz0blq0a\gradle-8.9\lib\gradle-daemon-main-8.9.jar
Launcher Type: SUN_STANDARD

[Global flags]
     intx CICompilerCount                          = 3                                         {product} {ergonomic}
   size_t CompressedClassSpaceSize                 = 335544320                                 {product} {ergonomic}
     uint ConcGCThreads                            = 1                                         {product} {ergonomic}
     uint G1ConcRefinementThreads                  = 4                                         {product} {ergonomic}
   size_t G1HeapRegionSize                         = 1048576                                   {product} {ergonomic}
    uintx GCDrainStackTargetSize                   = 64                                        {product} {ergonomic}
     bool HeapDumpOnOutOfMemoryError               = true                                   {manageable} {command line}
   size_t InitialHeapSize                          = 268435456                                 {product} {command line}
   size_t MarkStackSize                            = 4194304                                   {product} {ergonomic}
   size_t MaxHeapSize                              = 536870912                                 {product} {command line}
   size_t MaxMetaspaceSize                         = 402653184                                 {product} {command line}
   size_t MaxNewSize                               = 321912832                                 {product} {ergonomic}
   size_t MinHeapDeltaBytes                        = 1048576                                   {product} {ergonomic}
   size_t MinHeapSize                              = 268435456                                 {product} {command line}
    uintx NonNMethodCodeHeapSize                   = 5832780                                {pd product} {ergonomic}
    uintx NonProfiledCodeHeapSize                  = 122912730                              {pd product} {ergonomic}
    uintx ProfiledCodeHeapSize                     = 122912730                              {pd product} {ergonomic}
    uintx ReservedCodeCacheSize                    = 251658240                              {pd product} {ergonomic}
     bool SegmentedCodeCache                       = true                                      {product} {ergonomic}
   size_t SoftMaxHeapSize                          = 536870912                              {manageable} {ergonomic}
     bool UseCompressedClassPointers               = true                           {product lp64_product} {ergonomic}
     bool UseCompressedOops                        = true                           {product lp64_product} {ergonomic}
     bool UseG1GC                                  = true                                      {product} {ergonomic}
     bool UseLargePagesIndividualAllocation        = false                                  {pd product} {ergonomic}

Logging:
Log output configuration:
 #0: stdout all=warning uptime,level,tags
 #1: stderr all=off uptime,level,tags

Environment Variables:
PATH=C:\Program Files\Eclipse Adoptium\jdk-17.0.20.101-hotspot\bin;C:\Windows\system32;C:\Windows;C:\Windows\System32\Wbem;C:\Windows\System32\WindowsPowerShell\v1.0\;C:\Windows\System32\OpenSSH\;C:\Program Files\Git\cmd;C:\Program Files\nodejs\;C:\Users\welcome\AppData\Local\Microsoft\WindowsApps;C:\Users\welcome\AppData\Local\Programs\Microsoft VS Code\bin;C:\Users\welcome\AppData\Local\Programs\DockerDesktop\resources\bin;C:\Users\welcome\AppData\Roaming\npm
USERNAME=welcome
OS=Windows_NT
PROCESSOR_IDENTIFIER=Intel64 Family 6 Model 142 Stepping 9, GenuineIntel
TMP=C:\Users\welcome\AppData\Local\Temp
TEMP=C:\Users\welcome\AppData\Local\Temp



Periodic native trim disabled


---------------  S Y S T E M  ---------------

OS:
 Windows 10 , 64 bit Build 19041 (10.0.19041.7725)
OS uptime: 0 days 11:05 hours
Hyper-V role detected

CPU: total 4 (initial active 4) (2 cores per cpu, 2 threads per core) family 6 model 142 stepping 9 microcode 0xea, cx8, cmov, fxsr, ht, mmx, 3dnowpref, sse, sse2, sse3, ssse3, sse4.1, sse4.2, popcnt, lzcnt, tsc, tscinvbit, avx, avx2, aes, erms, clmul, bmi1, bmi2, adx, fma, vzeroupper, clflush, clflushopt, hv
Processor Information for all 4 processors :
  Max Mhz: 2400, Current Mhz: 1500, Mhz Limit: 2400

Memory: 4k page, system-wide physical 4005M (217M free)
TotalPageFile size 11505M (AvailPageFile size 3M)
current process WorkingSet (physical memory assigned to process): 419M, peak: 455M
current process commit charge ("private bytes"): 598M, peak: 599M

vm_info: OpenJDK 64-Bit Server VM (17.0.20.1+1) for windows-amd64 JRE (17.0.20.1+1), built on Aug 18 2026 20:44:09 by "admin" with MS VC++ 17.12 (VS2022)

END.
