#
# There is insufficient memory for the Java Runtime Environment to continue.
# Native memory allocation (malloc) failed to allocate 1048576 bytes. Error detail: AllocateHeap
# Possible reasons:
#   The system is out of physical RAM or swap space
#   This process is running with CompressedOops enabled, and the Java Heap may be blocking the growth of the native heap
# Possible solutions:
#   Reduce memory load on the system
#   Increase physical memory or swap space
#   Check if swap backing store is full
#   Decrease Java heap size (-Xmx/-Xms)
#   Decrease number of Java threads
#   Decrease Java thread stack sizes (-Xss)
#   Set larger code cache with -XX:ReservedCodeCacheSize=
#   JVM is running with Unscaled Compressed Oops mode in which the Java heap is
#     placed in the first 4GB address space. The Java Heap base address is the
#     maximum limit for the native heap growth. Please use -XX:HeapBaseMinAddress
#     to set the Java Heap base and to place the Java Heap above 4GB virtual address.
# This output file may be truncated or incomplete.
#
#  Out of Memory Error (allocation.cpp:44), pid=3944, tid=20200
#
# JRE version: OpenJDK Runtime Environment Temurin-21.0.12.1+1 (21.0.12.1+1) (build 21.0.12.1+1-LTS)
# Java VM: OpenJDK 64-Bit Server VM Temurin-21.0.12.1+1 (21.0.12.1+1-LTS, mixed mode, sharing, tiered, compressed oops, compressed class ptrs, parallel gc, windows-amd64)
# No core dump will be written. Minidumps are not enabled by default on client versions of Windows
#

---------------  S U M M A R Y ------------

Command Line: --add-modules=ALL-SYSTEM --add-opens=java.base/java.util=ALL-UNNAMED --add-opens=java.base/java.lang=ALL-UNNAMED --add-opens=java.base/sun.nio.fs=ALL-UNNAMED -Declipse.application=org.eclipse.jdt.ls.core.id1 -Dosgi.bundles.defaultStartLevel=4 -Declipse.product=org.eclipse.jdt.ls.core.product -Djava.import.generatesMetadataFilesAtProjectRoot=false -Dm2e.project.cache.size=50 -DDetectVMInstallationsJob.disabled=true -Dfile.encoding=utf8 -XX:+UseParallelGC -XX:GCTimeRatio=4 -XX:AdaptiveSizePolicyWeight=90 -Dsun.zip.disableMemoryMapping=true -Xmx2G -Xms100m -Xlog:disable -javaagent:c:\Users\welcome\.vscode\extensions\redhat.java-1.56.0-win32-x64\lombok\lombok-1.18.39-4050.jar -XX:+HeapDumpOnOutOfMemoryError -XX:HeapDumpPath=c:\Users\welcome\AppData\Roaming\Code\User\workspaceStorage\438089d090c8572c52f170013986077f\redhat.java -Daether.dependencyCollector.impl=bf c:\Users\welcome\.vscode\extensions\redhat.java-1.56.0-win32-x64\server\plugins\org.eclipse.equinox.launcher_1.8.0.v20260804-1928.jar -configuration c:\Users\welcome\AppData\Roaming\Code\User\globalStorage\redhat.java\1.56.0\config_win -data c:\Users\welcome\AppData\Roaming\Code\User\workspaceStorage\438089d090c8572c52f170013986077f\redhat.java\jdt_ws --stdio

Host: Intel(R) Core(TM) i3-7100U CPU @ 2.40GHz, 4 cores, 3G,  Windows 10 , 64 bit Build 19041 (10.0.19041.7725)
Time: Tue Sep 29 09:36:59 2026 India Standard Time elapsed time: 387.141087 seconds (0d 0h 6m 27s)

---------------  T H R E A D  ---------------

Current thread (0x00000250ed18b0b0):  JavaThread "Attach Listener" daemon [_thread_in_vm, id=20200, stack(0x000000e833c00000,0x000000e833d00000) (1024K)]

Stack: [0x000000e833c00000,0x000000e833d00000]
Native frames: (J=compiled Java code, j=interpreted, Vv=VM code, C=native code)
V  [jvm.dll+0x6d83e9]
V  [jvm.dll+0x8b5736]
V  [jvm.dll+0x8b7cee]
V  [jvm.dll+0x8b83d3]
V  [jvm.dll+0x284596]
V  [jvm.dll+0xc13c7]
V  [jvm.dll+0x6d8c99]
V  [jvm.dll+0x133616]
V  [jvm.dll+0x3f8aae]
V  [jvm.dll+0x8600cd]
V  [jvm.dll+0x6d6c1d]
C  [ucrtbase.dll+0x21bb2]
C  [KERNEL32.DLL+0x17384]
C  [ntdll.dll+0x4cc91]


---------------  P R O C E S S  ---------------

Threads class SMR info:
_java_thread_list=0x00000250f4671a20, length=40, elements={
0x00000250d46018e0, 0x00000250ed187510, 0x00000250ed188ad0, 0x00000250ed18a190,
0x00000250ed18b0b0, 0x00000250ed18d100, 0x00000250ed18fb70, 0x00000250ed190900,
0x00000250ed205de0, 0x00000250f20f7e90, 0x00000250f2261c20, 0x00000250f2115160,
0x00000250f241c060, 0x00000250f24dbe70, 0x00000250f223cca0, 0x00000250f2bfdb20,
0x00000250f27c2630, 0x00000250f2b46a30, 0x00000250f279ddf0, 0x00000250f279c3b0,
0x00000250f279eb10, 0x00000250f279ca40, 0x00000250f3a6cfb0, 0x00000250f3a66d40,
0x00000250f3a67a60, 0x00000250f3a6a850, 0x00000250f3a6c920, 0x00000250f3a6d640,
0x00000250f3a673d0, 0x00000250f3a6bc00, 0x00000250f3a69b30, 0x00000250f3a6a1c0,
0x00000250f3a68780, 0x00000250f279e480, 0x00000250f279b690, 0x00000250f3a6c290,
0x00000250f3a68e10, 0x00000250f3a6aee0, 0x00000250f5d5b800, 0x00000250f5d5cbb0
}

Java Threads: ( => current thread )
  0x00000250d46018e0 JavaThread "main"                              [_thread_blocked, id=3364, stack(0x000000e833500000,0x000000e833600000) (1024K)]
  0x00000250ed187510 JavaThread "Reference Handler"          daemon [_thread_blocked, id=6104, stack(0x000000e833900000,0x000000e833a00000) (1024K)]
  0x00000250ed188ad0 JavaThread "Finalizer"                  daemon [_thread_blocked, id=8980, stack(0x000000e833a00000,0x000000e833b00000) (1024K)]
  0x00000250ed18a190 JavaThread "Signal Dispatcher"          daemon [_thread_blocked, id=11504, stack(0x000000e833b00000,0x000000e833c00000) (1024K)]
=>0x00000250ed18b0b0 JavaThread "Attach Listener"            daemon [_thread_in_vm, id=20200, stack(0x000000e833c00000,0x000000e833d00000) (1024K)]
  0x00000250ed18d100 JavaThread "Service Thread"             daemon [_thread_blocked, id=22392, stack(0x000000e833d00000,0x000000e833e00000) (1024K)]
  0x00000250ed18fb70 JavaThread "Monitor Deflation Thread"   daemon [_thread_blocked, id=1576, stack(0x000000e833e00000,0x000000e833f00000) (1024K)]
  0x00000250ed190900 JavaThread "C2 CompilerThread0"         daemon [_thread_blocked, id=11016, stack(0x000000e833f00000,0x000000e834000000) (1024K)]
  0x00000250ed205de0 JavaThread "C1 CompilerThread0"         daemon [_thread_blocked, id=20840, stack(0x000000e834000000,0x000000e834100000) (1024K)]
  0x00000250f20f7e90 JavaThread "Common-Cleaner"             daemon [_thread_blocked, id=21848, stack(0x000000e834100000,0x000000e834200000) (1024K)]
  0x00000250f2261c20 JavaThread "Notification Thread"        daemon [_thread_blocked, id=14320, stack(0x000000e834200000,0x000000e834300000) (1024K)]
  0x00000250f2115160 JavaThread "Active Thread: Equinox Container: d4df6c32-cb9f-422a-af9c-ade4404c44f1"        [_thread_blocked, id=6852, stack(0x000000e834600000,0x000000e834700000) (1024K)]
  0x00000250f241c060 JavaThread "Refresh Thread: Equinox Container: d4df6c32-cb9f-422a-af9c-ade4404c44f1" daemon [_thread_blocked, id=11688, stack(0x000000e834700000,0x000000e834800000) (1024K)]
  0x00000250f24dbe70 JavaThread "Framework Event Dispatcher: Equinox Container: d4df6c32-cb9f-422a-af9c-ade4404c44f1" daemon [_thread_blocked, id=16944, stack(0x000000e834800000,0x000000e834900000) (1024K)]
  0x00000250f223cca0 JavaThread "Start Level: Equinox Container: d4df6c32-cb9f-422a-af9c-ade4404c44f1" daemon [_thread_blocked, id=3956, stack(0x000000e834900000,0x000000e834a00000) (1024K)]
  0x00000250f2bfdb20 JavaThread "Bundle File Closer"         daemon [_thread_blocked, id=17924, stack(0x000000e834a00000,0x000000e834b00000) (1024K)]
  0x00000250f27c2630 JavaThread "SCR Component Actor"        daemon [_thread_blocked, id=18576, stack(0x000000e834b00000,0x000000e834c00000) (1024K)]
  0x00000250f2b46a30 JavaThread "Worker-JM"                         [_thread_blocked, id=20212, stack(0x000000e834c00000,0x000000e834d00000) (1024K)]
  0x00000250f279ddf0 JavaThread "JNA Cleaner"                daemon [_thread_blocked, id=9844, stack(0x000000e834d00000,0x000000e834e00000) (1024K)]
  0x00000250f279c3b0 JavaThread "Worker-2"                          [_thread_blocked, id=15932, stack(0x000000e835000000,0x000000e835100000) (1024K)]
  0x00000250f279eb10 JavaThread "Java indexing"              daemon [_thread_blocked, id=13584, stack(0x000000e835200000,0x000000e835300000) (1024K)]
  0x00000250f279ca40 JavaThread "Worker-4"                          [_thread_blocked, id=14504, stack(0x000000e835300000,0x000000e835400000) (1024K)]
  0x00000250f3a6cfb0 JavaThread "pool-2-thread-1"                   [_thread_blocked, id=19316, stack(0x000000e835500000,0x000000e835600000) (1024K)]
  0x00000250f3a66d40 JavaThread "Timer-0"                           [_thread_blocked, id=18032, stack(0x000000e835600000,0x000000e835700000) (1024K)]
  0x00000250f3a67a60 JavaThread "Timer-1"                           [_thread_blocked, id=19408, stack(0x000000e835700000,0x000000e835800000) (1024K)]
  0x00000250f3a6a850 JavaThread "WorkspaceEventsHandler"            [_thread_blocked, id=21860, stack(0x000000e835900000,0x000000e835a00000) (1024K)]
  0x00000250f3a6c920 JavaThread "pool-1-thread-1"                   [_thread_in_native, id=4252, stack(0x000000e835a00000,0x000000e835b00000) (1024K)]
  0x00000250f3a6d640 JavaThread "Timer-2"                           [_thread_blocked, id=21028, stack(0x000000e835e00000,0x000000e835f00000) (1024K)]
  0x00000250f3a673d0 JavaThread "Timer-3"                           [_thread_blocked, id=16928, stack(0x000000e835800000,0x000000e835900000) (1024K)]
  0x00000250f3a6bc00 JavaThread "Timer-4"                           [_thread_blocked, id=17304, stack(0x000000e835f00000,0x000000e836000000) (1024K)]
  0x00000250f3a69b30 JavaThread "Timer-5"                           [_thread_blocked, id=13596, stack(0x000000e836600000,0x000000e836700000) (1024K)]
  0x00000250f3a6a1c0 JavaThread "Timer-6"                           [_thread_blocked, id=17348, stack(0x000000e833300000,0x000000e833400000) (1024K)]
  0x00000250f3a68780 JavaThread "Timer-7"                           [_thread_blocked, id=4224, stack(0x000000e833400000,0x000000e833500000) (1024K)]
  0x00000250f279e480 JavaThread "Timer-8"                           [_thread_blocked, id=11720, stack(0x000000e834e00000,0x000000e834f00000) (1024K)]
  0x00000250f279b690 JavaThread "Timer-9"                           [_thread_blocked, id=22268, stack(0x000000e835400000,0x000000e835500000) (1024K)]
  0x00000250f3a6c290 JavaThread "Timer-10"                          [_thread_blocked, id=2676, stack(0x000000e835d00000,0x000000e835e00000) (1024K)]
  0x00000250f3a68e10 JavaThread "Timer-11"                          [_thread_blocked, id=18820, stack(0x000000e836200000,0x000000e836300000) (1024K)]
  0x00000250f3a6aee0 JavaThread "LocalFile Deleter"          daemon [_thread_blocked, id=20736, stack(0x000000e836500000,0x000000e836600000) (1024K)]
  0x00000250f5d5b800 JavaThread "PatternSearchJob-worker-1"  daemon [_thread_blocked, id=19276, stack(0x000000e836000000,0x000000e836100000) (1024K)]
  0x00000250f5d5cbb0 JavaThread "PatternSearchJob-worker-2"  daemon [_thread_blocked, id=19208, stack(0x000000e836100000,0x000000e836200000) (1024K)]
Total: 40

Other Threads:
  0x00000250d685bf80 VMThread "VM Thread"                           [id=14864, stack(0x000000e833800000,0x000000e833900000) (1024K)]
  0x00000250d680eab0 WatcherThread "VM Periodic Task Thread"        [id=20856, stack(0x000000e833700000,0x000000e833800000) (1024K)]
  0x00000250d67c11b0 WorkerThread "GC Thread#0"                     [id=15524, stack(0x000000e833600000,0x000000e833700000) (1024K)]
  0x00000250f245e090 WorkerThread "GC Thread#1"                     [id=20788, stack(0x000000e834300000,0x000000e834400000) (1024K)]
  0x00000250ed1bd6e0 WorkerThread "GC Thread#2"                     [id=1424, stack(0x000000e834400000,0x000000e834500000) (1024K)]
  0x00000250f245e440 WorkerThread "GC Thread#3"                     [id=10664, stack(0x000000e834500000,0x000000e834600000) (1024K)]
Total: 6

Threads with active compile tasks:
Total: 0

VM state: not at safepoint (normal execution)

VM Mutex/Monitor currently owned by a thread: None

Heap address: 0x0000000080000000, size: 2048 MB, Compressed Oops mode: 32-bit

CDS archive(s) mapped at: [0x0000025080000000-0x0000025080ba0000-0x0000025080ba0000), size 12189696, SharedBaseAddress: 0x0000025080000000, ArchiveRelocationMode: 1.
Compressed class space mapped at: 0x0000025081000000-0x00000250c1000000, reserved size: 1073741824
Narrow klass base: 0x0000025080000000, Narrow klass shift: 0, Narrow klass range: 0x100000000

GC Precious Log:
 CardTable entry size: 512
 CPUs: 4 total, 4 available
 Memory: 4005M
 Large Page Support: Disabled
 NUMA Support: Disabled
 Compressed Oops: Enabled (32-bit)
 Alignments: Space 512K, Generation 512K, Heap 2M
 Heap Min Capacity: 100M
 Heap Initial Capacity: 100M
 Heap Max Capacity: 2G
 Pre-touch: Disabled
 Parallel Workers: 4

Heap:
 PSYoungGen      total 3584K, used 500K [0x00000000d5580000, 0x00000000d5d80000, 0x0000000100000000)
  eden space 3072K, 12% used [0x00000000d5580000,0x00000000d55dd0e0,0x00000000d5880000)
  from space 512K, 25% used [0x00000000d5d00000,0x00000000d5d20000,0x00000000d5d80000)
  to   space 1024K, 0% used [0x00000000d5b80000,0x00000000d5b80000,0x00000000d5c80000)
 ParOldGen       total 411648K, used 411590K [0x0000000080000000, 0x0000000099200000, 0x00000000d5580000)
  object space 411648K, 99% used [0x0000000080000000,0x00000000991f1bb0,0x0000000099200000)
 Metaspace       used 72920K, committed 74304K, reserved 1114112K
  class space    used 8958K, committed 9536K, reserved 1048576K

Card table byte_map: [0x00000250d6150000,0x00000250d6560000] _byte_map_base: 0x00000250d5d50000

Marking Bits: (ParMarkBitMap*) 0x00007fff863e44a0
 Begin Bits: [0x00000250e8c60000, 0x00000250eac60000)
 End Bits:   [0x00000250eac60000, 0x00000250ecc60000)

Polling page: 0x00000250d45a0000

Metaspace:

Usage:
  Non-class:     62.46 MB used.
      Class:      8.75 MB used.
       Both:     71.21 MB used.

Virtual space:
  Non-class space:       64.00 MB reserved,      63.25 MB ( 99%) committed,  1 nodes.
      Class space:        1.00 GB reserved,       9.31 MB ( <1%) committed,  1 nodes.
             Both:        1.06 GB reserved,      72.56 MB (  7%) committed. 

Chunk freelists:
   Non-Class:  64.00 KB
       Class:  6.70 MB
        Both:  6.76 MB

MaxMetaspaceSize: unlimited
CompressedClassSpaceSize: 1.00 GB
Initial GC threshold: 21.00 MB
Current GC threshold: 97.31 MB
CDS: on
 - commit_granule_bytes: 65536.
 - commit_granule_words: 8192.
 - virtual_space_node_default_size: 8388608.
 - enlarge_chunks_in_place: 1.
 - use_allocation_guard: 0.


Internal statistics:

num_allocs_failed_limit: 9.
num_arena_births: 1220.
num_arena_deaths: 14.
num_vsnodes_births: 2.
num_vsnodes_deaths: 0.
num_space_committed: 1161.
num_space_uncommitted: 0.
num_chunks_returned_to_freelist: 23.
num_chunks_taken_from_freelist: 4516.
num_chunk_merges: 15.
num_chunk_splits: 2780.
num_chunks_enlarged: 1580.
num_inconsistent_stats: 0.

CodeHeap 'non-profiled nmethods': size=120000Kb used=7218Kb max_used=7218Kb free=112781Kb
 bounds [0x00000250e1480000, 0x00000250e1b90000, 0x00000250e89b0000]
CodeHeap 'profiled nmethods': size=120000Kb used=18452Kb max_used=18452Kb free=101547Kb
 bounds [0x00000250d99b0000, 0x00000250dabc0000, 0x00000250e0ee0000]
CodeHeap 'non-nmethods': size=5760Kb used=1433Kb max_used=1516Kb free=4326Kb
 bounds [0x00000250e0ee0000, 0x00000250e1150000, 0x00000250e1480000]
CodeCache: size=245760Kb, used=27103Kb, max_used=27186Kb, free=218654Kb
 total_blobs=9517, nmethods=8769, adapters=654, full_count=0
Compilation: enabled, stopped_count=0, restarted_count=0

Compilation events (20 events):
Event: 195.662 Thread 0x00000250ed205de0 nmethod 9533 0x00000250dabb1510 code [0x00000250dabb16c0, 0x00000250dabb18a0]
Event: 195.663 Thread 0x00000250ed190900 nmethod 9522% 0x00000250e1b8ab10 code [0x00000250e1b8ace0, 0x00000250e1b8b4b8]
Event: 211.544 Thread 0x00000250ed205de0 9534       3       org.eclipse.buildship.core.internal.util.progress.RateLimitingProgressMonitor$1::run (55 bytes)
Event: 211.558 Thread 0x00000250ed205de0 nmethod 9534 0x00000250dabb1990 code [0x00000250dabb1d60, 0x00000250dabb3960]
Event: 244.466 Thread 0x00000250ed205de0 9535       3       jdk.internal.misc.Unsafe::loadFence (5 bytes)
Event: 244.467 Thread 0x00000250ed205de0 nmethod 9535 0x00000250dabb4190 code [0x00000250dabb4320, 0x00000250dabb4440]
Event: 255.673 Thread 0x00000250ed205de0 9536       1       org.eclipse.core.internal.jobs.JobManager::isActive (5 bytes)
Event: 255.674 Thread 0x00000250ed205de0 nmethod 9536 0x00000250e1b8b790 code [0x00000250e1b8b920, 0x00000250e1b8b9f0]
Event: 287.804 Thread 0x00000250ed190900 9537   !   4       java.lang.Object::wait (50 bytes)
Event: 287.882 Thread 0x00000250ed190900 nmethod 9537 0x00000250e1b8ba90 code [0x00000250e1b8bc60, 0x00000250e1b8be28]
Event: 323.929 Thread 0x00000250ed205de0 9538       3       java.util.concurrent.TimeUnit::convert (73 bytes)
Event: 323.934 Thread 0x00000250ed205de0 nmethod 9538 0x00000250dabb4510 code [0x00000250dabb4720, 0x00000250dabb4ab8]
Event: 339.557 Thread 0x00000250ed190900 9539       4       java.util.TaskQueue::rescheduleMin (16 bytes)
Event: 339.596 Thread 0x00000250ed190900 nmethod 9539 0x00000250e1b8c090 code [0x00000250e1b8c220, 0x00000250e1b8c330]
Event: 343.743 Thread 0x00000250ed205de0 9540       1       org.eclipse.core.internal.jobs.InternalJob::setNext (6 bytes)
Event: 343.747 Thread 0x00000250ed205de0 nmethod 9540 0x00000250e1b8c490 code [0x00000250e1b8c620, 0x00000250e1b8c700]
Event: 343.747 Thread 0x00000250ed205de0 9541       1       org.eclipse.core.internal.jobs.InternalJob::setPrevious (6 bytes)
Event: 343.748 Thread 0x00000250ed205de0 nmethod 9541 0x00000250e1b8c790 code [0x00000250e1b8c920, 0x00000250e1b8ca00]
Event: 343.922 Thread 0x00000250ed205de0 9542       3       org.eclipse.core.runtime.ListenerList$ListenerListIterator::next (39 bytes)
Event: 343.923 Thread 0x00000250ed205de0 nmethod 9542 0x00000250dabb4c90 code [0x00000250dabb4e40, 0x00000250dabb5090]

GC Heap History (20 events):
Event: 194.808 GC heap before
{Heap before GC invocations=344 (full 3):
 PSYoungGen      total 2048K, used 2027K [0x00000000d5580000, 0x00000000d5c00000, 0x0000000100000000)
  eden space 1024K, 100% used [0x00000000d5580000,0x00000000d5680000,0x00000000d5680000)
  from space 1024K, 97% used [0x00000000d5880000,0x00000000d597ad98,0x00000000d5980000)
  to   space 2048K, 0% used [0x00000000d5680000,0x00000000d5680000,0x00000000d5880000)
 ParOldGen       total 399360K, used 399287K [0x0000000080000000, 0x0000000098600000, 0x00000000d5580000)
  object space 399360K, 99% used [0x0000000080000000,0x00000000985edef8,0x0000000098600000)
 Metaspace       used 72657K, committed 74112K, reserved 1114112K
  class space    used 8935K, committed 9536K, reserved 1048576K
}
Event: 194.812 GC heap after
{Heap after GC invocations=344 (full 3):
 PSYoungGen      total 3072K, used 1024K [0x00000000d5580000, 0x00000000d5a00000, 0x0000000100000000)
  eden space 1024K, 0% used [0x00000000d5580000,0x00000000d5580000,0x00000000d5680000)
  from space 2048K, 50% used [0x00000000d5680000,0x00000000d5780000,0x00000000d5880000)
  to   space 1536K, 0% used [0x00000000d5880000,0x00000000d5880000,0x00000000d5a00000)
 ParOldGen       total 400384K, used 400283K [0x0000000080000000, 0x0000000098700000, 0x00000000d5580000)
  object space 400384K, 99% used [0x0000000080000000,0x00000000986e6c90,0x0000000098700000)
 Metaspace       used 72657K, committed 74112K, reserved 1114112K
  class space    used 8935K, committed 9536K, reserved 1048576K
}
Event: 194.827 GC heap before
{Heap before GC invocations=345 (full 3):
 PSYoungGen      total 3072K, used 2048K [0x00000000d5580000, 0x00000000d5a00000, 0x0000000100000000)
  eden space 1024K, 100% used [0x00000000d5580000,0x00000000d5680000,0x00000000d5680000)
  from space 2048K, 50% used [0x00000000d5680000,0x00000000d5780000,0x00000000d5880000)
  to   space 1536K, 0% used [0x00000000d5880000,0x00000000d5880000,0x00000000d5a00000)
 ParOldGen       total 400384K, used 400283K [0x0000000080000000, 0x0000000098700000, 0x00000000d5580000)
  object space 400384K, 99% used [0x0000000080000000,0x00000000986e6c90,0x0000000098700000)
 Metaspace       used 72657K, committed 74112K, reserved 1114112K
  class space    used 8935K, committed 9536K, reserved 1048576K
}
Event: 194.833 GC heap after
{Heap after GC invocations=345 (full 3):
 PSYoungGen      total 3072K, used 1056K [0x00000000d5580000, 0x00000000d5a00000, 0x0000000100000000)
  eden space 1536K, 0% used [0x00000000d5580000,0x00000000d5580000,0x00000000d5700000)
  from space 1536K, 68% used [0x00000000d5880000,0x00000000d5988000,0x00000000d5a00000)
  to   space 1536K, 0% used [0x00000000d5700000,0x00000000d5700000,0x00000000d5880000)
 ParOldGen       total 401408K, used 401307K [0x0000000080000000, 0x0000000098800000, 0x00000000d5580000)
  object space 401408K, 99% used [0x0000000080000000,0x00000000987e6c90,0x0000000098800000)
 Metaspace       used 72657K, committed 74112K, reserved 1114112K
  class space    used 8935K, committed 9536K, reserved 1048576K
}
Event: 194.860 GC heap before
{Heap before GC invocations=346 (full 3):
 PSYoungGen      total 3072K, used 2592K [0x00000000d5580000, 0x00000000d5a00000, 0x0000000100000000)
  eden space 1536K, 100% used [0x00000000d5580000,0x00000000d5700000,0x00000000d5700000)
  from space 1536K, 68% used [0x00000000d5880000,0x00000000d5988000,0x00000000d5a00000)
  to   space 1536K, 0% used [0x00000000d5700000,0x00000000d5700000,0x00000000d5880000)
 ParOldGen       total 401408K, used 401307K [0x0000000080000000, 0x0000000098800000, 0x00000000d5580000)
  object space 401408K, 99% used [0x0000000080000000,0x00000000987e6c90,0x0000000098800000)
 Metaspace       used 72657K, committed 74112K, reserved 1114112K
  class space    used 8935K, committed 9536K, reserved 1048576K
}
Event: 194.864 GC heap after
{Heap after GC invocations=346 (full 3):
 PSYoungGen      total 3072K, used 1536K [0x00000000d5580000, 0x00000000d5d80000, 0x0000000100000000)
  eden space 1536K, 0% used [0x00000000d5580000,0x00000000d5580000,0x00000000d5700000)
  from space 1536K, 100% used [0x00000000d5700000,0x00000000d5880000,0x00000000d5880000)
  to   space 3072K, 0% used [0x00000000d5a80000,0x00000000d5a80000,0x00000000d5d80000)
 ParOldGen       total 402432K, used 402331K [0x0000000080000000, 0x0000000098900000, 0x00000000d5580000)
  object space 402432K, 99% used [0x0000000080000000,0x00000000988e6c90,0x0000000098900000)
 Metaspace       used 72657K, committed 74112K, reserved 1114112K
  class space    used 8935K, committed 9536K, reserved 1048576K
}
Event: 194.876 GC heap before
{Heap before GC invocations=347 (full 3):
 PSYoungGen      total 3072K, used 3071K [0x00000000d5580000, 0x00000000d5d80000, 0x0000000100000000)
  eden space 1536K, 99% used [0x00000000d5580000,0x00000000d56fffa8,0x00000000d5700000)
  from space 1536K, 100% used [0x00000000d5700000,0x00000000d5880000,0x00000000d5880000)
  to   space 3072K, 0% used [0x00000000d5a80000,0x00000000d5a80000,0x00000000d5d80000)
 ParOldGen       total 402432K, used 402331K [0x0000000080000000, 0x0000000098900000, 0x00000000d5580000)
  object space 402432K, 99% used [0x0000000080000000,0x00000000988e6c90,0x0000000098900000)
 Metaspace       used 72657K, committed 74112K, reserved 1114112K
  class space    used 8935K, committed 9536K, reserved 1048576K
}
Event: 194.882 GC heap after
{Heap after GC invocations=347 (full 3):
 PSYoungGen      total 4096K, used 1584K [0x00000000d5580000, 0x00000000d5c80000, 0x0000000100000000)
  eden space 2048K, 0% used [0x00000000d5580000,0x00000000d5580000,0x00000000d5780000)
  from space 2048K, 77% used [0x00000000d5a80000,0x00000000d5c0c0e8,0x00000000d5c80000)
  to   space 2048K, 0% used [0x00000000d5880000,0x00000000d5880000,0x00000000d5a80000)
 ParOldGen       total 403968K, used 403867K [0x0000000080000000, 0x0000000098a80000, 0x00000000d5580000)
  object space 403968K, 99% used [0x0000000080000000,0x0000000098a66c90,0x0000000098a80000)
 Metaspace       used 72657K, committed 74112K, reserved 1114112K
  class space    used 8935K, committed 9536K, reserved 1048576K
}
Event: 194.895 GC heap before
{Heap before GC invocations=348 (full 3):
 PSYoungGen      total 4096K, used 3632K [0x00000000d5580000, 0x00000000d5c80000, 0x0000000100000000)
  eden space 2048K, 100% used [0x00000000d5580000,0x00000000d5780000,0x00000000d5780000)
  from space 2048K, 77% used [0x00000000d5a80000,0x00000000d5c0c0e8,0x00000000d5c80000)
  to   space 2048K, 0% used [0x00000000d5880000,0x00000000d5880000,0x00000000d5a80000)
 ParOldGen       total 403968K, used 403867K [0x0000000080000000, 0x0000000098a80000, 0x00000000d5580000)
  object space 403968K, 99% used [0x0000000080000000,0x0000000098a66c90,0x0000000098a80000)
 Metaspace       used 72663K, committed 74112K, reserved 1114112K
  class space    used 8935K, committed 9536K, reserved 1048576K
}
Event: 194.904 GC heap after
{Heap after GC invocations=348 (full 3):
 PSYoungGen      total 4608K, used 2025K [0x00000000d5580000, 0x00000000d6000000, 0x0000000100000000)
  eden space 2560K, 0% used [0x00000000d5580000,0x00000000d5580000,0x00000000d5800000)
  from space 2048K, 98% used [0x00000000d5880000,0x00000000d5a7a5d0,0x00000000d5a80000)
  to   space 4096K, 0% used [0x00000000d5c00000,0x00000000d5c00000,0x00000000d6000000)
 ParOldGen       total 405504K, used 405452K [0x0000000080000000, 0x0000000098c00000, 0x00000000d5580000)
  object space 405504K, 99% used [0x0000000080000000,0x0000000098bf3030,0x0000000098c00000)
 Metaspace       used 72663K, committed 74112K, reserved 1114112K
  class space    used 8935K, committed 9536K, reserved 1048576K
}
Event: 194.962 GC heap before
{Heap before GC invocations=349 (full 3):
 PSYoungGen      total 4608K, used 4585K [0x00000000d5580000, 0x00000000d6000000, 0x0000000100000000)
  eden space 2560K, 100% used [0x00000000d5580000,0x00000000d5800000,0x00000000d5800000)
  from space 2048K, 98% used [0x00000000d5880000,0x00000000d5a7a5d0,0x00000000d5a80000)
  to   space 4096K, 0% used [0x00000000d5c00000,0x00000000d5c00000,0x00000000d6000000)
 ParOldGen       total 405504K, used 405452K [0x0000000080000000, 0x0000000098c00000, 0x00000000d5580000)
  object space 405504K, 99% used [0x0000000080000000,0x0000000098bf3030,0x0000000098c00000)
 Metaspace       used 72664K, committed 74112K, reserved 1114112K
  class space    used 8935K, committed 9536K, reserved 1048576K
}
Event: 194.966 GC heap after
{Heap after GC invocations=349 (full 3):
 PSYoungGen      total 5632K, used 2064K [0x00000000d5580000, 0x00000000d5e80000, 0x0000000100000000)
  eden space 3072K, 0% used [0x00000000d5580000,0x00000000d5580000,0x00000000d5880000)
  from space 2560K, 80% used [0x00000000d5c00000,0x00000000d5e040c8,0x00000000d5e80000)
  to   space 3072K, 0% used [0x00000000d5880000,0x00000000d5880000,0x00000000d5b80000)
 ParOldGen       total 406016K, used 405757K [0x0000000080000000, 0x0000000098c80000, 0x00000000d5580000)
  object space 406016K, 99% used [0x0000000080000000,0x0000000098c3f528,0x0000000098c80000)
 Metaspace       used 72664K, committed 74112K, reserved 1114112K
  class space    used 8935K, committed 9536K, reserved 1048576K
}
Event: 195.016 GC heap before
{Heap before GC invocations=350 (full 3):
 PSYoungGen      total 5632K, used 5136K [0x00000000d5580000, 0x00000000d5e80000, 0x0000000100000000)
  eden space 3072K, 100% used [0x00000000d5580000,0x00000000d5880000,0x00000000d5880000)
  from space 2560K, 80% used [0x00000000d5c00000,0x00000000d5e040c8,0x00000000d5e80000)
  to   space 3072K, 0% used [0x00000000d5880000,0x00000000d5880000,0x00000000d5b80000)
 ParOldGen       total 406016K, used 405757K [0x0000000080000000, 0x0000000098c80000, 0x00000000d5580000)
  object space 406016K, 99% used [0x0000000080000000,0x0000000098c3f528,0x0000000098c80000)
 Metaspace       used 72675K, committed 74112K, reserved 1114112K
  class space    used 8935K, committed 9536K, reserved 1048576K
}
Event: 195.026 GC heap after
{Heap after GC invocations=350 (full 3):
 PSYoungGen      total 6144K, used 3040K [0x00000000d5580000, 0x00000000d6480000, 0x0000000100000000)
  eden space 3072K, 0% used [0x00000000d5580000,0x00000000d5580000,0x00000000d5880000)
  from space 3072K, 98% used [0x00000000d5880000,0x00000000d5b78360,0x00000000d5b80000)
  to   space 5632K, 0% used [0x00000000d5f00000,0x00000000d5f00000,0x00000000d6480000)
 ParOldGen       total 408064K, used 407701K [0x0000000080000000, 0x0000000098e80000, 0x00000000d5580000)
  object space 408064K, 99% used [0x0000000080000000,0x0000000098e25428,0x0000000098e80000)
 Metaspace       used 72675K, committed 74112K, reserved 1114112K
  class space    used 8935K, committed 9536K, reserved 1048576K
}
Event: 195.164 GC heap before
{Heap before GC invocations=351 (full 3):
 PSYoungGen      total 6144K, used 6112K [0x00000000d5580000, 0x00000000d6480000, 0x0000000100000000)
  eden space 3072K, 100% used [0x00000000d5580000,0x00000000d5880000,0x00000000d5880000)
  from space 3072K, 98% used [0x00000000d5880000,0x00000000d5b78360,0x00000000d5b80000)
  to   space 5632K, 0% used [0x00000000d5f00000,0x00000000d5f00000,0x00000000d6480000)
 ParOldGen       total 408064K, used 407701K [0x0000000080000000, 0x0000000098e80000, 0x00000000d5580000)
  object space 408064K, 99% used [0x0000000080000000,0x0000000098e25428,0x0000000098e80000)
 Metaspace       used 72693K, committed 74176K, reserved 1114112K
  class space    used 8936K, committed 9536K, reserved 1048576K
}
Event: 195.171 GC heap after
{Heap after GC invocations=351 (full 3):
 PSYoungGen      total 4608K, used 1445K [0x00000000d5580000, 0x00000000d6080000, 0x0000000100000000)
  eden space 3072K, 0% used [0x00000000d5580000,0x00000000d5580000,0x00000000d5880000)
  from space 1536K, 94% used [0x00000000d5f00000,0x00000000d6069558,0x00000000d6080000)
  to   space 3072K, 0% used [0x00000000d5a80000,0x00000000d5a80000,0x00000000d5d80000)
 ParOldGen       total 410112K, used 409909K [0x0000000080000000, 0x0000000099080000, 0x00000000d5580000)
  object space 410112K, 99% used [0x0000000080000000,0x000000009904d658,0x0000000099080000)
 Metaspace       used 72693K, committed 74176K, reserved 1114112K
  class space    used 8936K, committed 9536K, reserved 1048576K
}
Event: 195.277 GC heap before
{Heap before GC invocations=352 (full 3):
 PSYoungGen      total 4608K, used 4517K [0x00000000d5580000, 0x00000000d6080000, 0x0000000100000000)
  eden space 3072K, 100% used [0x00000000d5580000,0x00000000d5880000,0x00000000d5880000)
  from space 1536K, 94% used [0x00000000d5f00000,0x00000000d6069558,0x00000000d6080000)
  to   space 3072K, 0% used [0x00000000d5a80000,0x00000000d5a80000,0x00000000d5d80000)
 ParOldGen       total 410112K, used 409909K [0x0000000080000000, 0x0000000099080000, 0x00000000d5580000)
  object space 410112K, 99% used [0x0000000080000000,0x000000009904d658,0x0000000099080000)
 Metaspace       used 72755K, committed 74240K, reserved 1114112K
  class space    used 8940K, committed 9536K, reserved 1048576K
}
Event: 195.283 GC heap after
{Heap after GC invocations=352 (full 3):
 PSYoungGen      total 5632K, used 2423K [0x00000000d5580000, 0x00000000d5f80000, 0x0000000100000000)
  eden space 3072K, 0% used [0x00000000d5580000,0x00000000d5580000,0x00000000d5880000)
  from space 2560K, 94% used [0x00000000d5a80000,0x00000000d5cdde20,0x00000000d5d00000)
  to   space 2560K, 0% used [0x00000000d5d00000,0x00000000d5d00000,0x00000000d5f80000)
 ParOldGen       total 411136K, used 410990K [0x0000000080000000, 0x0000000099180000, 0x00000000d5580000)
  object space 411136K, 99% used [0x0000000080000000,0x000000009915bba0,0x0000000099180000)
 Metaspace       used 72755K, committed 74240K, reserved 1114112K
  class space    used 8940K, committed 9536K, reserved 1048576K
}
Event: 195.576 GC heap before
{Heap before GC invocations=353 (full 3):
 PSYoungGen      total 5632K, used 5495K [0x00000000d5580000, 0x00000000d5f80000, 0x0000000100000000)
  eden space 3072K, 100% used [0x00000000d5580000,0x00000000d5880000,0x00000000d5880000)
  from space 2560K, 94% used [0x00000000d5a80000,0x00000000d5cdde20,0x00000000d5d00000)
  to   space 2560K, 0% used [0x00000000d5d00000,0x00000000d5d00000,0x00000000d5f80000)
 ParOldGen       total 411136K, used 410990K [0x0000000080000000, 0x0000000099180000, 0x00000000d5580000)
  object space 411136K, 99% used [0x0000000080000000,0x000000009915bba0,0x0000000099180000)
 Metaspace       used 72905K, committed 74304K, reserved 1114112K
  class space    used 8956K, committed 9536K, reserved 1048576K
}
Event: 195.588 GC heap after
{Heap after GC invocations=353 (full 3):
 PSYoungGen      total 3584K, used 128K [0x00000000d5580000, 0x00000000d5d80000, 0x0000000100000000)
  eden space 3072K, 0% used [0x00000000d5580000,0x00000000d5580000,0x00000000d5880000)
  from space 512K, 25% used [0x00000000d5d00000,0x00000000d5d20000,0x00000000d5d80000)
  to   space 1024K, 0% used [0x00000000d5b80000,0x00000000d5b80000,0x00000000d5c80000)
 ParOldGen       total 411648K, used 411590K [0x0000000080000000, 0x0000000099200000, 0x00000000d5580000)
  object space 411648K, 99% used [0x0000000080000000,0x00000000991f1bb0,0x0000000099200000)
 Metaspace       used 72905K, committed 74304K, reserved 1114112K
  class space    used 8956K, committed 9536K, reserved 1048576K
}

Dll operation events (20 events):
Event: 5.856 Attempting to load shared library C:\Users\welcome\.vscode\extensions\redhat.java-1.56.0-win32-x64\jre\21.0.12.1-win32-x86_64\bin\zip.dll
Event: 5.856 Loaded shared library C:\Users\welcome\.vscode\extensions\redhat.java-1.56.0-win32-x64\jre\21.0.12.1-win32-x86_64\bin\zip.dll
Event: 6.166 Attempting to load shared library C:\Users\welcome\.vscode\extensions\redhat.java-1.56.0-win32-x64\jre\21.0.12.1-win32-x86_64\bin\jimage.dll
Event: 6.166 Loaded shared library C:\Users\welcome\.vscode\extensions\redhat.java-1.56.0-win32-x64\jre\21.0.12.1-win32-x86_64\bin\jimage.dll
Event: 7.376 Attempting to load shared library c:\Users\welcome\.vscode\extensions\redhat.java-1.56.0-win32-x64\jre\21.0.12.1-win32-x86_64\bin\verify.dll
Event: 7.376 Loaded shared library c:\Users\welcome\.vscode\extensions\redhat.java-1.56.0-win32-x64\jre\21.0.12.1-win32-x86_64\bin\verify.dll
Event: 23.210 Attempting to load shared library C:\Users\welcome\AppData\Roaming\Code\User\globalStorage\redhat.java\1.56.0\config_win\org.eclipse.equinox.launcher\org.eclipse.equinox.launcher.win32.win32.x86_64_1.3.100.v20260804-1928\eclipse_11924.dll
Event: 23.212 Loaded shared library C:\Users\welcome\AppData\Roaming\Code\User\globalStorage\redhat.java\1.56.0\config_win\org.eclipse.equinox.launcher\org.eclipse.equinox.launcher.win32.win32.x86_64_1.3.100.v20260804-1928\eclipse_11924.dll
Event: 39.164 Attempting to load shared library C:\Users\welcome\AppData\Local\Temp\jna-1233099618\jna5176496830147245675.dll
Event: 42.525 Loaded shared library C:\Users\welcome\AppData\Local\Temp\jna-1233099618\jna5176496830147245675.dll
Event: 52.647 Attempting to load shared library C:\Users\welcome\.vscode\extensions\redhat.java-1.56.0-win32-x64\jre\21.0.12.1-win32-x86_64\bin\sunmscapi.dll
Event: 52.657 Loaded shared library C:\Users\welcome\.vscode\extensions\redhat.java-1.56.0-win32-x64\jre\21.0.12.1-win32-x86_64\bin\sunmscapi.dll
Event: 54.769 Attempting to load shared library C:\Users\welcome\.vscode\extensions\redhat.java-1.56.0-win32-x64\jre\21.0.12.1-win32-x86_64\bin\extnet.dll
Event: 54.773 Loaded shared library C:\Users\welcome\.vscode\extensions\redhat.java-1.56.0-win32-x64\jre\21.0.12.1-win32-x86_64\bin\extnet.dll
Event: 58.845 Attempting to load shared library C:\Users\welcome\.gradle\native\c067742578af261105cb4f569cf0c3c89f3d7b1fecec35dd04571415982c5e48\windows-amd64\native-platform.dll
Event: 58.873 Loaded shared library C:\Users\welcome\.gradle\native\c067742578af261105cb4f569cf0c3c89f3d7b1fecec35dd04571415982c5e48\windows-amd64\native-platform.dll
Event: 104.799 Attempting to load shared library C:\Users\welcome\.vscode\extensions\redhat.java-1.56.0-win32-x64\jre\21.0.12.1-win32-x86_64\bin\management.dll
Event: 104.817 Loaded shared library C:\Users\welcome\.vscode\extensions\redhat.java-1.56.0-win32-x64\jre\21.0.12.1-win32-x86_64\bin\management.dll
Event: 104.843 Attempting to load shared library C:\Users\welcome\.vscode\extensions\redhat.java-1.56.0-win32-x64\jre\21.0.12.1-win32-x86_64\bin\management_ext.dll
Event: 104.864 Loaded shared library C:\Users\welcome\.vscode\extensions\redhat.java-1.56.0-win32-x64\jre\21.0.12.1-win32-x86_64\bin\management_ext.dll

Deoptimization events (20 events):
Event: 195.337 Thread 0x00000250f5d5b800 DEOPT PACKING pc=0x00000250e1b88224 sp=0x000000e8360febf0
Event: 195.337 Thread 0x00000250f5d5b800 DEOPT UNPACKING pc=0x00000250e0f33aa2 sp=0x000000e8360feb68 mode 2
Event: 195.362 Thread 0x00000250f3a6b570 Uncommon trap: trap_request=0xffffff45 fr.pc=0x00000250e19e398c relative=0x00000000000001ec
Event: 195.362 Thread 0x00000250f3a6b570 Uncommon trap: reason=unstable_if action=reinterpret pc=0x00000250e19e398c method=org.eclipse.core.runtime.Path.computeLength()I @ 92 c2
Event: 195.362 Thread 0x00000250f3a6b570 DEOPT PACKING pc=0x00000250e19e398c sp=0x000000e8364fe520
Event: 195.362 Thread 0x00000250f3a6b570 DEOPT UNPACKING pc=0x00000250e0f33aa2 sp=0x000000e8364fe498 mode 2
Event: 195.378 Thread 0x00000250f3a6b570 Uncommon trap: trap_request=0xffffff45 fr.pc=0x00000250e1b3ea0c relative=0x000000000000006c
Event: 195.378 Thread 0x00000250f3a6b570 Uncommon trap: reason=unstable_if action=reinterpret pc=0x00000250e1b3ea0c method=java.net.URI.isAbsolute()Z @ 4 c2
Event: 195.378 Thread 0x00000250f3a6b570 DEOPT PACKING pc=0x00000250e1b3ea0c sp=0x000000e8364fe5c0
Event: 195.379 Thread 0x00000250f3a6b570 DEOPT UNPACKING pc=0x00000250e0f33aa2 sp=0x000000e8364fe550 mode 2
Event: 195.389 Thread 0x00000250f3a6b570 DEOPT PACKING pc=0x00000250daaac5ce sp=0x000000e8364fe100
Event: 195.389 Thread 0x00000250f3a6b570 DEOPT UNPACKING pc=0x00000250e0f34242 sp=0x000000e8364fd680 mode 0
Event: 195.593 Thread 0x00000250f3a6b570 Uncommon trap: trap_request=0xffffffde fr.pc=0x00000250e1687f24 relative=0x00000000000004c4
Event: 195.593 Thread 0x00000250f3a6b570 Uncommon trap: reason=class_check action=maybe_recompile pc=0x00000250e1687f24 method=java.util.AbstractMap.hashCode()I @ 3 c2
Event: 195.593 Thread 0x00000250f3a6b570 DEOPT PACKING pc=0x00000250e1687f24 sp=0x000000e8364fe4f0
Event: 195.593 Thread 0x00000250f3a6b570 DEOPT UNPACKING pc=0x00000250e0f33aa2 sp=0x000000e8364fe498 mode 2
Event: 195.606 Thread 0x00000250f3a6b570 Uncommon trap: trap_request=0xffffffde fr.pc=0x00000250e1687f24 relative=0x00000000000004c4
Event: 195.606 Thread 0x00000250f3a6b570 Uncommon trap: reason=class_check action=maybe_recompile pc=0x00000250e1687f24 method=java.util.AbstractMap.hashCode()I @ 3 c2
Event: 195.606 Thread 0x00000250f3a6b570 DEOPT PACKING pc=0x00000250e1687f24 sp=0x000000e8364fe530
Event: 195.606 Thread 0x00000250f3a6b570 DEOPT UNPACKING pc=0x00000250e0f33aa2 sp=0x000000e8364fe4d8 mode 2

Classes loaded (20 events):
Event: 167.492 Loading class java/lang/Throwable$WrappedPrintWriter
Event: 167.499 Loading class java/lang/Throwable$PrintStreamOrWriter
Event: 167.508 Loading class java/lang/Throwable$PrintStreamOrWriter done
Event: 167.508 Loading class java/lang/Throwable$WrappedPrintWriter done
Event: 175.494 Loading class java/util/Collections$SynchronizedRandomAccessList
Event: 175.499 Loading class java/util/Collections$SynchronizedList
Event: 175.511 Loading class java/util/Collections$SynchronizedList done
Event: 175.511 Loading class java/util/Collections$SynchronizedRandomAccessList done
Event: 175.832 Loading class java/util/concurrent/CompletableFuture$UniApply
Event: 175.862 Loading class java/util/concurrent/CompletableFuture$UniApply done
Event: 175.907 Loading class java/util/concurrent/CompletableFuture$UniExceptionally
Event: 175.917 Loading class java/util/concurrent/CompletableFuture$UniExceptionally done
Event: 177.158 Loading class java/util/concurrent/CompletableFuture$Signaller
Event: 177.160 Loading class java/util/concurrent/CompletableFuture$Signaller done
Event: 178.041 Loading class java/util/Hashtable$KeySet
Event: 178.122 Loading class java/util/Hashtable$KeySet done
Event: 184.393 Loading class java/util/concurrent/ForkJoinTask$AdaptedCallable
Event: 184.394 Loading class java/util/concurrent/ForkJoinTask$AdaptedCallable done
Event: 194.383 Loading class sun/nio/fs/WindowsFileCopy
Event: 194.408 Loading class sun/nio/fs/WindowsFileCopy done

Classes unloaded (7 events):
Event: 46.647 Thread 0x00000250d685bf80 Unloading class 0x00000250811aac00 'java/lang/invoke/LambdaForm$MH+0x00000250811aac00'
Event: 46.647 Thread 0x00000250d685bf80 Unloading class 0x00000250811aa800 'java/lang/invoke/LambdaForm$MH+0x00000250811aa800'
Event: 46.647 Thread 0x00000250d685bf80 Unloading class 0x00000250811aa400 'java/lang/invoke/LambdaForm$MH+0x00000250811aa400'
Event: 46.647 Thread 0x00000250d685bf80 Unloading class 0x00000250811aa000 'java/lang/invoke/LambdaForm$MH+0x00000250811aa000'
Event: 46.647 Thread 0x00000250d685bf80 Unloading class 0x00000250811a9c00 'java/lang/invoke/LambdaForm$BMH+0x00000250811a9c00'
Event: 46.647 Thread 0x00000250d685bf80 Unloading class 0x00000250811a9800 'java/lang/invoke/LambdaForm$DMH+0x00000250811a9800'
Event: 46.647 Thread 0x00000250d685bf80 Unloading class 0x00000250811a8400 'java/lang/invoke/LambdaForm$DMH+0x00000250811a8400'

Classes redefined (0 events):
No events

Internal exceptions (20 events):
Event: 184.416 Thread 0x00000250f3a6aee0 Exception <a 'sun/nio/fs/WindowsException'{0x00000000d565eed0}> (0x00000000d565eed0) 
thrown [s\src\hotspot\share\prims\jni.cpp, line 520]
Event: 184.419 Thread 0x00000250f3a6aee0 Exception <a 'sun/nio/fs/WindowsException'{0x00000000d56607e8}> (0x00000000d56607e8) 
thrown [s\src\hotspot\share\prims\jni.cpp, line 520]
Event: 184.423 Thread 0x00000250f3a6aee0 Exception <a 'sun/nio/fs/WindowsException'{0x00000000d56621c8}> (0x00000000d56621c8) 
thrown [s\src\hotspot\share\prims\jni.cpp, line 520]
Event: 184.468 Thread 0x00000250f279ca40 Exception <a 'sun/nio/fs/WindowsException'{0x00000000d56df990}> (0x00000000d56df990) 
thrown [s\src\hotspot\share\prims\jni.cpp, line 520]
Event: 184.544 Thread 0x00000250f279ca40 Exception <a 'sun/nio/fs/WindowsException'{0x00000000d558f1b0}> (0x00000000d558f1b0) 
thrown [s\src\hotspot\share\prims\jni.cpp, line 520]
Event: 184.575 Thread 0x00000250f279ca40 Exception <a 'sun/nio/fs/WindowsException'{0x00000000d55a8380}> (0x00000000d55a8380) 
thrown [s\src\hotspot\share\prims\jni.cpp, line 520]
Event: 184.657 Thread 0x00000250f279ca40 Exception <a 'sun/nio/fs/WindowsException'{0x00000000d55e4580}> (0x00000000d55e4580) 
thrown [s\src\hotspot\share\prims\jni.cpp, line 520]
Event: 184.938 Thread 0x00000250f279ca40 Exception <a 'sun/nio/fs/WindowsException'{0x00000000d563da40}> (0x00000000d563da40) 
thrown [s\src\hotspot\share\prims\jni.cpp, line 520]
Event: 184.977 Thread 0x00000250f279ca40 Exception <a 'sun/nio/fs/WindowsException'{0x00000000d564b4c0}> (0x00000000d564b4c0) 
thrown [s\src\hotspot\share\prims\jni.cpp, line 520]
Event: 185.106 Thread 0x00000250f279ca40 Exception <a 'sun/nio/fs/WindowsException'{0x00000000d568d758}> (0x00000000d568d758) 
thrown [s\src\hotspot\share\prims\jni.cpp, line 520]
Event: 185.274 Thread 0x00000250f279ca40 Exception <a 'sun/nio/fs/WindowsException'{0x00000000d56b0198}> (0x00000000d56b0198) 
thrown [s\src\hotspot\share\prims\jni.cpp, line 520]
Event: 185.275 Thread 0x00000250f279ca40 Exception <a 'sun/nio/fs/WindowsException'{0x00000000d56bdc88}> (0x00000000d56bdc88) 
thrown [s\src\hotspot\share\prims\jni.cpp, line 520]
Event: 194.411 Thread 0x00000250f279eb10 Exception <a 'sun/nio/fs/WindowsException'{0x00000000d559f3c8}> (0x00000000d559f3c8) 
thrown [s\src\hotspot\share\prims\jni.cpp, line 520]
Event: 195.337 Thread 0x00000250f5d5b800 Implicit null exception at 0x00000250e1b87563 to 0x00000250e1b88210
Event: 195.497 Thread 0x00000250f3a6b570 Exception <a 'sun/nio/fs/WindowsException'{0x00000000d585c220}> (0x00000000d585c220) 
thrown [s\src\hotspot\share\prims\jni.cpp, line 520]
Event: 195.498 Thread 0x00000250f3a6b570 Exception <a 'sun/nio/fs/WindowsException'{0x00000000d585cc30}> (0x00000000d585cc30) 
thrown [s\src\hotspot\share\prims\jni.cpp, line 520]
Event: 195.503 Thread 0x00000250f3a6b570 Exception <a 'sun/nio/fs/WindowsException'{0x00000000d585de98}> (0x00000000d585de98) 
thrown [s\src\hotspot\share\prims\jni.cpp, line 520]
Event: 195.504 Thread 0x00000250f3a6b570 Exception <a 'sun/nio/fs/WindowsException'{0x00000000d585eac8}> (0x00000000d585eac8) 
thrown [s\src\hotspot\share\prims\jni.cpp, line 520]
Event: 195.509 Thread 0x00000250f3a6b570 Exception <a 'sun/nio/fs/WindowsException'{0x00000000d58606d8}> (0x00000000d58606d8) 
thrown [s\src\hotspot\share\prims\jni.cpp, line 520]
Event: 195.509 Thread 0x00000250f3a6b570 Exception <a 'sun/nio/fs/WindowsException'{0x00000000d5861358}> (0x00000000d5861358) 
thrown [s\src\hotspot\share\prims\jni.cpp, line 520]

ZGC Phase Switch (0 events):
No events

VM Operations (20 events):
Event: 194.962 Executing safepoint VM operation: ParallelGCFailedAllocation (Allocation Failure)
Event: 194.966 Executing safepoint VM operation: ParallelGCFailedAllocation (Allocation Failure) done
Event: 195.016 Executing safepoint VM operation: ParallelGCFailedAllocation (Allocation Failure)
Event: 195.026 Executing safepoint VM operation: ParallelGCFailedAllocation (Allocation Failure) done
Event: 195.164 Executing safepoint VM operation: ParallelGCFailedAllocation (Allocation Failure)
Event: 195.171 Executing safepoint VM operation: ParallelGCFailedAllocation (Allocation Failure) done
Event: 195.273 Executing safepoint VM operation: ParallelGCFailedAllocation (Allocation Failure)
Event: 195.284 Executing safepoint VM operation: ParallelGCFailedAllocation (Allocation Failure) done
Event: 195.576 Executing safepoint VM operation: ParallelGCFailedAllocation (Allocation Failure)
Event: 195.588 Executing safepoint VM operation: ParallelGCFailedAllocation (Allocation Failure) done
Event: 196.588 Executing safepoint VM operation: Cleanup
Event: 196.588 Executing safepoint VM operation: Cleanup done
Event: 241.143 Executing non-safepoint VM operation: HandshakeAllThreads (HandshakeForDeflation)
Event: 241.144 Executing non-safepoint VM operation: HandshakeAllThreads (HandshakeForDeflation) done
Event: 241.144 Executing non-safepoint VM operation: RendezvousGCThreads
Event: 241.144 Executing non-safepoint VM operation: RendezvousGCThreads done
Event: 361.286 Executing non-safepoint VM operation: HandshakeAllThreads (HandshakeForDeflation)
Event: 361.289 Executing non-safepoint VM operation: HandshakeAllThreads (HandshakeForDeflation) done
Event: 361.289 Executing non-safepoint VM operation: RendezvousGCThreads
Event: 361.289 Executing non-safepoint VM operation: RendezvousGCThreads done

Memory protections (0 events):
No events

Nmethod flushes (20 events):
Event: 104.330 Thread 0x00000250d685bf80 flushing  nmethod 0x00000250da2aa110
Event: 104.330 Thread 0x00000250d685bf80 flushing  nmethod 0x00000250da2ac190
Event: 104.330 Thread 0x00000250d685bf80 flushing  nmethod 0x00000250da2ac810
Event: 104.330 Thread 0x00000250d685bf80 flushing  nmethod 0x00000250da2ad510
Event: 104.330 Thread 0x00000250d685bf80 flushing  nmethod 0x00000250da2b0390
Event: 104.330 Thread 0x00000250d685bf80 flushing  nmethod 0x00000250da2c0390
Event: 104.330 Thread 0x00000250d685bf80 flushing  nmethod 0x00000250da2c0810
Event: 104.330 Thread 0x00000250d685bf80 flushing  nmethod 0x00000250da31f190
Event: 104.330 Thread 0x00000250d685bf80 flushing  nmethod 0x00000250da322110
Event: 104.330 Thread 0x00000250d685bf80 flushing  nmethod 0x00000250da325c90
Event: 104.330 Thread 0x00000250d685bf80 flushing  nmethod 0x00000250da327c10
Event: 104.330 Thread 0x00000250d685bf80 flushing  nmethod 0x00000250da328210
Event: 104.330 Thread 0x00000250d685bf80 flushing  nmethod 0x00000250da329890
Event: 104.330 Thread 0x00000250d685bf80 flushing  nmethod 0x00000250da32c390
Event: 104.330 Thread 0x00000250d685bf80 flushing  nmethod 0x00000250da32d110
Event: 104.330 Thread 0x00000250d685bf80 flushing  nmethod 0x00000250da33f410
Event: 104.330 Thread 0x00000250d685bf80 flushing  nmethod 0x00000250da346e10
Event: 104.330 Thread 0x00000250d685bf80 flushing  nmethod 0x00000250da378a10
Event: 104.330 Thread 0x00000250d685bf80 flushing  nmethod 0x00000250da37c210
Event: 104.330 Thread 0x00000250d685bf80 flushing  nmethod 0x00000250da39c890

Events (20 events):
Event: 178.294 Thread 0x00000250ff453130 Thread exited: 0x00000250ff453130
Event: 182.066 Thread 0x00000250ff44e270 Thread exited: 0x00000250ff44e270
Event: 182.067 Thread 0x00000250ff452410 Thread exited: 0x00000250ff452410
Event: 182.071 Thread 0x00000250ff44f620 Thread exited: 0x00000250ff44f620
Event: 182.078 Thread 0x00000250f3a6aee0 Thread exited: 0x00000250f3a6aee0
Event: 184.395 Thread 0x00000250f279ca40 Thread added: 0x00000250f3a6aee0
Event: 184.406 Thread 0x00000250f3a6aee0 Thread added: 0x00000250f5d5d8d0
Event: 184.410 Thread 0x00000250f3a6aee0 Thread added: 0x00000250f5d62100
Event: 184.424 Thread 0x00000250f3a6aee0 Thread added: 0x00000250f5d62790
Event: 195.242 Thread 0x00000250f279bd20 Thread added: 0x00000250f5d5b800
Event: 195.246 Thread 0x00000250f5d5b800 Thread added: 0x00000250f5d5cbb0
Event: 244.467 Thread 0x00000250f5d62790 Thread exited: 0x00000250f5d62790
Event: 254.676 Thread 0x00000250f3a666b0 Thread exited: 0x00000250f3a666b0
Event: 255.215 Thread 0x00000250f279d0d0 Thread exited: 0x00000250f279d0d0
Event: 255.366 Thread 0x00000250f279bd20 Thread exited: 0x00000250f279bd20
Event: 255.649 Thread 0x00000250f3a6b570 Thread exited: 0x00000250f3a6b570
Event: 304.467 Thread 0x00000250f5d62100 Thread exited: 0x00000250f5d62100
Event: 315.653 Thread 0x00000250f3a694a0 Thread exited: 0x00000250f3a694a0
Event: 364.644 Thread 0x00000250f5d5d8d0 Thread exited: 0x00000250f5d5d8d0
Event: 376.111 Thread 0x00000250f3a680f0 Thread exited: 0x00000250f3a680f0


Dynamic libraries:
0x00007ff784f00000 - 0x00007ff784f0e000 	c:\Users\welcome\.vscode\extensions\redhat.java-1.56.0-win32-x64\jre\21.0.12.1-win32-x86_64\bin\java.exe
0x00007fffc4bd0000 - 0x00007fffc4dc9000 	C:\Windows\SYSTEM32\ntdll.dll
0x00007fffc3a60000 - 0x00007fffc3b22000 	C:\Windows\System32\KERNEL32.DLL
0x00007fffc25d0000 - 0x00007fffc28c7000 	C:\Windows\System32\KERNELBASE.dll
0x00007fffc2a30000 - 0x00007fffc2b30000 	C:\Windows\System32\ucrtbase.dll
0x00007fffbc170000 - 0x00007fffbc188000 	c:\Users\welcome\.vscode\extensions\redhat.java-1.56.0-win32-x64\jre\21.0.12.1-win32-x86_64\bin\jli.dll
0x00007fffc3560000 - 0x00007fffc36fd000 	C:\Windows\System32\USER32.dll
0x00007fffc2b80000 - 0x00007fffc2ba2000 	C:\Windows\System32\win32u.dll
0x00007fffc3b90000 - 0x00007fffc3bbb000 	C:\Windows\System32\GDI32.dll
0x00007fffc22c0000 - 0x00007fffc23da000 	C:\Windows\System32\gdi32full.dll
0x00007fffc2220000 - 0x00007fffc22bd000 	C:\Windows\System32\msvcp_win.dll
0x00007fffae230000 - 0x00007fffae24e000 	c:\Users\welcome\.vscode\extensions\redhat.java-1.56.0-win32-x64\jre\21.0.12.1-win32-x86_64\bin\VCRUNTIME140.dll
0x00007fffaf7a0000 - 0x00007fffafa3b000 	C:\Windows\WinSxS\amd64_microsoft.windows.common-controls_6595b64144ccf1df_6.0.19041.7663_none_60b9ed0b71f50c93\COMCTL32.dll
0x00007fffc3940000 - 0x00007fffc39de000 	C:\Windows\System32\msvcrt.dll
0x00007fffc3910000 - 0x00007fffc393f000 	C:\Windows\System32\IMM32.DLL
0x00007fffbcf80000 - 0x00007fffbcf8c000 	c:\Users\welcome\.vscode\extensions\redhat.java-1.56.0-win32-x64\jre\21.0.12.1-win32-x86_64\bin\vcruntime140_1.dll
0x00007fff9a720000 - 0x00007fff9a7ad000 	c:\Users\welcome\.vscode\extensions\redhat.java-1.56.0-win32-x64\jre\21.0.12.1-win32-x86_64\bin\msvcp140.dll
0x00007fff85720000 - 0x00007fff864c2000 	c:\Users\welcome\.vscode\extensions\redhat.java-1.56.0-win32-x64\jre\21.0.12.1-win32-x86_64\bin\server\jvm.dll
0x00007fffc4ad0000 - 0x00007fffc4b82000 	C:\Windows\System32\ADVAPI32.dll
0x00007fffc3400000 - 0x00007fffc34a0000 	C:\Windows\System32\sechost.dll
0x00007fffc37e0000 - 0x00007fffc3906000 	C:\Windows\System32\RPCRT4.dll
0x00007fffc2460000 - 0x00007fffc2487000 	C:\Windows\System32\bcrypt.dll
0x00007fffc39e0000 - 0x00007fffc3a53000 	C:\Windows\System32\WS2_32.dll
0x00007fffc2070000 - 0x00007fffc20bb000 	C:\Windows\SYSTEM32\POWRPROF.dll
0x00007fffad060000 - 0x00007fffad087000 	C:\Windows\SYSTEM32\WINMM.dll
0x00007fffbb7b0000 - 0x00007fffbb7ba000 	C:\Windows\SYSTEM32\VERSION.dll
0x00007fffc2050000 - 0x00007fffc2062000 	C:\Windows\SYSTEM32\UMPDC.dll
0x00007fffc0030000 - 0x00007fffc0042000 	C:\Windows\SYSTEM32\kernel.appcore.dll
0x00007fffbcc90000 - 0x00007fffbcc9a000 	c:\Users\welcome\.vscode\extensions\redhat.java-1.56.0-win32-x64\jre\21.0.12.1-win32-x86_64\bin\jimage.dll
0x00007fffac260000 - 0x00007fffac46b000 	C:\Windows\SYSTEM32\DBGHELP.DLL
0x00007fffaae90000 - 0x00007fffaaec5000 	C:\Windows\SYSTEM32\dbgcore.DLL
0x00007fffc2540000 - 0x00007fffc25c2000 	C:\Windows\System32\bcryptPrimitives.dll
0x00007fffbc940000 - 0x00007fffbc94f000 	c:\Users\welcome\.vscode\extensions\redhat.java-1.56.0-win32-x64\jre\21.0.12.1-win32-x86_64\bin\instrument.dll
0x00007fffb76d0000 - 0x00007fffb76f0000 	c:\Users\welcome\.vscode\extensions\redhat.java-1.56.0-win32-x64\jre\21.0.12.1-win32-x86_64\bin\java.dll
0x00007fffc2c80000 - 0x00007fffc33f1000 	C:\Windows\System32\SHELL32.dll
0x00007fffc0240000 - 0x00007fffc09ec000 	C:\Windows\SYSTEM32\windows.storage.dll
0x00007fffc4040000 - 0x00007fffc4394000 	C:\Windows\System32\combase.dll
0x00007fffc1b70000 - 0x00007fffc1b9b000 	C:\Windows\SYSTEM32\Wldp.dll
0x00007fffc34a0000 - 0x00007fffc354d000 	C:\Windows\System32\SHCORE.dll
0x00007fffc2c10000 - 0x00007fffc2c6b000 	C:\Windows\System32\shlwapi.dll
0x00007fffc2150000 - 0x00007fffc2175000 	C:\Windows\SYSTEM32\profapi.dll
0x00007fffae210000 - 0x00007fffae228000 	c:\Users\welcome\.vscode\extensions\redhat.java-1.56.0-win32-x64\jre\21.0.12.1-win32-x86_64\bin\zip.dll
0x00007fffbcc80000 - 0x00007fffbcc90000 	C:\Users\welcome\.vscode\extensions\redhat.java-1.56.0-win32-x64\jre\21.0.12.1-win32-x86_64\bin\net.dll
0x00007fffb8a20000 - 0x00007fffb8b2d000 	C:\Windows\SYSTEM32\WINHTTP.dll
0x00007fffc1880000 - 0x00007fffc18ea000 	C:\Windows\system32\mswsock.dll
0x00007fffad7d0000 - 0x00007fffad7e6000 	C:\Users\welcome\.vscode\extensions\redhat.java-1.56.0-win32-x64\jre\21.0.12.1-win32-x86_64\bin\nio.dll
0x00007fffba920000 - 0x00007fffba930000 	c:\Users\welcome\.vscode\extensions\redhat.java-1.56.0-win32-x64\jre\21.0.12.1-win32-x86_64\bin\verify.dll
0x00007fff82280000 - 0x00007fff822c5000 	C:\Users\welcome\AppData\Roaming\Code\User\globalStorage\redhat.java\1.56.0\config_win\org.eclipse.equinox.launcher\org.eclipse.equinox.launcher.win32.win32.x86_64_1.3.100.v20260804-1928\eclipse_11924.dll
0x00007fffc4770000 - 0x00007fffc489c000 	C:\Windows\System32\ole32.dll
0x00007fffc1ad0000 - 0x00007fffc1ae8000 	C:\Windows\SYSTEM32\CRYPTSP.dll
0x00007fffc1180000 - 0x00007fffc11b8000 	C:\Windows\system32\rsaenh.dll
0x00007fffc20c0000 - 0x00007fffc20ee000 	C:\Windows\SYSTEM32\USERENV.dll
0x00007fffc1ac0000 - 0x00007fffc1acc000 	C:\Windows\SYSTEM32\CRYPTBASE.dll
0x00007fffc1550000 - 0x00007fffc158b000 	C:\Windows\SYSTEM32\IPHLPAPI.DLL
0x00007fffc2c70000 - 0x00007fffc2c78000 	C:\Windows\System32\NSI.dll
0x00007fff821f0000 - 0x00007fff82239000 	C:\Users\welcome\AppData\Local\Temp\jna-1233099618\jna5176496830147245675.dll
0x00007fffc44c0000 - 0x00007fffc44c8000 	C:\Windows\System32\PSAPI.DLL
0x00007fffb9550000 - 0x00007fffb9567000 	C:\Windows\SYSTEM32\dhcpcsvc6.DLL
0x00007fffb9530000 - 0x00007fffb954d000 	C:\Windows\SYSTEM32\dhcpcsvc.DLL
0x00007fffb8b30000 - 0x00007fffb8b3e000 	C:\Users\welcome\.vscode\extensions\redhat.java-1.56.0-win32-x64\jre\21.0.12.1-win32-x86_64\bin\sunmscapi.dll
0x00007fffc28d0000 - 0x00007fffc2a2d000 	C:\Windows\System32\CRYPT32.dll
0x00007fffc1be0000 - 0x00007fffc1c07000 	C:\Windows\SYSTEM32\ncrypt.dll
0x00007fffc1ba0000 - 0x00007fffc1bdb000 	C:\Windows\SYSTEM32\NTASN1.dll
0x00007fffc1590000 - 0x00007fffc165c000 	C:\Windows\SYSTEM32\DNSAPI.dll
0x00007fffbb700000 - 0x00007fffbb70a000 	C:\Windows\System32\rasadhlp.dll
0x00007fffb5790000 - 0x00007fffb5810000 	C:\Windows\System32\fwpuclnt.dll
0x00007fffbc950000 - 0x00007fffbc959000 	C:\Users\welcome\.vscode\extensions\redhat.java-1.56.0-win32-x64\jre\21.0.12.1-win32-x86_64\bin\extnet.dll
0x00007fff8e8a0000 - 0x00007fff8e8c7000 	C:\Users\welcome\.gradle\native\c067742578af261105cb4f569cf0c3c89f3d7b1fecec35dd04571415982c5e48\windows-amd64\native-platform.dll
0x00007fff9b3a0000 - 0x00007fff9b3aa000 	C:\Users\welcome\.vscode\extensions\redhat.java-1.56.0-win32-x64\jre\21.0.12.1-win32-x86_64\bin\management.dll
0x00007fff94110000 - 0x00007fff9411c000 	C:\Users\welcome\.vscode\extensions\redhat.java-1.56.0-win32-x64\jre\21.0.12.1-win32-x86_64\bin\management_ext.dll
0x00007fff38780000 - 0x00007fff38787000 	C:\Windows\system32\wshunix.dll

JVMTI agents:
c:\Users\welcome\.vscode\extensions\redhat.java-1.56.0-win32-x64\lombok\lombok-1.18.39-4050.jar path:c:\Users\welcome\.vscode\extensions\redhat.java-1.56.0-win32-x64\jre\21.0.12.1-win32-x86_64\bin\instrument.dll, loaded, initialized, instrumentlib options:none

dbghelp: loaded successfully - version: 4.0.5 - missing functions: none
symbol engine: initialized successfully - sym options: 0x614 - pdb path: .;c:\Users\welcome\.vscode\extensions\redhat.java-1.56.0-win32-x64\jre\21.0.12.1-win32-x86_64\bin;C:\Windows\SYSTEM32;C:\Windows\WinSxS\amd64_microsoft.windows.common-controls_6595b64144ccf1df_6.0.19041.7663_none_60b9ed0b71f50c93;c:\Users\welcome\.vscode\extensions\redhat.java-1.56.0-win32-x64\jre\21.0.12.1-win32-x86_64\bin\server;C:\Users\welcome\AppData\Roaming\Code\User\globalStorage\redhat.java\1.56.0\config_win\org.eclipse.equinox.launcher\org.eclipse.equinox.launcher.win32.win32.x86_64_1.3.100.v20260804-1928;C:\Users\welcome\AppData\Local\Temp\jna-1233099618;C:\Users\welcome\.gradle\native\c067742578af261105cb4f569cf0c3c89f3d7b1fecec35dd04571415982c5e48\windows-amd64

VM Arguments:
jvm_args: --add-modules=ALL-SYSTEM --add-opens=java.base/java.util=ALL-UNNAMED --add-opens=java.base/java.lang=ALL-UNNAMED --add-opens=java.base/sun.nio.fs=ALL-UNNAMED -Declipse.application=org.eclipse.jdt.ls.core.id1 -Dosgi.bundles.defaultStartLevel=4 -Declipse.product=org.eclipse.jdt.ls.core.product -Djava.import.generatesMetadataFilesAtProjectRoot=false -Dm2e.project.cache.size=50 -DDetectVMInstallationsJob.disabled=true -Dfile.encoding=utf8 -XX:+UseParallelGC -XX:GCTimeRatio=4 -XX:AdaptiveSizePolicyWeight=90 -Dsun.zip.disableMemoryMapping=true -Xmx2G -Xms100m -Xlog:disable -javaagent:c:\Users\welcome\.vscode\extensions\redhat.java-1.56.0-win32-x64\lombok\lombok-1.18.39-4050.jar -XX:+HeapDumpOnOutOfMemoryError -XX:HeapDumpPath=c:\Users\welcome\AppData\Roaming\Code\User\workspaceStorage\438089d090c8572c52f170013986077f\redhat.java -Daether.dependencyCollector.impl=bf 
java_command: c:\Users\welcome\.vscode\extensions\redhat.java-1.56.0-win32-x64\server\plugins\org.eclipse.equinox.launcher_1.8.0.v20260804-1928.jar -configuration c:\Users\welcome\AppData\Roaming\Code\User\globalStorage\redhat.java\1.56.0\config_win -data c:\Users\welcome\AppData\Roaming\Code\User\workspaceStorage\438089d090c8572c52f170013986077f\redhat.java\jdt_ws --stdio
java_class_path (initial): c:\Users\welcome\.vscode\extensions\redhat.java-1.56.0-win32-x64\server\plugins\org.eclipse.equinox.launcher_1.8.0.v20260804-1928.jar
Launcher Type: SUN_STANDARD

[Global flags]
    uintx AdaptiveSizePolicyWeight                 = 90                                        {product} {command line}
     intx CICompilerCount                          = 3                                         {product} {ergonomic}
    uintx GCTimeRatio                              = 4                                         {product} {command line}
     bool HeapDumpOnOutOfMemoryError               = true                                   {manageable} {command line}
    ccstr HeapDumpPath                             = c:\Users\welcome\AppData\Roaming\Code\User\workspaceStorage\438089d090c8572c52f170013986077f\redhat.java         {manageable} {command line}
   size_t InitialHeapSize                          = 104857600                                 {product} {command line}
   size_t MaxHeapSize                              = 2147483648                                {product} {command line}
   size_t MaxNewSize                               = 715653120                                 {product} {ergonomic}
   size_t MinHeapDeltaBytes                        = 524288                                    {product} {ergonomic}
   size_t MinHeapSize                              = 104857600                                 {product} {command line}
   size_t NewSize                                  = 34603008                                  {product} {ergonomic}
    uintx NonNMethodCodeHeapSize                   = 5832780                                {pd product} {ergonomic}
    uintx NonProfiledCodeHeapSize                  = 122912730                              {pd product} {ergonomic}
   size_t OldSize                                  = 70254592                                  {product} {ergonomic}
    uintx ProfiledCodeHeapSize                     = 122912730                              {pd product} {ergonomic}
    uintx ReservedCodeCacheSize                    = 251658240                              {pd product} {ergonomic}
     bool SegmentedCodeCache                       = true                                      {product} {ergonomic}
   size_t SoftMaxHeapSize                          = 2147483648                             {manageable} {ergonomic}
     bool UseCompressedOops                        = true                           {product lp64_product} {ergonomic}
     bool UseLargePagesIndividualAllocation        = false                                  {pd product} {ergonomic}
     bool UseParallelGC                            = true                                      {product} {command line}

Logging:
Log output configuration:
 #0: stdout all=off uptime,level,tags foldmultilines=false
 #1: stderr all=off uptime,level,tags foldmultilines=false

Release file:
JAVA_VERSION="21.0.12.1" 
MODULES="java.base java.compiler java.datatransfer java.xml java.prefs java.desktop java.instrument java.logging java.management java.security.sasl java.naming java.rmi java.management.rmi java.net.http java.scripting java.security.jgss java.transaction.xa java.sql java.sql.rowset java.xml.crypto java.se java.smartcardio jdk.accessibility jdk.internal.jvmstat jdk.attach jdk.charsets jdk.internal.opt jdk.zipfs jdk.compiler jdk.crypto.ec jdk.crypto.cryptoki jdk.crypto.mscapi jdk.dynalink jdk.internal.ed jdk.editpad jdk.hotspot.agent jdk.httpserver jdk.internal.le jdk.internal.vm.ci jdk.internal.vm.compiler jdk.internal.vm.compiler.management jdk.jartool jdk.javadoc jdk.jcmd jdk.management jdk.management.agent jdk.jconsole jdk.jdeps jdk.jdwp.agent jdk.jdi jdk.jfr jdk.jshell jdk.jsobject jdk.jstatd jdk.localedata jdk.management.jfr jdk.naming.dns jdk.naming.rmi jdk.net jdk.nio.mapmode jdk.random jdk.sctp jdk.security.auth jdk.security.jgss jdk.unsupported jdk.unsupported.desktop jdk.xml.dom" 

Environment Variables:
PATH=C:\Program Files\Eclipse Adoptium\jdk-17.0.20.101-hotspot\bin;C:\Windows\system32;C:\Windows;C:\Windows\System32\Wbem;C:\Windows\System32\WindowsPowerShell\v1.0\;C:\Windows\System32\OpenSSH\;C:\Program Files\Git\cmd;C:\Program Files\nodejs\;C:\Users\welcome\AppData\Local\Microsoft\WindowsApps;C:\Users\welcome\AppData\Local\Programs\Microsoft VS Code\bin;C:\Users\welcome\AppData\Local\Programs\DockerDesktop\resources\bin;C:\Users\welcome\AppData\Roaming\npm
USERNAME=welcome
OS=Windows_NT
PROCESSOR_IDENTIFIER=Intel64 Family 6 Model 142 Stepping 9, GenuineIntel
TMP=C:\Users\welcome\AppData\Local\Temp
TEMP=C:\Users\welcome\AppData\Local\Temp




Periodic native trim disabled

---------------  S Y S T E M  ---------------

OS:
 Windows 10 , 64 bit Build 19041 (10.0.19041.7725)
OS uptime: 5 days 23:03 hours
Hyper-V role detected

CPU: total 4 (initial active 4) (2 cores per cpu, 2 threads per core) family 6 model 142 stepping 9 microcode 0xea, cx8, cmov, fxsr, ht, mmx, 3dnowpref, sse, sse2, sse3, ssse3, sse4.1, sse4.2, popcnt, lzcnt, tsc, tscinvbit, avx, avx2, aes, erms, clmul, bmi1, bmi2, adx, fma, vzeroupper, clflush, clflushopt, hv, rdtscp, f16c
Processor Information for the first 4 processors :
  Max Mhz: 2400, Current Mhz: 2400, Mhz Limit: 2400

Memory: 4k page, system-wide physical 4005M (169M free)
TotalPageFile size 11505M (AvailPageFile size 9M)
current process WorkingSet (physical memory assigned to process): 21M, peak: 361M
current process commit charge ("private bytes"): 685M, peak: 691M

vm_info: OpenJDK 64-Bit Server VM (21.0.12.1+1-LTS) for windows-amd64 JRE (21.0.12.1+1-LTS), built on 2026-08-18T00:00:00Z by "admin" with MS VC++ 17.12 (VS2022)

END.
