#
# There is insufficient memory for the Java Runtime Environment to continue.
# Native memory allocation (malloc) failed to allocate 1025376 bytes. Error detail: Chunk::new
# Possible reasons:
#   The system is out of physical RAM or swap space
#   This process is running with CompressedOops enabled, and the Java Heap may be blocking the growth of the native heap
# Possible solutions:
#   Reduce memory load on the system
#   Increase physical memory or swap space
#   Check if swap backing store is full
#   Decrease Java heap size (-Xmx/-Xms)
#   Decrease number of Java threads
#   Decrease Java thread stack sizes (-Xss)
#   Set larger code cache with -XX:ReservedCodeCacheSize=
#   JVM is running with Unscaled Compressed Oops mode in which the Java heap is
#     placed in the first 4GB address space. The Java Heap base address is the
#     maximum limit for the native heap growth. Please use -XX:HeapBaseMinAddress
#     to set the Java Heap base and to place the Java Heap above 4GB virtual address.
# This output file may be truncated or incomplete.
#
#  Out of Memory Error (arena.cpp:191), pid=5976, tid=17364
#
# JRE version: OpenJDK Runtime Environment Temurin-17.0.20.1+1 (17.0.20.1+1) (build 17.0.20.1+1)
# Java VM: OpenJDK 64-Bit Server VM Temurin-17.0.20.1+1 (17.0.20.1+1, mixed mode, sharing, tiered, compressed oops, compressed class ptrs, g1 gc, windows-amd64)
# No core dump will be written. Minidumps are not enabled by default on client versions of Windows
#

---------------  S U M M A R Y ------------

Command Line: -DkotlinLanguageServer.version=1.3.13 org.javacs.kt.MainKt

Host: Intel(R) Core(TM) i3-7100U CPU @ 2.40GHz, 4 cores, 3G,  Windows 10 , 64 bit Build 19041 (10.0.19041.7725)
Time: Tue Sep 29 09:57:52 2026 India Standard Time elapsed time: 10.701185 seconds (0d 0h 0m 10s)

---------------  T H R E A D  ---------------

Current thread (0x0000023035aa8630):  JavaThread "C2 CompilerThread0" daemon [_thread_in_native, id=17364, stack(0x00000077cb700000,0x00000077cb800000)]


Current CompileTask:
C2:10701 1551   !   4       jdk.internal.loader.BuiltinClassLoader::loadClassOrNull (143 bytes)

Stack: [0x00000077cb700000,0x00000077cb800000]
Native frames: (J=compiled Java code, j=interpreted, Vv=VM code, C=native code)
V  [jvm.dll+0x684d39]
V  [jvm.dll+0x83a565]
V  [jvm.dll+0x83bfde]
V  [jvm.dll+0x83c663]
V  [jvm.dll+0x2490cf]
V  [jvm.dll+0xad536]
V  [jvm.dll+0xadbdc]
V  [jvm.dll+0x2b07af]
V  [jvm.dll+0x58b025]
V  [jvm.dll+0x223054]
V  [jvm.dll+0x22344d]
V  [jvm.dll+0x21c0fb]
V  [jvm.dll+0x219212]
V  [jvm.dll+0x1a49e0]
V  [jvm.dll+0x229a6a]
V  [jvm.dll+0x227c1b]
V  [jvm.dll+0x7f0d18]
V  [jvm.dll+0x7eb17c]
V  [jvm.dll+0x683c07]
C  [ucrtbase.dll+0x21bb2]
C  [KERNEL32.DLL+0x17384]
C  [ntdll.dll+0x4cc91]


---------------  P R O C E S S  ---------------

Threads class SMR info:
_java_thread_list=0x000002307b085be0, length=12, elements={
0x00000230185cdab0, 0x0000023035a893c0, 0x0000023035a8a240, 0x0000023035aa3af0,
0x0000023035aa65c0, 0x0000023035aa6f80, 0x0000023035aa7940, 0x0000023035aa8630,
0x0000023035b14340, 0x0000023035b24930, 0x000002307b085030, 0x000002307b0939e0
}

Java Threads: ( => current thread )
  0x00000230185cdab0 JavaThread "main" [_thread_in_Java, id=18160, stack(0x00000077caa00000,0x00000077cab00000)]
  0x0000023035a893c0 JavaThread "Reference Handler" daemon [_thread_blocked, id=20932, stack(0x00000077cb100000,0x00000077cb200000)]
  0x0000023035a8a240 JavaThread "Finalizer" daemon [_thread_blocked, id=16100, stack(0x00000077cb200000,0x00000077cb300000)]
  0x0000023035aa3af0 JavaThread "Signal Dispatcher" daemon [_thread_blocked, id=19276, stack(0x00000077cb300000,0x00000077cb400000)]
  0x0000023035aa65c0 JavaThread "Attach Listener" daemon [_thread_blocked, id=11140, stack(0x00000077cb400000,0x00000077cb500000)]
  0x0000023035aa6f80 JavaThread "Service Thread" daemon [_thread_blocked, id=19080, stack(0x00000077cb500000,0x00000077cb600000)]
  0x0000023035aa7940 JavaThread "Monitor Deflation Thread" daemon [_thread_blocked, id=16760, stack(0x00000077cb600000,0x00000077cb700000)]
=>0x0000023035aa8630 JavaThread "C2 CompilerThread0" daemon [_thread_in_native, id=17364, stack(0x00000077cb700000,0x00000077cb800000)]
  0x0000023035b14340 JavaThread "C1 CompilerThread0" daemon [_thread_blocked, id=17160, stack(0x00000077cb800000,0x00000077cb900000)]
  0x0000023035b24930 JavaThread "Sweeper thread" daemon [_thread_blocked, id=6428, stack(0x00000077cb900000,0x00000077cba00000)]
  0x000002307b085030 JavaThread "Notification Thread" daemon [_thread_blocked, id=22236, stack(0x00000077cba00000,0x00000077cbb00000)]
  0x000002307b0939e0 JavaThread "Common-Cleaner" daemon [_thread_blocked, id=16816, stack(0x00000077cbc00000,0x00000077cbd00000)]

Other Threads:
  0x0000023035a84580 VMThread "VM Thread" [stack: 0x00000077cb000000,0x00000077cb100000] [id=8768]
  0x000002307b089930 WatcherThread [stack: 0x00000077cbb00000,0x00000077cbc00000] [id=4172]
  0x000002301860a200 GCTaskThread "GC Thread#0" [stack: 0x00000077cab00000,0x00000077cac00000] [id=13708]
  0x000002307b7099d0 GCTaskThread "GC Thread#1" [stack: 0x00000077cbd00000,0x00000077cbe00000] [id=7128]
  0x000002307b9eebc0 GCTaskThread "GC Thread#2" [stack: 0x00000077cbe00000,0x00000077cbf00000] [id=6968]
  0x000002307b9eee80 GCTaskThread "GC Thread#3" [stack: 0x00000077cbf00000,0x00000077cc000000] [id=9880]
  0x0000023018612e90 ConcurrentGCThread "G1 Main Marker" [stack: 0x00000077cac00000,0x00000077cad00000] [id=10920]
  0x0000023018615060 ConcurrentGCThread "G1 Conc#0" [stack: 0x00000077cad00000,0x00000077cae00000] [id=17692]
  0x0000023018665a10 ConcurrentGCThread "G1 Refine#0" [stack: 0x00000077cae00000,0x00000077caf00000] [id=8244]
  0x0000023018666440 ConcurrentGCThread "G1 Service" [stack: 0x00000077caf00000,0x00000077cb000000] [id=21528]

Threads with active compile tasks:
C2 CompilerThread0  10806 1551   !   4       jdk.internal.loader.BuiltinClassLoader::loadClassOrNull (143 bytes)

VM state: not at safepoint (normal execution)

VM Mutex/Monitor currently owned by a thread: None

Heap address: 0x00000000c1600000, size: 1002 MB, Compressed Oops mode: 32-bit

CDS archive(s) mapped at: [0x0000023036000000-0x0000023036bb0000-0x0000023036bb0000), size 12255232, SharedBaseAddress: 0x0000023036000000, ArchiveRelocationMode: 1.
Compressed class space mapped at: 0x0000023037000000-0x0000023077000000, reserved size: 1073741824
Narrow klass base: 0x0000023036000000, Narrow klass shift: 0, Narrow klass range: 0x100000000

GC Precious Log:
 CPUs: 4 total, 4 available
 Memory: 4005M
 Large Page Support: Disabled
 NUMA Support: Disabled
 Compressed Oops: Enabled (32-bit)
 Heap Region Size: 1M
 Heap Min Capacity: 8M
 Heap Initial Capacity: 64M
 Heap Max Capacity: 1002M
 Pre-touch: Disabled
 Parallel Workers: 4
 Concurrent Workers: 1
 Concurrent Refinement Workers: 4
 Periodic GC: Disabled

Heap:
 garbage-first heap   total 65536K, used 25682K [0x00000000c1600000, 0x0000000100000000)
  region size 1024K, 18 young (18432K), 2 survivors (2048K)
 Metaspace       used 19884K, committed 20096K, reserved 1114112K
  class space    used 2218K, committed 2304K, reserved 1048576K

Heap Regions: E=young(eden), S=young(survivor), O=old, HS=humongous(starts), HC=humongous(continues), CS=collection set, F=free, OA=open archive, CA=closed archive, TAMS=top-at-mark-start (previous, next)
|   0|0x00000000c1600000, 0x00000000c1700000, 0x00000000c1700000|100%|HS|  |TAMS 0x00000000c1600000, 0x00000000c1600000| Complete 
|   1|0x00000000c1700000, 0x00000000c1800000, 0x00000000c1800000|100%|HC|  |TAMS 0x00000000c1700000, 0x00000000c1700000| Complete 
|   2|0x00000000c1800000, 0x00000000c1900000, 0x00000000c1900000|100%|HC|  |TAMS 0x00000000c1800000, 0x00000000c1800000| Complete 
|   3|0x00000000c1900000, 0x00000000c1a00000, 0x00000000c1a00000|100%|HC|  |TAMS 0x00000000c1900000, 0x00000000c1900000| Complete 
|   4|0x00000000c1a00000, 0x00000000c1b00000, 0x00000000c1b00000|100%| O|  |TAMS 0x00000000c1a00000, 0x00000000c1a00000| Untracked 
|   5|0x00000000c1b00000, 0x00000000c1c00000, 0x00000000c1c00000|100%| O|  |TAMS 0x00000000c1b00000, 0x00000000c1b00000| Untracked 
|   6|0x00000000c1c00000, 0x00000000c1c00000, 0x00000000c1d00000|  0%| F|  |TAMS 0x00000000c1c00000, 0x00000000c1c00000| Untracked 
|   7|0x00000000c1d00000, 0x00000000c1e00000, 0x00000000c1e00000|100%| O|  |TAMS 0x00000000c1d00000, 0x00000000c1d00000| Untracked 
|   8|0x00000000c1e00000, 0x00000000c1f00000, 0x00000000c1f00000|100%| O|  |TAMS 0x00000000c1e00000, 0x00000000c1e00000| Untracked 
|   9|0x00000000c1f00000, 0x00000000c1f37e00, 0x00000000c2000000| 21%| O|  |TAMS 0x00000000c1f00000, 0x00000000c1f00000| Untracked 
|  10|0x00000000c2000000, 0x00000000c2000000, 0x00000000c2100000|  0%| F|  |TAMS 0x00000000c2000000, 0x00000000c2000000| Untracked 
|  11|0x00000000c2100000, 0x00000000c2100000, 0x00000000c2200000|  0%| F|  |TAMS 0x00000000c2100000, 0x00000000c2100000| Untracked 
|  12|0x00000000c2200000, 0x00000000c2200000, 0x00000000c2300000|  0%| F|  |TAMS 0x00000000c2200000, 0x00000000c2200000| Untracked 
|  13|0x00000000c2300000, 0x00000000c2300000, 0x00000000c2400000|  0%| F|  |TAMS 0x00000000c2300000, 0x00000000c2300000| Untracked 
|  14|0x00000000c2400000, 0x00000000c2400000, 0x00000000c2500000|  0%| F|  |TAMS 0x00000000c2400000, 0x00000000c2400000| Untracked 
|  15|0x00000000c2500000, 0x00000000c2500000, 0x00000000c2600000|  0%| F|  |TAMS 0x00000000c2500000, 0x00000000c2500000| Untracked 
|  16|0x00000000c2600000, 0x00000000c2600000, 0x00000000c2700000|  0%| F|  |TAMS 0x00000000c2600000, 0x00000000c2600000| Untracked 
|  17|0x00000000c2700000, 0x00000000c2700000, 0x00000000c2800000|  0%| F|  |TAMS 0x00000000c2700000, 0x00000000c2700000| Untracked 
|  18|0x00000000c2800000, 0x00000000c2800000, 0x00000000c2900000|  0%| F|  |TAMS 0x00000000c2800000, 0x00000000c2800000| Untracked 
|  19|0x00000000c2900000, 0x00000000c2900000, 0x00000000c2a00000|  0%| F|  |TAMS 0x00000000c2900000, 0x00000000c2900000| Untracked 
|  20|0x00000000c2a00000, 0x00000000c2a00000, 0x00000000c2b00000|  0%| F|  |TAMS 0x00000000c2a00000, 0x00000000c2a00000| Untracked 
|  21|0x00000000c2b00000, 0x00000000c2b00000, 0x00000000c2c00000|  0%| F|  |TAMS 0x00000000c2b00000, 0x00000000c2b00000| Untracked 
|  22|0x00000000c2c00000, 0x00000000c2c00000, 0x00000000c2d00000|  0%| F|  |TAMS 0x00000000c2c00000, 0x00000000c2c00000| Untracked 
|  23|0x00000000c2d00000, 0x00000000c2d00000, 0x00000000c2e00000|  0%| F|  |TAMS 0x00000000c2d00000, 0x00000000c2d00000| Untracked 
|  24|0x00000000c2e00000, 0x00000000c2e00000, 0x00000000c2f00000|  0%| F|  |TAMS 0x00000000c2e00000, 0x00000000c2e00000| Untracked 
|  25|0x00000000c2f00000, 0x00000000c2f00000, 0x00000000c3000000|  0%| F|  |TAMS 0x00000000c2f00000, 0x00000000c2f00000| Untracked 
|  26|0x00000000c3000000, 0x00000000c3000000, 0x00000000c3100000|  0%| F|  |TAMS 0x00000000c3000000, 0x00000000c3000000| Untracked 
|  27|0x00000000c3100000, 0x00000000c3100000, 0x00000000c3200000|  0%| F|  |TAMS 0x00000000c3100000, 0x00000000c3100000| Untracked 
|  28|0x00000000c3200000, 0x00000000c3200000, 0x00000000c3300000|  0%| F|  |TAMS 0x00000000c3200000, 0x00000000c3200000| Untracked 
|  29|0x00000000c3300000, 0x00000000c3300000, 0x00000000c3400000|  0%| F|  |TAMS 0x00000000c3300000, 0x00000000c3300000| Untracked 
|  30|0x00000000c3400000, 0x00000000c3400000, 0x00000000c3500000|  0%| F|  |TAMS 0x00000000c3400000, 0x00000000c3400000| Untracked 
|  31|0x00000000c3500000, 0x00000000c3500000, 0x00000000c3600000|  0%| F|  |TAMS 0x00000000c3500000, 0x00000000c3500000| Untracked 
|  32|0x00000000c3600000, 0x00000000c3600000, 0x00000000c3700000|  0%| F|  |TAMS 0x00000000c3600000, 0x00000000c3600000| Untracked 
|  33|0x00000000c3700000, 0x00000000c3700000, 0x00000000c3800000|  0%| F|  |TAMS 0x00000000c3700000, 0x00000000c3700000| Untracked 
|  34|0x00000000c3800000, 0x00000000c3800000, 0x00000000c3900000|  0%| F|  |TAMS 0x00000000c3800000, 0x00000000c3800000| Untracked 
|  35|0x00000000c3900000, 0x00000000c3900000, 0x00000000c3a00000|  0%| F|  |TAMS 0x00000000c3900000, 0x00000000c3900000| Untracked 
|  36|0x00000000c3a00000, 0x00000000c3a00000, 0x00000000c3b00000|  0%| F|  |TAMS 0x00000000c3a00000, 0x00000000c3a00000| Untracked 
|  37|0x00000000c3b00000, 0x00000000c3b00000, 0x00000000c3c00000|  0%| F|  |TAMS 0x00000000c3b00000, 0x00000000c3b00000| Untracked 
|  38|0x00000000c3c00000, 0x00000000c3c00000, 0x00000000c3d00000|  0%| F|  |TAMS 0x00000000c3c00000, 0x00000000c3c00000| Untracked 
|  39|0x00000000c3d00000, 0x00000000c3ddcb80, 0x00000000c3e00000| 86%| S|CS|TAMS 0x00000000c3d00000, 0x00000000c3d00000| Complete 
|  40|0x00000000c3e00000, 0x00000000c3f00000, 0x00000000c3f00000|100%| S|CS|TAMS 0x00000000c3e00000, 0x00000000c3e00000| Complete 
|  41|0x00000000c3f00000, 0x00000000c3f00000, 0x00000000c4000000|  0%| F|  |TAMS 0x00000000c3f00000, 0x00000000c3f00000| Untracked 
|  42|0x00000000c4000000, 0x00000000c4000000, 0x00000000c4100000|  0%| F|  |TAMS 0x00000000c4000000, 0x00000000c4000000| Untracked 
|  43|0x00000000c4100000, 0x00000000c4100000, 0x00000000c4200000|  0%| F|  |TAMS 0x00000000c4100000, 0x00000000c4100000| Untracked 
|  44|0x00000000c4200000, 0x00000000c4200000, 0x00000000c4300000|  0%| F|  |TAMS 0x00000000c4200000, 0x00000000c4200000| Untracked 
|  45|0x00000000c4300000, 0x00000000c4300000, 0x00000000c4400000|  0%| F|  |TAMS 0x00000000c4300000, 0x00000000c4300000| Untracked 
|  46|0x00000000c4400000, 0x00000000c4400000, 0x00000000c4500000|  0%| F|  |TAMS 0x00000000c4400000, 0x00000000c4400000| Untracked 
|  47|0x00000000c4500000, 0x00000000c4500000, 0x00000000c4600000|  0%| F|  |TAMS 0x00000000c4500000, 0x00000000c4500000| Untracked 
|  48|0x00000000c4600000, 0x00000000c46918b0, 0x00000000c4700000| 56%| E|  |TAMS 0x00000000c4600000, 0x00000000c4600000| Complete 
|  49|0x00000000c4700000, 0x00000000c4800000, 0x00000000c4800000|100%| E|CS|TAMS 0x00000000c4700000, 0x00000000c4700000| Complete 
|  50|0x00000000c4800000, 0x00000000c4900000, 0x00000000c4900000|100%| E|CS|TAMS 0x00000000c4800000, 0x00000000c4800000| Complete 
|  51|0x00000000c4900000, 0x00000000c4a00000, 0x00000000c4a00000|100%| E|CS|TAMS 0x00000000c4900000, 0x00000000c4900000| Complete 
|  52|0x00000000c4a00000, 0x00000000c4b00000, 0x00000000c4b00000|100%| E|CS|TAMS 0x00000000c4a00000, 0x00000000c4a00000| Complete 
|  53|0x00000000c4b00000, 0x00000000c4c00000, 0x00000000c4c00000|100%| E|CS|TAMS 0x00000000c4b00000, 0x00000000c4b00000| Complete 
|  54|0x00000000c4c00000, 0x00000000c4d00000, 0x00000000c4d00000|100%| E|CS|TAMS 0x00000000c4c00000, 0x00000000c4c00000| Complete 
|  55|0x00000000c4d00000, 0x00000000c4e00000, 0x00000000c4e00000|100%| E|CS|TAMS 0x00000000c4d00000, 0x00000000c4d00000| Complete 
|  56|0x00000000c4e00000, 0x00000000c4f00000, 0x00000000c4f00000|100%| E|CS|TAMS 0x00000000c4e00000, 0x00000000c4e00000| Complete 
|  57|0x00000000c4f00000, 0x00000000c5000000, 0x00000000c5000000|100%| E|CS|TAMS 0x00000000c4f00000, 0x00000000c4f00000| Complete 
|  58|0x00000000c5000000, 0x00000000c5100000, 0x00000000c5100000|100%| E|CS|TAMS 0x00000000c5000000, 0x00000000c5000000| Complete 
|  59|0x00000000c5100000, 0x00000000c5200000, 0x00000000c5200000|100%| E|CS|TAMS 0x00000000c5100000, 0x00000000c5100000| Complete 
|  60|0x00000000c5200000, 0x00000000c5300000, 0x00000000c5300000|100%| E|CS|TAMS 0x00000000c5200000, 0x00000000c5200000| Complete 
|  61|0x00000000c5300000, 0x00000000c5400000, 0x00000000c5400000|100%| E|CS|TAMS 0x00000000c5300000, 0x00000000c5300000| Complete 
|  62|0x00000000c5400000, 0x00000000c5500000, 0x00000000c5500000|100%| E|CS|TAMS 0x00000000c5400000, 0x00000000c5400000| Complete 
|  63|0x00000000c5500000, 0x00000000c5600000, 0x00000000c5600000|100%| E|CS|TAMS 0x00000000c5500000, 0x00000000c5500000| Complete 

Card table byte_map: [0x0000023031150000,0x0000023031350000] _byte_map_base: 0x0000023030b45000

Marking Bits (Prev, Next): (CMBitMap*) 0x000002301860a820, (CMBitMap*) 0x000002301860a860
 Prev Bits: [0x0000023031550000, 0x00000230324f8000)
 Next Bits: [0x0000023032500000, 0x00000230334a8000)

Polling page: 0x0000023018680000

Metaspace:

Usage:
  Non-class:     17.26 MB used.
      Class:      2.17 MB used.
       Both:     19.43 MB used.

Virtual space:
  Non-class space:       64.00 MB reserved,      17.38 MB ( 27%) committed,  1 nodes.
      Class space:        1.00 GB reserved,       2.25 MB ( <1%) committed,  1 nodes.
             Both:        1.06 GB reserved,      19.62 MB (  2%) committed. 

Chunk freelists:
   Non-Class:  14.61 MB
       Class:  13.58 MB
        Both:  28.19 MB

MaxMetaspaceSize: unlimited
CompressedClassSpaceSize: 1.00 GB
Initial GC threshold: 21.00 MB
Current GC threshold: 21.00 MB
CDS: on
MetaspaceReclaimPolicy: balanced
 - commit_granule_bytes: 65536.
 - commit_granule_words: 8192.
 - virtual_space_node_default_size: 8388608.
 - enlarge_chunks_in_place: 1.
 - new_chunks_are_fully_committed: 0.
 - uncommit_free_chunks: 1.
 - use_allocation_guard: 0.
 - handle_deallocations: 1.


Internal statistics:

num_allocs_failed_limit: 0.
num_arena_births: 138.
num_arena_deaths: 0.
num_vsnodes_births: 2.
num_vsnodes_deaths: 0.
num_space_committed: 314.
num_space_uncommitted: 0.
num_chunks_returned_to_freelist: 0.
num_chunks_taken_from_freelist: 755.
num_chunk_merges: 0.
num_chunk_splits: 576.
num_chunks_enlarged: 505.
num_inconsistent_stats: 0.

CodeHeap 'non-profiled nmethods': size=120000Kb used=755Kb max_used=755Kb free=119244Kb
 bounds [0x00000230293f0000, 0x0000023029660000, 0x0000023030920000]
CodeHeap 'profiled nmethods': size=120000Kb used=2833Kb max_used=2833Kb free=117166Kb
 bounds [0x0000023021920000, 0x0000023021bf0000, 0x0000023028e50000]
CodeHeap 'non-nmethods': size=5760Kb used=1220Kb max_used=1257Kb free=4539Kb
 bounds [0x0000023028e50000, 0x00000230290c0000, 0x00000230293f0000]
 total_blobs=2091 nmethods=1566 adapters=438
 compilation: enabled
              stopped_count=0, restarted_count=0
 full_count=0

Compilation events (20 events):
Event: 10.406 Thread 0x0000023035b14340 nmethod 1550 0x00000230294ab810 code [0x00000230294ab9a0, 0x00000230294aba78]
Event: 10.456 Thread 0x0000023035aa8630 1551   !   4       jdk.internal.loader.BuiltinClassLoader::loadClassOrNull (143 bytes)
Event: 10.615 Thread 0x0000023035b14340 1552       3       java.nio.HeapByteBuffer::byteOffset (7 bytes)
Event: 10.615 Thread 0x0000023035b14340 nmethod 1552 0x0000023021bde590 code [0x0000023021bde720, 0x0000023021bde838]
Event: 10.615 Thread 0x0000023035b14340 1553       3       java.nio.Buffer::nextGetIndex (32 bytes)
Event: 10.616 Thread 0x0000023035b14340 nmethod 1553 0x0000023021bde910 code [0x0000023021bdeac0, 0x0000023021bdec88]
Event: 10.616 Thread 0x0000023035b14340 1555       3       java.nio.HeapByteBuffer::getShort (29 bytes)
Event: 10.617 Thread 0x0000023035b14340 nmethod 1555 0x0000023021bded90 code [0x0000023021bdefe0, 0x0000023021bdfa68]
Event: 10.617 Thread 0x0000023035b14340 1556   !   3       jdk.internal.misc.ScopedMemoryAccess::getShortUnaligned (22 bytes)
Event: 10.618 Thread 0x0000023035b14340 nmethod 1556 0x0000023021bdfe90 code [0x0000023021be0080, 0x0000023021be0648]
Event: 10.618 Thread 0x0000023035b14340 1558       3       jdk.internal.misc.Unsafe::pickPos (14 bytes)
Event: 10.618 Thread 0x0000023035b14340 nmethod 1558 0x0000023021be0910 code [0x0000023021be0aa0, 0x0000023021be0b98]
Event: 10.620 Thread 0x0000023035b14340 1559       3       java.lang.StringBuilder::toString (35 bytes)
Event: 10.621 Thread 0x0000023035b14340 nmethod 1559 0x0000023021be0c10 code [0x0000023021be0de0, 0x0000023021be10b8]
Event: 10.621 Thread 0x0000023035b14340 1560       3       kotlin.jvm.internal.Intrinsics::areEqual (22 bytes)
Event: 10.621 Thread 0x0000023035b14340 nmethod 1560 0x0000023021be1190 code [0x0000023021be1340, 0x0000023021be15a8]
Event: 10.622 Thread 0x0000023035b14340 1562       3       jdk.internal.reflect.ReflectionFactory::copyMethod (11 bytes)
Event: 10.622 Thread 0x0000023035b14340 nmethod 1562 0x0000023021be1690 code [0x0000023021be1840, 0x0000023021be1a28]
Event: 10.622 Thread 0x0000023035b14340 1563       3       java.lang.reflect.Method::<init> (68 bytes)
Event: 10.622 Thread 0x0000023035b14340 nmethod 1563 0x0000023021be1b90 code [0x0000023021be1d60, 0x0000023021be22f8]

GC Heap History (6 events):
Event: 3.226 GC heap before
{Heap before GC invocations=0 (full 0):
 garbage-first heap   total 65536K, used 16384K [0x00000000c1600000, 0x0000000100000000)
  region size 1024K, 13 young (13312K), 0 survivors (0K)
 Metaspace       used 4507K, committed 4608K, reserved 1114112K
  class space    used 435K, committed 512K, reserved 1048576K
}
Event: 3.263 GC heap after
{Heap after GC invocations=1 (full 0):
 garbage-first heap   total 65536K, used 8162K [0x00000000c1600000, 0x0000000100000000)
  region size 1024K, 2 young (2048K), 2 survivors (2048K)
 Metaspace       used 4507K, committed 4608K, reserved 1114112K
  class space    used 435K, committed 512K, reserved 1048576K
}
Event: 5.195 GC heap before
{Heap before GC invocations=1 (full 0):
 garbage-first heap   total 65536K, used 21474K [0x00000000c1600000, 0x0000000100000000)
  region size 1024K, 15 young (15360K), 2 survivors (2048K)
 Metaspace       used 9423K, committed 9600K, reserved 1114112K
  class space    used 910K, committed 1024K, reserved 1048576K
}
Event: 5.204 GC heap after
{Heap after GC invocations=2 (full 0):
 garbage-first heap   total 65536K, used 9014K [0x00000000c1600000, 0x0000000100000000)
  region size 1024K, 1 young (1024K), 1 survivors (1024K)
 Metaspace       used 9423K, committed 9600K, reserved 1114112K
  class space    used 910K, committed 1024K, reserved 1048576K
}
Event: 7.970 GC heap before
{Heap before GC invocations=2 (full 0):
 garbage-first heap   total 65536K, used 31542K [0x00000000c1600000, 0x0000000100000000)
  region size 1024K, 23 young (23552K), 1 survivors (1024K)
 Metaspace       used 15882K, committed 16128K, reserved 1114112K
  class space    used 1713K, committed 1792K, reserved 1048576K
}
Event: 7.978 GC heap after
{Heap after GC invocations=3 (full 0):
 garbage-first heap   total 65536K, used 10322K [0x00000000c1600000, 0x0000000100000000)
  region size 1024K, 2 young (2048K), 2 survivors (2048K)
 Metaspace       used 15882K, committed 16128K, reserved 1114112K
  class space    used 1713K, committed 1792K, reserved 1048576K
}

Dll operation events (7 events):
Event: 0.016 Loaded shared library C:\Program Files\Eclipse Adoptium\jdk-17.0.20.101-hotspot\bin\java.dll
Event: 0.051 Loaded shared library C:\Program Files\Eclipse Adoptium\jdk-17.0.20.101-hotspot\bin\jsvml.dll
Event: 0.301 Loaded shared library C:\Program Files\Eclipse Adoptium\jdk-17.0.20.101-hotspot\bin\net.dll
Event: 0.308 Loaded shared library C:\Program Files\Eclipse Adoptium\jdk-17.0.20.101-hotspot\bin\nio.dll
Event: 0.326 Loaded shared library C:\Program Files\Eclipse Adoptium\jdk-17.0.20.101-hotspot\bin\zip.dll
Event: 0.704 Loaded shared library C:\Program Files\Eclipse Adoptium\jdk-17.0.20.101-hotspot\bin\jimage.dll
Event: 7.600 Loaded shared library C:\Program Files\Eclipse Adoptium\jdk-17.0.20.101-hotspot\bin\verify.dll

Deoptimization events (20 events):
Event: 9.004 Thread 0x00000230185cdab0 Uncommon trap: trap_request=0xffffff45 fr.pc=0x00000230294850d8 relative=0x0000000000002778
Event: 9.004 Thread 0x00000230185cdab0 Uncommon trap: reason=unstable_if action=reinterpret pc=0x00000230294850d8 method=java.util.jar.JarFile.getEntry(Ljava/lang/String;)Ljava/util/zip/ZipEntry; @ 15 c2
Event: 9.004 Thread 0x00000230185cdab0 DEOPT PACKING pc=0x00000230294850d8 sp=0x00000077caafc4e0
Event: 9.004 Thread 0x00000230185cdab0 DEOPT UNPACKING pc=0x0000023028ea69a3 sp=0x00000077caafc438 mode 2
Event: 9.556 Thread 0x00000230185cdab0 Uncommon trap: trap_request=0xffffffde fr.pc=0x00000230294a2148 relative=0x0000000000000128
Event: 9.556 Thread 0x00000230185cdab0 Uncommon trap: reason=class_check action=maybe_recompile pc=0x00000230294a2148 method=jdk.internal.misc.Unsafe.allocateUninitializedArray(Ljava/lang/Class;I)Ljava/lang/Object; @ 51 c2
Event: 9.556 Thread 0x00000230185cdab0 DEOPT PACKING pc=0x00000230294a2148 sp=0x00000077caafadd0
Event: 9.556 Thread 0x00000230185cdab0 DEOPT UNPACKING pc=0x0000023028ea69a3 sp=0x00000077caafad58 mode 2
Event: 9.557 Thread 0x00000230185cdab0 Uncommon trap: trap_request=0xffffffde fr.pc=0x00000230294a2148 relative=0x0000000000000128
Event: 9.557 Thread 0x00000230185cdab0 Uncommon trap: reason=class_check action=maybe_recompile pc=0x00000230294a2148 method=jdk.internal.misc.Unsafe.allocateUninitializedArray(Ljava/lang/Class;I)Ljava/lang/Object; @ 51 c2
Event: 9.557 Thread 0x00000230185cdab0 DEOPT PACKING pc=0x00000230294a2148 sp=0x00000077caafa9d0
Event: 9.557 Thread 0x00000230185cdab0 DEOPT UNPACKING pc=0x0000023028ea69a3 sp=0x00000077caafa958 mode 2
Event: 9.557 Thread 0x00000230185cdab0 Uncommon trap: trap_request=0xffffffde fr.pc=0x00000230294a2148 relative=0x0000000000000128
Event: 9.557 Thread 0x00000230185cdab0 Uncommon trap: reason=class_check action=maybe_recompile pc=0x00000230294a2148 method=jdk.internal.misc.Unsafe.allocateUninitializedArray(Ljava/lang/Class;I)Ljava/lang/Object; @ 51 c2
Event: 9.557 Thread 0x00000230185cdab0 DEOPT PACKING pc=0x00000230294a2148 sp=0x00000077caafadd0
Event: 9.557 Thread 0x00000230185cdab0 DEOPT UNPACKING pc=0x0000023028ea69a3 sp=0x00000077caafad58 mode 2
Event: 9.557 Thread 0x00000230185cdab0 Uncommon trap: trap_request=0xffffffde fr.pc=0x00000230294a2148 relative=0x0000000000000128
Event: 9.557 Thread 0x00000230185cdab0 Uncommon trap: reason=class_check action=maybe_recompile pc=0x00000230294a2148 method=jdk.internal.misc.Unsafe.allocateUninitializedArray(Ljava/lang/Class;I)Ljava/lang/Object; @ 51 c2
Event: 9.557 Thread 0x00000230185cdab0 DEOPT PACKING pc=0x00000230294a2148 sp=0x00000077caafa9d0
Event: 9.557 Thread 0x00000230185cdab0 DEOPT UNPACKING pc=0x0000023028ea69a3 sp=0x00000077caafa958 mode 2

Classes loaded (20 events):
Event: 8.219 Loading class sun/net/www/protocol/jar/JarURLConnection$JarURLInputStream
Event: 8.219 Loading class sun/net/www/protocol/jar/JarURLConnection$JarURLInputStream done
Event: 8.455 Loading class java/util/concurrent/ConcurrentLinkedDeque
Event: 8.456 Loading class java/util/concurrent/ConcurrentLinkedDeque done
Event: 8.456 Loading class java/util/concurrent/ConcurrentLinkedDeque$Node
Event: 8.456 Loading class java/util/concurrent/ConcurrentLinkedDeque$Node done
Event: 8.585 Loading class java/util/concurrent/ConcurrentLinkedDeque$Itr
Event: 8.586 Loading class java/util/concurrent/ConcurrentLinkedDeque$AbstractItr
Event: 8.586 Loading class java/util/concurrent/ConcurrentLinkedDeque$AbstractItr done
Event: 8.586 Loading class java/util/concurrent/ConcurrentLinkedDeque$Itr done
Event: 8.973 Loading class java/lang/ExceptionInInitializerError
Event: 8.976 Loading class java/lang/ExceptionInInitializerError done
Event: 9.817 Loading class java/util/Formatter$FixedString
Event: 9.818 Loading class java/util/Formatter$FixedString done
Event: 10.609 Loading class java/security/AccessControlException
Event: 10.609 Loading class java/security/AccessControlException done
Event: 10.619 Loading class java/lang/annotation/ElementType
Event: 10.619 Loading class java/lang/annotation/ElementType done
Event: 10.619 Loading class java/lang/Override
Event: 10.620 Loading class java/lang/Override done

Classes unloaded (0 events):
No events

Classes redefined (0 events):
No events

Internal exceptions (20 events):
Event: 4.473 Thread 0x00000230185cdab0 Exception <a 'java/lang/NoSuchMethodError'{0x00000000c4de19e0}: 'int java.lang.invoke.DelegatingMethodHandle$Holder.reinvoke_L(java.lang.Object, java.lang.Object, java.lang.Object, long, int)'> (0x00000000c4de19e0) 
thrown [s\src\hotspot\share\interpreter\linkResolver.cpp, line 759]
Event: 4.486 Thread 0x00000230185cdab0 Exception <a 'java/lang/NoSuchMethodError'{0x00000000c4df03a8}: 'int java.lang.invoke.DirectMethodHandle$Holder.invokeSpecial(java.lang.Object, java.lang.Object, java.lang.Object)'> (0x00000000c4df03a8) 
thrown [s\src\hotspot\share\interpreter\linkResolver.cpp, line 759]
Event: 4.487 Thread 0x00000230185cdab0 Exception <a 'java/lang/NoSuchMethodError'{0x00000000c4df41e0}: 'int java.lang.invoke.DirectMethodHandle$Holder.invokeSpecial(java.lang.Object, java.lang.Object, java.lang.Object, java.lang.Object)'> (0x00000000c4df41e0) 
thrown [s\src\hotspot\share\interpreter\linkResolver.cpp, line 759]
Event: 4.491 Thread 0x00000230185cdab0 Exception <a 'java/lang/NoSuchMethodError'{0x00000000c4c03660}: 'void java.lang.invoke.DelegatingMethodHandle$Holder.reinvoke_L(java.lang.Object, java.lang.Object, java.lang.Object, long, java.lang.Object, long, long)'> (0x00000000c4c03660) 
thrown [s\src\hotspot\share\interpreter\linkResolver.cpp, line 759]
Event: 4.492 Thread 0x00000230185cdab0 Exception <a 'java/lang/NoSuchMethodError'{0x00000000c4c0a900}: 'long java.lang.invoke.Invokers$Holder.invokeExact_MT(java.lang.Object, java.lang.Object, java.lang.Object)'> (0x00000000c4c0a900) 
thrown [s\src\hotspot\share\interpreter\linkResolver.cpp, line 759]
Event: 4.494 Thread 0x00000230185cdab0 Exception <a 'java/lang/NoSuchMethodError'{0x00000000c4c0ea90}: 'int java.lang.invoke.Invokers$Holder.invokeExact_MT(java.lang.Object, java.lang.Object, java.lang.Object)'> (0x00000000c4c0ea90) 
thrown [s\src\hotspot\share\interpreter\linkResolver.cpp, line 759]
Event: 4.572 Thread 0x00000230185cdab0 Exception <a 'java/lang/NoSuchMethodError'{0x00000000c4cee260}: 'int java.lang.invoke.DirectMethodHandle$Holder.invokeStaticInit(java.lang.Object, java.lang.Object, java.lang.Object)'> (0x00000000c4cee260) 
thrown [s\src\hotspot\share\interpreter\linkResolver.cpp, line 759]
Event: 4.622 Thread 0x00000230185cdab0 Exception <a 'java/lang/NoSuchMethodError'{0x00000000c4b19748}: 'int java.lang.invoke.DirectMethodHandle$Holder.invokeStaticInit(java.lang.Object, java.lang.Object)'> (0x00000000c4b19748) 
thrown [s\src\hotspot\share\interpreter\linkResolver.cpp, line 759]
Event: 4.736 Thread 0x00000230185cdab0 Exception <a 'java/lang/NoSuchMethodError'{0x00000000c4bc0b08}: 'int java.lang.invoke.DirectMethodHandle$Holder.invokeStatic(java.lang.Object)'> (0x00000000c4bc0b08) 
thrown [s\src\hotspot\share\interpreter\linkResolver.cpp, line 759]
Event: 4.738 Thread 0x00000230185cdab0 Exception <a 'java/lang/NoSuchMethodError'{0x00000000c4bc41b0}: 'int java.lang.invoke.DirectMethodHandle$Holder.invokeStaticInit(java.lang.Object)'> (0x00000000c4bc41b0) 
thrown [s\src\hotspot\share\interpreter\linkResolver.cpp, line 759]
Event: 4.851 Thread 0x00000230185cdab0 Exception <a 'java/lang/NoSuchMethodError'{0x00000000c4aa2b80}: 'java.lang.Object java.lang.invoke.DirectMethodHandle$Holder.invokeStatic(java.lang.Object, java.lang.Object, int, java.lang.Object, int)'> (0x00000000c4aa2b80) 
thrown [s\src\hotspot\share\interpreter\linkResolver.cpp, line 759]
Event: 4.855 Thread 0x00000230185cdab0 Exception <a 'java/lang/NoSuchMethodError'{0x00000000c4aa9e28}: 'java.lang.Object java.lang.invoke.DirectMethodHandle$Holder.newInvokeSpecial(java.lang.Object, java.lang.Object, int)'> (0x00000000c4aa9e28) 
thrown [s\src\hotspot\share\interpreter\linkResolver.cpp, line 759]
Event: 4.944 Thread 0x00000230185cdab0 Exception <a 'java/lang/NoSuchMethodError'{0x00000000c4962d08}: 'void java.lang.invoke.DirectMethodHandle$Holder.invokeSpecial(java.lang.Object, java.lang.Object, java.lang.Object)'> (0x00000000c4962d08) 
thrown [s\src\hotspot\share\interpreter\linkResolver.cpp, line 759]
Event: 5.706 Thread 0x00000230185cdab0 Exception <a 'java/lang/NoSuchMethodError'{0x00000000c513c450}: 'void java.lang.invoke.DirectMethodHandle$Holder.invokeStatic(java.lang.Object, java.lang.Object, java.lang.Object, java.lang.Object)'> (0x00000000c513c450) 
thrown [s\src\hotspot\share\interpreter\linkResolver.cpp, line 759]
Event: 5.841 Thread 0x00000230185cdab0 Exception <a 'java/lang/NoSuchMethodError'{0x00000000c50a3e10}: 'java.lang.Object java.lang.invoke.DirectMethodHandle$Holder.invokeInterface(java.lang.Object, java.lang.Object)'> (0x00000000c50a3e10) 
thrown [s\src\hotspot\share\interpreter\linkResolver.cpp, line 759]
Event: 6.033 Thread 0x00000230185cdab0 Exception <a 'java/lang/NoSuchMethodError'{0x00000000c4ece8d0}: 'void java.lang.invoke.DirectMethodHandle$Holder.invokeStaticInit(java.lang.Object, java.lang.Object)'> (0x00000000c4ece8d0) 
thrown [s\src\hotspot\share\interpreter\linkResolver.cpp, line 759]
Event: 6.169 Thread 0x00000230185cdab0 Exception <a 'java/lang/NoSuchMethodError'{0x00000000c4c9ab58}: 'int java.lang.invoke.DirectMethodHandle$Holder.invokeVirtual(java.lang.Object, java.lang.Object, java.lang.Object)'> (0x00000000c4c9ab58) 
thrown [s\src\hotspot\share\interpreter\linkResolver.cpp, line 759]
Event: 6.709 Thread 0x00000230185cdab0 Exception <a 'java/lang/NoSuchMethodError'{0x00000000c4720480}: 'void java.lang.invoke.DirectMethodHandle$Holder.invokeVirtual(java.lang.Object, java.lang.Object)'> (0x00000000c4720480) 
thrown [s\src\hotspot\share\interpreter\linkResolver.cpp, line 759]
Event: 7.273 Thread 0x00000230185cdab0 Exception <a 'java/lang/NoSuchMethodError'{0x00000000c43ed478}: 'java.lang.Object java.lang.invoke.Invokers$Holder.invoke_MT(java.lang.Object, java.lang.Object, java.lang.Object)'> (0x00000000c43ed478) 
thrown [s\src\hotspot\share\interpreter\linkResolver.cpp, line 759]
Event: 8.883 Thread 0x00000230185cdab0 Exception <a 'java/lang/NoClassDefFoundError'{0x00000000c53c5690}: org/slf4j/impl/StaticLoggerBinder> (0x00000000c53c5690) 
thrown [s\src\hotspot\share\classfile\systemDictionary.cpp, line 246]

VM Operations (20 events):
Event: 7.135 Executing VM operation: HandshakeAllThreads
Event: 7.135 Executing VM operation: HandshakeAllThreads done
Event: 7.135 Executing VM operation: HandshakeAllThreads
Event: 7.135 Executing VM operation: HandshakeAllThreads done
Event: 7.970 Executing VM operation: G1CollectForAllocation
Event: 7.978 Executing VM operation: G1CollectForAllocation done
Event: 8.186 Executing VM operation: HandshakeAllThreads
Event: 8.186 Executing VM operation: HandshakeAllThreads done
Event: 8.187 Executing VM operation: HandshakeAllThreads
Event: 8.187 Executing VM operation: HandshakeAllThreads done
Event: 8.211 Executing VM operation: HandshakeAllThreads
Event: 8.211 Executing VM operation: HandshakeAllThreads done
Event: 8.215 Executing VM operation: HandshakeAllThreads
Event: 8.215 Executing VM operation: HandshakeAllThreads done
Event: 9.221 Executing VM operation: Cleanup
Event: 9.236 Executing VM operation: Cleanup done
Event: 10.240 Executing VM operation: Cleanup
Event: 10.255 Executing VM operation: Cleanup done
Event: 10.610 Executing VM operation: HandshakeAllThreads
Event: 10.610 Executing VM operation: HandshakeAllThreads done

Memory protections (0 events):
No events

Nmethod flushes (0 events):
No events

Events (12 events):
Event: 0.052 Thread 0x00000230185cdab0 Thread added: 0x00000230185cdab0
Event: 0.061 Thread 0x00000230185cdab0 Thread added: 0x0000023035a893c0
Event: 0.064 Thread 0x00000230185cdab0 Thread added: 0x0000023035a8a240
Event: 0.119 Thread 0x00000230185cdab0 Thread added: 0x0000023035aa3af0
Event: 0.119 Thread 0x00000230185cdab0 Thread added: 0x0000023035aa65c0
Event: 0.119 Thread 0x00000230185cdab0 Thread added: 0x0000023035aa6f80
Event: 0.120 Thread 0x00000230185cdab0 Thread added: 0x0000023035aa7940
Event: 0.120 Thread 0x00000230185cdab0 Thread added: 0x0000023035aa8630
Event: 0.138 Thread 0x00000230185cdab0 Thread added: 0x0000023035b14340
Event: 0.154 Thread 0x00000230185cdab0 Thread added: 0x0000023035b24930
Event: 0.277 Thread 0x00000230185cdab0 Thread added: 0x000002307b085030
Event: 0.289 Thread 0x00000230185cdab0 Thread added: 0x000002307b0939e0


Dynamic libraries:
0x00007ff79be00000 - 0x00007ff79be0e000 	C:\Program Files\Eclipse Adoptium\jdk-17.0.20.101-hotspot\bin\java.exe
0x00007fffc4bd0000 - 0x00007fffc4dc9000 	C:\Windows\SYSTEM32\ntdll.dll
0x00007fffc3a60000 - 0x00007fffc3b22000 	C:\Windows\System32\KERNEL32.DLL
0x00007fffc25d0000 - 0x00007fffc28c7000 	C:\Windows\System32\KERNELBASE.dll
0x00007fffc2a30000 - 0x00007fffc2b30000 	C:\Windows\System32\ucrtbase.dll
0x00007fffbc940000 - 0x00007fffbc958000 	C:\Program Files\Eclipse Adoptium\jdk-17.0.20.101-hotspot\bin\jli.dll
0x00007fffc3560000 - 0x00007fffc36fd000 	C:\Windows\System32\USER32.dll
0x00007fffc2b80000 - 0x00007fffc2ba2000 	C:\Windows\System32\win32u.dll
0x00007fffc3b90000 - 0x00007fffc3bbb000 	C:\Windows\System32\GDI32.dll
0x00007fffc22c0000 - 0x00007fffc23da000 	C:\Windows\System32\gdi32full.dll
0x00007fffc2220000 - 0x00007fffc22bd000 	C:\Windows\System32\msvcp_win.dll
0x00007fffbc170000 - 0x00007fffbc18e000 	C:\Program Files\Eclipse Adoptium\jdk-17.0.20.101-hotspot\bin\VCRUNTIME140.dll
0x00007fffaf7a0000 - 0x00007fffafa3b000 	C:\Windows\WinSxS\amd64_microsoft.windows.common-controls_6595b64144ccf1df_6.0.19041.7663_none_60b9ed0b71f50c93\COMCTL32.dll
0x00007fffc3940000 - 0x00007fffc39de000 	C:\Windows\System32\msvcrt.dll
0x00007fffc3910000 - 0x00007fffc393f000 	C:\Windows\System32\IMM32.DLL
0x00007fffbd010000 - 0x00007fffbd01c000 	C:\Program Files\Eclipse Adoptium\jdk-17.0.20.101-hotspot\bin\vcruntime140_1.dll
0x00007fff8e400000 - 0x00007fff8e48d000 	C:\Program Files\Eclipse Adoptium\jdk-17.0.20.101-hotspot\bin\msvcp140.dll
0x00007fff84d50000 - 0x00007fff859bc000 	C:\Program Files\Eclipse Adoptium\jdk-17.0.20.101-hotspot\bin\server\jvm.dll
0x00007fffc4ad0000 - 0x00007fffc4b82000 	C:\Windows\System32\ADVAPI32.dll
0x00007fffc3400000 - 0x00007fffc34a0000 	C:\Windows\System32\sechost.dll
0x00007fffc37e0000 - 0x00007fffc3906000 	C:\Windows\System32\RPCRT4.dll
0x00007fffc2460000 - 0x00007fffc2487000 	C:\Windows\System32\bcrypt.dll
0x00007fffc39e0000 - 0x00007fffc3a53000 	C:\Windows\System32\WS2_32.dll
0x00007fffc2070000 - 0x00007fffc20bb000 	C:\Windows\SYSTEM32\POWRPROF.dll
0x00007fffad060000 - 0x00007fffad087000 	C:\Windows\SYSTEM32\WINMM.dll
0x00007fffbb7b0000 - 0x00007fffbb7ba000 	C:\Windows\SYSTEM32\VERSION.dll
0x00007fffc2050000 - 0x00007fffc2062000 	C:\Windows\SYSTEM32\UMPDC.dll
0x00007fffc0030000 - 0x00007fffc0042000 	C:\Windows\SYSTEM32\kernel.appcore.dll
0x00007fffbcfd0000 - 0x00007fffbcfda000 	C:\Program Files\Eclipse Adoptium\jdk-17.0.20.101-hotspot\bin\jimage.dll
0x00007fffac260000 - 0x00007fffac46b000 	C:\Windows\SYSTEM32\DBGHELP.DLL
0x00007fffaae90000 - 0x00007fffaaec5000 	C:\Windows\SYSTEM32\dbgcore.DLL
0x00007fffc2540000 - 0x00007fffc25c2000 	C:\Windows\System32\bcryptPrimitives.dll
0x00007fffb8ca0000 - 0x00007fffb8cc5000 	C:\Program Files\Eclipse Adoptium\jdk-17.0.20.101-hotspot\bin\java.dll
0x00007fff8d840000 - 0x00007fff8d917000 	C:\Program Files\Eclipse Adoptium\jdk-17.0.20.101-hotspot\bin\jsvml.dll
0x00007fffc2c80000 - 0x00007fffc33f1000 	C:\Windows\System32\SHELL32.dll
0x00007fffc0240000 - 0x00007fffc09ec000 	C:\Windows\SYSTEM32\windows.storage.dll
0x00007fffc4040000 - 0x00007fffc4394000 	C:\Windows\System32\combase.dll
0x00007fffc1b70000 - 0x00007fffc1b9b000 	C:\Windows\SYSTEM32\Wldp.dll
0x00007fffc34a0000 - 0x00007fffc354d000 	C:\Windows\System32\SHCORE.dll
0x00007fffc2c10000 - 0x00007fffc2c6b000 	C:\Windows\System32\shlwapi.dll
0x00007fffc2150000 - 0x00007fffc2175000 	C:\Windows\SYSTEM32\profapi.dll
0x00007fffae230000 - 0x00007fffae24a000 	C:\Program Files\Eclipse Adoptium\jdk-17.0.20.101-hotspot\bin\net.dll
0x00007fffb8a20000 - 0x00007fffb8b2d000 	C:\Windows\SYSTEM32\WINHTTP.dll
0x00007fffc1880000 - 0x00007fffc18ea000 	C:\Windows\system32\mswsock.dll
0x00007fffae210000 - 0x00007fffae226000 	C:\Program Files\Eclipse Adoptium\jdk-17.0.20.101-hotspot\bin\nio.dll
0x00007fffba490000 - 0x00007fffba4a8000 	C:\Program Files\Eclipse Adoptium\jdk-17.0.20.101-hotspot\bin\zip.dll
0x00007fffc1ad0000 - 0x00007fffc1ae8000 	C:\Windows\SYSTEM32\CRYPTSP.dll
0x00007fffc1180000 - 0x00007fffc11b8000 	C:\Windows\system32\rsaenh.dll
0x00007fffc20c0000 - 0x00007fffc20ee000 	C:\Windows\SYSTEM32\USERENV.dll
0x00007fffc1ac0000 - 0x00007fffc1acc000 	C:\Windows\SYSTEM32\CRYPTBASE.dll
0x00007fffc1550000 - 0x00007fffc158b000 	C:\Windows\SYSTEM32\IPHLPAPI.DLL
0x00007fffc2c70000 - 0x00007fffc2c78000 	C:\Windows\System32\NSI.dll
0x00007fffb9550000 - 0x00007fffb9567000 	C:\Windows\SYSTEM32\dhcpcsvc6.DLL
0x00007fffb9530000 - 0x00007fffb954d000 	C:\Windows\SYSTEM32\dhcpcsvc.DLL
0x00007fffc1590000 - 0x00007fffc165c000 	C:\Windows\SYSTEM32\DNSAPI.dll
0x00007fffbc680000 - 0x00007fffbc690000 	C:\Program Files\Eclipse Adoptium\jdk-17.0.20.101-hotspot\bin\verify.dll

dbghelp: loaded successfully - version: 4.0.5 - missing functions: none
symbol engine: initialized successfully - sym options: 0x614 - pdb path: .;C:\Program Files\Eclipse Adoptium\jdk-17.0.20.101-hotspot\bin;C:\Windows\SYSTEM32;C:\Windows\WinSxS\amd64_microsoft.windows.common-controls_6595b64144ccf1df_6.0.19041.7663_none_60b9ed0b71f50c93;C:\Program Files\Eclipse Adoptium\jdk-17.0.20.101-hotspot\bin\server

VM Arguments:
jvm_args: -DkotlinLanguageServer.version=1.3.13 
java_command: org.javacs.kt.MainKt
java_class_path (initial): c:\Users\welcome\AppData\Roaming\Code\User\globalStorage\fwcd.kotlin\langServerInstall\server\lib\server-1.3.13.jar;c:\Users\welcome\AppData\Roaming\Code\User\globalStorage\fwcd.kotlin\langServerInstall\server\lib\shared-1.3.13.jar;c:\Users\welcome\AppData\Roaming\Code\User\globalStorage\fwcd.kotlin\langServerInstall\server\lib\kotlin-scripting-jvm-host-unshaded-2.1.0.jar;c:\Users\welcome\AppData\Roaming\Code\User\globalStorage\fwcd.kotlin\langServerInstall\server\lib\kotlin-scripting-compiler-2.1.0.jar;c:\Users\welcome\AppData\Roaming\Code\User\globalStorage\fwcd.kotlin\langServerInstall\server\lib\ktfmt-b5d31d1.jar;c:\Users\welcome\AppData\Roaming\Code\User\globalStorage\fwcd.kotlin\langServerInstall\server\lib\kotlin-compiler-2.1.0.jar;c:\Users\welcome\AppData\Roaming\Code\User\globalStorage\fwcd.kotlin\langServerInstall\server\lib\exposed-dao-0.37.3.jar;c:\Users\welcome\AppData\Roaming\Code\User\globalStorage\fwcd.kotlin\langServerInstall\server\lib\exposed-jdbc-0.37.3.jar;c:\Users\welcome\AppData\Roaming\Code\User\globalStorage\fwcd.kotlin\langServerInstall\server\lib\exposed-core-0.37.3.jar;c:\Users\welcome\AppData\Roaming\Code\User\globalStorage\fwcd.kotlin\langServerInstall\server\lib\kotlin-scripting-compiler-impl-2.1.0.jar;c:\Users\welcome\AppData\Roaming\Code\User\globalStorage\fwcd.kotlin\langServerInstall\server\lib\kotlin-reflect-2.1.0.jar;c:\Users\welcome\AppData\Roaming\Code\User\globalStorage\fwcd.kotlin\langServerInstall\server\lib\kotlin-scripting-jvm-2.1.0.jar;c:\Users\welcome\AppData\Roaming\Code\User\globalStorage\fwcd.kotlin\langServerInstall\server\lib\kotlin-scripting-common-2.1.0.jar;c:\Users\welcome\AppData\Roaming\Code\User\globalStorage\fwcd.kotlin\langServerInstall\server\lib\kotlinx-coroutines-core-jvm-1.6.4.jar;c:\Users\welcome\AppData\Roaming\Code\User\globalStorage\fwcd.kotlin\langServerInstall\server\lib\kotlin-stdlib-jdk8-2.1.0.jar;c:\Users\welcome\AppData\Roaming\Code\User\globalStorage\fwcd.kotlin\la
Launcher Type: SUN_STANDARD

[Global flags]
     intx CICompilerCount                          = 3                                         {product} {ergonomic}
     uint ConcGCThreads                            = 1                                         {product} {ergonomic}
     uint G1ConcRefinementThreads                  = 4                                         {product} {ergonomic}
   size_t G1HeapRegionSize                         = 1048576                                   {product} {ergonomic}
    uintx GCDrainStackTargetSize                   = 64                                        {product} {ergonomic}
   size_t InitialHeapSize                          = 67108864                                  {product} {ergonomic}
   size_t MarkStackSize                            = 4194304                                   {product} {ergonomic}
   size_t MaxHeapSize                              = 1050673152                                {product} {ergonomic}
   size_t MaxNewSize                               = 630194176                                 {product} {ergonomic}
   size_t MinHeapDeltaBytes                        = 1048576                                   {product} {ergonomic}
   size_t MinHeapSize                              = 8388608                                   {product} {ergonomic}
    uintx NonNMethodCodeHeapSize                   = 5832780                                {pd product} {ergonomic}
    uintx NonProfiledCodeHeapSize                  = 122912730                              {pd product} {ergonomic}
    uintx ProfiledCodeHeapSize                     = 122912730                              {pd product} {ergonomic}
    uintx ReservedCodeCacheSize                    = 251658240                              {pd product} {ergonomic}
     bool SegmentedCodeCache                       = true                                      {product} {ergonomic}
   size_t SoftMaxHeapSize                          = 1050673152                             {manageable} {ergonomic}
     bool UseCompressedClassPointers               = true                           {product lp64_product} {ergonomic}
     bool UseCompressedOops                        = true                           {product lp64_product} {ergonomic}
     bool UseG1GC                                  = true                                      {product} {ergonomic}
     bool UseLargePagesIndividualAllocation        = false                                  {pd product} {ergonomic}

Logging:
Log output configuration:
 #0: stdout all=warning uptime,level,tags
 #1: stderr all=off uptime,level,tags

Environment Variables:
CLASSPATH=c:\Users\welcome\AppData\Roaming\Code\User\globalStorage\fwcd.kotlin\langServerInstall\server\lib\server-1.3.13.jar;c:\Users\welcome\AppData\Roaming\Code\User\globalStorage\fwcd.kotlin\langServerInstall\server\lib\shared-1.3.13.jar;c:\Users\welcome\AppData\Roaming\Code\User\globalStorage\fwcd.kotlin\langServerInstall\server\lib\kotlin-scripting-jvm-host-unshaded-2.1.0.jar;c:\Users\welcome\AppData\Roaming\Code\User\globalStorage\fwcd.kotlin\langServerInstall\server\lib\kotlin-scripting-compiler-2.1.0.jar;c:\Users\welcome\AppData\Roaming\Code\User\globalStorage\fwcd.kotlin\langServerInstall\server\lib\ktfmt-b5d31d1.jar;c:\Users\welcome\AppData\Roaming\Code\User\globalStorage\fwcd.kotlin\langServerInstall\server\lib\kotlin-compiler-2.1.0.jar;c:\Users\welcome\AppData\Roaming\Code\User\globalStorage\fwcd.kotlin\langServerInstall\server\lib\exposed-dao-0.37.3.jar;c:\Users\welcome\AppData\Roaming\Code\User\globalStorage\fwcd.kotlin\langServerInstall\server\lib\exposed-jdbc-0.37.3.jar;c:\Users\welcome\AppData\Roaming\Code\User\globalStorage\fwcd.kotlin\langServerInstall\server\lib\exposed-core-0.37.3.jar;c:\Users\welcome\AppData\Roaming\Code\User\globalStorage\fwcd.kotlin\langServerInstall\server\lib\kotlin-scripting-compiler-impl-2.1.0.jar;c:\Users\welcome\AppData\Roaming\Code\User\globalStorage\fwcd.kotlin\langServerInstall\server\lib\kotlin-reflect-2.1.0.jar;c:\Users\welcome\AppData\Roaming\Code\User\globalStorage\fwcd.kotlin\langServerInstall\server\lib\kotlin-scripting-jvm-2.1.0.jar;c:\Users\welcome\AppData\Roaming\Code\User\globalStorage\fwcd.kotlin\langServerInstall\server\lib\kotlin-scripting-common-2.1.0.jar;c:\Users\welcome\AppData\Roaming\Code\User\globalStorage\fwcd.kotlin\langServerInstall\server\lib\kotlinx-coroutines-core-jvm-1.6.4.jar;c:\Users\welcome\AppData\Roaming\Code\User\globalStorage\fwcd.kotlin\langServerInstall\server\lib\kotlin-stdlib-jdk8-2.1.0.jar;c:\Users\welcome\AppData\Roaming\Code\User\globalStorage\fwcd.kotlin\langServerInstall\server\lib\kotlin-stdlib-jdk7-2.1.0.jar;c:\Users\welcome\AppData\Roaming\Code\User\globalStorage\fwcd.kotlin\langServerInstall\server\lib\kotlin-stdlib-2.1.0.jar;c:\Users\welcome\AppData\Roaming\Code\User\globalStorage\fwcd.kotlin\langServerInstall\server\lib\org.eclipse.lsp4j-0.21.2.jar;c:\Users\welcome\AppData\Roaming\Code\User\globalStorage\fwcd.kotlin\langServerInstall\server\lib\org.eclipse.lsp4j.jsonrpc-0.21.2.jar;c:\Users\welcome\AppData\Roaming\Code\User\globalStorage\fwcd.kotlin\langServerInstall\server\lib\kotlin-sam-with-receiver-compiler-plugin-2.1.0.jar;c:\Users\welcome\AppData\Roaming\Code\User\globalStorage\fwcd.kotlin\langServerInstall\server\lib\fernflower-1.0.jar;c:\Users\welcome\AppData\Roaming\Code\User\globalStorage\fwcd.kotlin\langServerInstall\server\lib\h2-1.4.200.jar;c:\Users\welcome\AppData\Roaming\Code\User\globalStorage\fwcd.kotlin\langServerInstall\server\lib\jcommander-1.78.jar;c:\Users\welcome\AppData\Roaming\Code\User\globalStorage\fwcd.kotlin\langServerInstall\server\lib\sqlite-jdbc-3.41.2.1.jar;c:\Users\welcome\AppData\Roaming\Code\User\globalStorage\fwcd.kotlin\langServerInstall\server\lib\google-java-format-1.8.jar;c:\Users\welcome\AppData\Roaming\Code\User\globalStorage\fwcd.kotlin\langServerInstall\server\lib\guava-33.3.0-jre.jar;c:\Users\welcome\AppData\Roaming\Code\User\globalStorage\fwcd.kotlin\langServerInstall\server\lib\annotations-13.0.jar;c:\Users\welcome\AppData\Roaming\Code\User\globalStorage\fwcd.kotlin\langServerInstall\server\lib\gson-2.10.1.jar;c:\Users\welcome\AppData\Roaming\Code\User\globalStorage\fwcd.kotlin\langServerInstall\server\lib\kotlin-script-runtime-2.1.0.jar;c:\Users\welcome\AppData\Roaming\Code\User\globalStorage\fwcd.kotlin\langServerInstall\server\lib\trove4j-1.0.20200330.jar;c:\Users\welcome\AppData\Roaming\Code\User\globalStorage\fwcd.kotlin\langServerInstall\server\lib\jline-3.24.1.jar;c:\Users\welcome\AppData\Roaming\Code\User\globalStorage\fwcd.kotlin\langServerInstall\server\lib\slf4j-api-1.7.25.jar;c:\Users\welcome\AppData\Roaming\Code\User\globalStorage\fwcd.kotlin\langServerInstall\server\lib\jna-4.2.2.jar;c:\Users\welcome\AppData\Roaming\Code\User\globalStorage\fwcd.kotlin\langServerInstall\server\lib\failureaccess-1.0.2.jar;c:\Users\welcome\AppData\Roaming\Code\User\globalStorage\fwcd.kotlin\langServerInstall\server\lib\listenablefuture-9999.0-empty-to-avoid-conflict-with-guava.jar;c:\Users\welcome\AppData\Roaming\Code\User\globalStorage\fwcd.kotlin\langServerInstall\server\lib\jsr305-3.0.2.jar;c:\Users\welcome\AppData\Roaming\Code\User\globalStorage\fwcd.kotlin\langServerInstall\server\lib\checker-qual-3.43.0.jar;c:\Users\welcome\AppData\Roaming\Code\User\globalStorage\fwcd.kotlin\langServerInstall\server\lib\error_prone_annotations-2.28.0.jar
PATH=C:\Program Files\Eclipse Adoptium\jdk-17.0.20.101-hotspot\bin;C:\Windows\system32;C:\Windows;C:\Windows\System32\Wbem;C:\Windows\System32\WindowsPowerShell\v1.0\;C:\Windows\System32\OpenSSH\;C:\Program Files\Git\cmd;C:\Program Files\nodejs\;C:\Users\welcome\AppData\Local\Microsoft\WindowsApps;C:\Users\welcome\AppData\Local\Programs\Microsoft VS Code\bin;C:\Users\welcome\AppData\Local\Programs\DockerDesktop\resources\bin;C:\Users\welcome\AppData\Roaming\npm
USERNAME=welcome
OS=Windows_NT
PROCESSOR_IDENTIFIER=Intel64 Family 6 Model 142 Stepping 9, GenuineIntel
TMP=C:\Users\welcome\AppData\Local\Temp
TEMP=C:\Users\welcome\AppData\Local\Temp



Periodic native trim disabled


---------------  S Y S T E M  ---------------

OS:
 Windows 10 , 64 bit Build 19041 (10.0.19041.7725)
OS uptime: 5 days 23:24 hours
Hyper-V role detected

CPU: total 4 (initial active 4) (2 cores per cpu, 2 threads per core) family 6 model 142 stepping 9 microcode 0xea, cx8, cmov, fxsr, ht, mmx, 3dnowpref, sse, sse2, sse3, ssse3, sse4.1, sse4.2, popcnt, lzcnt, tsc, tscinvbit, avx, avx2, aes, erms, clmul, bmi1, bmi2, adx, fma, vzeroupper, clflush, clflushopt, hv
Processor Information for processor 0
  Max Mhz: 2400, Current Mhz: 2400, Mhz Limit: 2400
Processor Information for processor 1
  Max Mhz: 2400, Current Mhz: 2400, Mhz Limit: 2400
Processor Information for processor 2
  Max Mhz: 2400, Current Mhz: 1500, Mhz Limit: 2400
Processor Information for processor 3
  Max Mhz: 2400, Current Mhz: 2400, Mhz Limit: 2400

Memory: 4k page, system-wide physical 4005M (284M free)
TotalPageFile size 11505M (AvailPageFile size 0M)
current process WorkingSet (physical memory assigned to process): 113M, peak: 113M
current process commit charge ("private bytes"): 177M, peak: 178M

vm_info: OpenJDK 64-Bit Server VM (17.0.20.1+1) for windows-amd64 JRE (17.0.20.1+1), built on Aug 18 2026 20:44:09 by "admin" with MS VC++ 17.12 (VS2022)

END.
