#
# There is insufficient memory for the Java Runtime Environment to continue.
# Native memory allocation (malloc) failed to allocate 1638736 bytes. Error detail: Chunk::new
# Possible reasons:
#   The system is out of physical RAM or swap space
#   This process is running with CompressedOops enabled, and the Java Heap may be blocking the growth of the native heap
# Possible solutions:
#   Reduce memory load on the system
#   Increase physical memory or swap space
#   Check if swap backing store is full
#   Decrease Java heap size (-Xmx/-Xms)
#   Decrease number of Java threads
#   Decrease Java thread stack sizes (-Xss)
#   Set larger code cache with -XX:ReservedCodeCacheSize=
#   JVM is running with Unscaled Compressed Oops mode in which the Java heap is
#     placed in the first 4GB address space. The Java Heap base address is the
#     maximum limit for the native heap growth. Please use -XX:HeapBaseMinAddress
#     to set the Java Heap base and to place the Java Heap above 4GB virtual address.
# This output file may be truncated or incomplete.
#
#  Out of Memory Error (arena.cpp:191), pid=3096, tid=7996
#
# JRE version: OpenJDK Runtime Environment Temurin-17.0.20.1+1 (17.0.20.1+1) (build 17.0.20.1+1)
# Java VM: OpenJDK 64-Bit Server VM Temurin-17.0.20.1+1 (17.0.20.1+1, mixed mode, sharing, tiered, compressed oops, compressed class ptrs, g1 gc, windows-amd64)
# No core dump will be written. Minidumps are not enabled by default on client versions of Windows
#

---------------  S U M M A R Y ------------

Command Line: --add-opens=java.base/java.util=ALL-UNNAMED --add-opens=java.base/java.lang=ALL-UNNAMED --add-opens=java.base/java.lang.invoke=ALL-UNNAMED --add-opens=java.prefs/java.util.prefs=ALL-UNNAMED --add-exports=jdk.compiler/com.sun.tools.javac.api=ALL-UNNAMED --add-exports=jdk.compiler/com.sun.tools.javac.util=ALL-UNNAMED --add-opens=java.base/java.nio.charset=ALL-UNNAMED --add-opens=java.base/java.net=ALL-UNNAMED --add-opens=java.base/java.util.concurrent.atomic=ALL-UNNAMED -XX:MaxMetaspaceSize=384m -XX:+HeapDumpOnOutOfMemoryError -Xms256m -Xmx512m -Dfile.encoding=utf8 -Duser.country=US -Duser.language=en -Duser.variant -javaagent:C:\Users\welcome\.gradle\wrapper\dists\gradle-8.9-bin\90cnw93cvbtalezasaz0blq0a\gradle-8.9\lib\agents\gradle-instrumentation-agent-8.9.jar org.gradle.launcher.daemon.bootstrap.GradleDaemon 8.9

Host: Intel(R) Core(TM) i3-7100U CPU @ 2.40GHz, 4 cores, 3G,  Windows 10 , 64 bit Build 19041 (10.0.19041.7725)
Time: Wed Sep 23 10:19:06 2026 India Standard Time elapsed time: 54.650970 seconds (0d 0h 0m 54s)

---------------  T H R E A D  ---------------

Current thread (0x000001d71b1941d0):  JavaThread "C2 CompilerThread0" daemon [_thread_in_native, id=7996, stack(0x000000c952c00000,0x000000c952d00000)]


Current CompileTask:
C2:54651 8380       4       groovy.lang.MetaClassImpl$1MOPIter::methodNameAction (325 bytes)

Stack: [0x000000c952c00000,0x000000c952d00000]
Native frames: (J=compiled Java code, j=interpreted, Vv=VM code, C=native code)
V  [jvm.dll+0x684d39]
V  [jvm.dll+0x83a565]
V  [jvm.dll+0x83bfde]
V  [jvm.dll+0x83c663]
V  [jvm.dll+0x2490cf]
V  [jvm.dll+0xad536]
V  [jvm.dll+0xadbdc]
V  [jvm.dll+0x368d6f]
V  [jvm.dll+0x333215]
V  [jvm.dll+0x33267a]
V  [jvm.dll+0x219ed9]
V  [jvm.dll+0x21931f]
V  [jvm.dll+0x1a49e0]
V  [jvm.dll+0x229a6a]
V  [jvm.dll+0x227c1b]
V  [jvm.dll+0x7f0d18]
V  [jvm.dll+0x7eb17c]
V  [jvm.dll+0x683c07]
C  [ucrtbase.dll+0x21bb2]
C  [KERNEL32.DLL+0x17384]
C  [ntdll.dll+0x4cc91]


---------------  P R O C E S S  ---------------

Threads class SMR info:
_java_thread_list=0x000001d738b89930, length=49, elements={
0x000001d77f9c0930, 0x000001d71b172920, 0x000001d71b1736b0, 0x000001d71b186fe0,
0x000001d71b1878b0, 0x000001d71b190cf0, 0x000001d71b1915c0, 0x000001d71b1941d0,
0x000001d71b195af0, 0x000001d71b322c30, 0x000001d71b15d5f0, 0x000001d71b41a6c0,
0x000001d735b86b00, 0x000001d7351ec5e0, 0x000001d735158c20, 0x000001d7353899f0,
0x000001d71b736080, 0x000001d735279a10, 0x000001d73527c290, 0x000001d73527a940,
0x000001d73527bd80, 0x000001d73527ae50, 0x000001d735278ff0, 0x000001d735279f20,
0x000001d73527b360, 0x000001d73527a430, 0x000001d73527b870, 0x000001d73527c7a0,
0x000001d735279500, 0x000001d737983a80, 0x000001d737988b80, 0x000001d737983570,
0x000001d737988160, 0x000001d737983f90, 0x000001d737989ab0, 0x000001d7379844a0,
0x000001d737987230, 0x000001d737989090, 0x000001d7379895a0, 0x000001d737984ec0,
0x000001d737987c50, 0x000001d737988670, 0x000001d737989fc0, 0x000001d737983060,
0x000001d73798a9e0, 0x000001d7379853d0, 0x000001d7379858e0, 0x000001d737985df0,
0x000001d7353a0440
}

Java Threads: ( => current thread )
  0x000001d77f9c0930 JavaThread "main" [_thread_blocked, id=8680, stack(0x000000c951f00000,0x000000c952000000)]
  0x000001d71b172920 JavaThread "Reference Handler" daemon [_thread_blocked, id=7260, stack(0x000000c952600000,0x000000c952700000)]
  0x000001d71b1736b0 JavaThread "Finalizer" daemon [_thread_blocked, id=20072, stack(0x000000c952700000,0x000000c952800000)]
  0x000001d71b186fe0 JavaThread "Signal Dispatcher" daemon [_thread_blocked, id=3380, stack(0x000000c952800000,0x000000c952900000)]
  0x000001d71b1878b0 JavaThread "Attach Listener" daemon [_thread_blocked, id=8380, stack(0x000000c952900000,0x000000c952a00000)]
  0x000001d71b190cf0 JavaThread "Service Thread" daemon [_thread_blocked, id=18092, stack(0x000000c952a00000,0x000000c952b00000)]
  0x000001d71b1915c0 JavaThread "Monitor Deflation Thread" daemon [_thread_blocked, id=4264, stack(0x000000c952b00000,0x000000c952c00000)]
=>0x000001d71b1941d0 JavaThread "C2 CompilerThread0" daemon [_thread_in_native, id=7996, stack(0x000000c952c00000,0x000000c952d00000)]
  0x000001d71b195af0 JavaThread "C1 CompilerThread0" daemon [_thread_blocked, id=15404, stack(0x000000c952d00000,0x000000c952e00000)]
  0x000001d71b322c30 JavaThread "Sweeper thread" daemon [_thread_blocked, id=2800, stack(0x000000c952e00000,0x000000c952f00000)]
  0x000001d71b15d5f0 JavaThread "Common-Cleaner" daemon [_thread_blocked, id=17220, stack(0x000000c952f00000,0x000000c953000000)]
  0x000001d71b41a6c0 JavaThread "Notification Thread" daemon [_thread_blocked, id=7984, stack(0x000000c953000000,0x000000c953100000)]
  0x000001d735b86b00 JavaThread "Daemon health stats" [_thread_blocked, id=18912, stack(0x000000c953600000,0x000000c953700000)]
  0x000001d7351ec5e0 JavaThread "Incoming local TCP Connector on port 58383" [_thread_in_native, id=16884, stack(0x000000c953700000,0x000000c953800000)]
  0x000001d735158c20 JavaThread "Daemon periodic checks" [_thread_blocked, id=12060, stack(0x000000c953800000,0x000000c953900000)]
  0x000001d7353899f0 JavaThread "Daemon" [_thread_blocked, id=4268, stack(0x000000c953900000,0x000000c953a00000)]
  0x000001d71b736080 JavaThread "Handler for socket connection from /127.0.0.1:58383 to /127.0.0.1:58384" [_thread_in_native, id=15084, stack(0x000000c953a00000,0x000000c953b00000)]
  0x000001d735279a10 JavaThread "Cancel handler" [_thread_blocked, id=17088, stack(0x000000c953b00000,0x000000c953c00000)]
  0x000001d73527c290 JavaThread "Daemon worker" [_thread_in_Java, id=5800, stack(0x000000c953c00000,0x000000c953d00000)]
  0x000001d73527a940 JavaThread "Asynchronous log dispatcher for DefaultDaemonConnection: socket connection from /127.0.0.1:58383 to /127.0.0.1:58384" [_thread_blocked, id=20432, stack(0x000000c953d00000,0x000000c953e00000)]
  0x000001d73527bd80 JavaThread "Stdin handler" [_thread_blocked, id=18708, stack(0x000000c953e00000,0x000000c953f00000)]
  0x000001d73527ae50 JavaThread "Daemon client event forwarder" [_thread_blocked, id=16280, stack(0x000000c953f00000,0x000000c954000000)]
  0x000001d735278ff0 JavaThread "Cache worker for journal cache (C:\Users\welcome\.gradle\caches\journal-1)" [_thread_blocked, id=9760, stack(0x000000c954000000,0x000000c954100000)]
  0x000001d735279f20 JavaThread "File lock request listener" [_thread_in_native, id=18920, stack(0x000000c954100000,0x000000c954200000)]
  0x000001d73527b360 JavaThread "Cache worker for file hash cache (C:\Users\welcome\.gradle\caches\8.9\fileHashes)" [_thread_blocked, id=10144, stack(0x000000c954200000,0x000000c954300000)]
  0x000001d73527a430 JavaThread "Cache worker for file hash cache (C:\Users\welcome\Distributed-Flight-System\booking-service\.gradle\8.9\fileHashes)" [_thread_blocked, id=14732, stack(0x000000c954300000,0x000000c954400000)]
  0x000001d73527b870 JavaThread "Cache worker for Build Output Cleanup Cache (C:\Users\welcome\Distributed-Flight-System\booking-service\.gradle\buildOutputCleanup)" [_thread_blocked, id=19288, stack(0x000000c954400000,0x000000c954500000)]
  0x000001d73527c7a0 JavaThread "File watcher server" daemon [_thread_in_native, id=8336, stack(0x000000c954500000,0x000000c954600000)]
  0x000001d735279500 JavaThread "File watcher consumer" daemon [_thread_blocked, id=2680, stack(0x000000c954600000,0x000000c954700000)]
  0x000001d737983a80 JavaThread "jar transforms" [_thread_blocked, id=10692, stack(0x000000c954700000,0x000000c954800000)]
  0x000001d737988b80 JavaThread "jar transforms Thread 2" [_thread_blocked, id=14508, stack(0x000000c954800000,0x000000c954900000)]
  0x000001d737983570 JavaThread "jar transforms Thread 3" [_thread_blocked, id=5304, stack(0x000000c954900000,0x000000c954a00000)]
  0x000001d737988160 JavaThread "Cache worker for checksums cache (C:\Users\welcome\Distributed-Flight-System\booking-service\.gradle\8.9\checksums)" [_thread_blocked, id=19672, stack(0x000000c954a00000,0x000000c954b00000)]
  0x000001d737983f90 JavaThread "Cache worker for file content cache (C:\Users\welcome\.gradle\caches\8.9\fileContent)" [_thread_blocked, id=19904, stack(0x000000c954b00000,0x000000c954c00000)]
  0x000001d737989ab0 JavaThread "Cache worker for cache directory md-rule (C:\Users\welcome\.gradle\caches\8.9\md-rule)" [_thread_blocked, id=20332, stack(0x000000c954c00000,0x000000c954d00000)]
  0x000001d7379844a0 JavaThread "Cache worker for cache directory md-supplier (C:\Users\welcome\.gradle\caches\8.9\md-supplier)" [_thread_blocked, id=16216, stack(0x000000c954d00000,0x000000c954e00000)]
  0x000001d737987230 JavaThread "jar transforms Thread 4" [_thread_blocked, id=5836, stack(0x000000c954e00000,0x000000c954f00000)]
  0x000001d737989090 JavaThread "Unconstrained build operations" [_thread_blocked, id=18456, stack(0x000000c954f00000,0x000000c955000000)]
  0x000001d7379895a0 JavaThread "Unconstrained build operations Thread 2" [_thread_blocked, id=10752, stack(0x000000c955000000,0x000000c955100000)]
  0x000001d737984ec0 JavaThread "Unconstrained build operations Thread 3" [_thread_blocked, id=10548, stack(0x000000c955100000,0x000000c955200000)]
  0x000001d737987c50 JavaThread "Unconstrained build operations Thread 4" [_thread_blocked, id=19968, stack(0x000000c955200000,0x000000c955300000)]
  0x000001d737988670 JavaThread "Unconstrained build operations Thread 5" [_thread_blocked, id=2424, stack(0x000000c955300000,0x000000c955400000)]
  0x000001d737989fc0 JavaThread "Unconstrained build operations Thread 6" [_thread_blocked, id=18732, stack(0x000000c955400000,0x000000c955500000)]
  0x000001d737983060 JavaThread "Unconstrained build operations Thread 7" [_thread_blocked, id=19520, stack(0x000000c955500000,0x000000c955600000)]
  0x000001d73798a9e0 JavaThread "Unconstrained build operations Thread 8" [_thread_blocked, id=2308, stack(0x000000c955600000,0x000000c955700000)]
  0x000001d7379853d0 JavaThread "Unconstrained build operations Thread 9" [_thread_blocked, id=14664, stack(0x000000c955700000,0x000000c955800000)]
  0x000001d7379858e0 JavaThread "File lock release action executor" [_thread_blocked, id=10480, stack(0x000000c955a00000,0x000000c955b00000)]
  0x000001d737985df0 JavaThread "build event listener" [_thread_blocked, id=15392, stack(0x000000c955b00000,0x000000c955c00000)]
  0x000001d7353a0440 JavaThread "Memory manager" [_thread_blocked, id=12052, stack(0x000000c955c00000,0x000000c955d00000)]

Other Threads:
  0x000001d71b16cad0 VMThread "VM Thread" [stack: 0x000000c952500000,0x000000c952600000] [id=16772]
  0x000001d71b41aba0 WatcherThread [stack: 0x000000c953100000,0x000000c953200000] [id=19812]
  0x000001d77f9eeea0 GCTaskThread "GC Thread#0" [stack: 0x000000c952000000,0x000000c952100000] [id=17700]
  0x000001d71b8bfc40 GCTaskThread "GC Thread#1" [stack: 0x000000c953200000,0x000000c953300000] [id=10592]
  0x000001d71b592400 GCTaskThread "GC Thread#2" [stack: 0x000000c953300000,0x000000c953400000] [id=12252]
  0x000001d71b5926c0 GCTaskThread "GC Thread#3" [stack: 0x000000c953400000,0x000000c953500000] [id=11716]
  0x000001d77f9f3d00 ConcurrentGCThread "G1 Main Marker" [stack: 0x000000c952100000,0x000000c952200000] [id=18004]
  0x000001d77f9f4630 ConcurrentGCThread "G1 Conc#0" [stack: 0x000000c952200000,0x000000c952300000] [id=12432]
  0x000001d71b0324d0 ConcurrentGCThread "G1 Refine#0" [stack: 0x000000c952300000,0x000000c952400000] [id=13844]
  0x000001d71bc2db00 ConcurrentGCThread "G1 Refine#1" [stack: 0x000000c953500000,0x000000c953600000] [id=7988]
  0x000001d736f1ae60 ConcurrentGCThread "G1 Refine#2" [stack: 0x000000c951d00000,0x000000c951e00000] [id=17524]
  0x000001d71b032e10 ConcurrentGCThread "G1 Service" [stack: 0x000000c952400000,0x000000c952500000] [id=3408]

Threads with active compile tasks:
C2 CompilerThread0  54724 8380       4       groovy.lang.MetaClassImpl$1MOPIter::methodNameAction (325 bytes)

VM state: not at safepoint (normal execution)

VM Mutex/Monitor currently owned by a thread: None

Heap address: 0x00000000e0000000, size: 512 MB, Compressed Oops mode: 32-bit

CDS archive(s) mapped at: [0x000001d71c000000-0x000001d71cbb0000-0x000001d71cbb0000), size 12255232, SharedBaseAddress: 0x000001d71c000000, ArchiveRelocationMode: 1.
Compressed class space mapped at: 0x000001d71d000000-0x000001d731000000, reserved size: 335544320
Narrow klass base: 0x000001d71c000000, Narrow klass shift: 0, Narrow klass range: 0x100000000

GC Precious Log:
 CPUs: 4 total, 4 available
 Memory: 4005M
 Large Page Support: Disabled
 NUMA Support: Disabled
 Compressed Oops: Enabled (32-bit)
 Heap Region Size: 1M
 Heap Min Capacity: 256M
 Heap Initial Capacity: 256M
 Heap Max Capacity: 512M
 Pre-touch: Disabled
 Parallel Workers: 4
 Concurrent Workers: 1
 Concurrent Refinement Workers: 4
 Periodic GC: Disabled

Heap:
 garbage-first heap   total 262144K, used 156056K [0x00000000e0000000, 0x0000000100000000)
  region size 1024K, 104 young (106496K), 11 survivors (11264K)
 Metaspace       used 65785K, committed 66496K, reserved 393216K
  class space    used 9175K, committed 9472K, reserved 327680K

Heap Regions: E=young(eden), S=young(survivor), O=old, HS=humongous(starts), HC=humongous(continues), CS=collection set, F=free, OA=open archive, CA=closed archive, TAMS=top-at-mark-start (previous, next)
|   0|0x00000000e0000000, 0x00000000e0100000, 0x00000000e0100000|100%|HS|  |TAMS 0x00000000e0100000, 0x00000000e0000000| Complete 
|   1|0x00000000e0100000, 0x00000000e0200000, 0x00000000e0200000|100%|HC|  |TAMS 0x00000000e0200000, 0x00000000e0100000| Complete 
|   2|0x00000000e0200000, 0x00000000e0300000, 0x00000000e0300000|100%|HC|  |TAMS 0x00000000e0300000, 0x00000000e0200000| Complete 
|   3|0x00000000e0300000, 0x00000000e0400000, 0x00000000e0400000|100%|HC|  |TAMS 0x00000000e0400000, 0x00000000e0300000| Complete 
|   4|0x00000000e0400000, 0x00000000e0500000, 0x00000000e0500000|100%| O|  |TAMS 0x00000000e0500000, 0x00000000e0400000| Untracked 
|   5|0x00000000e0500000, 0x00000000e0600000, 0x00000000e0600000|100%| O|  |TAMS 0x00000000e0600000, 0x00000000e0500000| Untracked 
|   6|0x00000000e0600000, 0x00000000e0700000, 0x00000000e0700000|100%| O|  |TAMS 0x00000000e0700000, 0x00000000e0600000| Untracked 
|   7|0x00000000e0700000, 0x00000000e0800000, 0x00000000e0800000|100%| O|  |TAMS 0x00000000e0800000, 0x00000000e0700000| Untracked 
|   8|0x00000000e0800000, 0x00000000e0900000, 0x00000000e0900000|100%| O|  |TAMS 0x00000000e0900000, 0x00000000e0800000| Untracked 
|   9|0x00000000e0900000, 0x00000000e0a00000, 0x00000000e0a00000|100%|HS|  |TAMS 0x00000000e0a00000, 0x00000000e0900000| Complete 
|  10|0x00000000e0a00000, 0x00000000e0a00000, 0x00000000e0b00000|  0%| F|  |TAMS 0x00000000e0a00000, 0x00000000e0a00000| Untracked 
|  11|0x00000000e0b00000, 0x00000000e0c00000, 0x00000000e0c00000|100%| O|  |TAMS 0x00000000e0c00000, 0x00000000e0b00000| Untracked 
|  12|0x00000000e0c00000, 0x00000000e0d00000, 0x00000000e0d00000|100%| O|  |TAMS 0x00000000e0d00000, 0x00000000e0c00000| Untracked 
|  13|0x00000000e0d00000, 0x00000000e0e00000, 0x00000000e0e00000|100%| O|  |TAMS 0x00000000e0e00000, 0x00000000e0d00000| Untracked 
|  14|0x00000000e0e00000, 0x00000000e0f00000, 0x00000000e0f00000|100%| O|  |TAMS 0x00000000e0f00000, 0x00000000e0e00000| Untracked 
|  15|0x00000000e0f00000, 0x00000000e1000000, 0x00000000e1000000|100%| O|  |TAMS 0x00000000e1000000, 0x00000000e0f00000| Untracked 
|  16|0x00000000e1000000, 0x00000000e1100000, 0x00000000e1100000|100%| O|  |TAMS 0x00000000e1100000, 0x00000000e1000000| Untracked 
|  17|0x00000000e1100000, 0x00000000e1200000, 0x00000000e1200000|100%| O|  |TAMS 0x00000000e1200000, 0x00000000e1100000| Untracked 
|  18|0x00000000e1200000, 0x00000000e1300000, 0x00000000e1300000|100%| O|  |TAMS 0x00000000e1300000, 0x00000000e1200000| Untracked 
|  19|0x00000000e1300000, 0x00000000e1400000, 0x00000000e1400000|100%| O|  |TAMS 0x00000000e1400000, 0x00000000e1300000| Untracked 
|  20|0x00000000e1400000, 0x00000000e1500000, 0x00000000e1500000|100%| O|  |TAMS 0x00000000e1500000, 0x00000000e1400000| Untracked 
|  21|0x00000000e1500000, 0x00000000e1600000, 0x00000000e1600000|100%| O|  |TAMS 0x00000000e1600000, 0x00000000e1500000| Untracked 
|  22|0x00000000e1600000, 0x00000000e1700000, 0x00000000e1700000|100%| O|  |TAMS 0x00000000e1700000, 0x00000000e1600000| Untracked 
|  23|0x00000000e1700000, 0x00000000e1800000, 0x00000000e1800000|100%| O|  |TAMS 0x00000000e1800000, 0x00000000e1700000| Untracked 
|  24|0x00000000e1800000, 0x00000000e1900000, 0x00000000e1900000|100%| O|  |TAMS 0x00000000e1900000, 0x00000000e1800000| Untracked 
|  25|0x00000000e1900000, 0x00000000e1a00000, 0x00000000e1a00000|100%| O|  |TAMS 0x00000000e1a00000, 0x00000000e1900000| Untracked 
|  26|0x00000000e1a00000, 0x00000000e1b00000, 0x00000000e1b00000|100%| O|  |TAMS 0x00000000e1b00000, 0x00000000e1a00000| Untracked 
|  27|0x00000000e1b00000, 0x00000000e1c00000, 0x00000000e1c00000|100%| O|  |TAMS 0x00000000e1c00000, 0x00000000e1b00000| Untracked 
|  28|0x00000000e1c00000, 0x00000000e1d00000, 0x00000000e1d00000|100%| O|  |TAMS 0x00000000e1d00000, 0x00000000e1c00000| Untracked 
|  29|0x00000000e1d00000, 0x00000000e1e00000, 0x00000000e1e00000|100%| O|  |TAMS 0x00000000e1e00000, 0x00000000e1d00000| Untracked 
|  30|0x00000000e1e00000, 0x00000000e1f00000, 0x00000000e1f00000|100%| O|  |TAMS 0x00000000e1f00000, 0x00000000e1e00000| Untracked 
|  31|0x00000000e1f00000, 0x00000000e2000000, 0x00000000e2000000|100%| O|  |TAMS 0x00000000e2000000, 0x00000000e1f00000| Untracked 
|  32|0x00000000e2000000, 0x00000000e2100000, 0x00000000e2100000|100%| O|  |TAMS 0x00000000e2100000, 0x00000000e2000000| Untracked 
|  33|0x00000000e2100000, 0x00000000e2200000, 0x00000000e2200000|100%| O|  |TAMS 0x00000000e2200000, 0x00000000e2100000| Untracked 
|  34|0x00000000e2200000, 0x00000000e2300000, 0x00000000e2300000|100%| O|  |TAMS 0x00000000e2300000, 0x00000000e2200000| Untracked 
|  35|0x00000000e2300000, 0x00000000e2400000, 0x00000000e2400000|100%| O|  |TAMS 0x00000000e2400000, 0x00000000e2300000| Untracked 
|  36|0x00000000e2400000, 0x00000000e2500000, 0x00000000e2500000|100%| O|  |TAMS 0x00000000e2500000, 0x00000000e2400000| Untracked 
|  37|0x00000000e2500000, 0x00000000e2600000, 0x00000000e2600000|100%| O|  |TAMS 0x00000000e2600000, 0x00000000e2500000| Untracked 
|  38|0x00000000e2600000, 0x00000000e2700000, 0x00000000e2700000|100%| O|  |TAMS 0x00000000e2700000, 0x00000000e2600000| Untracked 
|  39|0x00000000e2700000, 0x00000000e27bc400, 0x00000000e2800000| 73%| O|  |TAMS 0x00000000e2730600, 0x00000000e2700000| Untracked 
|  40|0x00000000e2800000, 0x00000000e2900000, 0x00000000e2900000|100%|HS|  |TAMS 0x00000000e2900000, 0x00000000e2800000| Complete 
|  41|0x00000000e2900000, 0x00000000e2a00000, 0x00000000e2a00000|100%|HC|  |TAMS 0x00000000e2a00000, 0x00000000e2900000| Complete 
|  42|0x00000000e2a00000, 0x00000000e2b00000, 0x00000000e2b00000|100%|HS|  |TAMS 0x00000000e2b00000, 0x00000000e2a00000| Complete 
|  43|0x00000000e2b00000, 0x00000000e2c00000, 0x00000000e2c00000|100%|HC|  |TAMS 0x00000000e2c00000, 0x00000000e2b00000| Complete 
|  44|0x00000000e2c00000, 0x00000000e2d00000, 0x00000000e2d00000|100%|HS|  |TAMS 0x00000000e2d00000, 0x00000000e2c00000| Complete 
|  45|0x00000000e2d00000, 0x00000000e2e00000, 0x00000000e2e00000|100%|HC|  |TAMS 0x00000000e2e00000, 0x00000000e2d00000| Complete 
|  46|0x00000000e2e00000, 0x00000000e2f00000, 0x00000000e2f00000|100%|HC|  |TAMS 0x00000000e2f00000, 0x00000000e2e00000| Complete 
|  47|0x00000000e2f00000, 0x00000000e3000000, 0x00000000e3000000|100%|HC|  |TAMS 0x00000000e3000000, 0x00000000e2f00000| Complete 
|  48|0x00000000e3000000, 0x00000000e3100000, 0x00000000e3100000|100%|HS|  |TAMS 0x00000000e3100000, 0x00000000e3000000| Complete 
|  49|0x00000000e3100000, 0x00000000e3200000, 0x00000000e3200000|100%|HC|  |TAMS 0x00000000e3200000, 0x00000000e3100000| Complete 
|  50|0x00000000e3200000, 0x00000000e3300000, 0x00000000e3300000|100%|HC|  |TAMS 0x00000000e3300000, 0x00000000e3200000| Complete 
|  51|0x00000000e3300000, 0x00000000e3400000, 0x00000000e3400000|100%|HC|  |TAMS 0x00000000e3400000, 0x00000000e3300000| Complete 
|  52|0x00000000e3400000, 0x00000000e3400000, 0x00000000e3500000|  0%| F|  |TAMS 0x00000000e3400000, 0x00000000e3400000| Untracked 
|  53|0x00000000e3500000, 0x00000000e3500000, 0x00000000e3600000|  0%| F|  |TAMS 0x00000000e3500000, 0x00000000e3500000| Untracked 
|  54|0x00000000e3600000, 0x00000000e3600000, 0x00000000e3700000|  0%| F|  |TAMS 0x00000000e3600000, 0x00000000e3600000| Untracked 
|  55|0x00000000e3700000, 0x00000000e3700000, 0x00000000e3800000|  0%| F|  |TAMS 0x00000000e3700000, 0x00000000e3700000| Untracked 
|  56|0x00000000e3800000, 0x00000000e3800000, 0x00000000e3900000|  0%| F|  |TAMS 0x00000000e3800000, 0x00000000e3800000| Untracked 
|  57|0x00000000e3900000, 0x00000000e3900000, 0x00000000e3a00000|  0%| F|  |TAMS 0x00000000e3900000, 0x00000000e3900000| Untracked 
|  58|0x00000000e3a00000, 0x00000000e3a00000, 0x00000000e3b00000|  0%| F|  |TAMS 0x00000000e3a00000, 0x00000000e3a00000| Untracked 
|  59|0x00000000e3b00000, 0x00000000e3b00000, 0x00000000e3c00000|  0%| F|  |TAMS 0x00000000e3b00000, 0x00000000e3b00000| Untracked 
|  60|0x00000000e3c00000, 0x00000000e3c00000, 0x00000000e3d00000|  0%| F|  |TAMS 0x00000000e3c00000, 0x00000000e3c00000| Untracked 
|  61|0x00000000e3d00000, 0x00000000e3d00000, 0x00000000e3e00000|  0%| F|  |TAMS 0x00000000e3d00000, 0x00000000e3d00000| Untracked 
|  62|0x00000000e3e00000, 0x00000000e3e00000, 0x00000000e3f00000|  0%| F|  |TAMS 0x00000000e3e00000, 0x00000000e3e00000| Untracked 
|  63|0x00000000e3f00000, 0x00000000e3f00000, 0x00000000e4000000|  0%| F|  |TAMS 0x00000000e3f00000, 0x00000000e3f00000| Untracked 
|  64|0x00000000e4000000, 0x00000000e4000000, 0x00000000e4100000|  0%| F|  |TAMS 0x00000000e4000000, 0x00000000e4000000| Untracked 
|  65|0x00000000e4100000, 0x00000000e4100000, 0x00000000e4200000|  0%| F|  |TAMS 0x00000000e4100000, 0x00000000e4100000| Untracked 
|  66|0x00000000e4200000, 0x00000000e4200000, 0x00000000e4300000|  0%| F|  |TAMS 0x00000000e4200000, 0x00000000e4200000| Untracked 
|  67|0x00000000e4300000, 0x00000000e4300000, 0x00000000e4400000|  0%| F|  |TAMS 0x00000000e4300000, 0x00000000e4300000| Untracked 
|  68|0x00000000e4400000, 0x00000000e4400000, 0x00000000e4500000|  0%| F|  |TAMS 0x00000000e4400000, 0x00000000e4400000| Untracked 
|  69|0x00000000e4500000, 0x00000000e4500000, 0x00000000e4600000|  0%| F|  |TAMS 0x00000000e4500000, 0x00000000e4500000| Untracked 
|  70|0x00000000e4600000, 0x00000000e4600000, 0x00000000e4700000|  0%| F|  |TAMS 0x00000000e4600000, 0x00000000e4600000| Untracked 
|  71|0x00000000e4700000, 0x00000000e4700000, 0x00000000e4800000|  0%| F|  |TAMS 0x00000000e4700000, 0x00000000e4700000| Untracked 
|  72|0x00000000e4800000, 0x00000000e4800000, 0x00000000e4900000|  0%| F|  |TAMS 0x00000000e4800000, 0x00000000e4800000| Untracked 
|  73|0x00000000e4900000, 0x00000000e4900000, 0x00000000e4a00000|  0%| F|  |TAMS 0x00000000e4900000, 0x00000000e4900000| Untracked 
|  74|0x00000000e4a00000, 0x00000000e4a00000, 0x00000000e4b00000|  0%| F|  |TAMS 0x00000000e4a00000, 0x00000000e4a00000| Untracked 
|  75|0x00000000e4b00000, 0x00000000e4b00000, 0x00000000e4c00000|  0%| F|  |TAMS 0x00000000e4b00000, 0x00000000e4b00000| Untracked 
|  76|0x00000000e4c00000, 0x00000000e4c00000, 0x00000000e4d00000|  0%| F|  |TAMS 0x00000000e4c00000, 0x00000000e4c00000| Untracked 
|  77|0x00000000e4d00000, 0x00000000e4d00000, 0x00000000e4e00000|  0%| F|  |TAMS 0x00000000e4d00000, 0x00000000e4d00000| Untracked 
|  78|0x00000000e4e00000, 0x00000000e4e00000, 0x00000000e4f00000|  0%| F|  |TAMS 0x00000000e4e00000, 0x00000000e4e00000| Untracked 
|  79|0x00000000e4f00000, 0x00000000e4f00000, 0x00000000e5000000|  0%| F|  |TAMS 0x00000000e4f00000, 0x00000000e4f00000| Untracked 
|  80|0x00000000e5000000, 0x00000000e5000000, 0x00000000e5100000|  0%| F|  |TAMS 0x00000000e5000000, 0x00000000e5000000| Untracked 
|  81|0x00000000e5100000, 0x00000000e5100000, 0x00000000e5200000|  0%| F|  |TAMS 0x00000000e5100000, 0x00000000e5100000| Untracked 
|  82|0x00000000e5200000, 0x00000000e5200000, 0x00000000e5300000|  0%| F|  |TAMS 0x00000000e5200000, 0x00000000e5200000| Untracked 
|  83|0x00000000e5300000, 0x00000000e5300000, 0x00000000e5400000|  0%| F|  |TAMS 0x00000000e5300000, 0x00000000e5300000| Untracked 
|  84|0x00000000e5400000, 0x00000000e5400000, 0x00000000e5500000|  0%| F|  |TAMS 0x00000000e5400000, 0x00000000e5400000| Untracked 
|  85|0x00000000e5500000, 0x00000000e5500000, 0x00000000e5600000|  0%| F|  |TAMS 0x00000000e5500000, 0x00000000e5500000| Untracked 
|  86|0x00000000e5600000, 0x00000000e5600000, 0x00000000e5700000|  0%| F|  |TAMS 0x00000000e5600000, 0x00000000e5600000| Untracked 
|  87|0x00000000e5700000, 0x00000000e5700000, 0x00000000e5800000|  0%| F|  |TAMS 0x00000000e5700000, 0x00000000e5700000| Untracked 
|  88|0x00000000e5800000, 0x00000000e5800000, 0x00000000e5900000|  0%| F|  |TAMS 0x00000000e5800000, 0x00000000e5800000| Untracked 
|  89|0x00000000e5900000, 0x00000000e5900000, 0x00000000e5a00000|  0%| F|  |TAMS 0x00000000e5900000, 0x00000000e5900000| Untracked 
|  90|0x00000000e5a00000, 0x00000000e5a00000, 0x00000000e5b00000|  0%| F|  |TAMS 0x00000000e5a00000, 0x00000000e5a00000| Untracked 
|  91|0x00000000e5b00000, 0x00000000e5b00000, 0x00000000e5c00000|  0%| F|  |TAMS 0x00000000e5b00000, 0x00000000e5b00000| Untracked 
|  92|0x00000000e5c00000, 0x00000000e5c00000, 0x00000000e5d00000|  0%| F|  |TAMS 0x00000000e5c00000, 0x00000000e5c00000| Untracked 
|  93|0x00000000e5d00000, 0x00000000e5d00000, 0x00000000e5e00000|  0%| F|  |TAMS 0x00000000e5d00000, 0x00000000e5d00000| Untracked 
|  94|0x00000000e5e00000, 0x00000000e5e00000, 0x00000000e5f00000|  0%| F|  |TAMS 0x00000000e5e00000, 0x00000000e5e00000| Untracked 
|  95|0x00000000e5f00000, 0x00000000e5f00000, 0x00000000e6000000|  0%| F|  |TAMS 0x00000000e5f00000, 0x00000000e5f00000| Untracked 
|  96|0x00000000e6000000, 0x00000000e6000000, 0x00000000e6100000|  0%| F|  |TAMS 0x00000000e6000000, 0x00000000e6000000| Untracked 
|  97|0x00000000e6100000, 0x00000000e6100000, 0x00000000e6200000|  0%| F|  |TAMS 0x00000000e6100000, 0x00000000e6100000| Untracked 
|  98|0x00000000e6200000, 0x00000000e6200000, 0x00000000e6300000|  0%| F|  |TAMS 0x00000000e6200000, 0x00000000e6200000| Untracked 
|  99|0x00000000e6300000, 0x00000000e6300000, 0x00000000e6400000|  0%| F|  |TAMS 0x00000000e6300000, 0x00000000e6300000| Untracked 
| 100|0x00000000e6400000, 0x00000000e6400000, 0x00000000e6500000|  0%| F|  |TAMS 0x00000000e6400000, 0x00000000e6400000| Untracked 
| 101|0x00000000e6500000, 0x00000000e6500000, 0x00000000e6600000|  0%| F|  |TAMS 0x00000000e6500000, 0x00000000e6500000| Untracked 
| 102|0x00000000e6600000, 0x00000000e6600000, 0x00000000e6700000|  0%| F|  |TAMS 0x00000000e6600000, 0x00000000e6600000| Untracked 
| 103|0x00000000e6700000, 0x00000000e6700000, 0x00000000e6800000|  0%| F|  |TAMS 0x00000000e6700000, 0x00000000e6700000| Untracked 
| 104|0x00000000e6800000, 0x00000000e6800000, 0x00000000e6900000|  0%| F|  |TAMS 0x00000000e6800000, 0x00000000e6800000| Untracked 
| 105|0x00000000e6900000, 0x00000000e6900000, 0x00000000e6a00000|  0%| F|  |TAMS 0x00000000e6900000, 0x00000000e6900000| Untracked 
| 106|0x00000000e6a00000, 0x00000000e6a00000, 0x00000000e6b00000|  0%| F|  |TAMS 0x00000000e6a00000, 0x00000000e6a00000| Untracked 
| 107|0x00000000e6b00000, 0x00000000e6b00000, 0x00000000e6c00000|  0%| F|  |TAMS 0x00000000e6b00000, 0x00000000e6b00000| Untracked 
| 108|0x00000000e6c00000, 0x00000000e6c00000, 0x00000000e6d00000|  0%| F|  |TAMS 0x00000000e6c00000, 0x00000000e6c00000| Untracked 
| 109|0x00000000e6d00000, 0x00000000e6d00000, 0x00000000e6e00000|  0%| F|  |TAMS 0x00000000e6d00000, 0x00000000e6d00000| Untracked 
| 110|0x00000000e6e00000, 0x00000000e6e00000, 0x00000000e6f00000|  0%| F|  |TAMS 0x00000000e6e00000, 0x00000000e6e00000| Untracked 
| 111|0x00000000e6f00000, 0x00000000e6f00000, 0x00000000e7000000|  0%| F|  |TAMS 0x00000000e6f00000, 0x00000000e6f00000| Untracked 
| 112|0x00000000e7000000, 0x00000000e7000000, 0x00000000e7100000|  0%| F|  |TAMS 0x00000000e7000000, 0x00000000e7000000| Untracked 
| 113|0x00000000e7100000, 0x00000000e7100000, 0x00000000e7200000|  0%| F|  |TAMS 0x00000000e7100000, 0x00000000e7100000| Untracked 
| 114|0x00000000e7200000, 0x00000000e7200000, 0x00000000e7300000|  0%| F|  |TAMS 0x00000000e7200000, 0x00000000e7200000| Untracked 
| 115|0x00000000e7300000, 0x00000000e7300000, 0x00000000e7400000|  0%| F|  |TAMS 0x00000000e7300000, 0x00000000e7300000| Untracked 
| 116|0x00000000e7400000, 0x00000000e7400000, 0x00000000e7500000|  0%| F|  |TAMS 0x00000000e7400000, 0x00000000e7400000| Untracked 
| 117|0x00000000e7500000, 0x00000000e7500000, 0x00000000e7600000|  0%| F|  |TAMS 0x00000000e7500000, 0x00000000e7500000| Untracked 
| 118|0x00000000e7600000, 0x00000000e7600000, 0x00000000e7700000|  0%| F|  |TAMS 0x00000000e7600000, 0x00000000e7600000| Untracked 
| 119|0x00000000e7700000, 0x00000000e7700000, 0x00000000e7800000|  0%| F|  |TAMS 0x00000000e7700000, 0x00000000e7700000| Untracked 
| 120|0x00000000e7800000, 0x00000000e7800000, 0x00000000e7900000|  0%| F|  |TAMS 0x00000000e7800000, 0x00000000e7800000| Untracked 
| 121|0x00000000e7900000, 0x00000000e7900000, 0x00000000e7a00000|  0%| F|  |TAMS 0x00000000e7900000, 0x00000000e7900000| Untracked 
| 122|0x00000000e7a00000, 0x00000000e7a00000, 0x00000000e7b00000|  0%| F|  |TAMS 0x00000000e7a00000, 0x00000000e7a00000| Untracked 
| 123|0x00000000e7b00000, 0x00000000e7b00000, 0x00000000e7c00000|  0%| F|  |TAMS 0x00000000e7b00000, 0x00000000e7b00000| Untracked 
| 124|0x00000000e7c00000, 0x00000000e7c00000, 0x00000000e7d00000|  0%| F|  |TAMS 0x00000000e7c00000, 0x00000000e7c00000| Untracked 
| 125|0x00000000e7d00000, 0x00000000e7d00000, 0x00000000e7e00000|  0%| F|  |TAMS 0x00000000e7d00000, 0x00000000e7d00000| Untracked 
| 126|0x00000000e7e00000, 0x00000000e7e00000, 0x00000000e7f00000|  0%| F|  |TAMS 0x00000000e7e00000, 0x00000000e7e00000| Untracked 
| 127|0x00000000e7f00000, 0x00000000e7f00000, 0x00000000e8000000|  0%| F|  |TAMS 0x00000000e7f00000, 0x00000000e7f00000| Untracked 
| 128|0x00000000e8000000, 0x00000000e8000000, 0x00000000e8100000|  0%| F|  |TAMS 0x00000000e8000000, 0x00000000e8000000| Untracked 
| 129|0x00000000e8100000, 0x00000000e8100000, 0x00000000e8200000|  0%| F|  |TAMS 0x00000000e8100000, 0x00000000e8100000| Untracked 
| 130|0x00000000e8200000, 0x00000000e8200000, 0x00000000e8300000|  0%| F|  |TAMS 0x00000000e8200000, 0x00000000e8200000| Untracked 
| 131|0x00000000e8300000, 0x00000000e8300000, 0x00000000e8400000|  0%| F|  |TAMS 0x00000000e8300000, 0x00000000e8300000| Untracked 
| 132|0x00000000e8400000, 0x00000000e8400000, 0x00000000e8500000|  0%| F|  |TAMS 0x00000000e8400000, 0x00000000e8400000| Untracked 
| 133|0x00000000e8500000, 0x00000000e8500000, 0x00000000e8600000|  0%| F|  |TAMS 0x00000000e8500000, 0x00000000e8500000| Untracked 
| 134|0x00000000e8600000, 0x00000000e8600000, 0x00000000e8700000|  0%| F|  |TAMS 0x00000000e8600000, 0x00000000e8600000| Untracked 
| 135|0x00000000e8700000, 0x00000000e8700000, 0x00000000e8800000|  0%| F|  |TAMS 0x00000000e8700000, 0x00000000e8700000| Untracked 
| 136|0x00000000e8800000, 0x00000000e8800000, 0x00000000e8900000|  0%| F|  |TAMS 0x00000000e8800000, 0x00000000e8800000| Untracked 
| 137|0x00000000e8900000, 0x00000000e8900000, 0x00000000e8a00000|  0%| F|  |TAMS 0x00000000e8900000, 0x00000000e8900000| Untracked 
| 138|0x00000000e8a00000, 0x00000000e8a00000, 0x00000000e8b00000|  0%| F|  |TAMS 0x00000000e8a00000, 0x00000000e8a00000| Untracked 
| 139|0x00000000e8b00000, 0x00000000e8b00000, 0x00000000e8c00000|  0%| F|  |TAMS 0x00000000e8b00000, 0x00000000e8b00000| Untracked 
| 140|0x00000000e8c00000, 0x00000000e8c00000, 0x00000000e8d00000|  0%| F|  |TAMS 0x00000000e8c00000, 0x00000000e8c00000| Untracked 
| 141|0x00000000e8d00000, 0x00000000e8d00000, 0x00000000e8e00000|  0%| F|  |TAMS 0x00000000e8d00000, 0x00000000e8d00000| Untracked 
| 142|0x00000000e8e00000, 0x00000000e8e00000, 0x00000000e8f00000|  0%| F|  |TAMS 0x00000000e8e00000, 0x00000000e8e00000| Untracked 
| 143|0x00000000e8f00000, 0x00000000e8f00000, 0x00000000e9000000|  0%| F|  |TAMS 0x00000000e8f00000, 0x00000000e8f00000| Untracked 
| 144|0x00000000e9000000, 0x00000000e9000000, 0x00000000e9100000|  0%| F|  |TAMS 0x00000000e9000000, 0x00000000e9000000| Untracked 
| 145|0x00000000e9100000, 0x00000000e9100000, 0x00000000e9200000|  0%| F|  |TAMS 0x00000000e9100000, 0x00000000e9100000| Untracked 
| 146|0x00000000e9200000, 0x00000000e9200000, 0x00000000e9300000|  0%| F|  |TAMS 0x00000000e9200000, 0x00000000e9200000| Untracked 
| 147|0x00000000e9300000, 0x00000000e9300000, 0x00000000e9400000|  0%| F|  |TAMS 0x00000000e9300000, 0x00000000e9300000| Untracked 
| 148|0x00000000e9400000, 0x00000000e9400000, 0x00000000e9500000|  0%| F|  |TAMS 0x00000000e9400000, 0x00000000e9400000| Untracked 
| 149|0x00000000e9500000, 0x00000000e9500000, 0x00000000e9600000|  0%| F|  |TAMS 0x00000000e9500000, 0x00000000e9500000| Untracked 
| 150|0x00000000e9600000, 0x00000000e9600000, 0x00000000e9700000|  0%| F|  |TAMS 0x00000000e9600000, 0x00000000e9600000| Untracked 
| 151|0x00000000e9700000, 0x00000000e9700000, 0x00000000e9800000|  0%| F|  |TAMS 0x00000000e9700000, 0x00000000e9700000| Untracked 
| 152|0x00000000e9800000, 0x00000000e9900000, 0x00000000e9900000|100%| E|  |TAMS 0x00000000e9800000, 0x00000000e9800000| Complete 
| 153|0x00000000e9900000, 0x00000000e9a00000, 0x00000000e9a00000|100%| E|CS|TAMS 0x00000000e9900000, 0x00000000e9900000| Complete 
| 154|0x00000000e9a00000, 0x00000000e9b00000, 0x00000000e9b00000|100%| E|CS|TAMS 0x00000000e9a00000, 0x00000000e9a00000| Complete 
| 155|0x00000000e9b00000, 0x00000000e9c00000, 0x00000000e9c00000|100%| E|CS|TAMS 0x00000000e9b00000, 0x00000000e9b00000| Complete 
| 156|0x00000000e9c00000, 0x00000000e9d00000, 0x00000000e9d00000|100%| E|CS|TAMS 0x00000000e9c00000, 0x00000000e9c00000| Complete 
| 157|0x00000000e9d00000, 0x00000000e9e00000, 0x00000000e9e00000|100%| E|CS|TAMS 0x00000000e9d00000, 0x00000000e9d00000| Complete 
| 158|0x00000000e9e00000, 0x00000000e9f00000, 0x00000000e9f00000|100%| E|CS|TAMS 0x00000000e9e00000, 0x00000000e9e00000| Complete 
| 159|0x00000000e9f00000, 0x00000000ea000000, 0x00000000ea000000|100%| E|CS|TAMS 0x00000000e9f00000, 0x00000000e9f00000| Complete 
| 160|0x00000000ea000000, 0x00000000ea100000, 0x00000000ea100000|100%| E|CS|TAMS 0x00000000ea000000, 0x00000000ea000000| Complete 
| 161|0x00000000ea100000, 0x00000000ea200000, 0x00000000ea200000|100%| E|CS|TAMS 0x00000000ea100000, 0x00000000ea100000| Complete 
| 162|0x00000000ea200000, 0x00000000ea300000, 0x00000000ea300000|100%| E|CS|TAMS 0x00000000ea200000, 0x00000000ea200000| Complete 
| 163|0x00000000ea300000, 0x00000000ea400000, 0x00000000ea400000|100%| E|CS|TAMS 0x00000000ea300000, 0x00000000ea300000| Complete 
| 164|0x00000000ea400000, 0x00000000ea500000, 0x00000000ea500000|100%| E|CS|TAMS 0x00000000ea400000, 0x00000000ea400000| Complete 
| 165|0x00000000ea500000, 0x00000000ea600000, 0x00000000ea600000|100%| E|CS|TAMS 0x00000000ea500000, 0x00000000ea500000| Complete 
| 166|0x00000000ea600000, 0x00000000ea700000, 0x00000000ea700000|100%| E|CS|TAMS 0x00000000ea600000, 0x00000000ea600000| Complete 
| 167|0x00000000ea700000, 0x00000000ea800000, 0x00000000ea800000|100%| E|CS|TAMS 0x00000000ea700000, 0x00000000ea700000| Complete 
| 168|0x00000000ea800000, 0x00000000ea900000, 0x00000000ea900000|100%| E|CS|TAMS 0x00000000ea800000, 0x00000000ea800000| Complete 
| 169|0x00000000ea900000, 0x00000000eaa00000, 0x00000000eaa00000|100%| E|CS|TAMS 0x00000000ea900000, 0x00000000ea900000| Complete 
| 170|0x00000000eaa00000, 0x00000000eab00000, 0x00000000eab00000|100%| E|CS|TAMS 0x00000000eaa00000, 0x00000000eaa00000| Complete 
| 171|0x00000000eab00000, 0x00000000eac00000, 0x00000000eac00000|100%| E|CS|TAMS 0x00000000eab00000, 0x00000000eab00000| Complete 
| 172|0x00000000eac00000, 0x00000000ead00000, 0x00000000ead00000|100%| E|CS|TAMS 0x00000000eac00000, 0x00000000eac00000| Complete 
| 173|0x00000000ead00000, 0x00000000eae00000, 0x00000000eae00000|100%| E|CS|TAMS 0x00000000ead00000, 0x00000000ead00000| Complete 
| 174|0x00000000eae00000, 0x00000000eaf00000, 0x00000000eaf00000|100%| E|CS|TAMS 0x00000000eae00000, 0x00000000eae00000| Complete 
| 175|0x00000000eaf00000, 0x00000000eb000000, 0x00000000eb000000|100%| E|CS|TAMS 0x00000000eaf00000, 0x00000000eaf00000| Complete 
| 176|0x00000000eb000000, 0x00000000eb100000, 0x00000000eb100000|100%| E|CS|TAMS 0x00000000eb000000, 0x00000000eb000000| Complete 
| 177|0x00000000eb100000, 0x00000000eb200000, 0x00000000eb200000|100%| E|CS|TAMS 0x00000000eb100000, 0x00000000eb100000| Complete 
| 178|0x00000000eb200000, 0x00000000eb300000, 0x00000000eb300000|100%| E|CS|TAMS 0x00000000eb200000, 0x00000000eb200000| Complete 
| 179|0x00000000eb300000, 0x00000000eb400000, 0x00000000eb400000|100%| E|CS|TAMS 0x00000000eb300000, 0x00000000eb300000| Complete 
| 180|0x00000000eb400000, 0x00000000eb500000, 0x00000000eb500000|100%| E|CS|TAMS 0x00000000eb400000, 0x00000000eb400000| Complete 
| 181|0x00000000eb500000, 0x00000000eb600000, 0x00000000eb600000|100%| E|CS|TAMS 0x00000000eb500000, 0x00000000eb500000| Complete 
| 182|0x00000000eb600000, 0x00000000eb700000, 0x00000000eb700000|100%| E|CS|TAMS 0x00000000eb600000, 0x00000000eb600000| Complete 
| 183|0x00000000eb700000, 0x00000000eb800000, 0x00000000eb800000|100%| E|CS|TAMS 0x00000000eb700000, 0x00000000eb700000| Complete 
| 184|0x00000000eb800000, 0x00000000eb900000, 0x00000000eb900000|100%| E|CS|TAMS 0x00000000eb800000, 0x00000000eb800000| Complete 
| 185|0x00000000eb900000, 0x00000000eba00000, 0x00000000eba00000|100%| E|CS|TAMS 0x00000000eb900000, 0x00000000eb900000| Complete 
| 186|0x00000000eba00000, 0x00000000ebb00000, 0x00000000ebb00000|100%| E|CS|TAMS 0x00000000eba00000, 0x00000000eba00000| Complete 
| 187|0x00000000ebb00000, 0x00000000ebc00000, 0x00000000ebc00000|100%| E|CS|TAMS 0x00000000ebb00000, 0x00000000ebb00000| Complete 
| 188|0x00000000ebc00000, 0x00000000ebd00000, 0x00000000ebd00000|100%| E|CS|TAMS 0x00000000ebc00000, 0x00000000ebc00000| Complete 
| 189|0x00000000ebd00000, 0x00000000ebe00000, 0x00000000ebe00000|100%| E|CS|TAMS 0x00000000ebd00000, 0x00000000ebd00000| Complete 
| 190|0x00000000ebe00000, 0x00000000ebf00000, 0x00000000ebf00000|100%| E|CS|TAMS 0x00000000ebe00000, 0x00000000ebe00000| Complete 
| 191|0x00000000ebf00000, 0x00000000ec000000, 0x00000000ec000000|100%| E|CS|TAMS 0x00000000ebf00000, 0x00000000ebf00000| Complete 
| 192|0x00000000ec000000, 0x00000000ec100000, 0x00000000ec100000|100%| E|CS|TAMS 0x00000000ec000000, 0x00000000ec000000| Complete 
| 193|0x00000000ec100000, 0x00000000ec200000, 0x00000000ec200000|100%| E|CS|TAMS 0x00000000ec100000, 0x00000000ec100000| Complete 
| 194|0x00000000ec200000, 0x00000000ec300000, 0x00000000ec300000|100%| E|CS|TAMS 0x00000000ec200000, 0x00000000ec200000| Complete 
| 195|0x00000000ec300000, 0x00000000ec400000, 0x00000000ec400000|100%| E|CS|TAMS 0x00000000ec300000, 0x00000000ec300000| Complete 
| 196|0x00000000ec400000, 0x00000000ec500000, 0x00000000ec500000|100%| E|CS|TAMS 0x00000000ec400000, 0x00000000ec400000| Complete 
| 197|0x00000000ec500000, 0x00000000ec600000, 0x00000000ec600000|100%| E|CS|TAMS 0x00000000ec500000, 0x00000000ec500000| Complete 
| 198|0x00000000ec600000, 0x00000000ec700000, 0x00000000ec700000|100%| E|CS|TAMS 0x00000000ec600000, 0x00000000ec600000| Complete 
| 199|0x00000000ec700000, 0x00000000ec800000, 0x00000000ec800000|100%| E|CS|TAMS 0x00000000ec700000, 0x00000000ec700000| Complete 
| 200|0x00000000ec800000, 0x00000000ec900000, 0x00000000ec900000|100%| E|CS|TAMS 0x00000000ec800000, 0x00000000ec800000| Complete 
| 201|0x00000000ec900000, 0x00000000eca00000, 0x00000000eca00000|100%| E|CS|TAMS 0x00000000ec900000, 0x00000000ec900000| Complete 
| 202|0x00000000eca00000, 0x00000000ecb00000, 0x00000000ecb00000|100%| E|CS|TAMS 0x00000000eca00000, 0x00000000eca00000| Complete 
| 203|0x00000000ecb00000, 0x00000000ecc00000, 0x00000000ecc00000|100%| E|CS|TAMS 0x00000000ecb00000, 0x00000000ecb00000| Complete 
| 204|0x00000000ecc00000, 0x00000000ecd00000, 0x00000000ecd00000|100%| E|CS|TAMS 0x00000000ecc00000, 0x00000000ecc00000| Complete 
| 205|0x00000000ecd00000, 0x00000000ece00000, 0x00000000ece00000|100%| E|CS|TAMS 0x00000000ecd00000, 0x00000000ecd00000| Complete 
| 206|0x00000000ece00000, 0x00000000ecf00000, 0x00000000ecf00000|100%| E|  |TAMS 0x00000000ece00000, 0x00000000ece00000| Complete 
| 207|0x00000000ecf00000, 0x00000000ed000000, 0x00000000ed000000|100%| E|CS|TAMS 0x00000000ecf00000, 0x00000000ecf00000| Complete 
| 208|0x00000000ed000000, 0x00000000ed100000, 0x00000000ed100000|100%| E|CS|TAMS 0x00000000ed000000, 0x00000000ed000000| Complete 
| 209|0x00000000ed100000, 0x00000000ed200000, 0x00000000ed200000|100%| E|CS|TAMS 0x00000000ed100000, 0x00000000ed100000| Complete 
| 210|0x00000000ed200000, 0x00000000ed300000, 0x00000000ed300000|100%| E|CS|TAMS 0x00000000ed200000, 0x00000000ed200000| Complete 
| 211|0x00000000ed300000, 0x00000000ed400000, 0x00000000ed400000|100%| E|CS|TAMS 0x00000000ed300000, 0x00000000ed300000| Complete 
| 212|0x00000000ed400000, 0x00000000ed500000, 0x00000000ed500000|100%| E|CS|TAMS 0x00000000ed400000, 0x00000000ed400000| Complete 
| 213|0x00000000ed500000, 0x00000000ed600000, 0x00000000ed600000|100%| E|CS|TAMS 0x00000000ed500000, 0x00000000ed500000| Complete 
| 214|0x00000000ed600000, 0x00000000ed700000, 0x00000000ed700000|100%| E|CS|TAMS 0x00000000ed600000, 0x00000000ed600000| Complete 
| 215|0x00000000ed700000, 0x00000000ed800000, 0x00000000ed800000|100%| E|CS|TAMS 0x00000000ed700000, 0x00000000ed700000| Complete 
| 216|0x00000000ed800000, 0x00000000ed900000, 0x00000000ed900000|100%| E|CS|TAMS 0x00000000ed800000, 0x00000000ed800000| Complete 
| 217|0x00000000ed900000, 0x00000000eda00000, 0x00000000eda00000|100%| E|CS|TAMS 0x00000000ed900000, 0x00000000ed900000| Complete 
| 218|0x00000000eda00000, 0x00000000edb00000, 0x00000000edb00000|100%| E|CS|TAMS 0x00000000eda00000, 0x00000000eda00000| Complete 
| 219|0x00000000edb00000, 0x00000000edc00000, 0x00000000edc00000|100%| E|CS|TAMS 0x00000000edb00000, 0x00000000edb00000| Complete 
| 220|0x00000000edc00000, 0x00000000edd00000, 0x00000000edd00000|100%| E|CS|TAMS 0x00000000edc00000, 0x00000000edc00000| Complete 
| 221|0x00000000edd00000, 0x00000000ede00000, 0x00000000ede00000|100%| E|CS|TAMS 0x00000000edd00000, 0x00000000edd00000| Complete 
| 222|0x00000000ede00000, 0x00000000edf00000, 0x00000000edf00000|100%| E|CS|TAMS 0x00000000ede00000, 0x00000000ede00000| Complete 
| 223|0x00000000edf00000, 0x00000000ee000000, 0x00000000ee000000|100%| E|CS|TAMS 0x00000000edf00000, 0x00000000edf00000| Complete 
| 224|0x00000000ee000000, 0x00000000ee100000, 0x00000000ee100000|100%| E|CS|TAMS 0x00000000ee000000, 0x00000000ee000000| Complete 
| 225|0x00000000ee100000, 0x00000000ee200000, 0x00000000ee200000|100%| E|CS|TAMS 0x00000000ee100000, 0x00000000ee100000| Complete 
| 226|0x00000000ee200000, 0x00000000ee300000, 0x00000000ee300000|100%| E|CS|TAMS 0x00000000ee200000, 0x00000000ee200000| Complete 
| 227|0x00000000ee300000, 0x00000000ee400000, 0x00000000ee400000|100%| E|CS|TAMS 0x00000000ee300000, 0x00000000ee300000| Complete 
| 228|0x00000000ee400000, 0x00000000ee500000, 0x00000000ee500000|100%| E|CS|TAMS 0x00000000ee400000, 0x00000000ee400000| Complete 
| 229|0x00000000ee500000, 0x00000000ee600000, 0x00000000ee600000|100%| E|CS|TAMS 0x00000000ee500000, 0x00000000ee500000| Complete 
| 230|0x00000000ee600000, 0x00000000ee700000, 0x00000000ee700000|100%| E|CS|TAMS 0x00000000ee600000, 0x00000000ee600000| Complete 
| 231|0x00000000ee700000, 0x00000000ee800000, 0x00000000ee800000|100%| E|CS|TAMS 0x00000000ee700000, 0x00000000ee700000| Complete 
| 232|0x00000000ee800000, 0x00000000ee900000, 0x00000000ee900000|100%| E|CS|TAMS 0x00000000ee800000, 0x00000000ee800000| Complete 
| 233|0x00000000ee900000, 0x00000000eea00000, 0x00000000eea00000|100%| E|CS|TAMS 0x00000000ee900000, 0x00000000ee900000| Complete 
| 234|0x00000000eea00000, 0x00000000eeb00000, 0x00000000eeb00000|100%| E|CS|TAMS 0x00000000eea00000, 0x00000000eea00000| Complete 
| 235|0x00000000eeb00000, 0x00000000eec00000, 0x00000000eec00000|100%| E|CS|TAMS 0x00000000eeb00000, 0x00000000eeb00000| Complete 
| 236|0x00000000eec00000, 0x00000000eed00000, 0x00000000eed00000|100%| E|CS|TAMS 0x00000000eec00000, 0x00000000eec00000| Complete 
| 237|0x00000000eed00000, 0x00000000eeda9dc0, 0x00000000eee00000| 66%| S|CS|TAMS 0x00000000eed00000, 0x00000000eed00000| Complete 
| 238|0x00000000eee00000, 0x00000000eef00000, 0x00000000eef00000|100%| S|CS|TAMS 0x00000000eee00000, 0x00000000eee00000| Complete 
| 239|0x00000000eef00000, 0x00000000ef000000, 0x00000000ef000000|100%| S|CS|TAMS 0x00000000eef00000, 0x00000000eef00000| Complete 
| 240|0x00000000ef000000, 0x00000000ef100000, 0x00000000ef100000|100%| S|CS|TAMS 0x00000000ef000000, 0x00000000ef000000| Complete 
| 241|0x00000000ef100000, 0x00000000ef200000, 0x00000000ef200000|100%| S|CS|TAMS 0x00000000ef100000, 0x00000000ef100000| Complete 
| 242|0x00000000ef200000, 0x00000000ef300000, 0x00000000ef300000|100%| S|CS|TAMS 0x00000000ef200000, 0x00000000ef200000| Complete 
| 243|0x00000000ef300000, 0x00000000ef400000, 0x00000000ef400000|100%| S|CS|TAMS 0x00000000ef300000, 0x00000000ef300000| Complete 
| 244|0x00000000ef400000, 0x00000000ef500000, 0x00000000ef500000|100%| S|CS|TAMS 0x00000000ef400000, 0x00000000ef400000| Complete 
| 245|0x00000000ef500000, 0x00000000ef600000, 0x00000000ef600000|100%| S|CS|TAMS 0x00000000ef500000, 0x00000000ef500000| Complete 
| 246|0x00000000ef600000, 0x00000000ef700000, 0x00000000ef700000|100%| S|CS|TAMS 0x00000000ef600000, 0x00000000ef600000| Complete 
| 247|0x00000000ef700000, 0x00000000ef800000, 0x00000000ef800000|100%| S|CS|TAMS 0x00000000ef700000, 0x00000000ef700000| Complete 
| 248|0x00000000ef800000, 0x00000000ef900000, 0x00000000ef900000|100%| E|CS|TAMS 0x00000000ef800000, 0x00000000ef800000| Complete 
| 249|0x00000000ef900000, 0x00000000efa00000, 0x00000000efa00000|100%| E|CS|TAMS 0x00000000ef900000, 0x00000000ef900000| Complete 
| 250|0x00000000efa00000, 0x00000000efb00000, 0x00000000efb00000|100%| E|CS|TAMS 0x00000000efa00000, 0x00000000efa00000| Complete 
| 251|0x00000000efb00000, 0x00000000efc00000, 0x00000000efc00000|100%| E|CS|TAMS 0x00000000efb00000, 0x00000000efb00000| Complete 
| 252|0x00000000efc00000, 0x00000000efd00000, 0x00000000efd00000|100%| E|CS|TAMS 0x00000000efc00000, 0x00000000efc00000| Complete 
| 253|0x00000000efd00000, 0x00000000efe00000, 0x00000000efe00000|100%| E|CS|TAMS 0x00000000efd00000, 0x00000000efd00000| Complete 
| 254|0x00000000efe00000, 0x00000000eff00000, 0x00000000eff00000|100%| E|CS|TAMS 0x00000000efe00000, 0x00000000efe00000| Complete 
| 255|0x00000000eff00000, 0x00000000f0000000, 0x00000000f0000000|100%| E|CS|TAMS 0x00000000eff00000, 0x00000000eff00000| Complete 

Card table byte_map: [0x000001d77fa80000,0x000001d77fb80000] _byte_map_base: 0x000001d77f380000

Marking Bits (Prev, Next): (CMBitMap*) 0x000001d77f9ef410, (CMBitMap*) 0x000001d77f9ef3d0
 Prev Bits: [0x000001d7186e0000, 0x000001d718ee0000)
 Next Bits: [0x000001d717ee0000, 0x000001d7186e0000)

Polling page: 0x000001d77ec90000

Metaspace:

Usage:
  Non-class:     55.28 MB used.
      Class:      8.96 MB used.
       Both:     64.24 MB used.

Virtual space:
  Non-class space:       64.00 MB reserved,      55.69 MB ( 87%) committed,  1 nodes.
      Class space:      320.00 MB reserved,       9.25 MB (  3%) committed,  1 nodes.
             Both:      384.00 MB reserved,      64.94 MB ( 17%) committed. 

Chunk freelists:
   Non-Class:  7.66 MB
       Class:  6.62 MB
        Both:  14.28 MB

MaxMetaspaceSize: 384.00 MB
CompressedClassSpaceSize: 320.00 MB
Initial GC threshold: 21.00 MB
Current GC threshold: 98.38 MB
CDS: on
MetaspaceReclaimPolicy: balanced
 - commit_granule_bytes: 65536.
 - commit_granule_words: 8192.
 - virtual_space_node_default_size: 8388608.
 - enlarge_chunks_in_place: 1.
 - new_chunks_are_fully_committed: 0.
 - uncommit_free_chunks: 1.
 - use_allocation_guard: 0.
 - handle_deallocations: 1.


Internal statistics:

num_allocs_failed_limit: 9.
num_arena_births: 902.
num_arena_deaths: 0.
num_vsnodes_births: 2.
num_vsnodes_deaths: 0.
num_space_committed: 1039.
num_space_uncommitted: 0.
num_chunks_returned_to_freelist: 9.
num_chunks_taken_from_freelist: 3666.
num_chunk_merges: 9.
num_chunk_splits: 2366.
num_chunks_enlarged: 1502.
num_inconsistent_stats: 0.

CodeHeap 'non-profiled nmethods': size=120000Kb used=4284Kb max_used=4284Kb free=115715Kb
 bounds [0x000001d7109b0000, 0x000001d710de0000, 0x000001d717ee0000]
CodeHeap 'profiled nmethods': size=120000Kb used=15143Kb max_used=15143Kb free=104856Kb
 bounds [0x000001d708ee0000, 0x000001d709db0000, 0x000001d710410000]
CodeHeap 'non-nmethods': size=5760Kb used=2371Kb max_used=2444Kb free=3388Kb
 bounds [0x000001d710410000, 0x000001d710690000, 0x000001d7109b0000]
 total_blobs=8483 nmethods=7590 adapters=805
 compilation: enabled
              stopped_count=0, restarted_count=0
 full_count=0

Compilation events (20 events):
Event: 54.332 Thread 0x000001d71b195af0 8400       3       groovyjarjarasm.asm.Label::resolve (259 bytes)
Event: 54.333 Thread 0x000001d71b195af0 nmethod 8400 0x000001d709da2090 code [0x000001d709da2280, 0x000001d709da2858]
Event: 54.334 Thread 0x000001d71b195af0 8401       3       groovyjarjarasm.asm.MethodWriter::visitVarInsn (302 bytes)
Event: 54.335 Thread 0x000001d71b195af0 nmethod 8401 0x000001d709da2b90 code [0x000001d709da2de0, 0x000001d709da3788]
Event: 54.335 Thread 0x000001d71b195af0 8402       3       groovyjarjarasm.asm.Frame::pop (44 bytes)
Event: 54.336 Thread 0x000001d71b195af0 nmethod 8402 0x000001d709da3a10 code [0x000001d709da3bc0, 0x000001d709da3d58]
Event: 54.336 Thread 0x000001d71b195af0 8403       3       groovyjarjarasm.asm.Label::getCanonicalInstance (19 bytes)
Event: 54.336 Thread 0x000001d71b195af0 nmethod 8403 0x000001d709da3e10 code [0x000001d709da3fa0, 0x000001d709da4118]
Event: 54.357 Thread 0x000001d71b195af0 8405       3       java.net.URLClassLoader$2::<init> (15 bytes)
Event: 54.358 Thread 0x000001d71b195af0 nmethod 8405 0x000001d709da4210 code [0x000001d709da43c0, 0x000001d709da45d8]
Event: 54.358 Thread 0x000001d71b195af0 8406       3       java.net.URLClassLoader$2::run (5 bytes)
Event: 54.358 Thread 0x000001d71b195af0 nmethod 8406 0x000001d709da4690 code [0x000001d709da4840, 0x000001d709da4a28]
Event: 54.374 Thread 0x000001d71b195af0 8407       3       com.google.common.collect.AbstractIterator::endOfData (9 bytes)
Event: 54.375 Thread 0x000001d71b195af0 nmethod 8407 0x000001d709da4b10 code [0x000001d709da4cc0, 0x000001d709da4e38]
Event: 54.379 Thread 0x000001d71b195af0 8408       3       org.gradle.plugin.use.internal.DefaultPluginId::withNamespace (68 bytes)
Event: 54.381 Thread 0x000001d71b195af0 nmethod 8408 0x000001d709da4f10 code [0x000001d709da5220, 0x000001d709da6188]
Event: 54.384 Thread 0x000001d71b195af0 8409       3       java.io.ObjectStreamClass::writeNonProxy (161 bytes)
Event: 54.387 Thread 0x000001d71b195af0 nmethod 8409 0x000001d709da6710 code [0x000001d709da6ae0, 0x000001d709da8408]
Event: 54.483 Thread 0x000001d71b195af0 8410       3       sun.net.www.protocol.jar.JarFileFactory::urlFor (77 bytes)
Event: 54.484 Thread 0x000001d71b195af0 nmethod 8410 0x000001d709da8d90 code [0x000001d709da9020, 0x000001d709da9968]

GC Heap History (20 events):
Event: 1.288 GC heap before
{Heap before GC invocations=0 (full 0):
 garbage-first heap   total 262144K, used 12288K [0x00000000e0000000, 0x0000000100000000)
  region size 1024K, 13 young (13312K), 0 survivors (0K)
 Metaspace       used 775K, committed 896K, reserved 393216K
  class space    used 61K, committed 128K, reserved 327680K
}
Event: 1.294 GC heap after
{Heap after GC invocations=1 (full 0):
 garbage-first heap   total 262144K, used 1248K [0x00000000e0000000, 0x0000000100000000)
  region size 1024K, 2 young (2048K), 2 survivors (2048K)
 Metaspace       used 775K, committed 896K, reserved 393216K
  class space    used 61K, committed 128K, reserved 327680K
}
Event: 2.686 GC heap before
{Heap before GC invocations=1 (full 0):
 garbage-first heap   total 262144K, used 23776K [0x00000000e0000000, 0x0000000100000000)
  region size 1024K, 21 young (21504K), 2 survivors (2048K)
 Metaspace       used 3374K, committed 3584K, reserved 393216K
  class space    used 434K, committed 576K, reserved 327680K
}
Event: 2.694 GC heap after
{Heap after GC invocations=2 (full 0):
 garbage-first heap   total 262144K, used 11395K [0x00000000e0000000, 0x0000000100000000)
  region size 1024K, 3 young (3072K), 3 survivors (3072K)
 Metaspace       used 3374K, committed 3584K, reserved 393216K
  class space    used 434K, committed 576K, reserved 327680K
}
Event: 6.575 GC heap before
{Heap before GC invocations=2 (full 0):
 garbage-first heap   total 262144K, used 81027K [0x00000000e0000000, 0x0000000100000000)
  region size 1024K, 69 young (70656K), 3 survivors (3072K)
 Metaspace       used 5685K, committed 5888K, reserved 393216K
  class space    used 739K, committed 832K, reserved 327680K
}
Event: 6.592 GC heap after
{Heap after GC invocations=3 (full 0):
 garbage-first heap   total 262144K, used 18092K [0x00000000e0000000, 0x0000000100000000)
  region size 1024K, 9 young (9216K), 9 survivors (9216K)
 Metaspace       used 5685K, committed 5888K, reserved 393216K
  class space    used 739K, committed 832K, reserved 327680K
}
Event: 14.601 GC heap before
{Heap before GC invocations=3 (full 0):
 garbage-first heap   total 262144K, used 115372K [0x00000000e0000000, 0x0000000100000000)
  region size 1024K, 105 young (107520K), 9 survivors (9216K)
 Metaspace       used 21120K, committed 21504K, reserved 393216K
  class space    used 3074K, committed 3264K, reserved 327680K
}
Event: 14.628 GC heap after
{Heap after GC invocations=4 (full 0):
 garbage-first heap   total 262144K, used 24603K [0x00000000e0000000, 0x0000000100000000)
  region size 1024K, 15 young (15360K), 15 survivors (15360K)
 Metaspace       used 21120K, committed 21504K, reserved 393216K
  class space    used 3074K, committed 3264K, reserved 327680K
}
Event: 21.627 GC heap before
{Heap before GC invocations=5 (full 0):
 garbage-first heap   total 262144K, used 113691K [0x00000000e0000000, 0x0000000100000000)
  region size 1024K, 103 young (105472K), 15 survivors (15360K)
 Metaspace       used 33396K, committed 33856K, reserved 393216K
  class space    used 4815K, committed 5056K, reserved 327680K
}
Event: 21.663 GC heap after
{Heap after GC invocations=6 (full 0):
 garbage-first heap   total 262144K, used 30868K [0x00000000e0000000, 0x0000000100000000)
  region size 1024K, 13 young (13312K), 13 survivors (13312K)
 Metaspace       used 33396K, committed 33856K, reserved 393216K
  class space    used 4815K, committed 5056K, reserved 327680K
}
Event: 22.455 GC heap before
{Heap before GC invocations=6 (full 0):
 garbage-first heap   total 262144K, used 41108K [0x00000000e0000000, 0x0000000100000000)
  region size 1024K, 25 young (25600K), 13 survivors (13312K)
 Metaspace       used 35518K, committed 35968K, reserved 393216K
  class space    used 5033K, committed 5248K, reserved 327680K
}
Event: 22.485 GC heap after
{Heap after GC invocations=7 (full 0):
 garbage-first heap   total 262144K, used 33092K [0x00000000e0000000, 0x0000000100000000)
  region size 1024K, 9 young (9216K), 9 survivors (9216K)
 Metaspace       used 35518K, committed 35968K, reserved 393216K
  class space    used 5033K, committed 5248K, reserved 327680K
}
Event: 33.607 GC heap before
{Heap before GC invocations=8 (full 0):
 garbage-first heap   total 262144K, used 186692K [0x00000000e0000000, 0x0000000100000000)
  region size 1024K, 153 young (156672K), 9 survivors (9216K)
 Metaspace       used 47022K, committed 47680K, reserved 393216K
  class space    used 6561K, committed 6912K, reserved 327680K
}
Event: 33.661 GC heap after
{Heap after GC invocations=9 (full 0):
 garbage-first heap   total 262144K, used 40220K [0x00000000e0000000, 0x0000000100000000)
  region size 1024K, 16 young (16384K), 16 survivors (16384K)
 Metaspace       used 47022K, committed 47680K, reserved 393216K
  class space    used 6561K, committed 6912K, reserved 327680K
}
Event: 33.727 GC heap before
{Heap before GC invocations=9 (full 0):
 garbage-first heap   total 262144K, used 41244K [0x00000000e0000000, 0x0000000100000000)
  region size 1024K, 17 young (17408K), 16 survivors (16384K)
 Metaspace       used 47132K, committed 47744K, reserved 393216K
  class space    used 6580K, committed 6912K, reserved 327680K
}
Event: 33.762 GC heap after
{Heap after GC invocations=10 (full 0):
 garbage-first heap   total 262144K, used 41153K [0x00000000e0000000, 0x0000000100000000)
  region size 1024K, 2 young (2048K), 2 survivors (2048K)
 Metaspace       used 47132K, committed 47744K, reserved 393216K
  class space    used 6580K, committed 6912K, reserved 327680K
}
Event: 47.521 GC heap before
{Heap before GC invocations=10 (full 0):
 garbage-first heap   total 262144K, used 203969K [0x00000000e0000000, 0x0000000100000000)
  region size 1024K, 150 young (153600K), 2 survivors (2048K)
 Metaspace       used 58615K, committed 59264K, reserved 393216K
  class space    used 8121K, committed 8448K, reserved 327680K
}
Event: 47.565 GC heap after
{Heap after GC invocations=11 (full 0):
 garbage-first heap   total 262144K, used 61602K [0x00000000e0000000, 0x0000000100000000)
  region size 1024K, 10 young (10240K), 10 survivors (10240K)
 Metaspace       used 58615K, committed 59264K, reserved 393216K
  class space    used 8121K, committed 8448K, reserved 327680K
}
Event: 48.306 GC heap before
{Heap before GC invocations=11 (full 0):
 garbage-first heap   total 262144K, used 68770K [0x00000000e0000000, 0x0000000100000000)
  region size 1024K, 18 young (18432K), 10 survivors (10240K)
 Metaspace       used 59477K, committed 60096K, reserved 393216K
  class space    used 8255K, committed 8576K, reserved 327680K
}
Event: 48.328 GC heap after
{Heap after GC invocations=12 (full 0):
 garbage-first heap   total 262144K, used 62872K [0x00000000e0000000, 0x0000000100000000)
  region size 1024K, 11 young (11264K), 11 survivors (11264K)
 Metaspace       used 59477K, committed 60096K, reserved 393216K
  class space    used 8255K, committed 8576K, reserved 327680K
}

Dll operation events (15 events):
Event: 0.025 Loaded shared library C:\Program Files\Eclipse Adoptium\jdk-17.0.20.101-hotspot\bin\java.dll
Event: 0.081 Loaded shared library C:\Program Files\Eclipse Adoptium\jdk-17.0.20.101-hotspot\bin\jsvml.dll
Event: 0.275 Loaded shared library C:\Program Files\Eclipse Adoptium\jdk-17.0.20.101-hotspot\bin\zip.dll
Event: 0.285 Loaded shared library C:\Program Files\Eclipse Adoptium\jdk-17.0.20.101-hotspot\bin\instrument.dll
Event: 0.299 Loaded shared library C:\Program Files\Eclipse Adoptium\jdk-17.0.20.101-hotspot\bin\net.dll
Event: 0.306 Loaded shared library C:\Program Files\Eclipse Adoptium\jdk-17.0.20.101-hotspot\bin\nio.dll
Event: 0.312 Loaded shared library C:\Program Files\Eclipse Adoptium\jdk-17.0.20.101-hotspot\bin\zip.dll
Event: 1.389 Loaded shared library C:\Program Files\Eclipse Adoptium\jdk-17.0.20.101-hotspot\bin\jimage.dll
Event: 1.808 Loaded shared library C:\Program Files\Eclipse Adoptium\jdk-17.0.20.101-hotspot\bin\verify.dll
Event: 2.231 Loaded shared library C:\Users\welcome\.gradle\native\c067742578af261105cb4f569cf0c3c89f3d7b1fecec35dd04571415982c5e48\windows-amd64\native-platform.dll
Event: 2.257 Loaded shared library C:\Users\welcome\.gradle\native\100fb08df4bc3b14c8652ba06237920a3bd2aa13389f12d3474272988ae205f9\windows-amd64\native-platform-file-events.dll
Event: 6.702 Loaded shared library C:\Program Files\Eclipse Adoptium\jdk-17.0.20.101-hotspot\bin\management.dll
Event: 6.714 Loaded shared library C:\Program Files\Eclipse Adoptium\jdk-17.0.20.101-hotspot\bin\management_ext.dll
Event: 7.350 Loaded shared library C:\Program Files\Eclipse Adoptium\jdk-17.0.20.101-hotspot\bin\extnet.dll
Event: 8.774 Loaded shared library C:\Program Files\Eclipse Adoptium\jdk-17.0.20.101-hotspot\bin\sunmscapi.dll

Deoptimization events (20 events):
Event: 53.925 Thread 0x000001d73527ae50 Uncommon trap: trap_request=0xffffff45 fr.pc=0x000001d710af217c relative=0x00000000000008bc
Event: 53.925 Thread 0x000001d73527ae50 Uncommon trap: reason=unstable_if action=reinterpret pc=0x000001d710af217c method=java.io.ObjectOutputStream$HandleTable.assign(Ljava/lang/Object;)I @ 24 c2
Event: 53.925 Thread 0x000001d73527ae50 DEOPT PACKING pc=0x000001d710af217c sp=0x000000c953ffd440
Event: 53.925 Thread 0x000001d73527ae50 DEOPT UNPACKING pc=0x000001d7104669a3 sp=0x000000c953ffd418 mode 2
Event: 53.933 Thread 0x000001d73527ae50 Uncommon trap: trap_request=0xffffff45 fr.pc=0x000001d710d72128 relative=0x00000000000024e8
Event: 53.933 Thread 0x000001d73527ae50 Uncommon trap: reason=unstable_if action=reinterpret pc=0x000001d710d72128 method=java.io.ObjectStreamClass.writeNonProxy(Ljava/io/ObjectOutputStream;)V @ 22 c2
Event: 53.933 Thread 0x000001d73527ae50 DEOPT PACKING pc=0x000001d710d72128 sp=0x000000c953ffd240
Event: 53.933 Thread 0x000001d73527ae50 DEOPT UNPACKING pc=0x000001d7104669a3 sp=0x000000c953ffd228 mode 2
Event: 53.937 Thread 0x000001d73527ae50 Uncommon trap: trap_request=0xffffff45 fr.pc=0x000001d710d77138 relative=0x0000000000000658
Event: 53.937 Thread 0x000001d73527ae50 Uncommon trap: reason=unstable_if action=reinterpret pc=0x000001d710d77138 method=com.esotericsoftware.kryo.io.Output.writeBytes([BII)V @ 61 c2
Event: 53.938 Thread 0x000001d73527ae50 DEOPT PACKING pc=0x000001d710d77138 sp=0x000000c953ffd1b0
Event: 53.938 Thread 0x000001d73527ae50 DEOPT UNPACKING pc=0x000001d7104669a3 sp=0x000000c953ffd038 mode 2
Event: 54.145 Thread 0x000001d73527c290 Uncommon trap: trap_request=0xffffffc6 fr.pc=0x000001d710c1b75c relative=0x0000000000002b3c
Event: 54.145 Thread 0x000001d73527c290 Uncommon trap: reason=bimorphic_or_optimized_type_check action=maybe_recompile pc=0x000001d710c1b75c method=org.codehaus.groovy.runtime.metaclass.MetaMethodIndex.isOverridden(Lgroovy/lang/MetaMethod;Lgroovy/lang/MetaMethod;)Z @ 56 c2
Event: 54.145 Thread 0x000001d73527c290 DEOPT PACKING pc=0x000001d710c1b75c sp=0x000000c953cf7e60
Event: 54.145 Thread 0x000001d73527c290 DEOPT UNPACKING pc=0x000001d7104669a3 sp=0x000000c953cf7e58 mode 2
Event: 54.147 Thread 0x000001d73527c290 Uncommon trap: trap_request=0xffffffc6 fr.pc=0x000001d710c1b75c relative=0x0000000000002b3c
Event: 54.148 Thread 0x000001d73527c290 Uncommon trap: reason=bimorphic_or_optimized_type_check action=maybe_recompile pc=0x000001d710c1b75c method=org.codehaus.groovy.runtime.metaclass.MetaMethodIndex.isOverridden(Lgroovy/lang/MetaMethod;Lgroovy/lang/MetaMethod;)Z @ 56 c2
Event: 54.148 Thread 0x000001d73527c290 DEOPT PACKING pc=0x000001d710c1b75c sp=0x000000c953cf7e60
Event: 54.148 Thread 0x000001d73527c290 DEOPT UNPACKING pc=0x000001d7104669a3 sp=0x000000c953cf7e58 mode 2

Classes loaded (20 events):
Event: 53.930 Loading class java/time/Ser
Event: 53.932 Loading class java/time/Ser done
Event: 54.123 Loading class java/lang/AbstractMethodError
Event: 54.123 Loading class java/lang/AbstractMethodError done
Event: 54.149 Loading class java/util/TreeSetBeanInfo
Event: 54.149 Loading class java/util/TreeSetBeanInfo done
Event: 54.149 Loading class java/util/TreeSetBeanInfo
Event: 54.149 Loading class java/util/TreeSetBeanInfo done
Event: 54.150 Loading class java/util/AbstractSetBeanInfo
Event: 54.150 Loading class java/util/AbstractSetBeanInfo done
Event: 54.150 Loading class java/util/AbstractSetBeanInfo
Event: 54.150 Loading class java/util/AbstractSetBeanInfo done
Event: 54.150 Loading class java/util/AbstractSetCustomizer
Event: 54.150 Loading class java/util/AbstractSetCustomizer done
Event: 54.150 Loading class java/util/AbstractSetCustomizer
Event: 54.150 Loading class java/util/AbstractSetCustomizer done
Event: 54.154 Loading class java/util/TreeSetCustomizer
Event: 54.154 Loading class java/util/TreeSetCustomizer done
Event: 54.155 Loading class java/util/TreeSetCustomizer
Event: 54.155 Loading class java/util/TreeSetCustomizer done

Classes unloaded (0 events):
No events

Classes redefined (0 events):
No events

Internal exceptions (20 events):
Event: 53.923 Thread 0x000001d73527ae50 Exception <a 'java/lang/NoSuchMethodError'{0x00000000e9d02940}: static Lorg/gradle/internal/build/event/types/AbstractProjectConfigurationResult;.<clinit>()V> (0x00000000e9d02940) 
thrown [s\src\hotspot\share\prims\jni.cpp, line 1112]
Event: 53.925 Thread 0x000001d73527ae50 Exception <a 'java/lang/NoSuchMethodError'{0x00000000e9d0c4b8}: static Lorg/gradle/internal/build/event/types/DefaultPluginApplicationResult;.<clinit>()V> (0x00000000e9d0c4b8) 
thrown [s\src\hotspot\share\prims\jni.cpp, line 1112]
Event: 53.928 Thread 0x000001d73527ae50 Exception <a 'java/lang/NoSuchMethodError'{0x00000000e9d16968}: static Lorg/gradle/internal/build/event/types/DefaultBinaryPluginIdentifier;.<clinit>()V> (0x00000000e9d16968) 
thrown [s\src\hotspot\share\prims\jni.cpp, line 1112]
Event: 53.935 Thread 0x000001d73527ae50 Exception <a 'java/lang/NoSuchMethodError'{0x00000000e9d2b888}: static Lorg/gradle/internal/build/event/types/DefaultScriptPluginIdentifier;.<clinit>()V> (0x00000000e9d2b888) 
thrown [s\src\hotspot\share\prims\jni.cpp, line 1112]
Event: 54.150 Thread 0x000001d73527c290 Exception <a 'java/lang/ClassNotFoundException'{0x00000000e9b13738}: java/util/TreeSetBeanInfo> (0x00000000e9b13738) 
thrown [s\src\hotspot\share\classfile\systemDictionary.cpp, line 257]
Event: 54.150 Thread 0x000001d73527c290 Exception <a 'java/lang/ClassNotFoundException'{0x00000000e9b19468}: java/util/AbstractSetBeanInfo> (0x00000000e9b19468) 
thrown [s\src\hotspot\share\classfile\systemDictionary.cpp, line 257]
Event: 54.151 Thread 0x000001d73527c290 Exception <a 'java/lang/ClassNotFoundException'{0x00000000e9b1f1c8}: java/util/AbstractSetCustomizer> (0x00000000e9b1f1c8) 
thrown [s\src\hotspot\share\classfile\systemDictionary.cpp, line 257]
Event: 54.156 Thread 0x000001d73527c290 Exception <a 'java/lang/ClassNotFoundException'{0x00000000e9b4b8a8}: java/util/TreeSetCustomizer> (0x00000000e9b4b8a8) 
thrown [s\src\hotspot\share\classfile\systemDictionary.cpp, line 257]
Event: 54.223 Thread 0x000001d73527c290 Exception <a 'java/lang/ClassNotFoundException'{0x00000000e9a5d018}: org/gradle/plugins/ide/eclipse/model/EclipseModel_DecoratedBeanInfo> (0x00000000e9a5d018) 
thrown [s\src\hotspot\share\classfile\systemDictionary.cpp, line 257]
Event: 54.224 Thread 0x000001d73527c290 Exception <a 'java/lang/ClassNotFoundException'{0x00000000e9a6b850}: org/gradle/plugins/ide/eclipse/model/EclipseModelBeanInfo> (0x00000000e9a6b850) 
thrown [s\src\hotspot\share\classfile\systemDictionary.cpp, line 257]
Event: 54.238 Thread 0x000001d73527c290 Exception <a 'java/lang/ClassNotFoundException'{0x00000000e9a7a078}: org/gradle/plugins/ide/eclipse/model/EclipseModelCustomizer> (0x00000000e9a7a078) 
thrown [s\src\hotspot\share\classfile\systemDictionary.cpp, line 257]
Event: 54.245 Thread 0x000001d73527c290 Exception <a 'java/lang/ClassNotFoundException'{0x00000000e9a9e390}: org/gradle/plugins/ide/eclipse/model/EclipseModel_DecoratedCustomizer> (0x00000000e9a9e390) 
thrown [s\src\hotspot\share\classfile\systemDictionary.cpp, line 257]
Event: 54.257 Thread 0x000001d73527c290 Exception <a 'java/lang/ClassNotFoundException'{0x00000000e990ec68}: org/gradle/plugins/ide/eclipse/model/EclipseClasspath_DecoratedBeanInfo> (0x00000000e990ec68) 
thrown [s\src\hotspot\share\classfile\systemDictionary.cpp, line 257]
Event: 54.257 Thread 0x000001d73527c290 Exception <a 'java/lang/ClassNotFoundException'{0x00000000e991d4d0}: org/gradle/plugins/ide/eclipse/model/EclipseClasspathBeanInfo> (0x00000000e991d4d0) 
thrown [s\src\hotspot\share\classfile\systemDictionary.cpp, line 257]
Event: 54.259 Thread 0x000001d73527c290 Exception <a 'java/lang/ClassNotFoundException'{0x00000000e992be70}: org/gradle/plugins/ide/eclipse/model/EclipseClasspathCustomizer> (0x00000000e992be70) 
thrown [s\src\hotspot\share\classfile\systemDictionary.cpp, line 257]
Event: 54.265 Thread 0x000001d73527c290 Exception <a 'java/lang/ClassNotFoundException'{0x00000000e99641e8}: org/gradle/plugins/ide/eclipse/model/EclipseClasspath_DecoratedCustomizer> (0x00000000e99641e8) 
thrown [s\src\hotspot\share\classfile\systemDictionary.cpp, line 257]
Event: 54.300 Thread 0x000001d73527c290 Exception <a 'java/lang/ClassNotFoundException'{0x00000000e99f6558}: org/gradle/plugins/ide/api/XmlFileContentMergerBeanInfo> (0x00000000e99f6558) 
thrown [s\src\hotspot\share\classfile\systemDictionary.cpp, line 257]
Event: 54.303 Thread 0x000001d73527c290 Exception <a 'java/lang/ClassNotFoundException'{0x00000000e9804c80}: org/gradle/plugins/ide/api/FileContentMergerBeanInfo> (0x00000000e9804c80) 
thrown [s\src\hotspot\share\classfile\systemDictionary.cpp, line 257]
Event: 54.314 Thread 0x000001d73527c290 Exception <a 'java/lang/ClassNotFoundException'{0x00000000e9813160}: org/gradle/plugins/ide/api/FileContentMergerCustomizer> (0x00000000e9813160) 
thrown [s\src\hotspot\share\classfile\systemDictionary.cpp, line 257]
Event: 54.324 Thread 0x000001d73527c290 Exception <a 'java/lang/ClassNotFoundException'{0x00000000e982c380}: org/gradle/plugins/ide/api/XmlFileContentMergerCustomizer> (0x00000000e982c380) 
thrown [s\src\hotspot\share\classfile\systemDictionary.cpp, line 257]

VM Operations (20 events):
Event: 48.306 Executing VM operation: CollectForMetadataAllocation
Event: 48.328 Executing VM operation: CollectForMetadataAllocation done
Event: 48.548 Executing VM operation: G1PauseRemark
Event: 48.561 Executing VM operation: G1PauseRemark done
Event: 48.620 Executing VM operation: G1PauseCleanup
Event: 48.620 Executing VM operation: G1PauseCleanup done
Event: 49.629 Executing VM operation: Cleanup
Event: 49.723 Executing VM operation: Cleanup done
Event: 50.378 Executing VM operation: HandshakeAllThreads
Event: 50.378 Executing VM operation: HandshakeAllThreads done
Event: 51.383 Executing VM operation: Cleanup
Event: 51.383 Executing VM operation: Cleanup done
Event: 52.385 Executing VM operation: Cleanup
Event: 52.385 Executing VM operation: Cleanup done
Event: 52.928 Executing VM operation: HandshakeAllThreads
Event: 52.930 Executing VM operation: HandshakeAllThreads done
Event: 53.234 Executing VM operation: ICBufferFull
Event: 53.234 Executing VM operation: ICBufferFull done
Event: 54.175 Executing VM operation: HandshakeAllThreads
Event: 54.175 Executing VM operation: HandshakeAllThreads done

Memory protections (0 events):
No events

Nmethod flushes (20 events):
Event: 32.747 Thread 0x000001d71b322c30 flushing  nmethod 0x000001d709711310
Event: 32.747 Thread 0x000001d71b322c30 flushing  nmethod 0x000001d709719610
Event: 32.747 Thread 0x000001d71b322c30 flushing  nmethod 0x000001d70972c990
Event: 32.747 Thread 0x000001d71b322c30 flushing  nmethod 0x000001d70975e590
Event: 32.747 Thread 0x000001d71b322c30 flushing  nmethod 0x000001d709777f90
Event: 32.747 Thread 0x000001d71b322c30 flushing  nmethod 0x000001d7097cd190
Event: 32.748 Thread 0x000001d71b322c30 flushing  nmethod 0x000001d709805610
Event: 32.748 Thread 0x000001d71b322c30 flushing  nmethod 0x000001d709881410
Event: 32.748 Thread 0x000001d71b322c30 flushing  nmethod 0x000001d709882c10
Event: 32.748 Thread 0x000001d71b322c30 flushing  nmethod 0x000001d709884510
Event: 32.748 Thread 0x000001d71b322c30 flushing  nmethod 0x000001d709885a90
Event: 32.748 Thread 0x000001d71b322c30 flushing  nmethod 0x000001d70988c490
Event: 32.748 Thread 0x000001d71b322c30 flushing  nmethod 0x000001d7098ad190
Event: 32.748 Thread 0x000001d71b322c30 flushing  nmethod 0x000001d7098b2310
Event: 32.749 Thread 0x000001d71b322c30 flushing  nmethod 0x000001d7098ed510
Event: 32.749 Thread 0x000001d71b322c30 flushing  nmethod 0x000001d7099a1790
Event: 52.936 Thread 0x000001d71b322c30 flushing  nmethod 0x000001d708fe5990
Event: 52.943 Thread 0x000001d71b322c30 flushing  nmethod 0x000001d709408510
Event: 52.943 Thread 0x000001d71b322c30 flushing  nmethod 0x000001d70940df90
Event: 52.946 Thread 0x000001d71b322c30 flushing  nmethod 0x000001d7095b7590

Events (20 events):
Event: 15.999 Thread 0x000001d73527c290 Thread added: 0x000001d737983a80
Event: 15.999 Thread 0x000001d73527c290 Thread added: 0x000001d737988b80
Event: 16.000 Thread 0x000001d73527c290 Thread added: 0x000001d737983570
Event: 18.306 Thread 0x000001d73527c290 Thread added: 0x000001d737988160
Event: 18.450 Thread 0x000001d73527c290 Thread added: 0x000001d737983f90
Event: 18.854 Thread 0x000001d73527c290 Thread added: 0x000001d737989ab0
Event: 19.288 Thread 0x000001d73527c290 Thread added: 0x000001d7379844a0
Event: 19.974 Thread 0x000001d73527c290 Thread added: 0x000001d737987230
Event: 34.966 Thread 0x000001d73527c290 Thread added: 0x000001d737989090
Event: 34.967 Thread 0x000001d73527c290 Thread added: 0x000001d7379895a0
Event: 34.969 Thread 0x000001d73527c290 Thread added: 0x000001d737984ec0
Event: 35.320 Thread 0x000001d73527c290 Thread added: 0x000001d737987c50
Event: 35.325 Thread 0x000001d73527c290 Thread added: 0x000001d737988670
Event: 35.329 Thread 0x000001d73527c290 Thread added: 0x000001d737989fc0
Event: 36.312 Thread 0x000001d73527c290 Thread added: 0x000001d737983060
Event: 36.315 Thread 0x000001d73527c290 Thread added: 0x000001d73798a9e0
Event: 36.318 Thread 0x000001d73527c290 Thread added: 0x000001d7379853d0
Event: 41.795 Thread 0x000001d735279f20 Thread added: 0x000001d7379858e0
Event: 42.136 Thread 0x000001d73527c290 Thread added: 0x000001d737985df0
Event: 48.006 Thread 0x000001d73527c290 Thread added: 0x000001d7353a0440


Dynamic libraries:
0x00007ff7e6030000 - 0x00007ff7e603e000 	C:\Program Files\Eclipse Adoptium\jdk-17.0.20.101-hotspot\bin\java.exe
0x00007ff9ea3b0000 - 0x00007ff9ea5a9000 	C:\Windows\SYSTEM32\ntdll.dll
0x00007ff9e8650000 - 0x00007ff9e8712000 	C:\Windows\System32\KERNEL32.DLL
0x00007ff9e7a00000 - 0x00007ff9e7cf7000 	C:\Windows\System32\KERNELBASE.dll
0x00007ff9e8000000 - 0x00007ff9e8100000 	C:\Windows\System32\ucrtbase.dll
0x00007ff9e13b0000 - 0x00007ff9e13ce000 	C:\Program Files\Eclipse Adoptium\jdk-17.0.20.101-hotspot\bin\VCRUNTIME140.dll
0x00007ff9e1390000 - 0x00007ff9e13a8000 	C:\Program Files\Eclipse Adoptium\jdk-17.0.20.101-hotspot\bin\jli.dll
0x00007ff9e9c20000 - 0x00007ff9e9dbd000 	C:\Windows\System32\USER32.dll
0x00007ff9e8150000 - 0x00007ff9e8172000 	C:\Windows\System32\win32u.dll
0x00007ff9e8940000 - 0x00007ff9e896b000 	C:\Windows\System32\GDI32.dll
0x00007ff9e7ee0000 - 0x00007ff9e7ffa000 	C:\Windows\System32\gdi32full.dll
0x00007ff9e81b0000 - 0x00007ff9e824d000 	C:\Windows\System32\msvcp_win.dll
0x00007ff9e6e20000 - 0x00007ff9e70bb000 	C:\Windows\WinSxS\amd64_microsoft.windows.common-controls_6595b64144ccf1df_6.0.19041.7663_none_60b9ed0b71f50c93\COMCTL32.dll
0x00007ff9e91b0000 - 0x00007ff9e924e000 	C:\Windows\System32\msvcrt.dll
0x00007ff9e90f0000 - 0x00007ff9e911f000 	C:\Windows\System32\IMM32.DLL
0x00007ff9c5eb0000 - 0x00007ff9c5ebc000 	C:\Program Files\Eclipse Adoptium\jdk-17.0.20.101-hotspot\bin\vcruntime140_1.dll
0x00007ff9773d0000 - 0x00007ff97745d000 	C:\Program Files\Eclipse Adoptium\jdk-17.0.20.101-hotspot\bin\msvcp140.dll
0x00007ff948ba0000 - 0x00007ff94980c000 	C:\Program Files\Eclipse Adoptium\jdk-17.0.20.101-hotspot\bin\server\jvm.dll
0x00007ff9e9b60000 - 0x00007ff9e9c12000 	C:\Windows\System32\ADVAPI32.dll
0x00007ff9e9810000 - 0x00007ff9e98b0000 	C:\Windows\System32\sechost.dll
0x00007ff9e83f0000 - 0x00007ff9e8516000 	C:\Windows\System32\RPCRT4.dll
0x00007ff9e8180000 - 0x00007ff9e81a7000 	C:\Windows\System32\bcrypt.dll
0x00007ff9e9130000 - 0x00007ff9e91a3000 	C:\Windows\System32\WS2_32.dll
0x00007ff9e7850000 - 0x00007ff9e789b000 	C:\Windows\SYSTEM32\POWRPROF.dll
0x00007ff9df810000 - 0x00007ff9df81a000 	C:\Windows\SYSTEM32\VERSION.dll
0x00007ff9d13f0000 - 0x00007ff9d1417000 	C:\Windows\SYSTEM32\WINMM.dll
0x00007ff9e7830000 - 0x00007ff9e7842000 	C:\Windows\SYSTEM32\UMPDC.dll
0x00007ff9e5170000 - 0x00007ff9e5182000 	C:\Windows\SYSTEM32\kernel.appcore.dll
0x00007ff9e1380000 - 0x00007ff9e138a000 	C:\Program Files\Eclipse Adoptium\jdk-17.0.20.101-hotspot\bin\jimage.dll
0x00007ff9e72d0000 - 0x00007ff9e74db000 	C:\Windows\SYSTEM32\DBGHELP.DLL
0x00007ff9e7290000 - 0x00007ff9e72c5000 	C:\Windows\SYSTEM32\dbgcore.DLL
0x00007ff9e8300000 - 0x00007ff9e8382000 	C:\Windows\System32\bcryptPrimitives.dll
0x00007ff9e1770000 - 0x00007ff9e177e000 	C:\Program Files\Eclipse Adoptium\jdk-17.0.20.101-hotspot\bin\instrument.dll
0x00007ff9bf4f0000 - 0x00007ff9bf515000 	C:\Program Files\Eclipse Adoptium\jdk-17.0.20.101-hotspot\bin\java.dll
0x00007ff9772f0000 - 0x00007ff9773c7000 	C:\Program Files\Eclipse Adoptium\jdk-17.0.20.101-hotspot\bin\jsvml.dll
0x00007ff9e8970000 - 0x00007ff9e90e1000 	C:\Windows\System32\SHELL32.dll
0x00007ff9e5380000 - 0x00007ff9e5b2c000 	C:\Windows\SYSTEM32\windows.storage.dll
0x00007ff9ea010000 - 0x00007ff9ea364000 	C:\Windows\System32\combase.dll
0x00007ff9e6b50000 - 0x00007ff9e6b7b000 	C:\Windows\SYSTEM32\Wldp.dll
0x00007ff9e99d0000 - 0x00007ff9e9a7d000 	C:\Windows\System32\SHCORE.dll
0x00007ff9e88e0000 - 0x00007ff9e893b000 	C:\Windows\System32\shlwapi.dll
0x00007ff9e7920000 - 0x00007ff9e7945000 	C:\Windows\SYSTEM32\profapi.dll
0x00007ff97f220000 - 0x00007ff97f238000 	C:\Program Files\Eclipse Adoptium\jdk-17.0.20.101-hotspot\bin\zip.dll
0x00007ff9bf4d0000 - 0x00007ff9bf4ea000 	C:\Program Files\Eclipse Adoptium\jdk-17.0.20.101-hotspot\bin\net.dll
0x00007ff9dd020000 - 0x00007ff9dd12d000 	C:\Windows\SYSTEM32\WINHTTP.dll
0x00007ff9e69c0000 - 0x00007ff9e6a2a000 	C:\Windows\system32\mswsock.dll
0x00007ff99ca30000 - 0x00007ff99ca46000 	C:\Program Files\Eclipse Adoptium\jdk-17.0.20.101-hotspot\bin\nio.dll
0x00007ff97cd30000 - 0x00007ff97cd40000 	C:\Program Files\Eclipse Adoptium\jdk-17.0.20.101-hotspot\bin\verify.dll
0x00007ff9d2d00000 - 0x00007ff9d2d27000 	C:\Users\welcome\.gradle\native\c067742578af261105cb4f569cf0c3c89f3d7b1fecec35dd04571415982c5e48\windows-amd64\native-platform.dll
0x00007ff9af980000 - 0x00007ff9afac4000 	C:\Users\welcome\.gradle\native\100fb08df4bc3b14c8652ba06237920a3bd2aa13389f12d3474272988ae205f9\windows-amd64\native-platform-file-events.dll
0x00007ff9e1760000 - 0x00007ff9e176a000 	C:\Program Files\Eclipse Adoptium\jdk-17.0.20.101-hotspot\bin\management.dll
0x00007ff9df860000 - 0x00007ff9df86c000 	C:\Program Files\Eclipse Adoptium\jdk-17.0.20.101-hotspot\bin\management_ext.dll
0x00007ff9e9dc0000 - 0x00007ff9e9dc8000 	C:\Windows\System32\PSAPI.DLL
0x00007ff9e7690000 - 0x00007ff9e76a8000 	C:\Windows\SYSTEM32\CRYPTSP.dll
0x00007ff9e6300000 - 0x00007ff9e6338000 	C:\Windows\system32\rsaenh.dll
0x00007ff9e78e0000 - 0x00007ff9e790e000 	C:\Windows\SYSTEM32\USERENV.dll
0x00007ff9e6c10000 - 0x00007ff9e6c1c000 	C:\Windows\SYSTEM32\CRYPTBASE.dll
0x00007ff9e6680000 - 0x00007ff9e66bb000 	C:\Windows\SYSTEM32\IPHLPAPI.DLL
0x00007ff9ea000000 - 0x00007ff9ea008000 	C:\Windows\System32\NSI.dll
0x00007ff9ddf70000 - 0x00007ff9ddf87000 	C:\Windows\SYSTEM32\dhcpcsvc6.DLL
0x00007ff9dded0000 - 0x00007ff9ddeed000 	C:\Windows\SYSTEM32\dhcpcsvc.DLL
0x00007ff9e66e0000 - 0x00007ff9e67ac000 	C:\Windows\SYSTEM32\DNSAPI.dll
0x00007ff9df850000 - 0x00007ff9df859000 	C:\Program Files\Eclipse Adoptium\jdk-17.0.20.101-hotspot\bin\extnet.dll
0x00007ff9df840000 - 0x00007ff9df84e000 	C:\Program Files\Eclipse Adoptium\jdk-17.0.20.101-hotspot\bin\sunmscapi.dll
0x00007ff9e7d80000 - 0x00007ff9e7edd000 	C:\Windows\System32\CRYPT32.dll
0x00007ff9e6d00000 - 0x00007ff9e6d27000 	C:\Windows\SYSTEM32\ncrypt.dll
0x00007ff9e6cc0000 - 0x00007ff9e6cfb000 	C:\Windows\SYSTEM32\NTASN1.dll
0x00007ff99c3c0000 - 0x00007ff99c3c7000 	C:\Windows\system32\wshunix.dll
0x00007ff9c9500000 - 0x00007ff9c9517000 	C:\Windows\system32\napinsp.dll
0x00007ff9c7850000 - 0x00007ff9c786b000 	C:\Windows\system32\pnrpnsp.dll
0x00007ff9e2130000 - 0x00007ff9e214d000 	C:\Windows\system32\wshbth.dll
0x00007ff9e2160000 - 0x00007ff9e217d000 	C:\Windows\system32\NLAapi.dll
0x00007ff9c76b0000 - 0x00007ff9c76c2000 	C:\Windows\System32\winrnr.dll
0x00007ff9df800000 - 0x00007ff9df80a000 	C:\Windows\System32\rasadhlp.dll
0x00007ff9d4ef0000 - 0x00007ff9d4f70000 	C:\Windows\System32\fwpuclnt.dll

dbghelp: loaded successfully - version: 4.0.5 - missing functions: none
symbol engine: initialized successfully - sym options: 0x614 - pdb path: .;C:\Program Files\Eclipse Adoptium\jdk-17.0.20.101-hotspot\bin;C:\Windows\SYSTEM32;C:\Windows\WinSxS\amd64_microsoft.windows.common-controls_6595b64144ccf1df_6.0.19041.7663_none_60b9ed0b71f50c93;C:\Program Files\Eclipse Adoptium\jdk-17.0.20.101-hotspot\bin\server;C:\Users\welcome\.gradle\native\c067742578af261105cb4f569cf0c3c89f3d7b1fecec35dd04571415982c5e48\windows-amd64;C:\Users\welcome\.gradle\native\100fb08df4bc3b14c8652ba06237920a3bd2aa13389f12d3474272988ae205f9\windows-amd64

VM Arguments:
jvm_args: --add-opens=java.base/java.util=ALL-UNNAMED --add-opens=java.base/java.lang=ALL-UNNAMED --add-opens=java.base/java.lang.invoke=ALL-UNNAMED --add-opens=java.prefs/java.util.prefs=ALL-UNNAMED --add-exports=jdk.compiler/com.sun.tools.javac.api=ALL-UNNAMED --add-exports=jdk.compiler/com.sun.tools.javac.util=ALL-UNNAMED --add-opens=java.base/java.nio.charset=ALL-UNNAMED --add-opens=java.base/java.net=ALL-UNNAMED --add-opens=java.base/java.util.concurrent.atomic=ALL-UNNAMED -XX:MaxMetaspaceSize=384m -XX:+HeapDumpOnOutOfMemoryError -Xms256m -Xmx512m -Dfile.encoding=utf8 -Duser.country=US -Duser.language=en -Duser.variant -javaagent:C:\Users\welcome\.gradle\wrapper\dists\gradle-8.9-bin\90cnw93cvbtalezasaz0blq0a\gradle-8.9\lib\agents\gradle-instrumentation-agent-8.9.jar 
java_command: org.gradle.launcher.daemon.bootstrap.GradleDaemon 8.9
java_class_path (initial): C:\Users\welcome\.gradle\wrapper\dists\gradle-8.9-bin\90cnw93cvbtalezasaz0blq0a\gradle-8.9\lib\gradle-daemon-main-8.9.jar
Launcher Type: SUN_STANDARD

[Global flags]
     intx CICompilerCount                          = 3                                         {product} {ergonomic}
   size_t CompressedClassSpaceSize                 = 335544320                                 {product} {ergonomic}
     uint ConcGCThreads                            = 1                                         {product} {ergonomic}
     uint G1ConcRefinementThreads                  = 4                                         {product} {ergonomic}
   size_t G1HeapRegionSize                         = 1048576                                   {product} {ergonomic}
    uintx GCDrainStackTargetSize                   = 64                                        {product} {ergonomic}
     bool HeapDumpOnOutOfMemoryError               = true                                   {manageable} {command line}
   size_t InitialHeapSize                          = 268435456                                 {product} {command line}
   size_t MarkStackSize                            = 4194304                                   {product} {ergonomic}
   size_t MaxHeapSize                              = 536870912                                 {product} {command line}
   size_t MaxMetaspaceSize                         = 402653184                                 {product} {command line}
   size_t MaxNewSize                               = 321912832                                 {product} {ergonomic}
   size_t MinHeapDeltaBytes                        = 1048576                                   {product} {ergonomic}
   size_t MinHeapSize                              = 268435456                                 {product} {command line}
    uintx NonNMethodCodeHeapSize                   = 5832780                                {pd product} {ergonomic}
    uintx NonProfiledCodeHeapSize                  = 122912730                              {pd product} {ergonomic}
    uintx ProfiledCodeHeapSize                     = 122912730                              {pd product} {ergonomic}
    uintx ReservedCodeCacheSize                    = 251658240                              {pd product} {ergonomic}
     bool SegmentedCodeCache                       = true                                      {product} {ergonomic}
   size_t SoftMaxHeapSize                          = 536870912                              {manageable} {ergonomic}
     bool UseCompressedClassPointers               = true                           {product lp64_product} {ergonomic}
     bool UseCompressedOops                        = true                           {product lp64_product} {ergonomic}
     bool UseG1GC                                  = true                                      {product} {ergonomic}
     bool UseLargePagesIndividualAllocation        = false                                  {pd product} {ergonomic}

Logging:
Log output configuration:
 #0: stdout all=warning uptime,level,tags
 #1: stderr all=off uptime,level,tags

Environment Variables:
PATH=C:\Program Files\Eclipse Adoptium\jdk-17.0.20.101-hotspot\bin;C:\Windows\system32;C:\Windows;C:\Windows\System32\Wbem;C:\Windows\System32\WindowsPowerShell\v1.0\;C:\Windows\System32\OpenSSH\;C:\Program Files\Git\cmd;C:\Program Files\nodejs\;C:\Users\welcome\AppData\Local\Microsoft\WindowsApps;C:\Users\welcome\AppData\Local\Programs\Microsoft VS Code\bin;C:\Users\welcome\AppData\Local\Programs\DockerDesktop\resources\bin;C:\Users\welcome\AppData\Roaming\npm
USERNAME=welcome
OS=Windows_NT
PROCESSOR_IDENTIFIER=Intel64 Family 6 Model 142 Stepping 9, GenuineIntel
TMP=C:\Users\welcome\AppData\Local\Temp
TEMP=C:\Users\welcome\AppData\Local\Temp



Periodic native trim disabled


---------------  S Y S T E M  ---------------

OS:
 Windows 10 , 64 bit Build 19041 (10.0.19041.7725)
OS uptime: 0 days 11:05 hours
Hyper-V role detected

CPU: total 4 (initial active 4) (2 cores per cpu, 2 threads per core) family 6 model 142 stepping 9 microcode 0xea, cx8, cmov, fxsr, ht, mmx, 3dnowpref, sse, sse2, sse3, ssse3, sse4.1, sse4.2, popcnt, lzcnt, tsc, tscinvbit, avx, avx2, aes, erms, clmul, bmi1, bmi2, adx, fma, vzeroupper, clflush, clflushopt, hv
Processor Information for processor 0
  Max Mhz: 2400, Current Mhz: 2400, Mhz Limit: 2400
Processor Information for processor 1
  Max Mhz: 2400, Current Mhz: 2400, Mhz Limit: 2400
Processor Information for processor 2
  Max Mhz: 2400, Current Mhz: 1500, Mhz Limit: 2400
Processor Information for processor 3
  Max Mhz: 2400, Current Mhz: 2400, Mhz Limit: 2400

Memory: 4k page, system-wide physical 4005M (302M free)
TotalPageFile size 11505M (AvailPageFile size 4M)
current process WorkingSet (physical memory assigned to process): 354M, peak: 354M
current process commit charge ("private bytes"): 483M, peak: 486M

vm_info: OpenJDK 64-Bit Server VM (17.0.20.1+1) for windows-amd64 JRE (17.0.20.1+1), built on Aug 18 2026 20:44:09 by "admin" with MS VC++ 17.12 (VS2022)

END.
