#
# There is insufficient memory for the Java Runtime Environment to continue.
# Native memory allocation (malloc) failed to allocate 1475424 bytes. Error detail: Chunk::new
# Possible reasons:
#   The system is out of physical RAM or swap space
#   This process is running with CompressedOops enabled, and the Java Heap may be blocking the growth of the native heap
# Possible solutions:
#   Reduce memory load on the system
#   Increase physical memory or swap space
#   Check if swap backing store is full
#   Decrease Java heap size (-Xmx/-Xms)
#   Decrease number of Java threads
#   Decrease Java thread stack sizes (-Xss)
#   Set larger code cache with -XX:ReservedCodeCacheSize=
#   JVM is running with Unscaled Compressed Oops mode in which the Java heap is
#     placed in the first 4GB address space. The Java Heap base address is the
#     maximum limit for the native heap growth. Please use -XX:HeapBaseMinAddress
#     to set the Java Heap base and to place the Java Heap above 4GB virtual address.
# This output file may be truncated or incomplete.
#
#  Out of Memory Error (arena.cpp:168), pid=16232, tid=21016
#
# JRE version: OpenJDK Runtime Environment Temurin-21.0.12.1+1 (21.0.12.1+1) (build 21.0.12.1+1-LTS)
# Java VM: OpenJDK 64-Bit Server VM Temurin-21.0.12.1+1 (21.0.12.1+1-LTS, mixed mode, sharing, tiered, compressed oops, compressed class ptrs, parallel gc, windows-amd64)
# No core dump will be written. Minidumps are not enabled by default on client versions of Windows
#

---------------  S U M M A R Y ------------

Command Line: --add-modules=ALL-SYSTEM --add-opens=java.base/java.util=ALL-UNNAMED --add-opens=java.base/java.lang=ALL-UNNAMED --add-opens=java.base/sun.nio.fs=ALL-UNNAMED -Declipse.application=org.eclipse.jdt.ls.core.id1 -Dosgi.bundles.defaultStartLevel=4 -Declipse.product=org.eclipse.jdt.ls.core.product -Djava.import.generatesMetadataFilesAtProjectRoot=false -Dm2e.project.cache.size=50 -DDetectVMInstallationsJob.disabled=true -Dfile.encoding=utf8 -XX:+UseParallelGC -XX:GCTimeRatio=4 -XX:AdaptiveSizePolicyWeight=90 -Dsun.zip.disableMemoryMapping=true -Xmx2G -Xms100m -Xlog:disable -javaagent:c:\Users\welcome\.vscode\extensions\redhat.java-1.56.0-win32-x64\lombok\lombok-1.18.39-4050.jar -XX:+HeapDumpOnOutOfMemoryError -XX:HeapDumpPath=c:\Users\welcome\AppData\Roaming\Code\User\workspaceStorage\438089d090c8572c52f170013986077f\redhat.java -Daether.dependencyCollector.impl=bf c:\Users\welcome\.vscode\extensions\redhat.java-1.56.0-win32-x64\server\plugins\org.eclipse.equinox.launcher_1.8.0.v20260804-1928.jar -configuration c:\Users\welcome\AppData\Roaming\Code\User\globalStorage\redhat.java\1.56.0\config_win -data c:\Users\welcome\AppData\Roaming\Code\User\workspaceStorage\438089d090c8572c52f170013986077f\redhat.java\jdt_ws --stdio

Host: Intel(R) Core(TM) i3-7100U CPU @ 2.40GHz, 4 cores, 3G,  Windows 10 , 64 bit Build 19041 (10.0.19041.7725)
Time: Thu Sep 24 10:05:53 2026 India Standard Time elapsed time: 184.094292 seconds (0d 0h 3m 4s)

---------------  T H R E A D  ---------------

Current thread (0x000002851b7d0150):  JavaThread "C2 CompilerThread0" daemon [_thread_in_native, id=21016, stack(0x00000089ed000000,0x00000089ed100000) (1024K)]


Current CompileTask:
C2:184094 7989       4       org.eclipse.jdt.internal.compiler.util.JrtFileSystem$2::visitFile (72 bytes)

Stack: [0x00000089ed000000,0x00000089ed100000]
Native frames: (J=compiled Java code, j=interpreted, Vv=VM code, C=native code)
V  [jvm.dll+0x6d83e9]
V  [jvm.dll+0x8b5736]
V  [jvm.dll+0x8b7cee]
V  [jvm.dll+0x8b83d3]
V  [jvm.dll+0x284596]
V  [jvm.dll+0xc685d]
V  [jvm.dll+0xc6da1]
V  [jvm.dll+0x3bf18b]
V  [jvm.dll+0x1e3f42]
V  [jvm.dll+0x24c853]
V  [jvm.dll+0x24bce0]
V  [jvm.dll+0x1cb4ae]
V  [jvm.dll+0x25baad]
V  [jvm.dll+0x25a03a]
V  [jvm.dll+0x3f8aae]
V  [jvm.dll+0x8600cd]
V  [jvm.dll+0x6d6c1d]
C  [ucrtbase.dll+0x21bb2]
C  [KERNEL32.DLL+0x17384]
C  [ntdll.dll+0x4cc91]


---------------  P R O C E S S  ---------------

Threads class SMR info:
_java_thread_list=0x000002857ac773b0, length=34, elements={
0x00000285195b18e0, 0x000002851b7c6910, 0x000002851b7c7f80, 0x000002851b7c97f0,
0x000002851b7cc9e0, 0x000002851b7cb720, 0x000002851b7cf7b0, 0x000002851b7d0150,
0x000002851b845cf0, 0x00000285780c21d0, 0x000002857819f090, 0x000002857814f430,
0x000002857848e690, 0x000002857887f2f0, 0x000002857848d040, 0x00000285780f16d0,
0x00000285783e12f0, 0x0000028578bc01e0, 0x000002857846c0a0, 0x000002857846d450,
0x0000028578b9cab0, 0x0000028578ba12e0, 0x0000028578b9eb80, 0x0000028578ba1970,
0x0000028578ba05c0, 0x0000028578ba0c50, 0x0000028578b9de60, 0x0000028578b9f210,
0x0000028578b9c420, 0x0000028578b9f8a0, 0x0000028578b9e4f0, 0x0000028578b9ff30,
0x0000028578b9b070, 0x0000028578b9d140
}

Java Threads: ( => current thread )
  0x00000285195b18e0 JavaThread "main"                              [_thread_blocked, id=17904, stack(0x00000089ec600000,0x00000089ec700000) (1024K)]
  0x000002851b7c6910 JavaThread "Reference Handler"          daemon [_thread_blocked, id=20252, stack(0x00000089eca00000,0x00000089ecb00000) (1024K)]
  0x000002851b7c7f80 JavaThread "Finalizer"                  daemon [_thread_blocked, id=21192, stack(0x00000089ecb00000,0x00000089ecc00000) (1024K)]
  0x000002851b7c97f0 JavaThread "Signal Dispatcher"          daemon [_thread_blocked, id=21396, stack(0x00000089ecc00000,0x00000089ecd00000) (1024K)]
  0x000002851b7cc9e0 JavaThread "Attach Listener"            daemon [_thread_blocked, id=21352, stack(0x00000089ecd00000,0x00000089ece00000) (1024K)]
  0x000002851b7cb720 JavaThread "Service Thread"             daemon [_thread_blocked, id=21484, stack(0x00000089ece00000,0x00000089ecf00000) (1024K)]
  0x000002851b7cf7b0 JavaThread "Monitor Deflation Thread"   daemon [_thread_blocked, id=21360, stack(0x00000089ecf00000,0x00000089ed000000) (1024K)]
=>0x000002851b7d0150 JavaThread "C2 CompilerThread0"         daemon [_thread_in_native, id=21016, stack(0x00000089ed000000,0x00000089ed100000) (1024K)]
  0x000002851b845cf0 JavaThread "C1 CompilerThread0"         daemon [_thread_blocked, id=21284, stack(0x00000089ed100000,0x00000089ed200000) (1024K)]
  0x00000285780c21d0 JavaThread "Common-Cleaner"             daemon [_thread_blocked, id=21496, stack(0x00000089ed200000,0x00000089ed300000) (1024K)]
  0x000002857819f090 JavaThread "Notification Thread"        daemon [_thread_blocked, id=21404, stack(0x00000089ed300000,0x00000089ed400000) (1024K)]
  0x000002857814f430 JavaThread "Active Thread: Equinox Container: e5ce0ff6-0c14-4390-a587-b01dfc15cb69"        [_thread_blocked, id=11768, stack(0x00000089ed700000,0x00000089ed800000) (1024K)]
  0x000002857848e690 JavaThread "Refresh Thread: Equinox Container: e5ce0ff6-0c14-4390-a587-b01dfc15cb69" daemon [_thread_blocked, id=8860, stack(0x00000089ed800000,0x00000089ed900000) (1024K)]
  0x000002857887f2f0 JavaThread "Framework Event Dispatcher: Equinox Container: e5ce0ff6-0c14-4390-a587-b01dfc15cb69" daemon [_thread_blocked, id=11108, stack(0x00000089ed900000,0x00000089eda00000) (1024K)]
  0x000002857848d040 JavaThread "Start Level: Equinox Container: e5ce0ff6-0c14-4390-a587-b01dfc15cb69" daemon [_thread_blocked, id=1972, stack(0x00000089eda00000,0x00000089edb00000) (1024K)]
  0x00000285780f16d0 JavaThread "Bundle File Closer"         daemon [_thread_blocked, id=12192, stack(0x00000089edb00000,0x00000089edc00000) (1024K)]
  0x00000285783e12f0 JavaThread "SCR Component Actor"        daemon [_thread_blocked, id=16928, stack(0x00000089edc00000,0x00000089edd00000) (1024K)]
  0x0000028578bc01e0 JavaThread "Worker-JM"                         [_thread_blocked, id=9768, stack(0x00000089edd00000,0x00000089ede00000) (1024K)]
  0x000002857846c0a0 JavaThread "JNA Cleaner"                daemon [_thread_blocked, id=17304, stack(0x00000089ede00000,0x00000089edf00000) (1024K)]
  0x000002857846d450 JavaThread "Worker-0: Java indexing... "        [_thread_blocked, id=19200, stack(0x00000089edf00000,0x00000089ee000000) (1024K)]
  0x0000028578b9cab0 JavaThread "Worker-2"                          [_thread_blocked, id=19244, stack(0x00000089ee100000,0x00000089ee200000) (1024K)]
  0x0000028578ba12e0 JavaThread "Worker-3"                          [_thread_blocked, id=21220, stack(0x00000089ee200000,0x00000089ee300000) (1024K)]
  0x0000028578b9eb80 JavaThread "Java indexing"              daemon [_thread_in_Java, id=21656, stack(0x00000089ee300000,0x00000089ee400000) (1024K)]
  0x0000028578ba1970 JavaThread "Worker-4: Synchronize Gradle projects with workspace"        [_thread_blocked, id=2796, stack(0x00000089ee400000,0x00000089ee500000) (1024K)]
  0x0000028578ba05c0 JavaThread "Worker-5: Initialize Workspace"        [_thread_blocked, id=20036, stack(0x00000089ee500000,0x00000089ee600000) (1024K)]
  0x0000028578ba0c50 JavaThread "pool-2-thread-1"                   [_thread_blocked, id=15836, stack(0x00000089ee600000,0x00000089ee700000) (1024K)]
  0x0000028578b9de60 JavaThread "Timer-0"                           [_thread_blocked, id=4704, stack(0x00000089ee700000,0x00000089ee800000) (1024K)]
  0x0000028578b9f210 JavaThread "Timer-1"                           [_thread_blocked, id=11068, stack(0x00000089ee800000,0x00000089ee900000) (1024K)]
  0x0000028578b9c420 JavaThread "Connection worker"                 [_thread_in_Java, id=21696, stack(0x00000089ee900000,0x00000089eea00000) (1024K)]
  0x0000028578b9f8a0 JavaThread "WorkspaceEventsHandler"            [_thread_blocked, id=20288, stack(0x00000089eeb00000,0x00000089eec00000) (1024K)]
  0x0000028578b9e4f0 JavaThread "pool-1-thread-1"                   [_thread_blocked, id=9500, stack(0x00000089eec00000,0x00000089eed00000) (1024K)]
  0x0000028578b9ff30 JavaThread "ProjectImportProgressReporter" daemon [_thread_blocked, id=3748, stack(0x00000089eee00000,0x00000089eef00000) (1024K)]
  0x0000028578b9b070 JavaThread "Timer-2"                           [_thread_blocked, id=14328, stack(0x00000089eef00000,0x00000089ef000000) (1024K)]
  0x0000028578b9d140 JavaThread "Connection worker"                 [_thread_blocked, id=19824, stack(0x00000089ef000000,0x00000089ef100000) (1024K)]
Total: 34

Other Threads:
  0x000002851b7be040 VMThread "VM Thread"                           [id=19740, stack(0x00000089ec900000,0x00000089eca00000) (1024K)]
  0x000002851b94ea80 WatcherThread "VM Periodic Task Thread"        [id=11996, stack(0x00000089ec800000,0x00000089ec900000) (1024K)]
  0x000002851b9011b0 WorkerThread "GC Thread#0"                     [id=9756, stack(0x00000089ec700000,0x00000089ec800000) (1024K)]
  0x000002857826e410 WorkerThread "GC Thread#1"                     [id=22080, stack(0x00000089ed400000,0x00000089ed500000) (1024K)]
  0x0000028578292aa0 WorkerThread "GC Thread#2"                     [id=22076, stack(0x00000089ed500000,0x00000089ed600000) (1024K)]
  0x000002857827b3f0 WorkerThread "GC Thread#3"                     [id=20264, stack(0x00000089ed600000,0x00000089ed700000) (1024K)]
Total: 6

Threads with active compile tasks:
C2 CompilerThread0  184181 7989       4       org.eclipse.jdt.internal.compiler.util.JrtFileSystem$2::visitFile (72 bytes)
Total: 1

VM state: not at safepoint (normal execution)

VM Mutex/Monitor currently owned by a thread: None

Heap address: 0x0000000080000000, size: 2048 MB, Compressed Oops mode: 32-bit

CDS archive(s) mapped at: [0x0000028533000000-0x0000028533ba0000-0x0000028533ba0000), size 12189696, SharedBaseAddress: 0x0000028533000000, ArchiveRelocationMode: 1.
Compressed class space mapped at: 0x0000028534000000-0x0000028574000000, reserved size: 1073741824
Narrow klass base: 0x0000028533000000, Narrow klass shift: 0, Narrow klass range: 0x100000000

GC Precious Log:
 CardTable entry size: 512
 CPUs: 4 total, 4 available
 Memory: 4005M
 Large Page Support: Disabled
 NUMA Support: Disabled
 Compressed Oops: Enabled (32-bit)
 Alignments: Space 512K, Generation 512K, Heap 2M
 Heap Min Capacity: 100M
 Heap Initial Capacity: 100M
 Heap Max Capacity: 2G
 Pre-touch: Disabled
 Parallel Workers: 4

Heap:
 PSYoungGen      total 5120K, used 3344K [0x00000000d5580000, 0x00000000d5b80000, 0x0000000100000000)
  eden space 4096K, 62% used [0x00000000d5580000,0x00000000d58043f8,0x00000000d5980000)
  from space 1024K, 75% used [0x00000000d5a80000,0x00000000d5b40000,0x00000000d5b80000)
  to   space 1024K, 0% used [0x00000000d5980000,0x00000000d5980000,0x00000000d5a80000)
 ParOldGen       total 98816K, used 98672K [0x0000000080000000, 0x0000000086080000, 0x00000000d5580000)
  object space 98816K, 99% used [0x0000000080000000,0x000000008605c1e0,0x0000000086080000)
 Metaspace       used 58837K, committed 60160K, reserved 1114112K
  class space    used 6699K, committed 7232K, reserved 1048576K

Card table byte_map: [0x000002851b290000,0x000002851b6a0000] _byte_map_base: 0x000002851ae90000

Marking Bits: (ParMarkBitMap*) 0x00007fff863e44a0
 Begin Bits: [0x000002852dda0000, 0x000002852fda0000)
 End Bits:   [0x000002852fda0000, 0x0000028531da0000)

Polling page: 0x0000028519710000

Metaspace:

Usage:
  Non-class:     50.92 MB used.
      Class:      6.54 MB used.
       Both:     57.46 MB used.

Virtual space:
  Non-class space:       64.00 MB reserved,      51.69 MB ( 81%) committed,  1 nodes.
      Class space:        1.00 GB reserved,       7.06 MB ( <1%) committed,  1 nodes.
             Both:        1.06 GB reserved,      58.75 MB (  5%) committed. 

Chunk freelists:
   Non-Class:  12.36 MB
       Class:  8.97 MB
        Both:  21.33 MB

MaxMetaspaceSize: unlimited
CompressedClassSpaceSize: 1.00 GB
Initial GC threshold: 21.00 MB
Current GC threshold: 97.31 MB
CDS: on
 - commit_granule_bytes: 65536.
 - commit_granule_words: 8192.
 - virtual_space_node_default_size: 8388608.
 - enlarge_chunks_in_place: 1.
 - use_allocation_guard: 0.


Internal statistics:

num_allocs_failed_limit: 11.
num_arena_births: 930.
num_arena_deaths: 28.
num_vsnodes_births: 2.
num_vsnodes_deaths: 0.
num_space_committed: 940.
num_space_uncommitted: 0.
num_chunks_returned_to_freelist: 43.
num_chunks_taken_from_freelist: 3480.
num_chunk_merges: 13.
num_chunk_splits: 2113.
num_chunks_enlarged: 1195.
num_inconsistent_stats: 0.

CodeHeap 'non-profiled nmethods': size=120000Kb used=5510Kb max_used=5529Kb free=114489Kb
 bounds [0x00000285265c0000, 0x0000028526b30000, 0x000002852daf0000]
CodeHeap 'profiled nmethods': size=120000Kb used=15049Kb max_used=15739Kb free=104950Kb
 bounds [0x000002851eaf0000, 0x000002851fa60000, 0x0000028526020000]
CodeHeap 'non-nmethods': size=5760Kb used=1433Kb max_used=1509Kb free=4326Kb
 bounds [0x0000028526020000, 0x0000028526290000, 0x00000285265c0000]
CodeCache: size=245760Kb, used=21992Kb, max_used=22777Kb, free=223765Kb
 total_blobs=7903, nmethods=7159, adapters=650, full_count=0
Compilation: enabled, stopped_count=0, restarted_count=0

Compilation events (20 events):
Event: 183.168 Thread 0x000002851b845cf0 nmethod 7984 0x000002851eeea190 code [0x000002851eeea380, 0x000002851eeea8a8]
Event: 183.327 Thread 0x000002851b7d0150 7985       4       java.util.HashMap::putVal (300 bytes)
Event: 183.346 Thread 0x000002851b7d0150 nmethod 7985 0x0000028526771e10 code [0x0000028526772040, 0x00000285267728a8]
Event: 183.366 Thread 0x000002851b7d0150 7986   !   4       java.lang.String::<init> (880 bytes)
Event: 183.397 Thread 0x000002851b845cf0 7987       3       jdk.internal.jimage.ImageReader$SharedImageReader$$Lambda/0x000002853468c000::<init> (15 bytes)
Event: 183.398 Thread 0x000002851b845cf0 nmethod 7987 0x000002851ed4d490 code [0x000002851ed4d640, 0x000002851ed4d7d8]
Event: 183.435 Thread 0x000002851b7d0150 nmethod 7986 0x0000028526b2c190 code [0x0000028526b2c520, 0x0000028526b2e768]
Event: 183.435 Thread 0x000002851b7d0150 7988       4       jdk.internal.jrtfs.JrtPath::getName (6 bytes)
Event: 183.436 Thread 0x000002851b7d0150 nmethod 7988 0x0000028526706c90 code [0x0000028526706e20, 0x0000028526706ed0]
Event: 183.436 Thread 0x000002851b7d0150 7989       4       org.eclipse.jdt.internal.compiler.util.JrtFileSystem$2::visitFile (72 bytes)
Event: 183.496 Thread 0x000002851b845cf0 7990       3       jdk.internal.jrtfs.JrtPath::getName (116 bytes)
Event: 183.498 Thread 0x000002851b845cf0 nmethod 7990 0x000002851eb77510 code [0x000002851eb777e0, 0x000002851eb783a0]
Event: 183.501 Thread 0x000002851b845cf0 7991       3       org.eclipse.jdt.internal.compiler.parser.Scanner::internalScanIdentifierOrKeyword (5041 bytes)
Event: 183.523 Thread 0x000002851b845cf0 nmethod 7991 0x000002851fa4ed90 code [0x000002851fa4fd60, 0x000002851fa5b310]
Event: 183.532 Thread 0x000002851b845cf0 7992       3       org.eclipse.jdt.core.compiler.CharOperation::fragmentEquals (89 bytes)
Event: 183.532 Thread 0x000002851b845cf0 nmethod 7992 0x000002851f14b810 code [0x000002851f14ba20, 0x000002851f14bf08]
Event: 183.534 Thread 0x000002851b845cf0 7993       3       org.eclipse.jdt.core.Signature::checkName (102 bytes)
Event: 183.535 Thread 0x000002851b845cf0 nmethod 7993 0x000002851f4df990 code [0x000002851f4dfb80, 0x000002851f4e0028]
Event: 183.661 Thread 0x000002851b845cf0 7994       3       jdk.internal.jimage.ImageReader$SharedImageReader::handleModulesSubTree (56 bytes)
Event: 183.662 Thread 0x000002851b845cf0 nmethod 7994 0x000002851f28af90 code [0x000002851f28b1a0, 0x000002851f28b820]

GC Heap History (20 events):
Event: 183.080 GC heap before
{Heap before GC invocations=77 (full 3):
 PSYoungGen      total 5120K, used 5012K [0x00000000d5580000, 0x00000000d5b80000, 0x0000000100000000)
  eden space 4096K, 100% used [0x00000000d5580000,0x00000000d5980000,0x00000000d5980000)
  from space 1024K, 89% used [0x00000000d5980000,0x00000000d5a650c8,0x00000000d5a80000)
  to   space 1024K, 0% used [0x00000000d5a80000,0x00000000d5a80000,0x00000000d5b80000)
 ParOldGen       total 92672K, used 89389K [0x0000000080000000, 0x0000000085a80000, 0x00000000d5580000)
  object space 92672K, 96% used [0x0000000080000000,0x000000008574b608,0x0000000085a80000)
 Metaspace       used 58836K, committed 60160K, reserved 1114112K
  class space    used 6699K, committed 7232K, reserved 1048576K
}
Event: 183.083 GC heap after
{Heap after GC invocations=77 (full 3):
 PSYoungGen      total 5120K, used 878K [0x00000000d5580000, 0x00000000d5b80000, 0x0000000100000000)
  eden space 4096K, 0% used [0x00000000d5580000,0x00000000d5580000,0x00000000d5980000)
  from space 1024K, 85% used [0x00000000d5a80000,0x00000000d5b5b9d8,0x00000000d5b80000)
  to   space 1024K, 0% used [0x00000000d5980000,0x00000000d5980000,0x00000000d5a80000)
 ParOldGen       total 92672K, used 90207K [0x0000000080000000, 0x0000000085a80000, 0x00000000d5580000)
  object space 92672K, 97% used [0x0000000080000000,0x0000000085817f58,0x0000000085a80000)
 Metaspace       used 58836K, committed 60160K, reserved 1114112K
  class space    used 6699K, committed 7232K, reserved 1048576K
}
Event: 183.283 GC heap before
{Heap before GC invocations=78 (full 3):
 PSYoungGen      total 5120K, used 4974K [0x00000000d5580000, 0x00000000d5b80000, 0x0000000100000000)
  eden space 4096K, 100% used [0x00000000d5580000,0x00000000d5980000,0x00000000d5980000)
  from space 1024K, 85% used [0x00000000d5a80000,0x00000000d5b5b9d8,0x00000000d5b80000)
  to   space 1024K, 0% used [0x00000000d5980000,0x00000000d5980000,0x00000000d5a80000)
 ParOldGen       total 92672K, used 90207K [0x0000000080000000, 0x0000000085a80000, 0x00000000d5580000)
  object space 92672K, 97% used [0x0000000080000000,0x0000000085817f58,0x0000000085a80000)
 Metaspace       used 58837K, committed 60160K, reserved 1114112K
  class space    used 6699K, committed 7232K, reserved 1048576K
}
Event: 183.286 GC heap after
{Heap after GC invocations=78 (full 3):
 PSYoungGen      total 5120K, used 818K [0x00000000d5580000, 0x00000000d5b80000, 0x0000000100000000)
  eden space 4096K, 0% used [0x00000000d5580000,0x00000000d5580000,0x00000000d5980000)
  from space 1024K, 79% used [0x00000000d5980000,0x00000000d5a4cb40,0x00000000d5a80000)
  to   space 1024K, 0% used [0x00000000d5a80000,0x00000000d5a80000,0x00000000d5b80000)
 ParOldGen       total 92672K, used 90995K [0x0000000080000000, 0x0000000085a80000, 0x00000000d5580000)
  object space 92672K, 98% used [0x0000000080000000,0x00000000858dce70,0x0000000085a80000)
 Metaspace       used 58837K, committed 60160K, reserved 1114112K
  class space    used 6699K, committed 7232K, reserved 1048576K
}
Event: 183.357 GC heap before
{Heap before GC invocations=79 (full 3):
 PSYoungGen      total 5120K, used 4914K [0x00000000d5580000, 0x00000000d5b80000, 0x0000000100000000)
  eden space 4096K, 100% used [0x00000000d5580000,0x00000000d5980000,0x00000000d5980000)
  from space 1024K, 79% used [0x00000000d5980000,0x00000000d5a4cb40,0x00000000d5a80000)
  to   space 1024K, 0% used [0x00000000d5a80000,0x00000000d5a80000,0x00000000d5b80000)
 ParOldGen       total 92672K, used 90995K [0x0000000080000000, 0x0000000085a80000, 0x00000000d5580000)
  object space 92672K, 98% used [0x0000000080000000,0x00000000858dce70,0x0000000085a80000)
 Metaspace       used 58837K, committed 60160K, reserved 1114112K
  class space    used 6699K, committed 7232K, reserved 1048576K
}
Event: 183.358 GC heap after
{Heap after GC invocations=79 (full 3):
 PSYoungGen      total 5120K, used 955K [0x00000000d5580000, 0x00000000d5b80000, 0x0000000100000000)
  eden space 4096K, 0% used [0x00000000d5580000,0x00000000d5580000,0x00000000d5980000)
  from space 1024K, 93% used [0x00000000d5a80000,0x00000000d5b6ec80,0x00000000d5b80000)
  to   space 1024K, 0% used [0x00000000d5980000,0x00000000d5980000,0x00000000d5a80000)
 ParOldGen       total 92672K, used 91721K [0x0000000080000000, 0x0000000085a80000, 0x00000000d5580000)
  object space 92672K, 98% used [0x0000000080000000,0x00000000859926a8,0x0000000085a80000)
 Metaspace       used 58837K, committed 60160K, reserved 1114112K
  class space    used 6699K, committed 7232K, reserved 1048576K
}
Event: 183.398 GC heap before
{Heap before GC invocations=80 (full 3):
 PSYoungGen      total 5120K, used 5051K [0x00000000d5580000, 0x00000000d5b80000, 0x0000000100000000)
  eden space 4096K, 100% used [0x00000000d5580000,0x00000000d5980000,0x00000000d5980000)
  from space 1024K, 93% used [0x00000000d5a80000,0x00000000d5b6ec80,0x00000000d5b80000)
  to   space 1024K, 0% used [0x00000000d5980000,0x00000000d5980000,0x00000000d5a80000)
 ParOldGen       total 92672K, used 91721K [0x0000000080000000, 0x0000000085a80000, 0x00000000d5580000)
  object space 92672K, 98% used [0x0000000080000000,0x00000000859926a8,0x0000000085a80000)
 Metaspace       used 58837K, committed 60160K, reserved 1114112K
  class space    used 6699K, committed 7232K, reserved 1048576K
}
Event: 183.401 GC heap after
{Heap after GC invocations=80 (full 3):
 PSYoungGen      total 5120K, used 873K [0x00000000d5580000, 0x00000000d5b80000, 0x0000000100000000)
  eden space 4096K, 0% used [0x00000000d5580000,0x00000000d5580000,0x00000000d5980000)
  from space 1024K, 85% used [0x00000000d5980000,0x00000000d5a5a5b0,0x00000000d5a80000)
  to   space 1024K, 0% used [0x00000000d5a80000,0x00000000d5a80000,0x00000000d5b80000)
 ParOldGen       total 92672K, used 92573K [0x0000000080000000, 0x0000000085a80000, 0x00000000d5580000)
  object space 92672K, 99% used [0x0000000080000000,0x0000000085a67630,0x0000000085a80000)
 Metaspace       used 58837K, committed 60160K, reserved 1114112K
  class space    used 6699K, committed 7232K, reserved 1048576K
}
Event: 183.473 GC heap before
{Heap before GC invocations=81 (full 3):
 PSYoungGen      total 5120K, used 4969K [0x00000000d5580000, 0x00000000d5b80000, 0x0000000100000000)
  eden space 4096K, 100% used [0x00000000d5580000,0x00000000d5980000,0x00000000d5980000)
  from space 1024K, 85% used [0x00000000d5980000,0x00000000d5a5a5b0,0x00000000d5a80000)
  to   space 1024K, 0% used [0x00000000d5a80000,0x00000000d5a80000,0x00000000d5b80000)
 ParOldGen       total 92672K, used 92573K [0x0000000080000000, 0x0000000085a80000, 0x00000000d5580000)
  object space 92672K, 99% used [0x0000000080000000,0x0000000085a67630,0x0000000085a80000)
 Metaspace       used 58837K, committed 60160K, reserved 1114112K
  class space    used 6699K, committed 7232K, reserved 1048576K
}
Event: 183.475 GC heap after
{Heap after GC invocations=81 (full 3):
 PSYoungGen      total 5120K, used 936K [0x00000000d5580000, 0x00000000d5b80000, 0x0000000100000000)
  eden space 4096K, 0% used [0x00000000d5580000,0x00000000d5580000,0x00000000d5980000)
  from space 1024K, 91% used [0x00000000d5a80000,0x00000000d5b6a028,0x00000000d5b80000)
  to   space 1024K, 0% used [0x00000000d5980000,0x00000000d5980000,0x00000000d5a80000)
 ParOldGen       total 93696K, used 93404K [0x0000000080000000, 0x0000000085b80000, 0x00000000d5580000)
  object space 93696K, 99% used [0x0000000080000000,0x0000000085b37048,0x0000000085b80000)
 Metaspace       used 58837K, committed 60160K, reserved 1114112K
  class space    used 6699K, committed 7232K, reserved 1048576K
}
Event: 183.527 GC heap before
{Heap before GC invocations=82 (full 3):
 PSYoungGen      total 5120K, used 5032K [0x00000000d5580000, 0x00000000d5b80000, 0x0000000100000000)
  eden space 4096K, 100% used [0x00000000d5580000,0x00000000d5980000,0x00000000d5980000)
  from space 1024K, 91% used [0x00000000d5a80000,0x00000000d5b6a028,0x00000000d5b80000)
  to   space 1024K, 0% used [0x00000000d5980000,0x00000000d5980000,0x00000000d5a80000)
 ParOldGen       total 93696K, used 93404K [0x0000000080000000, 0x0000000085b80000, 0x00000000d5580000)
  object space 93696K, 99% used [0x0000000080000000,0x0000000085b37048,0x0000000085b80000)
 Metaspace       used 58837K, committed 60160K, reserved 1114112K
  class space    used 6699K, committed 7232K, reserved 1048576K
}
Event: 183.530 GC heap after
{Heap after GC invocations=82 (full 3):
 PSYoungGen      total 5120K, used 1000K [0x00000000d5580000, 0x00000000d5b80000, 0x0000000100000000)
  eden space 4096K, 0% used [0x00000000d5580000,0x00000000d5580000,0x00000000d5980000)
  from space 1024K, 97% used [0x00000000d5980000,0x00000000d5a7a328,0x00000000d5a80000)
  to   space 1024K, 0% used [0x00000000d5a80000,0x00000000d5a80000,0x00000000d5b80000)
 ParOldGen       total 94720K, used 94308K [0x0000000080000000, 0x0000000085c80000, 0x00000000d5580000)
  object space 94720K, 99% used [0x0000000080000000,0x0000000085c190d8,0x0000000085c80000)
 Metaspace       used 58837K, committed 60160K, reserved 1114112K
  class space    used 6699K, committed 7232K, reserved 1048576K
}
Event: 183.632 GC heap before
{Heap before GC invocations=83 (full 3):
 PSYoungGen      total 5120K, used 5070K [0x00000000d5580000, 0x00000000d5b80000, 0x0000000100000000)
  eden space 4096K, 99% used [0x00000000d5580000,0x00000000d5979778,0x00000000d5980000)
  from space 1024K, 97% used [0x00000000d5980000,0x00000000d5a7a328,0x00000000d5a80000)
  to   space 1024K, 0% used [0x00000000d5a80000,0x00000000d5a80000,0x00000000d5b80000)
 ParOldGen       total 94720K, used 94308K [0x0000000080000000, 0x0000000085c80000, 0x00000000d5580000)
  object space 94720K, 99% used [0x0000000080000000,0x0000000085c190d8,0x0000000085c80000)
 Metaspace       used 58837K, committed 60160K, reserved 1114112K
  class space    used 6699K, committed 7232K, reserved 1048576K
}
Event: 183.636 GC heap after
{Heap after GC invocations=83 (full 3):
 PSYoungGen      total 5120K, used 936K [0x00000000d5580000, 0x00000000d5b80000, 0x0000000100000000)
  eden space 4096K, 0% used [0x00000000d5580000,0x00000000d5580000,0x00000000d5980000)
  from space 1024K, 91% used [0x00000000d5a80000,0x00000000d5b6a150,0x00000000d5b80000)
  to   space 1024K, 0% used [0x00000000d5980000,0x00000000d5980000,0x00000000d5a80000)
 ParOldGen       total 95232K, used 95225K [0x0000000080000000, 0x0000000085d00000, 0x00000000d5580000)
  object space 95232K, 99% used [0x0000000080000000,0x0000000085cfe738,0x0000000085d00000)
 Metaspace       used 58837K, committed 60160K, reserved 1114112K
  class space    used 6699K, committed 7232K, reserved 1048576K
}
Event: 183.745 GC heap before
{Heap before GC invocations=84 (full 3):
 PSYoungGen      total 5120K, used 5032K [0x00000000d5580000, 0x00000000d5b80000, 0x0000000100000000)
  eden space 4096K, 100% used [0x00000000d5580000,0x00000000d5980000,0x00000000d5980000)
  from space 1024K, 91% used [0x00000000d5a80000,0x00000000d5b6a150,0x00000000d5b80000)
  to   space 1024K, 0% used [0x00000000d5980000,0x00000000d5980000,0x00000000d5a80000)
 ParOldGen       total 95232K, used 95225K [0x0000000080000000, 0x0000000085d00000, 0x00000000d5580000)
  object space 95232K, 99% used [0x0000000080000000,0x0000000085cfe738,0x0000000085d00000)
 Metaspace       used 58837K, committed 60160K, reserved 1114112K
  class space    used 6699K, committed 7232K, reserved 1048576K
}
Event: 183.754 GC heap after
{Heap after GC invocations=84 (full 3):
 PSYoungGen      total 5120K, used 972K [0x00000000d5580000, 0x00000000d5b80000, 0x0000000100000000)
  eden space 4096K, 0% used [0x00000000d5580000,0x00000000d5580000,0x00000000d5980000)
  from space 1024K, 94% used [0x00000000d5980000,0x00000000d5a73010,0x00000000d5a80000)
  to   space 1024K, 0% used [0x00000000d5a80000,0x00000000d5a80000,0x00000000d5b80000)
 ParOldGen       total 96256K, used 96090K [0x0000000080000000, 0x0000000085e00000, 0x00000000d5580000)
  object space 96256K, 99% used [0x0000000080000000,0x0000000085dd6850,0x0000000085e00000)
 Metaspace       used 58837K, committed 60160K, reserved 1114112K
  class space    used 6699K, committed 7232K, reserved 1048576K
}
Event: 183.795 GC heap before
{Heap before GC invocations=85 (full 3):
 PSYoungGen      total 5120K, used 5068K [0x00000000d5580000, 0x00000000d5b80000, 0x0000000100000000)
  eden space 4096K, 100% used [0x00000000d5580000,0x00000000d5980000,0x00000000d5980000)
  from space 1024K, 94% used [0x00000000d5980000,0x00000000d5a73010,0x00000000d5a80000)
  to   space 1024K, 0% used [0x00000000d5a80000,0x00000000d5a80000,0x00000000d5b80000)
 ParOldGen       total 96256K, used 96090K [0x0000000080000000, 0x0000000085e00000, 0x00000000d5580000)
  object space 96256K, 99% used [0x0000000080000000,0x0000000085dd6850,0x0000000085e00000)
 Metaspace       used 58837K, committed 60160K, reserved 1114112K
  class space    used 6699K, committed 7232K, reserved 1048576K
}
Event: 183.799 GC heap after
{Heap after GC invocations=85 (full 3):
 PSYoungGen      total 5120K, used 868K [0x00000000d5580000, 0x00000000d5b80000, 0x0000000100000000)
  eden space 4096K, 0% used [0x00000000d5580000,0x00000000d5580000,0x00000000d5980000)
  from space 1024K, 84% used [0x00000000d5a80000,0x00000000d5b59158,0x00000000d5b80000)
  to   space 1024K, 0% used [0x00000000d5980000,0x00000000d5980000,0x00000000d5a80000)
 ParOldGen       total 97280K, used 97007K [0x0000000080000000, 0x0000000085f00000, 0x00000000d5580000)
  object space 97280K, 99% used [0x0000000080000000,0x0000000085ebbc08,0x0000000085f00000)
 Metaspace       used 58837K, committed 60160K, reserved 1114112K
  class space    used 6699K, committed 7232K, reserved 1048576K
}
Event: 183.995 GC heap before
{Heap before GC invocations=86 (full 3):
 PSYoungGen      total 5120K, used 4964K [0x00000000d5580000, 0x00000000d5b80000, 0x0000000100000000)
  eden space 4096K, 100% used [0x00000000d5580000,0x00000000d5980000,0x00000000d5980000)
  from space 1024K, 84% used [0x00000000d5a80000,0x00000000d5b59158,0x00000000d5b80000)
  to   space 1024K, 0% used [0x00000000d5980000,0x00000000d5980000,0x00000000d5a80000)
 ParOldGen       total 97280K, used 97007K [0x0000000080000000, 0x0000000085f00000, 0x00000000d5580000)
  object space 97280K, 99% used [0x0000000080000000,0x0000000085ebbc08,0x0000000085f00000)
 Metaspace       used 58837K, committed 60160K, reserved 1114112K
  class space    used 6699K, committed 7232K, reserved 1048576K
}
Event: 183.999 GC heap after
{Heap after GC invocations=86 (full 3):
 PSYoungGen      total 5120K, used 891K [0x00000000d5580000, 0x00000000d5b80000, 0x0000000100000000)
  eden space 4096K, 0% used [0x00000000d5580000,0x00000000d5580000,0x00000000d5980000)
  from space 1024K, 87% used [0x00000000d5980000,0x00000000d5a5ee78,0x00000000d5a80000)
  to   space 1024K, 0% used [0x00000000d5a80000,0x00000000d5a80000,0x00000000d5b80000)
 ParOldGen       total 98304K, used 97851K [0x0000000080000000, 0x0000000086000000, 0x00000000d5580000)
  object space 98304K, 99% used [0x0000000080000000,0x0000000085f8ec48,0x0000000086000000)
 Metaspace       used 58837K, committed 60160K, reserved 1114112K
  class space    used 6699K, committed 7232K, reserved 1048576K
}

Dll operation events (20 events):
Event: 0.584 Attempting to load shared library C:\Users\welcome\.vscode\extensions\redhat.java-1.56.0-win32-x64\jre\21.0.12.1-win32-x86_64\bin\net.dll
Event: 0.585 Loaded shared library C:\Users\welcome\.vscode\extensions\redhat.java-1.56.0-win32-x64\jre\21.0.12.1-win32-x86_64\bin\net.dll
Event: 0.605 Attempting to load shared library C:\Users\welcome\.vscode\extensions\redhat.java-1.56.0-win32-x64\jre\21.0.12.1-win32-x86_64\bin\nio.dll
Event: 0.606 Loaded shared library C:\Users\welcome\.vscode\extensions\redhat.java-1.56.0-win32-x64\jre\21.0.12.1-win32-x86_64\bin\nio.dll
Event: 0.616 Attempting to load shared library C:\Users\welcome\.vscode\extensions\redhat.java-1.56.0-win32-x64\jre\21.0.12.1-win32-x86_64\bin\zip.dll
Event: 0.616 Loaded shared library C:\Users\welcome\.vscode\extensions\redhat.java-1.56.0-win32-x64\jre\21.0.12.1-win32-x86_64\bin\zip.dll
Event: 0.694 Attempting to load shared library C:\Users\welcome\.vscode\extensions\redhat.java-1.56.0-win32-x64\jre\21.0.12.1-win32-x86_64\bin\jimage.dll
Event: 0.694 Loaded shared library C:\Users\welcome\.vscode\extensions\redhat.java-1.56.0-win32-x64\jre\21.0.12.1-win32-x86_64\bin\jimage.dll
Event: 1.088 Attempting to load shared library c:\Users\welcome\.vscode\extensions\redhat.java-1.56.0-win32-x64\jre\21.0.12.1-win32-x86_64\bin\verify.dll
Event: 1.090 Loaded shared library c:\Users\welcome\.vscode\extensions\redhat.java-1.56.0-win32-x64\jre\21.0.12.1-win32-x86_64\bin\verify.dll
Event: 10.558 Attempting to load shared library C:\Users\welcome\AppData\Roaming\Code\User\globalStorage\redhat.java\1.56.0\config_win\org.eclipse.equinox.launcher\org.eclipse.equinox.launcher.win32.win32.x86_64_1.3.100.v20260804-1928\eclipse_11924.dll
Event: 10.570 Loaded shared library C:\Users\welcome\AppData\Roaming\Code\User\globalStorage\redhat.java\1.56.0\config_win\org.eclipse.equinox.launcher\org.eclipse.equinox.launcher.win32.win32.x86_64_1.3.100.v20260804-1928\eclipse_11924.dll
Event: 53.643 Attempting to load shared library C:\Users\welcome\AppData\Local\Temp\jna-1233099618\jna9413911552208609629.dll
Event: 54.420 Loaded shared library C:\Users\welcome\AppData\Local\Temp\jna-1233099618\jna9413911552208609629.dll
Event: 75.479 Attempting to load shared library C:\Users\welcome\.vscode\extensions\redhat.java-1.56.0-win32-x64\jre\21.0.12.1-win32-x86_64\bin\sunmscapi.dll
Event: 76.359 Loaded shared library C:\Users\welcome\.vscode\extensions\redhat.java-1.56.0-win32-x64\jre\21.0.12.1-win32-x86_64\bin\sunmscapi.dll
Event: 80.088 Attempting to load shared library C:\Users\welcome\.vscode\extensions\redhat.java-1.56.0-win32-x64\jre\21.0.12.1-win32-x86_64\bin\extnet.dll
Event: 80.113 Loaded shared library C:\Users\welcome\.vscode\extensions\redhat.java-1.56.0-win32-x64\jre\21.0.12.1-win32-x86_64\bin\extnet.dll
Event: 137.268 Attempting to load shared library C:\Users\welcome\.gradle\native\c067742578af261105cb4f569cf0c3c89f3d7b1fecec35dd04571415982c5e48\windows-amd64\native-platform.dll
Event: 165.241 Loaded shared library C:\Users\welcome\.gradle\native\c067742578af261105cb4f569cf0c3c89f3d7b1fecec35dd04571415982c5e48\windows-amd64\native-platform.dll

Deoptimization events (20 events):
Event: 179.933 Thread 0x0000028578b9c420 DEOPT PACKING pc=0x000002851f33d57d sp=0x00000089ee9fd2b0
Event: 179.933 Thread 0x0000028578b9c420 DEOPT UNPACKING pc=0x0000028526074242 sp=0x00000089ee9fc760 mode 0
Event: 180.025 Thread 0x0000028578b9c420 Uncommon trap: trap_request=0xffffff45 fr.pc=0x0000028526600f48 relative=0x00000000000000a8
Event: 180.025 Thread 0x0000028578b9c420 Uncommon trap: reason=unstable_if action=reinterpret pc=0x0000028526600f48 method=java.util.regex.Pattern.append(II)V @ 9 c2
Event: 180.026 Thread 0x0000028578b9c420 DEOPT PACKING pc=0x0000028526600f48 sp=0x00000089ee9fcfa0
Event: 180.026 Thread 0x0000028578b9c420 DEOPT UNPACKING pc=0x0000028526073aa2 sp=0x00000089ee9fcf30 mode 2
Event: 180.494 Thread 0x0000028578b9c420 DEOPT PACKING pc=0x000002851f997fe7 sp=0x00000089ee9fd0c0
Event: 180.494 Thread 0x0000028578b9c420 DEOPT UNPACKING pc=0x0000028526074242 sp=0x00000089ee9fc630 mode 0
Event: 180.627 Thread 0x0000028578b9c420 Uncommon trap: trap_request=0xffffffc6 fr.pc=0x00000285266413dc relative=0x00000000000008fc
Event: 180.627 Thread 0x0000028578b9c420 Uncommon trap: reason=bimorphic_or_optimized_type_check action=maybe_recompile pc=0x00000285266413dc method=java.util.HashMap.putVal(ILjava/lang/Object;Ljava/lang/Object;ZZ)Ljava/lang/Object; @ 203 c2
Event: 180.627 Thread 0x0000028578b9c420 DEOPT PACKING pc=0x00000285266413dc sp=0x00000089ee9fd740
Event: 180.627 Thread 0x0000028578b9c420 DEOPT UNPACKING pc=0x0000028526073aa2 sp=0x00000089ee9fd6b0 mode 2
Event: 183.441 Thread 0x0000028578b9eb80 Uncommon trap: trap_request=0xffffff45 fr.pc=0x0000028526b15b0c relative=0x000000000000120c
Event: 183.441 Thread 0x0000028578b9eb80 Uncommon trap: reason=unstable_if action=reinterpret pc=0x0000028526b15b0c method=jdk.internal.jrtfs.JrtPath.getName(I)Ljdk/internal/jrtfs/JrtPath; @ 72 c2
Event: 183.441 Thread 0x0000028578b9eb80 DEOPT PACKING pc=0x0000028526b15b0c sp=0x00000089ee3ff050
Event: 183.441 Thread 0x0000028578b9eb80 DEOPT UNPACKING pc=0x0000028526073aa2 sp=0x00000089ee3ff018 mode 2
Event: 183.444 Thread 0x0000028578b9eb80 Uncommon trap: trap_request=0xffffff45 fr.pc=0x0000028526b0d324 relative=0x0000000000000184
Event: 183.444 Thread 0x0000028578b9eb80 Uncommon trap: reason=unstable_if action=reinterpret pc=0x0000028526b0d324 method=org.eclipse.jdt.internal.compiler.parser.Scanner.internalScanIdentifierOrKeyword(II[C)Lorg/eclipse/jdt/internal/compiler/parser/TerminalToken; @ 3 c2
Event: 183.444 Thread 0x0000028578b9eb80 DEOPT PACKING pc=0x0000028526b0d324 sp=0x00000089ee3febf0
Event: 183.444 Thread 0x0000028578b9eb80 DEOPT UNPACKING pc=0x0000028526073aa2 sp=0x00000089ee3feb78 mode 2

Classes loaded (20 events):
Event: 103.216 Loading class sun/nio/ch/FileChannelImpl$Unmapper done
Event: 103.216 Loading class sun/nio/ch/FileChannelImpl$DefaultUnmapper done
Event: 103.216 Loading class sun/nio/ch/Util$4
Event: 103.217 Loading class sun/nio/ch/Util$4 done
Event: 103.290 Loading class java/nio/file/ClosedDirectoryStreamException
Event: 103.291 Loading class java/nio/file/ClosedDirectoryStreamException done
Event: 103.291 Loading class jdk/internal/jrtfs/JrtFileSystem
Event: 103.354 Loading class jdk/internal/jrtfs/JrtFileSystem done
Event: 103.354 Loading class jdk/internal/jrtfs/JrtPath
Event: 103.356 Loading class jdk/internal/jrtfs/JrtPath done
Event: 103.356 Loading class jdk/internal/jimage/ImageReader$Node
Event: 103.451 Loading class jdk/internal/jimage/ImageReader$Node done
Event: 104.185 Loading class java/nio/ByteBufferAsIntBufferL
Event: 104.271 Loading class java/nio/ByteBufferAsIntBufferL done
Event: 104.365 Loading class jdk/internal/jimage/ImageReader$Directory
Event: 104.376 Loading class jdk/internal/jimage/ImageReader$Directory done
Event: 109.734 Loading class java/nio/channels/Channels$ReadableByteChannelImpl
Event: 109.749 Loading class java/nio/channels/Channels$ReadableByteChannelImpl done
Event: 109.750 Loading class java/nio/channels/NonWritableChannelException
Event: 109.750 Loading class java/nio/channels/NonWritableChannelException done

Classes unloaded (14 events):
Event: 61.305 Thread 0x000002851b7be040 Unloading class 0x00000285341a1800 'java/lang/invoke/LambdaForm$MH+0x00000285341a1800'
Event: 61.305 Thread 0x000002851b7be040 Unloading class 0x00000285341a1400 'java/lang/invoke/LambdaForm$MH+0x00000285341a1400'
Event: 61.305 Thread 0x000002851b7be040 Unloading class 0x00000285341a1000 'java/lang/invoke/LambdaForm$MH+0x00000285341a1000'
Event: 61.305 Thread 0x000002851b7be040 Unloading class 0x00000285341a0c00 'java/lang/invoke/LambdaForm$MH+0x00000285341a0c00'
Event: 61.305 Thread 0x000002851b7be040 Unloading class 0x00000285341a0800 'java/lang/invoke/LambdaForm$BMH+0x00000285341a0800'
Event: 61.305 Thread 0x000002851b7be040 Unloading class 0x00000285341a0400 'java/lang/invoke/LambdaForm$DMH+0x00000285341a0400'
Event: 61.305 Thread 0x000002851b7be040 Unloading class 0x000002853419b000 'java/lang/invoke/LambdaForm$DMH+0x000002853419b000'
Event: 73.098 Thread 0x000002851b7be040 Unloading class 0x00000285342bb000 'java/lang/invoke/LambdaForm$MH+0x00000285342bb000'
Event: 73.098 Thread 0x000002851b7be040 Unloading class 0x00000285342b6c00 'java/lang/invoke/LambdaForm$MH+0x00000285342b6c00'
Event: 73.098 Thread 0x000002851b7be040 Unloading class 0x00000285342b6400 'java/lang/invoke/LambdaForm$MH+0x00000285342b6400'
Event: 73.098 Thread 0x000002851b7be040 Unloading class 0x00000285342b5c00 'java/lang/invoke/LambdaForm$MH+0x00000285342b5c00'
Event: 73.098 Thread 0x000002851b7be040 Unloading class 0x00000285342b5400 'java/lang/invoke/LambdaForm$MH+0x00000285342b5400'
Event: 73.098 Thread 0x000002851b7be040 Unloading class 0x00000285342b4c00 'java/lang/invoke/LambdaForm$MH+0x00000285342b4c00'
Event: 73.098 Thread 0x000002851b7be040 Unloading class 0x00000285342b4400 'java/lang/invoke/LambdaForm$MH+0x00000285342b4400'

Classes redefined (0 events):
No events

Internal exceptions (20 events):
Event: 91.388 Thread 0x0000028578ba05c0 Exception <a 'sun/nio/fs/WindowsException'{0x00000000d616ffb8}> (0x00000000d616ffb8) 
thrown [s\src\hotspot\share\prims\jni.cpp, line 520]
Event: 91.388 Thread 0x0000028578ba05c0 Exception <a 'sun/nio/fs/WindowsException'{0x00000000d6170650}> (0x00000000d6170650) 
thrown [s\src\hotspot\share\prims\jni.cpp, line 520]
Event: 91.388 Thread 0x0000028578ba05c0 Exception <a 'sun/nio/fs/WindowsException'{0x00000000d6170cf8}> (0x00000000d6170cf8) 
thrown [s\src\hotspot\share\prims\jni.cpp, line 520]
Event: 91.388 Thread 0x0000028578ba05c0 Exception <a 'sun/nio/fs/WindowsException'{0x00000000d61713b0}> (0x00000000d61713b0) 
thrown [s\src\hotspot\share\prims\jni.cpp, line 520]
Event: 92.165 Thread 0x0000028578ba05c0 Exception <a 'sun/nio/fs/WindowsException'{0x00000000d62b8ba8}> (0x00000000d62b8ba8) 
thrown [s\src\hotspot\share\prims\jni.cpp, line 520]
Event: 92.165 Thread 0x0000028578ba05c0 Exception <a 'sun/nio/fs/WindowsException'{0x00000000d62b9208}> (0x00000000d62b9208) 
thrown [s\src\hotspot\share\prims\jni.cpp, line 520]
Event: 92.166 Thread 0x0000028578ba05c0 Exception <a 'sun/nio/fs/WindowsException'{0x00000000d62b9868}> (0x00000000d62b9868) 
thrown [s\src\hotspot\share\prims\jni.cpp, line 520]
Event: 92.166 Thread 0x0000028578ba05c0 Exception <a 'sun/nio/fs/WindowsException'{0x00000000d62b9ee8}> (0x00000000d62b9ee8) 
thrown [s\src\hotspot\share\prims\jni.cpp, line 520]
Event: 92.217 Thread 0x0000028578ba05c0 Exception <a 'sun/nio/fs/WindowsException'{0x00000000d62bd830}> (0x00000000d62bd830) 
thrown [s\src\hotspot\share\prims\jni.cpp, line 520]
Event: 92.217 Thread 0x0000028578ba05c0 Exception <a 'sun/nio/fs/WindowsException'{0x00000000d62bdec0}> (0x00000000d62bdec0) 
thrown [s\src\hotspot\share\prims\jni.cpp, line 520]
Event: 92.217 Thread 0x0000028578ba05c0 Exception <a 'sun/nio/fs/WindowsException'{0x00000000d62be550}> (0x00000000d62be550) 
thrown [s\src\hotspot\share\prims\jni.cpp, line 520]
Event: 92.218 Thread 0x0000028578ba05c0 Exception <a 'sun/nio/fs/WindowsException'{0x00000000d62bec00}> (0x00000000d62bec00) 
thrown [s\src\hotspot\share\prims\jni.cpp, line 520]
Event: 92.245 Thread 0x0000028578ba05c0 Exception <a 'sun/nio/fs/WindowsException'{0x00000000d62cc578}> (0x00000000d62cc578) 
thrown [s\src\hotspot\share\prims\jni.cpp, line 520]
Event: 92.247 Thread 0x0000028578ba05c0 Exception <a 'sun/nio/fs/WindowsException'{0x00000000d62ccc08}> (0x00000000d62ccc08) 
thrown [s\src\hotspot\share\prims\jni.cpp, line 520]
Event: 92.247 Thread 0x0000028578ba05c0 Exception <a 'sun/nio/fs/WindowsException'{0x00000000d62cd298}> (0x00000000d62cd298) 
thrown [s\src\hotspot\share\prims\jni.cpp, line 520]
Event: 92.247 Thread 0x0000028578ba05c0 Exception <a 'sun/nio/fs/WindowsException'{0x00000000d62cd948}> (0x00000000d62cd948) 
thrown [s\src\hotspot\share\prims\jni.cpp, line 520]
Event: 92.260 Thread 0x0000028578ba05c0 Exception <a 'sun/nio/fs/WindowsException'{0x00000000d63046d0}> (0x00000000d63046d0) 
thrown [s\src\hotspot\share\prims\jni.cpp, line 520]
Event: 103.219 Thread 0x0000028578b9eb80 Exception <a 'java/lang/NoSuchMethodError'{0x00000000d5b6e450}: 'java.lang.Object java.lang.invoke.DelegatingMethodHandle$Holder.reinvoke_L(java.lang.Object, int, long, java.lang.Object, java.lang.Object, int, java.lang.Object)'> (0x00000000d5b6e450) 
thrown [s\src\hotspot\share\interpreter\linkResolver.cpp, line 773]
Event: 116.781 Thread 0x0000028578b9eb80 Implicit null exception at 0x0000028526962ee9 to 0x0000028526963108
Event: 124.596 Thread 0x0000028578b9eb80 Implicit null exception at 0x00000285269fded7 to 0x0000028526a02340

ZGC Phase Switch (0 events):
No events

VM Operations (20 events):
Event: 182.652 Executing safepoint VM operation: ParallelGCFailedAllocation (Allocation Failure)
Event: 183.083 Executing safepoint VM operation: ParallelGCFailedAllocation (Allocation Failure) done
Event: 183.283 Executing safepoint VM operation: ParallelGCFailedAllocation (Allocation Failure)
Event: 183.286 Executing safepoint VM operation: ParallelGCFailedAllocation (Allocation Failure) done
Event: 183.356 Executing safepoint VM operation: ParallelGCFailedAllocation (Allocation Failure)
Event: 183.358 Executing safepoint VM operation: ParallelGCFailedAllocation (Allocation Failure) done
Event: 183.398 Executing safepoint VM operation: ParallelGCFailedAllocation (Allocation Failure)
Event: 183.401 Executing safepoint VM operation: ParallelGCFailedAllocation (Allocation Failure) done
Event: 183.473 Executing safepoint VM operation: ParallelGCFailedAllocation (Allocation Failure)
Event: 183.475 Executing safepoint VM operation: ParallelGCFailedAllocation (Allocation Failure) done
Event: 183.527 Executing safepoint VM operation: ParallelGCFailedAllocation (Allocation Failure)
Event: 183.530 Executing safepoint VM operation: ParallelGCFailedAllocation (Allocation Failure) done
Event: 183.632 Executing safepoint VM operation: ParallelGCFailedAllocation (Allocation Failure)
Event: 183.636 Executing safepoint VM operation: ParallelGCFailedAllocation (Allocation Failure) done
Event: 183.745 Executing safepoint VM operation: ParallelGCFailedAllocation (Allocation Failure)
Event: 183.754 Executing safepoint VM operation: ParallelGCFailedAllocation (Allocation Failure) done
Event: 183.795 Executing safepoint VM operation: ParallelGCFailedAllocation (Allocation Failure)
Event: 183.799 Executing safepoint VM operation: ParallelGCFailedAllocation (Allocation Failure) done
Event: 183.995 Executing safepoint VM operation: ParallelGCFailedAllocation (Allocation Failure)
Event: 183.999 Executing safepoint VM operation: ParallelGCFailedAllocation (Allocation Failure) done

Memory protections (0 events):
No events

Nmethod flushes (20 events):
Event: 179.397 Thread 0x000002851b7be040 flushing  nmethod 0x000002851f4b6d90
Event: 179.397 Thread 0x000002851b7be040 flushing  nmethod 0x000002851f4b7990
Event: 179.397 Thread 0x000002851b7be040 flushing  nmethod 0x000002851f4d3910
Event: 179.397 Thread 0x000002851b7be040 flushing  nmethod 0x000002851f4df990
Event: 179.397 Thread 0x000002851b7be040 flushing  nmethod 0x000002851f4e0990
Event: 179.397 Thread 0x000002851b7be040 flushing  nmethod 0x000002851f4e0f10
Event: 179.397 Thread 0x000002851b7be040 flushing  nmethod 0x000002851f4e1390
Event: 179.397 Thread 0x000002851b7be040 flushing  nmethod 0x000002851f4e1910
Event: 179.397 Thread 0x000002851b7be040 flushing  nmethod 0x000002851f4e2810
Event: 179.397 Thread 0x000002851b7be040 flushing  nmethod 0x000002851f4e2e10
Event: 179.397 Thread 0x000002851b7be040 flushing  nmethod 0x000002851f4e3690
Event: 179.397 Thread 0x000002851b7be040 flushing  nmethod 0x000002851f4e3a10
Event: 179.397 Thread 0x000002851b7be040 flushing  nmethod 0x000002851f4e3f10
Event: 179.397 Thread 0x000002851b7be040 flushing  nmethod 0x000002851f4e4790
Event: 179.397 Thread 0x000002851b7be040 flushing  nmethod 0x000002851f4e4f90
Event: 179.397 Thread 0x000002851b7be040 flushing  nmethod 0x000002851f4e5310
Event: 179.397 Thread 0x000002851b7be040 flushing  nmethod 0x000002851f4e5a10
Event: 179.397 Thread 0x000002851b7be040 flushing  nmethod 0x000002851f507f10
Event: 179.397 Thread 0x000002851b7be040 flushing  nmethod 0x000002851f508410
Event: 179.397 Thread 0x000002851b7be040 flushing  nmethod 0x000002851f508990

Events (20 events):
Event: 56.201 Thread 0x000002857846d450 Thread added: 0x000002857846c730
Event: 63.548 Thread 0x000002857846c730 Thread added: 0x0000028578b9cab0
Event: 64.231 Thread 0x0000028578b9cab0 Thread added: 0x0000028578ba12e0
Event: 69.731 Thread 0x000002857848d040 Thread added: 0x0000028578b9eb80
Event: 75.109 Thread 0x0000028578b9cab0 Thread added: 0x0000028578ba1970
Event: 76.130 Thread 0x0000028578ba1970 Thread added: 0x0000028578ba05c0
Event: 77.304 Thread 0x00000285195b18e0 Thread added: 0x0000028578ba0c50
Event: 77.534 Thread 0x0000028578ba1970 Thread added: 0x0000028578b9de60
Event: 77.668 Thread 0x0000028578ba1970 Thread added: 0x0000028578b9f210
Event: 79.773 Thread 0x0000028578ba1970 Thread added: 0x0000028578b9c420
Event: 81.559 Thread 0x00000285195b18e0 Thread added: 0x0000028578b9f8a0
Event: 81.559 Thread 0x00000285195b18e0 Thread added: 0x0000028578b9e4f0
Event: 86.421 Thread 0x0000028578b9cab0 Thread added: 0x0000028578b9bd90
Event: 86.588 Thread 0x0000028578b9bd90 Thread exited: 0x0000028578b9bd90
Event: 87.283 Thread 0x0000028578b9cab0 Thread added: 0x0000028578ba2000
Event: 90.574 Thread 0x0000028578ba05c0 Thread added: 0x0000028578b9ff30
Event: 93.672 Thread 0x0000028578ba05c0 Thread added: 0x0000028578b9b070
Event: 93.673 Thread 0x0000028578ba05c0 Thread added: 0x0000028578b9d140
Event: 102.293 Thread 0x0000028578ba2000 Thread exited: 0x0000028578ba2000
Event: 151.002 Thread 0x000002857846c730 Thread exited: 0x000002857846c730


Dynamic libraries:
0x00007ff784f00000 - 0x00007ff784f0e000 	c:\Users\welcome\.vscode\extensions\redhat.java-1.56.0-win32-x64\jre\21.0.12.1-win32-x86_64\bin\java.exe
0x00007fffc4bd0000 - 0x00007fffc4dc9000 	C:\Windows\SYSTEM32\ntdll.dll
0x00007fffc3a60000 - 0x00007fffc3b22000 	C:\Windows\System32\KERNEL32.DLL
0x00007fffc25d0000 - 0x00007fffc28c7000 	C:\Windows\System32\KERNELBASE.dll
0x00007fffc2a30000 - 0x00007fffc2b30000 	C:\Windows\System32\ucrtbase.dll
0x00007fffbc170000 - 0x00007fffbc188000 	c:\Users\welcome\.vscode\extensions\redhat.java-1.56.0-win32-x64\jre\21.0.12.1-win32-x86_64\bin\jli.dll
0x00007fffc3560000 - 0x00007fffc36fd000 	C:\Windows\System32\USER32.dll
0x00007fffc2b80000 - 0x00007fffc2ba2000 	C:\Windows\System32\win32u.dll
0x00007fffc3b90000 - 0x00007fffc3bbb000 	C:\Windows\System32\GDI32.dll
0x00007fffc22c0000 - 0x00007fffc23da000 	C:\Windows\System32\gdi32full.dll
0x00007fffc2220000 - 0x00007fffc22bd000 	C:\Windows\System32\msvcp_win.dll
0x00007fffae230000 - 0x00007fffae24e000 	c:\Users\welcome\.vscode\extensions\redhat.java-1.56.0-win32-x64\jre\21.0.12.1-win32-x86_64\bin\VCRUNTIME140.dll
0x00007fffaf7a0000 - 0x00007fffafa3b000 	C:\Windows\WinSxS\amd64_microsoft.windows.common-controls_6595b64144ccf1df_6.0.19041.7663_none_60b9ed0b71f50c93\COMCTL32.dll
0x00007fffc3940000 - 0x00007fffc39de000 	C:\Windows\System32\msvcrt.dll
0x00007fffc3910000 - 0x00007fffc393f000 	C:\Windows\System32\IMM32.DLL
0x00007fffbcf80000 - 0x00007fffbcf8c000 	c:\Users\welcome\.vscode\extensions\redhat.java-1.56.0-win32-x64\jre\21.0.12.1-win32-x86_64\bin\vcruntime140_1.dll
0x00007fff9a720000 - 0x00007fff9a7ad000 	c:\Users\welcome\.vscode\extensions\redhat.java-1.56.0-win32-x64\jre\21.0.12.1-win32-x86_64\bin\msvcp140.dll
0x00007fff85720000 - 0x00007fff864c2000 	c:\Users\welcome\.vscode\extensions\redhat.java-1.56.0-win32-x64\jre\21.0.12.1-win32-x86_64\bin\server\jvm.dll
0x00007fffc4ad0000 - 0x00007fffc4b82000 	C:\Windows\System32\ADVAPI32.dll
0x00007fffc3400000 - 0x00007fffc34a0000 	C:\Windows\System32\sechost.dll
0x00007fffc37e0000 - 0x00007fffc3906000 	C:\Windows\System32\RPCRT4.dll
0x00007fffc2460000 - 0x00007fffc2487000 	C:\Windows\System32\bcrypt.dll
0x00007fffc39e0000 - 0x00007fffc3a53000 	C:\Windows\System32\WS2_32.dll
0x00007fffc2070000 - 0x00007fffc20bb000 	C:\Windows\SYSTEM32\POWRPROF.dll
0x00007fffad060000 - 0x00007fffad087000 	C:\Windows\SYSTEM32\WINMM.dll
0x00007fffbb7b0000 - 0x00007fffbb7ba000 	C:\Windows\SYSTEM32\VERSION.dll
0x00007fffc2050000 - 0x00007fffc2062000 	C:\Windows\SYSTEM32\UMPDC.dll
0x00007fffc0030000 - 0x00007fffc0042000 	C:\Windows\SYSTEM32\kernel.appcore.dll
0x00007fffbcc90000 - 0x00007fffbcc9a000 	c:\Users\welcome\.vscode\extensions\redhat.java-1.56.0-win32-x64\jre\21.0.12.1-win32-x86_64\bin\jimage.dll
0x00007fffac260000 - 0x00007fffac46b000 	C:\Windows\SYSTEM32\DBGHELP.DLL
0x00007fffaae90000 - 0x00007fffaaec5000 	C:\Windows\SYSTEM32\dbgcore.DLL
0x00007fffc2540000 - 0x00007fffc25c2000 	C:\Windows\System32\bcryptPrimitives.dll
0x00007fffbc940000 - 0x00007fffbc94f000 	c:\Users\welcome\.vscode\extensions\redhat.java-1.56.0-win32-x64\jre\21.0.12.1-win32-x86_64\bin\instrument.dll
0x00007fffb76d0000 - 0x00007fffb76f0000 	c:\Users\welcome\.vscode\extensions\redhat.java-1.56.0-win32-x64\jre\21.0.12.1-win32-x86_64\bin\java.dll
0x00007fffc2c80000 - 0x00007fffc33f1000 	C:\Windows\System32\SHELL32.dll
0x00007fffc0240000 - 0x00007fffc09ec000 	C:\Windows\SYSTEM32\windows.storage.dll
0x00007fffc4040000 - 0x00007fffc4394000 	C:\Windows\System32\combase.dll
0x00007fffc1b70000 - 0x00007fffc1b9b000 	C:\Windows\SYSTEM32\Wldp.dll
0x00007fffc34a0000 - 0x00007fffc354d000 	C:\Windows\System32\SHCORE.dll
0x00007fffc2c10000 - 0x00007fffc2c6b000 	C:\Windows\System32\shlwapi.dll
0x00007fffc2150000 - 0x00007fffc2175000 	C:\Windows\SYSTEM32\profapi.dll
0x00007fffae210000 - 0x00007fffae228000 	c:\Users\welcome\.vscode\extensions\redhat.java-1.56.0-win32-x64\jre\21.0.12.1-win32-x86_64\bin\zip.dll
0x00007fffbcc80000 - 0x00007fffbcc90000 	C:\Users\welcome\.vscode\extensions\redhat.java-1.56.0-win32-x64\jre\21.0.12.1-win32-x86_64\bin\net.dll
0x00007fffb8a20000 - 0x00007fffb8b2d000 	C:\Windows\SYSTEM32\WINHTTP.dll
0x00007fffc1880000 - 0x00007fffc18ea000 	C:\Windows\system32\mswsock.dll
0x00007fffad7d0000 - 0x00007fffad7e6000 	C:\Users\welcome\.vscode\extensions\redhat.java-1.56.0-win32-x64\jre\21.0.12.1-win32-x86_64\bin\nio.dll
0x00007fffba920000 - 0x00007fffba930000 	c:\Users\welcome\.vscode\extensions\redhat.java-1.56.0-win32-x64\jre\21.0.12.1-win32-x86_64\bin\verify.dll
0x00007fff9a6d0000 - 0x00007fff9a715000 	C:\Users\welcome\AppData\Roaming\Code\User\globalStorage\redhat.java\1.56.0\config_win\org.eclipse.equinox.launcher\org.eclipse.equinox.launcher.win32.win32.x86_64_1.3.100.v20260804-1928\eclipse_11924.dll
0x00007fffc4770000 - 0x00007fffc489c000 	C:\Windows\System32\ole32.dll
0x00007fffc1ad0000 - 0x00007fffc1ae8000 	C:\Windows\SYSTEM32\CRYPTSP.dll
0x00007fffc1180000 - 0x00007fffc11b8000 	C:\Windows\system32\rsaenh.dll
0x00007fffc20c0000 - 0x00007fffc20ee000 	C:\Windows\SYSTEM32\USERENV.dll
0x00007fffc1ac0000 - 0x00007fffc1acc000 	C:\Windows\SYSTEM32\CRYPTBASE.dll
0x00007fffc1550000 - 0x00007fffc158b000 	C:\Windows\SYSTEM32\IPHLPAPI.DLL
0x00007fffc2c70000 - 0x00007fffc2c78000 	C:\Windows\System32\NSI.dll
0x00007fff875d0000 - 0x00007fff87619000 	C:\Users\welcome\AppData\Local\Temp\jna-1233099618\jna9413911552208609629.dll
0x00007fffc44c0000 - 0x00007fffc44c8000 	C:\Windows\System32\PSAPI.DLL
0x00007fffb9550000 - 0x00007fffb9567000 	C:\Windows\SYSTEM32\dhcpcsvc6.DLL
0x00007fffb9530000 - 0x00007fffb954d000 	C:\Windows\SYSTEM32\dhcpcsvc.DLL
0x00007fffbc960000 - 0x00007fffbc96e000 	C:\Users\welcome\.vscode\extensions\redhat.java-1.56.0-win32-x64\jre\21.0.12.1-win32-x86_64\bin\sunmscapi.dll
0x00007fffc28d0000 - 0x00007fffc2a2d000 	C:\Windows\System32\CRYPT32.dll
0x00007fffc1be0000 - 0x00007fffc1c07000 	C:\Windows\SYSTEM32\ncrypt.dll
0x00007fffc1ba0000 - 0x00007fffc1bdb000 	C:\Windows\SYSTEM32\NTASN1.dll
0x00007fffc1590000 - 0x00007fffc165c000 	C:\Windows\SYSTEM32\DNSAPI.dll
0x00007fffbb700000 - 0x00007fffbb70a000 	C:\Windows\System32\rasadhlp.dll
0x00007fffb5790000 - 0x00007fffb5810000 	C:\Windows\System32\fwpuclnt.dll
0x00007fffbc950000 - 0x00007fffbc959000 	C:\Users\welcome\.vscode\extensions\redhat.java-1.56.0-win32-x64\jre\21.0.12.1-win32-x86_64\bin\extnet.dll
0x00007fffb7720000 - 0x00007fffb7747000 	C:\Users\welcome\.gradle\native\c067742578af261105cb4f569cf0c3c89f3d7b1fecec35dd04571415982c5e48\windows-amd64\native-platform.dll

JVMTI agents:
c:\Users\welcome\.vscode\extensions\redhat.java-1.56.0-win32-x64\lombok\lombok-1.18.39-4050.jar path:c:\Users\welcome\.vscode\extensions\redhat.java-1.56.0-win32-x64\jre\21.0.12.1-win32-x86_64\bin\instrument.dll, loaded, initialized, instrumentlib options:none

dbghelp: loaded successfully - version: 4.0.5 - missing functions: none
symbol engine: initialized successfully - sym options: 0x614 - pdb path: .;c:\Users\welcome\.vscode\extensions\redhat.java-1.56.0-win32-x64\jre\21.0.12.1-win32-x86_64\bin;C:\Windows\SYSTEM32;C:\Windows\WinSxS\amd64_microsoft.windows.common-controls_6595b64144ccf1df_6.0.19041.7663_none_60b9ed0b71f50c93;c:\Users\welcome\.vscode\extensions\redhat.java-1.56.0-win32-x64\jre\21.0.12.1-win32-x86_64\bin\server;C:\Users\welcome\AppData\Roaming\Code\User\globalStorage\redhat.java\1.56.0\config_win\org.eclipse.equinox.launcher\org.eclipse.equinox.launcher.win32.win32.x86_64_1.3.100.v20260804-1928;C:\Users\welcome\AppData\Local\Temp\jna-1233099618;C:\Users\welcome\.gradle\native\c067742578af261105cb4f569cf0c3c89f3d7b1fecec35dd04571415982c5e48\windows-amd64

VM Arguments:
jvm_args: --add-modules=ALL-SYSTEM --add-opens=java.base/java.util=ALL-UNNAMED --add-opens=java.base/java.lang=ALL-UNNAMED --add-opens=java.base/sun.nio.fs=ALL-UNNAMED -Declipse.application=org.eclipse.jdt.ls.core.id1 -Dosgi.bundles.defaultStartLevel=4 -Declipse.product=org.eclipse.jdt.ls.core.product -Djava.import.generatesMetadataFilesAtProjectRoot=false -Dm2e.project.cache.size=50 -DDetectVMInstallationsJob.disabled=true -Dfile.encoding=utf8 -XX:+UseParallelGC -XX:GCTimeRatio=4 -XX:AdaptiveSizePolicyWeight=90 -Dsun.zip.disableMemoryMapping=true -Xmx2G -Xms100m -Xlog:disable -javaagent:c:\Users\welcome\.vscode\extensions\redhat.java-1.56.0-win32-x64\lombok\lombok-1.18.39-4050.jar -XX:+HeapDumpOnOutOfMemoryError -XX:HeapDumpPath=c:\Users\welcome\AppData\Roaming\Code\User\workspaceStorage\438089d090c8572c52f170013986077f\redhat.java -Daether.dependencyCollector.impl=bf 
java_command: c:\Users\welcome\.vscode\extensions\redhat.java-1.56.0-win32-x64\server\plugins\org.eclipse.equinox.launcher_1.8.0.v20260804-1928.jar -configuration c:\Users\welcome\AppData\Roaming\Code\User\globalStorage\redhat.java\1.56.0\config_win -data c:\Users\welcome\AppData\Roaming\Code\User\workspaceStorage\438089d090c8572c52f170013986077f\redhat.java\jdt_ws --stdio
java_class_path (initial): c:\Users\welcome\.vscode\extensions\redhat.java-1.56.0-win32-x64\server\plugins\org.eclipse.equinox.launcher_1.8.0.v20260804-1928.jar
Launcher Type: SUN_STANDARD

[Global flags]
    uintx AdaptiveSizePolicyWeight                 = 90                                        {product} {command line}
     intx CICompilerCount                          = 3                                         {product} {ergonomic}
    uintx GCTimeRatio                              = 4                                         {product} {command line}
     bool HeapDumpOnOutOfMemoryError               = true                                   {manageable} {command line}
    ccstr HeapDumpPath                             = c:\Users\welcome\AppData\Roaming\Code\User\workspaceStorage\438089d090c8572c52f170013986077f\redhat.java         {manageable} {command line}
   size_t InitialHeapSize                          = 104857600                                 {product} {command line}
   size_t MaxHeapSize                              = 2147483648                                {product} {command line}
   size_t MaxNewSize                               = 715653120                                 {product} {ergonomic}
   size_t MinHeapDeltaBytes                        = 524288                                    {product} {ergonomic}
   size_t MinHeapSize                              = 104857600                                 {product} {command line}
   size_t NewSize                                  = 34603008                                  {product} {ergonomic}
    uintx NonNMethodCodeHeapSize                   = 5832780                                {pd product} {ergonomic}
    uintx NonProfiledCodeHeapSize                  = 122912730                              {pd product} {ergonomic}
   size_t OldSize                                  = 70254592                                  {product} {ergonomic}
    uintx ProfiledCodeHeapSize                     = 122912730                              {pd product} {ergonomic}
    uintx ReservedCodeCacheSize                    = 251658240                              {pd product} {ergonomic}
     bool SegmentedCodeCache                       = true                                      {product} {ergonomic}
   size_t SoftMaxHeapSize                          = 2147483648                             {manageable} {ergonomic}
     bool UseCompressedOops                        = true                           {product lp64_product} {ergonomic}
     bool UseLargePagesIndividualAllocation        = false                                  {pd product} {ergonomic}
     bool UseParallelGC                            = true                                      {product} {command line}

Logging:
Log output configuration:
 #0: stdout all=off uptime,level,tags foldmultilines=false
 #1: stderr all=off uptime,level,tags foldmultilines=false

Release file:
JAVA_VERSION="21.0.12.1" 
MODULES="java.base java.compiler java.datatransfer java.xml java.prefs java.desktop java.instrument java.logging java.management java.security.sasl java.naming java.rmi java.management.rmi java.net.http java.scripting java.security.jgss java.transaction.xa java.sql java.sql.rowset java.xml.crypto java.se java.smartcardio jdk.accessibility jdk.internal.jvmstat jdk.attach jdk.charsets jdk.internal.opt jdk.zipfs jdk.compiler jdk.crypto.ec jdk.crypto.cryptoki jdk.crypto.mscapi jdk.dynalink jdk.internal.ed jdk.editpad jdk.hotspot.agent jdk.httpserver jdk.internal.le jdk.internal.vm.ci jdk.internal.vm.compiler jdk.internal.vm.compiler.management jdk.jartool jdk.javadoc jdk.jcmd jdk.management jdk.management.agent jdk.jconsole jdk.jdeps jdk.jdwp.agent jdk.jdi jdk.jfr jdk.jshell jdk.jsobject jdk.jstatd jdk.localedata jdk.management.jfr jdk.naming.dns jdk.naming.rmi jdk.net jdk.nio.mapmode jdk.random jdk.sctp jdk.security.auth jdk.security.jgss jdk.unsupported jdk.unsupported.desktop jdk.xml.dom" 

Environment Variables:
PATH=C:\Program Files\Eclipse Adoptium\jdk-17.0.20.101-hotspot\bin;C:\Windows\system32;C:\Windows;C:\Windows\System32\Wbem;C:\Windows\System32\WindowsPowerShell\v1.0\;C:\Windows\System32\OpenSSH\;C:\Program Files\Git\cmd;C:\Program Files\nodejs\;C:\Users\welcome\AppData\Local\Microsoft\WindowsApps;C:\Users\welcome\AppData\Local\Programs\Microsoft VS Code\bin;C:\Users\welcome\AppData\Local\Programs\DockerDesktop\resources\bin;C:\Users\welcome\AppData\Roaming\npm
USERNAME=welcome
OS=Windows_NT
PROCESSOR_IDENTIFIER=Intel64 Family 6 Model 142 Stepping 9, GenuineIntel
TMP=C:\Users\welcome\AppData\Local\Temp
TEMP=C:\Users\welcome\AppData\Local\Temp




Periodic native trim disabled

---------------  S Y S T E M  ---------------

OS:
 Windows 10 , 64 bit Build 19041 (10.0.19041.7725)
OS uptime: 0 days 23:32 hours
Hyper-V role detected

CPU: total 4 (initial active 4) (2 cores per cpu, 2 threads per core) family 6 model 142 stepping 9 microcode 0xea, cx8, cmov, fxsr, ht, mmx, 3dnowpref, sse, sse2, sse3, ssse3, sse4.1, sse4.2, popcnt, lzcnt, tsc, tscinvbit, avx, avx2, aes, erms, clmul, bmi1, bmi2, adx, fma, vzeroupper, clflush, clflushopt, hv, rdtscp, f16c
Processor Information for the first 4 processors :
  Max Mhz: 2400, Current Mhz: 2400, Mhz Limit: 2400

Memory: 4k page, system-wide physical 4005M (88M free)
TotalPageFile size 11505M (AvailPageFile size 3M)
current process WorkingSet (physical memory assigned to process): 198M, peak: 222M
current process commit charge ("private bytes"): 355M, peak: 356M

vm_info: OpenJDK 64-Bit Server VM (21.0.12.1+1-LTS) for windows-amd64 JRE (21.0.12.1+1-LTS), built on 2026-08-18T00:00:00Z by "admin" with MS VC++ 17.12 (VS2022)

END.
