#
# There is insufficient memory for the Java Runtime Environment to continue.
# Native memory allocation (malloc) failed to allocate 2098112 bytes. Error detail: Chunk::new
# Possible reasons:
#   The system is out of physical RAM or swap space
#   This process is running with CompressedOops enabled, and the Java Heap may be blocking the growth of the native heap
# Possible solutions:
#   Reduce memory load on the system
#   Increase physical memory or swap space
#   Check if swap backing store is full
#   Decrease Java heap size (-Xmx/-Xms)
#   Decrease number of Java threads
#   Decrease Java thread stack sizes (-Xss)
#   Set larger code cache with -XX:ReservedCodeCacheSize=
#   JVM is running with Unscaled Compressed Oops mode in which the Java heap is
#     placed in the first 4GB address space. The Java Heap base address is the
#     maximum limit for the native heap growth. Please use -XX:HeapBaseMinAddress
#     to set the Java Heap base and to place the Java Heap above 4GB virtual address.
# This output file may be truncated or incomplete.
#
#  Out of Memory Error (arena.cpp:168), pid=20056, tid=10116
#
# JRE version: OpenJDK Runtime Environment Temurin-21.0.12.1+1 (21.0.12.1+1) (build 21.0.12.1+1-LTS)
# Java VM: OpenJDK 64-Bit Server VM Temurin-21.0.12.1+1 (21.0.12.1+1-LTS, mixed mode, sharing, tiered, compressed oops, compressed class ptrs, parallel gc, windows-amd64)
# No core dump will be written. Minidumps are not enabled by default on client versions of Windows
#

---------------  S U M M A R Y ------------

Command Line: --add-modules=ALL-SYSTEM --add-opens=java.base/java.util=ALL-UNNAMED --add-opens=java.base/java.lang=ALL-UNNAMED --add-opens=java.base/sun.nio.fs=ALL-UNNAMED -Declipse.application=org.eclipse.jdt.ls.core.id1 -Dosgi.bundles.defaultStartLevel=4 -Declipse.product=org.eclipse.jdt.ls.core.product -Djava.import.generatesMetadataFilesAtProjectRoot=false -Dm2e.project.cache.size=50 -DDetectVMInstallationsJob.disabled=true -Dfile.encoding=utf8 -XX:+UseParallelGC -XX:GCTimeRatio=4 -XX:AdaptiveSizePolicyWeight=90 -Dsun.zip.disableMemoryMapping=true -Xmx2G -Xms100m -Xlog:disable -javaagent:c:\Users\welcome\.vscode\extensions\redhat.java-1.56.0-win32-x64\lombok\lombok-1.18.39-4050.jar -XX:+HeapDumpOnOutOfMemoryError -XX:HeapDumpPath=c:\Users\welcome\AppData\Roaming\Code\User\workspaceStorage\438089d090c8572c52f170013986077f\redhat.java -Daether.dependencyCollector.impl=bf c:\Users\welcome\.vscode\extensions\redhat.java-1.56.0-win32-x64\server\plugins\org.eclipse.equinox.launcher_1.8.0.v20260804-1928.jar -configuration c:\Users\welcome\AppData\Roaming\Code\User\globalStorage\redhat.java\1.56.0\config_win -data c:\Users\welcome\AppData\Roaming\Code\User\workspaceStorage\438089d090c8572c52f170013986077f\redhat.java\jdt_ws --pipe=\\.\pipe\lsp-532b1a1ec5743708fcdec5f109873970-sock

Host: Intel(R) Core(TM) i3-7100U CPU @ 2.40GHz, 4 cores, 3G,  Windows 10 , 64 bit Build 19041 (10.0.19041.7725)
Time: Wed Sep 23 10:27:25 2026 India Standard Time elapsed time: 881.313950 seconds (0d 0h 14m 41s)

---------------  T H R E A D  ---------------

Current thread (0x000002300d52e0a0):  JavaThread "C2 CompilerThread0" daemon [_thread_in_native, id=10116, stack(0x000000b44d000000,0x000000b44d100000) (1024K)]


Current CompileTask:
C2:881314 13084   !   4       org.eclipse.jdt.internal.core.search.indexing.BinaryIndexer::indexDocument (1172 bytes)

Stack: [0x000000b44d000000,0x000000b44d100000]
Native frames: (J=compiled Java code, j=interpreted, Vv=VM code, C=native code)
V  [jvm.dll+0x6d83e9]
V  [jvm.dll+0x8b5736]
V  [jvm.dll+0x8b7cee]
V  [jvm.dll+0x8b83d3]
V  [jvm.dll+0x284596]
V  [jvm.dll+0xc685d]
V  [jvm.dll+0xc6da1]
V  [jvm.dll+0x3bf18b]
V  [jvm.dll+0x38b6d2]
V  [jvm.dll+0x38ab1a]
V  [jvm.dll+0x24c700]
V  [jvm.dll+0x24bce0]
V  [jvm.dll+0x1cb4ae]
V  [jvm.dll+0x25baad]
V  [jvm.dll+0x25a03a]
V  [jvm.dll+0x3f8aae]
V  [jvm.dll+0x8600cd]
V  [jvm.dll+0x6d6c1d]
C  [ucrtbase.dll+0x21bb2]
C  [KERNEL32.DLL+0x17384]
C  [ntdll.dll+0x4cc91]


---------------  P R O C E S S  ---------------

Threads class SMR info:
_java_thread_list=0x000002306ff05330, length=111, elements={
0x000002300d643770, 0x000002300d525780, 0x000002300d526d90, 0x000002300d527cb0,
0x000002300d528bd0, 0x000002300d52c8b0, 0x000002300d52d310, 0x000002300d52e0a0,
0x000002300d5a29b0, 0x000002306a116df0, 0x000002306a1ab290, 0x000002306a8b6df0,
0x000002306a7def30, 0x000002306a6c9780, 0x000002306a6ca5d0, 0x000002306a45f8a0,
0x000002300d5d01f0, 0x000002306b034960, 0x000002306b035d10, 0x000002306b035680,
0x000002306b0363a0, 0x000002306b033c40, 0x000002306bac6410, 0x000002306bac6aa0,
0x000002306bac77c0, 0x000002306bac5d80, 0x000002306bac7e50, 0x000002306bac84e0,
0x000002306bac5060, 0x000002306bac56f0, 0x000002306c836840, 0x000002306c839630,
0x000002306c8361b0, 0x000002306c835490, 0x000002306c837bf0, 0x000002306c839cc0,
0x000002306c838910, 0x000002306b032f20, 0x000002306c836ed0, 0x000002306c833a50,
0x000002306c835b20, 0x000002306c834770, 0x000002306c832d30, 0x000002306ee992d0,
0x000002306ee99ff0, 0x000002306ee94aa0, 0x000002306ee985b0, 0x000002306ee95e50,
0x000002306ee99960, 0x000002306ee957c0, 0x000002306ee93060, 0x000002306ee964e0,
0x000002306ee96b70, 0x000002306ee97200, 0x000002306ee97890, 0x000002306ee98c40,
0x000002306ee9a680, 0x000002306ee936f0, 0x000002306c8333c0, 0x000002306c838fa0,
0x000002306ee94410, 0x000002306ee93d80, 0x000002306ee97f20, 0x000002306c8340e0,
0x000002306c834e00, 0x000002306c837560, 0x000002306b034ff0, 0x000002306b0335b0,
0x000002306bac7130, 0x000002306c838280, 0x000002306dff2d30, 0x000002306dff2010,
0x000002306dff33c0, 0x000002306dff0c60, 0x000002306dff3a50, 0x000002306dff40e0,
0x000002306dff1980, 0x000002306ee95130, 0x000002306fac7830, 0x000002306fac4a40,
0x000002306fac8550, 0x000002306facacb0, 0x000002306fac5760, 0x000002306facb9d0,
0x000002306fac9f90, 0x000002306fac50d0, 0x000002306fac71a0, 0x000002306fac7ec0,
0x000002306de270c0, 0x000002306de28470, 0x000002306de2cca0, 0x000002306de28b00,
0x000002306de2b260, 0x000002306de2bf80, 0x000002306de29eb0, 0x000002306de25d10,
0x000002306de26a30, 0x000002306fac9900, 0x000002306fac5df0, 0x000002306faca620,
0x000002306facb340, 0x000002306fac6480, 0x000002306fac6b10, 0x000002306fac8be0,
0x000002306de27750, 0x000002306de2c610, 0x000002306de2d330, 0x000002306de27de0,
0x000002306de2a540, 0x000002306de29190, 0x000002306de29820
}
_to_delete_list=0x000002306f43d590, length=112, elements={
0x000002300d643770, 0x000002300d525780, 0x000002300d526d90, 0x000002300d527cb0,
0x000002300d528bd0, 0x000002300d52c8b0, 0x000002300d52d310, 0x000002300d52e0a0,
0x000002300d5a29b0, 0x000002306a116df0, 0x000002306a1ab290, 0x000002306a8b6df0,
0x000002306a7def30, 0x000002306a6c9780, 0x000002306a6ca5d0, 0x000002306a45f8a0,
0x000002300d5d01f0, 0x000002306b034960, 0x000002306b035d10, 0x000002306b035680,
0x000002306b0363a0, 0x000002306b033c40, 0x000002306bac6410, 0x000002306bac6aa0,
0x000002306bac77c0, 0x000002306bac5d80, 0x000002306bac7e50, 0x000002306bac84e0,
0x000002306bac5060, 0x000002306bac56f0, 0x000002306c836840, 0x000002306c839630,
0x000002306c8361b0, 0x000002306c835490, 0x000002306c837bf0, 0x000002306c839cc0,
0x000002306c838910, 0x000002306b032f20, 0x000002306c836ed0, 0x000002306c833a50,
0x000002306c835b20, 0x000002306c834770, 0x000002306c832d30, 0x000002306ee992d0,
0x000002306ee99ff0, 0x000002306ee94aa0, 0x000002306ee985b0, 0x000002306ee95e50,
0x000002306ee99960, 0x000002306ee957c0, 0x000002306ee93060, 0x000002306ee964e0,
0x000002306ee96b70, 0x000002306ee97200, 0x000002306ee97890, 0x000002306ee98c40,
0x000002306ee9a680, 0x000002306ee936f0, 0x000002306c8333c0, 0x000002306c838fa0,
0x000002306ee94410, 0x000002306ee93d80, 0x000002306ee97f20, 0x000002306c8340e0,
0x000002306c834e00, 0x000002306c837560, 0x000002306b034ff0, 0x000002306b0335b0,
0x000002306bac7130, 0x000002306c838280, 0x000002306dff2d30, 0x000002306dff2010,
0x000002306dff33c0, 0x000002306dff0c60, 0x000002306dff3a50, 0x000002306dff40e0,
0x000002306dff1980, 0x000002306ee95130, 0x000002306fac7830, 0x000002306fac4a40,
0x000002306fac8550, 0x000002306facacb0, 0x000002306fac5760, 0x000002306facb9d0,
0x000002306fac9f90, 0x000002306fac50d0, 0x000002306fac71a0, 0x000002306fac7ec0,
0x000002306de270c0, 0x000002306de28470, 0x000002306de2cca0, 0x000002306de28b00,
0x000002306de2b260, 0x000002306de2bf80, 0x000002306de29eb0, 0x000002306de25d10,
0x000002306de26a30, 0x000002306fac9900, 0x000002306fac5df0, 0x000002306faca620,
0x000002306facb340, 0x000002306fac6480, 0x000002306fac6b10, 0x000002306fac8be0,
0x000002306de27750, 0x000002306de2c610, 0x000002306de2d330, 0x000002306de27de0,
0x000002306de2a540, 0x000002306de29190, 0x000002306de2b8f0, 0x000002306de29820
}

Java Threads: ( => current thread )
  0x000002300d643770 JavaThread "main"                              [_thread_blocked, id=3316, stack(0x000000b44c600000,0x000000b44c700000) (1024K)]
  0x000002300d525780 JavaThread "Reference Handler"          daemon [_thread_blocked, id=9728, stack(0x000000b44ca00000,0x000000b44cb00000) (1024K)]
  0x000002300d526d90 JavaThread "Finalizer"                  daemon [_thread_blocked, id=1672, stack(0x000000b44cb00000,0x000000b44cc00000) (1024K)]
  0x000002300d527cb0 JavaThread "Signal Dispatcher"          daemon [_thread_blocked, id=4004, stack(0x000000b44cc00000,0x000000b44cd00000) (1024K)]
  0x000002300d528bd0 JavaThread "Attach Listener"            daemon [_thread_blocked, id=4880, stack(0x000000b44cd00000,0x000000b44ce00000) (1024K)]
  0x000002300d52c8b0 JavaThread "Service Thread"             daemon [_thread_blocked, id=9692, stack(0x000000b44ce00000,0x000000b44cf00000) (1024K)]
  0x000002300d52d310 JavaThread "Monitor Deflation Thread"   daemon [_thread_blocked, id=7340, stack(0x000000b44cf00000,0x000000b44d000000) (1024K)]
=>0x000002300d52e0a0 JavaThread "C2 CompilerThread0"         daemon [_thread_in_native, id=10116, stack(0x000000b44d000000,0x000000b44d100000) (1024K)]
  0x000002300d5a29b0 JavaThread "C1 CompilerThread0"         daemon [_thread_blocked, id=10488, stack(0x000000b44d100000,0x000000b44d200000) (1024K)]
  0x000002306a116df0 JavaThread "Common-Cleaner"             daemon [_thread_blocked, id=17672, stack(0x000000b44d200000,0x000000b44d300000) (1024K)]
  0x000002306a1ab290 JavaThread "Notification Thread"        daemon [_thread_blocked, id=18820, stack(0x000000b44d300000,0x000000b44d400000) (1024K)]
  0x000002306a8b6df0 JavaThread "Active Thread: Equinox Container: 4fbe7b92-ad8b-4d56-ab84-60cb7aa4c62e"        [_thread_blocked, id=20464, stack(0x000000b44d700000,0x000000b44d800000) (1024K)]
  0x000002306a7def30 JavaThread "Refresh Thread: Equinox Container: 4fbe7b92-ad8b-4d56-ab84-60cb7aa4c62e" daemon [_thread_blocked, id=3820, stack(0x000000b44d800000,0x000000b44d900000) (1024K)]
  0x000002306a6c9780 JavaThread "Framework Event Dispatcher: Equinox Container: 4fbe7b92-ad8b-4d56-ab84-60cb7aa4c62e" daemon [_thread_blocked, id=9148, stack(0x000000b44d900000,0x000000b44da00000) (1024K)]
  0x000002306a6ca5d0 JavaThread "Start Level: Equinox Container: 4fbe7b92-ad8b-4d56-ab84-60cb7aa4c62e" daemon [_thread_blocked, id=16996, stack(0x000000b44da00000,0x000000b44db00000) (1024K)]
  0x000002306a45f8a0 JavaThread "Bundle File Closer"         daemon [_thread_blocked, id=8228, stack(0x000000b44db00000,0x000000b44dc00000) (1024K)]
  0x000002300d5d01f0 JavaThread "SCR Component Actor"        daemon [_thread_blocked, id=18156, stack(0x000000b44dc00000,0x000000b44dd00000) (1024K)]
  0x000002306b034960 JavaThread "Worker-JM"                         [_thread_blocked, id=5556, stack(0x000000b44dd00000,0x000000b44de00000) (1024K)]
  0x000002306b035d10 JavaThread "Worker-2: Check JDK Index"         [_thread_blocked, id=17340, stack(0x000000b44c400000,0x000000b44c500000) (1024K)]
  0x000002306b035680 JavaThread "Worker-3: Initialize workspace"        [_thread_blocked, id=3420, stack(0x000000b44c500000,0x000000b44c600000) (1024K)]
  0x000002306b0363a0 JavaThread "Java indexing"              daemon [_thread_in_Java, id=9384, stack(0x000000b44e000000,0x000000b44e100000) (1024K)]
  0x000002306b033c40 JavaThread "JNA Cleaner"                daemon [_thread_blocked, id=76, stack(0x000000b44e300000,0x000000b44e400000) (1024K)]
  0x000002306bac6410 JavaThread "Thread-1"                   daemon [_thread_in_native, id=15336, stack(0x000000b44e600000,0x000000b44e700000) (1024K)]
  0x000002306bac6aa0 JavaThread "Thread-2"                   daemon [_thread_in_native, id=7792, stack(0x000000b44e700000,0x000000b44e800000) (1024K)]
  0x000002306bac77c0 JavaThread "Thread-3"                   daemon [_thread_in_native, id=2516, stack(0x000000b44e800000,0x000000b44e900000) (1024K)]
  0x000002306bac5d80 JavaThread "Thread-4"                   daemon [_thread_in_native, id=16820, stack(0x000000b44e900000,0x000000b44ea00000) (1024K)]
  0x000002306bac7e50 JavaThread "Thread-5"                   daemon [_thread_in_native, id=14328, stack(0x000000b44ea00000,0x000000b44eb00000) (1024K)]
  0x000002306bac84e0 JavaThread "pool-2-thread-1"                   [_thread_blocked, id=16668, stack(0x000000b44eb00000,0x000000b44ec00000) (1024K)]
  0x000002306bac5060 JavaThread "WorkspaceEventsHandler"            [_thread_blocked, id=10372, stack(0x000000b44ec00000,0x000000b44ed00000) (1024K)]
  0x000002306bac56f0 JavaThread "pool-1-thread-1"                   [_thread_blocked, id=2388, stack(0x000000b44ed00000,0x000000b44ee00000) (1024K)]
  0x000002306c836840 JavaThread "Timer-0"                           [_thread_blocked, id=20000, stack(0x000000b44df00000,0x000000b44e000000) (1024K)]
  0x000002306c839630 JavaThread "Timer-1"                           [_thread_blocked, id=18412, stack(0x000000b44e100000,0x000000b44e200000) (1024K)]
  0x000002306c8361b0 JavaThread "Timer-2"                           [_thread_blocked, id=19984, stack(0x000000b44f100000,0x000000b44f200000) (1024K)]
  0x000002306c835490 JavaThread "Timer-3"                           [_thread_blocked, id=5328, stack(0x000000b44f500000,0x000000b44f600000) (1024K)]
  0x000002306c837bf0 JavaThread "Timer-4"                           [_thread_blocked, id=17336, stack(0x000000b44f600000,0x000000b44f700000) (1024K)]
  0x000002306c839cc0 JavaThread "Timer-5"                           [_thread_blocked, id=16788, stack(0x000000b44ef00000,0x000000b44f000000) (1024K)]
  0x000002306c838910 JavaThread "Timer-6"                           [_thread_blocked, id=12368, stack(0x000000b44f700000,0x000000b44f800000) (1024K)]
  0x000002306b032f20 JavaThread "Worker-6: Check JDK Index"         [_thread_blocked, id=7680, stack(0x000000b44ee00000,0x000000b44ef00000) (1024K)]
  0x000002306c836ed0 JavaThread "Timer-7"                           [_thread_blocked, id=19304, stack(0x000000b44e200000,0x000000b44e300000) (1024K)]
  0x000002306c833a50 JavaThread "Timer-8"                           [_thread_blocked, id=14684, stack(0x000000b44e400000,0x000000b44e500000) (1024K)]
  0x000002306c835b20 JavaThread "Timer-9"                           [_thread_blocked, id=9856, stack(0x000000b44e500000,0x000000b44e600000) (1024K)]
  0x000002306c834770 JavaThread "Timer-10"                          [_thread_blocked, id=13764, stack(0x000000b44f000000,0x000000b44f100000) (1024K)]
  0x000002306c832d30 JavaThread "Timer-11"                          [_thread_blocked, id=12676, stack(0x000000b44f200000,0x000000b44f300000) (1024K)]
  0x000002306ee992d0 JavaThread "Worker-9"                          [_thread_blocked, id=11544, stack(0x000000b44fd00000,0x000000b44fe00000) (1024K)]
  0x000002306ee99ff0 JavaThread "Timer-12"                          [_thread_blocked, id=14396, stack(0x000000b44f300000,0x000000b44f400000) (1024K)]
  0x000002306ee94aa0 JavaThread "Timer-13"                          [_thread_blocked, id=20068, stack(0x000000b44f900000,0x000000b44fa00000) (1024K)]
  0x000002306ee985b0 JavaThread "Timer-14"                          [_thread_blocked, id=2948, stack(0x000000b44f800000,0x000000b44f900000) (1024K)]
  0x000002306ee95e50 JavaThread "Timer-15"                          [_thread_blocked, id=9332, stack(0x000000b44fa00000,0x000000b44fb00000) (1024K)]
  0x000002306ee99960 JavaThread "Timer-16"                          [_thread_blocked, id=2140, stack(0x000000b44fb00000,0x000000b44fc00000) (1024K)]
  0x000002306ee957c0 JavaThread "Timer-17"                          [_thread_blocked, id=5844, stack(0x000000b44fe00000,0x000000b44ff00000) (1024K)]
  0x000002306ee93060 JavaThread "Timer-18"                          [_thread_blocked, id=3268, stack(0x000000b44ff00000,0x000000b450000000) (1024K)]
  0x000002306ee964e0 JavaThread "Timer-19"                          [_thread_blocked, id=18872, stack(0x000000b450000000,0x000000b450100000) (1024K)]
  0x000002306ee96b70 JavaThread "Timer-20"                          [_thread_blocked, id=7296, stack(0x000000b450100000,0x000000b450200000) (1024K)]
  0x000002306ee97200 JavaThread "Timer-21"                          [_thread_blocked, id=14352, stack(0x000000b44f400000,0x000000b44f500000) (1024K)]
  0x000002306ee97890 JavaThread "Timer-22"                          [_thread_blocked, id=19216, stack(0x000000b450200000,0x000000b450300000) (1024K)]
  0x000002306ee98c40 JavaThread "Timer-23"                          [_thread_blocked, id=14140, stack(0x000000b450300000,0x000000b450400000) (1024K)]
  0x000002306ee9a680 JavaThread "Timer-24"                          [_thread_blocked, id=2740, stack(0x000000b450500000,0x000000b450600000) (1024K)]
  0x000002306ee936f0 JavaThread "Timer-25"                          [_thread_blocked, id=13748, stack(0x000000b450600000,0x000000b450700000) (1024K)]
  0x000002306c8333c0 JavaThread "Timer-26"                          [_thread_blocked, id=14384, stack(0x000000b450700000,0x000000b450800000) (1024K)]
  0x000002306c838fa0 JavaThread "Timer-27"                          [_thread_blocked, id=13032, stack(0x000000b450800000,0x000000b450900000) (1024K)]
  0x000002306ee94410 JavaThread "Worker-12: Check JDK Index"        [_thread_blocked, id=8248, stack(0x000000b44de00000,0x000000b44df00000) (1024K)]
  0x000002306ee93d80 JavaThread "Timer-28"                          [_thread_blocked, id=11280, stack(0x000000b450d00000,0x000000b450e00000) (1024K)]
  0x000002306ee97f20 JavaThread "Timer-29"                          [_thread_blocked, id=17036, stack(0x000000b450e00000,0x000000b450f00000) (1024K)]
  0x000002306c8340e0 JavaThread "Timer-30"                          [_thread_blocked, id=7900, stack(0x000000b450f00000,0x000000b451000000) (1024K)]
  0x000002306c834e00 JavaThread "Timer-31"                          [_thread_blocked, id=14284, stack(0x000000b451000000,0x000000b451100000) (1024K)]
  0x000002306c837560 JavaThread "Timer-32"                          [_thread_blocked, id=20260, stack(0x000000b451100000,0x000000b451200000) (1024K)]
  0x000002306b034ff0 JavaThread "Timer-33"                          [_thread_blocked, id=15712, stack(0x000000b450900000,0x000000b450a00000) (1024K)]
  0x000002306b0335b0 JavaThread "Timer-34"                          [_thread_blocked, id=748, stack(0x000000b450a00000,0x000000b450b00000) (1024K)]
  0x000002306bac7130 JavaThread "Worker-14: Check JDK Index"        [_thread_blocked, id=13524, stack(0x000000b450b00000,0x000000b450c00000) (1024K)]
  0x000002306c838280 JavaThread "Worker-15: Check JDK Index"        [_thread_blocked, id=13956, stack(0x000000b450c00000,0x000000b450d00000) (1024K)]
  0x000002306dff2d30 JavaThread "Timer-35"                          [_thread_blocked, id=14372, stack(0x000000b451200000,0x000000b451300000) (1024K)]
  0x000002306dff2010 JavaThread "Worker-16: Initialize workspace"        [_thread_blocked, id=9528, stack(0x000000b451500000,0x000000b451600000) (1024K)]
  0x000002306dff33c0 JavaThread "Timer-36"                          [_thread_blocked, id=20468, stack(0x000000b451300000,0x000000b451400000) (1024K)]
  0x000002306dff0c60 JavaThread "Timer-37"                          [_thread_blocked, id=19956, stack(0x000000b451400000,0x000000b451500000) (1024K)]
  0x000002306dff3a50 JavaThread "Timer-38"                          [_thread_blocked, id=16904, stack(0x000000b451600000,0x000000b451700000) (1024K)]
  0x000002306dff40e0 JavaThread "Timer-39"                          [_thread_blocked, id=5780, stack(0x000000b451700000,0x000000b451800000) (1024K)]
  0x000002306dff1980 JavaThread "Timer-40"                          [_thread_blocked, id=19776, stack(0x000000b451800000,0x000000b451900000) (1024K)]
  0x000002306ee95130 JavaThread "Timer-41"                          [_thread_blocked, id=16948, stack(0x000000b451900000,0x000000b451a00000) (1024K)]
  0x000002306fac7830 JavaThread "Timer-42"                          [_thread_blocked, id=15704, stack(0x000000b451a00000,0x000000b451b00000) (1024K)]
  0x000002306fac4a40 JavaThread "Timer-43"                          [_thread_blocked, id=7804, stack(0x000000b451b00000,0x000000b451c00000) (1024K)]
  0x000002306fac8550 JavaThread "Worker-17: Java indexing... "        [_thread_blocked, id=19912, stack(0x000000b450400000,0x000000b450500000) (1024K)]
  0x000002306facacb0 JavaThread "Worker-18: Initialize Workspace"        [_thread_blocked, id=1236, stack(0x000000b451c00000,0x000000b451d00000) (1024K)]
  0x000002306fac5760 JavaThread "Timer-44"                          [_thread_blocked, id=16436, stack(0x000000b451e00000,0x000000b451f00000) (1024K)]
  0x000002306facb9d0 JavaThread "Timer-45"                          [_thread_blocked, id=11528, stack(0x000000b451f00000,0x000000b452000000) (1024K)]
  0x000002306fac9f90 JavaThread "Timer-46"                          [_thread_blocked, id=8744, stack(0x000000b452100000,0x000000b452200000) (1024K)]
  0x000002306fac50d0 JavaThread "Timer-47"                          [_thread_blocked, id=7848, stack(0x000000b452000000,0x000000b452100000) (1024K)]
  0x000002306fac71a0 JavaThread "Timer-48"                          [_thread_blocked, id=17480, stack(0x000000b452200000,0x000000b452300000) (1024K)]
  0x000002306fac7ec0 JavaThread "Worker-19"                         [_thread_blocked, id=3536, stack(0x000000b452500000,0x000000b452600000) (1024K)]
  0x000002306de270c0 JavaThread "Timer-49"                          [_thread_blocked, id=2860, stack(0x000000b452300000,0x000000b452400000) (1024K)]
  0x000002306de28470 JavaThread "Timer-50"                          [_thread_blocked, id=4316, stack(0x000000b452400000,0x000000b452500000) (1024K)]
  0x000002306de2cca0 JavaThread "Timer-51"                          [_thread_blocked, id=16268, stack(0x000000b452600000,0x000000b452700000) (1024K)]
  0x000002306de28b00 JavaThread "Timer-52"                          [_thread_blocked, id=9212, stack(0x000000b452700000,0x000000b452800000) (1024K)]
  0x000002306de2b260 JavaThread "Timer-53"                          [_thread_blocked, id=8616, stack(0x000000b452900000,0x000000b452a00000) (1024K)]
  0x000002306de2bf80 JavaThread "Timer-54"                          [_thread_blocked, id=4980, stack(0x000000b452a00000,0x000000b452b00000) (1024K)]
  0x000002306de29eb0 JavaThread "Timer-55"                          [_thread_blocked, id=20380, stack(0x000000b452c00000,0x000000b452d00000) (1024K)]
  0x000002306de25d10 JavaThread "Timer-56"                          [_thread_blocked, id=19340, stack(0x000000b452e00000,0x000000b452f00000) (1024K)]
  0x000002306de26a30 JavaThread "Worker-20"                         [_thread_blocked, id=6480, stack(0x000000b453200000,0x000000b453300000) (1024K)]
  0x000002306fac9900 JavaThread "Timer-57"                          [_thread_blocked, id=19584, stack(0x000000b452b00000,0x000000b452c00000) (1024K)]
  0x000002306fac5df0 JavaThread "Timer-58"                          [_thread_blocked, id=4132, stack(0x000000b452d00000,0x000000b452e00000) (1024K)]
  0x000002306faca620 JavaThread "Timer-59"                          [_thread_blocked, id=4720, stack(0x000000b452f00000,0x000000b453000000) (1024K)]
  0x000002306facb340 JavaThread "ProjectImportProgressReporter" daemon [_thread_blocked, id=20320, stack(0x000000b451d00000,0x000000b451e00000) (1024K)]
  0x000002306fac6480 JavaThread "Timer-60"                          [_thread_blocked, id=8720, stack(0x000000b452800000,0x000000b452900000) (1024K)]
  0x000002306fac6b10 JavaThread "Timer-61"                          [_thread_blocked, id=15112, stack(0x000000b453000000,0x000000b453100000) (1024K)]
  0x000002306fac8be0 JavaThread "Timer-62"                          [_thread_blocked, id=19212, stack(0x000000b453100000,0x000000b453200000) (1024K)]
  0x000002306de27750 JavaThread "Timer-63"                          [_thread_blocked, id=20372, stack(0x000000b453300000,0x000000b453400000) (1024K)]
  0x000002306de2c610 JavaThread "Timer-64"                          [_thread_blocked, id=17992, stack(0x000000b453400000,0x000000b453500000) (1024K)]
  0x000002306de2d330 JavaThread "Connection worker"                 [_thread_in_native, id=11080, stack(0x000000b453500000,0x000000b453600000) (1024K)]
  0x000002306de27de0 JavaThread "pool-23-thread-1"                  [_thread_blocked, id=5784, stack(0x000000b453600000,0x000000b453700000) (1024K)]
  0x000002306de2a540 JavaThread "Connection worker"                 [_thread_blocked, id=17560, stack(0x000000b453700000,0x000000b453800000) (1024K)]
  0x000002306de29190 JavaThread "Exec process"                      [_thread_in_native, id=7216, stack(0x000000b453800000,0x000000b453900000) (1024K)]
  0x000002306de29820 JavaThread "Exec process Thread 2"             [_thread_blocked, id=10904, stack(0x000000b453a00000,0x000000b453b00000) (1024K)]
Total: 111

Other Threads:
  0x000002300d6fbcd0 VMThread "VM Thread"                           [id=3796, stack(0x000000b44c900000,0x000000b44ca00000) (1024K)]
  0x000002300d6aebc0 WatcherThread "VM Periodic Task Thread"        [id=17132, stack(0x000000b44c800000,0x000000b44c900000) (1024K)]
  0x000002300d660dd0 WorkerThread "GC Thread#0"                     [id=19756, stack(0x000000b44c700000,0x000000b44c800000) (1024K)]
  0x000002306a336290 WorkerThread "GC Thread#1"                     [id=17972, stack(0x000000b44d400000,0x000000b44d500000) (1024K)]
  0x000002306a2ea0a0 WorkerThread "GC Thread#2"                     [id=20308, stack(0x000000b44d500000,0x000000b44d600000) (1024K)]
  0x000002306a280750 WorkerThread "GC Thread#3"                     [id=10788, stack(0x000000b44d600000,0x000000b44d700000) (1024K)]
Total: 6

Threads with active compile tasks:
C2 CompilerThread0  881400 13084   !   4       org.eclipse.jdt.internal.core.search.indexing.BinaryIndexer::indexDocument (1172 bytes)
Total: 1

VM state: not at safepoint (normal execution)

VM Mutex/Monitor currently owned by a thread: None

Heap address: 0x0000000080000000, size: 2048 MB, Compressed Oops mode: 32-bit

CDS archive(s) mapped at: [0x0000023024000000-0x0000023024ba0000-0x0000023024ba0000), size 12189696, SharedBaseAddress: 0x0000023024000000, ArchiveRelocationMode: 1.
Compressed class space mapped at: 0x0000023025000000-0x0000023065000000, reserved size: 1073741824
Narrow klass base: 0x0000023024000000, Narrow klass shift: 0, Narrow klass range: 0x100000000

GC Precious Log:
 CardTable entry size: 512
 CPUs: 4 total, 4 available
 Memory: 4005M
 Large Page Support: Disabled
 NUMA Support: Disabled
 Compressed Oops: Enabled (32-bit)
 Alignments: Space 512K, Generation 512K, Heap 2M
 Heap Min Capacity: 100M
 Heap Initial Capacity: 100M
 Heap Max Capacity: 2G
 Pre-touch: Disabled
 Parallel Workers: 4

Heap:
 PSYoungGen      total 5120K, used 3381K [0x00000000d5580000, 0x00000000d5b80000, 0x0000000100000000)
  eden space 4608K, 63% used [0x00000000d5580000,0x00000000d585d528,0x00000000d5a00000)
  from space 512K, 87% used [0x00000000d5b00000,0x00000000d5b70000,0x00000000d5b80000)
  to   space 512K, 0% used [0x00000000d5a80000,0x00000000d5a80000,0x00000000d5b00000)
 ParOldGen       total 387584K, used 387580K [0x0000000080000000, 0x0000000097a80000, 0x00000000d5580000)
  object space 387584K, 99% used [0x0000000080000000,0x0000000097a7f328,0x0000000097a80000)
 Metaspace       used 74530K, committed 76096K, reserved 1179648K
  class space    used 9043K, committed 9728K, reserved 1048576K

Card table byte_map: [0x000002300cff0000,0x000002300d400000] _byte_map_base: 0x000002300cbf0000

Marking Bits: (ParMarkBitMap*) 0x00007ff94dbc44a0
 Begin Bits: [0x000002301fb00000, 0x0000023021b00000)
 End Bits:   [0x0000023021b00000, 0x0000023023b00000)

Polling page: 0x000002300b400000

Metaspace:

Usage:
  Non-class:     63.95 MB used.
      Class:      8.83 MB used.
       Both:     72.78 MB used.

Virtual space:
  Non-class space:      128.00 MB reserved,      64.81 MB ( 51%) committed,  2 nodes.
      Class space:        1.00 GB reserved,       9.50 MB ( <1%) committed,  1 nodes.
             Both:        1.12 GB reserved,      74.31 MB (  6%) committed. 

Chunk freelists:
   Non-Class:  14.30 MB
       Class:  6.55 MB
        Both:  20.85 MB

MaxMetaspaceSize: unlimited
CompressedClassSpaceSize: 1.00 GB
Initial GC threshold: 21.00 MB
Current GC threshold: 123.56 MB
CDS: on
 - commit_granule_bytes: 65536.
 - commit_granule_words: 8192.
 - virtual_space_node_default_size: 8388608.
 - enlarge_chunks_in_place: 1.
 - use_allocation_guard: 0.


Internal statistics:

num_allocs_failed_limit: 9.
num_arena_births: 1458.
num_arena_deaths: 14.
num_vsnodes_births: 3.
num_vsnodes_deaths: 0.
num_space_committed: 1189.
num_space_uncommitted: 0.
num_chunks_returned_to_freelist: 23.
num_chunks_taken_from_freelist: 4885.
num_chunk_merges: 13.
num_chunk_splits: 3068.
num_chunks_enlarged: 1814.
num_inconsistent_stats: 0.

CodeHeap 'non-profiled nmethods': size=120000Kb used=10367Kb max_used=10419Kb free=109632Kb
 bounds [0x0000023018320000, 0x0000023018d60000, 0x000002301f850000]
CodeHeap 'profiled nmethods': size=120000Kb used=24363Kb max_used=24948Kb free=95636Kb
 bounds [0x0000023010850000, 0x00000230120d0000, 0x0000023017d80000]
CodeHeap 'non-nmethods': size=5760Kb used=1422Kb max_used=1513Kb free=4337Kb
 bounds [0x0000023017d80000, 0x0000023017ff0000, 0x0000023018320000]
CodeCache: size=245760Kb, used=36152Kb, max_used=36880Kb, free=209605Kb
 total_blobs=12443, nmethods=11704, adapters=645, full_count=0
Compilation: enabled, stopped_count=0, restarted_count=0

Compilation events (20 events):
Event: 880.285 Thread 0x000002300d5a29b0 13127       2       org.eclipse.core.internal.jobs.JobListeners$$Lambda/0x0000023025194cb8::notify (8 bytes)
Event: 880.285 Thread 0x000002300d5a29b0 nmethod 13127 0x0000023010e20b10 code [0x0000023010e20cc0, 0x0000023010e20e00]
Event: 880.312 Thread 0x000002300d5a29b0 13128       3       org.eclipse.jdt.internal.compiler.classfmt.AnnotationInfo::scanAnnotation (330 bytes)
Event: 880.314 Thread 0x000002300d5a29b0 nmethod 13128 0x000002301089f190 code [0x000002301089f4a0, 0x00000230108a0528]
Event: 880.317 Thread 0x000002300d5a29b0 13129       2       org.eclipse.jdt.internal.compiler.classfmt.MethodInfo::decodeParamAnnotations (125 bytes)
Event: 880.318 Thread 0x000002300d5a29b0 nmethod 13129 0x0000023010f94490 code [0x0000023010f94660, 0x0000023010f94b08]
Event: 880.658 Thread 0x000002300d52e0a0 nmethod 13113 0x0000023018d4cc90 code [0x0000023018d4d620, 0x0000023018d56c00]
Event: 880.660 Thread 0x000002300d52e0a0 13124       4       org.eclipse.jdt.internal.compiler.classfmt.ClassFileStruct::utf8At (171 bytes)
Event: 880.662 Thread 0x000002300d5a29b0 13132       3       java.io.InputStream::readNBytes (292 bytes)
Event: 880.666 Thread 0x000002300d5a29b0 nmethod 13132 0x000002301085ed90 code [0x000002301085f1e0, 0x0000023010861538]
Event: 880.684 Thread 0x000002300d52e0a0 nmethod 13124 0x0000023018592c90 code [0x0000023018592e40, 0x0000023018593558]
Event: 880.685 Thread 0x000002300d52e0a0 13049       4       org.eclipse.jdt.internal.core.search.indexing.AbstractIndexer::addMethodDeclaration (105 bytes)
Event: 880.800 Thread 0x000002300d52e0a0 nmethod 13049 0x0000023018545e90 code [0x00000230185461c0, 0x0000023018547f08]
Event: 880.801 Thread 0x000002300d52e0a0 13084   !   4       org.eclipse.jdt.internal.core.search.indexing.BinaryIndexer::indexDocument (1172 bytes)
Event: 880.978 Thread 0x000002300d5a29b0 13135   !   2       org.eclipse.jdt.internal.core.search.indexing.AddJarFileToIndex::execute (1557 bytes)
Event: 881.012 Thread 0x000002300d5a29b0 nmethod 13135 0x00000230120bb610 code [0x00000230120bc6e0, 0x00000230120c2700]
Event: 881.218 Thread 0x000002300d5a29b0 13137       3       org.eclipse.jdt.internal.core.search.JavaSearchDocument::<init> (21 bytes)
Event: 881.222 Thread 0x000002300d5a29b0 nmethod 13137 0x00000230108fd510 code [0x00000230108fd920, 0x00000230108ffab8]
Event: 881.222 Thread 0x000002300d5a29b0 13138   !   3       org.eclipse.jdt.internal.compiler.util.Util::getZipEntryByteContent (84 bytes)
Event: 881.223 Thread 0x000002300d5a29b0 nmethod 13138 0x0000023010a85a90 code [0x0000023010a85ce0, 0x0000023010a86490]

GC Heap History (20 events):
Event: 880.775 GC heap before
{Heap before GC invocations=470 (full 4):
 PSYoungGen      total 5120K, used 5024K [0x00000000d5580000, 0x00000000d5b80000, 0x0000000100000000)
  eden space 4608K, 100% used [0x00000000d5580000,0x00000000d5a00000,0x00000000d5a00000)
  from space 512K, 81% used [0x00000000d5a80000,0x00000000d5ae8000,0x00000000d5b00000)
  to   space 512K, 0% used [0x00000000d5b00000,0x00000000d5b00000,0x00000000d5b80000)
 ParOldGen       total 382976K, used 382941K [0x0000000080000000, 0x0000000097600000, 0x00000000d5580000)
  object space 382976K, 99% used [0x0000000080000000,0x00000000975f7508,0x0000000097600000)
 Metaspace       used 74507K, committed 76032K, reserved 1179648K
  class space    used 9043K, committed 9728K, reserved 1048576K
}
Event: 880.777 GC heap after
{Heap after GC invocations=470 (full 4):
 PSYoungGen      total 5120K, used 342K [0x00000000d5580000, 0x00000000d5b80000, 0x0000000100000000)
  eden space 4608K, 0% used [0x00000000d5580000,0x00000000d5580000,0x00000000d5a00000)
  from space 512K, 66% used [0x00000000d5b00000,0x00000000d5b55808,0x00000000d5b80000)
  to   space 512K, 0% used [0x00000000d5a80000,0x00000000d5a80000,0x00000000d5b00000)
 ParOldGen       total 383488K, used 383309K [0x0000000080000000, 0x0000000097680000, 0x00000000d5580000)
  object space 383488K, 99% used [0x0000000080000000,0x0000000097653508,0x0000000097680000)
 Metaspace       used 74507K, committed 76032K, reserved 1179648K
  class space    used 9043K, committed 9728K, reserved 1048576K
}
Event: 880.834 GC heap before
{Heap before GC invocations=471 (full 4):
 PSYoungGen      total 5120K, used 4950K [0x00000000d5580000, 0x00000000d5b80000, 0x0000000100000000)
  eden space 4608K, 100% used [0x00000000d5580000,0x00000000d5a00000,0x00000000d5a00000)
  from space 512K, 66% used [0x00000000d5b00000,0x00000000d5b55808,0x00000000d5b80000)
  to   space 512K, 0% used [0x00000000d5a80000,0x00000000d5a80000,0x00000000d5b00000)
 ParOldGen       total 383488K, used 383309K [0x0000000080000000, 0x0000000097680000, 0x00000000d5580000)
  object space 383488K, 99% used [0x0000000080000000,0x0000000097653508,0x0000000097680000)
 Metaspace       used 74507K, committed 76032K, reserved 1179648K
  class space    used 9043K, committed 9728K, reserved 1048576K
}
Event: 880.839 GC heap after
{Heap after GC invocations=471 (full 4):
 PSYoungGen      total 5120K, used 512K [0x00000000d5580000, 0x00000000d5c00000, 0x0000000100000000)
  eden space 4608K, 0% used [0x00000000d5580000,0x00000000d5580000,0x00000000d5a00000)
  from space 512K, 100% used [0x00000000d5a80000,0x00000000d5b00000,0x00000000d5b00000)
  to   space 1024K, 0% used [0x00000000d5b00000,0x00000000d5b00000,0x00000000d5c00000)
 ParOldGen       total 384000K, used 383619K [0x0000000080000000, 0x0000000097700000, 0x00000000d5580000)
  object space 384000K, 99% used [0x0000000080000000,0x00000000976a0d10,0x0000000097700000)
 Metaspace       used 74507K, committed 76032K, reserved 1179648K
  class space    used 9043K, committed 9728K, reserved 1048576K
}
Event: 880.866 GC heap before
{Heap before GC invocations=472 (full 4):
 PSYoungGen      total 5120K, used 5120K [0x00000000d5580000, 0x00000000d5c00000, 0x0000000100000000)
  eden space 4608K, 100% used [0x00000000d5580000,0x00000000d5a00000,0x00000000d5a00000)
  from space 512K, 100% used [0x00000000d5a80000,0x00000000d5b00000,0x00000000d5b00000)
  to   space 1024K, 0% used [0x00000000d5b00000,0x00000000d5b00000,0x00000000d5c00000)
 ParOldGen       total 384000K, used 383619K [0x0000000080000000, 0x0000000097700000, 0x00000000d5580000)
  object space 384000K, 99% used [0x0000000080000000,0x00000000976a0d10,0x0000000097700000)
 Metaspace       used 74507K, committed 76032K, reserved 1179648K
  class space    used 9043K, committed 9728K, reserved 1048576K
}
Event: 880.869 GC heap after
{Heap after GC invocations=472 (full 4):
 PSYoungGen      total 5120K, used 448K [0x00000000d5580000, 0x00000000d5b80000, 0x0000000100000000)
  eden space 4608K, 0% used [0x00000000d5580000,0x00000000d5580000,0x00000000d5a00000)
  from space 512K, 87% used [0x00000000d5b00000,0x00000000d5b70000,0x00000000d5b80000)
  to   space 512K, 0% used [0x00000000d5a80000,0x00000000d5a80000,0x00000000d5b00000)
 ParOldGen       total 384512K, used 384067K [0x0000000080000000, 0x0000000097780000, 0x00000000d5580000)
  object space 384512K, 99% used [0x0000000080000000,0x0000000097710d10,0x0000000097780000)
 Metaspace       used 74507K, committed 76032K, reserved 1179648K
  class space    used 9043K, committed 9728K, reserved 1048576K
}
Event: 880.911 GC heap before
{Heap before GC invocations=473 (full 4):
 PSYoungGen      total 5120K, used 5056K [0x00000000d5580000, 0x00000000d5b80000, 0x0000000100000000)
  eden space 4608K, 100% used [0x00000000d5580000,0x00000000d5a00000,0x00000000d5a00000)
  from space 512K, 87% used [0x00000000d5b00000,0x00000000d5b70000,0x00000000d5b80000)
  to   space 512K, 0% used [0x00000000d5a80000,0x00000000d5a80000,0x00000000d5b00000)
 ParOldGen       total 384512K, used 384067K [0x0000000080000000, 0x0000000097780000, 0x00000000d5580000)
  object space 384512K, 99% used [0x0000000080000000,0x0000000097710d10,0x0000000097780000)
 Metaspace       used 74507K, committed 76032K, reserved 1179648K
  class space    used 9043K, committed 9728K, reserved 1048576K
}
Event: 880.913 GC heap after
{Heap after GC invocations=473 (full 4):
 PSYoungGen      total 5120K, used 512K [0x00000000d5580000, 0x00000000d5c00000, 0x0000000100000000)
  eden space 4608K, 0% used [0x00000000d5580000,0x00000000d5580000,0x00000000d5a00000)
  from space 512K, 100% used [0x00000000d5a80000,0x00000000d5b00000,0x00000000d5b00000)
  to   space 1024K, 0% used [0x00000000d5b00000,0x00000000d5b00000,0x00000000d5c00000)
 ParOldGen       total 384512K, used 384475K [0x0000000080000000, 0x0000000097780000, 0x00000000d5580000)
  object space 384512K, 99% used [0x0000000080000000,0x0000000097776d10,0x0000000097780000)
 Metaspace       used 74507K, committed 76032K, reserved 1179648K
  class space    used 9043K, committed 9728K, reserved 1048576K
}
Event: 880.969 GC heap before
{Heap before GC invocations=474 (full 4):
 PSYoungGen      total 5120K, used 5120K [0x00000000d5580000, 0x00000000d5c00000, 0x0000000100000000)
  eden space 4608K, 100% used [0x00000000d5580000,0x00000000d5a00000,0x00000000d5a00000)
  from space 512K, 100% used [0x00000000d5a80000,0x00000000d5b00000,0x00000000d5b00000)
  to   space 1024K, 0% used [0x00000000d5b00000,0x00000000d5b00000,0x00000000d5c00000)
 ParOldGen       total 384512K, used 384475K [0x0000000080000000, 0x0000000097780000, 0x00000000d5580000)
  object space 384512K, 99% used [0x0000000080000000,0x0000000097776d10,0x0000000097780000)
 Metaspace       used 74507K, committed 76032K, reserved 1179648K
  class space    used 9043K, committed 9728K, reserved 1048576K
}
Event: 880.972 GC heap after
{Heap after GC invocations=474 (full 4):
 PSYoungGen      total 5632K, used 544K [0x00000000d5580000, 0x00000000d5c00000, 0x0000000100000000)
  eden space 4608K, 0% used [0x00000000d5580000,0x00000000d5580000,0x00000000d5a00000)
  from space 1024K, 53% used [0x00000000d5b00000,0x00000000d5b88000,0x00000000d5c00000)
  to   space 1024K, 0% used [0x00000000d5a00000,0x00000000d5a00000,0x00000000d5b00000)
 ParOldGen       total 385024K, used 384939K [0x0000000080000000, 0x0000000097800000, 0x00000000d5580000)
  object space 385024K, 99% used [0x0000000080000000,0x00000000977ead10,0x0000000097800000)
 Metaspace       used 74507K, committed 76032K, reserved 1179648K
  class space    used 9043K, committed 9728K, reserved 1048576K
}
Event: 881.053 GC heap before
{Heap before GC invocations=475 (full 4):
 PSYoungGen      total 5632K, used 5152K [0x00000000d5580000, 0x00000000d5c00000, 0x0000000100000000)
  eden space 4608K, 100% used [0x00000000d5580000,0x00000000d5a00000,0x00000000d5a00000)
  from space 1024K, 53% used [0x00000000d5b00000,0x00000000d5b88000,0x00000000d5c00000)
  to   space 1024K, 0% used [0x00000000d5a00000,0x00000000d5a00000,0x00000000d5b00000)
 ParOldGen       total 385024K, used 384939K [0x0000000080000000, 0x0000000097800000, 0x00000000d5580000)
  object space 385024K, 99% used [0x0000000080000000,0x00000000977ead10,0x0000000097800000)
 Metaspace       used 74529K, committed 76096K, reserved 1179648K
  class space    used 9043K, committed 9728K, reserved 1048576K
}
Event: 881.055 GC heap after
{Heap after GC invocations=475 (full 4):
 PSYoungGen      total 5632K, used 588K [0x00000000d5580000, 0x00000000d5c00000, 0x0000000100000000)
  eden space 4608K, 0% used [0x00000000d5580000,0x00000000d5580000,0x00000000d5a00000)
  from space 1024K, 57% used [0x00000000d5a00000,0x00000000d5a93008,0x00000000d5b00000)
  to   space 1024K, 0% used [0x00000000d5b00000,0x00000000d5b00000,0x00000000d5c00000)
 ParOldGen       total 385536K, used 385424K [0x0000000080000000, 0x0000000097880000, 0x00000000d5580000)
  object space 385536K, 99% used [0x0000000080000000,0x0000000097864320,0x0000000097880000)
 Metaspace       used 74529K, committed 76096K, reserved 1179648K
  class space    used 9043K, committed 9728K, reserved 1048576K
}
Event: 881.087 GC heap before
{Heap before GC invocations=476 (full 4):
 PSYoungGen      total 5632K, used 5196K [0x00000000d5580000, 0x00000000d5c00000, 0x0000000100000000)
  eden space 4608K, 100% used [0x00000000d5580000,0x00000000d5a00000,0x00000000d5a00000)
  from space 1024K, 57% used [0x00000000d5a00000,0x00000000d5a93008,0x00000000d5b00000)
  to   space 1024K, 0% used [0x00000000d5b00000,0x00000000d5b00000,0x00000000d5c00000)
 ParOldGen       total 385536K, used 385424K [0x0000000080000000, 0x0000000097880000, 0x00000000d5580000)
  object space 385536K, 99% used [0x0000000080000000,0x0000000097864320,0x0000000097880000)
 Metaspace       used 74529K, committed 76096K, reserved 1179648K
  class space    used 9043K, committed 9728K, reserved 1048576K
}
Event: 881.091 GC heap after
{Heap after GC invocations=476 (full 4):
 PSYoungGen      total 5632K, used 480K [0x00000000d5580000, 0x00000000d5c00000, 0x0000000100000000)
  eden space 4608K, 0% used [0x00000000d5580000,0x00000000d5580000,0x00000000d5a00000)
  from space 1024K, 46% used [0x00000000d5b00000,0x00000000d5b78000,0x00000000d5c00000)
  to   space 1024K, 0% used [0x00000000d5a00000,0x00000000d5a00000,0x00000000d5b00000)
 ParOldGen       total 386048K, used 385948K [0x0000000080000000, 0x0000000097900000, 0x00000000d5580000)
  object space 386048K, 99% used [0x0000000080000000,0x00000000978e7328,0x0000000097900000)
 Metaspace       used 74529K, committed 76096K, reserved 1179648K
  class space    used 9043K, committed 9728K, reserved 1048576K
}
Event: 881.121 GC heap before
{Heap before GC invocations=477 (full 4):
 PSYoungGen      total 5632K, used 5088K [0x00000000d5580000, 0x00000000d5c00000, 0x0000000100000000)
  eden space 4608K, 100% used [0x00000000d5580000,0x00000000d5a00000,0x00000000d5a00000)
  from space 1024K, 46% used [0x00000000d5b00000,0x00000000d5b78000,0x00000000d5c00000)
  to   space 1024K, 0% used [0x00000000d5a00000,0x00000000d5a00000,0x00000000d5b00000)
 ParOldGen       total 386048K, used 385948K [0x0000000080000000, 0x0000000097900000, 0x00000000d5580000)
  object space 386048K, 99% used [0x0000000080000000,0x00000000978e7328,0x0000000097900000)
 Metaspace       used 74529K, committed 76096K, reserved 1179648K
  class space    used 9043K, committed 9728K, reserved 1048576K
}
Event: 881.124 GC heap after
{Heap after GC invocations=477 (full 4):
 PSYoungGen      total 5632K, used 448K [0x00000000d5580000, 0x00000000d5b80000, 0x0000000100000000)
  eden space 4608K, 0% used [0x00000000d5580000,0x00000000d5580000,0x00000000d5a00000)
  from space 1024K, 43% used [0x00000000d5a00000,0x00000000d5a70000,0x00000000d5b00000)
  to   space 512K, 0% used [0x00000000d5b00000,0x00000000d5b00000,0x00000000d5b80000)
 ParOldGen       total 386560K, used 386396K [0x0000000080000000, 0x0000000097980000, 0x00000000d5580000)
  object space 386560K, 99% used [0x0000000080000000,0x0000000097957328,0x0000000097980000)
 Metaspace       used 74529K, committed 76096K, reserved 1179648K
  class space    used 9043K, committed 9728K, reserved 1048576K
}
Event: 881.214 GC heap before
{Heap before GC invocations=478 (full 4):
 PSYoungGen      total 5632K, used 5056K [0x00000000d5580000, 0x00000000d5b80000, 0x0000000100000000)
  eden space 4608K, 100% used [0x00000000d5580000,0x00000000d5a00000,0x00000000d5a00000)
  from space 1024K, 43% used [0x00000000d5a00000,0x00000000d5a70000,0x00000000d5b00000)
  to   space 512K, 0% used [0x00000000d5b00000,0x00000000d5b00000,0x00000000d5b80000)
 ParOldGen       total 386560K, used 386396K [0x0000000080000000, 0x0000000097980000, 0x00000000d5580000)
  object space 386560K, 99% used [0x0000000080000000,0x0000000097957328,0x0000000097980000)
 Metaspace       used 74529K, committed 76096K, reserved 1179648K
  class space    used 9043K, committed 9728K, reserved 1048576K
}
Event: 881.217 GC heap after
{Heap after GC invocations=478 (full 4):
 PSYoungGen      total 5120K, used 512K [0x00000000d5580000, 0x00000000d5c00000, 0x0000000100000000)
  eden space 4608K, 0% used [0x00000000d5580000,0x00000000d5580000,0x00000000d5a00000)
  from space 512K, 100% used [0x00000000d5b00000,0x00000000d5b80000,0x00000000d5b80000)
  to   space 1024K, 0% used [0x00000000d5a00000,0x00000000d5a00000,0x00000000d5b00000)
 ParOldGen       total 387072K, used 386780K [0x0000000080000000, 0x0000000097a00000, 0x00000000d5580000)
  object space 387072K, 99% used [0x0000000080000000,0x00000000979b7328,0x0000000097a00000)
 Metaspace       used 74529K, committed 76096K, reserved 1179648K
  class space    used 9043K, committed 9728K, reserved 1048576K
}
Event: 881.274 GC heap before
{Heap before GC invocations=479 (full 4):
 PSYoungGen      total 5120K, used 5120K [0x00000000d5580000, 0x00000000d5c00000, 0x0000000100000000)
  eden space 4608K, 100% used [0x00000000d5580000,0x00000000d5a00000,0x00000000d5a00000)
  from space 512K, 100% used [0x00000000d5b00000,0x00000000d5b80000,0x00000000d5b80000)
  to   space 1024K, 0% used [0x00000000d5a00000,0x00000000d5a00000,0x00000000d5b00000)
 ParOldGen       total 387072K, used 386780K [0x0000000080000000, 0x0000000097a00000, 0x00000000d5580000)
  object space 387072K, 99% used [0x0000000080000000,0x00000000979b7328,0x0000000097a00000)
 Metaspace       used 74529K, committed 76096K, reserved 1179648K
  class space    used 9043K, committed 9728K, reserved 1048576K
}
Event: 881.279 GC heap after
{Heap after GC invocations=479 (full 4):
 PSYoungGen      total 5632K, used 416K [0x00000000d5580000, 0x00000000d5b80000, 0x0000000100000000)
  eden space 4608K, 0% used [0x00000000d5580000,0x00000000d5580000,0x00000000d5a00000)
  from space 1024K, 40% used [0x00000000d5a00000,0x00000000d5a68000,0x00000000d5b00000)
  to   space 512K, 0% used [0x00000000d5b00000,0x00000000d5b00000,0x00000000d5b80000)
 ParOldGen       total 387584K, used 387228K [0x0000000080000000, 0x0000000097a80000, 0x00000000d5580000)
  object space 387584K, 99% used [0x0000000080000000,0x0000000097a27328,0x0000000097a80000)
 Metaspace       used 74529K, committed 76096K, reserved 1179648K
  class space    used 9043K, committed 9728K, reserved 1048576K
}

Dll operation events (20 events):
Event: 1.358 Attempting to load shared library C:\Users\welcome\.vscode\extensions\redhat.java-1.56.0-win32-x64\jre\21.0.12.1-win32-x86_64\bin\zip.dll
Event: 1.358 Loaded shared library C:\Users\welcome\.vscode\extensions\redhat.java-1.56.0-win32-x64\jre\21.0.12.1-win32-x86_64\bin\zip.dll
Event: 1.512 Attempting to load shared library C:\Users\welcome\.vscode\extensions\redhat.java-1.56.0-win32-x64\jre\21.0.12.1-win32-x86_64\bin\jimage.dll
Event: 1.512 Loaded shared library C:\Users\welcome\.vscode\extensions\redhat.java-1.56.0-win32-x64\jre\21.0.12.1-win32-x86_64\bin\jimage.dll
Event: 2.124 Attempting to load shared library c:\Users\welcome\.vscode\extensions\redhat.java-1.56.0-win32-x64\jre\21.0.12.1-win32-x86_64\bin\verify.dll
Event: 2.125 Loaded shared library c:\Users\welcome\.vscode\extensions\redhat.java-1.56.0-win32-x64\jre\21.0.12.1-win32-x86_64\bin\verify.dll
Event: 13.911 Attempting to load shared library C:\Users\welcome\AppData\Roaming\Code\User\globalStorage\redhat.java\1.56.0\config_win\org.eclipse.equinox.launcher\org.eclipse.equinox.launcher.win32.win32.x86_64_1.3.100.v20260804-1928\eclipse_11924.dll
Event: 13.921 Loaded shared library C:\Users\welcome\AppData\Roaming\Code\User\globalStorage\redhat.java\1.56.0\config_win\org.eclipse.equinox.launcher\org.eclipse.equinox.launcher.win32.win32.x86_64_1.3.100.v20260804-1928\eclipse_11924.dll
Event: 83.107 Attempting to load shared library C:\Users\welcome\AppData\Local\Temp\jna-1233099618\jna1177949222531206058.dll
Event: 87.717 Loaded shared library C:\Users\welcome\AppData\Local\Temp\jna-1233099618\jna1177949222531206058.dll
Event: 179.032 Attempting to load shared library C:\Users\welcome\.gradle\native\c067742578af261105cb4f569cf0c3c89f3d7b1fecec35dd04571415982c5e48\windows-amd64\native-platform.dll
Event: 179.048 Loaded shared library C:\Users\welcome\.gradle\native\c067742578af261105cb4f569cf0c3c89f3d7b1fecec35dd04571415982c5e48\windows-amd64\native-platform.dll
Event: 188.412 Attempting to load shared library C:\Users\welcome\.vscode\extensions\redhat.java-1.56.0-win32-x64\jre\21.0.12.1-win32-x86_64\bin\management.dll
Event: 188.532 Loaded shared library C:\Users\welcome\.vscode\extensions\redhat.java-1.56.0-win32-x64\jre\21.0.12.1-win32-x86_64\bin\management.dll
Event: 188.545 Attempting to load shared library C:\Users\welcome\.vscode\extensions\redhat.java-1.56.0-win32-x64\jre\21.0.12.1-win32-x86_64\bin\management_ext.dll
Event: 188.549 Loaded shared library C:\Users\welcome\.vscode\extensions\redhat.java-1.56.0-win32-x64\jre\21.0.12.1-win32-x86_64\bin\management_ext.dll
Event: 210.691 Attempting to load shared library C:\Users\welcome\.vscode\extensions\redhat.java-1.56.0-win32-x64\jre\21.0.12.1-win32-x86_64\bin\extnet.dll
Event: 210.706 Loaded shared library C:\Users\welcome\.vscode\extensions\redhat.java-1.56.0-win32-x64\jre\21.0.12.1-win32-x86_64\bin\extnet.dll
Event: 288.226 Attempting to load shared library C:\Users\welcome\.vscode\extensions\redhat.java-1.56.0-win32-x64\jre\21.0.12.1-win32-x86_64\bin\sunmscapi.dll
Event: 288.240 Loaded shared library C:\Users\welcome\.vscode\extensions\redhat.java-1.56.0-win32-x64\jre\21.0.12.1-win32-x86_64\bin\sunmscapi.dll

Deoptimization events (20 events):
Event: 880.653 Thread 0x000002306b0363a0 DEOPT PACKING pc=0x0000023011d8bf6f sp=0x000000b44e0fee20
Event: 880.653 Thread 0x000002306b0363a0 DEOPT UNPACKING pc=0x0000023017dd4242 sp=0x000000b44e0fe2a8 mode 0
Event: 880.676 Thread 0x000002306b0363a0 DEOPT PACKING pc=0x0000023011d9099a sp=0x000000b44e0fef80
Event: 880.676 Thread 0x000002306b0363a0 DEOPT UNPACKING pc=0x0000023017dd4242 sp=0x000000b44e0fe398 mode 0
Event: 880.768 Thread 0x000002306b0363a0 DEOPT PACKING pc=0x0000023011d8bf6f sp=0x000000b44e0feec0
Event: 880.768 Thread 0x000002306b0363a0 DEOPT UNPACKING pc=0x0000023017dd4242 sp=0x000000b44e0fe348 mode 0
Event: 880.847 Thread 0x000002306b0363a0 DEOPT PACKING pc=0x0000023011d8bf6f sp=0x000000b44e0fef70
Event: 880.847 Thread 0x000002306b0363a0 DEOPT UNPACKING pc=0x0000023017dd4242 sp=0x000000b44e0fe3f8 mode 0
Event: 880.864 Thread 0x000002306b0363a0 DEOPT PACKING pc=0x0000023011d9099a sp=0x000000b44e0ff030
Event: 880.864 Thread 0x000002306b0363a0 DEOPT UNPACKING pc=0x0000023017dd4242 sp=0x000000b44e0fe448 mode 0
Event: 880.911 Thread 0x000002306b0363a0 DEOPT PACKING pc=0x0000023011d8bf6f sp=0x000000b44e0fefc0
Event: 880.911 Thread 0x000002306b0363a0 DEOPT UNPACKING pc=0x0000023017dd4242 sp=0x000000b44e0fe448 mode 0
Event: 881.051 Thread 0x000002306b0363a0 DEOPT PACKING pc=0x0000023011d8bf6f sp=0x000000b44e0fefc0
Event: 881.051 Thread 0x000002306b0363a0 DEOPT UNPACKING pc=0x0000023017dd4242 sp=0x000000b44e0fe448 mode 0
Event: 881.095 Thread 0x000002306b0363a0 DEOPT PACKING pc=0x0000023011d9099a sp=0x000000b44e0fef00
Event: 881.095 Thread 0x000002306b0363a0 DEOPT UNPACKING pc=0x0000023017dd4242 sp=0x000000b44e0fe318 mode 0
Event: 881.111 Thread 0x000002306b0363a0 DEOPT PACKING pc=0x0000023011d8bf6f sp=0x000000b44e0fefc0
Event: 881.111 Thread 0x000002306b0363a0 DEOPT UNPACKING pc=0x0000023017dd4242 sp=0x000000b44e0fe448 mode 0
Event: 881.273 Thread 0x000002306b0363a0 DEOPT PACKING pc=0x0000023011d8bf6f sp=0x000000b44e0fef70
Event: 881.273 Thread 0x000002306b0363a0 DEOPT UNPACKING pc=0x0000023017dd4242 sp=0x000000b44e0fe3f8 mode 0

Classes loaded (20 events):
Event: 804.062 Loading class jdk/internal/jimage/ImageReader$Node
Event: 804.063 Loading class jdk/internal/jimage/ImageReader$Node done
Event: 804.076 Loading class java/nio/ByteBufferAsIntBufferL
Event: 804.076 Loading class java/nio/ByteBufferAsIntBufferL done
Event: 804.083 Loading class jdk/internal/jimage/ImageReader$Directory
Event: 804.083 Loading class jdk/internal/jimage/ImageReader$Directory done
Event: 804.996 Loading class java/nio/channels/Channels$ReadableByteChannelImpl
Event: 804.996 Loading class java/nio/channels/Channels$ReadableByteChannelImpl done
Event: 804.997 Loading class java/nio/channels/NonWritableChannelException
Event: 804.998 Loading class java/nio/channels/NonWritableChannelException done
Event: 838.332 Loading class java/util/stream/DistinctOps
Event: 838.333 Loading class java/util/stream/DistinctOps done
Event: 838.333 Loading class java/util/stream/DistinctOps$1
Event: 838.334 Loading class java/util/stream/DistinctOps$1 done
Event: 838.337 Loading class java/util/stream/DistinctOps$1$2
Event: 838.338 Loading class java/util/stream/DistinctOps$1$2 done
Event: 845.700 Loading class sun/net/util/SocketExceptions
Event: 845.703 Loading class sun/net/util/SocketExceptions done
Event: 849.060 Loading class java/util/LinkedList$LLSpliterator
Event: 849.146 Loading class java/util/LinkedList$LLSpliterator done

Classes unloaded (7 events):
Event: 68.163 Thread 0x000002300d6fbcd0 Unloading class 0x00000230251aa000 'java/lang/invoke/LambdaForm$MH+0x00000230251aa000'
Event: 68.163 Thread 0x000002300d6fbcd0 Unloading class 0x00000230251a9c00 'java/lang/invoke/LambdaForm$MH+0x00000230251a9c00'
Event: 68.163 Thread 0x000002300d6fbcd0 Unloading class 0x00000230251a9800 'java/lang/invoke/LambdaForm$MH+0x00000230251a9800'
Event: 68.163 Thread 0x000002300d6fbcd0 Unloading class 0x00000230251a9400 'java/lang/invoke/LambdaForm$MH+0x00000230251a9400'
Event: 68.163 Thread 0x000002300d6fbcd0 Unloading class 0x00000230251a9000 'java/lang/invoke/LambdaForm$BMH+0x00000230251a9000'
Event: 68.163 Thread 0x000002300d6fbcd0 Unloading class 0x00000230251a8c00 'java/lang/invoke/LambdaForm$DMH+0x00000230251a8c00'
Event: 68.163 Thread 0x000002300d6fbcd0 Unloading class 0x00000230251a3800 'java/lang/invoke/LambdaForm$DMH+0x00000230251a3800'

Classes redefined (0 events):
No events

Internal exceptions (20 events):
Event: 875.570 Thread 0x000002306facacb0 Exception <a 'sun/nio/fs/WindowsException'{0x00000000d593cd70}> (0x00000000d593cd70) 
thrown [s\src\hotspot\share\prims\jni.cpp, line 520]
Event: 875.570 Thread 0x000002306facacb0 Exception <a 'sun/nio/fs/WindowsException'{0x00000000d593d3e8}> (0x00000000d593d3e8) 
thrown [s\src\hotspot\share\prims\jni.cpp, line 520]
Event: 875.570 Thread 0x000002306facacb0 Exception <a 'sun/nio/fs/WindowsException'{0x00000000d593da60}> (0x00000000d593da60) 
thrown [s\src\hotspot\share\prims\jni.cpp, line 520]
Event: 875.571 Thread 0x000002306facacb0 Exception <a 'sun/nio/fs/WindowsException'{0x00000000d593e380}> (0x00000000d593e380) 
thrown [s\src\hotspot\share\prims\jni.cpp, line 520]
Event: 875.571 Thread 0x000002306facacb0 Exception <a 'sun/nio/fs/WindowsException'{0x00000000d5941bb8}> (0x00000000d5941bb8) 
thrown [s\src\hotspot\share\prims\jni.cpp, line 520]
Event: 875.571 Thread 0x000002306facacb0 Exception <a 'sun/nio/fs/WindowsException'{0x00000000d5942540}> (0x00000000d5942540) 
thrown [s\src\hotspot\share\prims\jni.cpp, line 520]
Event: 875.572 Thread 0x000002306facacb0 Exception <a 'sun/nio/fs/WindowsException'{0x00000000d5942bb8}> (0x00000000d5942bb8) 
thrown [s\src\hotspot\share\prims\jni.cpp, line 520]
Event: 875.572 Thread 0x000002306facacb0 Exception <a 'sun/nio/fs/WindowsException'{0x00000000d5943250}> (0x00000000d5943250) 
thrown [s\src\hotspot\share\prims\jni.cpp, line 520]
Event: 875.601 Thread 0x000002306facacb0 Exception <a 'sun/nio/fs/WindowsException'{0x00000000d55ab260}> (0x00000000d55ab260) 
thrown [s\src\hotspot\share\prims\jni.cpp, line 520]
Event: 875.735 Thread 0x000002306facacb0 Exception <a 'sun/nio/fs/WindowsException'{0x00000000d565e408}> (0x00000000d565e408) 
thrown [s\src\hotspot\share\prims\jni.cpp, line 520]
Event: 877.230 Thread 0x000002306b0363a0 Exception <a 'sun/nio/fs/WindowsException'{0x00000000d5793a18}> (0x00000000d5793a18) 
thrown [s\src\hotspot\share\prims\jni.cpp, line 520]
Event: 877.362 Thread 0x000002306b0363a0 Exception <a 'sun/nio/fs/WindowsException'{0x00000000d5633490}> (0x00000000d5633490) 
thrown [s\src\hotspot\share\prims\jni.cpp, line 520]
Event: 877.475 Thread 0x000002306b0363a0 Exception <a 'sun/nio/fs/WindowsException'{0x00000000d5582900}> (0x00000000d5582900) 
thrown [s\src\hotspot\share\prims\jni.cpp, line 520]
Event: 877.614 Thread 0x000002306b0363a0 Exception <a 'sun/nio/fs/WindowsException'{0x00000000d56ebed0}> (0x00000000d56ebed0) 
thrown [s\src\hotspot\share\prims\jni.cpp, line 520]
Event: 877.869 Thread 0x000002306b0363a0 Exception <a 'sun/nio/fs/WindowsException'{0x00000000d582ca80}> (0x00000000d582ca80) 
thrown [s\src\hotspot\share\prims\jni.cpp, line 520]
Event: 877.915 Thread 0x000002306b0363a0 Exception <a 'sun/nio/fs/WindowsException'{0x00000000d5613628}> (0x00000000d5613628) 
thrown [s\src\hotspot\share\prims\jni.cpp, line 520]
Event: 879.403 Thread 0x000002306b0363a0 Exception <a 'sun/nio/fs/WindowsException'{0x00000000d55f3298}> (0x00000000d55f3298) 
thrown [s\src\hotspot\share\prims\jni.cpp, line 520]
Event: 879.581 Thread 0x000002306b0363a0 Exception <a 'sun/nio/fs/WindowsException'{0x00000000d57b9de8}> (0x00000000d57b9de8) 
thrown [s\src\hotspot\share\prims\jni.cpp, line 520]
Event: 880.038 Thread 0x000002306b0363a0 Exception <a 'sun/nio/fs/WindowsException'{0x00000000d5606048}> (0x00000000d5606048) 
thrown [s\src\hotspot\share\prims\jni.cpp, line 520]
Event: 880.278 Thread 0x000002306b0363a0 Exception <a 'sun/nio/fs/WindowsException'{0x00000000d57476e8}> (0x00000000d57476e8) 
thrown [s\src\hotspot\share\prims\jni.cpp, line 520]

ZGC Phase Switch (0 events):
No events

VM Operations (20 events):
Event: 880.775 Executing safepoint VM operation: ParallelGCFailedAllocation (Allocation Failure)
Event: 880.777 Executing safepoint VM operation: ParallelGCFailedAllocation (Allocation Failure) done
Event: 880.834 Executing safepoint VM operation: ParallelGCFailedAllocation (Allocation Failure)
Event: 880.839 Executing safepoint VM operation: ParallelGCFailedAllocation (Allocation Failure) done
Event: 880.866 Executing safepoint VM operation: ParallelGCFailedAllocation (Allocation Failure)
Event: 880.869 Executing safepoint VM operation: ParallelGCFailedAllocation (Allocation Failure) done
Event: 880.911 Executing safepoint VM operation: ParallelGCFailedAllocation (Allocation Failure)
Event: 880.914 Executing safepoint VM operation: ParallelGCFailedAllocation (Allocation Failure) done
Event: 880.969 Executing safepoint VM operation: ParallelGCFailedAllocation (Allocation Failure)
Event: 880.972 Executing safepoint VM operation: ParallelGCFailedAllocation (Allocation Failure) done
Event: 881.053 Executing safepoint VM operation: ParallelGCFailedAllocation (Allocation Failure)
Event: 881.055 Executing safepoint VM operation: ParallelGCFailedAllocation (Allocation Failure) done
Event: 881.081 Executing safepoint VM operation: ParallelGCFailedAllocation (Allocation Failure)
Event: 881.091 Executing safepoint VM operation: ParallelGCFailedAllocation (Allocation Failure) done
Event: 881.121 Executing safepoint VM operation: ParallelGCFailedAllocation (Allocation Failure)
Event: 881.124 Executing safepoint VM operation: ParallelGCFailedAllocation (Allocation Failure) done
Event: 881.214 Executing safepoint VM operation: ParallelGCFailedAllocation (Allocation Failure)
Event: 881.217 Executing safepoint VM operation: ParallelGCFailedAllocation (Allocation Failure) done
Event: 881.274 Executing safepoint VM operation: ParallelGCFailedAllocation (Allocation Failure)
Event: 881.279 Executing safepoint VM operation: ParallelGCFailedAllocation (Allocation Failure) done

Memory protections (0 events):
No events

Nmethod flushes (20 events):
Event: 871.964 Thread 0x000002300d6fbcd0 flushing  nmethod 0x00000230114e1610
Event: 871.964 Thread 0x000002300d6fbcd0 flushing  nmethod 0x00000230114f6690
Event: 871.964 Thread 0x000002300d6fbcd0 flushing  nmethod 0x00000230114f7210
Event: 871.964 Thread 0x000002300d6fbcd0 flushing  nmethod 0x000002301150d610
Event: 871.964 Thread 0x000002300d6fbcd0 flushing  nmethod 0x000002301150dd90
Event: 871.964 Thread 0x000002300d6fbcd0 flushing  nmethod 0x0000023011511110
Event: 871.965 Thread 0x000002300d6fbcd0 flushing  nmethod 0x0000023011512190
Event: 871.965 Thread 0x000002300d6fbcd0 flushing  nmethod 0x000002301152f190
Event: 871.965 Thread 0x000002300d6fbcd0 flushing  nmethod 0x0000023011549290
Event: 871.965 Thread 0x000002300d6fbcd0 flushing  nmethod 0x000002301155e310
Event: 871.965 Thread 0x000002300d6fbcd0 flushing  nmethod 0x0000023011561110
Event: 871.965 Thread 0x000002300d6fbcd0 flushing  nmethod 0x0000023011598210
Event: 871.965 Thread 0x000002300d6fbcd0 flushing  nmethod 0x000002301159aa10
Event: 871.965 Thread 0x000002300d6fbcd0 flushing  nmethod 0x000002301159fd90
Event: 871.965 Thread 0x000002300d6fbcd0 flushing  nmethod 0x00000230115f6d90
Event: 871.965 Thread 0x000002300d6fbcd0 flushing  nmethod 0x00000230115f7190
Event: 871.965 Thread 0x000002300d6fbcd0 flushing  nmethod 0x00000230115f7510
Event: 871.965 Thread 0x000002300d6fbcd0 flushing  nmethod 0x00000230115f7910
Event: 871.965 Thread 0x000002300d6fbcd0 flushing  nmethod 0x00000230115f8b10
Event: 871.965 Thread 0x000002300d6fbcd0 flushing  nmethod 0x0000023011616910

Events (20 events):
Event: 875.936 Thread 0x000002306facacb0 Thread added: 0x000002306de29190
Event: 876.001 Thread 0x000002306de29190 Thread exited: 0x000002306de29190
Event: 876.001 Thread 0x000002306facacb0 Thread added: 0x000002306de2c610
Event: 876.002 Thread 0x000002306facacb0 Thread added: 0x000002306de2d330
Event: 876.162 Thread 0x000002306de2d330 Thread added: 0x000002306de27de0
Event: 877.556 Thread 0x000002306b035680 Thread added: 0x000002306de29190
Event: 877.679 Thread 0x000002306de29190 Thread added: 0x000002306de29820
Event: 878.154 Thread 0x000002306de29190 Thread added: 0x000002306de2a540
Event: 878.186 Thread 0x000002306de2a540 Thread added: 0x000002306de2b8f0
Event: 878.187 Thread 0x000002306de2a540 Thread added: 0x000002306de2abd0
Event: 878.206 Thread 0x000002306de2b8f0 Thread exited: 0x000002306de2b8f0
Event: 879.142 Thread 0x000002306de2a540 Thread exited: 0x000002306de2a540
Event: 879.142 Thread 0x000002306de2abd0 Thread exited: 0x000002306de2abd0
Event: 879.143 Thread 0x000002306de29820 Thread exited: 0x000002306de29820
Event: 879.143 Thread 0x000002306de29190 Thread exited: 0x000002306de29190
Event: 879.149 Thread 0x000002306b035680 Thread added: 0x000002306de2a540
Event: 879.537 Thread 0x000002306de2a540 Thread added: 0x000002306de29190
Event: 879.583 Thread 0x000002306de29190 Thread added: 0x000002306de2b8f0
Event: 879.584 Thread 0x000002306de29190 Thread added: 0x000002306de29820
Event: 879.608 Thread 0x000002306de2b8f0 Thread exited: 0x000002306de2b8f0


Dynamic libraries:
0x00007ff79ad60000 - 0x00007ff79ad6e000 	c:\Users\welcome\.vscode\extensions\redhat.java-1.56.0-win32-x64\jre\21.0.12.1-win32-x86_64\bin\java.exe
0x00007ff9ea3b0000 - 0x00007ff9ea5a9000 	C:\Windows\SYSTEM32\ntdll.dll
0x00007ff9e8650000 - 0x00007ff9e8712000 	C:\Windows\System32\KERNEL32.DLL
0x00007ff9e7a00000 - 0x00007ff9e7cf7000 	C:\Windows\System32\KERNELBASE.dll
0x00007ff9e8000000 - 0x00007ff9e8100000 	C:\Windows\System32\ucrtbase.dll
0x00007ff97de60000 - 0x00007ff97de78000 	c:\Users\welcome\.vscode\extensions\redhat.java-1.56.0-win32-x64\jre\21.0.12.1-win32-x86_64\bin\jli.dll
0x00007ff9e9c20000 - 0x00007ff9e9dbd000 	C:\Windows\System32\USER32.dll
0x00007ff9e8150000 - 0x00007ff9e8172000 	C:\Windows\System32\win32u.dll
0x00007ff9e8940000 - 0x00007ff9e896b000 	C:\Windows\System32\GDI32.dll
0x00007ff9e7ee0000 - 0x00007ff9e7ffa000 	C:\Windows\System32\gdi32full.dll
0x00007ff9e81b0000 - 0x00007ff9e824d000 	C:\Windows\System32\msvcp_win.dll
0x00007ff97e230000 - 0x00007ff97e24e000 	c:\Users\welcome\.vscode\extensions\redhat.java-1.56.0-win32-x64\jre\21.0.12.1-win32-x86_64\bin\VCRUNTIME140.dll
0x00007ff9e6e20000 - 0x00007ff9e70bb000 	C:\Windows\WinSxS\amd64_microsoft.windows.common-controls_6595b64144ccf1df_6.0.19041.7663_none_60b9ed0b71f50c93\COMCTL32.dll
0x00007ff9e91b0000 - 0x00007ff9e924e000 	C:\Windows\System32\msvcrt.dll
0x00007ff9e90f0000 - 0x00007ff9e911f000 	C:\Windows\System32\IMM32.DLL
0x00007ff9b0f00000 - 0x00007ff9b0f0c000 	c:\Users\welcome\.vscode\extensions\redhat.java-1.56.0-win32-x64\jre\21.0.12.1-win32-x86_64\bin\vcruntime140_1.dll
0x00007ff94dcb0000 - 0x00007ff94dd3d000 	c:\Users\welcome\.vscode\extensions\redhat.java-1.56.0-win32-x64\jre\21.0.12.1-win32-x86_64\bin\msvcp140.dll
0x00007ff94cf00000 - 0x00007ff94dca2000 	c:\Users\welcome\.vscode\extensions\redhat.java-1.56.0-win32-x64\jre\21.0.12.1-win32-x86_64\bin\server\jvm.dll
0x00007ff9e9b60000 - 0x00007ff9e9c12000 	C:\Windows\System32\ADVAPI32.dll
0x00007ff9e9810000 - 0x00007ff9e98b0000 	C:\Windows\System32\sechost.dll
0x00007ff9e83f0000 - 0x00007ff9e8516000 	C:\Windows\System32\RPCRT4.dll
0x00007ff9e8180000 - 0x00007ff9e81a7000 	C:\Windows\System32\bcrypt.dll
0x00007ff9e9130000 - 0x00007ff9e91a3000 	C:\Windows\System32\WS2_32.dll
0x00007ff9e7850000 - 0x00007ff9e789b000 	C:\Windows\SYSTEM32\POWRPROF.dll
0x00007ff9d13f0000 - 0x00007ff9d1417000 	C:\Windows\SYSTEM32\WINMM.dll
0x00007ff9df810000 - 0x00007ff9df81a000 	C:\Windows\SYSTEM32\VERSION.dll
0x00007ff9e7830000 - 0x00007ff9e7842000 	C:\Windows\SYSTEM32\UMPDC.dll
0x00007ff9e5170000 - 0x00007ff9e5182000 	C:\Windows\SYSTEM32\kernel.appcore.dll
0x00007ff97de50000 - 0x00007ff97de5a000 	c:\Users\welcome\.vscode\extensions\redhat.java-1.56.0-win32-x64\jre\21.0.12.1-win32-x86_64\bin\jimage.dll
0x00007ff9e72d0000 - 0x00007ff9e74db000 	C:\Windows\SYSTEM32\DBGHELP.DLL
0x00007ff9e7290000 - 0x00007ff9e72c5000 	C:\Windows\SYSTEM32\dbgcore.DLL
0x00007ff9e8300000 - 0x00007ff9e8382000 	C:\Windows\System32\bcryptPrimitives.dll
0x00007ff97e040000 - 0x00007ff97e04f000 	c:\Users\welcome\.vscode\extensions\redhat.java-1.56.0-win32-x64\jre\21.0.12.1-win32-x86_64\bin\instrument.dll
0x00007ff97e020000 - 0x00007ff97e040000 	c:\Users\welcome\.vscode\extensions\redhat.java-1.56.0-win32-x64\jre\21.0.12.1-win32-x86_64\bin\java.dll
0x00007ff9e8970000 - 0x00007ff9e90e1000 	C:\Windows\System32\SHELL32.dll
0x00007ff9e5380000 - 0x00007ff9e5b2c000 	C:\Windows\SYSTEM32\windows.storage.dll
0x00007ff9ea010000 - 0x00007ff9ea364000 	C:\Windows\System32\combase.dll
0x00007ff9e6b50000 - 0x00007ff9e6b7b000 	C:\Windows\SYSTEM32\Wldp.dll
0x00007ff9e99d0000 - 0x00007ff9e9a7d000 	C:\Windows\System32\SHCORE.dll
0x00007ff9e88e0000 - 0x00007ff9e893b000 	C:\Windows\System32\shlwapi.dll
0x00007ff9e7920000 - 0x00007ff9e7945000 	C:\Windows\SYSTEM32\profapi.dll
0x00007ff97e000000 - 0x00007ff97e018000 	c:\Users\welcome\.vscode\extensions\redhat.java-1.56.0-win32-x64\jre\21.0.12.1-win32-x86_64\bin\zip.dll
0x00007ff97dff0000 - 0x00007ff97e000000 	C:\Users\welcome\.vscode\extensions\redhat.java-1.56.0-win32-x64\jre\21.0.12.1-win32-x86_64\bin\net.dll
0x00007ff9dd020000 - 0x00007ff9dd12d000 	C:\Windows\SYSTEM32\WINHTTP.dll
0x00007ff9e69c0000 - 0x00007ff9e6a2a000 	C:\Windows\system32\mswsock.dll
0x00007ff97de90000 - 0x00007ff97dea6000 	C:\Users\welcome\.vscode\extensions\redhat.java-1.56.0-win32-x64\jre\21.0.12.1-win32-x86_64\bin\nio.dll
0x00007ff97de80000 - 0x00007ff97de90000 	c:\Users\welcome\.vscode\extensions\redhat.java-1.56.0-win32-x64\jre\21.0.12.1-win32-x86_64\bin\verify.dll
0x00007ff9ada50000 - 0x00007ff9ada95000 	C:\Users\welcome\AppData\Roaming\Code\User\globalStorage\redhat.java\1.56.0\config_win\org.eclipse.equinox.launcher\org.eclipse.equinox.launcher.win32.win32.x86_64_1.3.100.v20260804-1928\eclipse_11924.dll
0x00007ff9e8520000 - 0x00007ff9e864c000 	C:\Windows\System32\ole32.dll
0x00007ff9e7690000 - 0x00007ff9e76a8000 	C:\Windows\SYSTEM32\CRYPTSP.dll
0x00007ff9e6300000 - 0x00007ff9e6338000 	C:\Windows\system32\rsaenh.dll
0x00007ff9e78e0000 - 0x00007ff9e790e000 	C:\Windows\SYSTEM32\USERENV.dll
0x00007ff9e6c10000 - 0x00007ff9e6c1c000 	C:\Windows\SYSTEM32\CRYPTBASE.dll
0x00007ff9e6680000 - 0x00007ff9e66bb000 	C:\Windows\SYSTEM32\IPHLPAPI.DLL
0x00007ff9ea000000 - 0x00007ff9ea008000 	C:\Windows\System32\NSI.dll
0x00007ff9e1790000 - 0x00007ff9e17d9000 	C:\Users\welcome\AppData\Local\Temp\jna-1233099618\jna1177949222531206058.dll
0x00007ff9e9dc0000 - 0x00007ff9e9dc8000 	C:\Windows\System32\PSAPI.DLL
0x00007ff9ddf70000 - 0x00007ff9ddf87000 	C:\Windows\SYSTEM32\dhcpcsvc6.DLL
0x00007ff9dded0000 - 0x00007ff9ddeed000 	C:\Windows\SYSTEM32\dhcpcsvc.DLL
0x00007ff9d2d00000 - 0x00007ff9d2d27000 	C:\Users\welcome\.gradle\native\c067742578af261105cb4f569cf0c3c89f3d7b1fecec35dd04571415982c5e48\windows-amd64\native-platform.dll
0x00007ff97cd50000 - 0x00007ff97cd5a000 	C:\Users\welcome\.vscode\extensions\redhat.java-1.56.0-win32-x64\jre\21.0.12.1-win32-x86_64\bin\management.dll
0x00007ff97cd40000 - 0x00007ff97cd4c000 	C:\Users\welcome\.vscode\extensions\redhat.java-1.56.0-win32-x64\jre\21.0.12.1-win32-x86_64\bin\management_ext.dll
0x00007ff9e2bd0000 - 0x00007ff9e2bd9000 	C:\Users\welcome\.vscode\extensions\redhat.java-1.56.0-win32-x64\jre\21.0.12.1-win32-x86_64\bin\extnet.dll
0x00007ff9e2bb0000 - 0x00007ff9e2bbe000 	C:\Users\welcome\.vscode\extensions\redhat.java-1.56.0-win32-x64\jre\21.0.12.1-win32-x86_64\bin\sunmscapi.dll
0x00007ff9e7d80000 - 0x00007ff9e7edd000 	C:\Windows\System32\CRYPT32.dll
0x00007ff9e6d00000 - 0x00007ff9e6d27000 	C:\Windows\SYSTEM32\ncrypt.dll
0x00007ff9e6cc0000 - 0x00007ff9e6cfb000 	C:\Windows\SYSTEM32\NTASN1.dll
0x00007ff99c3c0000 - 0x00007ff99c3c7000 	C:\Windows\system32\wshunix.dll

JVMTI agents:
c:\Users\welcome\.vscode\extensions\redhat.java-1.56.0-win32-x64\lombok\lombok-1.18.39-4050.jar path:c:\Users\welcome\.vscode\extensions\redhat.java-1.56.0-win32-x64\jre\21.0.12.1-win32-x86_64\bin\instrument.dll, loaded, initialized, instrumentlib options:none

dbghelp: loaded successfully - version: 4.0.5 - missing functions: none
symbol engine: initialized successfully - sym options: 0x614 - pdb path: .;c:\Users\welcome\.vscode\extensions\redhat.java-1.56.0-win32-x64\jre\21.0.12.1-win32-x86_64\bin;C:\Windows\SYSTEM32;C:\Windows\WinSxS\amd64_microsoft.windows.common-controls_6595b64144ccf1df_6.0.19041.7663_none_60b9ed0b71f50c93;c:\Users\welcome\.vscode\extensions\redhat.java-1.56.0-win32-x64\jre\21.0.12.1-win32-x86_64\bin\server;C:\Users\welcome\AppData\Roaming\Code\User\globalStorage\redhat.java\1.56.0\config_win\org.eclipse.equinox.launcher\org.eclipse.equinox.launcher.win32.win32.x86_64_1.3.100.v20260804-1928;C:\Users\welcome\AppData\Local\Temp\jna-1233099618;C:\Users\welcome\.gradle\native\c067742578af261105cb4f569cf0c3c89f3d7b1fecec35dd04571415982c5e48\windows-amd64

VM Arguments:
jvm_args: --add-modules=ALL-SYSTEM --add-opens=java.base/java.util=ALL-UNNAMED --add-opens=java.base/java.lang=ALL-UNNAMED --add-opens=java.base/sun.nio.fs=ALL-UNNAMED -Declipse.application=org.eclipse.jdt.ls.core.id1 -Dosgi.bundles.defaultStartLevel=4 -Declipse.product=org.eclipse.jdt.ls.core.product -Djava.import.generatesMetadataFilesAtProjectRoot=false -Dm2e.project.cache.size=50 -DDetectVMInstallationsJob.disabled=true -Dfile.encoding=utf8 -XX:+UseParallelGC -XX:GCTimeRatio=4 -XX:AdaptiveSizePolicyWeight=90 -Dsun.zip.disableMemoryMapping=true -Xmx2G -Xms100m -Xlog:disable -javaagent:c:\Users\welcome\.vscode\extensions\redhat.java-1.56.0-win32-x64\lombok\lombok-1.18.39-4050.jar -XX:+HeapDumpOnOutOfMemoryError -XX:HeapDumpPath=c:\Users\welcome\AppData\Roaming\Code\User\workspaceStorage\438089d090c8572c52f170013986077f\redhat.java -Daether.dependencyCollector.impl=bf 
java_command: c:\Users\welcome\.vscode\extensions\redhat.java-1.56.0-win32-x64\server\plugins\org.eclipse.equinox.launcher_1.8.0.v20260804-1928.jar -configuration c:\Users\welcome\AppData\Roaming\Code\User\globalStorage\redhat.java\1.56.0\config_win -data c:\Users\welcome\AppData\Roaming\Code\User\workspaceStorage\438089d090c8572c52f170013986077f\redhat.java\jdt_ws --pipe=\\.\pipe\lsp-532b1a1ec5743708fcdec5f109873970-sock
java_class_path (initial): c:\Users\welcome\.vscode\extensions\redhat.java-1.56.0-win32-x64\server\plugins\org.eclipse.equinox.launcher_1.8.0.v20260804-1928.jar
Launcher Type: SUN_STANDARD

[Global flags]
    uintx AdaptiveSizePolicyWeight                 = 90                                        {product} {command line}
     intx CICompilerCount                          = 3                                         {product} {ergonomic}
    uintx GCTimeRatio                              = 4                                         {product} {command line}
     bool HeapDumpOnOutOfMemoryError               = true                                   {manageable} {command line}
    ccstr HeapDumpPath                             = c:\Users\welcome\AppData\Roaming\Code\User\workspaceStorage\438089d090c8572c52f170013986077f\redhat.java         {manageable} {command line}
   size_t InitialHeapSize                          = 104857600                                 {product} {command line}
   size_t MaxHeapSize                              = 2147483648                                {product} {command line}
   size_t MaxNewSize                               = 715653120                                 {product} {ergonomic}
   size_t MinHeapDeltaBytes                        = 524288                                    {product} {ergonomic}
   size_t MinHeapSize                              = 104857600                                 {product} {command line}
   size_t NewSize                                  = 34603008                                  {product} {ergonomic}
    uintx NonNMethodCodeHeapSize                   = 5832780                                {pd product} {ergonomic}
    uintx NonProfiledCodeHeapSize                  = 122912730                              {pd product} {ergonomic}
   size_t OldSize                                  = 70254592                                  {product} {ergonomic}
    uintx ProfiledCodeHeapSize                     = 122912730                              {pd product} {ergonomic}
    uintx ReservedCodeCacheSize                    = 251658240                              {pd product} {ergonomic}
     bool SegmentedCodeCache                       = true                                      {product} {ergonomic}
   size_t SoftMaxHeapSize                          = 2147483648                             {manageable} {ergonomic}
     bool UseCompressedOops                        = true                           {product lp64_product} {ergonomic}
     bool UseLargePagesIndividualAllocation        = false                                  {pd product} {ergonomic}
     bool UseParallelGC                            = true                                      {product} {command line}

Logging:
Log output configuration:
 #0: stdout all=off uptime,level,tags foldmultilines=false
 #1: stderr all=off uptime,level,tags foldmultilines=false

Release file:
JAVA_VERSION="21.0.12.1" 
MODULES="java.base java.compiler java.datatransfer java.xml java.prefs java.desktop java.instrument java.logging java.management java.security.sasl java.naming java.rmi java.management.rmi java.net.http java.scripting java.security.jgss java.transaction.xa java.sql java.sql.rowset java.xml.crypto java.se java.smartcardio jdk.accessibility jdk.internal.jvmstat jdk.attach jdk.charsets jdk.internal.opt jdk.zipfs jdk.compiler jdk.crypto.ec jdk.crypto.cryptoki jdk.crypto.mscapi jdk.dynalink jdk.internal.ed jdk.editpad jdk.hotspot.agent jdk.httpserver jdk.internal.le jdk.internal.vm.ci jdk.internal.vm.compiler jdk.internal.vm.compiler.management jdk.jartool jdk.javadoc jdk.jcmd jdk.management jdk.management.agent jdk.jconsole jdk.jdeps jdk.jdwp.agent jdk.jdi jdk.jfr jdk.jshell jdk.jsobject jdk.jstatd jdk.localedata jdk.management.jfr jdk.naming.dns jdk.naming.rmi jdk.net jdk.nio.mapmode jdk.random jdk.sctp jdk.security.auth jdk.security.jgss jdk.unsupported jdk.unsupported.desktop jdk.xml.dom" 

Environment Variables:
PATH=C:\Program Files\Eclipse Adoptium\jdk-17.0.20.101-hotspot\bin;C:\Windows\system32;C:\Windows;C:\Windows\System32\Wbem;C:\Windows\System32\WindowsPowerShell\v1.0\;C:\Windows\System32\OpenSSH\;C:\Program Files\Git\cmd;C:\Program Files\nodejs\;C:\Users\welcome\AppData\Local\Microsoft\WindowsApps;C:\Users\welcome\AppData\Local\Programs\Microsoft VS Code\bin;C:\Users\welcome\AppData\Local\Programs\DockerDesktop\resources\bin;C:\Users\welcome\AppData\Roaming\npm
USERNAME=welcome
OS=Windows_NT
PROCESSOR_IDENTIFIER=Intel64 Family 6 Model 142 Stepping 9, GenuineIntel
TMP=C:\Users\welcome\AppData\Local\Temp
TEMP=C:\Users\welcome\AppData\Local\Temp




Periodic native trim disabled

---------------  S Y S T E M  ---------------

OS:
 Windows 10 , 64 bit Build 19041 (10.0.19041.7725)
OS uptime: 0 days 11:13 hours
Hyper-V role detected

CPU: total 4 (initial active 4) (2 cores per cpu, 2 threads per core) family 6 model 142 stepping 9 microcode 0xea, cx8, cmov, fxsr, ht, mmx, 3dnowpref, sse, sse2, sse3, ssse3, sse4.1, sse4.2, popcnt, lzcnt, tsc, tscinvbit, avx, avx2, aes, erms, clmul, bmi1, bmi2, adx, fma, vzeroupper, clflush, clflushopt, hv, rdtscp, f16c
Processor Information for processor 0
  Max Mhz: 2400, Current Mhz: 1500, Mhz Limit: 2400
Processor Information for processor 1
  Max Mhz: 2400, Current Mhz: 2400, Mhz Limit: 2400
Processor Information for processor 2
  Max Mhz: 2400, Current Mhz: 2400, Mhz Limit: 2400
Processor Information for processor 3
  Max Mhz: 2400, Current Mhz: 2400, Mhz Limit: 2400

Memory: 4k page, system-wide physical 4005M (263M free)
TotalPageFile size 11505M (AvailPageFile size 4M)
current process WorkingSet (physical memory assigned to process): 572M, peak: 591M
current process commit charge ("private bytes"): 705M, peak: 1690M

vm_info: OpenJDK 64-Bit Server VM (21.0.12.1+1-LTS) for windows-amd64 JRE (21.0.12.1+1-LTS), built on 2026-08-18T00:00:00Z by "admin" with MS VC++ 17.12 (VS2022)

END.
