#
# There is insufficient memory for the Java Runtime Environment to continue.
# Native memory allocation (malloc) failed to allocate 1831472 bytes. Error detail: Chunk::new
# Possible reasons:
#   The system is out of physical RAM or swap space
#   This process is running with CompressedOops enabled, and the Java Heap may be blocking the growth of the native heap
# Possible solutions:
#   Reduce memory load on the system
#   Increase physical memory or swap space
#   Check if swap backing store is full
#   Decrease Java heap size (-Xmx/-Xms)
#   Decrease number of Java threads
#   Decrease Java thread stack sizes (-Xss)
#   Set larger code cache with -XX:ReservedCodeCacheSize=
#   JVM is running with Unscaled Compressed Oops mode in which the Java heap is
#     placed in the first 4GB address space. The Java Heap base address is the
#     maximum limit for the native heap growth. Please use -XX:HeapBaseMinAddress
#     to set the Java Heap base and to place the Java Heap above 4GB virtual address.
# This output file may be truncated or incomplete.
#
#  Out of Memory Error (arena.cpp:168), pid=21832, tid=16684
#
# JRE version: OpenJDK Runtime Environment Temurin-21.0.12.1+1 (21.0.12.1+1) (build 21.0.12.1+1-LTS)
# Java VM: OpenJDK 64-Bit Server VM Temurin-21.0.12.1+1 (21.0.12.1+1-LTS, mixed mode, sharing, tiered, compressed oops, compressed class ptrs, parallel gc, windows-amd64)
# No core dump will be written. Minidumps are not enabled by default on client versions of Windows
#

---------------  S U M M A R Y ------------

Command Line: --add-modules=ALL-SYSTEM --add-opens=java.base/java.util=ALL-UNNAMED --add-opens=java.base/java.lang=ALL-UNNAMED --add-opens=java.base/sun.nio.fs=ALL-UNNAMED -Declipse.application=org.eclipse.jdt.ls.core.id1 -Dosgi.bundles.defaultStartLevel=4 -Declipse.product=org.eclipse.jdt.ls.core.product -Djava.import.generatesMetadataFilesAtProjectRoot=false -Dm2e.project.cache.size=50 -DDetectVMInstallationsJob.disabled=true -Dfile.encoding=utf8 -XX:+UseParallelGC -XX:GCTimeRatio=4 -XX:AdaptiveSizePolicyWeight=90 -Dsun.zip.disableMemoryMapping=true -Xmx2G -Xms100m -Xlog:disable -javaagent:c:\Users\welcome\.vscode\extensions\redhat.java-1.56.0-win32-x64\lombok\lombok-1.18.39-4050.jar -XX:+HeapDumpOnOutOfMemoryError -XX:HeapDumpPath=c:\Users\welcome\AppData\Roaming\Code\User\workspaceStorage\438089d090c8572c52f170013986077f\redhat.java -Daether.dependencyCollector.impl=bf c:\Users\welcome\.vscode\extensions\redhat.java-1.56.0-win32-x64\server\plugins\org.eclipse.equinox.launcher_1.8.0.v20260804-1928.jar -configuration c:\Users\welcome\AppData\Roaming\Code\User\globalStorage\redhat.java\1.56.0\config_win -data c:\Users\welcome\AppData\Roaming\Code\User\workspaceStorage\438089d090c8572c52f170013986077f\redhat.java\jdt_ws --stdio

Host: Intel(R) Core(TM) i3-7100U CPU @ 2.40GHz, 4 cores, 3G,  Windows 10 , 64 bit Build 19041 (10.0.19041.7725)
Time: Tue Sep 29 09:37:46 2026 India Standard Time elapsed time: 46.401795 seconds (0d 0h 0m 46s)

---------------  T H R E A D  ---------------

Current thread (0x0000022064652470):  JavaThread "C2 CompilerThread0" daemon [_thread_in_native, id=16684, stack(0x000000ab48d00000,0x000000ab48e00000) (1024K)]


Current CompileTask:
C2:46623 8975   !   4       org.eclipse.jdt.internal.core.search.indexing.BinaryIndexer::indexDocument (1172 bytes)

Stack: [0x000000ab48d00000,0x000000ab48e00000]
Native frames: (J=compiled Java code, j=interpreted, Vv=VM code, C=native code)
V  [jvm.dll+0x6d83e9]
V  [jvm.dll+0x8b5736]
V  [jvm.dll+0x8b7cee]
V  [jvm.dll+0x8b83d3]
V  [jvm.dll+0x284596]
V  [jvm.dll+0xc685d]
V  [jvm.dll+0xc6da1]
V  [jvm.dll+0x3bf18b]
V  [jvm.dll+0x1e4149]
V  [jvm.dll+0x24c853]
V  [jvm.dll+0x24bce0]
V  [jvm.dll+0x1cb4ae]
V  [jvm.dll+0x25baad]
V  [jvm.dll+0x25a03a]
V  [jvm.dll+0x3f8aae]
V  [jvm.dll+0x8600cd]
V  [jvm.dll+0x6d6c1d]
C  [ucrtbase.dll+0x21bb2]
C  [KERNEL32.DLL+0x17384]
C  [ntdll.dll+0x4cc91]


---------------  P R O C E S S  ---------------

Threads class SMR info:
_java_thread_list=0x0000022048c54730, length=43, elements={
0x000002206475e090, 0x0000022064644470, 0x0000022064645190, 0x00000220646475d0,
0x0000022064648e40, 0x000002206464be20, 0x000002206464e030, 0x0000022064652470,
0x000002206467cb10, 0x0000022045145670, 0x000002204528fc80, 0x00000220458225f0,
0x0000022045070750, 0x0000022045a0bf70, 0x0000022045b1daf0, 0x0000022045f95710,
0x0000022046480040, 0x00000220464374c0, 0x000002204589de40, 0x000002204589ca90,
0x000002204589d7b0, 0x000002204589eb60, 0x000002204589f880, 0x000002204589e4d0,
0x000002204589c400, 0x000002204589d120, 0x000002204832cbd0, 0x000002204832c540,
0x000002204832beb0, 0x000002204832df80, 0x00000220483290c0, 0x000002204832e610,
0x000002204832d260, 0x000002204832b820, 0x000002204832d8f0, 0x0000022048328a30,
0x000002204832eca0, 0x0000022048329750, 0x000002204832ab00, 0x00000220483283a0,
0x000002204832b190, 0x0000022048e54aa0, 0x0000022048e557c0
}

Java Threads: ( => current thread )
  0x000002206475e090 JavaThread "main"                              [_thread_blocked, id=2520, stack(0x000000ab48300000,0x000000ab48400000) (1024K)]
  0x0000022064644470 JavaThread "Reference Handler"          daemon [_thread_blocked, id=16820, stack(0x000000ab48700000,0x000000ab48800000) (1024K)]
  0x0000022064645190 JavaThread "Finalizer"                  daemon [_thread_blocked, id=21896, stack(0x000000ab48800000,0x000000ab48900000) (1024K)]
  0x00000220646475d0 JavaThread "Signal Dispatcher"          daemon [_thread_blocked, id=10500, stack(0x000000ab48900000,0x000000ab48a00000) (1024K)]
  0x0000022064648e40 JavaThread "Attach Listener"            daemon [_thread_blocked, id=18212, stack(0x000000ab48a00000,0x000000ab48b00000) (1024K)]
  0x000002206464be20 JavaThread "Service Thread"             daemon [_thread_blocked, id=452, stack(0x000000ab48b00000,0x000000ab48c00000) (1024K)]
  0x000002206464e030 JavaThread "Monitor Deflation Thread"   daemon [_thread_blocked, id=1300, stack(0x000000ab48c00000,0x000000ab48d00000) (1024K)]
=>0x0000022064652470 JavaThread "C2 CompilerThread0"         daemon [_thread_in_native, id=16684, stack(0x000000ab48d00000,0x000000ab48e00000) (1024K)]
  0x000002206467cb10 JavaThread "C1 CompilerThread0"         daemon [_thread_blocked, id=2496, stack(0x000000ab48e00000,0x000000ab48f00000) (1024K)]
  0x0000022045145670 JavaThread "Common-Cleaner"             daemon [_thread_blocked, id=20196, stack(0x000000ab48f00000,0x000000ab49000000) (1024K)]
  0x000002204528fc80 JavaThread "Notification Thread"        daemon [_thread_blocked, id=9088, stack(0x000000ab49000000,0x000000ab49100000) (1024K)]
  0x00000220458225f0 JavaThread "Active Thread: Equinox Container: e77ce63e-8cf6-443b-94d6-2147077107fe"        [_thread_blocked, id=18740, stack(0x000000ab49400000,0x000000ab49500000) (1024K)]
  0x0000022045070750 JavaThread "Refresh Thread: Equinox Container: e77ce63e-8cf6-443b-94d6-2147077107fe" daemon [_thread_blocked, id=13956, stack(0x000000ab49500000,0x000000ab49600000) (1024K)]
  0x0000022045a0bf70 JavaThread "Framework Event Dispatcher: Equinox Container: e77ce63e-8cf6-443b-94d6-2147077107fe" daemon [_thread_blocked, id=21764, stack(0x000000ab49600000,0x000000ab49700000) (1024K)]
  0x0000022045b1daf0 JavaThread "Start Level: Equinox Container: e77ce63e-8cf6-443b-94d6-2147077107fe" daemon [_thread_blocked, id=12076, stack(0x000000ab49700000,0x000000ab49800000) (1024K)]
  0x0000022045f95710 JavaThread "Bundle File Closer"         daemon [_thread_blocked, id=19500, stack(0x000000ab49800000,0x000000ab49900000) (1024K)]
  0x0000022046480040 JavaThread "SCR Component Actor"        daemon [_thread_blocked, id=8748, stack(0x000000ab49900000,0x000000ab49a00000) (1024K)]
  0x00000220464374c0 JavaThread "Worker-JM"                         [_thread_blocked, id=19196, stack(0x000000ab49a00000,0x000000ab49b00000) (1024K)]
  0x000002204589de40 JavaThread "JNA Cleaner"                daemon [_thread_blocked, id=6056, stack(0x000000ab49b00000,0x000000ab49c00000) (1024K)]
  0x000002204589ca90 JavaThread "Worker-0: Java indexing... "        [_thread_blocked, id=19380, stack(0x000000ab49c00000,0x000000ab49d00000) (1024K)]
  0x000002204589d7b0 JavaThread "Worker-1: Initialize Workspace"        [_thread_blocked, id=18612, stack(0x000000ab49d00000,0x000000ab49e00000) (1024K)]
  0x000002204589eb60 JavaThread "Worker-2"                          [_thread_blocked, id=1752, stack(0x000000ab49e00000,0x000000ab49f00000) (1024K)]
  0x000002204589f880 JavaThread "Java indexing"              daemon [_thread_in_Java, id=18460, stack(0x000000ab49f00000,0x000000ab4a000000) (1024K)]
  0x000002204589e4d0 JavaThread "Worker-3"                          [_thread_blocked, id=17644, stack(0x000000ab4a000000,0x000000ab4a100000) (1024K)]
  0x000002204589c400 JavaThread "Worker-4: Synchronize Gradle projects with workspace"        [_thread_blocked, id=15716, stack(0x000000ab4a100000,0x000000ab4a200000) (1024K)]
  0x000002204589d120 JavaThread "Worker-5"                          [_thread_blocked, id=20248, stack(0x000000ab4a200000,0x000000ab4a300000) (1024K)]
  0x000002204832cbd0 JavaThread "Timer-0"                           [_thread_blocked, id=20356, stack(0x000000ab4a300000,0x000000ab4a400000) (1024K)]
  0x000002204832c540 JavaThread "pool-2-thread-1"                   [_thread_blocked, id=16216, stack(0x000000ab4a400000,0x000000ab4a500000) (1024K)]
  0x000002204832beb0 JavaThread "Timer-1"                           [_thread_blocked, id=2800, stack(0x000000ab4a500000,0x000000ab4a600000) (1024K)]
  0x000002204832df80 JavaThread "WorkspaceEventsHandler"            [_thread_blocked, id=17336, stack(0x000000ab4a800000,0x000000ab4a900000) (1024K)]
  0x00000220483290c0 JavaThread "pool-1-thread-1"                   [_thread_blocked, id=3440, stack(0x000000ab4a900000,0x000000ab4aa00000) (1024K)]
  0x000002204832e610 JavaThread "ProjectImportProgressReporter" daemon [_thread_blocked, id=15888, stack(0x000000ab4ab00000,0x000000ab4ac00000) (1024K)]
  0x000002204832d260 JavaThread "Timer-2"                           [_thread_blocked, id=18764, stack(0x000000ab4ac00000,0x000000ab4ad00000) (1024K)]
  0x000002204832b820 JavaThread "Exec process"                      [_thread_blocked, id=16104, stack(0x000000ab4ae00000,0x000000ab4af00000) (1024K)]
  0x000002204832d8f0 JavaThread "Exec process Thread 2"             [_thread_blocked, id=3324, stack(0x000000ab4af00000,0x000000ab4b000000) (1024K)]
  0x0000022048328a30 JavaThread "Exec process Thread 3"             [_thread_blocked, id=16044, stack(0x000000ab4b000000,0x000000ab4b100000) (1024K)]
  0x000002204832eca0 JavaThread "Timer-3"                           [_thread_blocked, id=6360, stack(0x000000ab4a700000,0x000000ab4a800000) (1024K)]
  0x0000022048329750 JavaThread "Timer-4"                           [_thread_blocked, id=19776, stack(0x000000ab4ad00000,0x000000ab4ae00000) (1024K)]
  0x000002204832ab00 JavaThread "Timer-5"                           [_thread_blocked, id=7568, stack(0x000000ab4b100000,0x000000ab4b200000) (1024K)]
  0x00000220483283a0 JavaThread "Timer-6"                           [_thread_blocked, id=10808, stack(0x000000ab4b200000,0x000000ab4b300000) (1024K)]
  0x000002204832b190 JavaThread "Timer-7"                           [_thread_blocked, id=676, stack(0x000000ab4b300000,0x000000ab4b400000) (1024K)]
  0x0000022048e54aa0 JavaThread "Connection worker"                 [_thread_in_native, id=2564, stack(0x000000ab4b400000,0x000000ab4b500000) (1024K)]
  0x0000022048e557c0 JavaThread "pool-3-thread-1"                   [_thread_blocked, id=4116, stack(0x000000ab4b500000,0x000000ab4b600000) (1024K)]
Total: 43

Other Threads:
  0x000002206462a9e0 VMThread "VM Thread"                           [id=10396, stack(0x000000ab48600000,0x000000ab48700000) (1024K)]
  0x0000022064823360 WatcherThread "VM Periodic Task Thread"        [id=21296, stack(0x000000ab48500000,0x000000ab48600000) (1024K)]
  0x000002206477b6f0 WorkerThread "GC Thread#0"                     [id=1140, stack(0x000000ab48400000,0x000000ab48500000) (1024K)]
  0x000002204536ee40 WorkerThread "GC Thread#1"                     [id=18392, stack(0x000000ab49100000,0x000000ab49200000) (1024K)]
  0x000002204536f1f0 WorkerThread "GC Thread#2"                     [id=9776, stack(0x000000ab49200000,0x000000ab49300000) (1024K)]
  0x0000022045491200 WorkerThread "GC Thread#3"                     [id=19656, stack(0x000000ab49300000,0x000000ab49400000) (1024K)]
Total: 6

Threads with active compile tasks:
C2 CompilerThread0  47633 8975   !   4       org.eclipse.jdt.internal.core.search.indexing.BinaryIndexer::indexDocument (1172 bytes)
Total: 1

VM state: not at safepoint (normal execution)

VM Mutex/Monitor currently owned by a thread: None

Heap address: 0x0000000080000000, size: 2048 MB, Compressed Oops mode: 32-bit

CDS archive(s) mapped at: [0x0000022000000000-0x0000022000ba0000-0x0000022000ba0000), size 12189696, SharedBaseAddress: 0x0000022000000000, ArchiveRelocationMode: 1.
Compressed class space mapped at: 0x0000022001000000-0x0000022041000000, reserved size: 1073741824
Narrow klass base: 0x0000022000000000, Narrow klass shift: 0, Narrow klass range: 0x100000000

GC Precious Log:
 CardTable entry size: 512
 CPUs: 4 total, 4 available
 Memory: 4005M
 Large Page Support: Disabled
 NUMA Support: Disabled
 Compressed Oops: Enabled (32-bit)
 Alignments: Space 512K, Generation 512K, Heap 2M
 Heap Min Capacity: 100M
 Heap Initial Capacity: 100M
 Heap Max Capacity: 2G
 Pre-touch: Disabled
 Parallel Workers: 4

Heap:
 PSYoungGen      total 7168K, used 6342K [0x00000000d5580000, 0x00000000d5f80000, 0x0000000100000000)
  eden space 5632K, 85% used [0x00000000d5580000,0x00000000d5a33fe8,0x00000000d5b00000)
  from space 1536K, 99% used [0x00000000d5d00000,0x00000000d5e7d9e0,0x00000000d5e80000)
  to   space 2048K, 0% used [0x00000000d5b00000,0x00000000d5b00000,0x00000000d5d00000)
 ParOldGen       total 165888K, used 165580K [0x0000000080000000, 0x000000008a200000, 0x00000000d5580000)
  object space 165888K, 99% used [0x0000000080000000,0x000000008a1b31f0,0x000000008a200000)
 Metaspace       used 70774K, committed 72192K, reserved 1114112K
  class space    used 8824K, committed 9472K, reserved 1048576K

Card table byte_map: [0x0000022064110000,0x0000022064520000] _byte_map_base: 0x0000022063d10000

Marking Bits: (ParMarkBitMap*) 0x00007fff863e44a0
 Begin Bits: [0x0000022076c20000, 0x0000022078c20000)
 End Bits:   [0x0000022078c20000, 0x000002207ac20000)

Polling page: 0x0000022062450000

Metaspace:

Usage:
  Non-class:     60.50 MB used.
      Class:      8.62 MB used.
       Both:     69.12 MB used.

Virtual space:
  Non-class space:       64.00 MB reserved,      61.25 MB ( 96%) committed,  1 nodes.
      Class space:        1.00 GB reserved,       9.25 MB ( <1%) committed,  1 nodes.
             Both:        1.06 GB reserved,      70.50 MB (  6%) committed. 

Chunk freelists:
   Non-Class:  2.14 MB
       Class:  6.79 MB
        Both:  8.92 MB

MaxMetaspaceSize: unlimited
CompressedClassSpaceSize: 1.00 GB
Initial GC threshold: 21.00 MB
Current GC threshold: 97.31 MB
CDS: on
 - commit_granule_bytes: 65536.
 - commit_granule_words: 8192.
 - virtual_space_node_default_size: 8388608.
 - enlarge_chunks_in_place: 1.
 - use_allocation_guard: 0.


Internal statistics:

num_allocs_failed_limit: 9.
num_arena_births: 1194.
num_arena_deaths: 22.
num_vsnodes_births: 2.
num_vsnodes_deaths: 0.
num_space_committed: 1128.
num_space_uncommitted: 0.
num_chunks_returned_to_freelist: 34.
num_chunks_taken_from_freelist: 4279.
num_chunk_merges: 14.
num_chunk_splits: 2650.
num_chunks_enlarged: 1507.
num_inconsistent_stats: 0.

CodeHeap 'non-profiled nmethods': size=120000Kb used=4148Kb max_used=4148Kb free=115852Kb
 bounds [0x000002206f440000, 0x000002206f850000, 0x0000022076970000]
CodeHeap 'profiled nmethods': size=120000Kb used=16827Kb max_used=16827Kb free=103173Kb
 bounds [0x0000022067970000, 0x00000220689e0000, 0x000002206eea0000]
CodeHeap 'non-nmethods': size=5760Kb used=1440Kb max_used=1526Kb free=4319Kb
 bounds [0x000002206eea0000, 0x000002206f110000, 0x000002206f440000]
CodeCache: size=245760Kb, used=22415Kb, max_used=22501Kb, free=223344Kb
 total_blobs=9074, nmethods=8320, adapters=660, full_count=0
Compilation: enabled, stopped_count=0, restarted_count=0

Compilation events (20 events):
Event: 41.879 Thread 0x000002206467cb10 8988       3       org.eclipse.jdt.internal.core.search.indexing.AbstractIndexer::addDefaultConstructorDeclaration (21 bytes)
Event: 41.880 Thread 0x000002206467cb10 nmethod 8988 0x00000220689d4e90 code [0x00000220689d50c0, 0x00000220689d5778]
Event: 41.880 Thread 0x000002206467cb10 8989       2       org.eclipse.jdt.internal.compiler.classfmt.ClassFileReader::<init> (31 bytes)
Event: 41.881 Thread 0x000002206467cb10 nmethod 8989 0x00000220689d5a90 code [0x00000220689d5c40, 0x00000220689d5dd8]
Event: 41.942 Thread 0x000002206467cb10 8993       1       org.gradle.internal.logging.console.ThrottlingOutputEventListener::access$000 (5 bytes)
Event: 41.942 Thread 0x000002206467cb10 nmethod 8993 0x000002206f84c710 code [0x000002206f84c8a0, 0x000002206f84c950]
Event: 41.942 Thread 0x000002206467cb10 8995       2       java.util.concurrent.ScheduledThreadPoolExecutor$ScheduledFutureTask::getDelay (16 bytes)
Event: 41.943 Thread 0x000002206467cb10 nmethod 8995 0x00000220689d5f10 code [0x00000220689d60c0, 0x00000220689d6230]
Event: 41.943 Thread 0x000002206467cb10 8994       1       org.gradle.internal.logging.events.UpdateNowEvent::getLogLevel (2 bytes)
Event: 41.943 Thread 0x000002206467cb10 nmethod 8994 0x000002206f84ca10 code [0x000002206f84cba0, 0x000002206f84cc70]
Event: 42.026 Thread 0x000002206467cb10 8996       1       org.eclipse.jdt.ls.core.internal.managers.StandardProjectsManager::isBuildFinished (5 bytes)
Event: 42.026 Thread 0x000002206467cb10 nmethod 8996 0x000002206f84cd10 code [0x000002206f84cea0, 0x000002206f84cf70]
Event: 42.031 Thread 0x000002206467cb10 8997       3       org.eclipse.jdt.internal.compiler.classfmt.ClassFileReader::getInnerSourceName (17 bytes)
Event: 42.032 Thread 0x000002206467cb10 nmethod 8997 0x00000220689d6310 code [0x00000220689d64c0, 0x00000220689d6670]
Event: 42.065 Thread 0x000002206467cb10 8998       2       org.eclipse.jdt.internal.core.search.matching.SuperTypeReferencePattern::createIndexKey (619 bytes)
Event: 42.068 Thread 0x000002206467cb10 nmethod 8998 0x00000220689d6790 code [0x00000220689d6ac0, 0x00000220689d7fe0]
Event: 42.078 Thread 0x000002206467cb10 8999       3       org.eclipse.jdt.ls.core.internal.JobHelpers::getJob (50 bytes)
Event: 42.148 Thread 0x000002206467cb10 nmethod 8999 0x00000220689d8c90 code [0x00000220689d8ec0, 0x00000220689d9688]
Event: 42.149 Thread 0x000002206467cb10 9000       3       org.eclipse.core.internal.jobs.JobManager::wakeUp (53 bytes)
Event: 42.150 Thread 0x000002206467cb10 nmethod 9000 0x00000220689d9910 code [0x00000220689d9b80, 0x00000220689da828]

GC Heap History (20 events):
Event: 36.724 GC heap before
{Heap before GC invocations=88 (full 3):
 PSYoungGen      total 7680K, used 7525K [0x00000000d5580000, 0x00000000d5e80000, 0x0000000100000000)
  eden space 6144K, 100% used [0x00000000d5580000,0x00000000d5b80000,0x00000000d5b80000)
  from space 1536K, 89% used [0x00000000d5d00000,0x00000000d5e596c0,0x00000000d5e80000)
  to   space 1536K, 0% used [0x00000000d5b80000,0x00000000d5b80000,0x00000000d5d00000)
 ParOldGen       total 153088K, used 152970K [0x0000000080000000, 0x0000000089580000, 0x00000000d5580000)
  object space 153088K, 99% used [0x0000000080000000,0x0000000089562a40,0x0000000089580000)
 Metaspace       used 70304K, committed 71744K, reserved 1114112K
  class space    used 8760K, committed 9408K, reserved 1048576K
}
Event: 36.728 GC heap after
{Heap after GC invocations=88 (full 3):
 PSYoungGen      total 7680K, used 1381K [0x00000000d5580000, 0x00000000d5e80000, 0x0000000100000000)
  eden space 6144K, 0% used [0x00000000d5580000,0x00000000d5580000,0x00000000d5b80000)
  from space 1536K, 89% used [0x00000000d5b80000,0x00000000d5cd94c8,0x00000000d5d00000)
  to   space 1536K, 0% used [0x00000000d5d00000,0x00000000d5d00000,0x00000000d5e80000)
 ParOldGen       total 154624K, used 154272K [0x0000000080000000, 0x0000000089700000, 0x00000000d5580000)
  object space 154624K, 99% used [0x0000000080000000,0x00000000896a8038,0x0000000089700000)
 Metaspace       used 70304K, committed 71744K, reserved 1114112K
  class space    used 8760K, committed 9408K, reserved 1048576K
}
Event: 36.806 GC heap before
{Heap before GC invocations=89 (full 3):
 PSYoungGen      total 7680K, used 7525K [0x00000000d5580000, 0x00000000d5e80000, 0x0000000100000000)
  eden space 6144K, 100% used [0x00000000d5580000,0x00000000d5b80000,0x00000000d5b80000)
  from space 1536K, 89% used [0x00000000d5b80000,0x00000000d5cd94c8,0x00000000d5d00000)
  to   space 1536K, 0% used [0x00000000d5d00000,0x00000000d5d00000,0x00000000d5e80000)
 ParOldGen       total 154624K, used 154272K [0x0000000080000000, 0x0000000089700000, 0x00000000d5580000)
  object space 154624K, 99% used [0x0000000080000000,0x00000000896a8038,0x0000000089700000)
 Metaspace       used 70304K, committed 71744K, reserved 1114112K
  class space    used 8760K, committed 9408K, reserved 1048576K
}
Event: 36.811 GC heap after
{Heap after GC invocations=89 (full 3):
 PSYoungGen      total 7680K, used 1459K [0x00000000d5580000, 0x00000000d5e80000, 0x0000000100000000)
  eden space 6144K, 0% used [0x00000000d5580000,0x00000000d5580000,0x00000000d5b80000)
  from space 1536K, 95% used [0x00000000d5d00000,0x00000000d5e6cfb8,0x00000000d5e80000)
  to   space 1536K, 0% used [0x00000000d5b80000,0x00000000d5b80000,0x00000000d5d00000)
 ParOldGen       total 155648K, used 155596K [0x0000000080000000, 0x0000000089800000, 0x00000000d5580000)
  object space 155648K, 99% used [0x0000000080000000,0x00000000897f30d8,0x0000000089800000)
 Metaspace       used 70304K, committed 71744K, reserved 1114112K
  class space    used 8760K, committed 9408K, reserved 1048576K
}
Event: 36.908 GC heap before
{Heap before GC invocations=90 (full 3):
 PSYoungGen      total 7680K, used 7603K [0x00000000d5580000, 0x00000000d5e80000, 0x0000000100000000)
  eden space 6144K, 100% used [0x00000000d5580000,0x00000000d5b80000,0x00000000d5b80000)
  from space 1536K, 95% used [0x00000000d5d00000,0x00000000d5e6cfb8,0x00000000d5e80000)
  to   space 1536K, 0% used [0x00000000d5b80000,0x00000000d5b80000,0x00000000d5d00000)
 ParOldGen       total 155648K, used 155596K [0x0000000080000000, 0x0000000089800000, 0x00000000d5580000)
  object space 155648K, 99% used [0x0000000080000000,0x00000000897f30d8,0x0000000089800000)
 Metaspace       used 70304K, committed 71744K, reserved 1114112K
  class space    used 8760K, committed 9408K, reserved 1048576K
}
Event: 36.911 GC heap after
{Heap after GC invocations=90 (full 3):
 PSYoungGen      total 7680K, used 1431K [0x00000000d5580000, 0x00000000d5e80000, 0x0000000100000000)
  eden space 6144K, 0% used [0x00000000d5580000,0x00000000d5580000,0x00000000d5b80000)
  from space 1536K, 93% used [0x00000000d5b80000,0x00000000d5ce5e88,0x00000000d5d00000)
  to   space 1536K, 0% used [0x00000000d5d00000,0x00000000d5d00000,0x00000000d5e80000)
 ParOldGen       total 157184K, used 157000K [0x0000000080000000, 0x0000000089980000, 0x00000000d5580000)
  object space 157184K, 99% used [0x0000000080000000,0x0000000089952178,0x0000000089980000)
 Metaspace       used 70304K, committed 71744K, reserved 1114112K
  class space    used 8760K, committed 9408K, reserved 1048576K
}
Event: 37.004 GC heap before
{Heap before GC invocations=91 (full 3):
 PSYoungGen      total 7680K, used 7575K [0x00000000d5580000, 0x00000000d5e80000, 0x0000000100000000)
  eden space 6144K, 100% used [0x00000000d5580000,0x00000000d5b80000,0x00000000d5b80000)
  from space 1536K, 93% used [0x00000000d5b80000,0x00000000d5ce5e88,0x00000000d5d00000)
  to   space 1536K, 0% used [0x00000000d5d00000,0x00000000d5d00000,0x00000000d5e80000)
 ParOldGen       total 157184K, used 157000K [0x0000000080000000, 0x0000000089980000, 0x00000000d5580000)
  object space 157184K, 99% used [0x0000000080000000,0x0000000089952178,0x0000000089980000)
 Metaspace       used 70328K, committed 71744K, reserved 1114112K
  class space    used 8764K, committed 9408K, reserved 1048576K
}
Event: 37.011 GC heap after
{Heap after GC invocations=91 (full 3):
 PSYoungGen      total 7680K, used 1315K [0x00000000d5580000, 0x00000000d5e80000, 0x0000000100000000)
  eden space 6144K, 0% used [0x00000000d5580000,0x00000000d5580000,0x00000000d5b80000)
  from space 1536K, 85% used [0x00000000d5d00000,0x00000000d5e48c78,0x00000000d5e80000)
  to   space 1536K, 0% used [0x00000000d5b80000,0x00000000d5b80000,0x00000000d5d00000)
 ParOldGen       total 158720K, used 158291K [0x0000000080000000, 0x0000000089b00000, 0x00000000d5580000)
  object space 158720K, 99% used [0x0000000080000000,0x0000000089a94d20,0x0000000089b00000)
 Metaspace       used 70328K, committed 71744K, reserved 1114112K
  class space    used 8764K, committed 9408K, reserved 1048576K
}
Event: 37.165 GC heap before
{Heap before GC invocations=92 (full 3):
 PSYoungGen      total 7680K, used 7459K [0x00000000d5580000, 0x00000000d5e80000, 0x0000000100000000)
  eden space 6144K, 100% used [0x00000000d5580000,0x00000000d5b80000,0x00000000d5b80000)
  from space 1536K, 85% used [0x00000000d5d00000,0x00000000d5e48c78,0x00000000d5e80000)
  to   space 1536K, 0% used [0x00000000d5b80000,0x00000000d5b80000,0x00000000d5d00000)
 ParOldGen       total 158720K, used 158291K [0x0000000080000000, 0x0000000089b00000, 0x00000000d5580000)
  object space 158720K, 99% used [0x0000000080000000,0x0000000089a94d20,0x0000000089b00000)
 Metaspace       used 70505K, committed 71936K, reserved 1114112K
  class space    used 8785K, committed 9408K, reserved 1048576K
}
Event: 37.175 GC heap after
{Heap after GC invocations=92 (full 3):
 PSYoungGen      total 7680K, used 1246K [0x00000000d5580000, 0x00000000d5e80000, 0x0000000100000000)
  eden space 6144K, 0% used [0x00000000d5580000,0x00000000d5580000,0x00000000d5b80000)
  from space 1536K, 81% used [0x00000000d5b80000,0x00000000d5cb7ab8,0x00000000d5d00000)
  to   space 1536K, 0% used [0x00000000d5d00000,0x00000000d5d00000,0x00000000d5e80000)
 ParOldGen       total 159744K, used 159564K [0x0000000080000000, 0x0000000089c00000, 0x00000000d5580000)
  object space 159744K, 99% used [0x0000000080000000,0x0000000089bd32c8,0x0000000089c00000)
 Metaspace       used 70505K, committed 71936K, reserved 1114112K
  class space    used 8785K, committed 9408K, reserved 1048576K
}
Event: 37.321 GC heap before
{Heap before GC invocations=93 (full 3):
 PSYoungGen      total 7680K, used 7390K [0x00000000d5580000, 0x00000000d5e80000, 0x0000000100000000)
  eden space 6144K, 100% used [0x00000000d5580000,0x00000000d5b80000,0x00000000d5b80000)
  from space 1536K, 81% used [0x00000000d5b80000,0x00000000d5cb7ab8,0x00000000d5d00000)
  to   space 1536K, 0% used [0x00000000d5d00000,0x00000000d5d00000,0x00000000d5e80000)
 ParOldGen       total 159744K, used 159564K [0x0000000080000000, 0x0000000089c00000, 0x00000000d5580000)
  object space 159744K, 99% used [0x0000000080000000,0x0000000089bd32c8,0x0000000089c00000)
 Metaspace       used 70698K, committed 72192K, reserved 1114112K
  class space    used 8815K, committed 9472K, reserved 1048576K
}
Event: 37.329 GC heap after
{Heap after GC invocations=93 (full 3):
 PSYoungGen      total 7680K, used 1107K [0x00000000d5580000, 0x00000000d5e80000, 0x0000000100000000)
  eden space 6144K, 0% used [0x00000000d5580000,0x00000000d5580000,0x00000000d5b80000)
  from space 1536K, 72% used [0x00000000d5d00000,0x00000000d5e14ed0,0x00000000d5e80000)
  to   space 1536K, 0% used [0x00000000d5b80000,0x00000000d5b80000,0x00000000d5d00000)
 ParOldGen       total 160768K, used 160725K [0x0000000080000000, 0x0000000089d00000, 0x00000000d5580000)
  object space 160768K, 99% used [0x0000000080000000,0x0000000089cf5478,0x0000000089d00000)
 Metaspace       used 70698K, committed 72192K, reserved 1114112K
  class space    used 8815K, committed 9472K, reserved 1048576K
}
Event: 37.473 GC heap before
{Heap before GC invocations=94 (full 3):
 PSYoungGen      total 7680K, used 7251K [0x00000000d5580000, 0x00000000d5e80000, 0x0000000100000000)
  eden space 6144K, 100% used [0x00000000d5580000,0x00000000d5b80000,0x00000000d5b80000)
  from space 1536K, 72% used [0x00000000d5d00000,0x00000000d5e14ed0,0x00000000d5e80000)
  to   space 1536K, 0% used [0x00000000d5b80000,0x00000000d5b80000,0x00000000d5d00000)
 ParOldGen       total 160768K, used 160725K [0x0000000080000000, 0x0000000089d00000, 0x00000000d5580000)
  object space 160768K, 99% used [0x0000000080000000,0x0000000089cf5478,0x0000000089d00000)
 Metaspace       used 70745K, committed 72192K, reserved 1114112K
  class space    used 8820K, committed 9472K, reserved 1048576K
}
Event: 37.481 GC heap after
{Heap after GC invocations=94 (full 3):
 PSYoungGen      total 7680K, used 1273K [0x00000000d5580000, 0x00000000d5e80000, 0x0000000100000000)
  eden space 6144K, 0% used [0x00000000d5580000,0x00000000d5580000,0x00000000d5b80000)
  from space 1536K, 82% used [0x00000000d5b80000,0x00000000d5cbe478,0x00000000d5d00000)
  to   space 1536K, 0% used [0x00000000d5d00000,0x00000000d5d00000,0x00000000d5e80000)
 ParOldGen       total 161792K, used 161760K [0x0000000080000000, 0x0000000089e00000, 0x00000000d5580000)
  object space 161792K, 99% used [0x0000000080000000,0x0000000089df81f8,0x0000000089e00000)
 Metaspace       used 70745K, committed 72192K, reserved 1114112K
  class space    used 8820K, committed 9472K, reserved 1048576K
}
Event: 41.851 GC heap before
{Heap before GC invocations=95 (full 3):
 PSYoungGen      total 7680K, used 7417K [0x00000000d5580000, 0x00000000d5e80000, 0x0000000100000000)
  eden space 6144K, 100% used [0x00000000d5580000,0x00000000d5b80000,0x00000000d5b80000)
  from space 1536K, 82% used [0x00000000d5b80000,0x00000000d5cbe478,0x00000000d5d00000)
  to   space 1536K, 0% used [0x00000000d5d00000,0x00000000d5d00000,0x00000000d5e80000)
 ParOldGen       total 161792K, used 161760K [0x0000000080000000, 0x0000000089e00000, 0x00000000d5580000)
  object space 161792K, 99% used [0x0000000080000000,0x0000000089df81f8,0x0000000089e00000)
 Metaspace       used 70770K, committed 72192K, reserved 1114112K
  class space    used 8824K, committed 9472K, reserved 1048576K
}
Event: 41.856 GC heap after
{Heap after GC invocations=95 (full 3):
 PSYoungGen      total 7680K, used 1340K [0x00000000d5580000, 0x00000000d5e80000, 0x0000000100000000)
  eden space 6144K, 0% used [0x00000000d5580000,0x00000000d5580000,0x00000000d5b80000)
  from space 1536K, 87% used [0x00000000d5d00000,0x00000000d5e4f320,0x00000000d5e80000)
  to   space 1536K, 0% used [0x00000000d5b80000,0x00000000d5b80000,0x00000000d5d00000)
 ParOldGen       total 163328K, used 162986K [0x0000000080000000, 0x0000000089f80000, 0x00000000d5580000)
  object space 163328K, 99% used [0x0000000080000000,0x0000000089f2a850,0x0000000089f80000)
 Metaspace       used 70770K, committed 72192K, reserved 1114112K
  class space    used 8824K, committed 9472K, reserved 1048576K
}
Event: 42.015 GC heap before
{Heap before GC invocations=96 (full 3):
 PSYoungGen      total 7680K, used 7484K [0x00000000d5580000, 0x00000000d5e80000, 0x0000000100000000)
  eden space 6144K, 100% used [0x00000000d5580000,0x00000000d5b80000,0x00000000d5b80000)
  from space 1536K, 87% used [0x00000000d5d00000,0x00000000d5e4f320,0x00000000d5e80000)
  to   space 1536K, 0% used [0x00000000d5b80000,0x00000000d5b80000,0x00000000d5d00000)
 ParOldGen       total 163328K, used 162986K [0x0000000080000000, 0x0000000089f80000, 0x00000000d5580000)
  object space 163328K, 99% used [0x0000000080000000,0x0000000089f2a850,0x0000000089f80000)
 Metaspace       used 70770K, committed 72192K, reserved 1114112K
  class space    used 8824K, committed 9472K, reserved 1048576K
}
Event: 42.022 GC heap after
{Heap after GC invocations=96 (full 3):
 PSYoungGen      total 7680K, used 1428K [0x00000000d5580000, 0x00000000d5e80000, 0x0000000100000000)
  eden space 6144K, 0% used [0x00000000d5580000,0x00000000d5580000,0x00000000d5b80000)
  from space 1536K, 93% used [0x00000000d5b80000,0x00000000d5ce53d8,0x00000000d5d00000)
  to   space 1536K, 0% used [0x00000000d5d00000,0x00000000d5d00000,0x00000000d5e80000)
 ParOldGen       total 164352K, used 164236K [0x0000000080000000, 0x000000008a080000, 0x00000000d5580000)
  object space 164352K, 99% used [0x0000000080000000,0x000000008a0630f8,0x000000008a080000)
 Metaspace       used 70770K, committed 72192K, reserved 1114112K
  class space    used 8824K, committed 9472K, reserved 1048576K
}
Event: 42.233 GC heap before
{Heap before GC invocations=97 (full 3):
 PSYoungGen      total 7680K, used 7572K [0x00000000d5580000, 0x00000000d5e80000, 0x0000000100000000)
  eden space 6144K, 100% used [0x00000000d5580000,0x00000000d5b80000,0x00000000d5b80000)
  from space 1536K, 93% used [0x00000000d5b80000,0x00000000d5ce53d8,0x00000000d5d00000)
  to   space 1536K, 0% used [0x00000000d5d00000,0x00000000d5d00000,0x00000000d5e80000)
 ParOldGen       total 164352K, used 164236K [0x0000000080000000, 0x000000008a080000, 0x00000000d5580000)
  object space 164352K, 99% used [0x0000000080000000,0x000000008a0630f8,0x000000008a080000)
 Metaspace       used 70770K, committed 72192K, reserved 1114112K
  class space    used 8824K, committed 9472K, reserved 1048576K
}
Event: 42.238 GC heap after
{Heap after GC invocations=97 (full 3):
 PSYoungGen      total 7168K, used 1526K [0x00000000d5580000, 0x00000000d5f80000, 0x0000000100000000)
  eden space 5632K, 0% used [0x00000000d5580000,0x00000000d5580000,0x00000000d5b00000)
  from space 1536K, 99% used [0x00000000d5d00000,0x00000000d5e7d9e0,0x00000000d5e80000)
  to   space 2048K, 0% used [0x00000000d5b00000,0x00000000d5b00000,0x00000000d5d00000)
 ParOldGen       total 165888K, used 165580K [0x0000000080000000, 0x000000008a200000, 0x00000000d5580000)
  object space 165888K, 99% used [0x0000000080000000,0x000000008a1b31f0,0x000000008a200000)
 Metaspace       used 70770K, committed 72192K, reserved 1114112K
  class space    used 8824K, committed 9472K, reserved 1048576K
}

Dll operation events (20 events):
Event: 0.233 Attempting to load shared library C:\Users\welcome\.vscode\extensions\redhat.java-1.56.0-win32-x64\jre\21.0.12.1-win32-x86_64\bin\zip.dll
Event: 0.233 Loaded shared library C:\Users\welcome\.vscode\extensions\redhat.java-1.56.0-win32-x64\jre\21.0.12.1-win32-x86_64\bin\zip.dll
Event: 0.284 Attempting to load shared library C:\Users\welcome\.vscode\extensions\redhat.java-1.56.0-win32-x64\jre\21.0.12.1-win32-x86_64\bin\jimage.dll
Event: 0.284 Loaded shared library C:\Users\welcome\.vscode\extensions\redhat.java-1.56.0-win32-x64\jre\21.0.12.1-win32-x86_64\bin\jimage.dll
Event: 0.468 Attempting to load shared library c:\Users\welcome\.vscode\extensions\redhat.java-1.56.0-win32-x64\jre\21.0.12.1-win32-x86_64\bin\verify.dll
Event: 0.471 Loaded shared library c:\Users\welcome\.vscode\extensions\redhat.java-1.56.0-win32-x64\jre\21.0.12.1-win32-x86_64\bin\verify.dll
Event: 6.140 Attempting to load shared library C:\Users\welcome\AppData\Roaming\Code\User\globalStorage\redhat.java\1.56.0\config_win\org.eclipse.equinox.launcher\org.eclipse.equinox.launcher.win32.win32.x86_64_1.3.100.v20260804-1928\eclipse_11924.dll
Event: 6.147 Loaded shared library C:\Users\welcome\AppData\Roaming\Code\User\globalStorage\redhat.java\1.56.0\config_win\org.eclipse.equinox.launcher\org.eclipse.equinox.launcher.win32.win32.x86_64_1.3.100.v20260804-1928\eclipse_11924.dll
Event: 10.648 Attempting to load shared library C:\Users\welcome\AppData\Local\Temp\jna-1233099618\jna4251626604243894677.dll
Event: 11.309 Loaded shared library C:\Users\welcome\AppData\Local\Temp\jna-1233099618\jna4251626604243894677.dll
Event: 14.483 Attempting to load shared library C:\Users\welcome\.vscode\extensions\redhat.java-1.56.0-win32-x64\jre\21.0.12.1-win32-x86_64\bin\sunmscapi.dll
Event: 14.488 Loaded shared library C:\Users\welcome\.vscode\extensions\redhat.java-1.56.0-win32-x64\jre\21.0.12.1-win32-x86_64\bin\sunmscapi.dll
Event: 15.410 Attempting to load shared library C:\Users\welcome\.vscode\extensions\redhat.java-1.56.0-win32-x64\jre\21.0.12.1-win32-x86_64\bin\extnet.dll
Event: 15.413 Loaded shared library C:\Users\welcome\.vscode\extensions\redhat.java-1.56.0-win32-x64\jre\21.0.12.1-win32-x86_64\bin\extnet.dll
Event: 17.384 Attempting to load shared library C:\Users\welcome\.gradle\native\c067742578af261105cb4f569cf0c3c89f3d7b1fecec35dd04571415982c5e48\windows-amd64\native-platform.dll
Event: 17.390 Loaded shared library C:\Users\welcome\.gradle\native\c067742578af261105cb4f569cf0c3c89f3d7b1fecec35dd04571415982c5e48\windows-amd64\native-platform.dll
Event: 21.418 Attempting to load shared library C:\Users\welcome\.vscode\extensions\redhat.java-1.56.0-win32-x64\jre\21.0.12.1-win32-x86_64\bin\management.dll
Event: 21.425 Loaded shared library C:\Users\welcome\.vscode\extensions\redhat.java-1.56.0-win32-x64\jre\21.0.12.1-win32-x86_64\bin\management.dll
Event: 21.431 Attempting to load shared library C:\Users\welcome\.vscode\extensions\redhat.java-1.56.0-win32-x64\jre\21.0.12.1-win32-x86_64\bin\management_ext.dll
Event: 21.433 Loaded shared library C:\Users\welcome\.vscode\extensions\redhat.java-1.56.0-win32-x64\jre\21.0.12.1-win32-x86_64\bin\management_ext.dll

Deoptimization events (20 events):
Event: 37.468 Thread 0x000002204832ab00 DEOPT PACKING pc=0x000002206f80deb0 sp=0x000000ab4b1fe8b0
Event: 37.468 Thread 0x000002204832ab00 DEOPT UNPACKING pc=0x000002206eef3aa2 sp=0x000000ab4b1fe888 mode 2
Event: 41.591 Thread 0x000002204589f880 Uncommon trap: trap_request=0xfffffff4 fr.pc=0x000002206f836968 relative=0x0000000000007988
Event: 41.591 Thread 0x000002204589f880 Uncommon trap: reason=null_check action=make_not_entrant pc=0x000002206f836968 method=org.eclipse.jdt.internal.core.search.indexing.BinaryIndexer.indexDocument()V @ 536 c2
Event: 41.591 Thread 0x000002204589f880 DEOPT PACKING pc=0x000002206f836968 sp=0x000000ab49ffeba0
Event: 41.591 Thread 0x000002204589f880 DEOPT UNPACKING pc=0x000002206eef3aa2 sp=0x000000ab49ffeb00 mode 2
Event: 41.797 Thread 0x000002204589f880 DEOPT PACKING pc=0x00000220688da604 sp=0x000000ab49ffe910
Event: 41.797 Thread 0x000002204589f880 DEOPT UNPACKING pc=0x000002206eef4242 sp=0x000000ab49ffddb0 mode 0
Event: 41.879 Thread 0x000002204589f880 DEOPT PACKING pc=0x000002206892a9b4 sp=0x000000ab49ffea00
Event: 41.879 Thread 0x000002204589f880 DEOPT UNPACKING pc=0x000002206eef4242 sp=0x000000ab49ffde70 mode 0
Event: 41.893 Thread 0x000002204589f880 DEOPT PACKING pc=0x00000220686e8874 sp=0x000000ab49ffe8d0
Event: 41.893 Thread 0x000002204589f880 DEOPT UNPACKING pc=0x000002206eef4242 sp=0x000000ab49ffdd48 mode 0
Event: 41.914 Thread 0x000002204589f880 DEOPT PACKING pc=0x00000220687c3402 sp=0x000000ab49ffea80
Event: 41.914 Thread 0x000002204589f880 DEOPT UNPACKING pc=0x000002206eef4242 sp=0x000000ab49ffdee0 mode 0
Event: 42.065 Thread 0x000002204589f880 DEOPT PACKING pc=0x0000022068816cba sp=0x000000ab49ffe780
Event: 42.065 Thread 0x000002204589f880 DEOPT UNPACKING pc=0x000002206eef4242 sp=0x000000ab49ffdbe0 mode 0
Event: 42.162 Thread 0x000002204589f880 DEOPT PACKING pc=0x00000220687c3402 sp=0x000000ab49ffea80
Event: 42.162 Thread 0x000002204589f880 DEOPT UNPACKING pc=0x000002206eef4242 sp=0x000000ab49ffdee0 mode 0
Event: 42.179 Thread 0x000002204589f880 DEOPT PACKING pc=0x00000220686dae6a sp=0x000000ab49ffe8d0
Event: 42.179 Thread 0x000002204589f880 DEOPT UNPACKING pc=0x000002206eef4242 sp=0x000000ab49ffdd58 mode 0

Classes loaded (20 events):
Event: 37.189 Loading class java/nio/channels/SelectionKey
Event: 37.189 Loading class java/nio/channels/SelectionKey done
Event: 37.190 Loading class java/nio/channels/spi/AbstractSelectionKey done
Event: 37.190 Loading class sun/nio/ch/SelectionKeyImpl done
Event: 37.190 Loading class java/lang/invoke/ConstantBootstraps
Event: 37.193 Loading class java/lang/invoke/ConstantBootstraps done
Event: 37.311 Loading class java/io/ObjectStreamClass$1
Event: 37.311 Loading class java/io/ObjectStreamClass$1 done
Event: 37.312 Loading class java/io/ObjectStreamClass$MemberSignature
Event: 37.312 Loading class java/io/ObjectStreamClass$MemberSignature done
Event: 37.312 Loading class java/io/ObjectStreamClass$3
Event: 37.312 Loading class java/io/ObjectStreamClass$3 done
Event: 37.313 Loading class java/io/ObjectStreamClass$4
Event: 37.313 Loading class java/io/ObjectStreamClass$4 done
Event: 37.314 Loading class java/io/ObjectStreamClass$5
Event: 37.314 Loading class java/io/ObjectStreamClass$5 done
Event: 37.387 Loading class java/nio/channels/spi/AbstractSelector$1
Event: 37.388 Loading class java/nio/channels/spi/AbstractSelector$1 done
Event: 37.638 Loading class java/util/concurrent/Executors$AutoShutdownDelegatedExecutorService
Event: 37.644 Loading class java/util/concurrent/Executors$AutoShutdownDelegatedExecutorService done

Classes unloaded (11 events):
Event: 12.500 Thread 0x000002206462a9e0 Unloading class 0x00000220011a4800 'java/lang/invoke/LambdaForm$MH+0x00000220011a4800'
Event: 12.500 Thread 0x000002206462a9e0 Unloading class 0x00000220011a4400 'java/lang/invoke/LambdaForm$MH+0x00000220011a4400'
Event: 12.500 Thread 0x000002206462a9e0 Unloading class 0x00000220011a4000 'java/lang/invoke/LambdaForm$MH+0x00000220011a4000'
Event: 12.500 Thread 0x000002206462a9e0 Unloading class 0x00000220011a3c00 'java/lang/invoke/LambdaForm$MH+0x00000220011a3c00'
Event: 12.500 Thread 0x000002206462a9e0 Unloading class 0x00000220011a3800 'java/lang/invoke/LambdaForm$BMH+0x00000220011a3800'
Event: 12.500 Thread 0x000002206462a9e0 Unloading class 0x00000220011a3400 'java/lang/invoke/LambdaForm$DMH+0x00000220011a3400'
Event: 12.500 Thread 0x000002206462a9e0 Unloading class 0x00000220011a2000 'java/lang/invoke/LambdaForm$DMH+0x00000220011a2000'
Event: 14.684 Thread 0x000002206462a9e0 Unloading class 0x0000022001319800 'java/lang/invoke/LambdaForm$MH+0x0000022001319800'
Event: 14.684 Thread 0x000002206462a9e0 Unloading class 0x0000022001318800 'java/lang/invoke/LambdaForm$MH+0x0000022001318800'
Event: 14.684 Thread 0x000002206462a9e0 Unloading class 0x0000022001317c00 'java/lang/invoke/LambdaForm$DMH+0x0000022001317c00'
Event: 14.684 Thread 0x000002206462a9e0 Unloading class 0x0000022001317400 'java/lang/invoke/LambdaForm$MH+0x0000022001317400'

Classes redefined (0 events):
No events

Internal exceptions (20 events):
Event: 22.766 Thread 0x000002204832b820 Exception <a 'java/lang/NoSuchMethodError'{0x00000000d56eb370}: 'java.lang.Object java.lang.invoke.DirectMethodHandle$Holder.newInvokeSpecial(java.lang.Object, java.lang.Object, int)'> (0x00000000d56eb370) 
thrown [s\src\hotspot\share\interpreter\linkResolver.cpp, line 773]
Event: 22.846 Thread 0x000002204589d7b0 Exception <a 'sun/nio/fs/WindowsException'{0x00000000d591e800}> (0x00000000d591e800) 
thrown [s\src\hotspot\share\prims\jni.cpp, line 520]
Event: 24.642 Thread 0x000002204589e4d0 Exception <a 'sun/nio/fs/WindowsException'{0x00000000d57244b8}> (0x00000000d57244b8) 
thrown [s\src\hotspot\share\prims\jni.cpp, line 520]
Event: 24.642 Thread 0x000002204589e4d0 Exception <a 'sun/nio/fs/WindowsException'{0x00000000d5724ea8}> (0x00000000d5724ea8) 
thrown [s\src\hotspot\share\prims\jni.cpp, line 520]
Event: 24.678 Thread 0x000002204589e4d0 Exception <a 'java/lang/NoSuchMethodError'{0x00000000d5909f60}: 'java.lang.Object java.lang.invoke.Invokers$Holder.invoke_MT(java.lang.Object, java.lang.Object, java.lang.Object, java.lang.Object, java.lang.Object, java.lang.Object, java.lang.Object, java.lang.Object, java.lang.Object, java.lang.Object)'> (0x00000000d5909f60) 
thrown [s\src\hotspot\share\interpreter\linkResolver.cpp, line 773]
Event: 25.564 Thread 0x000002204589e4d0 Exception <a 'sun/nio/fs/WindowsException'{0x00000000d59fea90}> (0x00000000d59fea90) 
thrown [s\src\hotspot\share\prims\jni.cpp, line 520]
Event: 25.564 Thread 0x000002204589e4d0 Exception <a 'sun/nio/fs/WindowsException'{0x00000000d59ff480}> (0x00000000d59ff480) 
thrown [s\src\hotspot\share\prims\jni.cpp, line 520]
Event: 25.659 Thread 0x000002204589e4d0 Exception <a 'java/io/FileNotFoundException'{0x00000000d602e640}> (0x00000000d602e640) 
thrown [s\src\hotspot\share\prims\jni.cpp, line 520]
Event: 25.659 Thread 0x000002204589e4d0 Exception <a 'java/io/FileNotFoundException'{0x00000000d602f658}> (0x00000000d602f658) 
thrown [s\src\hotspot\share\prims\jni.cpp, line 520]
Event: 25.659 Thread 0x000002204589e4d0 Exception <a 'java/io/FileNotFoundException'{0x00000000d60303c0}> (0x00000000d60303c0) 
thrown [s\src\hotspot\share\prims\jni.cpp, line 520]
Event: 25.941 Thread 0x000002204589f880 Implicit null exception at 0x000002206f747c69 to 0x000002206f747e88
Event: 29.113 Thread 0x0000022048e54aa0 Exception <a 'java/lang/NoSuchMethodError'{0x00000000d5a7d4c0}: 'long java.lang.invoke.DirectMethodHandle$Holder.invokeVirtual(java.lang.Object, java.lang.Object)'> (0x00000000d5a7d4c0) 
thrown [s\src\hotspot\share\interpreter\linkResolver.cpp, line 773]
Event: 29.113 Thread 0x0000022048e54aa0 Exception <a 'java/lang/NoSuchMethodError'{0x00000000d5a808b0}: 'long java.lang.invoke.DelegatingMethodHandle$Holder.reinvoke_L(java.lang.Object, java.lang.Object)'> (0x00000000d5a808b0) 
thrown [s\src\hotspot\share\interpreter\linkResolver.cpp, line 773]
Event: 35.404 Thread 0x00000220458225f0 Implicit null exception at 0x000002206f727dd8 to 0x000002206f72811c
Event: 37.312 Thread 0x0000022048e54aa0 Exception <a 'java/lang/NoSuchMethodError'{0x00000000d5ab7d70}: static Lorg/gradle/tooling/internal/provider/serialization/ClassLoaderDetails;.<clinit>()V> (0x00000000d5ab7d70) 
thrown [s\src\hotspot\share\prims\jni.cpp, line 1111]
Event: 37.321 Thread 0x0000022048e54aa0 Exception <a 'java/lang/NoSuchMethodError'{0x00000000d5b73218}: static Lorg/gradle/tooling/internal/provider/serialization/WellKnownClassLoaderRegistry$KnownClassLoaderSpec;.<clinit>()V> (0x00000000d5b73218) 
thrown [s\src\hotspot\share\prims\jni.cpp, line 1111]
Event: 37.329 Thread 0x0000022048e54aa0 Exception <a 'java/lang/NoSuchMethodError'{0x00000000d5d7feb0}: static Lorg/gradle/internal/classloader/ClassLoaderSpec;.<clinit>()V> (0x00000000d5d7feb0) 
thrown [s\src\hotspot\share\prims\jni.cpp, line 1111]
Event: 37.338 Thread 0x0000022048e54aa0 Exception <a 'java/lang/NoSuchMethodError'{0x00000000d5660098}: static Lorg/gradle/tooling/internal/provider/serialization/ClientOwnedClassLoaderSpec;.<clinit>()V> (0x00000000d5660098) 
thrown [s\src\hotspot\share\prims\jni.cpp, line 1111]
Event: 37.360 Thread 0x0000022048e54aa0 Exception <a 'java/lang/NoSuchMethodError'{0x00000000d57f5010}: static [Ljava/lang/Object;.<clinit>()V> (0x00000000d57f5010) 
thrown [s\src\hotspot\share\prims\jni.cpp, line 1111]
Event: 41.591 Thread 0x000002204589f880 Implicit null exception at 0x000002206f831c2c to 0x000002206f83694c

ZGC Phase Switch (0 events):
No events

VM Operations (20 events):
Event: 37.004 Executing safepoint VM operation: ParallelGCFailedAllocation (Allocation Failure)
Event: 37.011 Executing safepoint VM operation: ParallelGCFailedAllocation (Allocation Failure) done
Event: 37.165 Executing safepoint VM operation: ParallelGCFailedAllocation (Allocation Failure)
Event: 37.175 Executing safepoint VM operation: ParallelGCFailedAllocation (Allocation Failure) done
Event: 37.321 Executing safepoint VM operation: ParallelGCFailedAllocation (Allocation Failure)
Event: 37.329 Executing safepoint VM operation: ParallelGCFailedAllocation (Allocation Failure) done
Event: 37.391 Executing non-safepoint VM operation: HandshakeAllThreads (Deoptimize)
Event: 37.393 Executing non-safepoint VM operation: HandshakeAllThreads (Deoptimize) done
Event: 37.473 Executing safepoint VM operation: ParallelGCFailedAllocation (Allocation Failure)
Event: 37.481 Executing safepoint VM operation: ParallelGCFailedAllocation (Allocation Failure) done
Event: 38.869 Executing safepoint VM operation: Cleanup
Event: 39.159 Executing safepoint VM operation: Cleanup done
Event: 41.160 Executing safepoint VM operation: Cleanup
Event: 41.199 Executing safepoint VM operation: Cleanup done
Event: 41.851 Executing safepoint VM operation: ParallelGCFailedAllocation (Allocation Failure)
Event: 41.856 Executing safepoint VM operation: ParallelGCFailedAllocation (Allocation Failure) done
Event: 42.015 Executing safepoint VM operation: ParallelGCFailedAllocation (Allocation Failure)
Event: 42.022 Executing safepoint VM operation: ParallelGCFailedAllocation (Allocation Failure) done
Event: 42.233 Executing safepoint VM operation: ParallelGCFailedAllocation (Allocation Failure)
Event: 42.238 Executing safepoint VM operation: ParallelGCFailedAllocation (Allocation Failure) done

Memory protections (0 events):
No events

Nmethod flushes (20 events):
Event: 21.301 Thread 0x000002206462a9e0 flushing  nmethod 0x00000220681e0510
Event: 21.301 Thread 0x000002206462a9e0 flushing  nmethod 0x00000220681e1110
Event: 21.301 Thread 0x000002206462a9e0 flushing  nmethod 0x0000022068202290
Event: 21.301 Thread 0x000002206462a9e0 flushing  nmethod 0x0000022068205990
Event: 21.301 Thread 0x000002206462a9e0 flushing  nmethod 0x0000022068206910
Event: 21.301 Thread 0x000002206462a9e0 flushing  nmethod 0x0000022068206d10
Event: 21.301 Thread 0x000002206462a9e0 flushing  nmethod 0x0000022068207510
Event: 21.301 Thread 0x000002206462a9e0 flushing  nmethod 0x0000022068207e90
Event: 21.301 Thread 0x000002206462a9e0 flushing  nmethod 0x0000022068208710
Event: 21.301 Thread 0x000002206462a9e0 flushing  nmethod 0x0000022068209210
Event: 21.301 Thread 0x000002206462a9e0 flushing  nmethod 0x000002206821ac90
Event: 21.301 Thread 0x000002206462a9e0 flushing  nmethod 0x000002206821b010
Event: 21.301 Thread 0x000002206462a9e0 flushing  nmethod 0x000002206821ba90
Event: 21.301 Thread 0x000002206462a9e0 flushing  nmethod 0x000002206821e990
Event: 21.301 Thread 0x000002206462a9e0 flushing  nmethod 0x000002206821ed90
Event: 21.301 Thread 0x000002206462a9e0 flushing  nmethod 0x000002206821f110
Event: 21.301 Thread 0x000002206462a9e0 flushing  nmethod 0x000002206821f690
Event: 21.301 Thread 0x000002206462a9e0 flushing  nmethod 0x000002206821fa90
Event: 21.301 Thread 0x000002206462a9e0 flushing  nmethod 0x0000022068220590
Event: 21.301 Thread 0x000002206462a9e0 flushing  nmethod 0x0000022068222990

Events (20 events):
Event: 22.833 Thread 0x000002204832ab00 Thread exited: 0x000002204832ab00
Event: 22.834 Thread 0x000002204832eca0 Thread exited: 0x000002204832eca0
Event: 22.855 Thread 0x000002204589c400 Thread added: 0x000002204832eca0
Event: 22.858 Thread 0x000002204589d7b0 Thread added: 0x0000022048329750
Event: 22.863 Thread 0x000002204589d7b0 Thread added: 0x000002204832f330
Event: 22.945 Thread 0x000002204832f330 Thread exited: 0x000002204832f330
Event: 22.946 Thread 0x000002204589d7b0 Thread added: 0x000002204832ab00
Event: 23.147 Thread 0x000002204589d7b0 Thread added: 0x00000220483283a0
Event: 23.148 Thread 0x000002204589d7b0 Thread added: 0x000002204832b190
Event: 23.191 Thread 0x000002204832b190 Thread exited: 0x000002204832b190
Event: 23.192 Thread 0x000002204589d7b0 Thread added: 0x000002204832b190
Event: 23.195 Thread 0x000002204589d7b0 Thread added: 0x0000022048e54aa0
Event: 29.141 Thread 0x0000022048e54aa0 Thread added: 0x0000022048e557c0
Event: 29.841 Thread 0x0000022048e54aa0 Thread added: 0x0000022048e55e50
Event: 29.877 Thread 0x0000022048e55e50 Thread added: 0x0000022048e53d80
Event: 29.878 Thread 0x0000022048e55e50 Thread added: 0x0000022048e54410
Event: 29.883 Thread 0x0000022048e53d80 Thread exited: 0x0000022048e53d80
Event: 32.149 Thread 0x0000022048329de0 Thread exited: 0x0000022048329de0
Event: 36.927 Thread 0x0000022048e54410 Thread exited: 0x0000022048e54410
Event: 36.927 Thread 0x0000022048e55e50 Thread exited: 0x0000022048e55e50


Dynamic libraries:
0x00007ff784f00000 - 0x00007ff784f0e000 	c:\Users\welcome\.vscode\extensions\redhat.java-1.56.0-win32-x64\jre\21.0.12.1-win32-x86_64\bin\java.exe
0x00007fffc4bd0000 - 0x00007fffc4dc9000 	C:\Windows\SYSTEM32\ntdll.dll
0x00007fffc3a60000 - 0x00007fffc3b22000 	C:\Windows\System32\KERNEL32.DLL
0x00007fffc25d0000 - 0x00007fffc28c7000 	C:\Windows\System32\KERNELBASE.dll
0x00007fffc2a30000 - 0x00007fffc2b30000 	C:\Windows\System32\ucrtbase.dll
0x00007fffae230000 - 0x00007fffae24e000 	c:\Users\welcome\.vscode\extensions\redhat.java-1.56.0-win32-x64\jre\21.0.12.1-win32-x86_64\bin\VCRUNTIME140.dll
0x00007fffbc170000 - 0x00007fffbc188000 	c:\Users\welcome\.vscode\extensions\redhat.java-1.56.0-win32-x64\jre\21.0.12.1-win32-x86_64\bin\jli.dll
0x00007fffc3560000 - 0x00007fffc36fd000 	C:\Windows\System32\USER32.dll
0x00007fffaf7a0000 - 0x00007fffafa3b000 	C:\Windows\WinSxS\amd64_microsoft.windows.common-controls_6595b64144ccf1df_6.0.19041.7663_none_60b9ed0b71f50c93\COMCTL32.dll
0x00007fffc2b80000 - 0x00007fffc2ba2000 	C:\Windows\System32\win32u.dll
0x00007fffc3b90000 - 0x00007fffc3bbb000 	C:\Windows\System32\GDI32.dll
0x00007fffc3940000 - 0x00007fffc39de000 	C:\Windows\System32\msvcrt.dll
0x00007fffc22c0000 - 0x00007fffc23da000 	C:\Windows\System32\gdi32full.dll
0x00007fffc2220000 - 0x00007fffc22bd000 	C:\Windows\System32\msvcp_win.dll
0x00007fffc3910000 - 0x00007fffc393f000 	C:\Windows\System32\IMM32.DLL
0x00007fffbcf80000 - 0x00007fffbcf8c000 	c:\Users\welcome\.vscode\extensions\redhat.java-1.56.0-win32-x64\jre\21.0.12.1-win32-x86_64\bin\vcruntime140_1.dll
0x00007fff9a720000 - 0x00007fff9a7ad000 	c:\Users\welcome\.vscode\extensions\redhat.java-1.56.0-win32-x64\jre\21.0.12.1-win32-x86_64\bin\msvcp140.dll
0x00007fff85720000 - 0x00007fff864c2000 	c:\Users\welcome\.vscode\extensions\redhat.java-1.56.0-win32-x64\jre\21.0.12.1-win32-x86_64\bin\server\jvm.dll
0x00007fffc4ad0000 - 0x00007fffc4b82000 	C:\Windows\System32\ADVAPI32.dll
0x00007fffc3400000 - 0x00007fffc34a0000 	C:\Windows\System32\sechost.dll
0x00007fffc37e0000 - 0x00007fffc3906000 	C:\Windows\System32\RPCRT4.dll
0x00007fffc2460000 - 0x00007fffc2487000 	C:\Windows\System32\bcrypt.dll
0x00007fffc39e0000 - 0x00007fffc3a53000 	C:\Windows\System32\WS2_32.dll
0x00007fffc2070000 - 0x00007fffc20bb000 	C:\Windows\SYSTEM32\POWRPROF.dll
0x00007fffad060000 - 0x00007fffad087000 	C:\Windows\SYSTEM32\WINMM.dll
0x00007fffbb7b0000 - 0x00007fffbb7ba000 	C:\Windows\SYSTEM32\VERSION.dll
0x00007fffc2050000 - 0x00007fffc2062000 	C:\Windows\SYSTEM32\UMPDC.dll
0x00007fffc0030000 - 0x00007fffc0042000 	C:\Windows\SYSTEM32\kernel.appcore.dll
0x00007fffbcc90000 - 0x00007fffbcc9a000 	c:\Users\welcome\.vscode\extensions\redhat.java-1.56.0-win32-x64\jre\21.0.12.1-win32-x86_64\bin\jimage.dll
0x00007fffac260000 - 0x00007fffac46b000 	C:\Windows\SYSTEM32\DBGHELP.DLL
0x00007fffaae90000 - 0x00007fffaaec5000 	C:\Windows\SYSTEM32\dbgcore.DLL
0x00007fffc2540000 - 0x00007fffc25c2000 	C:\Windows\System32\bcryptPrimitives.dll
0x00007fffbedf0000 - 0x00007fffbedff000 	c:\Users\welcome\.vscode\extensions\redhat.java-1.56.0-win32-x64\jre\21.0.12.1-win32-x86_64\bin\instrument.dll
0x00007fffb76d0000 - 0x00007fffb76f0000 	c:\Users\welcome\.vscode\extensions\redhat.java-1.56.0-win32-x64\jre\21.0.12.1-win32-x86_64\bin\java.dll
0x00007fffc2c80000 - 0x00007fffc33f1000 	C:\Windows\System32\SHELL32.dll
0x00007fffc0240000 - 0x00007fffc09ec000 	C:\Windows\SYSTEM32\windows.storage.dll
0x00007fffc4040000 - 0x00007fffc4394000 	C:\Windows\System32\combase.dll
0x00007fffc1b70000 - 0x00007fffc1b9b000 	C:\Windows\SYSTEM32\Wldp.dll
0x00007fffc34a0000 - 0x00007fffc354d000 	C:\Windows\System32\SHCORE.dll
0x00007fffc2c10000 - 0x00007fffc2c6b000 	C:\Windows\System32\shlwapi.dll
0x00007fffc2150000 - 0x00007fffc2175000 	C:\Windows\SYSTEM32\profapi.dll
0x00007fffae210000 - 0x00007fffae228000 	c:\Users\welcome\.vscode\extensions\redhat.java-1.56.0-win32-x64\jre\21.0.12.1-win32-x86_64\bin\zip.dll
0x00007fffbcc80000 - 0x00007fffbcc90000 	C:\Users\welcome\.vscode\extensions\redhat.java-1.56.0-win32-x64\jre\21.0.12.1-win32-x86_64\bin\net.dll
0x00007fffb8a20000 - 0x00007fffb8b2d000 	C:\Windows\SYSTEM32\WINHTTP.dll
0x00007fffc1880000 - 0x00007fffc18ea000 	C:\Windows\system32\mswsock.dll
0x00007fffad7d0000 - 0x00007fffad7e6000 	C:\Users\welcome\.vscode\extensions\redhat.java-1.56.0-win32-x64\jre\21.0.12.1-win32-x86_64\bin\nio.dll
0x00007fffba920000 - 0x00007fffba930000 	c:\Users\welcome\.vscode\extensions\redhat.java-1.56.0-win32-x64\jre\21.0.12.1-win32-x86_64\bin\verify.dll
0x00007fff8ed60000 - 0x00007fff8eda5000 	C:\Users\welcome\AppData\Roaming\Code\User\globalStorage\redhat.java\1.56.0\config_win\org.eclipse.equinox.launcher\org.eclipse.equinox.launcher.win32.win32.x86_64_1.3.100.v20260804-1928\eclipse_11924.dll
0x00007fffc4770000 - 0x00007fffc489c000 	C:\Windows\System32\ole32.dll
0x00007fffc1ad0000 - 0x00007fffc1ae8000 	C:\Windows\SYSTEM32\CRYPTSP.dll
0x00007fffc1180000 - 0x00007fffc11b8000 	C:\Windows\system32\rsaenh.dll
0x00007fffc20c0000 - 0x00007fffc20ee000 	C:\Windows\SYSTEM32\USERENV.dll
0x00007fffc1ac0000 - 0x00007fffc1acc000 	C:\Windows\SYSTEM32\CRYPTBASE.dll
0x00007fffc1550000 - 0x00007fffc158b000 	C:\Windows\SYSTEM32\IPHLPAPI.DLL
0x00007fffc2c70000 - 0x00007fffc2c78000 	C:\Windows\System32\NSI.dll
0x00007fff8e030000 - 0x00007fff8e079000 	C:\Users\welcome\AppData\Local\Temp\jna-1233099618\jna4251626604243894677.dll
0x00007fffc44c0000 - 0x00007fffc44c8000 	C:\Windows\System32\PSAPI.DLL
0x00007fffb9550000 - 0x00007fffb9567000 	C:\Windows\SYSTEM32\dhcpcsvc6.DLL
0x00007fffb9530000 - 0x00007fffb954d000 	C:\Windows\SYSTEM32\dhcpcsvc.DLL
0x00007fffbc940000 - 0x00007fffbc94e000 	C:\Users\welcome\.vscode\extensions\redhat.java-1.56.0-win32-x64\jre\21.0.12.1-win32-x86_64\bin\sunmscapi.dll
0x00007fffc28d0000 - 0x00007fffc2a2d000 	C:\Windows\System32\CRYPT32.dll
0x00007fffc1be0000 - 0x00007fffc1c07000 	C:\Windows\SYSTEM32\ncrypt.dll
0x00007fffc1ba0000 - 0x00007fffc1bdb000 	C:\Windows\SYSTEM32\NTASN1.dll
0x00007fffc1590000 - 0x00007fffc165c000 	C:\Windows\SYSTEM32\DNSAPI.dll
0x00007fffbb700000 - 0x00007fffbb70a000 	C:\Windows\System32\rasadhlp.dll
0x00007fffb5790000 - 0x00007fffb5810000 	C:\Windows\System32\fwpuclnt.dll
0x00007fffbc950000 - 0x00007fffbc959000 	C:\Users\welcome\.vscode\extensions\redhat.java-1.56.0-win32-x64\jre\21.0.12.1-win32-x86_64\bin\extnet.dll
0x00007fff8e8a0000 - 0x00007fff8e8c7000 	C:\Users\welcome\.gradle\native\c067742578af261105cb4f569cf0c3c89f3d7b1fecec35dd04571415982c5e48\windows-amd64\native-platform.dll
0x00007fff9b3a0000 - 0x00007fff9b3aa000 	C:\Users\welcome\.vscode\extensions\redhat.java-1.56.0-win32-x64\jre\21.0.12.1-win32-x86_64\bin\management.dll
0x00007fff94110000 - 0x00007fff9411c000 	C:\Users\welcome\.vscode\extensions\redhat.java-1.56.0-win32-x64\jre\21.0.12.1-win32-x86_64\bin\management_ext.dll
0x00007fff38780000 - 0x00007fff38787000 	C:\Windows\system32\wshunix.dll

JVMTI agents:
c:\Users\welcome\.vscode\extensions\redhat.java-1.56.0-win32-x64\lombok\lombok-1.18.39-4050.jar path:c:\Users\welcome\.vscode\extensions\redhat.java-1.56.0-win32-x64\jre\21.0.12.1-win32-x86_64\bin\instrument.dll, loaded, initialized, instrumentlib options:none

dbghelp: loaded successfully - version: 4.0.5 - missing functions: none
symbol engine: initialized successfully - sym options: 0x614 - pdb path: .;c:\Users\welcome\.vscode\extensions\redhat.java-1.56.0-win32-x64\jre\21.0.12.1-win32-x86_64\bin;C:\Windows\SYSTEM32;C:\Windows\WinSxS\amd64_microsoft.windows.common-controls_6595b64144ccf1df_6.0.19041.7663_none_60b9ed0b71f50c93;c:\Users\welcome\.vscode\extensions\redhat.java-1.56.0-win32-x64\jre\21.0.12.1-win32-x86_64\bin\server;C:\Users\welcome\AppData\Roaming\Code\User\globalStorage\redhat.java\1.56.0\config_win\org.eclipse.equinox.launcher\org.eclipse.equinox.launcher.win32.win32.x86_64_1.3.100.v20260804-1928;C:\Users\welcome\AppData\Local\Temp\jna-1233099618;C:\Users\welcome\.gradle\native\c067742578af261105cb4f569cf0c3c89f3d7b1fecec35dd04571415982c5e48\windows-amd64

VM Arguments:
jvm_args: --add-modules=ALL-SYSTEM --add-opens=java.base/java.util=ALL-UNNAMED --add-opens=java.base/java.lang=ALL-UNNAMED --add-opens=java.base/sun.nio.fs=ALL-UNNAMED -Declipse.application=org.eclipse.jdt.ls.core.id1 -Dosgi.bundles.defaultStartLevel=4 -Declipse.product=org.eclipse.jdt.ls.core.product -Djava.import.generatesMetadataFilesAtProjectRoot=false -Dm2e.project.cache.size=50 -DDetectVMInstallationsJob.disabled=true -Dfile.encoding=utf8 -XX:+UseParallelGC -XX:GCTimeRatio=4 -XX:AdaptiveSizePolicyWeight=90 -Dsun.zip.disableMemoryMapping=true -Xmx2G -Xms100m -Xlog:disable -javaagent:c:\Users\welcome\.vscode\extensions\redhat.java-1.56.0-win32-x64\lombok\lombok-1.18.39-4050.jar -XX:+HeapDumpOnOutOfMemoryError -XX:HeapDumpPath=c:\Users\welcome\AppData\Roaming\Code\User\workspaceStorage\438089d090c8572c52f170013986077f\redhat.java -Daether.dependencyCollector.impl=bf 
java_command: c:\Users\welcome\.vscode\extensions\redhat.java-1.56.0-win32-x64\server\plugins\org.eclipse.equinox.launcher_1.8.0.v20260804-1928.jar -configuration c:\Users\welcome\AppData\Roaming\Code\User\globalStorage\redhat.java\1.56.0\config_win -data c:\Users\welcome\AppData\Roaming\Code\User\workspaceStorage\438089d090c8572c52f170013986077f\redhat.java\jdt_ws --stdio
java_class_path (initial): c:\Users\welcome\.vscode\extensions\redhat.java-1.56.0-win32-x64\server\plugins\org.eclipse.equinox.launcher_1.8.0.v20260804-1928.jar
Launcher Type: SUN_STANDARD

[Global flags]
    uintx AdaptiveSizePolicyWeight                 = 90                                        {product} {command line}
     intx CICompilerCount                          = 3                                         {product} {ergonomic}
    uintx GCTimeRatio                              = 4                                         {product} {command line}
     bool HeapDumpOnOutOfMemoryError               = true                                   {manageable} {command line}
    ccstr HeapDumpPath                             = c:\Users\welcome\AppData\Roaming\Code\User\workspaceStorage\438089d090c8572c52f170013986077f\redhat.java         {manageable} {command line}
   size_t InitialHeapSize                          = 104857600                                 {product} {command line}
   size_t MaxHeapSize                              = 2147483648                                {product} {command line}
   size_t MaxNewSize                               = 715653120                                 {product} {ergonomic}
   size_t MinHeapDeltaBytes                        = 524288                                    {product} {ergonomic}
   size_t MinHeapSize                              = 104857600                                 {product} {command line}
   size_t NewSize                                  = 34603008                                  {product} {ergonomic}
    uintx NonNMethodCodeHeapSize                   = 5832780                                {pd product} {ergonomic}
    uintx NonProfiledCodeHeapSize                  = 122912730                              {pd product} {ergonomic}
   size_t OldSize                                  = 70254592                                  {product} {ergonomic}
    uintx ProfiledCodeHeapSize                     = 122912730                              {pd product} {ergonomic}
    uintx ReservedCodeCacheSize                    = 251658240                              {pd product} {ergonomic}
     bool SegmentedCodeCache                       = true                                      {product} {ergonomic}
   size_t SoftMaxHeapSize                          = 2147483648                             {manageable} {ergonomic}
     bool UseCompressedOops                        = true                           {product lp64_product} {ergonomic}
     bool UseLargePagesIndividualAllocation        = false                                  {pd product} {ergonomic}
     bool UseParallelGC                            = true                                      {product} {command line}

Logging:
Log output configuration:
 #0: stdout all=off uptime,level,tags foldmultilines=false
 #1: stderr all=off uptime,level,tags foldmultilines=false

Release file:
JAVA_VERSION="21.0.12.1" 
MODULES="java.base java.compiler java.datatransfer java.xml java.prefs java.desktop java.instrument java.logging java.management java.security.sasl java.naming java.rmi java.management.rmi java.net.http java.scripting java.security.jgss java.transaction.xa java.sql java.sql.rowset java.xml.crypto java.se java.smartcardio jdk.accessibility jdk.internal.jvmstat jdk.attach jdk.charsets jdk.internal.opt jdk.zipfs jdk.compiler jdk.crypto.ec jdk.crypto.cryptoki jdk.crypto.mscapi jdk.dynalink jdk.internal.ed jdk.editpad jdk.hotspot.agent jdk.httpserver jdk.internal.le jdk.internal.vm.ci jdk.internal.vm.compiler jdk.internal.vm.compiler.management jdk.jartool jdk.javadoc jdk.jcmd jdk.management jdk.management.agent jdk.jconsole jdk.jdeps jdk.jdwp.agent jdk.jdi jdk.jfr jdk.jshell jdk.jsobject jdk.jstatd jdk.localedata jdk.management.jfr jdk.naming.dns jdk.naming.rmi jdk.net jdk.nio.mapmode jdk.random jdk.sctp jdk.security.auth jdk.security.jgss jdk.unsupported jdk.unsupported.desktop jdk.xml.dom" 

Environment Variables:
PATH=C:\Program Files\Eclipse Adoptium\jdk-17.0.20.101-hotspot\bin;C:\Windows\system32;C:\Windows;C:\Windows\System32\Wbem;C:\Windows\System32\WindowsPowerShell\v1.0\;C:\Windows\System32\OpenSSH\;C:\Program Files\Git\cmd;C:\Program Files\nodejs\;C:\Users\welcome\AppData\Local\Microsoft\WindowsApps;C:\Users\welcome\AppData\Local\Programs\Microsoft VS Code\bin;C:\Users\welcome\AppData\Local\Programs\DockerDesktop\resources\bin;C:\Users\welcome\AppData\Roaming\npm
USERNAME=welcome
OS=Windows_NT
PROCESSOR_IDENTIFIER=Intel64 Family 6 Model 142 Stepping 9, GenuineIntel
TMP=C:\Users\welcome\AppData\Local\Temp
TEMP=C:\Users\welcome\AppData\Local\Temp




Periodic native trim disabled

---------------  S Y S T E M  ---------------

OS:
 Windows 10 , 64 bit Build 19041 (10.0.19041.7725)
OS uptime: 5 days 23:04 hours
Hyper-V role detected

CPU: total 4 (initial active 4) (2 cores per cpu, 2 threads per core) family 6 model 142 stepping 9 microcode 0xea, cx8, cmov, fxsr, ht, mmx, 3dnowpref, sse, sse2, sse3, ssse3, sse4.1, sse4.2, popcnt, lzcnt, tsc, tscinvbit, avx, avx2, aes, erms, clmul, bmi1, bmi2, adx, fma, vzeroupper, clflush, clflushopt, hv, rdtscp, f16c
Processor Information for the first 4 processors :
  Max Mhz: 2400, Current Mhz: 2400, Mhz Limit: 2400

Memory: 4k page, system-wide physical 4005M (274M free)
TotalPageFile size 11505M (AvailPageFile size 14M)
current process WorkingSet (physical memory assigned to process): 222M, peak: 349M
current process commit charge ("private bytes"): 451M, peak: 452M

vm_info: OpenJDK 64-Bit Server VM (21.0.12.1+1-LTS) for windows-amd64 JRE (21.0.12.1+1-LTS), built on 2026-08-18T00:00:00Z by "admin" with MS VC++ 17.12 (VS2022)

END.
