#
# There is insufficient memory for the Java Runtime Environment to continue.
# Native memory allocation (malloc) failed to allocate 303056 bytes. Error detail: Chunk::new
# Possible reasons:
#   The system is out of physical RAM or swap space
#   This process is running with CompressedOops enabled, and the Java Heap may be blocking the growth of the native heap
# Possible solutions:
#   Reduce memory load on the system
#   Increase physical memory or swap space
#   Check if swap backing store is full
#   Decrease Java heap size (-Xmx/-Xms)
#   Decrease number of Java threads
#   Decrease Java thread stack sizes (-Xss)
#   Set larger code cache with -XX:ReservedCodeCacheSize=
#   JVM is running with Unscaled Compressed Oops mode in which the Java heap is
#     placed in the first 4GB address space. The Java Heap base address is the
#     maximum limit for the native heap growth. Please use -XX:HeapBaseMinAddress
#     to set the Java Heap base and to place the Java Heap above 4GB virtual address.
# This output file may be truncated or incomplete.
#
#  Out of Memory Error (arena.cpp:168), pid=14260, tid=7912
#
# JRE version: OpenJDK Runtime Environment Temurin-21.0.12.1+1 (21.0.12.1+1) (build 21.0.12.1+1-LTS)
# Java VM: OpenJDK 64-Bit Server VM Temurin-21.0.12.1+1 (21.0.12.1+1-LTS, mixed mode, sharing, tiered, compressed oops, compressed class ptrs, parallel gc, windows-amd64)
# No core dump will be written. Minidumps are not enabled by default on client versions of Windows
#

---------------  S U M M A R Y ------------

Command Line: --add-modules=ALL-SYSTEM --add-opens=java.base/java.util=ALL-UNNAMED --add-opens=java.base/java.lang=ALL-UNNAMED --add-opens=java.base/sun.nio.fs=ALL-UNNAMED -Declipse.application=org.eclipse.jdt.ls.core.id1 -Dosgi.bundles.defaultStartLevel=4 -Declipse.product=org.eclipse.jdt.ls.core.product -Djava.import.generatesMetadataFilesAtProjectRoot=false -Dm2e.project.cache.size=50 -DDetectVMInstallationsJob.disabled=true -Dfile.encoding=utf8 -XX:+UseParallelGC -XX:GCTimeRatio=4 -XX:AdaptiveSizePolicyWeight=90 -Dsun.zip.disableMemoryMapping=true -Xmx2G -Xms100m -Xlog:disable -javaagent:c:\Users\welcome\.vscode\extensions\redhat.java-1.56.0-win32-x64\lombok\lombok-1.18.39-4050.jar -XX:+HeapDumpOnOutOfMemoryError -XX:HeapDumpPath=c:\Users\welcome\AppData\Roaming\Code\User\workspaceStorage\438089d090c8572c52f170013986077f\redhat.java -Daether.dependencyCollector.impl=bf c:\Users\welcome\.vscode\extensions\redhat.java-1.56.0-win32-x64\server\plugins\org.eclipse.equinox.launcher_1.8.0.v20260804-1928.jar -configuration c:\Users\welcome\AppData\Roaming\Code\User\globalStorage\redhat.java\1.56.0\config_win -data c:\Users\welcome\AppData\Roaming\Code\User\workspaceStorage\438089d090c8572c52f170013986077f\redhat.java\jdt_ws --stdio

Host: Intel(R) Core(TM) i3-7100U CPU @ 2.40GHz, 4 cores, 3G,  Windows 10 , 64 bit Build 19041 (10.0.19041.7725)
Time: Tue Sep 29 09:42:01 2026 India Standard Time elapsed time: 128.789152 seconds (0d 0h 2m 8s)

---------------  T H R E A D  ---------------

Current thread (0x000001cd7df70070):  JavaThread "C2 CompilerThread0" daemon [_thread_in_native, id=7912, stack(0x0000005193500000,0x0000005193600000) (1024K)]


Current CompileTask:
C2:128789 8172 % !   4       java.util.jar.Attributes::read @ 214 (494 bytes)

Stack: [0x0000005193500000,0x0000005193600000]
Native frames: (J=compiled Java code, j=interpreted, Vv=VM code, C=native code)
V  [jvm.dll+0x6d83e9]
V  [jvm.dll+0x8b5736]
V  [jvm.dll+0x8b7cee]
V  [jvm.dll+0x8b83d3]
V  [jvm.dll+0x284596]
V  [jvm.dll+0xc685d]
V  [jvm.dll+0xc6da1]
V  [jvm.dll+0x2fb5ae]
V  [jvm.dll+0x5fee94]
V  [jvm.dll+0x255d67]
V  [jvm.dll+0x25612d]
V  [jvm.dll+0x24e6a0]
V  [jvm.dll+0x24bbe6]
V  [jvm.dll+0x1cb4ae]
V  [jvm.dll+0x25baad]
V  [jvm.dll+0x25a03a]
V  [jvm.dll+0x3f8aae]
V  [jvm.dll+0x8600cd]
V  [jvm.dll+0x6d6c1d]
C  [ucrtbase.dll+0x21bb2]
C  [KERNEL32.DLL+0x17384]
C  [ntdll.dll+0x4cc91]


---------------  P R O C E S S  ---------------

Threads class SMR info:
_java_thread_list=0x000001cd4baedc10, length=43, elements={
0x000001cd692a18e0, 0x000001cd7df66a80, 0x000001cd7df68090, 0x000001cd7df69160,
0x000001cd7df6aaa0, 0x000001cd7df6c870, 0x000001cd7df6f2e0, 0x000001cd7df70070,
0x000001cd7dfe5dc0, 0x000001cd7ed10290, 0x000001cd7ee72a30, 0x000001cd7efb2470,
0x000001cd7ec80a00, 0x000001cd7f6599e0, 0x000001cd7f65a820, 0x000001cd492d2660,
0x000001cd7f54ce10, 0x000001cd7f6535b0, 0x000001cd7f4e2770, 0x000001cd7f4e20e0,
0x000001cd7f4e1a50, 0x000001cd7f4e3490, 0x000001cd7f4e3b20, 0x000001cd7f4e2e00,
0x000001cd7f4e0d30, 0x000001cd4a454140, 0x000001cd4a4519e0, 0x000001cd4a453ab0,
0x000001cd4a452700, 0x000001cd4a450630, 0x000001cd4a452070, 0x000001cd4a44f910,
0x000001cd4a44ded0, 0x000001cd4a4547d0, 0x000001cd4a4554f0, 0x000001cd4a44e560,
0x000001cd4a450cc0, 0x000001cd4a451350, 0x000001cd4a44ffa0, 0x000001cd4a44ebf0,
0x000001cd4a44f280, 0x000001cd4c78e6f0, 0x000001cd4c78ed80
}

Java Threads: ( => current thread )
  0x000001cd692a18e0 JavaThread "main"                              [_thread_blocked, id=20432, stack(0x0000005192b00000,0x0000005192c00000) (1024K)]
  0x000001cd7df66a80 JavaThread "Reference Handler"          daemon [_thread_blocked, id=7944, stack(0x0000005192f00000,0x0000005193000000) (1024K)]
  0x000001cd7df68090 JavaThread "Finalizer"                  daemon [_thread_blocked, id=1612, stack(0x0000005193000000,0x0000005193100000) (1024K)]
  0x000001cd7df69160 JavaThread "Signal Dispatcher"          daemon [_thread_blocked, id=16780, stack(0x0000005193100000,0x0000005193200000) (1024K)]
  0x000001cd7df6aaa0 JavaThread "Attach Listener"            daemon [_thread_blocked, id=9632, stack(0x0000005193200000,0x0000005193300000) (1024K)]
  0x000001cd7df6c870 JavaThread "Service Thread"             daemon [_thread_blocked, id=13916, stack(0x0000005193300000,0x0000005193400000) (1024K)]
  0x000001cd7df6f2e0 JavaThread "Monitor Deflation Thread"   daemon [_thread_blocked, id=7200, stack(0x0000005193400000,0x0000005193500000) (1024K)]
=>0x000001cd7df70070 JavaThread "C2 CompilerThread0"         daemon [_thread_in_native, id=7912, stack(0x0000005193500000,0x0000005193600000) (1024K)]
  0x000001cd7dfe5dc0 JavaThread "C1 CompilerThread0"         daemon [_thread_blocked, id=768, stack(0x0000005193600000,0x0000005193700000) (1024K)]
  0x000001cd7ed10290 JavaThread "Common-Cleaner"             daemon [_thread_blocked, id=17816, stack(0x0000005193700000,0x0000005193800000) (1024K)]
  0x000001cd7ee72a30 JavaThread "Notification Thread"        daemon [_thread_blocked, id=12900, stack(0x0000005193800000,0x0000005193900000) (1024K)]
  0x000001cd7efb2470 JavaThread "Active Thread: Equinox Container: 5cd75402-95cd-4a12-a318-b40c56b6c1eb"        [_thread_blocked, id=13936, stack(0x0000005193c00000,0x0000005193d00000) (1024K)]
  0x000001cd7ec80a00 JavaThread "Refresh Thread: Equinox Container: 5cd75402-95cd-4a12-a318-b40c56b6c1eb" daemon [_thread_blocked, id=16876, stack(0x0000005193d00000,0x0000005193e00000) (1024K)]
  0x000001cd7f6599e0 JavaThread "Framework Event Dispatcher: Equinox Container: 5cd75402-95cd-4a12-a318-b40c56b6c1eb" daemon [_thread_blocked, id=20924, stack(0x0000005193e00000,0x0000005193f00000) (1024K)]
  0x000001cd7f65a820 JavaThread "Start Level: Equinox Container: 5cd75402-95cd-4a12-a318-b40c56b6c1eb" daemon [_thread_blocked, id=3648, stack(0x0000005193f00000,0x0000005194000000) (1024K)]
  0x000001cd492d2660 JavaThread "Bundle File Closer"         daemon [_thread_blocked, id=19968, stack(0x0000005194000000,0x0000005194100000) (1024K)]
  0x000001cd7f54ce10 JavaThread "SCR Component Actor"        daemon [_thread_blocked, id=20124, stack(0x0000005194100000,0x0000005194200000) (1024K)]
  0x000001cd7f6535b0 JavaThread "Worker-JM"                         [_thread_blocked, id=21920, stack(0x0000005194200000,0x0000005194300000) (1024K)]
  0x000001cd7f4e2770 JavaThread "JNA Cleaner"                daemon [_thread_blocked, id=10584, stack(0x0000005194300000,0x0000005194400000) (1024K)]
  0x000001cd7f4e20e0 JavaThread "Worker-0"                          [_thread_blocked, id=7032, stack(0x0000005194400000,0x0000005194500000) (1024K)]
  0x000001cd7f4e1a50 JavaThread "Worker-1: Initialize Workspace"        [_thread_blocked, id=19596, stack(0x0000005194500000,0x0000005194600000) (1024K)]
  0x000001cd7f4e3490 JavaThread "Worker-2"                          [_thread_blocked, id=20208, stack(0x0000005194600000,0x0000005194700000) (1024K)]
  0x000001cd7f4e3b20 JavaThread "Worker-3"                          [_thread_blocked, id=9484, stack(0x0000005194700000,0x0000005194800000) (1024K)]
  0x000001cd7f4e2e00 JavaThread "Java indexing"              daemon [_thread_in_Java, id=12028, stack(0x0000005194800000,0x0000005194900000) (1024K)]
  0x000001cd7f4e0d30 JavaThread "Worker-4: Java indexing... "        [_thread_blocked, id=16296, stack(0x0000005194a00000,0x0000005194b00000) (1024K)]
  0x000001cd4a454140 JavaThread "Worker-5: Synchronize Gradle projects with workspace"        [_thread_blocked, id=9924, stack(0x0000005194900000,0x0000005194a00000) (1024K)]
  0x000001cd4a4519e0 JavaThread "pool-2-thread-1"                   [_thread_blocked, id=18832, stack(0x0000005194b00000,0x0000005194c00000) (1024K)]
  0x000001cd4a453ab0 JavaThread "Timer-0"                           [_thread_blocked, id=22252, stack(0x0000005194c00000,0x0000005194d00000) (1024K)]
  0x000001cd4a452700 JavaThread "Timer-1"                           [_thread_blocked, id=21260, stack(0x0000005194d00000,0x0000005194e00000) (1024K)]
  0x000001cd4a450630 JavaThread "WorkspaceEventsHandler"            [_thread_blocked, id=17660, stack(0x0000005194f00000,0x0000005195000000) (1024K)]
  0x000001cd4a452070 JavaThread "pool-1-thread-1"                   [_thread_blocked, id=6440, stack(0x0000005195000000,0x0000005195100000) (1024K)]
  0x000001cd4a44f910 JavaThread "ProjectImportProgressReporter" daemon [_thread_blocked, id=22064, stack(0x0000005195100000,0x0000005195200000) (1024K)]
  0x000001cd4a44ded0 JavaThread "Timer-2"                           [_thread_blocked, id=2056, stack(0x0000005195200000,0x0000005195300000) (1024K)]
  0x000001cd4a4547d0 JavaThread "Exec process"                      [_thread_blocked, id=17992, stack(0x0000005195400000,0x0000005195500000) (1024K)]
  0x000001cd4a4554f0 JavaThread "Exec process Thread 2"             [_thread_blocked, id=16944, stack(0x0000005195500000,0x0000005195600000) (1024K)]
  0x000001cd4a44e560 JavaThread "Exec process Thread 3"             [_thread_blocked, id=11720, stack(0x0000005195600000,0x0000005195700000) (1024K)]
  0x000001cd4a450cc0 JavaThread "Timer-3"                           [_thread_blocked, id=19316, stack(0x0000005194e00000,0x0000005194f00000) (1024K)]
  0x000001cd4a451350 JavaThread "Timer-4"                           [_thread_blocked, id=6104, stack(0x0000005195700000,0x0000005195800000) (1024K)]
  0x000001cd4a44ffa0 JavaThread "Timer-5"                           [_thread_blocked, id=17928, stack(0x0000005195300000,0x0000005195400000) (1024K)]
  0x000001cd4a44ebf0 JavaThread "Timer-6"                           [_thread_blocked, id=10872, stack(0x0000005195800000,0x0000005195900000) (1024K)]
  0x000001cd4a44f280 JavaThread "Timer-7"                           [_thread_blocked, id=19508, stack(0x0000005195900000,0x0000005195a00000) (1024K)]
  0x000001cd4c78e6f0 JavaThread "Connection worker"                 [_thread_in_native, id=20644, stack(0x0000005195a00000,0x0000005195b00000) (1024K)]
  0x000001cd4c78ed80 JavaThread "pool-3-thread-1"                   [_thread_blocked, id=18520, stack(0x0000005192900000,0x0000005192a00000) (1024K)]
Total: 43

Other Threads:
  0x000001cd7df5e040 VMThread "VM Thread"                           [id=13500, stack(0x0000005192e00000,0x0000005192f00000) (1024K)] _threads_hazard_ptr=0x000001cd4baedc10
  0x000001cd6b5eea80 WatcherThread "VM Periodic Task Thread"        [id=5476, stack(0x0000005192d00000,0x0000005192e00000) (1024K)]
  0x000001cd6b5a11b0 WorkerThread "GC Thread#0"                     [id=17564, stack(0x0000005192c00000,0x0000005192d00000) (1024K)]
  0x000001cd7f445a30 WorkerThread "GC Thread#1"                     [id=7964, stack(0x0000005193900000,0x0000005193a00000) (1024K)]
  0x000001cd7f1fc3c0 WorkerThread "GC Thread#2"                     [id=4092, stack(0x0000005193a00000,0x0000005193b00000) (1024K)]
  0x000001cd7f1fc770 WorkerThread "GC Thread#3"                     [id=2364, stack(0x0000005193b00000,0x0000005193c00000) (1024K)]
Total: 6

Threads with active compile tasks:
C2 CompilerThread0  128870 8172 % !   4       java.util.jar.Attributes::read @ 214 (494 bytes)
Total: 1

VM state: not at safepoint (normal execution)

VM Mutex/Monitor currently owned by a thread: None

Heap address: 0x0000000080000000, size: 2048 MB, Compressed Oops mode: 32-bit

CDS archive(s) mapped at: [0x000001cd04000000-0x000001cd04ba0000-0x000001cd04ba0000), size 12189696, SharedBaseAddress: 0x000001cd04000000, ArchiveRelocationMode: 1.
Compressed class space mapped at: 0x000001cd05000000-0x000001cd45000000, reserved size: 1073741824
Narrow klass base: 0x000001cd04000000, Narrow klass shift: 0, Narrow klass range: 0x100000000

GC Precious Log:
 CardTable entry size: 512
 CPUs: 4 total, 4 available
 Memory: 4005M
 Large Page Support: Disabled
 NUMA Support: Disabled
 Compressed Oops: Enabled (32-bit)
 Alignments: Space 512K, Generation 512K, Heap 2M
 Heap Min Capacity: 100M
 Heap Initial Capacity: 100M
 Heap Max Capacity: 2G
 Pre-touch: Disabled
 Parallel Workers: 4

Heap:
 PSYoungGen      total 15360K, used 14846K [0x00000000d5580000, 0x00000000d6600000, 0x0000000100000000)
  eden space 14848K, 97% used [0x00000000d5580000,0x00000000d6391998,0x00000000d6400000)
  from space 512K, 85% used [0x00000000d6580000,0x00000000d65edf08,0x00000000d6600000)
  to   space 1024K, 0% used [0x00000000d6400000,0x00000000d6400000,0x00000000d6500000)
 ParOldGen       total 68608K, used 57758K [0x0000000080000000, 0x0000000084300000, 0x00000000d5580000)
  object space 68608K, 84% used [0x0000000080000000,0x0000000083867a90,0x0000000084300000)
 Metaspace       used 65361K, committed 66880K, reserved 1114112K
  class space    used 8163K, committed 8832K, reserved 1048576K

Card table byte_map: [0x000001cd6af60000,0x000001cd6b370000] _byte_map_base: 0x000001cd6ab60000

Marking Bits: (ParMarkBitMap*) 0x00007fff86d644a0
 Begin Bits: [0x000001cd00000000, 0x000001cd02000000)
 End Bits:   [0x000001cd02000000, 0x000001cd04000000)

Polling page: 0x000001cd6ad50000

Metaspace:

Usage:
  Non-class:     55.86 MB used.
      Class:      7.97 MB used.
       Both:     63.83 MB used.

Virtual space:
  Non-class space:       64.00 MB reserved,      56.69 MB ( 89%) committed,  1 nodes.
      Class space:        1.00 GB reserved,       8.62 MB ( <1%) committed,  1 nodes.
             Both:        1.06 GB reserved,      65.31 MB (  6%) committed. 

Chunk freelists:
   Non-Class:  6.84 MB
       Class:  7.28 MB
        Both:  14.12 MB

MaxMetaspaceSize: unlimited
CompressedClassSpaceSize: 1.00 GB
Initial GC threshold: 21.00 MB
Current GC threshold: 97.31 MB
CDS: on
 - commit_granule_bytes: 65536.
 - commit_granule_words: 8192.
 - virtual_space_node_default_size: 8388608.
 - enlarge_chunks_in_place: 1.
 - use_allocation_guard: 0.


Internal statistics:

num_allocs_failed_limit: 9.
num_arena_births: 1172.
num_arena_deaths: 18.
num_vsnodes_births: 2.
num_vsnodes_deaths: 0.
num_space_committed: 1045.
num_space_uncommitted: 0.
num_chunks_returned_to_freelist: 29.
num_chunks_taken_from_freelist: 4214.
num_chunk_merges: 14.
num_chunk_splits: 2594.
num_chunks_enlarged: 1487.
num_inconsistent_stats: 0.

CodeHeap 'non-profiled nmethods': size=120000Kb used=4699Kb max_used=4699Kb free=115300Kb
 bounds [0x000001cd76260000, 0x000001cd76700000, 0x000001cd7d790000]
CodeHeap 'profiled nmethods': size=120000Kb used=14551Kb max_used=14551Kb free=105449Kb
 bounds [0x000001cd6e790000, 0x000001cd6f5d0000, 0x000001cd75cc0000]
CodeHeap 'non-nmethods': size=5760Kb used=1394Kb max_used=1448Kb free=4365Kb
 bounds [0x000001cd75cc0000, 0x000001cd75f30000, 0x000001cd76260000]
CodeCache: size=245760Kb, used=20644Kb, max_used=20698Kb, free=225114Kb
 total_blobs=8078, nmethods=7374, adapters=610, full_count=0
Compilation: enabled, stopped_count=0, restarted_count=0

Compilation events (20 events):
Event: 128.471 Thread 0x000001cd7df70070 nmethod 8162 0x000001cd766f6990 code [0x000001cd766f6b00, 0x000001cd766f6b78]
Event: 128.471 Thread 0x000001cd7dfe5dc0 nmethod 8163 0x000001cd6f5ba510 code [0x000001cd6f5ba720, 0x000001cd6f5bad18]
Event: 128.553 Thread 0x000001cd7dfe5dc0 8164       3       java.util.jar.JarFile::<init> (11 bytes)
Event: 128.554 Thread 0x000001cd7dfe5dc0 nmethod 8164 0x000001cd6f5baf90 code [0x000001cd6f5bb140, 0x000001cd6f5bb288]
Event: 128.564 Thread 0x000001cd7dfe5dc0 8165       3       java.util.jar.JarVerifier::<init> (114 bytes)
Event: 128.566 Thread 0x000001cd7dfe5dc0 nmethod 8165 0x000001cd6f5bb310 code [0x000001cd6f5bb5c0, 0x000001cd6f5bc1e8]
Event: 128.614 Thread 0x000001cd7dfe5dc0 8166       3       java.util.zip.ZipFile$Source$Key::hashCode (46 bytes)
Event: 128.615 Thread 0x000001cd7dfe5dc0 nmethod 8166 0x000001cd6f5bc610 code [0x000001cd6f5bc820, 0x000001cd6f5bcc40]
Event: 128.661 Thread 0x000001cd7dfe5dc0 8167       3       org.gradle.api.internal.classpath.EffectiveClassPath::addClasspathFile (34 bytes)
Event: 128.662 Thread 0x000001cd7dfe5dc0 nmethod 8167 0x000001cd6f5bce90 code [0x000001cd6f5bd0c0, 0x000001cd6f5bd7a0]
Event: 128.701 Thread 0x000001cd7dfe5dc0 8168       3       java.util.jar.JarFile::<init> (8 bytes)
Event: 128.702 Thread 0x000001cd7dfe5dc0 nmethod 8168 0x000001cd6f5bda10 code [0x000001cd6f5bdbc0, 0x000001cd6f5bdd08]
Event: 128.702 Thread 0x000001cd7dfe5dc0 8169   !   3       org.gradle.api.internal.classpath.ManifestUtil::parseManifestClasspath (85 bytes)
Event: 128.704 Thread 0x000001cd7dfe5dc0 nmethod 8169 0x000001cd6f5bdd90 code [0x000001cd6f5be020, 0x000001cd6f5becf8]
Event: 128.704 Thread 0x000001cd7dfe5dc0 8170   !   3       org.gradle.api.internal.classpath.ManifestUtil::readManifestClasspathString (58 bytes)
Event: 128.707 Thread 0x000001cd7dfe5dc0 nmethod 8170 0x000001cd6f5bf490 code [0x000001cd6f5bf780, 0x000001cd6f5c04f8]
Event: 128.708 Thread 0x000001cd7dfe5dc0 8171   !   3       org.gradle.api.internal.classpath.ManifestUtil::findManifest (49 bytes)
Event: 128.709 Thread 0x000001cd7dfe5dc0 nmethod 8171 0x000001cd6f5c0b90 code [0x000001cd6f5c0e20, 0x000001cd6f5c1a40]
Event: 128.717 Thread 0x000001cd7df70070 8172 % !   4       java.util.jar.Attributes::read @ 214 (494 bytes)
Event: 128.782 Thread 0x000001cd7dfe5dc0 8175   !   3       java.util.zip.ZipFile$Source::get (177 bytes)

GC Heap History (20 events):
Event: 96.222 GC heap before
{Heap before GC invocations=50 (full 3):
 PSYoungGen      total 15360K, used 15287K [0x00000000d5580000, 0x00000000d6600000, 0x0000000100000000)
  eden space 14848K, 100% used [0x00000000d5580000,0x00000000d6400000,0x00000000d6400000)
  from space 512K, 85% used [0x00000000d6580000,0x00000000d65edc80,0x00000000d6600000)
  to   space 1024K, 0% used [0x00000000d6400000,0x00000000d6400000,0x00000000d6500000)
 ParOldGen       total 68608K, used 55985K [0x0000000080000000, 0x0000000084300000, 0x00000000d5580000)
  object space 68608K, 81% used [0x0000000080000000,0x00000000836ac470,0x0000000084300000)
 Metaspace       used 64235K, committed 65792K, reserved 1114112K
  class space    used 8008K, committed 8704K, reserved 1048576K
}
Event: 96.223 GC heap after
{Heap after GC invocations=50 (full 3):
 PSYoungGen      total 15872K, used 960K [0x00000000d5580000, 0x00000000d6700000, 0x0000000100000000)
  eden space 14848K, 0% used [0x00000000d5580000,0x00000000d5580000,0x00000000d6400000)
  from space 1024K, 93% used [0x00000000d6400000,0x00000000d64f0328,0x00000000d6500000)
  to   space 1536K, 0% used [0x00000000d6580000,0x00000000d6580000,0x00000000d6700000)
 ParOldGen       total 68608K, used 56041K [0x0000000080000000, 0x0000000084300000, 0x00000000d5580000)
  object space 68608K, 81% used [0x0000000080000000,0x00000000836ba480,0x0000000084300000)
 Metaspace       used 64235K, committed 65792K, reserved 1114112K
  class space    used 8008K, committed 8704K, reserved 1048576K
}
Event: 97.821 GC heap before
{Heap before GC invocations=51 (full 3):
 PSYoungGen      total 15872K, used 15802K [0x00000000d5580000, 0x00000000d6700000, 0x0000000100000000)
  eden space 14848K, 99% used [0x00000000d5580000,0x00000000d63fe740,0x00000000d6400000)
  from space 1024K, 93% used [0x00000000d6400000,0x00000000d64f0328,0x00000000d6500000)
  to   space 1536K, 0% used [0x00000000d6580000,0x00000000d6580000,0x00000000d6700000)
 ParOldGen       total 68608K, used 56041K [0x0000000080000000, 0x0000000084300000, 0x00000000d5580000)
  object space 68608K, 81% used [0x0000000080000000,0x00000000836ba480,0x0000000084300000)
 Metaspace       used 64235K, committed 65792K, reserved 1114112K
  class space    used 8008K, committed 8704K, reserved 1048576K
}
Event: 97.824 GC heap after
{Heap after GC invocations=51 (full 3):
 PSYoungGen      total 15360K, used 267K [0x00000000d5580000, 0x00000000d6600000, 0x0000000100000000)
  eden space 14848K, 0% used [0x00000000d5580000,0x00000000d5580000,0x00000000d6400000)
  from space 512K, 52% used [0x00000000d6580000,0x00000000d65c2ee0,0x00000000d6600000)
  to   space 1024K, 0% used [0x00000000d6400000,0x00000000d6400000,0x00000000d6500000)
 ParOldGen       total 68608K, used 56137K [0x0000000080000000, 0x0000000084300000, 0x00000000d5580000)
  object space 68608K, 81% used [0x0000000080000000,0x00000000836d2560,0x0000000084300000)
 Metaspace       used 64235K, committed 65792K, reserved 1114112K
  class space    used 8008K, committed 8704K, reserved 1048576K
}
Event: 99.314 GC heap before
{Heap before GC invocations=52 (full 3):
 PSYoungGen      total 15360K, used 15115K [0x00000000d5580000, 0x00000000d6600000, 0x0000000100000000)
  eden space 14848K, 100% used [0x00000000d5580000,0x00000000d6400000,0x00000000d6400000)
  from space 512K, 52% used [0x00000000d6580000,0x00000000d65c2ee0,0x00000000d6600000)
  to   space 1024K, 0% used [0x00000000d6400000,0x00000000d6400000,0x00000000d6500000)
 ParOldGen       total 68608K, used 56137K [0x0000000080000000, 0x0000000084300000, 0x00000000d5580000)
  object space 68608K, 81% used [0x0000000080000000,0x00000000836d2560,0x0000000084300000)
 Metaspace       used 64235K, committed 65792K, reserved 1114112K
  class space    used 8008K, committed 8704K, reserved 1048576K
}
Event: 99.316 GC heap after
{Heap after GC invocations=52 (full 3):
 PSYoungGen      total 15872K, used 807K [0x00000000d5580000, 0x00000000d6600000, 0x0000000100000000)
  eden space 14848K, 0% used [0x00000000d5580000,0x00000000d5580000,0x00000000d6400000)
  from space 1024K, 78% used [0x00000000d6400000,0x00000000d64c9e00,0x00000000d6500000)
  to   space 1024K, 0% used [0x00000000d6500000,0x00000000d6500000,0x00000000d6600000)
 ParOldGen       total 68608K, used 56195K [0x0000000080000000, 0x0000000084300000, 0x00000000d5580000)
  object space 68608K, 81% used [0x0000000080000000,0x00000000836e0dc8,0x0000000084300000)
 Metaspace       used 64235K, committed 65792K, reserved 1114112K
  class space    used 8008K, committed 8704K, reserved 1048576K
}
Event: 100.695 GC heap before
{Heap before GC invocations=53 (full 3):
 PSYoungGen      total 15872K, used 15655K [0x00000000d5580000, 0x00000000d6600000, 0x0000000100000000)
  eden space 14848K, 100% used [0x00000000d5580000,0x00000000d6400000,0x00000000d6400000)
  from space 1024K, 78% used [0x00000000d6400000,0x00000000d64c9e00,0x00000000d6500000)
  to   space 1024K, 0% used [0x00000000d6500000,0x00000000d6500000,0x00000000d6600000)
 ParOldGen       total 68608K, used 56195K [0x0000000080000000, 0x0000000084300000, 0x00000000d5580000)
  object space 68608K, 81% used [0x0000000080000000,0x00000000836e0dc8,0x0000000084300000)
 Metaspace       used 64274K, committed 65792K, reserved 1114112K
  class space    used 8012K, committed 8704K, reserved 1048576K
}
Event: 100.696 GC heap after
{Heap after GC invocations=53 (full 3):
 PSYoungGen      total 15872K, used 783K [0x00000000d5580000, 0x00000000d6600000, 0x0000000100000000)
  eden space 14848K, 0% used [0x00000000d5580000,0x00000000d5580000,0x00000000d6400000)
  from space 1024K, 76% used [0x00000000d6500000,0x00000000d65c3f28,0x00000000d6600000)
  to   space 1024K, 0% used [0x00000000d6400000,0x00000000d6400000,0x00000000d6500000)
 ParOldGen       total 68608K, used 56235K [0x0000000080000000, 0x0000000084300000, 0x00000000d5580000)
  object space 68608K, 81% used [0x0000000080000000,0x00000000836eadc8,0x0000000084300000)
 Metaspace       used 64274K, committed 65792K, reserved 1114112K
  class space    used 8012K, committed 8704K, reserved 1048576K
}
Event: 101.856 GC heap before
{Heap before GC invocations=54 (full 3):
 PSYoungGen      total 15872K, used 15631K [0x00000000d5580000, 0x00000000d6600000, 0x0000000100000000)
  eden space 14848K, 100% used [0x00000000d5580000,0x00000000d6400000,0x00000000d6400000)
  from space 1024K, 76% used [0x00000000d6500000,0x00000000d65c3f28,0x00000000d6600000)
  to   space 1024K, 0% used [0x00000000d6400000,0x00000000d6400000,0x00000000d6500000)
 ParOldGen       total 68608K, used 56235K [0x0000000080000000, 0x0000000084300000, 0x00000000d5580000)
  object space 68608K, 81% used [0x0000000080000000,0x00000000836eadc8,0x0000000084300000)
 Metaspace       used 64321K, committed 65856K, reserved 1114112K
  class space    used 8014K, committed 8704K, reserved 1048576K
}
Event: 101.858 GC heap after
{Heap after GC invocations=54 (full 3):
 PSYoungGen      total 15872K, used 191K [0x00000000d5580000, 0x00000000d6580000, 0x0000000100000000)
  eden space 14848K, 0% used [0x00000000d5580000,0x00000000d5580000,0x00000000d6400000)
  from space 1024K, 18% used [0x00000000d6400000,0x00000000d642ff40,0x00000000d6500000)
  to   space 512K, 0% used [0x00000000d6500000,0x00000000d6500000,0x00000000d6580000)
 ParOldGen       total 68608K, used 56350K [0x0000000080000000, 0x0000000084300000, 0x00000000d5580000)
  object space 68608K, 82% used [0x0000000080000000,0x0000000083707ae8,0x0000000084300000)
 Metaspace       used 64321K, committed 65856K, reserved 1114112K
  class space    used 8014K, committed 8704K, reserved 1048576K
}
Event: 102.318 GC heap before
{Heap before GC invocations=55 (full 3):
 PSYoungGen      total 15872K, used 15039K [0x00000000d5580000, 0x00000000d6580000, 0x0000000100000000)
  eden space 14848K, 100% used [0x00000000d5580000,0x00000000d6400000,0x00000000d6400000)
  from space 1024K, 18% used [0x00000000d6400000,0x00000000d642ff40,0x00000000d6500000)
  to   space 512K, 0% used [0x00000000d6500000,0x00000000d6500000,0x00000000d6580000)
 ParOldGen       total 68608K, used 56350K [0x0000000080000000, 0x0000000084300000, 0x00000000d5580000)
  object space 68608K, 82% used [0x0000000080000000,0x0000000083707ae8,0x0000000084300000)
 Metaspace       used 64350K, committed 65856K, reserved 1114112K
  class space    used 8021K, committed 8704K, reserved 1048576K
}
Event: 102.320 GC heap after
{Heap after GC invocations=55 (full 3):
 PSYoungGen      total 15360K, used 497K [0x00000000d5580000, 0x00000000d6600000, 0x0000000100000000)
  eden space 14848K, 0% used [0x00000000d5580000,0x00000000d5580000,0x00000000d6400000)
  from space 512K, 97% used [0x00000000d6500000,0x00000000d657c5d0,0x00000000d6580000)
  to   space 1024K, 0% used [0x00000000d6400000,0x00000000d6400000,0x00000000d6500000)
 ParOldGen       total 68608K, used 56728K [0x0000000080000000, 0x0000000084300000, 0x00000000d5580000)
  object space 68608K, 82% used [0x0000000080000000,0x00000000837663a0,0x0000000084300000)
 Metaspace       used 64350K, committed 65856K, reserved 1114112K
  class space    used 8021K, committed 8704K, reserved 1048576K
}
Event: 103.959 GC heap before
{Heap before GC invocations=56 (full 3):
 PSYoungGen      total 15360K, used 15342K [0x00000000d5580000, 0x00000000d6600000, 0x0000000100000000)
  eden space 14848K, 99% used [0x00000000d5580000,0x00000000d63ff240,0x00000000d6400000)
  from space 512K, 97% used [0x00000000d6500000,0x00000000d657c5d0,0x00000000d6580000)
  to   space 1024K, 0% used [0x00000000d6400000,0x00000000d6400000,0x00000000d6500000)
 ParOldGen       total 68608K, used 56728K [0x0000000080000000, 0x0000000084300000, 0x00000000d5580000)
  object space 68608K, 82% used [0x0000000080000000,0x00000000837663a0,0x0000000084300000)
 Metaspace       used 64459K, committed 65984K, reserved 1114112K
  class space    used 8030K, committed 8704K, reserved 1048576K
}
Event: 103.962 GC heap after
{Heap after GC invocations=56 (full 3):
 PSYoungGen      total 15872K, used 367K [0x00000000d5580000, 0x00000000d6600000, 0x0000000100000000)
  eden space 14848K, 0% used [0x00000000d5580000,0x00000000d5580000,0x00000000d6400000)
  from space 1024K, 35% used [0x00000000d6400000,0x00000000d645bcd8,0x00000000d6500000)
  to   space 1024K, 0% used [0x00000000d6500000,0x00000000d6500000,0x00000000d6600000)
 ParOldGen       total 68608K, used 56766K [0x0000000080000000, 0x0000000084300000, 0x00000000d5580000)
  object space 68608K, 82% used [0x0000000080000000,0x000000008376faa0,0x0000000084300000)
 Metaspace       used 64459K, committed 65984K, reserved 1114112K
  class space    used 8030K, committed 8704K, reserved 1048576K
}
Event: 104.168 GC heap before
{Heap before GC invocations=57 (full 3):
 PSYoungGen      total 15872K, used 15215K [0x00000000d5580000, 0x00000000d6600000, 0x0000000100000000)
  eden space 14848K, 100% used [0x00000000d5580000,0x00000000d6400000,0x00000000d6400000)
  from space 1024K, 35% used [0x00000000d6400000,0x00000000d645bcd8,0x00000000d6500000)
  to   space 1024K, 0% used [0x00000000d6500000,0x00000000d6500000,0x00000000d6600000)
 ParOldGen       total 68608K, used 56766K [0x0000000080000000, 0x0000000084300000, 0x00000000d5580000)
  object space 68608K, 82% used [0x0000000080000000,0x000000008376faa0,0x0000000084300000)
 Metaspace       used 64519K, committed 66048K, reserved 1114112K
  class space    used 8035K, committed 8704K, reserved 1048576K
}
Event: 104.170 GC heap after
{Heap after GC invocations=57 (full 3):
 PSYoungGen      total 15360K, used 391K [0x00000000d5580000, 0x00000000d6580000, 0x0000000100000000)
  eden space 14848K, 0% used [0x00000000d5580000,0x00000000d5580000,0x00000000d6400000)
  from space 512K, 76% used [0x00000000d6500000,0x00000000d6561dd0,0x00000000d6580000)
  to   space 512K, 0% used [0x00000000d6480000,0x00000000d6480000,0x00000000d6500000)
 ParOldGen       total 68608K, used 57051K [0x0000000080000000, 0x0000000084300000, 0x00000000d5580000)
  object space 68608K, 83% used [0x0000000080000000,0x00000000837b6f18,0x0000000084300000)
 Metaspace       used 64519K, committed 66048K, reserved 1114112K
  class space    used 8035K, committed 8704K, reserved 1048576K
}
Event: 112.448 GC heap before
{Heap before GC invocations=58 (full 3):
 PSYoungGen      total 15360K, used 15239K [0x00000000d5580000, 0x00000000d6580000, 0x0000000100000000)
  eden space 14848K, 100% used [0x00000000d5580000,0x00000000d6400000,0x00000000d6400000)
  from space 512K, 76% used [0x00000000d6500000,0x00000000d6561dd0,0x00000000d6580000)
  to   space 512K, 0% used [0x00000000d6480000,0x00000000d6480000,0x00000000d6500000)
 ParOldGen       total 68608K, used 57051K [0x0000000080000000, 0x0000000084300000, 0x00000000d5580000)
  object space 68608K, 83% used [0x0000000080000000,0x00000000837b6f18,0x0000000084300000)
 Metaspace       used 64532K, committed 66048K, reserved 1114112K
  class space    used 8037K, committed 8704K, reserved 1048576K
}
Event: 112.451 GC heap after
{Heap after GC invocations=58 (full 3):
 PSYoungGen      total 15360K, used 507K [0x00000000d5580000, 0x00000000d6700000, 0x0000000100000000)
  eden space 14848K, 0% used [0x00000000d5580000,0x00000000d5580000,0x00000000d6400000)
  from space 512K, 99% used [0x00000000d6480000,0x00000000d64fee30,0x00000000d6500000)
  to   space 1536K, 0% used [0x00000000d6580000,0x00000000d6580000,0x00000000d6700000)
 ParOldGen       total 68608K, used 57591K [0x0000000080000000, 0x0000000084300000, 0x00000000d5580000)
  object space 68608K, 83% used [0x0000000080000000,0x000000008383dff8,0x0000000084300000)
 Metaspace       used 64532K, committed 66048K, reserved 1114112K
  class space    used 8037K, committed 8704K, reserved 1048576K
}
Event: 113.620 GC heap before
{Heap before GC invocations=59 (full 3):
 PSYoungGen      total 15360K, used 15355K [0x00000000d5580000, 0x00000000d6700000, 0x0000000100000000)
  eden space 14848K, 100% used [0x00000000d5580000,0x00000000d6400000,0x00000000d6400000)
  from space 512K, 99% used [0x00000000d6480000,0x00000000d64fee30,0x00000000d6500000)
  to   space 1536K, 0% used [0x00000000d6580000,0x00000000d6580000,0x00000000d6700000)
 ParOldGen       total 68608K, used 57591K [0x0000000080000000, 0x0000000084300000, 0x00000000d5580000)
  object space 68608K, 83% used [0x0000000080000000,0x000000008383dff8,0x0000000084300000)
 Metaspace       used 64583K, committed 66176K, reserved 1114112K
  class space    used 8043K, committed 8768K, reserved 1048576K
}
Event: 113.622 GC heap after
{Heap after GC invocations=59 (full 3):
 PSYoungGen      total 15360K, used 439K [0x00000000d5580000, 0x00000000d6600000, 0x0000000100000000)
  eden space 14848K, 0% used [0x00000000d5580000,0x00000000d5580000,0x00000000d6400000)
  from space 512K, 85% used [0x00000000d6580000,0x00000000d65edf08,0x00000000d6600000)
  to   space 1024K, 0% used [0x00000000d6400000,0x00000000d6400000,0x00000000d6500000)
 ParOldGen       total 68608K, used 57758K [0x0000000080000000, 0x0000000084300000, 0x00000000d5580000)
  object space 68608K, 84% used [0x0000000080000000,0x0000000083867a90,0x0000000084300000)
 Metaspace       used 64583K, committed 66176K, reserved 1114112K
  class space    used 8043K, committed 8768K, reserved 1048576K
}

Dll operation events (20 events):
Event: 0.946 Attempting to load shared library C:\Users\welcome\.vscode\extensions\redhat.java-1.56.0-win32-x64\jre\21.0.12.1-win32-x86_64\bin\nio.dll
Event: 0.947 Loaded shared library C:\Users\welcome\.vscode\extensions\redhat.java-1.56.0-win32-x64\jre\21.0.12.1-win32-x86_64\bin\nio.dll
Event: 0.952 Attempting to load shared library C:\Users\welcome\.vscode\extensions\redhat.java-1.56.0-win32-x64\jre\21.0.12.1-win32-x86_64\bin\zip.dll
Event: 0.952 Loaded shared library C:\Users\welcome\.vscode\extensions\redhat.java-1.56.0-win32-x64\jre\21.0.12.1-win32-x86_64\bin\zip.dll
Event: 1.053 Attempting to load shared library C:\Users\welcome\.vscode\extensions\redhat.java-1.56.0-win32-x64\jre\21.0.12.1-win32-x86_64\bin\jimage.dll
Event: 1.053 Loaded shared library C:\Users\welcome\.vscode\extensions\redhat.java-1.56.0-win32-x64\jre\21.0.12.1-win32-x86_64\bin\jimage.dll
Event: 1.683 Attempting to load shared library c:\Users\welcome\.vscode\extensions\redhat.java-1.56.0-win32-x64\jre\21.0.12.1-win32-x86_64\bin\verify.dll
Event: 1.684 Loaded shared library c:\Users\welcome\.vscode\extensions\redhat.java-1.56.0-win32-x64\jre\21.0.12.1-win32-x86_64\bin\verify.dll
Event: 11.775 Attempting to load shared library C:\Users\welcome\AppData\Roaming\Code\User\globalStorage\redhat.java\1.56.0\config_win\org.eclipse.equinox.launcher\org.eclipse.equinox.launcher.win32.win32.x86_64_1.3.100.v20260804-1928\eclipse_11924.dll
Event: 11.787 Loaded shared library C:\Users\welcome\AppData\Roaming\Code\User\globalStorage\redhat.java\1.56.0\config_win\org.eclipse.equinox.launcher\org.eclipse.equinox.launcher.win32.win32.x86_64_1.3.100.v20260804-1928\eclipse_11924.dll
Event: 27.973 Attempting to load shared library C:\Users\welcome\AppData\Local\Temp\jna-1233099618\jna14602166083676496810.dll
Event: 29.706 Loaded shared library C:\Users\welcome\AppData\Local\Temp\jna-1233099618\jna14602166083676496810.dll
Event: 49.820 Attempting to load shared library C:\Users\welcome\.gradle\native\c067742578af261105cb4f569cf0c3c89f3d7b1fecec35dd04571415982c5e48\windows-amd64\native-platform.dll
Event: 49.823 Loaded shared library C:\Users\welcome\.gradle\native\c067742578af261105cb4f569cf0c3c89f3d7b1fecec35dd04571415982c5e48\windows-amd64\native-platform.dll
Event: 58.751 Attempting to load shared library C:\Users\welcome\.vscode\extensions\redhat.java-1.56.0-win32-x64\jre\21.0.12.1-win32-x86_64\bin\management.dll
Event: 58.753 Loaded shared library C:\Users\welcome\.vscode\extensions\redhat.java-1.56.0-win32-x64\jre\21.0.12.1-win32-x86_64\bin\management.dll
Event: 58.759 Attempting to load shared library C:\Users\welcome\.vscode\extensions\redhat.java-1.56.0-win32-x64\jre\21.0.12.1-win32-x86_64\bin\management_ext.dll
Event: 58.763 Loaded shared library C:\Users\welcome\.vscode\extensions\redhat.java-1.56.0-win32-x64\jre\21.0.12.1-win32-x86_64\bin\management_ext.dll
Event: 121.556 Attempting to load shared library C:\Users\welcome\.vscode\extensions\redhat.java-1.56.0-win32-x64\jre\21.0.12.1-win32-x86_64\bin\extnet.dll
Event: 121.614 Loaded shared library C:\Users\welcome\.vscode\extensions\redhat.java-1.56.0-win32-x64\jre\21.0.12.1-win32-x86_64\bin\extnet.dll

Deoptimization events (20 events):
Event: 127.243 Thread 0x000001cd7f4e2e00 DEOPT PACKING pc=0x000001cd6f54b89c sp=0x00000051948fe810
Event: 127.244 Thread 0x000001cd7f4e2e00 DEOPT UNPACKING pc=0x000001cd75d14242 sp=0x00000051948fdc78 mode 0
Event: 127.266 Thread 0x000001cd7f4e2e00 DEOPT PACKING pc=0x000001cd6f4aa7e8 sp=0x00000051948fe850
Event: 127.266 Thread 0x000001cd7f4e2e00 DEOPT UNPACKING pc=0x000001cd75d14242 sp=0x00000051948fdd60 mode 0
Event: 127.929 Thread 0x000001cd4c78e6f0 DEOPT PACKING pc=0x000001cd6eff852e sp=0x0000005195afda90
Event: 127.929 Thread 0x000001cd4c78e6f0 DEOPT UNPACKING pc=0x000001cd75d14242 sp=0x0000005195afcfe8 mode 0
Event: 127.929 Thread 0x000001cd4c78e6f0 DEOPT PACKING pc=0x000001cd6eff852e sp=0x0000005195afda90
Event: 127.929 Thread 0x000001cd4c78e6f0 DEOPT UNPACKING pc=0x000001cd75d14242 sp=0x0000005195afcfe8 mode 0
Event: 128.032 Thread 0x000001cd4c78e6f0 Uncommon trap: trap_request=0xffffffc6 fr.pc=0x000001cd765ad944 relative=0x0000000000000324
Event: 128.032 Thread 0x000001cd4c78e6f0 Uncommon trap: reason=bimorphic_or_optimized_type_check action=maybe_recompile pc=0x000001cd765ad944 method=java.util.Collections$SetFromMap.add(Ljava/lang/Object;)Z @ 8 c2
Event: 128.032 Thread 0x000001cd4c78e6f0 DEOPT PACKING pc=0x000001cd765ad944 sp=0x0000005195afe100
Event: 128.032 Thread 0x000001cd4c78e6f0 DEOPT UNPACKING pc=0x000001cd75d13aa2 sp=0x0000005195afe0d0 mode 2
Event: 128.048 Thread 0x000001cd4c78e6f0 Uncommon trap: trap_request=0xffffff45 fr.pc=0x000001cd7656dfa0 relative=0x0000000000000160
Event: 128.048 Thread 0x000001cd4c78e6f0 Uncommon trap: reason=unstable_if action=reinterpret pc=0x000001cd7656dfa0 method=org.gradle.internal.classpath.DefaultClassPath$ImmutableUniqueList$Builder.add(Ljava/lang/Object;)V @ 8 c2
Event: 128.048 Thread 0x000001cd4c78e6f0 DEOPT PACKING pc=0x000001cd7656dfa0 sp=0x0000005195afdf30
Event: 128.048 Thread 0x000001cd4c78e6f0 DEOPT UNPACKING pc=0x000001cd75d13aa2 sp=0x0000005195afded0 mode 2
Event: 128.357 Thread 0x000001cd4c78e6f0 Uncommon trap: trap_request=0xffffff45 fr.pc=0x000001cd765c36a8 relative=0x0000000000000108
Event: 128.357 Thread 0x000001cd4c78e6f0 Uncommon trap: reason=unstable_if action=reinterpret pc=0x000001cd765c36a8 method=java.lang.ThreadLocal$ThreadLocalMap.getEntryAfterMiss(Ljava/lang/ThreadLocal;ILjava/lang/ThreadLocal$ThreadLocalMap$Entry;)Ljava/lang/ThreadLocal$ThreadLocalMap$Entry; @ 30
Event: 128.357 Thread 0x000001cd4c78e6f0 DEOPT PACKING pc=0x000001cd765c36a8 sp=0x0000005195afd700
Event: 128.357 Thread 0x000001cd4c78e6f0 DEOPT UNPACKING pc=0x000001cd75d13aa2 sp=0x0000005195afd680 mode 2

Classes loaded (20 events):
Event: 121.672 Loading class sun/nio/ch/DatagramSocketAdaptor$DatagramSockets
Event: 121.673 Loading class sun/nio/ch/DatagramSocketAdaptor$DatagramSockets done
Event: 121.680 Loading class java/net/StandardSocketOptions
Event: 121.680 Loading class java/net/StandardSocketOptions done
Event: 121.680 Loading class java/net/StandardSocketOptions$StdSocketOption
Event: 121.681 Loading class java/net/StandardSocketOptions$StdSocketOption done
Event: 121.681 Loading class sun/nio/ch/DatagramChannelImpl$DefaultOptionsHolder
Event: 121.681 Loading class sun/nio/ch/DatagramChannelImpl$DefaultOptionsHolder done
Event: 121.681 Loading class sun/nio/ch/SocketOptionRegistry
Event: 121.682 Loading class sun/nio/ch/SocketOptionRegistry done
Event: 121.682 Loading class sun/nio/ch/SocketOptionRegistry$RegistryKey
Event: 121.682 Loading class sun/nio/ch/SocketOptionRegistry$RegistryKey done
Event: 121.682 Loading class sun/nio/ch/SocketOptionRegistry$LazyInitialization
Event: 121.683 Loading class sun/nio/ch/SocketOptionRegistry$LazyInitialization done
Event: 121.683 Loading class sun/nio/ch/OptionKey
Event: 121.683 Loading class sun/nio/ch/OptionKey done
Event: 121.683 Loading class sun/nio/ch/ExtendedSocketOption
Event: 121.683 Loading class sun/nio/ch/ExtendedSocketOption done
Event: 121.684 Loading class sun/nio/ch/ExtendedSocketOption$1
Event: 121.684 Loading class sun/nio/ch/ExtendedSocketOption$1 done

Classes unloaded (9 events):
Event: 35.783 Thread 0x000001cd7df5e040 Unloading class 0x000001cd051aa800 'java/lang/invoke/LambdaForm$MH+0x000001cd051aa800'
Event: 35.783 Thread 0x000001cd7df5e040 Unloading class 0x000001cd051aa400 'java/lang/invoke/LambdaForm$MH+0x000001cd051aa400'
Event: 35.783 Thread 0x000001cd7df5e040 Unloading class 0x000001cd051aa000 'java/lang/invoke/LambdaForm$MH+0x000001cd051aa000'
Event: 35.783 Thread 0x000001cd7df5e040 Unloading class 0x000001cd051a9c00 'java/lang/invoke/LambdaForm$MH+0x000001cd051a9c00'
Event: 35.783 Thread 0x000001cd7df5e040 Unloading class 0x000001cd051a9800 'java/lang/invoke/LambdaForm$BMH+0x000001cd051a9800'
Event: 35.783 Thread 0x000001cd7df5e040 Unloading class 0x000001cd051a9400 'java/lang/invoke/LambdaForm$DMH+0x000001cd051a9400'
Event: 35.783 Thread 0x000001cd7df5e040 Unloading class 0x000001cd051a8000 'java/lang/invoke/LambdaForm$DMH+0x000001cd051a8000'
Event: 44.379 Thread 0x000001cd7df5e040 Unloading class 0x000001cd052c2800 'java/lang/invoke/LambdaForm$MH+0x000001cd052c2800'
Event: 44.379 Thread 0x000001cd7df5e040 Unloading class 0x000001cd052c2000 'java/lang/invoke/LambdaForm$MH+0x000001cd052c2000'

Classes redefined (0 events):
No events

Internal exceptions (20 events):
Event: 58.566 Thread 0x000001cd4a452d90 Exception <a 'java/lang/NoClassDefFoundError'{0x00000000d5f0e610}: org/slf4j/impl/StaticMarkerBinder> (0x00000000d5f0e610) 
thrown [s\src\hotspot\share\classfile\systemDictionary.cpp, line 302]
Event: 59.057 Thread 0x000001cd4a452d90 Exception <a 'java/lang/NoSuchMethodError'{0x00000000d5702ab0}: 'java.lang.Object java.lang.invoke.DirectMethodHandle$Holder.invokeVirtual(java.lang.Object, java.lang.Object, java.lang.Object, java.lang.Object, java.lang.Object, java.lang.Object, java.lang.Object, java.lang.Object)'> (0x00000000d5702ab0) 
thrown [s\src\hotspot\share\interpreter\linkResolver.cpp, line 773]
Event: 62.701 Thread 0x000001cd4a452d90 Exception <a 'java/lang/NoSuchMethodError'{0x00000000d5c44f80}: 'java.lang.Object java.lang.invoke.DirectMethodHandle$Holder.invokeVirtual(java.lang.Object, java.lang.Object, java.lang.Object, java.lang.Object, java.lang.Object, java.lang.Object, java.lang.Object, java.lang.Object, java.lang.Object, java.lang.Object, java.lang.Object)'> (0x00000000d5c44f80) 
thrown [s\src\hotspot\share\interpreter\linkResolver.cpp, line 773]
Event: 62.720 Thread 0x000001cd4a452d90 Exception <a 'java/lang/NoSuchMethodError'{0x00000000d5dc4920}: 'java.lang.Object java.lang.invoke.DirectMethodHandle$Holder.invokeStatic(java.lang.Object, java.lang.Object, java.lang.Object, java.lang.Object, java.lang.Object, java.lang.Object, java.lang.Object, java.lang.Object, java.lang.Object, java.lang.Object, java.lang.Object, java.lang.Object, java.lang.Object)'> (0x00000000d5dc4920) 
thrown [s\src\hotspot\share\interpreter\linkResolver.cpp, line 773]
Event: 63.041 Thread 0x000001cd4a454e60 Implicit null exception at 0x000001cd7652ff20 to 0x000001cd76530374
Event: 64.349 Thread 0x000001cd4a4547d0 Exception <a 'java/lang/NoSuchMethodError'{0x00000000d5ea91a0}: 'void java.lang.invoke.DirectMethodHandle$Holder.invokeStatic(java.lang.Object, long)'> (0x00000000d5ea91a0) 
thrown [s\src\hotspot\share\interpreter\linkResolver.cpp, line 773]
Event: 69.598 Thread 0x000001cd4a4547d0 Exception <a 'java/lang/NoSuchMethodError'{0x00000000d5ece218}: 'void java.lang.invoke.DirectMethodHandle$Holder.invokeSpecial(java.lang.Object, java.lang.Object, int)'> (0x00000000d5ece218) 
thrown [s\src\hotspot\share\interpreter\linkResolver.cpp, line 773]
Event: 69.607 Thread 0x000001cd4a4547d0 Exception <a 'java/lang/NoSuchMethodError'{0x00000000d5f0a9a8}: 'java.lang.Object java.lang.invoke.DirectMethodHandle$Holder.newInvokeSpecial(java.lang.Object, java.lang.Object, int)'> (0x00000000d5f0a9a8) 
thrown [s\src\hotspot\share\interpreter\linkResolver.cpp, line 773]
Event: 69.802 Thread 0x000001cd7f4e1a50 Exception <a 'sun/nio/fs/WindowsException'{0x00000000d5aeea10}> (0x00000000d5aeea10) 
thrown [s\src\hotspot\share\prims\jni.cpp, line 520]
Event: 75.857 Thread 0x000001cd7f4e3490 Exception <a 'sun/nio/fs/WindowsException'{0x00000000d619b470}> (0x00000000d619b470) 
thrown [s\src\hotspot\share\prims\jni.cpp, line 520]
Event: 75.858 Thread 0x000001cd7f4e3490 Exception <a 'sun/nio/fs/WindowsException'{0x00000000d61ac9b8}> (0x00000000d61ac9b8) 
thrown [s\src\hotspot\share\prims\jni.cpp, line 520]
Event: 75.882 Thread 0x000001cd7f4e2e00 Exception <a 'java/lang/NoSuchMethodError'{0x00000000d61fc778}: 'java.lang.Object java.lang.invoke.DelegatingMethodHandle$Holder.reinvoke_L(java.lang.Object, int, long, java.lang.Object, java.lang.Object, int, java.lang.Object)'> (0x00000000d61fc778) 
thrown [s\src\hotspot\share\interpreter\linkResolver.cpp, line 773]
Event: 84.939 Thread 0x000001cd7f4e3490 Exception <a 'java/lang/NoSuchMethodError'{0x00000000d5a27aa8}: 'java.lang.Object java.lang.invoke.Invokers$Holder.invoke_MT(java.lang.Object, java.lang.Object, java.lang.Object, java.lang.Object, java.lang.Object, java.lang.Object, java.lang.Object, java.lang.Object, java.lang.Object, java.lang.Object)'> (0x00000000d5a27aa8) 
thrown [s\src\hotspot\share\interpreter\linkResolver.cpp, line 773]
Event: 93.133 Thread 0x000001cd7f4e3490 Exception <a 'sun/nio/fs/WindowsException'{0x00000000d5ba1578}> (0x00000000d5ba1578) 
thrown [s\src\hotspot\share\prims\jni.cpp, line 520]
Event: 93.133 Thread 0x000001cd7f4e3490 Exception <a 'sun/nio/fs/WindowsException'{0x00000000d5ba1f68}> (0x00000000d5ba1f68) 
thrown [s\src\hotspot\share\prims\jni.cpp, line 520]
Event: 93.740 Thread 0x000001cd7f4e3490 Exception <a 'java/io/FileNotFoundException'{0x00000000d617b020}> (0x00000000d617b020) 
thrown [s\src\hotspot\share\prims\jni.cpp, line 520]
Event: 93.744 Thread 0x000001cd7f4e3490 Exception <a 'java/io/FileNotFoundException'{0x00000000d617c038}> (0x00000000d617c038) 
thrown [s\src\hotspot\share\prims\jni.cpp, line 520]
Event: 93.746 Thread 0x000001cd7f4e3490 Exception <a 'java/io/FileNotFoundException'{0x00000000d617cda0}> (0x00000000d617cda0) 
thrown [s\src\hotspot\share\prims\jni.cpp, line 520]
Event: 113.836 Thread 0x000001cd4c78e6f0 Exception <a 'java/lang/NoSuchMethodError'{0x00000000d5792f68}: 'long java.lang.invoke.DirectMethodHandle$Holder.invokeVirtual(java.lang.Object, java.lang.Object)'> (0x00000000d5792f68) 
thrown [s\src\hotspot\share\interpreter\linkResolver.cpp, line 773]
Event: 113.838 Thread 0x000001cd4c78e6f0 Exception <a 'java/lang/NoSuchMethodError'{0x00000000d5796368}: 'long java.lang.invoke.DelegatingMethodHandle$Holder.reinvoke_L(java.lang.Object, java.lang.Object)'> (0x00000000d5796368) 
thrown [s\src\hotspot\share\interpreter\linkResolver.cpp, line 773]

ZGC Phase Switch (0 events):
No events

VM Operations (20 events):
Event: 100.696 Executing safepoint VM operation: ParallelGCFailedAllocation (Allocation Failure) done
Event: 101.246 Executing safepoint VM operation: ParallelGCFailedAllocation (Allocation Failure)
Event: 101.858 Executing safepoint VM operation: ParallelGCFailedAllocation (Allocation Failure) done
Event: 102.318 Executing safepoint VM operation: ParallelGCFailedAllocation (Allocation Failure)
Event: 102.320 Executing safepoint VM operation: ParallelGCFailedAllocation (Allocation Failure) done
Event: 103.263 Executing safepoint VM operation: ParallelGCFailedAllocation (Allocation Failure)
Event: 103.962 Executing safepoint VM operation: ParallelGCFailedAllocation (Allocation Failure) done
Event: 104.079 Executing safepoint VM operation: ParallelGCFailedAllocation (Allocation Failure)
Event: 104.170 Executing safepoint VM operation: ParallelGCFailedAllocation (Allocation Failure) done
Event: 105.717 Executing safepoint VM operation: ParallelGCFailedAllocation (Allocation Failure)
Event: 112.452 Executing safepoint VM operation: ParallelGCFailedAllocation (Allocation Failure) done
Event: 113.455 Executing safepoint VM operation: Cleanup
Event: 113.619 Executing safepoint VM operation: Cleanup done
Event: 113.620 Executing safepoint VM operation: ParallelGCFailedAllocation (Allocation Failure)
Event: 113.622 Executing safepoint VM operation: ParallelGCFailedAllocation (Allocation Failure) done
Event: 114.622 Executing safepoint VM operation: Cleanup
Event: 121.301 Executing safepoint VM operation: Cleanup done
Event: 122.305 Executing safepoint VM operation: Cleanup
Event: 127.271 Executing safepoint VM operation: Cleanup done
Event: 127.338 Executing non-safepoint VM operation: HandshakeAllThreads (HandshakeForDeflation)

Memory protections (0 events):
No events

Nmethod flushes (20 events):
Event: 76.630 Thread 0x000001cd7df5e040 flushing  nmethod 0x000001cd6f0bd990
Event: 76.630 Thread 0x000001cd7df5e040 flushing  nmethod 0x000001cd6f0c0890
Event: 76.630 Thread 0x000001cd7df5e040 flushing  nmethod 0x000001cd6f0c1510
Event: 76.630 Thread 0x000001cd7df5e040 flushing  nmethod 0x000001cd6f0e6190
Event: 76.630 Thread 0x000001cd7df5e040 flushing  nmethod 0x000001cd6f0e6b10
Event: 76.630 Thread 0x000001cd7df5e040 flushing  nmethod 0x000001cd6f0e6e90
Event: 76.630 Thread 0x000001cd7df5e040 flushing  nmethod 0x000001cd6f0e7210
Event: 76.630 Thread 0x000001cd7df5e040 flushing  nmethod 0x000001cd6f0edf10
Event: 76.630 Thread 0x000001cd7df5e040 flushing  nmethod 0x000001cd6f0f4210
Event: 76.630 Thread 0x000001cd7df5e040 flushing  nmethod 0x000001cd6f10dc90
Event: 76.630 Thread 0x000001cd7df5e040 flushing  nmethod 0x000001cd6f111190
Event: 76.630 Thread 0x000001cd7df5e040 flushing  nmethod 0x000001cd6f12cc10
Event: 76.630 Thread 0x000001cd7df5e040 flushing  nmethod 0x000001cd6f142f90
Event: 76.630 Thread 0x000001cd7df5e040 flushing  nmethod 0x000001cd6f171710
Event: 76.630 Thread 0x000001cd7df5e040 flushing  nmethod 0x000001cd6f172f90
Event: 76.630 Thread 0x000001cd7df5e040 flushing  nmethod 0x000001cd6f173690
Event: 76.630 Thread 0x000001cd7df5e040 flushing  nmethod 0x000001cd6f173c90
Event: 76.630 Thread 0x000001cd7df5e040 flushing  nmethod 0x000001cd6f174510
Event: 76.630 Thread 0x000001cd7df5e040 flushing  nmethod 0x000001cd6f174890
Event: 76.630 Thread 0x000001cd7df5e040 flushing  nmethod 0x000001cd6f176910

Events (20 events):
Event: 46.886 Thread 0x000001cd692a18e0 Thread added: 0x000001cd4a452070
Event: 51.273 Thread 0x000001cd7f4e1a50 Thread added: 0x000001cd4a44f910
Event: 52.014 Thread 0x000001cd7f4e1a50 Thread added: 0x000001cd4a44ded0
Event: 52.015 Thread 0x000001cd7f4e1a50 Thread added: 0x000001cd4a454e60
Event: 64.235 Thread 0x000001cd4a454e60 Thread added: 0x000001cd4a4547d0
Event: 64.452 Thread 0x000001cd4a4547d0 Thread added: 0x000001cd4a4554f0
Event: 64.453 Thread 0x000001cd4a4547d0 Thread added: 0x000001cd4a44e560
Event: 69.770 Thread 0x000001cd4a454e60 Thread exited: 0x000001cd4a454e60
Event: 69.771 Thread 0x000001cd4a452d90 Thread exited: 0x000001cd4a452d90
Event: 69.850 Thread 0x000001cd7f4e1a50 Thread added: 0x000001cd4a450cc0
Event: 69.880 Thread 0x000001cd7f4e1a50 Thread added: 0x000001cd4a44ebf0
Event: 69.887 Thread 0x000001cd4a454140 Thread added: 0x000001cd4a451350
Event: 70.105 Thread 0x000001cd4a44ebf0 Thread exited: 0x000001cd4a44ebf0
Event: 70.106 Thread 0x000001cd7f4e1a50 Thread added: 0x000001cd4a44ffa0
Event: 70.477 Thread 0x000001cd7f4e1a50 Thread added: 0x000001cd4a44ebf0
Event: 70.479 Thread 0x000001cd7f4e1a50 Thread added: 0x000001cd4a44f280
Event: 70.547 Thread 0x000001cd4a44f280 Thread exited: 0x000001cd4a44f280
Event: 70.549 Thread 0x000001cd7f4e1a50 Thread added: 0x000001cd4a44f280
Event: 70.553 Thread 0x000001cd7f4e1a50 Thread added: 0x000001cd4c78e6f0
Event: 113.890 Thread 0x000001cd4c78e6f0 Thread added: 0x000001cd4c78ed80


Dynamic libraries:
0x00007ff784f00000 - 0x00007ff784f0e000 	c:\Users\welcome\.vscode\extensions\redhat.java-1.56.0-win32-x64\jre\21.0.12.1-win32-x86_64\bin\java.exe
0x00007fffc4bd0000 - 0x00007fffc4dc9000 	C:\Windows\SYSTEM32\ntdll.dll
0x00007fffc3a60000 - 0x00007fffc3b22000 	C:\Windows\System32\KERNEL32.DLL
0x00007fffc25d0000 - 0x00007fffc28c7000 	C:\Windows\System32\KERNELBASE.dll
0x00007fffc2a30000 - 0x00007fffc2b30000 	C:\Windows\System32\ucrtbase.dll
0x00007fffbedd0000 - 0x00007fffbede8000 	c:\Users\welcome\.vscode\extensions\redhat.java-1.56.0-win32-x64\jre\21.0.12.1-win32-x86_64\bin\jli.dll
0x00007fffc3560000 - 0x00007fffc36fd000 	C:\Windows\System32\USER32.dll
0x00007fffc2b80000 - 0x00007fffc2ba2000 	C:\Windows\System32\win32u.dll
0x00007fffc3b90000 - 0x00007fffc3bbb000 	C:\Windows\System32\GDI32.dll
0x00007fffc22c0000 - 0x00007fffc23da000 	C:\Windows\System32\gdi32full.dll
0x00007fffc2220000 - 0x00007fffc22bd000 	C:\Windows\System32\msvcp_win.dll
0x00007fffbedb0000 - 0x00007fffbedce000 	c:\Users\welcome\.vscode\extensions\redhat.java-1.56.0-win32-x64\jre\21.0.12.1-win32-x86_64\bin\VCRUNTIME140.dll
0x00007fffaf7a0000 - 0x00007fffafa3b000 	C:\Windows\WinSxS\amd64_microsoft.windows.common-controls_6595b64144ccf1df_6.0.19041.7663_none_60b9ed0b71f50c93\COMCTL32.dll
0x00007fffc3940000 - 0x00007fffc39de000 	C:\Windows\System32\msvcrt.dll
0x00007fffc3910000 - 0x00007fffc393f000 	C:\Windows\System32\IMM32.DLL
0x00007fffbe7d0000 - 0x00007fffbe7dc000 	c:\Users\welcome\.vscode\extensions\redhat.java-1.56.0-win32-x64\jre\21.0.12.1-win32-x86_64\bin\vcruntime140_1.dll
0x00007fffab420000 - 0x00007fffab4ad000 	c:\Users\welcome\.vscode\extensions\redhat.java-1.56.0-win32-x64\jre\21.0.12.1-win32-x86_64\bin\msvcp140.dll
0x00007fff860a0000 - 0x00007fff86e42000 	c:\Users\welcome\.vscode\extensions\redhat.java-1.56.0-win32-x64\jre\21.0.12.1-win32-x86_64\bin\server\jvm.dll
0x00007fffc4ad0000 - 0x00007fffc4b82000 	C:\Windows\System32\ADVAPI32.dll
0x00007fffc3400000 - 0x00007fffc34a0000 	C:\Windows\System32\sechost.dll
0x00007fffc37e0000 - 0x00007fffc3906000 	C:\Windows\System32\RPCRT4.dll
0x00007fffc2460000 - 0x00007fffc2487000 	C:\Windows\System32\bcrypt.dll
0x00007fffc39e0000 - 0x00007fffc3a53000 	C:\Windows\System32\WS2_32.dll
0x00007fffc2070000 - 0x00007fffc20bb000 	C:\Windows\SYSTEM32\POWRPROF.dll
0x00007fffad060000 - 0x00007fffad087000 	C:\Windows\SYSTEM32\WINMM.dll
0x00007fffbb7b0000 - 0x00007fffbb7ba000 	C:\Windows\SYSTEM32\VERSION.dll
0x00007fffc2050000 - 0x00007fffc2062000 	C:\Windows\SYSTEM32\UMPDC.dll
0x00007fffc0030000 - 0x00007fffc0042000 	C:\Windows\SYSTEM32\kernel.appcore.dll
0x00007fffbe7c0000 - 0x00007fffbe7ca000 	c:\Users\welcome\.vscode\extensions\redhat.java-1.56.0-win32-x64\jre\21.0.12.1-win32-x86_64\bin\jimage.dll
0x00007fffac260000 - 0x00007fffac46b000 	C:\Windows\SYSTEM32\DBGHELP.DLL
0x00007fffaae90000 - 0x00007fffaaec5000 	C:\Windows\SYSTEM32\dbgcore.DLL
0x00007fffc2540000 - 0x00007fffc25c2000 	C:\Windows\System32\bcryptPrimitives.dll
0x00007fffbc6c0000 - 0x00007fffbc6cf000 	c:\Users\welcome\.vscode\extensions\redhat.java-1.56.0-win32-x64\jre\21.0.12.1-win32-x86_64\bin\instrument.dll
0x00007fffbd060000 - 0x00007fffbd080000 	c:\Users\welcome\.vscode\extensions\redhat.java-1.56.0-win32-x64\jre\21.0.12.1-win32-x86_64\bin\java.dll
0x00007fffc2c80000 - 0x00007fffc33f1000 	C:\Windows\System32\SHELL32.dll
0x00007fffc0240000 - 0x00007fffc09ec000 	C:\Windows\SYSTEM32\windows.storage.dll
0x00007fffc4040000 - 0x00007fffc4394000 	C:\Windows\System32\combase.dll
0x00007fffc1b70000 - 0x00007fffc1b9b000 	C:\Windows\SYSTEM32\Wldp.dll
0x00007fffc34a0000 - 0x00007fffc354d000 	C:\Windows\System32\SHCORE.dll
0x00007fffc2c10000 - 0x00007fffc2c6b000 	C:\Windows\System32\shlwapi.dll
0x00007fffc2150000 - 0x00007fffc2175000 	C:\Windows\SYSTEM32\profapi.dll
0x00007fffbd040000 - 0x00007fffbd058000 	c:\Users\welcome\.vscode\extensions\redhat.java-1.56.0-win32-x64\jre\21.0.12.1-win32-x86_64\bin\zip.dll
0x00007fffbcc60000 - 0x00007fffbcc70000 	C:\Users\welcome\.vscode\extensions\redhat.java-1.56.0-win32-x64\jre\21.0.12.1-win32-x86_64\bin\net.dll
0x00007fffb8a20000 - 0x00007fffb8b2d000 	C:\Windows\SYSTEM32\WINHTTP.dll
0x00007fffc1880000 - 0x00007fffc18ea000 	C:\Windows\system32\mswsock.dll
0x00007fffbcc40000 - 0x00007fffbcc56000 	C:\Users\welcome\.vscode\extensions\redhat.java-1.56.0-win32-x64\jre\21.0.12.1-win32-x86_64\bin\nio.dll
0x00007fffbc6b0000 - 0x00007fffbc6c0000 	c:\Users\welcome\.vscode\extensions\redhat.java-1.56.0-win32-x64\jre\21.0.12.1-win32-x86_64\bin\verify.dll
0x00007fff9b3b0000 - 0x00007fff9b3f5000 	C:\Users\welcome\AppData\Roaming\Code\User\globalStorage\redhat.java\1.56.0\config_win\org.eclipse.equinox.launcher\org.eclipse.equinox.launcher.win32.win32.x86_64_1.3.100.v20260804-1928\eclipse_11924.dll
0x00007fffc4770000 - 0x00007fffc489c000 	C:\Windows\System32\ole32.dll
0x00007fffc1ad0000 - 0x00007fffc1ae8000 	C:\Windows\SYSTEM32\CRYPTSP.dll
0x00007fffc1180000 - 0x00007fffc11b8000 	C:\Windows\system32\rsaenh.dll
0x00007fffc20c0000 - 0x00007fffc20ee000 	C:\Windows\SYSTEM32\USERENV.dll
0x00007fffc1ac0000 - 0x00007fffc1acc000 	C:\Windows\SYSTEM32\CRYPTBASE.dll
0x00007fffc1550000 - 0x00007fffc158b000 	C:\Windows\SYSTEM32\IPHLPAPI.DLL
0x00007fffc2c70000 - 0x00007fffc2c78000 	C:\Windows\System32\NSI.dll
0x00007fff8d000000 - 0x00007fff8d049000 	C:\Users\welcome\AppData\Local\Temp\jna-1233099618\jna14602166083676496810.dll
0x00007fffc44c0000 - 0x00007fffc44c8000 	C:\Windows\System32\PSAPI.DLL
0x00007fffb9550000 - 0x00007fffb9567000 	C:\Windows\SYSTEM32\dhcpcsvc6.DLL
0x00007fffb9530000 - 0x00007fffb954d000 	C:\Windows\SYSTEM32\dhcpcsvc.DLL
0x00007fff9dce0000 - 0x00007fff9dd07000 	C:\Users\welcome\.gradle\native\c067742578af261105cb4f569cf0c3c89f3d7b1fecec35dd04571415982c5e48\windows-amd64\native-platform.dll
0x00007fffb8c80000 - 0x00007fffb8c8a000 	C:\Users\welcome\.vscode\extensions\redhat.java-1.56.0-win32-x64\jre\21.0.12.1-win32-x86_64\bin\management.dll
0x00007fffb8b30000 - 0x00007fffb8b3c000 	C:\Users\welcome\.vscode\extensions\redhat.java-1.56.0-win32-x64\jre\21.0.12.1-win32-x86_64\bin\management_ext.dll
0x00007fffbf740000 - 0x00007fffbf749000 	C:\Users\welcome\.vscode\extensions\redhat.java-1.56.0-win32-x64\jre\21.0.12.1-win32-x86_64\bin\extnet.dll

JVMTI agents:
c:\Users\welcome\.vscode\extensions\redhat.java-1.56.0-win32-x64\lombok\lombok-1.18.39-4050.jar path:c:\Users\welcome\.vscode\extensions\redhat.java-1.56.0-win32-x64\jre\21.0.12.1-win32-x86_64\bin\instrument.dll, loaded, initialized, instrumentlib options:none

dbghelp: loaded successfully - version: 4.0.5 - missing functions: none
symbol engine: initialized successfully - sym options: 0x614 - pdb path: .;c:\Users\welcome\.vscode\extensions\redhat.java-1.56.0-win32-x64\jre\21.0.12.1-win32-x86_64\bin;C:\Windows\SYSTEM32;C:\Windows\WinSxS\amd64_microsoft.windows.common-controls_6595b64144ccf1df_6.0.19041.7663_none_60b9ed0b71f50c93;c:\Users\welcome\.vscode\extensions\redhat.java-1.56.0-win32-x64\jre\21.0.12.1-win32-x86_64\bin\server;C:\Users\welcome\AppData\Roaming\Code\User\globalStorage\redhat.java\1.56.0\config_win\org.eclipse.equinox.launcher\org.eclipse.equinox.launcher.win32.win32.x86_64_1.3.100.v20260804-1928;C:\Users\welcome\AppData\Local\Temp\jna-1233099618;C:\Users\welcome\.gradle\native\c067742578af261105cb4f569cf0c3c89f3d7b1fecec35dd04571415982c5e48\windows-amd64

VM Arguments:
jvm_args: --add-modules=ALL-SYSTEM --add-opens=java.base/java.util=ALL-UNNAMED --add-opens=java.base/java.lang=ALL-UNNAMED --add-opens=java.base/sun.nio.fs=ALL-UNNAMED -Declipse.application=org.eclipse.jdt.ls.core.id1 -Dosgi.bundles.defaultStartLevel=4 -Declipse.product=org.eclipse.jdt.ls.core.product -Djava.import.generatesMetadataFilesAtProjectRoot=false -Dm2e.project.cache.size=50 -DDetectVMInstallationsJob.disabled=true -Dfile.encoding=utf8 -XX:+UseParallelGC -XX:GCTimeRatio=4 -XX:AdaptiveSizePolicyWeight=90 -Dsun.zip.disableMemoryMapping=true -Xmx2G -Xms100m -Xlog:disable -javaagent:c:\Users\welcome\.vscode\extensions\redhat.java-1.56.0-win32-x64\lombok\lombok-1.18.39-4050.jar -XX:+HeapDumpOnOutOfMemoryError -XX:HeapDumpPath=c:\Users\welcome\AppData\Roaming\Code\User\workspaceStorage\438089d090c8572c52f170013986077f\redhat.java -Daether.dependencyCollector.impl=bf 
java_command: c:\Users\welcome\.vscode\extensions\redhat.java-1.56.0-win32-x64\server\plugins\org.eclipse.equinox.launcher_1.8.0.v20260804-1928.jar -configuration c:\Users\welcome\AppData\Roaming\Code\User\globalStorage\redhat.java\1.56.0\config_win -data c:\Users\welcome\AppData\Roaming\Code\User\workspaceStorage\438089d090c8572c52f170013986077f\redhat.java\jdt_ws --stdio
java_class_path (initial): c:\Users\welcome\.vscode\extensions\redhat.java-1.56.0-win32-x64\server\plugins\org.eclipse.equinox.launcher_1.8.0.v20260804-1928.jar
Launcher Type: SUN_STANDARD

[Global flags]
    uintx AdaptiveSizePolicyWeight                 = 90                                        {product} {command line}
     intx CICompilerCount                          = 3                                         {product} {ergonomic}
    uintx GCTimeRatio                              = 4                                         {product} {command line}
     bool HeapDumpOnOutOfMemoryError               = true                                   {manageable} {command line}
    ccstr HeapDumpPath                             = c:\Users\welcome\AppData\Roaming\Code\User\workspaceStorage\438089d090c8572c52f170013986077f\redhat.java         {manageable} {command line}
   size_t InitialHeapSize                          = 104857600                                 {product} {command line}
   size_t MaxHeapSize                              = 2147483648                                {product} {command line}
   size_t MaxNewSize                               = 715653120                                 {product} {ergonomic}
   size_t MinHeapDeltaBytes                        = 524288                                    {product} {ergonomic}
   size_t MinHeapSize                              = 104857600                                 {product} {command line}
   size_t NewSize                                  = 34603008                                  {product} {ergonomic}
    uintx NonNMethodCodeHeapSize                   = 5832780                                {pd product} {ergonomic}
    uintx NonProfiledCodeHeapSize                  = 122912730                              {pd product} {ergonomic}
   size_t OldSize                                  = 70254592                                  {product} {ergonomic}
    uintx ProfiledCodeHeapSize                     = 122912730                              {pd product} {ergonomic}
    uintx ReservedCodeCacheSize                    = 251658240                              {pd product} {ergonomic}
     bool SegmentedCodeCache                       = true                                      {product} {ergonomic}
   size_t SoftMaxHeapSize                          = 2147483648                             {manageable} {ergonomic}
     bool UseCompressedOops                        = true                           {product lp64_product} {ergonomic}
     bool UseLargePagesIndividualAllocation        = false                                  {pd product} {ergonomic}
     bool UseParallelGC                            = true                                      {product} {command line}

Logging:
Log output configuration:
 #0: stdout all=off uptime,level,tags foldmultilines=false
 #1: stderr all=off uptime,level,tags foldmultilines=false

Release file:
JAVA_VERSION="21.0.12.1" 
MODULES="java.base java.compiler java.datatransfer java.xml java.prefs java.desktop java.instrument java.logging java.management java.security.sasl java.naming java.rmi java.management.rmi java.net.http java.scripting java.security.jgss java.transaction.xa java.sql java.sql.rowset java.xml.crypto java.se java.smartcardio jdk.accessibility jdk.internal.jvmstat jdk.attach jdk.charsets jdk.internal.opt jdk.zipfs jdk.compiler jdk.crypto.ec jdk.crypto.cryptoki jdk.crypto.mscapi jdk.dynalink jdk.internal.ed jdk.editpad jdk.hotspot.agent jdk.httpserver jdk.internal.le jdk.internal.vm.ci jdk.internal.vm.compiler jdk.internal.vm.compiler.management jdk.jartool jdk.javadoc jdk.jcmd jdk.management jdk.management.agent jdk.jconsole jdk.jdeps jdk.jdwp.agent jdk.jdi jdk.jfr jdk.jshell jdk.jsobject jdk.jstatd jdk.localedata jdk.management.jfr jdk.naming.dns jdk.naming.rmi jdk.net jdk.nio.mapmode jdk.random jdk.sctp jdk.security.auth jdk.security.jgss jdk.unsupported jdk.unsupported.desktop jdk.xml.dom" 

Environment Variables:
PATH=C:\Program Files\Eclipse Adoptium\jdk-17.0.20.101-hotspot\bin;C:\Windows\system32;C:\Windows;C:\Windows\System32\Wbem;C:\Windows\System32\WindowsPowerShell\v1.0\;C:\Windows\System32\OpenSSH\;C:\Program Files\Git\cmd;C:\Program Files\nodejs\;C:\Users\welcome\AppData\Local\Microsoft\WindowsApps;C:\Users\welcome\AppData\Local\Programs\Microsoft VS Code\bin;C:\Users\welcome\AppData\Local\Programs\DockerDesktop\resources\bin;C:\Users\welcome\AppData\Roaming\npm
USERNAME=welcome
OS=Windows_NT
PROCESSOR_IDENTIFIER=Intel64 Family 6 Model 142 Stepping 9, GenuineIntel
TMP=C:\Users\welcome\AppData\Local\Temp
TEMP=C:\Users\welcome\AppData\Local\Temp




Periodic native trim disabled

---------------  S Y S T E M  ---------------

OS:
 Windows 10 , 64 bit Build 19041 (10.0.19041.7725)
OS uptime: 5 days 23:08 hours
Hyper-V role detected

CPU: total 4 (initial active 4) (2 cores per cpu, 2 threads per core) family 6 model 142 stepping 9 microcode 0xea, cx8, cmov, fxsr, ht, mmx, 3dnowpref, sse, sse2, sse3, ssse3, sse4.1, sse4.2, popcnt, lzcnt, tsc, tscinvbit, avx, avx2, aes, erms, clmul, bmi1, bmi2, adx, fma, vzeroupper, clflush, clflushopt, hv, rdtscp, f16c
Processor Information for the first 4 processors :
  Max Mhz: 2400, Current Mhz: 2400, Mhz Limit: 2400

Memory: 4k page, system-wide physical 4005M (231M free)
TotalPageFile size 11505M (AvailPageFile size 12M)
current process WorkingSet (physical memory assigned to process): 116M, peak: 232M
current process commit charge ("private bytes"): 331M, peak: 346M

vm_info: OpenJDK 64-Bit Server VM (21.0.12.1+1-LTS) for windows-amd64 JRE (21.0.12.1+1-LTS), built on 2026-08-18T00:00:00Z by "admin" with MS VC++ 17.12 (VS2022)

END.
