#
# There is insufficient memory for the Java Runtime Environment to continue.
# Native memory allocation (mmap) failed to map 65536 bytes. Error detail: Failed to commit metaspace.
# Possible reasons:
#   The system is out of physical RAM or swap space
#   This process is running with CompressedOops enabled, and the Java Heap may be blocking the growth of the native heap
# Possible solutions:
#   Reduce memory load on the system
#   Increase physical memory or swap space
#   Check if swap backing store is full
#   Decrease Java heap size (-Xmx/-Xms)
#   Decrease number of Java threads
#   Decrease Java thread stack sizes (-Xss)
#   Set larger code cache with -XX:ReservedCodeCacheSize=
#   JVM is running with Unscaled Compressed Oops mode in which the Java heap is
#     placed in the first 4GB address space. The Java Heap base address is the
#     maximum limit for the native heap growth. Please use -XX:HeapBaseMinAddress
#     to set the Java Heap base and to place the Java Heap above 4GB virtual address.
# This output file may be truncated or incomplete.
#
#  Out of Memory Error (virtualSpaceNode.cpp:113), pid=17188, tid=3392
#
# JRE version: OpenJDK Runtime Environment Temurin-21.0.12.1+1 (21.0.12.1+1) (build 21.0.12.1+1-LTS)
# Java VM: OpenJDK 64-Bit Server VM Temurin-21.0.12.1+1 (21.0.12.1+1-LTS, mixed mode, tiered, compressed oops, compressed class ptrs, g1 gc, windows-amd64)
# No core dump will be written. Minidumps are not enabled by default on client versions of Windows
#

---------------  S U M M A R Y ------------

Command Line: org.jetbrains.kotlin.cli.jvm.K2JVMCompiler @C:\Users\welcome\Distributed-Flight-System\booking-service\build\20260929_4021296820842117233.compiler.options

Host: Intel(R) Core(TM) i3-7100U CPU @ 2.40GHz, 4 cores, 3G,  Windows 10 , 64 bit Build 19041 (10.0.19041.7725)
Time: Tue Sep 29 17:00:01 2026 India Standard Time elapsed time: 0.597055 seconds (0d 0h 0m 0s)

---------------  T H R E A D  ---------------

Current thread (0x000001c6d4f79e60):  JavaThread "main"             [_thread_in_vm, id=3392, stack(0x000000a524f00000,0x000000a525000000) (1024K)]

Stack: [0x000000a524f00000,0x000000a525000000]
Native frames: (J=compiled Java code, j=interpreted, Vv=VM code, C=native code)
V  [jvm.dll+0x6d83e9]
V  [jvm.dll+0x8b5736]
V  [jvm.dll+0x8b7cee]
V  [jvm.dll+0x8b83d3]
V  [jvm.dll+0x284596]
V  [jvm.dll+0x8b147e]
V  [jvm.dll+0x679ad4]
V  [jvm.dll+0x1e849b]
V  [jvm.dll+0x1e825e]
V  [jvm.dll+0x67c3d2]
V  [jvm.dll+0x67c202]
V  [jvm.dll+0x67a4ae]
V  [jvm.dll+0x26e440]
V  [jvm.dll+0x684715]
V  [jvm.dll+0x21973e]
V  [jvm.dll+0x219be5]
V  [jvm.dll+0x21a5d8]
V  [jvm.dll+0x20f80e]
V  [jvm.dll+0x5b6a7f]
V  [jvm.dll+0x82f606]
V  [jvm.dll+0x4792f8]
V  [jvm.dll+0x47f128]
C  [java.dll+0x17ec]

Java frames: (J=compiled Java code, j=interpreted, Vv=VM code)
j  java.lang.ClassLoader.defineClass1(Ljava/lang/ClassLoader;Ljava/lang/String;[BIILjava/security/ProtectionDomain;Ljava/lang/String;)Ljava/lang/Class;+0 java.base@21.0.12.1
j  java.lang.ClassLoader.defineClass(Ljava/lang/String;[BIILjava/security/ProtectionDomain;)Ljava/lang/Class;+27 java.base@21.0.12.1
j  java.security.SecureClassLoader.defineClass(Ljava/lang/String;[BIILjava/security/CodeSource;)Ljava/lang/Class;+12 java.base@21.0.12.1
j  jdk.internal.loader.BuiltinClassLoader.defineClass(Ljava/lang/String;Ljdk/internal/loader/Resource;)Ljava/lang/Class;+117 java.base@21.0.12.1
j  jdk.internal.loader.BuiltinClassLoader.findClassOnClassPathOrNull(Ljava/lang/String;)Ljava/lang/Class;+37 java.base@21.0.12.1
j  jdk.internal.loader.BuiltinClassLoader.loadClassOrNull(Ljava/lang/String;Z)Ljava/lang/Class;+111 java.base@21.0.12.1
j  jdk.internal.loader.BuiltinClassLoader.loadClass(Ljava/lang/String;Z)Ljava/lang/Class;+3 java.base@21.0.12.1
j  jdk.internal.loader.ClassLoaders$AppClassLoader.loadClass(Ljava/lang/String;Z)Ljava/lang/Class;+36 java.base@21.0.12.1
j  java.lang.ClassLoader.loadClass(Ljava/lang/String;)Ljava/lang/Class;+3 java.base@21.0.12.1
v  ~StubRoutines::call_stub 0x000001c6e199100d
j  java.lang.Class.getDeclaredMethods0(Z)[Ljava/lang/reflect/Method;+0 java.base@21.0.12.1
j  java.lang.Class.privateGetDeclaredMethods(Z)[Ljava/lang/reflect/Method;+34 java.base@21.0.12.1
j  java.lang.Class.getMethodsRecursive(Ljava/lang/String;[Ljava/lang/Class;Z)Ljava/lang/PublicMethods$MethodList;+2 java.base@21.0.12.1
j  java.lang.Class.getMethod0(Ljava/lang/String;[Ljava/lang/Class;)Ljava/lang/reflect/Method;+14 java.base@21.0.12.1
j  java.lang.Class.getMethod(Ljava/lang/String;[Ljava/lang/Class;)Ljava/lang/reflect/Method;+26 java.base@21.0.12.1
j  jdk.internal.misc.MainMethodFinder.findMainMethod(Ljava/lang/Class;)Ljava/lang/reflect/Method;+28 java.base@21.0.12.1
j  sun.launcher.LauncherHelper.validateMainClass(Ljava/lang/Class;)V+3 java.base@21.0.12.1
j  sun.launcher.LauncherHelper.checkAndLoadMain(ZILjava/lang/String;)Ljava/lang/Class;+80 java.base@21.0.12.1
v  ~StubRoutines::call_stub 0x000001c6e199100d

---------------  P R O C E S S  ---------------

Threads class SMR info:
_java_thread_list=0x000001c6803f5600, length=11, elements={
0x000001c6d4f79e60, 0x000001c6801f1340, 0x000001c6801f2880, 0x000001c6801f5700,
0x000001c680218460, 0x000001c68021d2f0, 0x000001c6801fe080, 0x000001c68021eea0,
0x000001c68025ee70, 0x000001c6803f4ad0, 0x000001c6803f7b60
}

Java Threads: ( => current thread )
=>0x000001c6d4f79e60 JavaThread "main"                              [_thread_in_vm, id=3392, stack(0x000000a524f00000,0x000000a525000000) (1024K)]
  0x000001c6801f1340 JavaThread "Reference Handler"          daemon [_thread_blocked, id=21060, stack(0x000000a525700000,0x000000a525800000) (1024K)]
  0x000001c6801f2880 JavaThread "Finalizer"                  daemon [_thread_blocked, id=5496, stack(0x000000a525800000,0x000000a525900000) (1024K)]
  0x000001c6801f5700 JavaThread "Signal Dispatcher"          daemon [_thread_blocked, id=17952, stack(0x000000a525900000,0x000000a525a00000) (1024K)]
  0x000001c680218460 JavaThread "Attach Listener"            daemon [_thread_blocked, id=19576, stack(0x000000a525a00000,0x000000a525b00000) (1024K)]
  0x000001c68021d2f0 JavaThread "Service Thread"             daemon [_thread_blocked, id=20356, stack(0x000000a525b00000,0x000000a525c00000) (1024K)]
  0x000001c6801fe080 JavaThread "Monitor Deflation Thread"   daemon [_thread_blocked, id=788, stack(0x000000a525c00000,0x000000a525d00000) (1024K)]
  0x000001c68021eea0 JavaThread "C2 CompilerThread0"         daemon [_thread_blocked, id=9328, stack(0x000000a525d00000,0x000000a525e00000) (1024K)]
  0x000001c68025ee70 JavaThread "C1 CompilerThread0"         daemon [_thread_blocked, id=17012, stack(0x000000a525e00000,0x000000a525f00000) (1024K)]
  0x000001c6803f4ad0 JavaThread "Notification Thread"        daemon [_thread_blocked, id=21232, stack(0x000000a525f00000,0x000000a526000000) (1024K)]
  0x000001c6803f7b60 JavaThread "Common-Cleaner"             daemon [_thread_blocked, id=18100, stack(0x000000a526000000,0x000000a526100000) (1024K)]
Total: 11

Other Threads:
  0x000001c68016dcc0 VMThread "VM Thread"                           [id=17712, stack(0x000000a525600000,0x000000a525700000) (1024K)]
  0x000001c6d7311990 WatcherThread "VM Periodic Task Thread"        [id=8024, stack(0x000000a525500000,0x000000a525600000) (1024K)]
  0x000001c6d7295680 WorkerThread "GC Thread#0"                     [id=2976, stack(0x000000a525000000,0x000000a525100000) (1024K)]
  0x000001c6d729eb70 ConcurrentGCThread "G1 Main Marker"            [id=16504, stack(0x000000a525100000,0x000000a525200000) (1024K)]
  0x000001c6d72a1e30 WorkerThread "G1 Conc#0"                       [id=1140, stack(0x000000a525200000,0x000000a525300000) (1024K)]
  0x000001c6d72ff9a0 ConcurrentGCThread "G1 Refine#0"               [id=18344, stack(0x000000a525300000,0x000000a525400000) (1024K)]
  0x000001c6d7300520 ConcurrentGCThread "G1 Service"                [id=16152, stack(0x000000a525400000,0x000000a525500000) (1024K)]
Total: 7

Threads with active compile tasks:
Total: 0

VM state: not at safepoint (normal execution)

VM Mutex/Monitor currently owned by a thread:  ([mutex/lock_event])
[0x00007ffa1615d530] Metaspace_lock - owner thread: 0x000001c6d4f79e60

Heap address: 0x00000000c1600000, size: 1002 MB, Compressed Oops mode: 32-bit

CDS archive(s) not mapped
Compressed class space mapped at: 0x0000000100000000-0x0000000140000000, reserved size: 1073741824
Narrow klass base: 0x0000000000000000, Narrow klass shift: 3, Narrow klass range: 0x140000000

GC Precious Log:
 CardTable entry size: 512
 Card Set container configuration: InlinePtr #cards 5 size 8 Array Of Cards #cards 12 size 40 Howl #buckets 4 coarsen threshold 1843 Howl Bitmap #cards 512 size 80 coarsen threshold 460 Card regions per heap region 1 cards per card region 2048
 CPUs: 4 total, 4 available
 Memory: 4005M
 Large Page Support: Disabled
 NUMA Support: Disabled
 Compressed Oops: Enabled (32-bit)
 Heap Region Size: 1M
 Heap Min Capacity: 8M
 Heap Initial Capacity: 64M
 Heap Max Capacity: 1002M
 Pre-touch: Disabled
 Parallel Workers: 4
 Concurrent Workers: 1
 Concurrent Refinement Workers: 4
 Periodic GC: Disabled

Heap:
 garbage-first heap   total 65536K, used 5120K [0x00000000c1600000, 0x0000000100000000)
  region size 1024K, 3 young (3072K), 0 survivors (0K)
 Metaspace       used 4903K, committed 4992K, reserved 1114112K
  class space    used 437K, committed 512K, reserved 1048576K

Heap Regions: E=young(eden), S=young(survivor), O=old, HS=humongous(starts), HC=humongous(continues), CS=collection set, F=free, TAMS=top-at-mark-start, PB=parsable bottom
|   0|0x00000000c1600000, 0x00000000c1700000, 0x00000000c1700000|100%|HS|  |TAMS 0x00000000c1600000| PB 0x00000000c1600000| Complete 
|   1|0x00000000c1700000, 0x00000000c1800000, 0x00000000c1800000|100%|HC|  |TAMS 0x00000000c1700000| PB 0x00000000c1700000| Complete 
|   2|0x00000000c1800000, 0x00000000c1900000, 0x00000000c1900000|100%|HC|  |TAMS 0x00000000c1800000| PB 0x00000000c1800000| Complete 
|   3|0x00000000c1900000, 0x00000000c1a00000, 0x00000000c1a00000|100%|HC|  |TAMS 0x00000000c1900000| PB 0x00000000c1900000| Complete 
|   4|0x00000000c1a00000, 0x00000000c1a00000, 0x00000000c1b00000|  0%| F|  |TAMS 0x00000000c1a00000| PB 0x00000000c1a00000| Untracked 
|   5|0x00000000c1b00000, 0x00000000c1b00000, 0x00000000c1c00000|  0%| F|  |TAMS 0x00000000c1b00000| PB 0x00000000c1b00000| Untracked 
|   6|0x00000000c1c00000, 0x00000000c1c00000, 0x00000000c1d00000|  0%| F|  |TAMS 0x00000000c1c00000| PB 0x00000000c1c00000| Untracked 
|   7|0x00000000c1d00000, 0x00000000c1d00000, 0x00000000c1e00000|  0%| F|  |TAMS 0x00000000c1d00000| PB 0x00000000c1d00000| Untracked 
|   8|0x00000000c1e00000, 0x00000000c1e00000, 0x00000000c1f00000|  0%| F|  |TAMS 0x00000000c1e00000| PB 0x00000000c1e00000| Untracked 
|   9|0x00000000c1f00000, 0x00000000c1f00000, 0x00000000c2000000|  0%| F|  |TAMS 0x00000000c1f00000| PB 0x00000000c1f00000| Untracked 
|  10|0x00000000c2000000, 0x00000000c2000000, 0x00000000c2100000|  0%| F|  |TAMS 0x00000000c2000000| PB 0x00000000c2000000| Untracked 
|  11|0x00000000c2100000, 0x00000000c2100000, 0x00000000c2200000|  0%| F|  |TAMS 0x00000000c2100000| PB 0x00000000c2100000| Untracked 
|  12|0x00000000c2200000, 0x00000000c2200000, 0x00000000c2300000|  0%| F|  |TAMS 0x00000000c2200000| PB 0x00000000c2200000| Untracked 
|  13|0x00000000c2300000, 0x00000000c2300000, 0x00000000c2400000|  0%| F|  |TAMS 0x00000000c2300000| PB 0x00000000c2300000| Untracked 
|  14|0x00000000c2400000, 0x00000000c2400000, 0x00000000c2500000|  0%| F|  |TAMS 0x00000000c2400000| PB 0x00000000c2400000| Untracked 
|  15|0x00000000c2500000, 0x00000000c2500000, 0x00000000c2600000|  0%| F|  |TAMS 0x00000000c2500000| PB 0x00000000c2500000| Untracked 
|  16|0x00000000c2600000, 0x00000000c2600000, 0x00000000c2700000|  0%| F|  |TAMS 0x00000000c2600000| PB 0x00000000c2600000| Untracked 
|  17|0x00000000c2700000, 0x00000000c2700000, 0x00000000c2800000|  0%| F|  |TAMS 0x00000000c2700000| PB 0x00000000c2700000| Untracked 
|  18|0x00000000c2800000, 0x00000000c2800000, 0x00000000c2900000|  0%| F|  |TAMS 0x00000000c2800000| PB 0x00000000c2800000| Untracked 
|  19|0x00000000c2900000, 0x00000000c2900000, 0x00000000c2a00000|  0%| F|  |TAMS 0x00000000c2900000| PB 0x00000000c2900000| Untracked 
|  20|0x00000000c2a00000, 0x00000000c2a00000, 0x00000000c2b00000|  0%| F|  |TAMS 0x00000000c2a00000| PB 0x00000000c2a00000| Untracked 
|  21|0x00000000c2b00000, 0x00000000c2b00000, 0x00000000c2c00000|  0%| F|  |TAMS 0x00000000c2b00000| PB 0x00000000c2b00000| Untracked 
|  22|0x00000000c2c00000, 0x00000000c2c00000, 0x00000000c2d00000|  0%| F|  |TAMS 0x00000000c2c00000| PB 0x00000000c2c00000| Untracked 
|  23|0x00000000c2d00000, 0x00000000c2d00000, 0x00000000c2e00000|  0%| F|  |TAMS 0x00000000c2d00000| PB 0x00000000c2d00000| Untracked 
|  24|0x00000000c2e00000, 0x00000000c2e00000, 0x00000000c2f00000|  0%| F|  |TAMS 0x00000000c2e00000| PB 0x00000000c2e00000| Untracked 
|  25|0x00000000c2f00000, 0x00000000c2f00000, 0x00000000c3000000|  0%| F|  |TAMS 0x00000000c2f00000| PB 0x00000000c2f00000| Untracked 
|  26|0x00000000c3000000, 0x00000000c3000000, 0x00000000c3100000|  0%| F|  |TAMS 0x00000000c3000000| PB 0x00000000c3000000| Untracked 
|  27|0x00000000c3100000, 0x00000000c3100000, 0x00000000c3200000|  0%| F|  |TAMS 0x00000000c3100000| PB 0x00000000c3100000| Untracked 
|  28|0x00000000c3200000, 0x00000000c3200000, 0x00000000c3300000|  0%| F|  |TAMS 0x00000000c3200000| PB 0x00000000c3200000| Untracked 
|  29|0x00000000c3300000, 0x00000000c3300000, 0x00000000c3400000|  0%| F|  |TAMS 0x00000000c3300000| PB 0x00000000c3300000| Untracked 
|  30|0x00000000c3400000, 0x00000000c3400000, 0x00000000c3500000|  0%| F|  |TAMS 0x00000000c3400000| PB 0x00000000c3400000| Untracked 
|  31|0x00000000c3500000, 0x00000000c3500000, 0x00000000c3600000|  0%| F|  |TAMS 0x00000000c3500000| PB 0x00000000c3500000| Untracked 
|  32|0x00000000c3600000, 0x00000000c3600000, 0x00000000c3700000|  0%| F|  |TAMS 0x00000000c3600000| PB 0x00000000c3600000| Untracked 
|  33|0x00000000c3700000, 0x00000000c3700000, 0x00000000c3800000|  0%| F|  |TAMS 0x00000000c3700000| PB 0x00000000c3700000| Untracked 
|  34|0x00000000c3800000, 0x00000000c3800000, 0x00000000c3900000|  0%| F|  |TAMS 0x00000000c3800000| PB 0x00000000c3800000| Untracked 
|  35|0x00000000c3900000, 0x00000000c3900000, 0x00000000c3a00000|  0%| F|  |TAMS 0x00000000c3900000| PB 0x00000000c3900000| Untracked 
|  36|0x00000000c3a00000, 0x00000000c3a00000, 0x00000000c3b00000|  0%| F|  |TAMS 0x00000000c3a00000| PB 0x00000000c3a00000| Untracked 
|  37|0x00000000c3b00000, 0x00000000c3b00000, 0x00000000c3c00000|  0%| F|  |TAMS 0x00000000c3b00000| PB 0x00000000c3b00000| Untracked 
|  38|0x00000000c3c00000, 0x00000000c3c00000, 0x00000000c3d00000|  0%| F|  |TAMS 0x00000000c3c00000| PB 0x00000000c3c00000| Untracked 
|  39|0x00000000c3d00000, 0x00000000c3d00000, 0x00000000c3e00000|  0%| F|  |TAMS 0x00000000c3d00000| PB 0x00000000c3d00000| Untracked 
|  40|0x00000000c3e00000, 0x00000000c3e00000, 0x00000000c3f00000|  0%| F|  |TAMS 0x00000000c3e00000| PB 0x00000000c3e00000| Untracked 
|  41|0x00000000c3f00000, 0x00000000c3f00000, 0x00000000c4000000|  0%| F|  |TAMS 0x00000000c3f00000| PB 0x00000000c3f00000| Untracked 
|  42|0x00000000c4000000, 0x00000000c4000000, 0x00000000c4100000|  0%| F|  |TAMS 0x00000000c4000000| PB 0x00000000c4000000| Untracked 
|  43|0x00000000c4100000, 0x00000000c4100000, 0x00000000c4200000|  0%| F|  |TAMS 0x00000000c4100000| PB 0x00000000c4100000| Untracked 
|  44|0x00000000c4200000, 0x00000000c4200000, 0x00000000c4300000|  0%| F|  |TAMS 0x00000000c4200000| PB 0x00000000c4200000| Untracked 
|  45|0x00000000c4300000, 0x00000000c4300000, 0x00000000c4400000|  0%| F|  |TAMS 0x00000000c4300000| PB 0x00000000c4300000| Untracked 
|  46|0x00000000c4400000, 0x00000000c4400000, 0x00000000c4500000|  0%| F|  |TAMS 0x00000000c4400000| PB 0x00000000c4400000| Untracked 
|  47|0x00000000c4500000, 0x00000000c4500000, 0x00000000c4600000|  0%| F|  |TAMS 0x00000000c4500000| PB 0x00000000c4500000| Untracked 
|  48|0x00000000c4600000, 0x00000000c4600000, 0x00000000c4700000|  0%| F|  |TAMS 0x00000000c4600000| PB 0x00000000c4600000| Untracked 
|  49|0x00000000c4700000, 0x00000000c4700000, 0x00000000c4800000|  0%| F|  |TAMS 0x00000000c4700000| PB 0x00000000c4700000| Untracked 
|  50|0x00000000c4800000, 0x00000000c4800000, 0x00000000c4900000|  0%| F|  |TAMS 0x00000000c4800000| PB 0x00000000c4800000| Untracked 
|  51|0x00000000c4900000, 0x00000000c4900000, 0x00000000c4a00000|  0%| F|  |TAMS 0x00000000c4900000| PB 0x00000000c4900000| Untracked 
|  52|0x00000000c4a00000, 0x00000000c4a00000, 0x00000000c4b00000|  0%| F|  |TAMS 0x00000000c4a00000| PB 0x00000000c4a00000| Untracked 
|  53|0x00000000c4b00000, 0x00000000c4b00000, 0x00000000c4c00000|  0%| F|  |TAMS 0x00000000c4b00000| PB 0x00000000c4b00000| Untracked 
|  54|0x00000000c4c00000, 0x00000000c4c00000, 0x00000000c4d00000|  0%| F|  |TAMS 0x00000000c4c00000| PB 0x00000000c4c00000| Untracked 
|  55|0x00000000c4d00000, 0x00000000c4d00000, 0x00000000c4e00000|  0%| F|  |TAMS 0x00000000c4d00000| PB 0x00000000c4d00000| Untracked 
|  56|0x00000000c4e00000, 0x00000000c4e00000, 0x00000000c4f00000|  0%| F|  |TAMS 0x00000000c4e00000| PB 0x00000000c4e00000| Untracked 
|  57|0x00000000c4f00000, 0x00000000c4f00000, 0x00000000c5000000|  0%| F|  |TAMS 0x00000000c4f00000| PB 0x00000000c4f00000| Untracked 
|  58|0x00000000c5000000, 0x00000000c5000000, 0x00000000c5100000|  0%| F|  |TAMS 0x00000000c5000000| PB 0x00000000c5000000| Untracked 
|  59|0x00000000c5100000, 0x00000000c5100000, 0x00000000c5200000|  0%| F|  |TAMS 0x00000000c5100000| PB 0x00000000c5100000| Untracked 
|  60|0x00000000c5200000, 0x00000000c5200000, 0x00000000c5300000|  0%| F|  |TAMS 0x00000000c5200000| PB 0x00000000c5200000| Untracked 
|  61|0x00000000c5300000, 0x00000000c5354830, 0x00000000c5400000| 33%| E|  |TAMS 0x00000000c5300000| PB 0x00000000c5300000| Complete 
|  62|0x00000000c5400000, 0x00000000c5500000, 0x00000000c5500000|100%| E|  |TAMS 0x00000000c5400000| PB 0x00000000c5400000| Complete 
|  63|0x00000000c5500000, 0x00000000c5600000, 0x00000000c5600000|100%| E|CS|TAMS 0x00000000c5500000| PB 0x00000000c5500000| Complete 

Card table byte_map: [0x000001c6e9660000,0x000001c6e9860000] _byte_map_base: 0x000001c6e9055000

Marking Bits: (CMBitMap*) 0x000001c6d7295d90
 Bits: [0x000001c6e9860000, 0x000001c6ea808000)

Polling page: 0x000001c6d5250000

Metaspace:

Usage:
  Non-class:      4.36 MB used.
      Class:    437.34 KB used.
       Both:      4.79 MB used.

Virtual space:
  Non-class space:       64.00 MB reserved,       4.38 MB (  7%) committed,  1 nodes.
      Class space:        1.00 GB reserved,     512.00 KB ( <1%) committed,  1 nodes.
             Both:        1.06 GB reserved,       4.88 MB ( <1%) committed. 

Chunk freelists:
   Non-Class:  10.92 MB
       Class:  15.55 MB
        Both:  26.48 MB

MaxMetaspaceSize: unlimited
CompressedClassSpaceSize: 1.00 GB
Initial GC threshold: 21.00 MB
Current GC threshold: 21.00 MB
CDS: off
 - commit_granule_bytes: 65536.
 - commit_granule_words: 8192.
 - virtual_space_node_default_size: 8388608.
 - enlarge_chunks_in_place: 1.
 - use_allocation_guard: 0.


Internal statistics:

num_allocs_failed_limit: 0.
num_arena_births: 4.
num_arena_deaths: 0.
num_vsnodes_births: 2.
num_vsnodes_deaths: 0.
num_space_committed: 78.
num_space_uncommitted: 0.
num_chunks_returned_to_freelist: 0.
num_chunks_taken_from_freelist: 13.
num_chunk_merges: 0.
num_chunk_splits: 8.
num_chunks_enlarged: 5.
num_inconsistent_stats: 0.

CodeHeap 'non-profiled nmethods': size=120000Kb used=41Kb max_used=41Kb free=119958Kb
 bounds [0x000001c6e1f30000, 0x000001c6e21a0000, 0x000001c6e9460000]
CodeHeap 'profiled nmethods': size=120000Kb used=157Kb max_used=157Kb free=119842Kb
 bounds [0x000001c6da460000, 0x000001c6da6d0000, 0x000001c6e1990000]
CodeHeap 'non-nmethods': size=5760Kb used=1165Kb max_used=1178Kb free=4594Kb
 bounds [0x000001c6e1990000, 0x000001c6e1c00000, 0x000001c6e1f30000]
CodeCache: size=245760Kb, used=1363Kb, max_used=1376Kb, free=244394Kb
 total_blobs=465, nmethods=131, adapters=239, full_count=0
Compilation: enabled, stopped_count=0, restarted_count=0

Compilation events (20 events):
Event: 0.571 Thread 0x000001c68021eea0  119       4       java.util.zip.ZipUtils::CENHOW (9 bytes)
Event: 0.573 Thread 0x000001c68021eea0 nmethod 119 0x000001c6e1f39c10 code [0x000001c6e1f39da0, 0x000001c6e1f39e88]
Event: 0.576 Thread 0x000001c68025ee70  121       3       jdk.internal.misc.Unsafe::pickPos (14 bytes)
Event: 0.576 Thread 0x000001c68025ee70 nmethod 121 0x000001c6da484690 code [0x000001c6da484820, 0x000001c6da484920]
Event: 0.578 Thread 0x000001c68025ee70  123   !   3       java.io.RandomAccessFile::readBytes (32 bytes)
Event: 0.579 Thread 0x000001c68025ee70 nmethod 123 0x000001c6da484990 code [0x000001c6da484b60, 0x000001c6da484d88]
Event: 0.581 Thread 0x000001c68025ee70  125       3       java.lang.AbstractStringBuilder::putStringAt (19 bytes)
Event: 0.581 Thread 0x000001c68025ee70 nmethod 125 0x000001c6da484f10 code [0x000001c6da4850e0, 0x000001c6da4853b8]
Event: 0.581 Thread 0x000001c68025ee70  126       3       java.lang.AbstractStringBuilder::inflateIfNeededFor (22 bytes)
Event: 0.582 Thread 0x000001c68025ee70 nmethod 126 0x000001c6da485510 code [0x000001c6da4856c0, 0x000001c6da4858d0]
Event: 0.582 Thread 0x000001c68025ee70  127       3       java.lang.StringBuilder::append (8 bytes)
Event: 0.582 Thread 0x000001c68025ee70 nmethod 127 0x000001c6da485a10 code [0x000001c6da485bc0, 0x000001c6da485d10]
Event: 0.582 Thread 0x000001c68025ee70  129       3       jdk.internal.misc.Unsafe::toUnsignedLong (7 bytes)
Event: 0.582 Thread 0x000001c68025ee70 nmethod 129 0x000001c6da485d90 code [0x000001c6da485f20, 0x000001c6da486020]
Event: 0.582 Thread 0x000001c68025ee70  128       3       java.lang.AbstractStringBuilder::append (45 bytes)
Event: 0.583 Thread 0x000001c68025ee70 nmethod 128 0x000001c6da486090 code [0x000001c6da4862a0, 0x000001c6da4867c8]
Event: 0.583 Thread 0x000001c68025ee70  130       3       java.lang.StringLatin1::lastIndexOf (40 bytes)
Event: 0.584 Thread 0x000001c68025ee70 nmethod 130 0x000001c6da486a10 code [0x000001c6da486be0, 0x000001c6da486fd8]
Event: 0.585 Thread 0x000001c68025ee70  131       3       jdk.internal.misc.Unsafe::getLongUnaligned (173 bytes)
Event: 0.586 Thread 0x000001c68025ee70 nmethod 131 0x000001c6da487110 code [0x000001c6da487300, 0x000001c6da4876e0]

GC Heap History (0 events):
No events

Dll operation events (10 events):
Event: 0.024 Attempting to load shared library C:\Users\welcome\.vscode\extensions\redhat.java-1.56.0-win32-x64\jre\21.0.12.1-win32-x86_64\bin\java.dll
Event: 0.025 Loaded shared library C:\Users\welcome\.vscode\extensions\redhat.java-1.56.0-win32-x64\jre\21.0.12.1-win32-x86_64\bin\java.dll
Event: 0.040 Attempting to load shared library C:\Users\welcome\.vscode\extensions\redhat.java-1.56.0-win32-x64\jre\21.0.12.1-win32-x86_64\bin\zip.dll
Event: 0.041 Loaded shared library C:\Users\welcome\.vscode\extensions\redhat.java-1.56.0-win32-x64\jre\21.0.12.1-win32-x86_64\bin\zip.dll
Event: 0.413 Attempting to load shared library C:\Users\welcome\.vscode\extensions\redhat.java-1.56.0-win32-x64\jre\21.0.12.1-win32-x86_64\bin\net.dll
Event: 0.415 Loaded shared library C:\Users\welcome\.vscode\extensions\redhat.java-1.56.0-win32-x64\jre\21.0.12.1-win32-x86_64\bin\net.dll
Event: 0.420 Attempting to load shared library C:\Users\welcome\.vscode\extensions\redhat.java-1.56.0-win32-x64\jre\21.0.12.1-win32-x86_64\bin\nio.dll
Event: 0.421 Loaded shared library C:\Users\welcome\.vscode\extensions\redhat.java-1.56.0-win32-x64\jre\21.0.12.1-win32-x86_64\bin\nio.dll
Event: 0.532 Attempting to load shared library C:\Users\welcome\.vscode\extensions\redhat.java-1.56.0-win32-x64\jre\21.0.12.1-win32-x86_64\bin\zip.dll
Event: 0.532 Loaded shared library C:\Users\welcome\.vscode\extensions\redhat.java-1.56.0-win32-x64\jre\21.0.12.1-win32-x86_64\bin\zip.dll

Deoptimization events (20 events):
Event: 0.476 Thread 0x000001c6d4f79e60 DEOPT PACKING pc=0x000001c6da483ec9 sp=0x000000a524ffd6c0
Event: 0.476 Thread 0x000001c6d4f79e60 DEOPT UNPACKING pc=0x000001c6e19e4b42 sp=0x000000a524ffcb30 mode 0
Event: 0.477 Thread 0x000001c6d4f79e60 DEOPT PACKING pc=0x000001c6da483ec9 sp=0x000000a524ffd6c0
Event: 0.477 Thread 0x000001c6d4f79e60 DEOPT UNPACKING pc=0x000001c6e19e4b42 sp=0x000000a524ffcb30 mode 0
Event: 0.477 Thread 0x000001c6d4f79e60 DEOPT PACKING pc=0x000001c6da483ec9 sp=0x000000a524ffd6c0
Event: 0.477 Thread 0x000001c6d4f79e60 DEOPT UNPACKING pc=0x000001c6e19e4b42 sp=0x000000a524ffcb30 mode 0
Event: 0.477 Thread 0x000001c6d4f79e60 DEOPT PACKING pc=0x000001c6da483ec9 sp=0x000000a524ffd6c0
Event: 0.477 Thread 0x000001c6d4f79e60 DEOPT UNPACKING pc=0x000001c6e19e4b42 sp=0x000000a524ffcb30 mode 0
Event: 0.477 Thread 0x000001c6d4f79e60 DEOPT PACKING pc=0x000001c6da483ec9 sp=0x000000a524ffd6c0
Event: 0.477 Thread 0x000001c6d4f79e60 DEOPT UNPACKING pc=0x000001c6e19e4b42 sp=0x000000a524ffcb30 mode 0
Event: 0.478 Thread 0x000001c6d4f79e60 DEOPT PACKING pc=0x000001c6da483ec9 sp=0x000000a524ffd6c0
Event: 0.478 Thread 0x000001c6d4f79e60 DEOPT UNPACKING pc=0x000001c6e19e4b42 sp=0x000000a524ffcb30 mode 0
Event: 0.478 Thread 0x000001c6d4f79e60 DEOPT PACKING pc=0x000001c6da483ec9 sp=0x000000a524ffd6c0
Event: 0.478 Thread 0x000001c6d4f79e60 DEOPT UNPACKING pc=0x000001c6e19e4b42 sp=0x000000a524ffcb30 mode 0
Event: 0.478 Thread 0x000001c6d4f79e60 DEOPT PACKING pc=0x000001c6da483ec9 sp=0x000000a524ffd6c0
Event: 0.478 Thread 0x000001c6d4f79e60 DEOPT UNPACKING pc=0x000001c6e19e4b42 sp=0x000000a524ffcb30 mode 0
Event: 0.479 Thread 0x000001c6d4f79e60 DEOPT PACKING pc=0x000001c6da483ec9 sp=0x000000a524ffd6c0
Event: 0.479 Thread 0x000001c6d4f79e60 DEOPT UNPACKING pc=0x000001c6e19e4b42 sp=0x000000a524ffcb30 mode 0
Event: 0.479 Thread 0x000001c6d4f79e60 DEOPT PACKING pc=0x000001c6da483ec9 sp=0x000000a524ffd6c0
Event: 0.479 Thread 0x000001c6d4f79e60 DEOPT UNPACKING pc=0x000001c6e19e4b42 sp=0x000000a524ffcb30 mode 0

Classes loaded (20 events):
Event: 0.559 Loading class java/security/Permission
Event: 0.559 Loading class java/security/Guard
Event: 0.559 Loading class java/security/Guard done
Event: 0.559 Loading class java/security/Permission done
Event: 0.559 Loading class java/security/BasicPermission done
Event: 0.559 Loading class java/lang/RuntimePermission done
Event: 0.560 Loading class java/security/BasicPermissionCollection
Event: 0.560 Loading class java/security/BasicPermissionCollection done
Event: 0.560 Loading class java/security/AllPermission
Event: 0.561 Loading class java/security/AllPermission done
Event: 0.561 Loading class java/security/UnresolvedPermission
Event: 0.562 Loading class java/security/UnresolvedPermission done
Event: 0.562 Loading class java/security/SecureClassLoader$DebugHolder
Event: 0.562 Loading class java/security/SecureClassLoader$DebugHolder done
Event: 0.568 Loading class jdk/internal/misc/MainMethodFinder
Event: 0.570 Loading class jdk/internal/misc/MainMethodFinder done
Event: 0.570 Loading class jdk/internal/misc/PreviewFeatures
Event: 0.570 Loading class jdk/internal/misc/PreviewFeatures done
Event: 0.576 Loading class java/util/concurrent/ConcurrentHashMap$ForwardingNode
Event: 0.576 Loading class java/util/concurrent/ConcurrentHashMap$ForwardingNode done

Classes unloaded (0 events):
No events

Classes redefined (0 events):
No events

Internal exceptions (0 events):
No events

ZGC Phase Switch (0 events):
No events

VM Operations (2 events):
Event: 0.544 Executing non-safepoint VM operation: HandshakeAllThreads (Deoptimize)
Event: 0.544 Executing non-safepoint VM operation: HandshakeAllThreads (Deoptimize) done

Memory protections (0 events):
No events

Nmethod flushes (0 events):
No events

Events (11 events):
Event: 0.035 Thread 0x000001c6d4f79e60 Thread added: 0x000001c6d4f79e60
Event: 0.246 Thread 0x000001c6d4f79e60 Thread added: 0x000001c6801f1340
Event: 0.246 Thread 0x000001c6d4f79e60 Thread added: 0x000001c6801f2880
Event: 0.249 Thread 0x000001c6d4f79e60 Thread added: 0x000001c6801f5700
Event: 0.249 Thread 0x000001c6d4f79e60 Thread added: 0x000001c680218460
Event: 0.249 Thread 0x000001c6d4f79e60 Thread added: 0x000001c68021d2f0
Event: 0.249 Thread 0x000001c6d4f79e60 Thread added: 0x000001c6801fe080
Event: 0.250 Thread 0x000001c6d4f79e60 Thread added: 0x000001c68021eea0
Event: 0.250 Thread 0x000001c6d4f79e60 Thread added: 0x000001c68025ee70
Event: 0.370 Thread 0x000001c6d4f79e60 Thread added: 0x000001c6803f4ad0
Event: 0.385 Thread 0x000001c6d4f79e60 Thread added: 0x000001c6803f7b60


Dynamic libraries:
0x00007ff611a80000 - 0x00007ff611a8e000 	C:\Users\welcome\.vscode\extensions\redhat.java-1.56.0-win32-x64\jre\21.0.12.1-win32-x86_64\bin\java.exe
0x00007ffa996d0000 - 0x00007ffa998c9000 	C:\Windows\SYSTEM32\ntdll.dll
0x00007ffa97db0000 - 0x00007ffa97e72000 	C:\Windows\System32\KERNEL32.DLL
0x00007ffa96dd0000 - 0x00007ffa970c7000 	C:\Windows\System32\KERNELBASE.dll
0x00007ffa94200000 - 0x00007ffa94294000 	C:\Windows\SYSTEM32\apphelp.dll
0x00007ffa971f0000 - 0x00007ffa972f0000 	C:\Windows\System32\ucrtbase.dll
0x00007ffa7e010000 - 0x00007ffa7e02e000 	C:\Users\welcome\.vscode\extensions\redhat.java-1.56.0-win32-x64\jre\21.0.12.1-win32-x86_64\bin\VCRUNTIME140.dll
0x00007ffa7dff0000 - 0x00007ffa7e008000 	C:\Users\welcome\.vscode\extensions\redhat.java-1.56.0-win32-x64\jre\21.0.12.1-win32-x86_64\bin\jli.dll
0x00007ffa97b50000 - 0x00007ffa97ced000 	C:\Windows\System32\USER32.dll
0x00007ffa97600000 - 0x00007ffa97622000 	C:\Windows\System32\win32u.dll
0x00007ffa97710000 - 0x00007ffa9773b000 	C:\Windows\System32\GDI32.dll
0x00007ffa97450000 - 0x00007ffa9756a000 	C:\Windows\System32\gdi32full.dll
0x00007ffa97120000 - 0x00007ffa971bd000 	C:\Windows\System32\msvcp_win.dll
0x00007ffa83740000 - 0x00007ffa839db000 	C:\Windows\WinSxS\amd64_microsoft.windows.common-controls_6595b64144ccf1df_6.0.19041.7663_none_60b9ed0b71f50c93\COMCTL32.dll
0x00007ffa99520000 - 0x00007ffa995be000 	C:\Windows\System32\msvcrt.dll
0x00007ffa98400000 - 0x00007ffa9842f000 	C:\Windows\System32\IMM32.DLL
0x00007ffa81060000 - 0x00007ffa8106c000 	C:\Users\welcome\.vscode\extensions\redhat.java-1.56.0-win32-x64\jre\21.0.12.1-win32-x86_64\bin\vcruntime140_1.dll
0x00007ffa7c2a0000 - 0x00007ffa7c32d000 	C:\Users\welcome\.vscode\extensions\redhat.java-1.56.0-win32-x64\jre\21.0.12.1-win32-x86_64\bin\msvcp140.dll
0x00007ffa154a0000 - 0x00007ffa16242000 	C:\Users\welcome\.vscode\extensions\redhat.java-1.56.0-win32-x64\jre\21.0.12.1-win32-x86_64\bin\server\jvm.dll
0x00007ffa995d0000 - 0x00007ffa99682000 	C:\Windows\System32\ADVAPI32.dll
0x00007ffa99480000 - 0x00007ffa99520000 	C:\Windows\System32\sechost.dll
0x00007ffa99270000 - 0x00007ffa99396000 	C:\Windows\System32\RPCRT4.dll
0x00007ffa971c0000 - 0x00007ffa971e7000 	C:\Windows\System32\bcrypt.dll
0x00007ffa97ad0000 - 0x00007ffa97b43000 	C:\Windows\System32\WS2_32.dll
0x00007ffa96b70000 - 0x00007ffa96bbb000 	C:\Windows\SYSTEM32\POWRPROF.dll
0x00007ffa81610000 - 0x00007ffa81637000 	C:\Windows\SYSTEM32\WINMM.dll
0x00007ffa902f0000 - 0x00007ffa902fa000 	C:\Windows\SYSTEM32\VERSION.dll
0x00007ffa96b50000 - 0x00007ffa96b62000 	C:\Windows\SYSTEM32\UMPDC.dll
0x00007ffa94a50000 - 0x00007ffa94a62000 	C:\Windows\SYSTEM32\kernel.appcore.dll
0x00007ffa7dfe0000 - 0x00007ffa7dfea000 	C:\Users\welcome\.vscode\extensions\redhat.java-1.56.0-win32-x64\jre\21.0.12.1-win32-x86_64\bin\jimage.dll
0x00007ffa81650000 - 0x00007ffa8185b000 	C:\Windows\SYSTEM32\DBGHELP.DLL
0x00007ffa7e270000 - 0x00007ffa7e2a5000 	C:\Windows\SYSTEM32\dbgcore.DLL
0x00007ffa97570000 - 0x00007ffa975f2000 	C:\Windows\System32\bcryptPrimitives.dll
0x00007ffa7dfb0000 - 0x00007ffa7dfd0000 	C:\Users\welcome\.vscode\extensions\redhat.java-1.56.0-win32-x64\jre\21.0.12.1-win32-x86_64\bin\java.dll
0x00007ffa7c220000 - 0x00007ffa7c238000 	C:\Users\welcome\.vscode\extensions\redhat.java-1.56.0-win32-x64\jre\21.0.12.1-win32-x86_64\bin\zip.dll
0x00007ffa98940000 - 0x00007ffa990b1000 	C:\Windows\System32\SHELL32.dll
0x00007ffa94d40000 - 0x00007ffa954ec000 	C:\Windows\SYSTEM32\windows.storage.dll
0x00007ffa97f60000 - 0x00007ffa982b4000 	C:\Windows\System32\combase.dll
0x00007ffa96670000 - 0x00007ffa9669b000 	C:\Windows\SYSTEM32\Wldp.dll
0x00007ffa977c0000 - 0x00007ffa9786d000 	C:\Windows\System32\SHCORE.dll
0x00007ffa976b0000 - 0x00007ffa9770b000 	C:\Windows\System32\shlwapi.dll
0x00007ffa96c40000 - 0x00007ffa96c65000 	C:\Windows\SYSTEM32\profapi.dll
0x00007ffa7dfa0000 - 0x00007ffa7dfb0000 	C:\Users\welcome\.vscode\extensions\redhat.java-1.56.0-win32-x64\jre\21.0.12.1-win32-x86_64\bin\net.dll
0x00007ffa8e1f0000 - 0x00007ffa8e2fd000 	C:\Windows\SYSTEM32\WINHTTP.dll
0x00007ffa96380000 - 0x00007ffa963ea000 	C:\Windows\system32\mswsock.dll
0x00007ffa7df80000 - 0x00007ffa7df96000 	C:\Users\welcome\.vscode\extensions\redhat.java-1.56.0-win32-x64\jre\21.0.12.1-win32-x86_64\bin\nio.dll

JVMTI agents: none

dbghelp: loaded successfully - version: 4.0.5 - missing functions: none
symbol engine: initialized successfully - sym options: 0x614 - pdb path: .;C:\Users\welcome\.vscode\extensions\redhat.java-1.56.0-win32-x64\jre\21.0.12.1-win32-x86_64\bin;C:\Windows\SYSTEM32;C:\Windows\WinSxS\amd64_microsoft.windows.common-controls_6595b64144ccf1df_6.0.19041.7663_none_60b9ed0b71f50c93;C:\Users\welcome\.vscode\extensions\redhat.java-1.56.0-win32-x64\jre\21.0.12.1-win32-x86_64\bin\server

VM Arguments:
java_command: org.jetbrains.kotlin.cli.jvm.K2JVMCompiler @C:\Users\welcome\Distributed-Flight-System\booking-service\build\20260929_4021296820842117233.compiler.options
java_class_path (initial): C:\Users\welcome\.gradle\caches\modules-2\files-2.1\org.jetbrains.kotlin\kotlin-compiler-embeddable\1.9.22\9cd4dc7773cf2a99ecd961a88fbbc9a2da3fb5e1\kotlin-compiler-embeddable-1.9.22.jar;C:\Users\welcome\.gradle\caches\modules-2\files-2.1\org.jetbrains.kotlin\kotlin-stdlib\1.9.22\d6c44cd08d8f3f9bece8101216dbe6553365c6e3\kotlin-stdlib-1.9.22.jar;C:\Users\welcome\.gradle\caches\modules-2\files-2.1\org.jetbrains.kotlin\kotlin-script-runtime\1.9.22\f8139a46fc677ec9badc49ae954392f4f5e7e7c7\kotlin-script-runtime-1.9.22.jar;C:\Users\welcome\.gradle\caches\modules-2\files-2.1\org.jetbrains.kotlin\kotlin-reflect\1.9.22\761ab33cf85f03a3a24595e1b92639d82e7a9564\kotlin-reflect-1.9.22.jar;C:\Users\welcome\.gradle\caches\modules-2\files-2.1\org.jetbrains.kotlin\kotlin-daemon-embeddable\1.9.22\20e2c5df715f3240c765cfc222530e2796542021\kotlin-daemon-embeddable-1.9.22.jar;C:\Users\welcome\.gradle\caches\modules-2\files-2.1\org.jetbrains.intellij.deps\trove4j\1.0.20200330\3afb14d5f9ceb459d724e907a21145e8ff394f02\trove4j-1.0.20200330.jar;C:\Users\welcome\.gradle\caches\modules-2\files-2.1\org.jetbrains\annotations\13.0\919f0dfe192fb4e063e7dacadee7f8bb9a2672a9\annotations-13.0.jar
Launcher Type: SUN_STANDARD

[Global flags]
     intx CICompilerCount                          = 3                                         {product} {ergonomic}
     uint ConcGCThreads                            = 1                                         {product} {ergonomic}
     uint G1ConcRefinementThreads                  = 4                                         {product} {ergonomic}
   size_t G1HeapRegionSize                         = 1048576                                   {product} {ergonomic}
    uintx GCDrainStackTargetSize                   = 64                                        {product} {ergonomic}
   size_t InitialHeapSize                          = 67108864                                  {product} {ergonomic}
   size_t MarkStackSize                            = 4194304                                   {product} {ergonomic}
   size_t MaxHeapSize                              = 1050673152                                {product} {ergonomic}
   size_t MaxNewSize                               = 630194176                                 {product} {ergonomic}
   size_t MinHeapDeltaBytes                        = 1048576                                   {product} {ergonomic}
   size_t MinHeapSize                              = 8388608                                   {product} {ergonomic}
    uintx NonNMethodCodeHeapSize                   = 5832780                                {pd product} {ergonomic}
    uintx NonProfiledCodeHeapSize                  = 122912730                              {pd product} {ergonomic}
    uintx ProfiledCodeHeapSize                     = 122912730                              {pd product} {ergonomic}
    uintx ReservedCodeCacheSize                    = 251658240                              {pd product} {ergonomic}
     bool SegmentedCodeCache                       = true                                      {product} {ergonomic}
   size_t SoftMaxHeapSize                          = 1050673152                             {manageable} {ergonomic}
     bool UseCompressedOops                        = true                           {product lp64_product} {ergonomic}
     bool UseG1GC                                  = true                                      {product} {ergonomic}
     bool UseLargePagesIndividualAllocation        = false                                  {pd product} {ergonomic}

Logging:
Log output configuration:
 #0: stdout all=warning uptime,level,tags foldmultilines=false
 #1: stderr all=off uptime,level,tags foldmultilines=false

Release file:
JAVA_VERSION="21.0.12.1" 
MODULES="java.base java.compiler java.datatransfer java.xml java.prefs java.desktop java.instrument java.logging java.management java.security.sasl java.naming java.rmi java.management.rmi java.net.http java.scripting java.security.jgss java.transaction.xa java.sql java.sql.rowset java.xml.crypto java.se java.smartcardio jdk.accessibility jdk.internal.jvmstat jdk.attach jdk.charsets jdk.internal.opt jdk.zipfs jdk.compiler jdk.crypto.ec jdk.crypto.cryptoki jdk.crypto.mscapi jdk.dynalink jdk.internal.ed jdk.editpad jdk.hotspot.agent jdk.httpserver jdk.internal.le jdk.internal.vm.ci jdk.internal.vm.compiler jdk.internal.vm.compiler.management jdk.jartool jdk.javadoc jdk.jcmd jdk.management jdk.management.agent jdk.jconsole jdk.jdeps jdk.jdwp.agent jdk.jdi jdk.jfr jdk.jshell jdk.jsobject jdk.jstatd jdk.localedata jdk.management.jfr jdk.naming.dns jdk.naming.rmi jdk.net jdk.nio.mapmode jdk.random jdk.sctp jdk.security.auth jdk.security.jgss jdk.unsupported jdk.unsupported.desktop jdk.xml.dom" 

Environment Variables:
PATH=C:\Program Files\Eclipse Adoptium\jdk-17.0.20.101-hotspot\bin;C:\Windows\system32;C:\Windows;C:\Windows\System32\Wbem;C:\Windows\System32\WindowsPowerShell\v1.0\;C:\Windows\System32\OpenSSH\;C:\Program Files\Git\cmd;C:\Program Files\nodejs\;C:\Users\welcome\AppData\Local\Microsoft\WindowsApps;C:\Users\welcome\AppData\Local\Programs\Microsoft VS Code\bin;C:\Users\welcome\AppData\Local\Programs\DockerDesktop\resources\bin;C:\Users\welcome\AppData\Roaming\npm
USERNAME=welcome
OS=Windows_NT
PROCESSOR_IDENTIFIER=Intel64 Family 6 Model 142 Stepping 9, GenuineIntel
TMP=C:\Users\welcome\AppData\Local\Temp
TEMP=C:\Users\welcome\AppData\Local\Temp




Periodic native trim disabled

---------------  S Y S T E M  ---------------

OS:
 Windows 10 , 64 bit Build 19041 (10.0.19041.7725)
OS uptime: 0 days 6:54 hours
Hyper-V role detected

CPU: total 4 (initial active 4) (2 cores per cpu, 2 threads per core) family 6 model 142 stepping 9 microcode 0xea, cx8, cmov, fxsr, ht, mmx, 3dnowpref, sse, sse2, sse3, ssse3, sse4.1, sse4.2, popcnt, lzcnt, tsc, tscinvbit, avx, avx2, aes, erms, clmul, bmi1, bmi2, adx, fma, vzeroupper, clflush, clflushopt, hv, rdtscp, f16c
Processor Information for the first 4 processors :
  Max Mhz: 2400, Current Mhz: 2400, Mhz Limit: 2400

Memory: 4k page, system-wide physical 4005M (240M free)
TotalPageFile size 11505M (AvailPageFile size 2M)
current process WorkingSet (physical memory assigned to process): 37M, peak: 37M
current process commit charge ("private bytes"): 128M, peak: 128M

vm_info: OpenJDK 64-Bit Server VM (21.0.12.1+1-LTS) for windows-amd64 JRE (21.0.12.1+1-LTS), built on 2026-08-18T00:00:00Z by "admin" with MS VC++ 17.12 (VS2022)

END.
