#
# There is insufficient memory for the Java Runtime Environment to continue.
# Native memory allocation (malloc) failed to allocate 1766000 bytes. Error detail: Chunk::new
# Possible reasons:
#   The system is out of physical RAM or swap space
#   This process is running with CompressedOops enabled, and the Java Heap may be blocking the growth of the native heap
# Possible solutions:
#   Reduce memory load on the system
#   Increase physical memory or swap space
#   Check if swap backing store is full
#   Decrease Java heap size (-Xmx/-Xms)
#   Decrease number of Java threads
#   Decrease Java thread stack sizes (-Xss)
#   Set larger code cache with -XX:ReservedCodeCacheSize=
#   JVM is running with Unscaled Compressed Oops mode in which the Java heap is
#     placed in the first 4GB address space. The Java Heap base address is the
#     maximum limit for the native heap growth. Please use -XX:HeapBaseMinAddress
#     to set the Java Heap base and to place the Java Heap above 4GB virtual address.
# This output file may be truncated or incomplete.
#
#  Out of Memory Error (arena.cpp:168), pid=17752, tid=18764
#
# JRE version: OpenJDK Runtime Environment Temurin-21.0.12.1+1 (21.0.12.1+1) (build 21.0.12.1+1-LTS)
# Java VM: OpenJDK 64-Bit Server VM Temurin-21.0.12.1+1 (21.0.12.1+1-LTS, mixed mode, sharing, tiered, compressed oops, compressed class ptrs, parallel gc, windows-amd64)
# No core dump will be written. Minidumps are not enabled by default on client versions of Windows
#

---------------  S U M M A R Y ------------

Command Line: --add-modules=ALL-SYSTEM --add-opens=java.base/java.util=ALL-UNNAMED --add-opens=java.base/java.lang=ALL-UNNAMED --add-opens=java.base/sun.nio.fs=ALL-UNNAMED -Declipse.application=org.eclipse.jdt.ls.core.id1 -Dosgi.bundles.defaultStartLevel=4 -Declipse.product=org.eclipse.jdt.ls.core.product -Djava.import.generatesMetadataFilesAtProjectRoot=false -Dm2e.project.cache.size=50 -DDetectVMInstallationsJob.disabled=true -Dfile.encoding=utf8 -XX:+UseParallelGC -XX:GCTimeRatio=4 -XX:AdaptiveSizePolicyWeight=90 -Dsun.zip.disableMemoryMapping=true -Xmx2G -Xms100m -Xlog:disable -javaagent:c:\Users\welcome\.vscode\extensions\redhat.java-1.56.0-win32-x64\lombok\lombok-1.18.39-4050.jar -XX:+HeapDumpOnOutOfMemoryError -XX:HeapDumpPath=c:\Users\welcome\AppData\Roaming\Code\User\workspaceStorage\438089d090c8572c52f170013986077f\redhat.java -Daether.dependencyCollector.impl=bf c:\Users\welcome\.vscode\extensions\redhat.java-1.56.0-win32-x64\server\plugins\org.eclipse.equinox.launcher_1.8.0.v20260804-1928.jar -configuration c:\Users\welcome\AppData\Roaming\Code\User\globalStorage\redhat.java\1.56.0\config_win -data c:\Users\welcome\AppData\Roaming\Code\User\workspaceStorage\438089d090c8572c52f170013986077f\redhat.java\jdt_ws --pipe=\\.\pipe\lsp-6594d1d4b3f62e0b7c5b672fa47f54e4-sock

Host: Intel(R) Core(TM) i3-7100U CPU @ 2.40GHz, 4 cores, 3G,  Windows 10 , 64 bit Build 19041 (10.0.19041.7725)
Time: Tue Sep 29 09:43:36 2026 India Standard Time elapsed time: 255.085590 seconds (0d 0h 4m 15s)

---------------  T H R E A D  ---------------

Current thread (0x0000029f3cb6f020):  JavaThread "C2 CompilerThread0" daemon [_thread_in_native, id=18764, stack(0x000000bb2d200000,0x000000bb2d300000) (1024K)]


Current CompileTask:
C2:255085 8031   !   4       org.eclipse.jdt.internal.core.search.indexing.BinaryIndexer::indexDocument (1172 bytes)

Stack: [0x000000bb2d200000,0x000000bb2d300000]
Native frames: (J=compiled Java code, j=interpreted, Vv=VM code, C=native code)
V  [jvm.dll+0x6d83e9]
V  [jvm.dll+0x8b5736]
V  [jvm.dll+0x8b7cee]
V  [jvm.dll+0x8b83d3]
V  [jvm.dll+0x284596]
V  [jvm.dll+0xc685d]
V  [jvm.dll+0xc6da1]
V  [jvm.dll+0x3bf18b]
V  [jvm.dll+0x1e4149]
V  [jvm.dll+0x24c853]
V  [jvm.dll+0x24bce0]
V  [jvm.dll+0x1cb4ae]
V  [jvm.dll+0x25baad]
V  [jvm.dll+0x25a03a]
V  [jvm.dll+0x3f8aae]
V  [jvm.dll+0x8600cd]
V  [jvm.dll+0x6d6c1d]
C  [ucrtbase.dll+0x21bb2]
C  [KERNEL32.DLL+0x17384]
C  [ntdll.dll+0x4cc91]


---------------  P R O C E S S  ---------------

Threads class SMR info:
_java_thread_list=0x0000029f9a119b30, length=37, elements={
0x0000029f3aa22050, 0x0000029f3cb65940, 0x0000029f3cb66fb0, 0x0000029f3cb68b80,
0x0000029f3cb69aa0, 0x0000029f3cb6d780, 0x0000029f3cb6e1e0, 0x0000029f3cb6f020,
0x0000029f3cbe2e10, 0x0000029f95385180, 0x0000029f9548d330, 0x0000029f959b8070,
0x0000029f95b1edc0, 0x0000029f3cc03060, 0x0000029f3cc03aa0, 0x0000029f9565fe30,
0x0000029f95626750, 0x0000029f9a657650, 0x0000029f9a652a30, 0x0000029f9a651680,
0x0000029f9a651d10, 0x0000029f9a6523a0, 0x0000029f9ba4c8b0, 0x0000029f9ba47360,
0x0000029f9ba4c220, 0x0000029f9ba4b500, 0x0000029f9ba4dc60, 0x0000029f9ba4a150,
0x0000029f9ba4a7e0, 0x0000029f9ba48080, 0x0000029f9ba49ac0, 0x0000029f9ba4bb90,
0x0000029f9ba48710, 0x0000029f9ba4e980, 0x0000029f9d7225a0, 0x0000029f9d723fe0,
0x0000029f9d7204d0
}

Java Threads: ( => current thread )
  0x0000029f3aa22050 JavaThread "main"                              [_thread_blocked, id=2496, stack(0x000000bb2c800000,0x000000bb2c900000) (1024K)]
  0x0000029f3cb65940 JavaThread "Reference Handler"          daemon [_thread_blocked, id=12076, stack(0x000000bb2cc00000,0x000000bb2cd00000) (1024K)]
  0x0000029f3cb66fb0 JavaThread "Finalizer"                  daemon [_thread_blocked, id=17644, stack(0x000000bb2cd00000,0x000000bb2ce00000) (1024K)]
  0x0000029f3cb68b80 JavaThread "Signal Dispatcher"          daemon [_thread_blocked, id=18460, stack(0x000000bb2ce00000,0x000000bb2cf00000) (1024K)]
  0x0000029f3cb69aa0 JavaThread "Attach Listener"            daemon [_thread_blocked, id=19380, stack(0x000000bb2cf00000,0x000000bb2d000000) (1024K)]
  0x0000029f3cb6d780 JavaThread "Service Thread"             daemon [_thread_blocked, id=18612, stack(0x000000bb2d000000,0x000000bb2d100000) (1024K)]
  0x0000029f3cb6e1e0 JavaThread "Monitor Deflation Thread"   daemon [_thread_blocked, id=17336, stack(0x000000bb2d100000,0x000000bb2d200000) (1024K)]
=>0x0000029f3cb6f020 JavaThread "C2 CompilerThread0"         daemon [_thread_in_native, id=18764, stack(0x000000bb2d200000,0x000000bb2d300000) (1024K)]
  0x0000029f3cbe2e10 JavaThread "C1 CompilerThread0"         daemon [_thread_blocked, id=10808, stack(0x000000bb2d300000,0x000000bb2d400000) (1024K)]
  0x0000029f95385180 JavaThread "Common-Cleaner"             daemon [_thread_blocked, id=9264, stack(0x000000bb2d400000,0x000000bb2d500000) (1024K)]
  0x0000029f9548d330 JavaThread "Notification Thread"        daemon [_thread_blocked, id=9336, stack(0x000000bb2d500000,0x000000bb2d600000) (1024K)]
  0x0000029f959b8070 JavaThread "Active Thread: Equinox Container: 209e8a0d-a4a8-4a3c-932b-d2cc73d072cd"        [_thread_blocked, id=9964, stack(0x000000bb2d900000,0x000000bb2da00000) (1024K)]
  0x0000029f95b1edc0 JavaThread "Refresh Thread: Equinox Container: 209e8a0d-a4a8-4a3c-932b-d2cc73d072cd" daemon [_thread_blocked, id=6348, stack(0x000000bb2da00000,0x000000bb2db00000) (1024K)]
  0x0000029f3cc03060 JavaThread "Framework Event Dispatcher: Equinox Container: 209e8a0d-a4a8-4a3c-932b-d2cc73d072cd" daemon [_thread_blocked, id=20628, stack(0x000000bb2db00000,0x000000bb2dc00000) (1024K)]
  0x0000029f3cc03aa0 JavaThread "Start Level: Equinox Container: 209e8a0d-a4a8-4a3c-932b-d2cc73d072cd" daemon [_thread_blocked, id=2788, stack(0x000000bb2dc00000,0x000000bb2dd00000) (1024K)]
  0x0000029f9565fe30 JavaThread "Bundle File Closer"         daemon [_thread_blocked, id=12816, stack(0x000000bb2dd00000,0x000000bb2de00000) (1024K)]
  0x0000029f95626750 JavaThread "SCR Component Actor"        daemon [_thread_blocked, id=21676, stack(0x000000bb2de00000,0x000000bb2df00000) (1024K)]
  0x0000029f9a657650 JavaThread "Worker-JM"                         [_thread_blocked, id=17036, stack(0x000000bb2df00000,0x000000bb2e000000) (1024K)]
  0x0000029f9a652a30 JavaThread "JNA Cleaner"                daemon [_thread_blocked, id=4924, stack(0x000000bb2e000000,0x000000bb2e100000) (1024K)]
  0x0000029f9a651680 JavaThread "Worker-1"                          [_thread_blocked, id=18472, stack(0x000000bb2e200000,0x000000bb2e300000) (1024K)]
  0x0000029f9a651d10 JavaThread "Worker-2: Java indexing... "        [_thread_blocked, id=16884, stack(0x000000bb2e300000,0x000000bb2e400000) (1024K)]
  0x0000029f9a6523a0 JavaThread "Java indexing"              daemon [_thread_blocked, id=19840, stack(0x000000bb2e500000,0x000000bb2e600000) (1024K)]
  0x0000029f9ba4c8b0 JavaThread "Worker-5"                          [_thread_blocked, id=10044, stack(0x000000bb2e700000,0x000000bb2e800000) (1024K)]
  0x0000029f9ba47360 JavaThread "Thread-1"                   daemon [_thread_in_native, id=6968, stack(0x000000bb2e800000,0x000000bb2e900000) (1024K)]
  0x0000029f9ba4c220 JavaThread "Thread-2"                   daemon [_thread_in_native, id=17856, stack(0x000000bb2e900000,0x000000bb2ea00000) (1024K)]
  0x0000029f9ba4b500 JavaThread "Thread-3"                   daemon [_thread_in_native, id=17460, stack(0x000000bb2ea00000,0x000000bb2eb00000) (1024K)]
  0x0000029f9ba4dc60 JavaThread "Thread-4"                   daemon [_thread_in_native, id=14904, stack(0x000000bb2eb00000,0x000000bb2ec00000) (1024K)]
  0x0000029f9ba4a150 JavaThread "Thread-5"                   daemon [_thread_in_native, id=22160, stack(0x000000bb2ec00000,0x000000bb2ed00000) (1024K)]
  0x0000029f9ba4a7e0 JavaThread "Timer-0"                           [_thread_blocked, id=3824, stack(0x000000bb2ed00000,0x000000bb2ee00000) (1024K)]
  0x0000029f9ba48080 JavaThread "Timer-1"                           [_thread_blocked, id=6684, stack(0x000000bb2ee00000,0x000000bb2ef00000) (1024K)]
  0x0000029f9ba49ac0 JavaThread "pool-2-thread-1"                   [_thread_blocked, id=1520, stack(0x000000bb2ef00000,0x000000bb2f000000) (1024K)]
  0x0000029f9ba4bb90 JavaThread "WorkspaceEventsHandler"            [_thread_blocked, id=5828, stack(0x000000bb2f100000,0x000000bb2f200000) (1024K)]
  0x0000029f9ba48710 JavaThread "pool-1-thread-1"                   [_thread_blocked, id=16120, stack(0x000000bb2f200000,0x000000bb2f300000) (1024K)]
  0x0000029f9ba4e980 JavaThread "Timer-2"                           [_thread_blocked, id=20576, stack(0x000000bb2f400000,0x000000bb2f500000) (1024K)]
  0x0000029f9d7225a0 JavaThread "Timer-3"                           [_thread_blocked, id=21268, stack(0x000000bb2f000000,0x000000bb2f100000) (1024K)]
  0x0000029f9d723fe0 JavaThread "Timer-4"                           [_thread_blocked, id=5096, stack(0x000000bb2f500000,0x000000bb2f600000) (1024K)]
  0x0000029f9d7204d0 JavaThread "Timer-5"                           [_thread_blocked, id=19360, stack(0x000000bb2f800000,0x000000bb2f900000) (1024K)]
Total: 37

Other Threads:
  0x0000029f3cb5dda0 VMThread "VM Thread"                           [id=20356, stack(0x000000bb2cb00000,0x000000bb2cc00000) (1024K)]
  0x0000029f3ccedc50 WatcherThread "VM Periodic Task Thread"        [id=16216, stack(0x000000bb2ca00000,0x000000bb2cb00000) (1024K)]
  0x0000029f3cc9fdb0 WorkerThread "GC Thread#0"                     [id=18392, stack(0x000000bb2c900000,0x000000bb2ca00000) (1024K)]
  0x0000029f95667a30 WorkerThread "GC Thread#1"                     [id=20740, stack(0x000000bb2d600000,0x000000bb2d700000) (1024K)]
  0x0000029f957908e0 WorkerThread "GC Thread#2"                     [id=17320, stack(0x000000bb2d700000,0x000000bb2d800000) (1024K)]
  0x0000029f95790c90 WorkerThread "GC Thread#3"                     [id=540, stack(0x000000bb2d800000,0x000000bb2d900000) (1024K)]
Total: 6

Threads with active compile tasks:
C2 CompilerThread0  255223 8031   !   4       org.eclipse.jdt.internal.core.search.indexing.BinaryIndexer::indexDocument (1172 bytes)
Total: 1

VM state: at safepoint (normal execution)

VM Mutex/Monitor currently owned by a thread:  ([mutex/lock_event])
[0x00007fff86d5f5b0] Threads_lock - owner thread: 0x0000029f3cb5dda0
[0x00007fff86d5f6b0] Heap_lock - owner thread: 0x0000029f9a6523a0

Heap address: 0x0000000080000000, size: 2048 MB, Compressed Oops mode: 32-bit

CDS archive(s) mapped at: [0x0000029f54000000-0x0000029f54ba0000-0x0000029f54ba0000), size 12189696, SharedBaseAddress: 0x0000029f54000000, ArchiveRelocationMode: 1.
Compressed class space mapped at: 0x0000029f55000000-0x0000029f95000000, reserved size: 1073741824
Narrow klass base: 0x0000029f54000000, Narrow klass shift: 0, Narrow klass range: 0x100000000

GC Precious Log:
 CardTable entry size: 512
 CPUs: 4 total, 4 available
 Memory: 4005M
 Large Page Support: Disabled
 NUMA Support: Disabled
 Compressed Oops: Enabled (32-bit)
 Alignments: Space 512K, Generation 512K, Heap 2M
 Heap Min Capacity: 100M
 Heap Initial Capacity: 100M
 Heap Max Capacity: 2G
 Pre-touch: Disabled
 Parallel Workers: 4

Heap:
 PSYoungGen      total 7168K, used 6848K [0x00000000d5580000, 0x00000000d5e00000, 0x0000000100000000)
  eden space 5632K, 100% used [0x00000000d5580000,0x00000000d5b00000,0x00000000d5b00000)
  from space 1536K, 79% used [0x00000000d5b00000,0x00000000d5c30000,0x00000000d5c80000)
  to   space 1536K, 83% used [0x00000000d5c80000,0x00000000d5dc22b8,0x00000000d5e00000)
 ParOldGen       total 161280K, used 160783K [0x0000000080000000, 0x0000000089d80000, 0x00000000d5580000)
  object space 161280K, 99% used [0x0000000080000000,0x0000000089d03da0,0x0000000089d80000)
 Metaspace       used 59897K, committed 61312K, reserved 1114112K
  class space    used 7047K, committed 7680K, reserved 1048576K

Card table byte_map: [0x0000029f3c630000,0x0000029f3ca40000] _byte_map_base: 0x0000029f3c230000

Marking Bits: (ParMarkBitMap*) 0x00007fff86d644a0
 Begin Bits: [0x0000029f4f140000, 0x0000029f51140000)
 End Bits:   [0x0000029f51140000, 0x0000029f53140000)

Polling page: 0x0000029f3ab40000

Metaspace:

Usage:
  Non-class:     51.61 MB used.
      Class:      6.88 MB used.
       Both:     58.49 MB used.

Virtual space:
  Non-class space:       64.00 MB reserved,      52.38 MB ( 82%) committed,  1 nodes.
      Class space:        1.00 GB reserved,       7.50 MB ( <1%) committed,  1 nodes.
             Both:        1.06 GB reserved,      59.88 MB (  6%) committed. 

Chunk freelists:
   Non-Class:  11.47 MB
       Class:  8.42 MB
        Both:  19.89 MB

MaxMetaspaceSize: unlimited
CompressedClassSpaceSize: 1.00 GB
Initial GC threshold: 21.00 MB
Current GC threshold: 97.31 MB
CDS: on
 - commit_granule_bytes: 65536.
 - commit_granule_words: 8192.
 - virtual_space_node_default_size: 8388608.
 - enlarge_chunks_in_place: 1.
 - use_allocation_guard: 0.


Internal statistics:

num_allocs_failed_limit: 9.
num_arena_births: 1134.
num_arena_deaths: 22.
num_vsnodes_births: 2.
num_vsnodes_deaths: 0.
num_space_committed: 958.
num_space_uncommitted: 0.
num_chunks_returned_to_freelist: 34.
num_chunks_taken_from_freelist: 3885.
num_chunk_merges: 11.
num_chunk_splits: 2391.
num_chunks_enlarged: 1381.
num_inconsistent_stats: 0.

CodeHeap 'non-profiled nmethods': size=120000Kb used=5302Kb max_used=5302Kb free=114697Kb
 bounds [0x0000029f47960000, 0x0000029f47e90000, 0x0000029f4ee90000]
CodeHeap 'profiled nmethods': size=120000Kb used=15168Kb max_used=15168Kb free=104831Kb
 bounds [0x0000029f3fe90000, 0x0000029f40d70000, 0x0000029f473c0000]
CodeHeap 'non-nmethods': size=5760Kb used=1399Kb max_used=1491Kb free=4360Kb
 bounds [0x0000029f473c0000, 0x0000029f47630000, 0x0000029f47960000]
CodeCache: size=245760Kb, used=21869Kb, max_used=21961Kb, free=223888Kb
 total_blobs=7956, nmethods=7244, adapters=618, full_count=0
Compilation: enabled, stopped_count=0, restarted_count=0

Compilation events (20 events):
Event: 253.721 Thread 0x0000029f3cbe2e10 8027       1       org.eclipse.jdt.internal.compiler.classfmt.ModuleInfo$PackageExportInfo::name (5 bytes)
Event: 253.722 Thread 0x0000029f3cbe2e10 nmethod 8027 0x0000029f47e76990 code [0x0000029f47e76b20, 0x0000029f47e76be8]
Event: 253.722 Thread 0x0000029f3cbe2e10 8028       1       org.eclipse.jdt.internal.compiler.classfmt.ModuleInfo$PackageExportInfo::targets (5 bytes)
Event: 253.722 Thread 0x0000029f3cbe2e10 nmethod 8028 0x0000029f47e76c90 code [0x0000029f47e76e20, 0x0000029f47e76ee8]
Event: 253.770 Thread 0x0000029f3cb6f020 nmethod 8013 0x0000029f47e76f90 code [0x0000029f47e77c80, 0x0000029f47e827c0]
Event: 253.773 Thread 0x0000029f3cb6f020 8025       4       java.lang.StringConcatHelper::newString (67 bytes)
Event: 253.782 Thread 0x0000029f3cbe2e10 8029 % !   2       org.eclipse.jdt.internal.core.search.indexing.BinaryIndexer::indexDocument @ 563 (1172 bytes)
Event: 253.787 Thread 0x0000029f3cb6f020 nmethod 8025 0x0000029f47e89110 code [0x0000029f47e892e0, 0x0000029f47e89830]
Event: 253.787 Thread 0x0000029f3cb6f020 8009       4       org.eclipse.jdt.internal.compiler.classfmt.MethodInfo::decodeLocalVariableAttribute (158 bytes)
Event: 253.797 Thread 0x0000029f3cbe2e10 nmethod 8029% 0x0000029f40d51f90 code [0x0000029f40d526c0, 0x0000029f40d55990]
Event: 253.819 Thread 0x0000029f3cb6f020 nmethod 8009 0x0000029f47e89a10 code [0x0000029f47e89c60, 0x0000029f47e8ace8]
Event: 253.819 Thread 0x0000029f3cb6f020 8014       4       jdk.internal.jimage.ImageReader$SharedImageReader::makeDirectories (54 bytes)
Event: 253.821 Thread 0x0000029f3cbe2e10 8030 % !   2       org.eclipse.jdt.internal.core.search.indexing.BinaryIndexer::indexDocument @ 956 (1172 bytes)
Event: 253.832 Thread 0x0000029f3cbe2e10 nmethod 8030% 0x0000029f40d59290 code [0x0000029f40d599a0, 0x0000029f40d5c9c8]
Event: 253.867 Thread 0x0000029f3cb6f020 nmethod 8014 0x0000029f47e8b690 code [0x0000029f47e8b960, 0x0000029f47e8ccb0]
Event: 253.867 Thread 0x0000029f3cb6f020 8031   !   4       org.eclipse.jdt.internal.core.search.indexing.BinaryIndexer::indexDocument (1172 bytes)
Event: 254.207 Thread 0x0000029f3cbe2e10 8032       3       org.eclipse.jdt.internal.compiler.classfmt.ClassFileReader::getInnerSourceName (17 bytes)
Event: 254.207 Thread 0x0000029f3cbe2e10 nmethod 8032 0x0000029f40d60090 code [0x0000029f40d60240, 0x0000029f40d603f0]
Event: 254.787 Thread 0x0000029f3cbe2e10 8036       3       org.eclipse.jdt.internal.compiler.classfmt.MethodInfo::getArgumentNames (16 bytes)
Event: 254.787 Thread 0x0000029f3cbe2e10 nmethod 8036 0x0000029f40d60510 code [0x0000029f40d606c0, 0x0000029f40d60840]

GC Heap History (20 events):
Event: 254.356 GC heap after
{Heap after GC invocations=108 (full 3):
 PSYoungGen      total 7168K, used 1257K [0x00000000d5580000, 0x00000000d5e00000, 0x0000000100000000)
  eden space 5632K, 0% used [0x00000000d5580000,0x00000000d5580000,0x00000000d5b00000)
  from space 1536K, 81% used [0x00000000d5b00000,0x00000000d5c3a648,0x00000000d5c80000)
  to   space 1536K, 0% used [0x00000000d5c80000,0x00000000d5c80000,0x00000000d5e00000)
 ParOldGen       total 150528K, used 150030K [0x0000000080000000, 0x0000000089300000, 0x00000000d5580000)
  object space 150528K, 99% used [0x0000000080000000,0x0000000089283818,0x0000000089300000)
 Metaspace       used 59897K, committed 61312K, reserved 1114112K
  class space    used 7047K, committed 7680K, reserved 1048576K
}
Event: 254.407 GC heap before
{Heap before GC invocations=109 (full 3):
 PSYoungGen      total 7168K, used 6889K [0x00000000d5580000, 0x00000000d5e00000, 0x0000000100000000)
  eden space 5632K, 100% used [0x00000000d5580000,0x00000000d5b00000,0x00000000d5b00000)
  from space 1536K, 81% used [0x00000000d5b00000,0x00000000d5c3a648,0x00000000d5c80000)
  to   space 1536K, 0% used [0x00000000d5c80000,0x00000000d5c80000,0x00000000d5e00000)
 ParOldGen       total 150528K, used 150030K [0x0000000080000000, 0x0000000089300000, 0x00000000d5580000)
  object space 150528K, 99% used [0x0000000080000000,0x0000000089283818,0x0000000089300000)
 Metaspace       used 59897K, committed 61312K, reserved 1114112K
  class space    used 7047K, committed 7680K, reserved 1048576K
}
Event: 254.410 GC heap after
{Heap after GC invocations=109 (full 3):
 PSYoungGen      total 7168K, used 1288K [0x00000000d5580000, 0x00000000d5e00000, 0x0000000100000000)
  eden space 5632K, 0% used [0x00000000d5580000,0x00000000d5580000,0x00000000d5b00000)
  from space 1536K, 83% used [0x00000000d5c80000,0x00000000d5dc2368,0x00000000d5e00000)
  to   space 1536K, 0% used [0x00000000d5b00000,0x00000000d5b00000,0x00000000d5c80000)
 ParOldGen       total 151552K, used 151207K [0x0000000080000000, 0x0000000089400000, 0x00000000d5580000)
  object space 151552K, 99% used [0x0000000080000000,0x00000000893a9e30,0x0000000089400000)
 Metaspace       used 59897K, committed 61312K, reserved 1114112K
  class space    used 7047K, committed 7680K, reserved 1048576K
}
Event: 254.466 GC heap before
{Heap before GC invocations=110 (full 3):
 PSYoungGen      total 7168K, used 6920K [0x00000000d5580000, 0x00000000d5e00000, 0x0000000100000000)
  eden space 5632K, 100% used [0x00000000d5580000,0x00000000d5b00000,0x00000000d5b00000)
  from space 1536K, 83% used [0x00000000d5c80000,0x00000000d5dc2368,0x00000000d5e00000)
  to   space 1536K, 0% used [0x00000000d5b00000,0x00000000d5b00000,0x00000000d5c80000)
 ParOldGen       total 151552K, used 151207K [0x0000000080000000, 0x0000000089400000, 0x00000000d5580000)
  object space 151552K, 99% used [0x0000000080000000,0x00000000893a9e30,0x0000000089400000)
 Metaspace       used 59897K, committed 61312K, reserved 1114112K
  class space    used 7047K, committed 7680K, reserved 1048576K
}
Event: 254.470 GC heap after
{Heap after GC invocations=110 (full 3):
 PSYoungGen      total 7168K, used 1275K [0x00000000d5580000, 0x00000000d5e00000, 0x0000000100000000)
  eden space 5632K, 0% used [0x00000000d5580000,0x00000000d5580000,0x00000000d5b00000)
  from space 1536K, 83% used [0x00000000d5b00000,0x00000000d5c3eec8,0x00000000d5c80000)
  to   space 1536K, 0% used [0x00000000d5c80000,0x00000000d5c80000,0x00000000d5e00000)
 ParOldGen       total 152576K, used 152413K [0x0000000080000000, 0x0000000089500000, 0x00000000d5580000)
  object space 152576K, 99% used [0x0000000080000000,0x00000000894d77c0,0x0000000089500000)
 Metaspace       used 59897K, committed 61312K, reserved 1114112K
  class space    used 7047K, committed 7680K, reserved 1048576K
}
Event: 254.515 GC heap before
{Heap before GC invocations=111 (full 3):
 PSYoungGen      total 7168K, used 6907K [0x00000000d5580000, 0x00000000d5e00000, 0x0000000100000000)
  eden space 5632K, 100% used [0x00000000d5580000,0x00000000d5b00000,0x00000000d5b00000)
  from space 1536K, 83% used [0x00000000d5b00000,0x00000000d5c3eec8,0x00000000d5c80000)
  to   space 1536K, 0% used [0x00000000d5c80000,0x00000000d5c80000,0x00000000d5e00000)
 ParOldGen       total 152576K, used 152413K [0x0000000080000000, 0x0000000089500000, 0x00000000d5580000)
  object space 152576K, 99% used [0x0000000080000000,0x00000000894d77c0,0x0000000089500000)
 Metaspace       used 59897K, committed 61312K, reserved 1114112K
  class space    used 7047K, committed 7680K, reserved 1048576K
}
Event: 254.519 GC heap after
{Heap after GC invocations=111 (full 3):
 PSYoungGen      total 7168K, used 1284K [0x00000000d5580000, 0x00000000d5e00000, 0x0000000100000000)
  eden space 5632K, 0% used [0x00000000d5580000,0x00000000d5580000,0x00000000d5b00000)
  from space 1536K, 83% used [0x00000000d5c80000,0x00000000d5dc13f8,0x00000000d5e00000)
  to   space 1536K, 0% used [0x00000000d5b00000,0x00000000d5b00000,0x00000000d5c80000)
 ParOldGen       total 153600K, used 153599K [0x0000000080000000, 0x0000000089600000, 0x00000000d5580000)
  object space 153600K, 99% used [0x0000000080000000,0x00000000895ffee8,0x0000000089600000)
 Metaspace       used 59897K, committed 61312K, reserved 1114112K
  class space    used 7047K, committed 7680K, reserved 1048576K
}
Event: 254.570 GC heap before
{Heap before GC invocations=112 (full 3):
 PSYoungGen      total 7168K, used 6916K [0x00000000d5580000, 0x00000000d5e00000, 0x0000000100000000)
  eden space 5632K, 100% used [0x00000000d5580000,0x00000000d5b00000,0x00000000d5b00000)
  from space 1536K, 83% used [0x00000000d5c80000,0x00000000d5dc13f8,0x00000000d5e00000)
  to   space 1536K, 0% used [0x00000000d5b00000,0x00000000d5b00000,0x00000000d5c80000)
 ParOldGen       total 153600K, used 153599K [0x0000000080000000, 0x0000000089600000, 0x00000000d5580000)
  object space 153600K, 99% used [0x0000000080000000,0x00000000895ffee8,0x0000000089600000)
 Metaspace       used 59897K, committed 61312K, reserved 1114112K
  class space    used 7047K, committed 7680K, reserved 1048576K
}
Event: 254.572 GC heap after
{Heap after GC invocations=112 (full 3):
 PSYoungGen      total 7168K, used 1241K [0x00000000d5580000, 0x00000000d5e00000, 0x0000000100000000)
  eden space 5632K, 0% used [0x00000000d5580000,0x00000000d5580000,0x00000000d5b00000)
  from space 1536K, 80% used [0x00000000d5b00000,0x00000000d5c367e0,0x00000000d5c80000)
  to   space 1536K, 0% used [0x00000000d5c80000,0x00000000d5c80000,0x00000000d5e00000)
 ParOldGen       total 155136K, used 154768K [0x0000000080000000, 0x0000000089780000, 0x00000000d5580000)
  object space 155136K, 99% used [0x0000000080000000,0x0000000089724388,0x0000000089780000)
 Metaspace       used 59897K, committed 61312K, reserved 1114112K
  class space    used 7047K, committed 7680K, reserved 1048576K
}
Event: 254.618 GC heap before
{Heap before GC invocations=113 (full 3):
 PSYoungGen      total 7168K, used 6873K [0x00000000d5580000, 0x00000000d5e00000, 0x0000000100000000)
  eden space 5632K, 100% used [0x00000000d5580000,0x00000000d5b00000,0x00000000d5b00000)
  from space 1536K, 80% used [0x00000000d5b00000,0x00000000d5c367e0,0x00000000d5c80000)
  to   space 1536K, 0% used [0x00000000d5c80000,0x00000000d5c80000,0x00000000d5e00000)
 ParOldGen       total 155136K, used 154768K [0x0000000080000000, 0x0000000089780000, 0x00000000d5580000)
  object space 155136K, 99% used [0x0000000080000000,0x0000000089724388,0x0000000089780000)
 Metaspace       used 59897K, committed 61312K, reserved 1114112K
  class space    used 7047K, committed 7680K, reserved 1048576K
}
Event: 254.622 GC heap after
{Heap after GC invocations=113 (full 3):
 PSYoungGen      total 7168K, used 1291K [0x00000000d5580000, 0x00000000d5e00000, 0x0000000100000000)
  eden space 5632K, 0% used [0x00000000d5580000,0x00000000d5580000,0x00000000d5b00000)
  from space 1536K, 84% used [0x00000000d5c80000,0x00000000d5dc2cb8,0x00000000d5e00000)
  to   space 1536K, 0% used [0x00000000d5b00000,0x00000000d5b00000,0x00000000d5c80000)
 ParOldGen       total 156160K, used 155944K [0x0000000080000000, 0x0000000089880000, 0x00000000d5580000)
  object space 156160K, 99% used [0x0000000080000000,0x000000008984a1b8,0x0000000089880000)
 Metaspace       used 59897K, committed 61312K, reserved 1114112K
  class space    used 7047K, committed 7680K, reserved 1048576K
}
Event: 254.673 GC heap before
{Heap before GC invocations=114 (full 3):
 PSYoungGen      total 7168K, used 6923K [0x00000000d5580000, 0x00000000d5e00000, 0x0000000100000000)
  eden space 5632K, 100% used [0x00000000d5580000,0x00000000d5b00000,0x00000000d5b00000)
  from space 1536K, 84% used [0x00000000d5c80000,0x00000000d5dc2cb8,0x00000000d5e00000)
  to   space 1536K, 0% used [0x00000000d5b00000,0x00000000d5b00000,0x00000000d5c80000)
 ParOldGen       total 156160K, used 155944K [0x0000000080000000, 0x0000000089880000, 0x00000000d5580000)
  object space 156160K, 99% used [0x0000000080000000,0x000000008984a1b8,0x0000000089880000)
 Metaspace       used 59897K, committed 61312K, reserved 1114112K
  class space    used 7047K, committed 7680K, reserved 1048576K
}
Event: 254.676 GC heap after
{Heap after GC invocations=114 (full 3):
 PSYoungGen      total 7168K, used 1394K [0x00000000d5580000, 0x00000000d5e00000, 0x0000000100000000)
  eden space 5632K, 0% used [0x00000000d5580000,0x00000000d5580000,0x00000000d5b00000)
  from space 1536K, 90% used [0x00000000d5b00000,0x00000000d5c5cba8,0x00000000d5c80000)
  to   space 1536K, 0% used [0x00000000d5c80000,0x00000000d5c80000,0x00000000d5e00000)
 ParOldGen       total 157184K, used 157131K [0x0000000080000000, 0x0000000089980000, 0x00000000d5580000)
  object space 157184K, 99% used [0x0000000080000000,0x0000000089972de0,0x0000000089980000)
 Metaspace       used 59897K, committed 61312K, reserved 1114112K
  class space    used 7047K, committed 7680K, reserved 1048576K
}
Event: 254.737 GC heap before
{Heap before GC invocations=115 (full 3):
 PSYoungGen      total 7168K, used 7026K [0x00000000d5580000, 0x00000000d5e00000, 0x0000000100000000)
  eden space 5632K, 100% used [0x00000000d5580000,0x00000000d5b00000,0x00000000d5b00000)
  from space 1536K, 90% used [0x00000000d5b00000,0x00000000d5c5cba8,0x00000000d5c80000)
  to   space 1536K, 0% used [0x00000000d5c80000,0x00000000d5c80000,0x00000000d5e00000)
 ParOldGen       total 157184K, used 157131K [0x0000000080000000, 0x0000000089980000, 0x00000000d5580000)
  object space 157184K, 99% used [0x0000000080000000,0x0000000089972de0,0x0000000089980000)
 Metaspace       used 59897K, committed 61312K, reserved 1114112K
  class space    used 7047K, committed 7680K, reserved 1048576K
}
Event: 254.740 GC heap after
{Heap after GC invocations=115 (full 3):
 PSYoungGen      total 7168K, used 1336K [0x00000000d5580000, 0x00000000d5e00000, 0x0000000100000000)
  eden space 5632K, 0% used [0x00000000d5580000,0x00000000d5580000,0x00000000d5b00000)
  from space 1536K, 87% used [0x00000000d5c80000,0x00000000d5dce1f8,0x00000000d5e00000)
  to   space 1536K, 0% used [0x00000000d5b00000,0x00000000d5b00000,0x00000000d5c80000)
 ParOldGen       total 158720K, used 158432K [0x0000000080000000, 0x0000000089b00000, 0x00000000d5580000)
  object space 158720K, 99% used [0x0000000080000000,0x0000000089ab81a8,0x0000000089b00000)
 Metaspace       used 59897K, committed 61312K, reserved 1114112K
  class space    used 7047K, committed 7680K, reserved 1048576K
}
Event: 254.875 GC heap before
{Heap before GC invocations=116 (full 3):
 PSYoungGen      total 7168K, used 6968K [0x00000000d5580000, 0x00000000d5e00000, 0x0000000100000000)
  eden space 5632K, 100% used [0x00000000d5580000,0x00000000d5b00000,0x00000000d5b00000)
  from space 1536K, 87% used [0x00000000d5c80000,0x00000000d5dce1f8,0x00000000d5e00000)
  to   space 1536K, 0% used [0x00000000d5b00000,0x00000000d5b00000,0x00000000d5c80000)
 ParOldGen       total 158720K, used 158432K [0x0000000080000000, 0x0000000089b00000, 0x00000000d5580000)
  object space 158720K, 99% used [0x0000000080000000,0x0000000089ab81a8,0x0000000089b00000)
 Metaspace       used 59897K, committed 61312K, reserved 1114112K
  class space    used 7047K, committed 7680K, reserved 1048576K
}
Event: 254.881 GC heap after
{Heap after GC invocations=116 (full 3):
 PSYoungGen      total 7168K, used 1216K [0x00000000d5580000, 0x00000000d5e00000, 0x0000000100000000)
  eden space 5632K, 0% used [0x00000000d5580000,0x00000000d5580000,0x00000000d5b00000)
  from space 1536K, 79% used [0x00000000d5b00000,0x00000000d5c30000,0x00000000d5c80000)
  to   space 1536K, 0% used [0x00000000d5c80000,0x00000000d5c80000,0x00000000d5e00000)
 ParOldGen       total 159744K, used 159672K [0x0000000080000000, 0x0000000089c00000, 0x00000000d5580000)
  object space 159744K, 99% used [0x0000000080000000,0x0000000089bee2a8,0x0000000089c00000)
 Metaspace       used 59897K, committed 61312K, reserved 1114112K
  class space    used 7047K, committed 7680K, reserved 1048576K
}
Event: 254.971 GC heap before
{Heap before GC invocations=117 (full 3):
 PSYoungGen      total 7168K, used 6848K [0x00000000d5580000, 0x00000000d5e00000, 0x0000000100000000)
  eden space 5632K, 100% used [0x00000000d5580000,0x00000000d5b00000,0x00000000d5b00000)
  from space 1536K, 79% used [0x00000000d5b00000,0x00000000d5c30000,0x00000000d5c80000)
  to   space 1536K, 0% used [0x00000000d5c80000,0x00000000d5c80000,0x00000000d5e00000)
 ParOldGen       total 159744K, used 159672K [0x0000000080000000, 0x0000000089c00000, 0x00000000d5580000)
  object space 159744K, 99% used [0x0000000080000000,0x0000000089bee2a8,0x0000000089c00000)
 Metaspace       used 59897K, committed 61312K, reserved 1114112K
  class space    used 7047K, committed 7680K, reserved 1048576K
}
Event: 254.976 GC heap after
{Heap after GC invocations=117 (full 3):
 PSYoungGen      total 7168K, used 6848K [0x00000000d5580000, 0x00000000d5e00000, 0x0000000100000000)
  eden space 5632K, 100% used [0x00000000d5580000,0x00000000d5b00000,0x00000000d5b00000)
  from space 1536K, 79% used [0x00000000d5b00000,0x00000000d5c30000,0x00000000d5c80000)
  to   space 1536K, 83% used [0x00000000d5c80000,0x00000000d5dc22b8,0x00000000d5e00000)
 ParOldGen       total 161280K, used 160783K [0x0000000080000000, 0x0000000089d80000, 0x00000000d5580000)
  object space 161280K, 99% used [0x0000000080000000,0x0000000089d03da0,0x0000000089d80000)
 Metaspace       used 59897K, committed 61312K, reserved 1114112K
  class space    used 7047K, committed 7680K, reserved 1048576K
}
Event: 254.976 GC heap before
{Heap before GC invocations=118 (full 4):
 PSYoungGen      total 7168K, used 6848K [0x00000000d5580000, 0x00000000d5e00000, 0x0000000100000000)
  eden space 5632K, 100% used [0x00000000d5580000,0x00000000d5b00000,0x00000000d5b00000)
  from space 1536K, 79% used [0x00000000d5b00000,0x00000000d5c30000,0x00000000d5c80000)
  to   space 1536K, 83% used [0x00000000d5c80000,0x00000000d5dc22b8,0x00000000d5e00000)
 ParOldGen       total 161280K, used 160783K [0x0000000080000000, 0x0000000089d80000, 0x00000000d5580000)
  object space 161280K, 99% used [0x0000000080000000,0x0000000089d03da0,0x0000000089d80000)
 Metaspace       used 59897K, committed 61312K, reserved 1114112K
  class space    used 7047K, committed 7680K, reserved 1048576K
}

Dll operation events (20 events):
Event: 0.933 Attempting to load shared library C:\Users\welcome\.vscode\extensions\redhat.java-1.56.0-win32-x64\jre\21.0.12.1-win32-x86_64\bin\nio.dll
Event: 0.934 Loaded shared library C:\Users\welcome\.vscode\extensions\redhat.java-1.56.0-win32-x64\jre\21.0.12.1-win32-x86_64\bin\nio.dll
Event: 0.967 Attempting to load shared library C:\Users\welcome\.vscode\extensions\redhat.java-1.56.0-win32-x64\jre\21.0.12.1-win32-x86_64\bin\zip.dll
Event: 0.967 Loaded shared library C:\Users\welcome\.vscode\extensions\redhat.java-1.56.0-win32-x64\jre\21.0.12.1-win32-x86_64\bin\zip.dll
Event: 1.099 Attempting to load shared library C:\Users\welcome\.vscode\extensions\redhat.java-1.56.0-win32-x64\jre\21.0.12.1-win32-x86_64\bin\jimage.dll
Event: 1.099 Loaded shared library C:\Users\welcome\.vscode\extensions\redhat.java-1.56.0-win32-x64\jre\21.0.12.1-win32-x86_64\bin\jimage.dll
Event: 1.745 Attempting to load shared library c:\Users\welcome\.vscode\extensions\redhat.java-1.56.0-win32-x64\jre\21.0.12.1-win32-x86_64\bin\verify.dll
Event: 1.748 Loaded shared library c:\Users\welcome\.vscode\extensions\redhat.java-1.56.0-win32-x64\jre\21.0.12.1-win32-x86_64\bin\verify.dll
Event: 12.568 Attempting to load shared library C:\Users\welcome\AppData\Roaming\Code\User\globalStorage\redhat.java\1.56.0\config_win\org.eclipse.equinox.launcher\org.eclipse.equinox.launcher.win32.win32.x86_64_1.3.100.v20260804-1928\eclipse_11924.dll
Event: 12.575 Loaded shared library C:\Users\welcome\AppData\Roaming\Code\User\globalStorage\redhat.java\1.56.0\config_win\org.eclipse.equinox.launcher\org.eclipse.equinox.launcher.win32.win32.x86_64_1.3.100.v20260804-1928\eclipse_11924.dll
Event: 23.078 Attempting to load shared library C:\Users\welcome\AppData\Local\Temp\jna-1233099618\jna6137879556229606004.dll
Event: 23.481 Loaded shared library C:\Users\welcome\AppData\Local\Temp\jna-1233099618\jna6137879556229606004.dll
Event: 44.982 Attempting to load shared library C:\Users\welcome\.gradle\native\c067742578af261105cb4f569cf0c3c89f3d7b1fecec35dd04571415982c5e48\windows-amd64\native-platform.dll
Event: 45.034 Loaded shared library C:\Users\welcome\.gradle\native\c067742578af261105cb4f569cf0c3c89f3d7b1fecec35dd04571415982c5e48\windows-amd64\native-platform.dll
Event: 92.255 Attempting to load shared library C:\Users\welcome\.vscode\extensions\redhat.java-1.56.0-win32-x64\jre\21.0.12.1-win32-x86_64\bin\management.dll
Event: 92.257 Loaded shared library C:\Users\welcome\.vscode\extensions\redhat.java-1.56.0-win32-x64\jre\21.0.12.1-win32-x86_64\bin\management.dll
Event: 92.304 Attempting to load shared library C:\Users\welcome\.vscode\extensions\redhat.java-1.56.0-win32-x64\jre\21.0.12.1-win32-x86_64\bin\management_ext.dll
Event: 92.307 Loaded shared library C:\Users\welcome\.vscode\extensions\redhat.java-1.56.0-win32-x64\jre\21.0.12.1-win32-x86_64\bin\management_ext.dll
Event: 118.975 Attempting to load shared library C:\Users\welcome\.vscode\extensions\redhat.java-1.56.0-win32-x64\jre\21.0.12.1-win32-x86_64\bin\extnet.dll
Event: 118.980 Loaded shared library C:\Users\welcome\.vscode\extensions\redhat.java-1.56.0-win32-x64\jre\21.0.12.1-win32-x86_64\bin\extnet.dll

Deoptimization events (20 events):
Event: 253.771 Thread 0x0000029f9a6523a0 Uncommon trap: trap_request=0xffffffbe fr.pc=0x0000029f47e7e864 relative=0x0000000000006be4
Event: 253.771 Thread 0x0000029f9a6523a0 Uncommon trap: reason=profile_predicate action=maybe_recompile pc=0x0000029f47e7e864 method=java.net.URI$Parser.scan(IILjava/lang/String;)I @ 6 c2
Event: 253.771 Thread 0x0000029f9a6523a0 DEOPT PACKING pc=0x0000029f47e7e864 sp=0x000000bb2e5fe980
Event: 253.771 Thread 0x0000029f9a6523a0 DEOPT UNPACKING pc=0x0000029f47413aa2 sp=0x000000bb2e5fe5a0 mode 2
Event: 253.772 Thread 0x0000029f9a6523a0 Uncommon trap: trap_request=0xffffffbe fr.pc=0x0000029f47e7e864 relative=0x0000000000006be4
Event: 253.772 Thread 0x0000029f9a6523a0 Uncommon trap: reason=profile_predicate action=maybe_recompile pc=0x0000029f47e7e864 method=java.net.URI$Parser.scan(IILjava/lang/String;)I @ 6 c2
Event: 253.772 Thread 0x0000029f9a6523a0 DEOPT PACKING pc=0x0000029f47e7e864 sp=0x000000bb2e5fe980
Event: 253.773 Thread 0x0000029f9a6523a0 DEOPT UNPACKING pc=0x0000029f47413aa2 sp=0x000000bb2e5fe5a0 mode 2
Event: 253.773 Thread 0x0000029f9a6523a0 Uncommon trap: trap_request=0xffffffbe fr.pc=0x0000029f47e7e864 relative=0x0000000000006be4
Event: 253.773 Thread 0x0000029f9a6523a0 Uncommon trap: reason=profile_predicate action=maybe_recompile pc=0x0000029f47e7e864 method=java.net.URI$Parser.scan(IILjava/lang/String;)I @ 6 c2
Event: 253.773 Thread 0x0000029f9a6523a0 DEOPT PACKING pc=0x0000029f47e7e864 sp=0x000000bb2e5fe980
Event: 253.773 Thread 0x0000029f9a6523a0 DEOPT UNPACKING pc=0x0000029f47413aa2 sp=0x000000bb2e5fe5a0 mode 2
Event: 253.773 Thread 0x0000029f9a6523a0 Uncommon trap: trap_request=0xffffffbe fr.pc=0x0000029f47e7e864 relative=0x0000000000006be4
Event: 253.773 Thread 0x0000029f9a6523a0 Uncommon trap: reason=profile_predicate action=maybe_recompile pc=0x0000029f47e7e864 method=java.net.URI$Parser.scan(IILjava/lang/String;)I @ 6 c2
Event: 253.773 Thread 0x0000029f9a6523a0 DEOPT PACKING pc=0x0000029f47e7e864 sp=0x000000bb2e5fe980
Event: 253.773 Thread 0x0000029f9a6523a0 DEOPT UNPACKING pc=0x0000029f47413aa2 sp=0x000000bb2e5fe5a0 mode 2
Event: 254.765 Thread 0x0000029f9a6523a0 Uncommon trap: trap_request=0xffffff45 fr.pc=0x0000029f47e0859c relative=0x000000000000007c
Event: 254.765 Thread 0x0000029f9a6523a0 Uncommon trap: reason=unstable_if action=reinterpret pc=0x0000029f47e0859c method=org.eclipse.jdt.internal.compiler.classfmt.MethodInfo.getArgumentNames()[[C @ 4 c2
Event: 254.765 Thread 0x0000029f9a6523a0 DEOPT PACKING pc=0x0000029f47e0859c sp=0x000000bb2e5fe8b0
Event: 254.765 Thread 0x0000029f9a6523a0 DEOPT UNPACKING pc=0x0000029f47413aa2 sp=0x000000bb2e5fe850 mode 2

Classes loaded (20 events):
Event: 119.316 Loading class sun/nio/ch/DummySocketImpl
Event: 119.317 Loading class java/net/SocketImpl
Event: 119.317 Loading class java/net/SocketOptions
Event: 119.317 Loading class java/net/SocketOptions done
Event: 119.317 Loading class java/net/SocketImpl done
Event: 119.317 Loading class sun/nio/ch/DummySocketImpl done
Event: 119.317 Loading class sun/net/NetHooks
Event: 119.318 Loading class sun/net/NetHooks done
Event: 119.321 Loading class sun/net/util/SocketExceptions
Event: 119.335 Loading class sun/net/util/SocketExceptions done
Event: 121.911 Loading class java/nio/charset/CharacterCodingException
Event: 121.911 Loading class java/nio/charset/CharacterCodingException done
Event: 122.264 Loading class java/lang/ProcessBuilder$NullInputStream
Event: 122.341 Loading class java/lang/ProcessBuilder$NullInputStream done
Event: 122.361 Loading class java/util/Scanner
Event: 122.426 Loading class java/util/Scanner done
Event: 122.431 Loading class java/util/Scanner$PatternLRUCache
Event: 122.439 Loading class java/util/Scanner$PatternLRUCache done
Event: 124.614 Loading class java/util/regex/Matcher$ImmutableMatchResult
Event: 124.615 Loading class java/util/regex/Matcher$ImmutableMatchResult done

Classes unloaded (11 events):
Event: 26.142 Thread 0x0000029f3cb5dda0 Unloading class 0x0000029f551ac800 'java/lang/invoke/LambdaForm$MH+0x0000029f551ac800'
Event: 26.142 Thread 0x0000029f3cb5dda0 Unloading class 0x0000029f551ac400 'java/lang/invoke/LambdaForm$MH+0x0000029f551ac400'
Event: 26.142 Thread 0x0000029f3cb5dda0 Unloading class 0x0000029f551ac000 'java/lang/invoke/LambdaForm$MH+0x0000029f551ac000'
Event: 26.142 Thread 0x0000029f3cb5dda0 Unloading class 0x0000029f551abc00 'java/lang/invoke/LambdaForm$MH+0x0000029f551abc00'
Event: 26.142 Thread 0x0000029f3cb5dda0 Unloading class 0x0000029f551ab800 'java/lang/invoke/LambdaForm$BMH+0x0000029f551ab800'
Event: 26.142 Thread 0x0000029f3cb5dda0 Unloading class 0x0000029f551ab400 'java/lang/invoke/LambdaForm$DMH+0x0000029f551ab400'
Event: 26.142 Thread 0x0000029f3cb5dda0 Unloading class 0x0000029f551aa000 'java/lang/invoke/LambdaForm$DMH+0x0000029f551aa000'
Event: 35.619 Thread 0x0000029f3cb5dda0 Unloading class 0x0000029f552d9000 'java/lang/invoke/LambdaForm$MH+0x0000029f552d9000'
Event: 35.619 Thread 0x0000029f3cb5dda0 Unloading class 0x0000029f552d8400 'java/lang/invoke/LambdaForm$MH+0x0000029f552d8400'
Event: 35.619 Thread 0x0000029f3cb5dda0 Unloading class 0x0000029f552d3c00 'java/lang/invoke/LambdaForm$MH+0x0000029f552d3c00'
Event: 35.619 Thread 0x0000029f3cb5dda0 Unloading class 0x0000029f552cd800 'java/lang/invoke/LambdaForm$MH+0x0000029f552cd800'

Classes redefined (0 events):
No events

Internal exceptions (20 events):
Event: 116.636 Thread 0x0000029f9a651680 Exception <a 'sun/nio/fs/WindowsException'{0x00000000d616b868}> (0x00000000d616b868) 
thrown [s\src\hotspot\share\prims\jni.cpp, line 520]
Event: 116.637 Thread 0x0000029f9a651680 Exception <a 'sun/nio/fs/WindowsException'{0x00000000d616f6e8}> (0x00000000d616f6e8) 
thrown [s\src\hotspot\share\prims\jni.cpp, line 520]
Event: 116.639 Thread 0x0000029f9a651680 Exception <a 'sun/nio/fs/WindowsException'{0x00000000d617d850}> (0x00000000d617d850) 
thrown [s\src\hotspot\share\prims\jni.cpp, line 520]
Event: 116.640 Thread 0x0000029f9a651680 Exception <a 'sun/nio/fs/WindowsException'{0x00000000d61816a8}> (0x00000000d61816a8) 
thrown [s\src\hotspot\share\prims\jni.cpp, line 520]
Event: 116.866 Thread 0x0000029f9a651680 Exception <a 'sun/nio/fs/WindowsException'{0x00000000d62f0528}> (0x00000000d62f0528) 
thrown [s\src\hotspot\share\prims\jni.cpp, line 520]
Event: 116.867 Thread 0x0000029f9a651680 Exception <a 'sun/nio/fs/WindowsException'{0x00000000d62f41d8}> (0x00000000d62f41d8) 
thrown [s\src\hotspot\share\prims\jni.cpp, line 520]
Event: 116.868 Thread 0x0000029f9a651680 Exception <a 'sun/nio/fs/WindowsException'{0x00000000d62f7eb8}> (0x00000000d62f7eb8) 
thrown [s\src\hotspot\share\prims\jni.cpp, line 520]
Event: 117.080 Thread 0x0000029f9ba48710 Exception <a 'sun/nio/fs/WindowsException'{0x00000000d5653fc0}> (0x00000000d5653fc0) 
thrown [s\src\hotspot\share\prims\jni.cpp, line 520]
Event: 117.080 Thread 0x0000029f9ba48710 Exception <a 'sun/nio/fs/WindowsException'{0x00000000d5654700}> (0x00000000d5654700) 
thrown [s\src\hotspot\share\prims\jni.cpp, line 520]
Event: 117.083 Thread 0x0000029f9ba48710 Exception <a 'sun/nio/fs/WindowsException'{0x00000000d5658188}> (0x00000000d5658188) 
thrown [s\src\hotspot\share\prims\jni.cpp, line 520]
Event: 117.083 Thread 0x0000029f9ba48710 Exception <a 'sun/nio/fs/WindowsException'{0x00000000d56588c8}> (0x00000000d56588c8) 
thrown [s\src\hotspot\share\prims\jni.cpp, line 520]
Event: 117.131 Thread 0x0000029f9ba4c8b0 Exception <a 'sun/nio/fs/WindowsException'{0x00000000d56d8a88}> (0x00000000d56d8a88) 
thrown [s\src\hotspot\share\prims\jni.cpp, line 520]
Event: 117.196 Thread 0x0000029f9ba4c8b0 Exception <a 'java/io/FileNotFoundException'{0x00000000d5830af8}> (0x00000000d5830af8) 
thrown [s\src\hotspot\share\prims\jni.cpp, line 520]
Event: 117.199 Thread 0x0000029f9ba4c8b0 Exception <a 'java/io/FileNotFoundException'{0x00000000d5831d50}> (0x00000000d5831d50) 
thrown [s\src\hotspot\share\prims\jni.cpp, line 520]
Event: 117.199 Thread 0x0000029f9ba4c8b0 Exception <a 'java/io/FileNotFoundException'{0x00000000d5832d68}> (0x00000000d5832d68) 
thrown [s\src\hotspot\share\prims\jni.cpp, line 520]
Event: 118.896 Thread 0x0000029f9d71e400 Exception <a 'java/lang/NoSuchMethodError'{0x00000000d56abe78}: 'long java.lang.invoke.DirectMethodHandle$Holder.invokeVirtual(java.lang.Object, java.lang.Object)'> (0x00000000d56abe78) 
thrown [s\src\hotspot\share\interpreter\linkResolver.cpp, line 773]
Event: 118.897 Thread 0x0000029f9d71e400 Exception <a 'java/lang/NoSuchMethodError'{0x00000000d56af258}: 'long java.lang.invoke.DelegatingMethodHandle$Holder.reinvoke_L(java.lang.Object, java.lang.Object)'> (0x00000000d56af258) 
thrown [s\src\hotspot\share\interpreter\linkResolver.cpp, line 773]
Event: 119.321 Thread 0x0000029f9d71e400 Exception <a 'java/net/ConnectException'{0x00000000d59f43f0}: Connection refused: getsockopt> (0x00000000d59f43f0) 
thrown [s\src\hotspot\share\prims\jni.cpp, line 539]
Event: 232.389 Thread 0x0000029f9a6523a0 Implicit null exception at 0x0000029f47b427e9 to 0x0000029f47b42a08
Event: 245.786 Thread 0x0000029f9a6523a0 Implicit null exception at 0x0000029f47dec83b to 0x0000029f47df6978

ZGC Phase Switch (0 events):
No events

VM Operations (20 events):
Event: 254.307 Executing safepoint VM operation: ParallelGCFailedAllocation (Allocation Failure) done
Event: 254.353 Executing safepoint VM operation: ParallelGCFailedAllocation (Allocation Failure)
Event: 254.356 Executing safepoint VM operation: ParallelGCFailedAllocation (Allocation Failure) done
Event: 254.407 Executing safepoint VM operation: ParallelGCFailedAllocation (Allocation Failure)
Event: 254.410 Executing safepoint VM operation: ParallelGCFailedAllocation (Allocation Failure) done
Event: 254.466 Executing safepoint VM operation: ParallelGCFailedAllocation (Allocation Failure)
Event: 254.470 Executing safepoint VM operation: ParallelGCFailedAllocation (Allocation Failure) done
Event: 254.515 Executing safepoint VM operation: ParallelGCFailedAllocation (Allocation Failure)
Event: 254.519 Executing safepoint VM operation: ParallelGCFailedAllocation (Allocation Failure) done
Event: 254.570 Executing safepoint VM operation: ParallelGCFailedAllocation (Allocation Failure)
Event: 254.572 Executing safepoint VM operation: ParallelGCFailedAllocation (Allocation Failure) done
Event: 254.618 Executing safepoint VM operation: ParallelGCFailedAllocation (Allocation Failure)
Event: 254.622 Executing safepoint VM operation: ParallelGCFailedAllocation (Allocation Failure) done
Event: 254.673 Executing safepoint VM operation: ParallelGCFailedAllocation (Allocation Failure)
Event: 254.676 Executing safepoint VM operation: ParallelGCFailedAllocation (Allocation Failure) done
Event: 254.737 Executing safepoint VM operation: ParallelGCFailedAllocation (Allocation Failure)
Event: 254.740 Executing safepoint VM operation: ParallelGCFailedAllocation (Allocation Failure) done
Event: 254.875 Executing safepoint VM operation: ParallelGCFailedAllocation (Allocation Failure)
Event: 254.881 Executing safepoint VM operation: ParallelGCFailedAllocation (Allocation Failure) done
Event: 254.971 Executing safepoint VM operation: ParallelGCFailedAllocation (Allocation Failure)

Memory protections (0 events):
No events

Nmethod flushes (20 events):
Event: 118.702 Thread 0x0000029f3cb5dda0 flushing  nmethod 0x0000029f40737c90
Event: 118.702 Thread 0x0000029f3cb5dda0 flushing  nmethod 0x0000029f4078c310
Event: 118.702 Thread 0x0000029f3cb5dda0 flushing  nmethod 0x0000029f4078c910
Event: 118.702 Thread 0x0000029f3cb5dda0 flushing  nmethod 0x0000029f4078cc90
Event: 118.702 Thread 0x0000029f3cb5dda0 flushing  nmethod 0x0000029f4078da10
Event: 118.702 Thread 0x0000029f3cb5dda0 flushing  nmethod 0x0000029f4078fc10
Event: 118.702 Thread 0x0000029f3cb5dda0 flushing  nmethod 0x0000029f40794b10
Event: 118.702 Thread 0x0000029f3cb5dda0 flushing  nmethod 0x0000029f407a1e10
Event: 118.702 Thread 0x0000029f3cb5dda0 flushing  nmethod 0x0000029f407a8110
Event: 118.702 Thread 0x0000029f3cb5dda0 flushing  nmethod 0x0000029f407bfc90
Event: 118.702 Thread 0x0000029f3cb5dda0 flushing  nmethod 0x0000029f407c3490
Event: 118.702 Thread 0x0000029f3cb5dda0 flushing  nmethod 0x0000029f407db610
Event: 118.702 Thread 0x0000029f3cb5dda0 flushing  nmethod 0x0000029f407eca10
Event: 118.703 Thread 0x0000029f3cb5dda0 flushing  nmethod 0x0000029f407eff10
Event: 118.703 Thread 0x0000029f3cb5dda0 flushing  nmethod 0x0000029f40835690
Event: 118.703 Thread 0x0000029f3cb5dda0 flushing  nmethod 0x0000029f40836f10
Event: 118.703 Thread 0x0000029f3cb5dda0 flushing  nmethod 0x0000029f40837610
Event: 118.703 Thread 0x0000029f3cb5dda0 flushing  nmethod 0x0000029f40837c10
Event: 118.703 Thread 0x0000029f3cb5dda0 flushing  nmethod 0x0000029f40838490
Event: 118.703 Thread 0x0000029f3cb5dda0 flushing  nmethod 0x0000029f40839f90

Events (20 events):
Event: 113.751 Thread 0x0000029f9a651680 Thread added: 0x0000029f9d723fe0
Event: 113.751 Thread 0x0000029f9a651680 Thread added: 0x0000029f9d7204d0
Event: 113.839 Thread 0x0000029f9d7204d0 Thread exited: 0x0000029f9d7204d0
Event: 113.881 Thread 0x0000029f9a651680 Thread added: 0x0000029f9d7204d0
Event: 113.882 Thread 0x0000029f9a651680 Thread added: 0x0000029f9d7232c0
Event: 113.971 Thread 0x0000029f9d7232c0 Thread exited: 0x0000029f9d7232c0
Event: 116.900 Thread 0x0000029f9ba48da0 Thread exited: 0x0000029f9ba48da0
Event: 118.395 Thread 0x0000029f9ba4c8b0 Thread added: 0x0000029f9d71e400
Event: 122.118 Thread 0x0000029f9d71e400 Thread added: 0x0000029f9d71f120
Event: 122.360 Thread 0x0000029f9d71f120 Thread added: 0x0000029f9d724670
Event: 122.361 Thread 0x0000029f9d71f120 Thread added: 0x0000029f9d720b60
Event: 122.389 Thread 0x0000029f9d724670 Thread exited: 0x0000029f9d724670
Event: 125.284 Thread 0x0000029f9d71f120 Thread exited: 0x0000029f9d71f120
Event: 125.284 Thread 0x0000029f9d720b60 Thread exited: 0x0000029f9d720b60
Event: 125.289 Thread 0x0000029f9d71e400 Thread exited: 0x0000029f9d71e400
Event: 173.391 Thread 0x0000029f9a653750 Thread exited: 0x0000029f9a653750
Event: 173.408 Thread 0x0000029f9d71fe40 Thread exited: 0x0000029f9d71fe40
Event: 173.416 Thread 0x0000029f9ba49430 Thread exited: 0x0000029f9ba49430
Event: 177.401 Thread 0x0000029f9a654470 Thread exited: 0x0000029f9a654470
Event: 178.409 Thread 0x0000029f9ba4d5d0 Thread exited: 0x0000029f9ba4d5d0


Dynamic libraries:
0x00007ff784f00000 - 0x00007ff784f0e000 	c:\Users\welcome\.vscode\extensions\redhat.java-1.56.0-win32-x64\jre\21.0.12.1-win32-x86_64\bin\java.exe
0x00007fffc4bd0000 - 0x00007fffc4dc9000 	C:\Windows\SYSTEM32\ntdll.dll
0x00007fffc3a60000 - 0x00007fffc3b22000 	C:\Windows\System32\KERNEL32.DLL
0x00007fffc25d0000 - 0x00007fffc28c7000 	C:\Windows\System32\KERNELBASE.dll
0x00007fffc2a30000 - 0x00007fffc2b30000 	C:\Windows\System32\ucrtbase.dll
0x00007fffbedd0000 - 0x00007fffbede8000 	c:\Users\welcome\.vscode\extensions\redhat.java-1.56.0-win32-x64\jre\21.0.12.1-win32-x86_64\bin\jli.dll
0x00007fffc3560000 - 0x00007fffc36fd000 	C:\Windows\System32\USER32.dll
0x00007fffc2b80000 - 0x00007fffc2ba2000 	C:\Windows\System32\win32u.dll
0x00007fffc3b90000 - 0x00007fffc3bbb000 	C:\Windows\System32\GDI32.dll
0x00007fffc22c0000 - 0x00007fffc23da000 	C:\Windows\System32\gdi32full.dll
0x00007fffc2220000 - 0x00007fffc22bd000 	C:\Windows\System32\msvcp_win.dll
0x00007fffbedb0000 - 0x00007fffbedce000 	c:\Users\welcome\.vscode\extensions\redhat.java-1.56.0-win32-x64\jre\21.0.12.1-win32-x86_64\bin\VCRUNTIME140.dll
0x00007fffaf7a0000 - 0x00007fffafa3b000 	C:\Windows\WinSxS\amd64_microsoft.windows.common-controls_6595b64144ccf1df_6.0.19041.7663_none_60b9ed0b71f50c93\COMCTL32.dll
0x00007fffc3940000 - 0x00007fffc39de000 	C:\Windows\System32\msvcrt.dll
0x00007fffc3910000 - 0x00007fffc393f000 	C:\Windows\System32\IMM32.DLL
0x00007fffbe7d0000 - 0x00007fffbe7dc000 	c:\Users\welcome\.vscode\extensions\redhat.java-1.56.0-win32-x64\jre\21.0.12.1-win32-x86_64\bin\vcruntime140_1.dll
0x00007fffab420000 - 0x00007fffab4ad000 	c:\Users\welcome\.vscode\extensions\redhat.java-1.56.0-win32-x64\jre\21.0.12.1-win32-x86_64\bin\msvcp140.dll
0x00007fff860a0000 - 0x00007fff86e42000 	c:\Users\welcome\.vscode\extensions\redhat.java-1.56.0-win32-x64\jre\21.0.12.1-win32-x86_64\bin\server\jvm.dll
0x00007fffc4ad0000 - 0x00007fffc4b82000 	C:\Windows\System32\ADVAPI32.dll
0x00007fffc3400000 - 0x00007fffc34a0000 	C:\Windows\System32\sechost.dll
0x00007fffc37e0000 - 0x00007fffc3906000 	C:\Windows\System32\RPCRT4.dll
0x00007fffc2460000 - 0x00007fffc2487000 	C:\Windows\System32\bcrypt.dll
0x00007fffc39e0000 - 0x00007fffc3a53000 	C:\Windows\System32\WS2_32.dll
0x00007fffc2070000 - 0x00007fffc20bb000 	C:\Windows\SYSTEM32\POWRPROF.dll
0x00007fffad060000 - 0x00007fffad087000 	C:\Windows\SYSTEM32\WINMM.dll
0x00007fffbb7b0000 - 0x00007fffbb7ba000 	C:\Windows\SYSTEM32\VERSION.dll
0x00007fffc2050000 - 0x00007fffc2062000 	C:\Windows\SYSTEM32\UMPDC.dll
0x00007fffc0030000 - 0x00007fffc0042000 	C:\Windows\SYSTEM32\kernel.appcore.dll
0x00007fffbe7c0000 - 0x00007fffbe7ca000 	c:\Users\welcome\.vscode\extensions\redhat.java-1.56.0-win32-x64\jre\21.0.12.1-win32-x86_64\bin\jimage.dll
0x00007fffac260000 - 0x00007fffac46b000 	C:\Windows\SYSTEM32\DBGHELP.DLL
0x00007fffaae90000 - 0x00007fffaaec5000 	C:\Windows\SYSTEM32\dbgcore.DLL
0x00007fffc2540000 - 0x00007fffc25c2000 	C:\Windows\System32\bcryptPrimitives.dll
0x00007fffbc6c0000 - 0x00007fffbc6cf000 	c:\Users\welcome\.vscode\extensions\redhat.java-1.56.0-win32-x64\jre\21.0.12.1-win32-x86_64\bin\instrument.dll
0x00007fffbd060000 - 0x00007fffbd080000 	c:\Users\welcome\.vscode\extensions\redhat.java-1.56.0-win32-x64\jre\21.0.12.1-win32-x86_64\bin\java.dll
0x00007fffc2c80000 - 0x00007fffc33f1000 	C:\Windows\System32\SHELL32.dll
0x00007fffc0240000 - 0x00007fffc09ec000 	C:\Windows\SYSTEM32\windows.storage.dll
0x00007fffc4040000 - 0x00007fffc4394000 	C:\Windows\System32\combase.dll
0x00007fffc1b70000 - 0x00007fffc1b9b000 	C:\Windows\SYSTEM32\Wldp.dll
0x00007fffc34a0000 - 0x00007fffc354d000 	C:\Windows\System32\SHCORE.dll
0x00007fffc2c10000 - 0x00007fffc2c6b000 	C:\Windows\System32\shlwapi.dll
0x00007fffc2150000 - 0x00007fffc2175000 	C:\Windows\SYSTEM32\profapi.dll
0x00007fffbd040000 - 0x00007fffbd058000 	c:\Users\welcome\.vscode\extensions\redhat.java-1.56.0-win32-x64\jre\21.0.12.1-win32-x86_64\bin\zip.dll
0x00007fffbcc60000 - 0x00007fffbcc70000 	C:\Users\welcome\.vscode\extensions\redhat.java-1.56.0-win32-x64\jre\21.0.12.1-win32-x86_64\bin\net.dll
0x00007fffb8a20000 - 0x00007fffb8b2d000 	C:\Windows\SYSTEM32\WINHTTP.dll
0x00007fffc1880000 - 0x00007fffc18ea000 	C:\Windows\system32\mswsock.dll
0x00007fffbcc40000 - 0x00007fffbcc56000 	C:\Users\welcome\.vscode\extensions\redhat.java-1.56.0-win32-x64\jre\21.0.12.1-win32-x86_64\bin\nio.dll
0x00007fffbc6b0000 - 0x00007fffbc6c0000 	c:\Users\welcome\.vscode\extensions\redhat.java-1.56.0-win32-x64\jre\21.0.12.1-win32-x86_64\bin\verify.dll
0x00007fff9b3b0000 - 0x00007fff9b3f5000 	C:\Users\welcome\AppData\Roaming\Code\User\globalStorage\redhat.java\1.56.0\config_win\org.eclipse.equinox.launcher\org.eclipse.equinox.launcher.win32.win32.x86_64_1.3.100.v20260804-1928\eclipse_11924.dll
0x00007fffc4770000 - 0x00007fffc489c000 	C:\Windows\System32\ole32.dll
0x00007fffc1ad0000 - 0x00007fffc1ae8000 	C:\Windows\SYSTEM32\CRYPTSP.dll
0x00007fffc1180000 - 0x00007fffc11b8000 	C:\Windows\system32\rsaenh.dll
0x00007fffc20c0000 - 0x00007fffc20ee000 	C:\Windows\SYSTEM32\USERENV.dll
0x00007fffc1ac0000 - 0x00007fffc1acc000 	C:\Windows\SYSTEM32\CRYPTBASE.dll
0x00007fffc1550000 - 0x00007fffc158b000 	C:\Windows\SYSTEM32\IPHLPAPI.DLL
0x00007fffc2c70000 - 0x00007fffc2c78000 	C:\Windows\System32\NSI.dll
0x00007fff8e030000 - 0x00007fff8e079000 	C:\Users\welcome\AppData\Local\Temp\jna-1233099618\jna6137879556229606004.dll
0x00007fffc44c0000 - 0x00007fffc44c8000 	C:\Windows\System32\PSAPI.DLL
0x00007fffb9550000 - 0x00007fffb9567000 	C:\Windows\SYSTEM32\dhcpcsvc6.DLL
0x00007fffb9530000 - 0x00007fffb954d000 	C:\Windows\SYSTEM32\dhcpcsvc.DLL
0x00007fff9dce0000 - 0x00007fff9dd07000 	C:\Users\welcome\.gradle\native\c067742578af261105cb4f569cf0c3c89f3d7b1fecec35dd04571415982c5e48\windows-amd64\native-platform.dll
0x00007fffb8c80000 - 0x00007fffb8c8a000 	C:\Users\welcome\.vscode\extensions\redhat.java-1.56.0-win32-x64\jre\21.0.12.1-win32-x86_64\bin\management.dll
0x00007fffb8b30000 - 0x00007fffb8b3c000 	C:\Users\welcome\.vscode\extensions\redhat.java-1.56.0-win32-x64\jre\21.0.12.1-win32-x86_64\bin\management_ext.dll
0x00007fffbf740000 - 0x00007fffbf749000 	C:\Users\welcome\.vscode\extensions\redhat.java-1.56.0-win32-x64\jre\21.0.12.1-win32-x86_64\bin\extnet.dll

JVMTI agents:
c:\Users\welcome\.vscode\extensions\redhat.java-1.56.0-win32-x64\lombok\lombok-1.18.39-4050.jar path:c:\Users\welcome\.vscode\extensions\redhat.java-1.56.0-win32-x64\jre\21.0.12.1-win32-x86_64\bin\instrument.dll, loaded, initialized, instrumentlib options:none

dbghelp: loaded successfully - version: 4.0.5 - missing functions: none
symbol engine: initialized successfully - sym options: 0x614 - pdb path: .;c:\Users\welcome\.vscode\extensions\redhat.java-1.56.0-win32-x64\jre\21.0.12.1-win32-x86_64\bin;C:\Windows\SYSTEM32;C:\Windows\WinSxS\amd64_microsoft.windows.common-controls_6595b64144ccf1df_6.0.19041.7663_none_60b9ed0b71f50c93;c:\Users\welcome\.vscode\extensions\redhat.java-1.56.0-win32-x64\jre\21.0.12.1-win32-x86_64\bin\server;C:\Users\welcome\AppData\Roaming\Code\User\globalStorage\redhat.java\1.56.0\config_win\org.eclipse.equinox.launcher\org.eclipse.equinox.launcher.win32.win32.x86_64_1.3.100.v20260804-1928;C:\Users\welcome\AppData\Local\Temp\jna-1233099618;C:\Users\welcome\.gradle\native\c067742578af261105cb4f569cf0c3c89f3d7b1fecec35dd04571415982c5e48\windows-amd64

VM Arguments:
jvm_args: --add-modules=ALL-SYSTEM --add-opens=java.base/java.util=ALL-UNNAMED --add-opens=java.base/java.lang=ALL-UNNAMED --add-opens=java.base/sun.nio.fs=ALL-UNNAMED -Declipse.application=org.eclipse.jdt.ls.core.id1 -Dosgi.bundles.defaultStartLevel=4 -Declipse.product=org.eclipse.jdt.ls.core.product -Djava.import.generatesMetadataFilesAtProjectRoot=false -Dm2e.project.cache.size=50 -DDetectVMInstallationsJob.disabled=true -Dfile.encoding=utf8 -XX:+UseParallelGC -XX:GCTimeRatio=4 -XX:AdaptiveSizePolicyWeight=90 -Dsun.zip.disableMemoryMapping=true -Xmx2G -Xms100m -Xlog:disable -javaagent:c:\Users\welcome\.vscode\extensions\redhat.java-1.56.0-win32-x64\lombok\lombok-1.18.39-4050.jar -XX:+HeapDumpOnOutOfMemoryError -XX:HeapDumpPath=c:\Users\welcome\AppData\Roaming\Code\User\workspaceStorage\438089d090c8572c52f170013986077f\redhat.java -Daether.dependencyCollector.impl=bf 
java_command: c:\Users\welcome\.vscode\extensions\redhat.java-1.56.0-win32-x64\server\plugins\org.eclipse.equinox.launcher_1.8.0.v20260804-1928.jar -configuration c:\Users\welcome\AppData\Roaming\Code\User\globalStorage\redhat.java\1.56.0\config_win -data c:\Users\welcome\AppData\Roaming\Code\User\workspaceStorage\438089d090c8572c52f170013986077f\redhat.java\jdt_ws --pipe=\\.\pipe\lsp-6594d1d4b3f62e0b7c5b672fa47f54e4-sock
java_class_path (initial): c:\Users\welcome\.vscode\extensions\redhat.java-1.56.0-win32-x64\server\plugins\org.eclipse.equinox.launcher_1.8.0.v20260804-1928.jar
Launcher Type: SUN_STANDARD

[Global flags]
    uintx AdaptiveSizePolicyWeight                 = 90                                        {product} {command line}
     intx CICompilerCount                          = 3                                         {product} {ergonomic}
    uintx GCTimeRatio                              = 4                                         {product} {command line}
     bool HeapDumpOnOutOfMemoryError               = true                                   {manageable} {command line}
    ccstr HeapDumpPath                             = c:\Users\welcome\AppData\Roaming\Code\User\workspaceStorage\438089d090c8572c52f170013986077f\redhat.java         {manageable} {command line}
   size_t InitialHeapSize                          = 104857600                                 {product} {command line}
   size_t MaxHeapSize                              = 2147483648                                {product} {command line}
   size_t MaxNewSize                               = 715653120                                 {product} {ergonomic}
   size_t MinHeapDeltaBytes                        = 524288                                    {product} {ergonomic}
   size_t MinHeapSize                              = 104857600                                 {product} {command line}
   size_t NewSize                                  = 34603008                                  {product} {ergonomic}
    uintx NonNMethodCodeHeapSize                   = 5832780                                {pd product} {ergonomic}
    uintx NonProfiledCodeHeapSize                  = 122912730                              {pd product} {ergonomic}
   size_t OldSize                                  = 70254592                                  {product} {ergonomic}
    uintx ProfiledCodeHeapSize                     = 122912730                              {pd product} {ergonomic}
    uintx ReservedCodeCacheSize                    = 251658240                              {pd product} {ergonomic}
     bool SegmentedCodeCache                       = true                                      {product} {ergonomic}
   size_t SoftMaxHeapSize                          = 2147483648                             {manageable} {ergonomic}
     bool UseCompressedOops                        = true                           {product lp64_product} {ergonomic}
     bool UseLargePagesIndividualAllocation        = false                                  {pd product} {ergonomic}
     bool UseParallelGC                            = true                                      {product} {command line}

Logging:
Log output configuration:
 #0: stdout all=off uptime,level,tags foldmultilines=false
 #1: stderr all=off uptime,level,tags foldmultilines=false

Release file:
JAVA_VERSION="21.0.12.1" 
MODULES="java.base java.compiler java.datatransfer java.xml java.prefs java.desktop java.instrument java.logging java.management java.security.sasl java.naming java.rmi java.management.rmi java.net.http java.scripting java.security.jgss java.transaction.xa java.sql java.sql.rowset java.xml.crypto java.se java.smartcardio jdk.accessibility jdk.internal.jvmstat jdk.attach jdk.charsets jdk.internal.opt jdk.zipfs jdk.compiler jdk.crypto.ec jdk.crypto.cryptoki jdk.crypto.mscapi jdk.dynalink jdk.internal.ed jdk.editpad jdk.hotspot.agent jdk.httpserver jdk.internal.le jdk.internal.vm.ci jdk.internal.vm.compiler jdk.internal.vm.compiler.management jdk.jartool jdk.javadoc jdk.jcmd jdk.management jdk.management.agent jdk.jconsole jdk.jdeps jdk.jdwp.agent jdk.jdi jdk.jfr jdk.jshell jdk.jsobject jdk.jstatd jdk.localedata jdk.management.jfr jdk.naming.dns jdk.naming.rmi jdk.net jdk.nio.mapmode jdk.random jdk.sctp jdk.security.auth jdk.security.jgss jdk.unsupported jdk.unsupported.desktop jdk.xml.dom" 

Environment Variables:
PATH=C:\Program Files\Eclipse Adoptium\jdk-17.0.20.101-hotspot\bin;C:\Windows\system32;C:\Windows;C:\Windows\System32\Wbem;C:\Windows\System32\WindowsPowerShell\v1.0\;C:\Windows\System32\OpenSSH\;C:\Program Files\Git\cmd;C:\Program Files\nodejs\;C:\Users\welcome\AppData\Local\Microsoft\WindowsApps;C:\Users\welcome\AppData\Local\Programs\Microsoft VS Code\bin;C:\Users\welcome\AppData\Local\Programs\DockerDesktop\resources\bin;C:\Users\welcome\AppData\Roaming\npm
USERNAME=welcome
OS=Windows_NT
PROCESSOR_IDENTIFIER=Intel64 Family 6 Model 142 Stepping 9, GenuineIntel
TMP=C:\Users\welcome\AppData\Local\Temp
TEMP=C:\Users\welcome\AppData\Local\Temp




Periodic native trim disabled

---------------  S Y S T E M  ---------------

OS:
 Windows 10 , 64 bit Build 19041 (10.0.19041.7725)
OS uptime: 5 days 23:10 hours
Hyper-V role detected

CPU: total 4 (initial active 4) (2 cores per cpu, 2 threads per core) family 6 model 142 stepping 9 microcode 0xea, cx8, cmov, fxsr, ht, mmx, 3dnowpref, sse, sse2, sse3, ssse3, sse4.1, sse4.2, popcnt, lzcnt, tsc, tscinvbit, avx, avx2, aes, erms, clmul, bmi1, bmi2, adx, fma, vzeroupper, clflush, clflushopt, hv, rdtscp, f16c
Processor Information for the first 4 processors :
  Max Mhz: 2400, Current Mhz: 2400, Mhz Limit: 2400

Memory: 4k page, system-wide physical 4005M (197M free)
TotalPageFile size 11505M (AvailPageFile size 5M)
current process WorkingSet (physical memory assigned to process): 273M, peak: 285M
current process commit charge ("private bytes"): 433M, peak: 1642M

vm_info: OpenJDK 64-Bit Server VM (21.0.12.1+1-LTS) for windows-amd64 JRE (21.0.12.1+1-LTS), built on 2026-08-18T00:00:00Z by "admin" with MS VC++ 17.12 (VS2022)

END.
