#
# There is insufficient memory for the Java Runtime Environment to continue.
# Native memory allocation (malloc) failed to allocate 1439536 bytes. Error detail: Chunk::new
# Possible reasons:
#   The system is out of physical RAM or swap space
#   This process is running with CompressedOops enabled, and the Java Heap may be blocking the growth of the native heap
# Possible solutions:
#   Reduce memory load on the system
#   Increase physical memory or swap space
#   Check if swap backing store is full
#   Decrease Java heap size (-Xmx/-Xms)
#   Decrease number of Java threads
#   Decrease Java thread stack sizes (-Xss)
#   Set larger code cache with -XX:ReservedCodeCacheSize=
#   JVM is running with Unscaled Compressed Oops mode in which the Java heap is
#     placed in the first 4GB address space. The Java Heap base address is the
#     maximum limit for the native heap growth. Please use -XX:HeapBaseMinAddress
#     to set the Java Heap base and to place the Java Heap above 4GB virtual address.
# This output file may be truncated or incomplete.
#
#  Out of Memory Error (arena.cpp:191), pid=14016, tid=15888
#
# JRE version: OpenJDK Runtime Environment Temurin-17.0.20.1+1 (17.0.20.1+1) (build 17.0.20.1+1)
# Java VM: OpenJDK 64-Bit Server VM Temurin-17.0.20.1+1 (17.0.20.1+1, mixed mode, sharing, tiered, compressed oops, compressed class ptrs, g1 gc, windows-amd64)
# No core dump will be written. Minidumps are not enabled by default on client versions of Windows
#

---------------  S U M M A R Y ------------

Command Line: -DkotlinLanguageServer.version=1.3.13 org.javacs.kt.MainKt

Host: Intel(R) Core(TM) i3-7100U CPU @ 2.40GHz, 4 cores, 3G,  Windows 10 , 64 bit Build 19041 (10.0.19041.7725)
Time: Tue Sep 29 09:40:35 2026 India Standard Time elapsed time: 74.138585 seconds (0d 0h 1m 14s)

---------------  T H R E A D  ---------------

Current thread (0x00000274a31e5150):  JavaThread "C2 CompilerThread0" daemon [_thread_in_native, id=15888, stack(0x000000d41de00000,0x000000d41df00000)]


Current CompileTask:
C2:74139 7844   !   4       com.intellij.psi.impl.compiled.StubBuildingVisitor::visitMethod (764 bytes)

Stack: [0x000000d41de00000,0x000000d41df00000]
Native frames: (J=compiled Java code, j=interpreted, Vv=VM code, C=native code)
V  [jvm.dll+0x684d39]
V  [jvm.dll+0x83a565]
V  [jvm.dll+0x83bfde]
V  [jvm.dll+0x83c663]
V  [jvm.dll+0x2490cf]
V  [jvm.dll+0xad536]
V  [jvm.dll+0xadbdc]
V  [jvm.dll+0x368d6f]
V  [jvm.dll+0x333215]
V  [jvm.dll+0x33267a]
V  [jvm.dll+0x219ed9]
V  [jvm.dll+0x21931f]
V  [jvm.dll+0x1a49e0]
V  [jvm.dll+0x229a6a]
V  [jvm.dll+0x227c1b]
V  [jvm.dll+0x7f0d18]
V  [jvm.dll+0x7eb17c]
V  [jvm.dll+0x683c07]
C  [ucrtbase.dll+0x21bb2]
C  [KERNEL32.DLL+0x17384]
C  [ntdll.dll+0x4cc91]


---------------  P R O C E S S  ---------------

Threads class SMR info:
_java_thread_list=0x00000274f1d5edf0, length=19, elements={
0x00000274a31c5f20, 0x00000274a31c6da0, 0x00000274a31e0600, 0x00000274a31e30e0,
0x00000274a31e3aa0, 0x00000274a31e4460, 0x00000274a31e5150, 0x00000274a3233e60,
0x00000274a3256c20, 0x00000274a33dfd50, 0x00000274a34405f0, 0x00000274f22fefa0,
0x0000027485d3eba0, 0x00000274f25acae0, 0x00000274f18dfab0, 0x00000274f18dffc0,
0x00000274f18e04d0, 0x00000274f18dd740, 0x00000274f18df5a0
}

Java Threads: ( => current thread )
  0x00000274a31c5f20 JavaThread "Reference Handler" daemon [_thread_blocked, id=15716, stack(0x000000d41d800000,0x000000d41d900000)]
  0x00000274a31c6da0 JavaThread "Finalizer" daemon [_thread_blocked, id=6056, stack(0x000000d41d900000,0x000000d41da00000)]
  0x00000274a31e0600 JavaThread "Signal Dispatcher" daemon [_thread_blocked, id=20248, stack(0x000000d41da00000,0x000000d41db00000)]
  0x00000274a31e30e0 JavaThread "Attach Listener" daemon [_thread_blocked, id=19776, stack(0x000000d41db00000,0x000000d41dc00000)]
  0x00000274a31e3aa0 JavaThread "Service Thread" daemon [_thread_blocked, id=3440, stack(0x000000d41dc00000,0x000000d41dd00000)]
  0x00000274a31e4460 JavaThread "Monitor Deflation Thread" daemon [_thread_blocked, id=16952, stack(0x000000d41dd00000,0x000000d41de00000)]
=>0x00000274a31e5150 JavaThread "C2 CompilerThread0" daemon [_thread_in_native, id=15888, stack(0x000000d41de00000,0x000000d41df00000)]
  0x00000274a3233e60 JavaThread "C1 CompilerThread0" daemon [_thread_blocked, id=676, stack(0x000000d41df00000,0x000000d41e000000)]
  0x00000274a3256c20 JavaThread "Sweeper thread" daemon [_thread_blocked, id=12544, stack(0x000000d41e000000,0x000000d41e100000)]
  0x00000274a33dfd50 JavaThread "Notification Thread" daemon [_thread_blocked, id=9116, stack(0x000000d41e100000,0x000000d41e200000)]
  0x00000274a34405f0 JavaThread "Common-Cleaner" daemon [_thread_blocked, id=9136, stack(0x000000d41e300000,0x000000d41e400000)]
  0x00000274f22fefa0 JavaThread "client" [_thread_in_native, id=20756, stack(0x000000d41e700000,0x000000d41e800000)]
  0x0000027485d3eba0 JavaThread "DestroyJavaVM" [_thread_blocked, id=10976, stack(0x000000d41d100000,0x000000d41d200000)]
  0x00000274f25acae0 JavaThread "async0" [_thread_blocked, id=5768, stack(0x000000d41e800000,0x000000d41e900000)]
  0x00000274f18dfab0 JavaThread "async1" [_thread_blocked, id=21320, stack(0x000000d41e900000,0x000000d41ea00000)]
  0x00000274f18dffc0 JavaThread "debounce0" [_thread_blocked, id=17300, stack(0x000000d41ea00000,0x000000d41eb00000)]
  0x00000274f18e04d0 JavaThread "async2" [_thread_blocked, id=21356, stack(0x000000d41eb00000,0x000000d41ec00000)]
  0x00000274f18dd740 JavaThread "async3" [_thread_blocked, id=16808, stack(0x000000d41ee00000,0x000000d41ef00000)]
  0x00000274f18df5a0 JavaThread "ForkJoinPool.commonPool-worker-1" daemon [_thread_in_Java, id=18680, stack(0x000000d41ef00000,0x000000d41f000000)]

Other Threads:
  0x0000027485deec80 VMThread "VM Thread" [stack: 0x000000d41d700000,0x000000d41d800000] [id=20196]
  0x00000274a33e4240 WatcherThread [stack: 0x000000d41e200000,0x000000d41e300000] [id=8700]
  0x0000027485d7b240 GCTaskThread "GC Thread#0" [stack: 0x000000d41d200000,0x000000d41d300000] [id=10828]
  0x00000274a3a4b970 GCTaskThread "GC Thread#1" [stack: 0x000000d41e400000,0x000000d41e500000] [id=13828]
  0x00000274a39ec400 GCTaskThread "GC Thread#2" [stack: 0x000000d41e500000,0x000000d41e600000] [id=3084]
  0x00000274a3a900e0 GCTaskThread "GC Thread#3" [stack: 0x000000d41e600000,0x000000d41e700000] [id=4340]
  0x0000027485d83ed0 ConcurrentGCThread "G1 Main Marker" [stack: 0x000000d41d300000,0x000000d41d400000] [id=6100]
  0x0000027485d85900 ConcurrentGCThread "G1 Conc#0" [stack: 0x000000d41d400000,0x000000d41d500000] [id=684]
  0x0000027485dd29b0 ConcurrentGCThread "G1 Refine#0" [stack: 0x000000d41d500000,0x000000d41d600000] [id=19812]
  0x0000027485dd33e0 ConcurrentGCThread "G1 Service" [stack: 0x000000d41d600000,0x000000d41d700000] [id=1140]

Threads with active compile tasks:
C2 CompilerThread0  74232 7844   !   4       com.intellij.psi.impl.compiled.StubBuildingVisitor::visitMethod (764 bytes)

VM state: not at safepoint (normal execution)

VM Mutex/Monitor currently owned by a thread: None

Heap address: 0x00000000c1600000, size: 1002 MB, Compressed Oops mode: 32-bit

CDS archive(s) mapped at: [0x00000274a4000000-0x00000274a4bb0000-0x00000274a4bb0000), size 12255232, SharedBaseAddress: 0x00000274a4000000, ArchiveRelocationMode: 1.
Compressed class space mapped at: 0x00000274a5000000-0x00000274e5000000, reserved size: 1073741824
Narrow klass base: 0x00000274a4000000, Narrow klass shift: 0, Narrow klass range: 0x100000000

GC Precious Log:
 CPUs: 4 total, 4 available
 Memory: 4005M
 Large Page Support: Disabled
 NUMA Support: Disabled
 Compressed Oops: Enabled (32-bit)
 Heap Region Size: 1M
 Heap Min Capacity: 8M
 Heap Initial Capacity: 64M
 Heap Max Capacity: 1002M
 Pre-touch: Disabled
 Parallel Workers: 4
 Concurrent Workers: 1
 Concurrent Refinement Workers: 4
 Periodic GC: Disabled

Heap:
 garbage-first heap   total 138240K, used 111248K [0x00000000c1600000, 0x0000000100000000)
  region size 1024K, 28 young (28672K), 5 survivors (5120K)
 Metaspace       used 67213K, committed 67648K, reserved 1114112K
  class space    used 7992K, committed 8192K, reserved 1048576K

Heap Regions: E=young(eden), S=young(survivor), O=old, HS=humongous(starts), HC=humongous(continues), CS=collection set, F=free, OA=open archive, CA=closed archive, TAMS=top-at-mark-start (previous, next)
|   0|0x00000000c1600000, 0x00000000c1700000, 0x00000000c1700000|100%|HS|  |TAMS 0x00000000c1700000, 0x00000000c1600000| Complete 
|   1|0x00000000c1700000, 0x00000000c1800000, 0x00000000c1800000|100%|HC|  |TAMS 0x00000000c1800000, 0x00000000c1700000| Complete 
|   2|0x00000000c1800000, 0x00000000c1900000, 0x00000000c1900000|100%|HC|  |TAMS 0x00000000c1900000, 0x00000000c1800000| Complete 
|   3|0x00000000c1900000, 0x00000000c1a00000, 0x00000000c1a00000|100%|HC|  |TAMS 0x00000000c1a00000, 0x00000000c1900000| Complete 
|   4|0x00000000c1a00000, 0x00000000c1b00000, 0x00000000c1b00000|100%| O|  |TAMS 0x00000000c1b00000, 0x00000000c1a00000| Untracked 
|   5|0x00000000c1b00000, 0x00000000c1c00000, 0x00000000c1c00000|100%| O|  |TAMS 0x00000000c1c00000, 0x00000000c1b00000| Untracked 
|   6|0x00000000c1c00000, 0x00000000c1d00000, 0x00000000c1d00000|100%| O|  |TAMS 0x00000000c1d00000, 0x00000000c1c00000| Untracked 
|   7|0x00000000c1d00000, 0x00000000c1e00000, 0x00000000c1e00000|100%| O|  |TAMS 0x00000000c1e00000, 0x00000000c1d00000| Untracked 
|   8|0x00000000c1e00000, 0x00000000c1f00000, 0x00000000c1f00000|100%| O|  |TAMS 0x00000000c1f00000, 0x00000000c1e00000| Untracked 
|   9|0x00000000c1f00000, 0x00000000c2000000, 0x00000000c2000000|100%| O|  |TAMS 0x00000000c2000000, 0x00000000c1f00000| Untracked 
|  10|0x00000000c2000000, 0x00000000c2100000, 0x00000000c2100000|100%| O|  |TAMS 0x00000000c2100000, 0x00000000c2000000| Untracked 
|  11|0x00000000c2100000, 0x00000000c2200000, 0x00000000c2200000|100%| O|  |TAMS 0x00000000c2200000, 0x00000000c2100000| Untracked 
|  12|0x00000000c2200000, 0x00000000c2300000, 0x00000000c2300000|100%| O|  |TAMS 0x00000000c2300000, 0x00000000c2200000| Untracked 
|  13|0x00000000c2300000, 0x00000000c2400000, 0x00000000c2400000|100%| O|  |TAMS 0x00000000c2400000, 0x00000000c2300000| Untracked 
|  14|0x00000000c2400000, 0x00000000c2500000, 0x00000000c2500000|100%| O|  |TAMS 0x00000000c2500000, 0x00000000c2400000| Untracked 
|  15|0x00000000c2500000, 0x00000000c2600000, 0x00000000c2600000|100%| O|  |TAMS 0x00000000c2600000, 0x00000000c2500000| Untracked 
|  16|0x00000000c2600000, 0x00000000c2700000, 0x00000000c2700000|100%| O|  |TAMS 0x00000000c2700000, 0x00000000c2600000| Untracked 
|  17|0x00000000c2700000, 0x00000000c2800000, 0x00000000c2800000|100%| O|  |TAMS 0x00000000c2800000, 0x00000000c2700000| Untracked 
|  18|0x00000000c2800000, 0x00000000c2900000, 0x00000000c2900000|100%| O|  |TAMS 0x00000000c2900000, 0x00000000c2800000| Untracked 
|  19|0x00000000c2900000, 0x00000000c2a00000, 0x00000000c2a00000|100%| O|  |TAMS 0x00000000c2a00000, 0x00000000c2900000| Untracked 
|  20|0x00000000c2a00000, 0x00000000c2b00000, 0x00000000c2b00000|100%| O|  |TAMS 0x00000000c2b00000, 0x00000000c2a00000| Untracked 
|  21|0x00000000c2b00000, 0x00000000c2c00000, 0x00000000c2c00000|100%| O|  |TAMS 0x00000000c2c00000, 0x00000000c2b00000| Untracked 
|  22|0x00000000c2c00000, 0x00000000c2d00000, 0x00000000c2d00000|100%| O|  |TAMS 0x00000000c2d00000, 0x00000000c2c00000| Untracked 
|  23|0x00000000c2d00000, 0x00000000c2e00000, 0x00000000c2e00000|100%| O|  |TAMS 0x00000000c2e00000, 0x00000000c2d00000| Untracked 
|  24|0x00000000c2e00000, 0x00000000c2f00000, 0x00000000c2f00000|100%| O|  |TAMS 0x00000000c2f00000, 0x00000000c2e00000| Untracked 
|  25|0x00000000c2f00000, 0x00000000c3000000, 0x00000000c3000000|100%| O|  |TAMS 0x00000000c2f00000, 0x00000000c2f00000| Untracked 
|  26|0x00000000c3000000, 0x00000000c3100000, 0x00000000c3100000|100%| O|  |TAMS 0x00000000c3100000, 0x00000000c3000000| Untracked 
|  27|0x00000000c3100000, 0x00000000c3200000, 0x00000000c3200000|100%| O|  |TAMS 0x00000000c3200000, 0x00000000c3100000| Untracked 
|  28|0x00000000c3200000, 0x00000000c3300000, 0x00000000c3300000|100%| O|  |TAMS 0x00000000c3300000, 0x00000000c3200000| Untracked 
|  29|0x00000000c3300000, 0x00000000c3400000, 0x00000000c3400000|100%| O|  |TAMS 0x00000000c3400000, 0x00000000c3300000| Untracked 
|  30|0x00000000c3400000, 0x00000000c3500000, 0x00000000c3500000|100%| O|  |TAMS 0x00000000c3500000, 0x00000000c3400000| Untracked 
|  31|0x00000000c3500000, 0x00000000c3600000, 0x00000000c3600000|100%| O|  |TAMS 0x00000000c3600000, 0x00000000c3500000| Untracked 
|  32|0x00000000c3600000, 0x00000000c3700000, 0x00000000c3700000|100%| O|  |TAMS 0x00000000c3700000, 0x00000000c3600000| Untracked 
|  33|0x00000000c3700000, 0x00000000c3800000, 0x00000000c3800000|100%| O|  |TAMS 0x00000000c3800000, 0x00000000c3700000| Untracked 
|  34|0x00000000c3800000, 0x00000000c3900000, 0x00000000c3900000|100%| O|  |TAMS 0x00000000c3900000, 0x00000000c3800000| Untracked 
|  35|0x00000000c3900000, 0x00000000c3a00000, 0x00000000c3a00000|100%| O|  |TAMS 0x00000000c3a00000, 0x00000000c3900000| Untracked 
|  36|0x00000000c3a00000, 0x00000000c3b00000, 0x00000000c3b00000|100%| O|  |TAMS 0x00000000c3b00000, 0x00000000c3a00000| Untracked 
|  37|0x00000000c3b00000, 0x00000000c3c00000, 0x00000000c3c00000|100%| O|  |TAMS 0x00000000c3c00000, 0x00000000c3b00000| Untracked 
|  38|0x00000000c3c00000, 0x00000000c3d00000, 0x00000000c3d00000|100%| O|  |TAMS 0x00000000c3d00000, 0x00000000c3c00000| Untracked 
|  39|0x00000000c3d00000, 0x00000000c3e00000, 0x00000000c3e00000|100%| O|  |TAMS 0x00000000c3e00000, 0x00000000c3d00000| Untracked 
|  40|0x00000000c3e00000, 0x00000000c3f00000, 0x00000000c3f00000|100%| O|  |TAMS 0x00000000c3f00000, 0x00000000c3e00000| Untracked 
|  41|0x00000000c3f00000, 0x00000000c4000000, 0x00000000c4000000|100%| O|  |TAMS 0x00000000c4000000, 0x00000000c3f00000| Untracked 
|  42|0x00000000c4000000, 0x00000000c4100000, 0x00000000c4100000|100%| O|  |TAMS 0x00000000c4100000, 0x00000000c4000000| Untracked 
|  43|0x00000000c4100000, 0x00000000c4200000, 0x00000000c4200000|100%| O|  |TAMS 0x00000000c4200000, 0x00000000c4100000| Untracked 
|  44|0x00000000c4200000, 0x00000000c4300000, 0x00000000c4300000|100%| O|  |TAMS 0x00000000c4300000, 0x00000000c4200000| Untracked 
|  45|0x00000000c4300000, 0x00000000c4400000, 0x00000000c4400000|100%| O|  |TAMS 0x00000000c4351600, 0x00000000c4300000| Untracked 
|  46|0x00000000c4400000, 0x00000000c4500000, 0x00000000c4500000|100%| O|  |TAMS 0x00000000c4400000, 0x00000000c4400000| Untracked 
|  47|0x00000000c4500000, 0x00000000c4600000, 0x00000000c4600000|100%| O|  |TAMS 0x00000000c4500000, 0x00000000c4500000| Untracked 
|  48|0x00000000c4600000, 0x00000000c4700000, 0x00000000c4700000|100%| O|  |TAMS 0x00000000c4600000, 0x00000000c4600000| Untracked 
|  49|0x00000000c4700000, 0x00000000c4800000, 0x00000000c4800000|100%| O|  |TAMS 0x00000000c4700000, 0x00000000c4700000| Untracked 
|  50|0x00000000c4800000, 0x00000000c4900000, 0x00000000c4900000|100%| O|  |TAMS 0x00000000c4800000, 0x00000000c4800000| Untracked 
|  51|0x00000000c4900000, 0x00000000c4a00000, 0x00000000c4a00000|100%| O|  |TAMS 0x00000000c4900000, 0x00000000c4900000| Untracked 
|  52|0x00000000c4a00000, 0x00000000c4b00000, 0x00000000c4b00000|100%| O|  |TAMS 0x00000000c4a00000, 0x00000000c4a00000| Untracked 
|  53|0x00000000c4b00000, 0x00000000c4c00000, 0x00000000c4c00000|100%| O|  |TAMS 0x00000000c4b00000, 0x00000000c4b00000| Untracked 
|  54|0x00000000c4c00000, 0x00000000c4d00000, 0x00000000c4d00000|100%| O|  |TAMS 0x00000000c4c00000, 0x00000000c4c00000| Untracked 
|  55|0x00000000c4d00000, 0x00000000c4e00000, 0x00000000c4e00000|100%| O|  |TAMS 0x00000000c4d00000, 0x00000000c4d00000| Untracked 
|  56|0x00000000c4e00000, 0x00000000c4f00000, 0x00000000c4f00000|100%| O|  |TAMS 0x00000000c4e00000, 0x00000000c4e00000| Untracked 
|  57|0x00000000c4f00000, 0x00000000c5000000, 0x00000000c5000000|100%| O|  |TAMS 0x00000000c4f00000, 0x00000000c4f00000| Untracked 
|  58|0x00000000c5000000, 0x00000000c5100000, 0x00000000c5100000|100%| O|  |TAMS 0x00000000c5000000, 0x00000000c5000000| Untracked 
|  59|0x00000000c5100000, 0x00000000c5200000, 0x00000000c5200000|100%| O|  |TAMS 0x00000000c5100000, 0x00000000c5100000| Untracked 
|  60|0x00000000c5200000, 0x00000000c5300000, 0x00000000c5300000|100%| O|  |TAMS 0x00000000c5200000, 0x00000000c5200000| Untracked 
|  61|0x00000000c5300000, 0x00000000c5400000, 0x00000000c5400000|100%| O|  |TAMS 0x00000000c5300000, 0x00000000c5300000| Untracked 
|  62|0x00000000c5400000, 0x00000000c5500000, 0x00000000c5500000|100%| O|  |TAMS 0x00000000c5400000, 0x00000000c5400000| Untracked 
|  63|0x00000000c5500000, 0x00000000c5600000, 0x00000000c5600000|100%| O|  |TAMS 0x00000000c5500000, 0x00000000c5500000| Untracked 
|  64|0x00000000c5600000, 0x00000000c5700000, 0x00000000c5700000|100%| O|  |TAMS 0x00000000c5600000, 0x00000000c5600000| Untracked 
|  65|0x00000000c5700000, 0x00000000c5800000, 0x00000000c5800000|100%| O|  |TAMS 0x00000000c5700000, 0x00000000c5700000| Untracked 
|  66|0x00000000c5800000, 0x00000000c5900000, 0x00000000c5900000|100%| O|  |TAMS 0x00000000c5800000, 0x00000000c5800000| Untracked 
|  67|0x00000000c5900000, 0x00000000c5a00000, 0x00000000c5a00000|100%| O|  |TAMS 0x00000000c5900000, 0x00000000c5900000| Untracked 
|  68|0x00000000c5a00000, 0x00000000c5b00000, 0x00000000c5b00000|100%| O|  |TAMS 0x00000000c5a00000, 0x00000000c5a00000| Untracked 
|  69|0x00000000c5b00000, 0x00000000c5c00000, 0x00000000c5c00000|100%| O|  |TAMS 0x00000000c5b00000, 0x00000000c5b00000| Untracked 
|  70|0x00000000c5c00000, 0x00000000c5d00000, 0x00000000c5d00000|100%| O|  |TAMS 0x00000000c5c00000, 0x00000000c5c00000| Untracked 
|  71|0x00000000c5d00000, 0x00000000c5e00000, 0x00000000c5e00000|100%| O|  |TAMS 0x00000000c5d00000, 0x00000000c5d00000| Untracked 
|  72|0x00000000c5e00000, 0x00000000c5f00000, 0x00000000c5f00000|100%| O|  |TAMS 0x00000000c5e00000, 0x00000000c5e00000| Untracked 
|  73|0x00000000c5f00000, 0x00000000c6000000, 0x00000000c6000000|100%| O|  |TAMS 0x00000000c5f00000, 0x00000000c5f00000| Untracked 
|  74|0x00000000c6000000, 0x00000000c6100000, 0x00000000c6100000|100%| O|  |TAMS 0x00000000c6000000, 0x00000000c6000000| Untracked 
|  75|0x00000000c6100000, 0x00000000c6200000, 0x00000000c6200000|100%| O|  |TAMS 0x00000000c6100000, 0x00000000c6100000| Untracked 
|  76|0x00000000c6200000, 0x00000000c6300000, 0x00000000c6300000|100%| O|  |TAMS 0x00000000c6200000, 0x00000000c6200000| Untracked 
|  77|0x00000000c6300000, 0x00000000c6400000, 0x00000000c6400000|100%| O|  |TAMS 0x00000000c6300000, 0x00000000c6300000| Untracked 
|  78|0x00000000c6400000, 0x00000000c6500000, 0x00000000c6500000|100%| O|  |TAMS 0x00000000c6400000, 0x00000000c6400000| Untracked 
|  79|0x00000000c6500000, 0x00000000c6600000, 0x00000000c6600000|100%| O|  |TAMS 0x00000000c6500000, 0x00000000c6500000| Untracked 
|  80|0x00000000c6600000, 0x00000000c6700000, 0x00000000c6700000|100%| O|  |TAMS 0x00000000c6600000, 0x00000000c6600000| Untracked 
|  81|0x00000000c6700000, 0x00000000c67a4200, 0x00000000c6800000| 64%| O|  |TAMS 0x00000000c6700000, 0x00000000c6700000| Untracked 
|  82|0x00000000c6800000, 0x00000000c6800000, 0x00000000c6900000|  0%| F|  |TAMS 0x00000000c6800000, 0x00000000c6800000| Untracked 
|  83|0x00000000c6900000, 0x00000000c6900000, 0x00000000c6a00000|  0%| F|  |TAMS 0x00000000c6900000, 0x00000000c6900000| Untracked 
|  84|0x00000000c6a00000, 0x00000000c6a00000, 0x00000000c6b00000|  0%| F|  |TAMS 0x00000000c6a00000, 0x00000000c6a00000| Untracked 
|  85|0x00000000c6b00000, 0x00000000c6b00000, 0x00000000c6c00000|  0%| F|  |TAMS 0x00000000c6b00000, 0x00000000c6b00000| Untracked 
|  86|0x00000000c6c00000, 0x00000000c6c00000, 0x00000000c6d00000|  0%| F|  |TAMS 0x00000000c6c00000, 0x00000000c6c00000| Untracked 
|  87|0x00000000c6d00000, 0x00000000c6d00000, 0x00000000c6e00000|  0%| F|  |TAMS 0x00000000c6d00000, 0x00000000c6d00000| Untracked 
|  88|0x00000000c6e00000, 0x00000000c6e00000, 0x00000000c6f00000|  0%| F|  |TAMS 0x00000000c6e00000, 0x00000000c6e00000| Untracked 
|  89|0x00000000c6f00000, 0x00000000c6f00000, 0x00000000c7000000|  0%| F|  |TAMS 0x00000000c6f00000, 0x00000000c6f00000| Untracked 
|  90|0x00000000c7000000, 0x00000000c7000000, 0x00000000c7100000|  0%| F|  |TAMS 0x00000000c7000000, 0x00000000c7000000| Untracked 
|  91|0x00000000c7100000, 0x00000000c7100000, 0x00000000c7200000|  0%| F|  |TAMS 0x00000000c7100000, 0x00000000c7100000| Untracked 
|  92|0x00000000c7200000, 0x00000000c7200000, 0x00000000c7300000|  0%| F|  |TAMS 0x00000000c7200000, 0x00000000c7200000| Untracked 
|  93|0x00000000c7300000, 0x00000000c7300000, 0x00000000c7400000|  0%| F|  |TAMS 0x00000000c7300000, 0x00000000c7300000| Untracked 
|  94|0x00000000c7400000, 0x00000000c7400000, 0x00000000c7500000|  0%| F|  |TAMS 0x00000000c7400000, 0x00000000c7400000| Untracked 
|  95|0x00000000c7500000, 0x00000000c7500000, 0x00000000c7600000|  0%| F|  |TAMS 0x00000000c7500000, 0x00000000c7500000| Untracked 
|  96|0x00000000c7600000, 0x00000000c7600000, 0x00000000c7700000|  0%| F|  |TAMS 0x00000000c7600000, 0x00000000c7600000| Untracked 
|  97|0x00000000c7700000, 0x00000000c7700000, 0x00000000c7800000|  0%| F|  |TAMS 0x00000000c7700000, 0x00000000c7700000| Untracked 
|  98|0x00000000c7800000, 0x00000000c7800000, 0x00000000c7900000|  0%| F|  |TAMS 0x00000000c7800000, 0x00000000c7800000| Untracked 
|  99|0x00000000c7900000, 0x00000000c7a00000, 0x00000000c7a00000|100%| S|CS|TAMS 0x00000000c7900000, 0x00000000c7900000| Complete 
| 100|0x00000000c7a00000, 0x00000000c7a00000, 0x00000000c7b00000|  0%| F|  |TAMS 0x00000000c7a00000, 0x00000000c7a00000| Untracked 
| 101|0x00000000c7b00000, 0x00000000c7b00000, 0x00000000c7c00000|  0%| F|  |TAMS 0x00000000c7b00000, 0x00000000c7b00000| Untracked 
| 102|0x00000000c7c00000, 0x00000000c7c00000, 0x00000000c7d00000|  0%| F|  |TAMS 0x00000000c7c00000, 0x00000000c7c00000| Untracked 
| 103|0x00000000c7d00000, 0x00000000c7e00000, 0x00000000c7e00000|100%| S|CS|TAMS 0x00000000c7d00000, 0x00000000c7d00000| Complete 
| 104|0x00000000c7e00000, 0x00000000c7f00000, 0x00000000c7f00000|100%| S|CS|TAMS 0x00000000c7e00000, 0x00000000c7e00000| Complete 
| 105|0x00000000c7f00000, 0x00000000c8000000, 0x00000000c8000000|100%| S|CS|TAMS 0x00000000c7f00000, 0x00000000c7f00000| Complete 
| 106|0x00000000c8000000, 0x00000000c8100000, 0x00000000c8100000|100%| S|CS|TAMS 0x00000000c8000000, 0x00000000c8000000| Complete 
| 107|0x00000000c8100000, 0x00000000c8100000, 0x00000000c8200000|  0%| F|  |TAMS 0x00000000c8100000, 0x00000000c8100000| Untracked 
| 108|0x00000000c8200000, 0x00000000c8200000, 0x00000000c8300000|  0%| F|  |TAMS 0x00000000c8200000, 0x00000000c8200000| Untracked 
| 109|0x00000000c8300000, 0x00000000c8300000, 0x00000000c8400000|  0%| F|  |TAMS 0x00000000c8300000, 0x00000000c8300000| Untracked 
| 110|0x00000000c8400000, 0x00000000c8400000, 0x00000000c8500000|  0%| F|  |TAMS 0x00000000c8400000, 0x00000000c8400000| Untracked 
| 111|0x00000000c8500000, 0x00000000c8500000, 0x00000000c8600000|  0%| F|  |TAMS 0x00000000c8500000, 0x00000000c8500000| Untracked 
| 112|0x00000000c8600000, 0x00000000c86e8918, 0x00000000c8700000| 90%| E|  |TAMS 0x00000000c8600000, 0x00000000c8600000| Complete 
| 113|0x00000000c8700000, 0x00000000c8800000, 0x00000000c8800000|100%| E|CS|TAMS 0x00000000c8700000, 0x00000000c8700000| Complete 
| 114|0x00000000c8800000, 0x00000000c8900000, 0x00000000c8900000|100%| E|CS|TAMS 0x00000000c8800000, 0x00000000c8800000| Complete 
| 115|0x00000000c8900000, 0x00000000c8a00000, 0x00000000c8a00000|100%| E|CS|TAMS 0x00000000c8900000, 0x00000000c8900000| Complete 
| 116|0x00000000c8a00000, 0x00000000c8b00000, 0x00000000c8b00000|100%| E|CS|TAMS 0x00000000c8a00000, 0x00000000c8a00000| Complete 
| 117|0x00000000c8b00000, 0x00000000c8c00000, 0x00000000c8c00000|100%| E|CS|TAMS 0x00000000c8b00000, 0x00000000c8b00000| Complete 
| 118|0x00000000c8c00000, 0x00000000c8d00000, 0x00000000c8d00000|100%| E|CS|TAMS 0x00000000c8c00000, 0x00000000c8c00000| Complete 
| 119|0x00000000c8d00000, 0x00000000c8e00000, 0x00000000c8e00000|100%| E|CS|TAMS 0x00000000c8d00000, 0x00000000c8d00000| Complete 
| 120|0x00000000c8e00000, 0x00000000c8f00000, 0x00000000c8f00000|100%| E|CS|TAMS 0x00000000c8e00000, 0x00000000c8e00000| Complete 
| 121|0x00000000c8f00000, 0x00000000c9000000, 0x00000000c9000000|100%| E|CS|TAMS 0x00000000c8f00000, 0x00000000c8f00000| Complete 
| 122|0x00000000c9000000, 0x00000000c9100000, 0x00000000c9100000|100%| E|CS|TAMS 0x00000000c9000000, 0x00000000c9000000| Complete 
| 123|0x00000000c9100000, 0x00000000c9200000, 0x00000000c9200000|100%| E|CS|TAMS 0x00000000c9100000, 0x00000000c9100000| Complete 
| 124|0x00000000c9200000, 0x00000000c9300000, 0x00000000c9300000|100%| E|CS|TAMS 0x00000000c9200000, 0x00000000c9200000| Complete 
| 125|0x00000000c9300000, 0x00000000c9400000, 0x00000000c9400000|100%| E|CS|TAMS 0x00000000c9300000, 0x00000000c9300000| Complete 
| 126|0x00000000c9400000, 0x00000000c9500000, 0x00000000c9500000|100%| E|CS|TAMS 0x00000000c9400000, 0x00000000c9400000| Complete 
| 127|0x00000000c9500000, 0x00000000c9600000, 0x00000000c9600000|100%| E|CS|TAMS 0x00000000c9500000, 0x00000000c9500000| Complete 
| 128|0x00000000c9600000, 0x00000000c9700000, 0x00000000c9700000|100%| E|CS|TAMS 0x00000000c9600000, 0x00000000c9600000| Complete 
| 129|0x00000000c9700000, 0x00000000c9800000, 0x00000000c9800000|100%| E|CS|TAMS 0x00000000c9700000, 0x00000000c9700000| Complete 
| 130|0x00000000c9800000, 0x00000000c9900000, 0x00000000c9900000|100%| E|CS|TAMS 0x00000000c9800000, 0x00000000c9800000| Complete 
| 131|0x00000000c9900000, 0x00000000c9a00000, 0x00000000c9a00000|100%| E|CS|TAMS 0x00000000c9900000, 0x00000000c9900000| Complete 
| 132|0x00000000c9a00000, 0x00000000c9b00000, 0x00000000c9b00000|100%| E|CS|TAMS 0x00000000c9a00000, 0x00000000c9a00000| Complete 
| 133|0x00000000c9b00000, 0x00000000c9c00000, 0x00000000c9c00000|100%| E|CS|TAMS 0x00000000c9b00000, 0x00000000c9b00000| Complete 
| 134|0x00000000c9c00000, 0x00000000c9d00000, 0x00000000c9d00000|100%| E|CS|TAMS 0x00000000c9c00000, 0x00000000c9c00000| Complete 

Card table byte_map: [0x000002749e8a0000,0x000002749eaa0000] _byte_map_base: 0x000002749e295000

Marking Bits (Prev, Next): (CMBitMap*) 0x0000027485d7b8a0, (CMBitMap*) 0x0000027485d7b860
 Prev Bits: [0x000002749fc50000, 0x00000274a0bf8000)
 Next Bits: [0x000002749eca0000, 0x000002749fc48000)

Polling page: 0x0000027485bb0000

Metaspace:

Usage:
  Non-class:     57.83 MB used.
      Class:      7.81 MB used.
       Both:     65.64 MB used.

Virtual space:
  Non-class space:       64.00 MB reserved,      58.06 MB ( 91%) committed,  1 nodes.
      Class space:        1.00 GB reserved,       8.00 MB ( <1%) committed,  1 nodes.
             Both:        1.06 GB reserved,      66.06 MB (  6%) committed. 

Chunk freelists:
   Non-Class:  5.09 MB
       Class:  8.01 MB
        Both:  13.11 MB

MaxMetaspaceSize: unlimited
CompressedClassSpaceSize: 1.00 GB
Initial GC threshold: 21.00 MB
Current GC threshold: 109.50 MB
CDS: on
MetaspaceReclaimPolicy: balanced
 - commit_granule_bytes: 65536.
 - commit_granule_words: 8192.
 - virtual_space_node_default_size: 8388608.
 - enlarge_chunks_in_place: 1.
 - new_chunks_are_fully_committed: 0.
 - uncommit_free_chunks: 1.
 - use_allocation_guard: 0.
 - handle_deallocations: 1.


Internal statistics:

num_allocs_failed_limit: 6.
num_arena_births: 434.
num_arena_deaths: 0.
num_vsnodes_births: 2.
num_vsnodes_deaths: 0.
num_space_committed: 1055.
num_space_uncommitted: 0.
num_chunks_returned_to_freelist: 6.
num_chunks_taken_from_freelist: 2789.
num_chunk_merges: 6.
num_chunk_splits: 2183.
num_chunks_enlarged: 1880.
num_inconsistent_stats: 0.

CodeHeap 'non-profiled nmethods': size=120000Kb used=4292Kb max_used=4292Kb free=115707Kb
 bounds [0x0000027496b40000, 0x0000027496f80000, 0x000002749e070000]
CodeHeap 'profiled nmethods': size=120000Kb used=16469Kb max_used=16469Kb free=103530Kb
 bounds [0x000002748f070000, 0x0000027490090000, 0x00000274965a0000]
CodeHeap 'non-nmethods': size=5760Kb used=1365Kb max_used=1458Kb free=4394Kb
 bounds [0x00000274965a0000, 0x0000027496810000, 0x0000027496b40000]
 total_blobs=7733 nmethods=7031 adapters=614
 compilation: enabled
              stopped_count=0, restarted_count=0
 full_count=0

Compilation events (20 events):
Event: 73.641 Thread 0x00000274a31e5150 nmethod 7841 0x0000027496f70b90 code [0x0000027496f70d20, 0x0000027496f70e98]
Event: 73.642 Thread 0x00000274a31e5150 7842       4       java.nio.ByteBuffer::position (6 bytes)
Event: 73.643 Thread 0x00000274a31e5150 nmethod 7842 0x0000027496f70f90 code [0x0000027496f71120, 0x0000027496f71218]
Event: 73.648 Thread 0x00000274a31e5150 7844   !   4       com.intellij.psi.impl.compiled.StubBuildingVisitor::visitMethod (764 bytes)
Event: 73.694 Thread 0x00000274a3233e60 7848       3       com.intellij.openapi.util.text.StringUtil::escapeStringCharacters (299 bytes)
Event: 73.697 Thread 0x00000274a3233e60 nmethod 7848 0x0000027490078a90 code [0x0000027490078ec0, 0x000002749007a888]
Event: 73.974 Thread 0x00000274a3233e60 7854       3       com.intellij.util.containers.IntArrayList::trimToSize (28 bytes)
Event: 73.974 Thread 0x00000274a3233e60 nmethod 7854 0x000002749007b510 code [0x000002749007b6c0, 0x000002749007b888]
Event: 73.984 Thread 0x00000274a3233e60 7855       3       com.intellij.psi.impl.compiled.AnnotationTextCollector::<init> (69 bytes)
Event: 73.985 Thread 0x00000274a3233e60 nmethod 7855 0x000002749007b990 code [0x000002749007bbe0, 0x000002749007c3a8]
Event: 73.985 Thread 0x00000274a3233e60 7856       3       org.jetbrains.org.objectweb.asm.AnnotationVisitor::<init> (7 bytes)
Event: 73.986 Thread 0x00000274a3233e60 nmethod 7856 0x000002749007c710 code [0x000002749007c8c0, 0x000002749007ca08]
Event: 74.065 Thread 0x00000274a3233e60 7857       3       com.intellij.psi.impl.source.CharTableImpl::getStaticInterned (17 bytes)
Event: 74.066 Thread 0x00000274a3233e60 nmethod 7857 0x000002749007ca90 code [0x000002749007cc40, 0x000002749007ce38]
Event: 74.066 Thread 0x00000274a3233e60 7860       3       com.intellij.openapi.util.text.StringUtil::stringHashCode (14 bytes)
Event: 74.066 Thread 0x00000274a3233e60 nmethod 7860 0x000002749007cf10 code [0x000002749007d0c0, 0x000002749007d238]
Event: 74.066 Thread 0x00000274a3233e60 7858       3       com.intellij.psi.impl.source.CharTableImpl$StringHashToCharSequencesMap::access$300 (6 bytes)
Event: 74.066 Thread 0x00000274a3233e60 nmethod 7858 0x000002749007d310 code [0x000002749007d4c0, 0x000002749007d5e8]
Event: 74.066 Thread 0x00000274a3233e60 7859       3       com.intellij.psi.impl.source.CharTableImpl$StringHashToCharSequencesMap::get (29 bytes)
Event: 74.067 Thread 0x00000274a3233e60 nmethod 7859 0x000002749007d690 code [0x000002749007d880, 0x000002749007dc08]

GC Heap History (20 events):
Event: 62.441 GC heap before
{Heap before GC invocations=40 (full 0):
 garbage-first heap   total 80896K, used 64835K [0x00000000c1600000, 0x0000000100000000)
  region size 1024K, 21 young (21504K), 3 survivors (3072K)
 Metaspace       used 66838K, committed 67264K, reserved 1114112K
  class space    used 7988K, committed 8192K, reserved 1048576K
}
Event: 62.451 GC heap after
{Heap after GC invocations=41 (full 0):
 garbage-first heap   total 80896K, used 47551K [0x00000000c1600000, 0x0000000100000000)
  region size 1024K, 2 young (2048K), 2 survivors (2048K)
 Metaspace       used 66838K, committed 67264K, reserved 1114112K
  class space    used 7988K, committed 8192K, reserved 1048576K
}
Event: 63.712 GC heap before
{Heap before GC invocations=42 (full 0):
 garbage-first heap   total 87040K, used 65983K [0x00000000c1600000, 0x0000000100000000)
  region size 1024K, 20 young (20480K), 2 survivors (2048K)
 Metaspace       used 66846K, committed 67264K, reserved 1114112K
  class space    used 7988K, committed 8192K, reserved 1048576K
}
Event: 63.718 GC heap after
{Heap after GC invocations=43 (full 0):
 garbage-first heap   total 87040K, used 49477K [0x00000000c1600000, 0x0000000100000000)
  region size 1024K, 3 young (3072K), 3 survivors (3072K)
 Metaspace       used 66846K, committed 67264K, reserved 1114112K
  class space    used 7988K, committed 8192K, reserved 1048576K
}
Event: 65.179 GC heap before
{Heap before GC invocations=43 (full 0):
 garbage-first heap   total 87040K, used 69957K [0x00000000c1600000, 0x0000000100000000)
  region size 1024K, 23 young (23552K), 3 survivors (3072K)
 Metaspace       used 66900K, committed 67328K, reserved 1114112K
  class space    used 7989K, committed 8192K, reserved 1048576K
}
Event: 65.201 GC heap after
{Heap after GC invocations=44 (full 0):
 garbage-first heap   total 87040K, used 52235K [0x00000000c1600000, 0x0000000100000000)
  region size 1024K, 3 young (3072K), 3 survivors (3072K)
 Metaspace       used 66900K, committed 67328K, reserved 1114112K
  class space    used 7989K, committed 8192K, reserved 1048576K
}
Event: 65.767 GC heap before
{Heap before GC invocations=45 (full 0):
 garbage-first heap   total 99328K, used 68619K [0x00000000c1600000, 0x0000000100000000)
  region size 1024K, 20 young (20480K), 3 survivors (3072K)
 Metaspace       used 66986K, committed 67392K, reserved 1114112K
  class space    used 7989K, committed 8192K, reserved 1048576K
}
Event: 65.787 GC heap after
{Heap after GC invocations=46 (full 0):
 garbage-first heap   total 99328K, used 55640K [0x00000000c1600000, 0x0000000100000000)
  region size 1024K, 3 young (3072K), 3 survivors (3072K)
 Metaspace       used 66986K, committed 67392K, reserved 1114112K
  class space    used 7989K, committed 8192K, reserved 1048576K
}
Event: 65.806 GC heap before
{Heap before GC invocations=46 (full 0):
 garbage-first heap   total 99328K, used 56664K [0x00000000c1600000, 0x0000000100000000)
  region size 1024K, 4 young (4096K), 3 survivors (3072K)
 Metaspace       used 66991K, committed 67392K, reserved 1114112K
  class space    used 7989K, committed 8192K, reserved 1048576K
}
Event: 65.829 GC heap after
{Heap after GC invocations=47 (full 0):
 garbage-first heap   total 138240K, used 56003K [0x00000000c1600000, 0x0000000100000000)
  region size 1024K, 1 young (1024K), 1 survivors (1024K)
 Metaspace       used 66991K, committed 67392K, reserved 1114112K
  class space    used 7989K, committed 8192K, reserved 1048576K
}
Event: 68.654 GC heap before
{Heap before GC invocations=47 (full 0):
 garbage-first heap   total 138240K, used 106179K [0x00000000c1600000, 0x0000000100000000)
  region size 1024K, 50 young (51200K), 1 survivors (1024K)
 Metaspace       used 67130K, committed 67520K, reserved 1114112K
  class space    used 7991K, committed 8192K, reserved 1048576K
}
Event: 68.674 GC heap after
{Heap after GC invocations=48 (full 0):
 garbage-first heap   total 138240K, used 63076K [0x00000000c1600000, 0x0000000100000000)
  region size 1024K, 7 young (7168K), 7 survivors (7168K)
 Metaspace       used 67130K, committed 67520K, reserved 1114112K
  class space    used 7991K, committed 8192K, reserved 1048576K
}
Event: 70.044 GC heap before
{Heap before GC invocations=48 (full 0):
 garbage-first heap   total 138240K, used 103012K [0x00000000c1600000, 0x0000000100000000)
  region size 1024K, 46 young (47104K), 7 survivors (7168K)
 Metaspace       used 67156K, committed 67520K, reserved 1114112K
  class space    used 7991K, committed 8192K, reserved 1048576K
}
Event: 70.079 GC heap after
{Heap after GC invocations=49 (full 0):
 garbage-first heap   total 138240K, used 70268K [0x00000000c1600000, 0x0000000100000000)
  region size 1024K, 6 young (6144K), 6 survivors (6144K)
 Metaspace       used 67156K, committed 67520K, reserved 1114112K
  class space    used 7991K, committed 8192K, reserved 1048576K
}
Event: 72.062 GC heap before
{Heap before GC invocations=49 (full 0):
 garbage-first heap   total 138240K, used 106108K [0x00000000c1600000, 0x0000000100000000)
  region size 1024K, 41 young (41984K), 6 survivors (6144K)
 Metaspace       used 67172K, committed 67584K, reserved 1114112K
  class space    used 7991K, committed 8192K, reserved 1048576K
}
Event: 72.082 GC heap after
{Heap after GC invocations=50 (full 0):
 garbage-first heap   total 138240K, used 76701K [0x00000000c1600000, 0x0000000100000000)
  region size 1024K, 6 young (6144K), 6 survivors (6144K)
 Metaspace       used 67172K, committed 67584K, reserved 1114112K
  class space    used 7991K, committed 8192K, reserved 1048576K
}
Event: 73.074 GC heap before
{Heap before GC invocations=50 (full 0):
 garbage-first heap   total 138240K, used 109469K [0x00000000c1600000, 0x0000000100000000)
  region size 1024K, 38 young (38912K), 6 survivors (6144K)
 Metaspace       used 67189K, committed 67584K, reserved 1114112K
  class space    used 7992K, committed 8192K, reserved 1048576K
}
Event: 73.094 GC heap after
{Heap after GC invocations=51 (full 0):
 garbage-first heap   total 138240K, used 82944K [0x00000000c1600000, 0x0000000100000000)
  region size 1024K, 5 young (5120K), 5 survivors (5120K)
 Metaspace       used 67189K, committed 67584K, reserved 1114112K
  class space    used 7992K, committed 8192K, reserved 1048576K
}
Event: 73.650 GC heap before
{Heap before GC invocations=51 (full 0):
 garbage-first heap   total 138240K, used 111616K [0x00000000c1600000, 0x0000000100000000)
  region size 1024K, 33 young (33792K), 5 survivors (5120K)
 Metaspace       used 67209K, committed 67648K, reserved 1114112K
  class space    used 7992K, committed 8192K, reserved 1048576K
}
Event: 73.670 GC heap after
{Heap after GC invocations=52 (full 0):
 garbage-first heap   total 138240K, used 88720K [0x00000000c1600000, 0x0000000100000000)
  region size 1024K, 5 young (5120K), 5 survivors (5120K)
 Metaspace       used 67209K, committed 67648K, reserved 1114112K
  class space    used 7992K, committed 8192K, reserved 1048576K
}

Dll operation events (8 events):
Event: 0.045 Loaded shared library C:\Program Files\Eclipse Adoptium\jdk-17.0.20.101-hotspot\bin\java.dll
Event: 0.362 Loaded shared library C:\Program Files\Eclipse Adoptium\jdk-17.0.20.101-hotspot\bin\jsvml.dll
Event: 1.490 Loaded shared library C:\Program Files\Eclipse Adoptium\jdk-17.0.20.101-hotspot\bin\net.dll
Event: 1.634 Loaded shared library C:\Program Files\Eclipse Adoptium\jdk-17.0.20.101-hotspot\bin\nio.dll
Event: 1.648 Loaded shared library C:\Program Files\Eclipse Adoptium\jdk-17.0.20.101-hotspot\bin\zip.dll
Event: 2.258 Loaded shared library C:\Program Files\Eclipse Adoptium\jdk-17.0.20.101-hotspot\bin\jimage.dll
Event: 14.198 Loaded shared library C:\Program Files\Eclipse Adoptium\jdk-17.0.20.101-hotspot\bin\verify.dll
Event: 24.294 Loaded shared library C:\Users\welcome\AppData\Local\Temp\sqlite-3.41.2.1-455c3a4b-067b-436b-8380-9f340c99f3a3-sqlitejdbc.dll

Deoptimization events (20 events):
Event: 71.483 Thread 0x00000274f18df5a0 Uncommon trap: trap_request=0xffffff45 fr.pc=0x0000027496b4c26c relative=0x000000000000042c
Event: 71.483 Thread 0x00000274f18df5a0 Uncommon trap: reason=unstable_if action=reinterpret pc=0x0000027496b4c26c method=java.lang.AbstractStringBuilder.isLatin1()Z @ 10 c2
Event: 71.483 Thread 0x00000274f18df5a0 DEOPT PACKING pc=0x0000027496b4c26c sp=0x000000d41effcbc0
Event: 71.483 Thread 0x00000274f18df5a0 DEOPT UNPACKING pc=0x00000274965f69a3 sp=0x000000d41effcb40 mode 2
Event: 71.628 Thread 0x00000274f18df5a0 Uncommon trap: trap_request=0xffffffbe fr.pc=0x0000027496ee8b5c relative=0x00000000000044dc
Event: 71.629 Thread 0x00000274f18df5a0 Uncommon trap: reason=profile_predicate action=maybe_recompile pc=0x0000027496ee8b5c method=com.intellij.psi.impl.compiled.StubBuildingVisitor.visitMethod(ILjava/lang/String;Ljava/lang/String;Ljava/lang/String;[Ljava/lang/String;)Lorg/jetbrains/org/object
Event: 71.629 Thread 0x00000274f18df5a0 DEOPT PACKING pc=0x0000027496ee8b5c sp=0x000000d41effcd70
Event: 71.629 Thread 0x00000274f18df5a0 DEOPT UNPACKING pc=0x00000274965f69a3 sp=0x000000d41effcd20 mode 2
Event: 71.641 Thread 0x00000274f18df5a0 Uncommon trap: trap_request=0xffffffbe fr.pc=0x0000027496ee8b5c relative=0x00000000000044dc
Event: 71.641 Thread 0x00000274f18df5a0 Uncommon trap: reason=profile_predicate action=maybe_recompile pc=0x0000027496ee8b5c method=com.intellij.psi.impl.compiled.StubBuildingVisitor.visitMethod(ILjava/lang/String;Ljava/lang/String;Ljava/lang/String;[Ljava/lang/String;)Lorg/jetbrains/org/object
Event: 71.641 Thread 0x00000274f18df5a0 DEOPT PACKING pc=0x0000027496ee8b5c sp=0x000000d41effcb70
Event: 71.641 Thread 0x00000274f18df5a0 DEOPT UNPACKING pc=0x00000274965f69a3 sp=0x000000d41effcb20 mode 2
Event: 73.395 Thread 0x00000274f18df5a0 Uncommon trap: trap_request=0xffffffbe fr.pc=0x0000027496ee8b5c relative=0x00000000000044dc
Event: 73.395 Thread 0x00000274f18df5a0 Uncommon trap: reason=profile_predicate action=maybe_recompile pc=0x0000027496ee8b5c method=com.intellij.psi.impl.compiled.StubBuildingVisitor.visitMethod(ILjava/lang/String;Ljava/lang/String;Ljava/lang/String;[Ljava/lang/String;)Lorg/jetbrains/org/object
Event: 73.395 Thread 0x00000274f18df5a0 DEOPT PACKING pc=0x0000027496ee8b5c sp=0x000000d41effcd70
Event: 73.395 Thread 0x00000274f18df5a0 DEOPT UNPACKING pc=0x00000274965f69a3 sp=0x000000d41effcd20 mode 2
Event: 73.627 Thread 0x00000274f18df5a0 Uncommon trap: trap_request=0xffffff45 fr.pc=0x0000027496f6b2a8 relative=0x00000000000018c8
Event: 73.627 Thread 0x00000274f18df5a0 Uncommon trap: reason=unstable_if action=reinterpret pc=0x0000027496f6b2a8 method=com.intellij.openapi.util.text.StringUtil.escapeStringCharacters(ILjava/lang/String;Ljava/lang/String;ZZLjava/lang/StringBuilder;)Ljava/lang/StringBuilder; @ 143 c2
Event: 73.627 Thread 0x00000274f18df5a0 DEOPT PACKING pc=0x0000027496f6b2a8 sp=0x000000d41effccb0
Event: 73.627 Thread 0x00000274f18df5a0 DEOPT UNPACKING pc=0x00000274965f69a3 sp=0x000000d41effcc80 mode 2

Classes loaded (20 events):
Event: 44.501 Loading class java/util/stream/IntPipeline$1
Event: 44.504 Loading class java/util/stream/IntPipeline$1 done
Event: 44.507 Loading class java/util/stream/IntPipeline$1$1
Event: 44.508 Loading class java/util/stream/IntPipeline$1$1 done
Event: 45.064 Loading class java/util/concurrent/CompletableFuture$AsyncRun
Event: 45.065 Loading class java/util/concurrent/CompletableFuture$AsyncRun done
Event: 46.064 Loading class java/util/concurrent/ConcurrentLinkedQueue$Itr
Event: 46.065 Loading class java/util/concurrent/ConcurrentLinkedQueue$Itr done
Event: 47.935 Loading class java/util/stream/LongStream
Event: 47.939 Loading class java/util/stream/LongStream done
Event: 47.939 Loading class java/util/stream/DoubleStream
Event: 47.940 Loading class java/util/stream/DoubleStream done
Event: 48.516 Loading class java/lang/Character$UnicodeBlock
Event: 48.520 Loading class java/lang/Character$Subset
Event: 48.520 Loading class java/lang/Character$Subset done
Event: 48.520 Loading class java/lang/Character$UnicodeBlock done
Event: 54.596 Loading class java/text/ChoiceFormat
Event: 54.597 Loading class java/text/ChoiceFormat done
Event: 65.915 Loading class jdk/internal/math/FDBigInteger
Event: 65.927 Loading class jdk/internal/math/FDBigInteger done

Classes unloaded (0 events):
No events

Classes redefined (0 events):
No events

Internal exceptions (20 events):
Event: 37.799 Thread 0x00000274f18dffc0 Exception <a 'java/lang/NoSuchMethodError'{0x00000000c551c138}: 'java.lang.Object java.lang.invoke.DirectMethodHandle$Holder.newInvokeSpecial(java.lang.Object, java.lang.Object, java.lang.Object, java.lang.Object, java.lang.Object, java.lang.Object)'> (0x00000000c551c138) 
thrown [s\src\hotspot\share\interpreter\linkResolver.cpp, line 759]
Event: 39.044 Thread 0x00000274f18dffc0 Exception <a 'java/lang/NoSuchMethodError'{0x00000000c3c0ef30}: 'java.lang.Object java.lang.invoke.DirectMethodHandle$Holder.invokeStaticInit(java.lang.Object, java.lang.Object, java.lang.Object, java.lang.Object)'> (0x00000000c3c0ef30) 
thrown [s\src\hotspot\share\interpreter\linkResolver.cpp, line 759]
Event: 39.615 Thread 0x00000274f18dffc0 Exception <a 'java/lang/NoSuchMethodError'{0x00000000c3a5c6d8}: 'java.lang.Object java.lang.invoke.DirectMethodHandle$Holder.newInvokeSpecial(java.lang.Object, java.lang.Object, java.lang.Object, java.lang.Object, int, java.lang.Object)'> (0x00000000c3a5c6d8) 
thrown [s\src\hotspot\share\interpreter\linkResolver.cpp, line 759]
Event: 39.617 Thread 0x00000274f18dffc0 Exception <a 'java/lang/NoSuchMethodError'{0x00000000c3a64578}: 'java.lang.Object java.lang.invoke.Invokers$Holder.linkToTargetMethod(java.lang.Object, java.lang.Object, java.lang.Object, int, java.lang.Object, java.lang.Object)'> (0x00000000c3a64578) 
thrown [s\src\hotspot\share\interpreter\linkResolver.cpp, line 759]
Event: 43.567 Thread 0x00000274f18dffc0 Exception <a 'java/lang/NoSuchMethodError'{0x00000000c382ca60}: 'java.lang.Object java.lang.invoke.DirectMethodHandle$Holder.newInvokeSpecial(java.lang.Object, java.lang.Object, java.lang.Object, java.lang.Object, java.lang.Object, java.lang.Object, java.lang.Object, int)'> (0x00000000c382ca60) 
thrown [s\src\hotspot\share\interpreter\linkResolver.cpp, line 759]
Event: 43.568 Thread 0x00000274f18dffc0 Exception <a 'java/lang/NoSuchMethodError'{0x00000000c3831db0}: 'java.lang.Object java.lang.invoke.DirectMethodHandle$Holder.invokeSpecial(java.lang.Object, java.lang.Object, java.lang.Object, java.lang.Object, java.lang.Object, java.lang.Object, java.lang.Object, java.lang.Object, int)'> (0x00000000c3831db0) 
thrown [s\src\hotspot\share\interpreter\linkResolver.cpp, line 759]
Event: 43.701 Thread 0x00000274f18dffc0 Implicit null exception at 0x0000027496bc3cef to 0x0000027496bc3ebc
Event: 44.498 Thread 0x00000274f18e04d0 Implicit null exception at 0x0000027496d69d95 to 0x0000027496d6a16a
Event: 44.498 Thread 0x00000274f18e04d0 Implicit null exception at 0x0000027496d63daf to 0x0000027496d63dec
Event: 45.729 Thread 0x00000274f18dd740 Exception <a 'java/lang/NoSuchMethodError'{0x00000000c389bbb0}: 'java.lang.Object java.lang.invoke.DirectMethodHandle$Holder.newInvokeSpecial(java.lang.Object, java.lang.Object, java.lang.Object, java.lang.Object, long)'> (0x00000000c389bbb0) 
thrown [s\src\hotspot\share\interpreter\linkResolver.cpp, line 759]
Event: 45.730 Thread 0x00000274f18dd740 Exception <a 'java/lang/NoSuchMethodError'{0x00000000c38d0510}: 'java.lang.Object java.lang.invoke.DirectMethodHandle$Holder.invokeSpecial(java.lang.Object, java.lang.Object, java.lang.Object, java.lang.Object, java.lang.Object, long)'> (0x00000000c38d0510) 
thrown [s\src\hotspot\share\interpreter\linkResolver.cpp, line 759]
Event: 45.731 Thread 0x00000274f18dd740 Exception <a 'java/lang/NoSuchMethodError'{0x00000000c38d3f50}: 'java.lang.Object java.lang.invoke.Invokers$Holder.linkToTargetMethod(java.lang.Object, java.lang.Object, java.lang.Object, long, java.lang.Object)'> (0x00000000c38d3f50) 
thrown [s\src\hotspot\share\interpreter\linkResolver.cpp, line 759]
Event: 46.517 Thread 0x00000274f18dffc0 Exception <a 'java/lang/NoSuchMethodError'{0x00000000c447aca8}: 'java.lang.Object java.lang.invoke.DirectMethodHandle$Holder.invokeStatic(java.lang.Object, int, java.lang.Object)'> (0x00000000c447aca8) 
thrown [s\src\hotspot\share\interpreter\linkResolver.cpp, line 759]
Event: 49.324 Thread 0x00000274f18dffc0 Exception <a 'java/lang/IncompatibleClassChangeError'{0x00000000c4633b40}: Found class java.lang.Object, but interface was expected> (0x00000000c4633b40) 
thrown [s\src\hotspot\share\interpreter\linkResolver.cpp, line 826]
Event: 49.328 Thread 0x00000274f18dffc0 Exception <a 'java/lang/NoSuchMethodError'{0x00000000c463f058}: 'java.lang.Object java.lang.invoke.DirectMethodHandle$Holder.invokeStatic(java.lang.Object, java.lang.Object, java.lang.Object, java.lang.Object, int)'> (0x00000000c463f058) 
thrown [s\src\hotspot\share\interpreter\linkResolver.cpp, line 759]
Event: 49.618 Thread 0x00000274f18dffc0 Implicit null exception at 0x0000027496bcc6e4 to 0x0000027496bcc994
Event: 53.517 Thread 0x00000274f18dffc0 Exception <a 'java/lang/NoSuchMethodError'{0x00000000c4e11728}: 'java.lang.Object java.lang.invoke.DirectMethodHandle$Holder.newInvokeSpecial(java.lang.Object, java.lang.Object, java.lang.Object, java.lang.Object, java.lang.Object, java.lang.Object, java.lang.Object, java.lang.Object, java.lang.Object)'> (0x00000000c4e11728) 
thrown [s\src\hotspot\share\interpreter\linkResolver.cpp, line 759]
Event: 53.518 Thread 0x00000274f18dffc0 Exception <a 'java/lang/NoSuchMethodError'{0x00000000c4e16d40}: 'java.lang.Object java.lang.invoke.DirectMethodHandle$Holder.invokeSpecial(java.lang.Object, java.lang.Object, java.lang.Object, java.lang.Object, java.lang.Object, java.lang.Object, java.lang.Object, java.lang.Object, java.lang.Object, java.lang.Object)'> (0x00000000c4e16d40) 
thrown [s\src\hotspot\share\interpreter\linkResolver.cpp, line 759]
Event: 53.523 Thread 0x00000274f18dffc0 Exception <a 'java/lang/NoSuchMethodError'{0x00000000c4e1b308}: 'java.lang.Object java.lang.invoke.Invokers$Holder.linkToTargetMethod(java.lang.Object, java.lang.Object, java.lang.Object, java.lang.Object, java.lang.Object, java.lang.Object, java.lang.Object, java.lang.Object, java.lang.Object)'> (0x00000000c4e1b308) 
thrown [s\src\hotspot\share\interpreter\linkResolver.cpp, line 759]
Event: 55.100 Thread 0x00000274f18df5a0 Implicit null exception at 0x0000027496ba024f to 0x0000027496ba0321

VM Operations (20 events):
Event: 66.847 Executing VM operation: Cleanup
Event: 66.921 Executing VM operation: Cleanup done
Event: 67.930 Executing VM operation: Cleanup
Event: 67.961 Executing VM operation: Cleanup done
Event: 68.654 Executing VM operation: G1CollectForAllocation
Event: 68.674 Executing VM operation: G1CollectForAllocation done
Event: 69.677 Executing VM operation: Cleanup
Event: 69.692 Executing VM operation: Cleanup done
Event: 70.044 Executing VM operation: G1CollectForAllocation
Event: 70.079 Executing VM operation: G1CollectForAllocation done
Event: 70.404 Executing VM operation: HandshakeAllThreads
Event: 70.416 Executing VM operation: HandshakeAllThreads done
Event: 71.428 Executing VM operation: Cleanup
Event: 71.444 Executing VM operation: Cleanup done
Event: 72.062 Executing VM operation: G1CollectForAllocation
Event: 72.082 Executing VM operation: G1CollectForAllocation done
Event: 73.074 Executing VM operation: G1CollectForAllocation
Event: 73.094 Executing VM operation: G1CollectForAllocation done
Event: 73.650 Executing VM operation: G1CollectForAllocation
Event: 73.671 Executing VM operation: G1CollectForAllocation done

Memory protections (0 events):
No events

Nmethod flushes (20 events):
Event: 53.467 Thread 0x00000274a3256c20 flushing  nmethod 0x000002748fa16410
Event: 53.467 Thread 0x00000274a3256c20 flushing  nmethod 0x000002748fa22e90
Event: 53.467 Thread 0x00000274a3256c20 flushing  nmethod 0x000002748fa53610
Event: 53.468 Thread 0x00000274a3256c20 flushing  nmethod 0x000002748facf590
Event: 53.468 Thread 0x00000274a3256c20 flushing  nmethod 0x000002748fae4a10
Event: 53.468 Thread 0x00000274a3256c20 flushing  nmethod 0x000002748fb08810
Event: 53.468 Thread 0x00000274a3256c20 flushing  nmethod 0x000002748fb11190
Event: 53.469 Thread 0x00000274a3256c20 flushing  nmethod 0x000002748fb80f10
Event: 53.469 Thread 0x00000274a3256c20 flushing  nmethod 0x000002748fb93710
Event: 53.469 Thread 0x00000274a3256c20 flushing  nmethod 0x000002748fbcb610
Event: 53.470 Thread 0x00000274a3256c20 flushing  nmethod 0x000002748fc98890
Event: 53.471 Thread 0x00000274a3256c20 flushing  nmethod 0x000002748fcdab10
Event: 53.471 Thread 0x00000274a3256c20 flushing  nmethod 0x000002748fcdb410
Event: 53.471 Thread 0x00000274a3256c20 flushing  nmethod 0x000002748fcdcc90
Event: 53.471 Thread 0x00000274a3256c20 flushing  nmethod 0x000002748fcdd290
Event: 53.471 Thread 0x00000274a3256c20 flushing  nmethod 0x000002748fce5290
Event: 53.471 Thread 0x00000274a3256c20 flushing  nmethod 0x000002748fcf5e10
Event: 53.471 Thread 0x00000274a3256c20 flushing  nmethod 0x000002748fcf7590
Event: 70.416 Thread 0x00000274a3256c20 flushing  nmethod 0x0000027496b4ab10
Event: 70.437 Thread 0x00000274a3256c20 flushing  nmethod 0x000002748fcfa610

Events (20 events):
Event: 0.583 Thread 0x0000027485d3eba0 Thread added: 0x00000274a31e3aa0
Event: 0.584 Thread 0x0000027485d3eba0 Thread added: 0x00000274a31e4460
Event: 0.584 Thread 0x0000027485d3eba0 Thread added: 0x00000274a31e5150
Event: 0.624 Thread 0x0000027485d3eba0 Thread added: 0x00000274a3233e60
Event: 0.664 Thread 0x0000027485d3eba0 Thread added: 0x00000274a3256c20
Event: 1.346 Thread 0x0000027485d3eba0 Thread added: 0x00000274a33dfd50
Event: 1.351 Thread 0x0000027485d3eba0 Thread added: 0x00000274a34405f0
Event: 16.802 Thread 0x00000274a3233e60 Thread added: 0x00000274f150ba50
Event: 17.368 Thread 0x00000274f150ba50 Thread exited: 0x00000274f150ba50
Event: 20.442 Thread 0x0000027485d3eba0 Thread added: 0x00000274f2373370
Event: 20.575 Thread 0x00000274f2373370 Thread exited: 0x00000274f2373370
Event: 22.560 Thread 0x0000027485d3eba0 Thread added: 0x00000274f22fefa0
Event: 22.561 Thread 0x0000027485d3eba0 Thread exited: 0x0000027485d3eba0
Event: 22.561 Thread 0x0000027485d3eba0 Thread added: 0x0000027485d3eba0
Event: 23.360 Thread 0x00000274f22fefa0 Thread added: 0x00000274f25acae0
Event: 27.189 Thread 0x00000274f25acae0 Thread added: 0x00000274f18dfab0
Event: 27.412 Thread 0x00000274f25acae0 Thread added: 0x00000274f18dffc0
Event: 27.733 Thread 0x00000274f22fefa0 Thread added: 0x00000274f18e04d0
Event: 45.065 Thread 0x00000274f18e04d0 Thread added: 0x00000274f18dd740
Event: 54.529 Thread 0x00000274f22fefa0 Thread added: 0x00000274f18df5a0


Dynamic libraries:
0x00007ff7f38f0000 - 0x00007ff7f38fe000 	C:\Program Files\Eclipse Adoptium\jdk-17.0.20.101-hotspot\bin\java.exe
0x00007fffc4bd0000 - 0x00007fffc4dc9000 	C:\Windows\SYSTEM32\ntdll.dll
0x00007fffc3a60000 - 0x00007fffc3b22000 	C:\Windows\System32\KERNEL32.DLL
0x00007fffc25d0000 - 0x00007fffc28c7000 	C:\Windows\System32\KERNELBASE.dll
0x00007fffc2a30000 - 0x00007fffc2b30000 	C:\Windows\System32\ucrtbase.dll
0x00007fffbcfc0000 - 0x00007fffbcfd8000 	C:\Program Files\Eclipse Adoptium\jdk-17.0.20.101-hotspot\bin\jli.dll
0x00007fffc3560000 - 0x00007fffc36fd000 	C:\Windows\System32\USER32.dll
0x00007fffc2b80000 - 0x00007fffc2ba2000 	C:\Windows\System32\win32u.dll
0x00007fffc3b90000 - 0x00007fffc3bbb000 	C:\Windows\System32\GDI32.dll
0x00007fffc22c0000 - 0x00007fffc23da000 	C:\Windows\System32\gdi32full.dll
0x00007fffc2220000 - 0x00007fffc22bd000 	C:\Windows\System32\msvcp_win.dll
0x00007fffaf7a0000 - 0x00007fffafa3b000 	C:\Windows\WinSxS\amd64_microsoft.windows.common-controls_6595b64144ccf1df_6.0.19041.7663_none_60b9ed0b71f50c93\COMCTL32.dll
0x00007fffc3940000 - 0x00007fffc39de000 	C:\Windows\System32\msvcrt.dll
0x00007fffbc940000 - 0x00007fffbc95e000 	C:\Program Files\Eclipse Adoptium\jdk-17.0.20.101-hotspot\bin\VCRUNTIME140.dll
0x00007fffc3910000 - 0x00007fffc393f000 	C:\Windows\System32\IMM32.DLL
0x00007fffbcf80000 - 0x00007fffbcf8c000 	C:\Program Files\Eclipse Adoptium\jdk-17.0.20.101-hotspot\bin\vcruntime140_1.dll
0x00007fff9a720000 - 0x00007fff9a7ad000 	C:\Program Files\Eclipse Adoptium\jdk-17.0.20.101-hotspot\bin\msvcp140.dll
0x00007fff85430000 - 0x00007fff8609c000 	C:\Program Files\Eclipse Adoptium\jdk-17.0.20.101-hotspot\bin\server\jvm.dll
0x00007fffc4ad0000 - 0x00007fffc4b82000 	C:\Windows\System32\ADVAPI32.dll
0x00007fffc3400000 - 0x00007fffc34a0000 	C:\Windows\System32\sechost.dll
0x00007fffc37e0000 - 0x00007fffc3906000 	C:\Windows\System32\RPCRT4.dll
0x00007fffc2460000 - 0x00007fffc2487000 	C:\Windows\System32\bcrypt.dll
0x00007fffc39e0000 - 0x00007fffc3a53000 	C:\Windows\System32\WS2_32.dll
0x00007fffc2070000 - 0x00007fffc20bb000 	C:\Windows\SYSTEM32\POWRPROF.dll
0x00007fffad060000 - 0x00007fffad087000 	C:\Windows\SYSTEM32\WINMM.dll
0x00007fffbb7b0000 - 0x00007fffbb7ba000 	C:\Windows\SYSTEM32\VERSION.dll
0x00007fffc2050000 - 0x00007fffc2062000 	C:\Windows\SYSTEM32\UMPDC.dll
0x00007fffc0030000 - 0x00007fffc0042000 	C:\Windows\SYSTEM32\kernel.appcore.dll
0x00007fffbcfb0000 - 0x00007fffbcfba000 	C:\Program Files\Eclipse Adoptium\jdk-17.0.20.101-hotspot\bin\jimage.dll
0x00007fffac260000 - 0x00007fffac46b000 	C:\Windows\SYSTEM32\DBGHELP.DLL
0x00007fffaae90000 - 0x00007fffaaec5000 	C:\Windows\SYSTEM32\dbgcore.DLL
0x00007fffc2540000 - 0x00007fffc25c2000 	C:\Windows\System32\bcryptPrimitives.dll
0x00007fffb76c0000 - 0x00007fffb76e5000 	C:\Program Files\Eclipse Adoptium\jdk-17.0.20.101-hotspot\bin\java.dll
0x00007fff8d7c0000 - 0x00007fff8d897000 	C:\Program Files\Eclipse Adoptium\jdk-17.0.20.101-hotspot\bin\jsvml.dll
0x00007fffc2c80000 - 0x00007fffc33f1000 	C:\Windows\System32\SHELL32.dll
0x00007fffc0240000 - 0x00007fffc09ec000 	C:\Windows\SYSTEM32\windows.storage.dll
0x00007fffc4040000 - 0x00007fffc4394000 	C:\Windows\System32\combase.dll
0x00007fffc1b70000 - 0x00007fffc1b9b000 	C:\Windows\SYSTEM32\Wldp.dll
0x00007fffc34a0000 - 0x00007fffc354d000 	C:\Windows\System32\SHCORE.dll
0x00007fffc2c10000 - 0x00007fffc2c6b000 	C:\Windows\System32\shlwapi.dll
0x00007fffc2150000 - 0x00007fffc2175000 	C:\Windows\SYSTEM32\profapi.dll
0x00007fffae230000 - 0x00007fffae24a000 	C:\Program Files\Eclipse Adoptium\jdk-17.0.20.101-hotspot\bin\net.dll
0x00007fffb8a20000 - 0x00007fffb8b2d000 	C:\Windows\SYSTEM32\WINHTTP.dll
0x00007fffc1880000 - 0x00007fffc18ea000 	C:\Windows\system32\mswsock.dll
0x00007fffae210000 - 0x00007fffae226000 	C:\Program Files\Eclipse Adoptium\jdk-17.0.20.101-hotspot\bin\nio.dll
0x00007fffad7d0000 - 0x00007fffad7e8000 	C:\Program Files\Eclipse Adoptium\jdk-17.0.20.101-hotspot\bin\zip.dll
0x00007fffc1ad0000 - 0x00007fffc1ae8000 	C:\Windows\SYSTEM32\CRYPTSP.dll
0x00007fffc1180000 - 0x00007fffc11b8000 	C:\Windows\system32\rsaenh.dll
0x00007fffc20c0000 - 0x00007fffc20ee000 	C:\Windows\SYSTEM32\USERENV.dll
0x00007fffc1ac0000 - 0x00007fffc1acc000 	C:\Windows\SYSTEM32\CRYPTBASE.dll
0x00007fffc1550000 - 0x00007fffc158b000 	C:\Windows\SYSTEM32\IPHLPAPI.DLL
0x00007fffc2c70000 - 0x00007fffc2c78000 	C:\Windows\System32\NSI.dll
0x00007fffb9550000 - 0x00007fffb9567000 	C:\Windows\SYSTEM32\dhcpcsvc6.DLL
0x00007fffb9530000 - 0x00007fffb954d000 	C:\Windows\SYSTEM32\dhcpcsvc.DLL
0x00007fffc1590000 - 0x00007fffc165c000 	C:\Windows\SYSTEM32\DNSAPI.dll
0x00007fffa8e70000 - 0x00007fffa8e80000 	C:\Program Files\Eclipse Adoptium\jdk-17.0.20.101-hotspot\bin\verify.dll
0x00007fff87ae0000 - 0x00007fff87bc9000 	C:\Users\welcome\AppData\Local\Temp\sqlite-3.41.2.1-455c3a4b-067b-436b-8380-9f340c99f3a3-sqlitejdbc.dll

dbghelp: loaded successfully - version: 4.0.5 - missing functions: none
symbol engine: initialized successfully - sym options: 0x614 - pdb path: .;C:\Program Files\Eclipse Adoptium\jdk-17.0.20.101-hotspot\bin;C:\Windows\SYSTEM32;C:\Windows\WinSxS\amd64_microsoft.windows.common-controls_6595b64144ccf1df_6.0.19041.7663_none_60b9ed0b71f50c93;C:\Program Files\Eclipse Adoptium\jdk-17.0.20.101-hotspot\bin\server;C:\Users\welcome\AppData\Local\Temp

VM Arguments:
jvm_args: -DkotlinLanguageServer.version=1.3.13 
java_command: org.javacs.kt.MainKt
java_class_path (initial): c:\Users\welcome\AppData\Roaming\Code\User\globalStorage\fwcd.kotlin\langServerInstall\server\lib\server-1.3.13.jar;c:\Users\welcome\AppData\Roaming\Code\User\globalStorage\fwcd.kotlin\langServerInstall\server\lib\shared-1.3.13.jar;c:\Users\welcome\AppData\Roaming\Code\User\globalStorage\fwcd.kotlin\langServerInstall\server\lib\kotlin-scripting-jvm-host-unshaded-2.1.0.jar;c:\Users\welcome\AppData\Roaming\Code\User\globalStorage\fwcd.kotlin\langServerInstall\server\lib\kotlin-scripting-compiler-2.1.0.jar;c:\Users\welcome\AppData\Roaming\Code\User\globalStorage\fwcd.kotlin\langServerInstall\server\lib\ktfmt-b5d31d1.jar;c:\Users\welcome\AppData\Roaming\Code\User\globalStorage\fwcd.kotlin\langServerInstall\server\lib\kotlin-compiler-2.1.0.jar;c:\Users\welcome\AppData\Roaming\Code\User\globalStorage\fwcd.kotlin\langServerInstall\server\lib\exposed-dao-0.37.3.jar;c:\Users\welcome\AppData\Roaming\Code\User\globalStorage\fwcd.kotlin\langServerInstall\server\lib\exposed-jdbc-0.37.3.jar;c:\Users\welcome\AppData\Roaming\Code\User\globalStorage\fwcd.kotlin\langServerInstall\server\lib\exposed-core-0.37.3.jar;c:\Users\welcome\AppData\Roaming\Code\User\globalStorage\fwcd.kotlin\langServerInstall\server\lib\kotlin-scripting-compiler-impl-2.1.0.jar;c:\Users\welcome\AppData\Roaming\Code\User\globalStorage\fwcd.kotlin\langServerInstall\server\lib\kotlin-reflect-2.1.0.jar;c:\Users\welcome\AppData\Roaming\Code\User\globalStorage\fwcd.kotlin\langServerInstall\server\lib\kotlin-scripting-jvm-2.1.0.jar;c:\Users\welcome\AppData\Roaming\Code\User\globalStorage\fwcd.kotlin\langServerInstall\server\lib\kotlin-scripting-common-2.1.0.jar;c:\Users\welcome\AppData\Roaming\Code\User\globalStorage\fwcd.kotlin\langServerInstall\server\lib\kotlinx-coroutines-core-jvm-1.6.4.jar;c:\Users\welcome\AppData\Roaming\Code\User\globalStorage\fwcd.kotlin\langServerInstall\server\lib\kotlin-stdlib-jdk8-2.1.0.jar;c:\Users\welcome\AppData\Roaming\Code\User\globalStorage\fwcd.kotlin\la
Launcher Type: SUN_STANDARD

[Global flags]
     intx CICompilerCount                          = 3                                         {product} {ergonomic}
     uint ConcGCThreads                            = 1                                         {product} {ergonomic}
     uint G1ConcRefinementThreads                  = 4                                         {product} {ergonomic}
   size_t G1HeapRegionSize                         = 1048576                                   {product} {ergonomic}
    uintx GCDrainStackTargetSize                   = 64                                        {product} {ergonomic}
   size_t InitialHeapSize                          = 67108864                                  {product} {ergonomic}
   size_t MarkStackSize                            = 4194304                                   {product} {ergonomic}
   size_t MaxHeapSize                              = 1050673152                                {product} {ergonomic}
   size_t MaxNewSize                               = 630194176                                 {product} {ergonomic}
   size_t MinHeapDeltaBytes                        = 1048576                                   {product} {ergonomic}
   size_t MinHeapSize                              = 8388608                                   {product} {ergonomic}
    uintx NonNMethodCodeHeapSize                   = 5832780                                {pd product} {ergonomic}
    uintx NonProfiledCodeHeapSize                  = 122912730                              {pd product} {ergonomic}
    uintx ProfiledCodeHeapSize                     = 122912730                              {pd product} {ergonomic}
    uintx ReservedCodeCacheSize                    = 251658240                              {pd product} {ergonomic}
     bool SegmentedCodeCache                       = true                                      {product} {ergonomic}
   size_t SoftMaxHeapSize                          = 1050673152                             {manageable} {ergonomic}
     bool UseCompressedClassPointers               = true                           {product lp64_product} {ergonomic}
     bool UseCompressedOops                        = true                           {product lp64_product} {ergonomic}
     bool UseG1GC                                  = true                                      {product} {ergonomic}
     bool UseLargePagesIndividualAllocation        = false                                  {pd product} {ergonomic}

Logging:
Log output configuration:
 #0: stdout all=warning uptime,level,tags
 #1: stderr all=off uptime,level,tags

Environment Variables:
CLASSPATH=c:\Users\welcome\AppData\Roaming\Code\User\globalStorage\fwcd.kotlin\langServerInstall\server\lib\server-1.3.13.jar;c:\Users\welcome\AppData\Roaming\Code\User\globalStorage\fwcd.kotlin\langServerInstall\server\lib\shared-1.3.13.jar;c:\Users\welcome\AppData\Roaming\Code\User\globalStorage\fwcd.kotlin\langServerInstall\server\lib\kotlin-scripting-jvm-host-unshaded-2.1.0.jar;c:\Users\welcome\AppData\Roaming\Code\User\globalStorage\fwcd.kotlin\langServerInstall\server\lib\kotlin-scripting-compiler-2.1.0.jar;c:\Users\welcome\AppData\Roaming\Code\User\globalStorage\fwcd.kotlin\langServerInstall\server\lib\ktfmt-b5d31d1.jar;c:\Users\welcome\AppData\Roaming\Code\User\globalStorage\fwcd.kotlin\langServerInstall\server\lib\kotlin-compiler-2.1.0.jar;c:\Users\welcome\AppData\Roaming\Code\User\globalStorage\fwcd.kotlin\langServerInstall\server\lib\exposed-dao-0.37.3.jar;c:\Users\welcome\AppData\Roaming\Code\User\globalStorage\fwcd.kotlin\langServerInstall\server\lib\exposed-jdbc-0.37.3.jar;c:\Users\welcome\AppData\Roaming\Code\User\globalStorage\fwcd.kotlin\langServerInstall\server\lib\exposed-core-0.37.3.jar;c:\Users\welcome\AppData\Roaming\Code\User\globalStorage\fwcd.kotlin\langServerInstall\server\lib\kotlin-scripting-compiler-impl-2.1.0.jar;c:\Users\welcome\AppData\Roaming\Code\User\globalStorage\fwcd.kotlin\langServerInstall\server\lib\kotlin-reflect-2.1.0.jar;c:\Users\welcome\AppData\Roaming\Code\User\globalStorage\fwcd.kotlin\langServerInstall\server\lib\kotlin-scripting-jvm-2.1.0.jar;c:\Users\welcome\AppData\Roaming\Code\User\globalStorage\fwcd.kotlin\langServerInstall\server\lib\kotlin-scripting-common-2.1.0.jar;c:\Users\welcome\AppData\Roaming\Code\User\globalStorage\fwcd.kotlin\langServerInstall\server\lib\kotlinx-coroutines-core-jvm-1.6.4.jar;c:\Users\welcome\AppData\Roaming\Code\User\globalStorage\fwcd.kotlin\langServerInstall\server\lib\kotlin-stdlib-jdk8-2.1.0.jar;c:\Users\welcome\AppData\Roaming\Code\User\globalStorage\fwcd.kotlin\langServerInstall\server\lib\kotlin-stdlib-jdk7-2.1.0.jar;c:\Users\welcome\AppData\Roaming\Code\User\globalStorage\fwcd.kotlin\langServerInstall\server\lib\kotlin-stdlib-2.1.0.jar;c:\Users\welcome\AppData\Roaming\Code\User\globalStorage\fwcd.kotlin\langServerInstall\server\lib\org.eclipse.lsp4j-0.21.2.jar;c:\Users\welcome\AppData\Roaming\Code\User\globalStorage\fwcd.kotlin\langServerInstall\server\lib\org.eclipse.lsp4j.jsonrpc-0.21.2.jar;c:\Users\welcome\AppData\Roaming\Code\User\globalStorage\fwcd.kotlin\langServerInstall\server\lib\kotlin-sam-with-receiver-compiler-plugin-2.1.0.jar;c:\Users\welcome\AppData\Roaming\Code\User\globalStorage\fwcd.kotlin\langServerInstall\server\lib\fernflower-1.0.jar;c:\Users\welcome\AppData\Roaming\Code\User\globalStorage\fwcd.kotlin\langServerInstall\server\lib\h2-1.4.200.jar;c:\Users\welcome\AppData\Roaming\Code\User\globalStorage\fwcd.kotlin\langServerInstall\server\lib\jcommander-1.78.jar;c:\Users\welcome\AppData\Roaming\Code\User\globalStorage\fwcd.kotlin\langServerInstall\server\lib\sqlite-jdbc-3.41.2.1.jar;c:\Users\welcome\AppData\Roaming\Code\User\globalStorage\fwcd.kotlin\langServerInstall\server\lib\google-java-format-1.8.jar;c:\Users\welcome\AppData\Roaming\Code\User\globalStorage\fwcd.kotlin\langServerInstall\server\lib\guava-33.3.0-jre.jar;c:\Users\welcome\AppData\Roaming\Code\User\globalStorage\fwcd.kotlin\langServerInstall\server\lib\annotations-13.0.jar;c:\Users\welcome\AppData\Roaming\Code\User\globalStorage\fwcd.kotlin\langServerInstall\server\lib\gson-2.10.1.jar;c:\Users\welcome\AppData\Roaming\Code\User\globalStorage\fwcd.kotlin\langServerInstall\server\lib\kotlin-script-runtime-2.1.0.jar;c:\Users\welcome\AppData\Roaming\Code\User\globalStorage\fwcd.kotlin\langServerInstall\server\lib\trove4j-1.0.20200330.jar;c:\Users\welcome\AppData\Roaming\Code\User\globalStorage\fwcd.kotlin\langServerInstall\server\lib\jline-3.24.1.jar;c:\Users\welcome\AppData\Roaming\Code\User\globalStorage\fwcd.kotlin\langServerInstall\server\lib\slf4j-api-1.7.25.jar;c:\Users\welcome\AppData\Roaming\Code\User\globalStorage\fwcd.kotlin\langServerInstall\server\lib\jna-4.2.2.jar;c:\Users\welcome\AppData\Roaming\Code\User\globalStorage\fwcd.kotlin\langServerInstall\server\lib\failureaccess-1.0.2.jar;c:\Users\welcome\AppData\Roaming\Code\User\globalStorage\fwcd.kotlin\langServerInstall\server\lib\listenablefuture-9999.0-empty-to-avoid-conflict-with-guava.jar;c:\Users\welcome\AppData\Roaming\Code\User\globalStorage\fwcd.kotlin\langServerInstall\server\lib\jsr305-3.0.2.jar;c:\Users\welcome\AppData\Roaming\Code\User\globalStorage\fwcd.kotlin\langServerInstall\server\lib\checker-qual-3.43.0.jar;c:\Users\welcome\AppData\Roaming\Code\User\globalStorage\fwcd.kotlin\langServerInstall\server\lib\error_prone_annotations-2.28.0.jar
PATH=C:\Program Files\Eclipse Adoptium\jdk-17.0.20.101-hotspot\bin;C:\Windows\system32;C:\Windows;C:\Windows\System32\Wbem;C:\Windows\System32\WindowsPowerShell\v1.0\;C:\Windows\System32\OpenSSH\;C:\Program Files\Git\cmd;C:\Program Files\nodejs\;C:\Users\welcome\AppData\Local\Microsoft\WindowsApps;C:\Users\welcome\AppData\Local\Programs\Microsoft VS Code\bin;C:\Users\welcome\AppData\Local\Programs\DockerDesktop\resources\bin;C:\Users\welcome\AppData\Roaming\npm
USERNAME=welcome
OS=Windows_NT
PROCESSOR_IDENTIFIER=Intel64 Family 6 Model 142 Stepping 9, GenuineIntel
TMP=C:\Users\welcome\AppData\Local\Temp
TEMP=C:\Users\welcome\AppData\Local\Temp



Periodic native trim disabled


---------------  S Y S T E M  ---------------

OS:
 Windows 10 , 64 bit Build 19041 (10.0.19041.7725)
OS uptime: 5 days 23:07 hours
Hyper-V role detected

CPU: total 4 (initial active 4) (2 cores per cpu, 2 threads per core) family 6 model 142 stepping 9 microcode 0xea, cx8, cmov, fxsr, ht, mmx, 3dnowpref, sse, sse2, sse3, ssse3, sse4.1, sse4.2, popcnt, lzcnt, tsc, tscinvbit, avx, avx2, aes, erms, clmul, bmi1, bmi2, adx, fma, vzeroupper, clflush, clflushopt, hv
Processor Information for all 4 processors :
  Max Mhz: 2400, Current Mhz: 2400, Mhz Limit: 2400

Memory: 4k page, system-wide physical 4005M (245M free)
TotalPageFile size 11505M (AvailPageFile size 50M)
current process WorkingSet (physical memory assigned to process): 287M, peak: 287M
current process commit charge ("private bytes"): 340M, peak: 351M

vm_info: OpenJDK 64-Bit Server VM (17.0.20.1+1) for windows-amd64 JRE (17.0.20.1+1), built on Aug 18 2026 20:44:09 by "admin" with MS VC++ 17.12 (VS2022)

END.
