#
# There is insufficient memory for the Java Runtime Environment to continue.
# Native memory allocation (malloc) failed to allocate 1586096 bytes. Error detail: Chunk::new
# Possible reasons:
#   The system is out of physical RAM or swap space
#   This process is running with CompressedOops enabled, and the Java Heap may be blocking the growth of the native heap
# Possible solutions:
#   Reduce memory load on the system
#   Increase physical memory or swap space
#   Check if swap backing store is full
#   Decrease Java heap size (-Xmx/-Xms)
#   Decrease number of Java threads
#   Decrease Java thread stack sizes (-Xss)
#   Set larger code cache with -XX:ReservedCodeCacheSize=
#   JVM is running with Unscaled Compressed Oops mode in which the Java heap is
#     placed in the first 4GB address space. The Java Heap base address is the
#     maximum limit for the native heap growth. Please use -XX:HeapBaseMinAddress
#     to set the Java Heap base and to place the Java Heap above 4GB virtual address.
# This output file may be truncated or incomplete.
#
#  Out of Memory Error (arena.cpp:191), pid=17128, tid=10824
#
# JRE version: OpenJDK Runtime Environment Temurin-17.0.20.1+1 (17.0.20.1+1) (build 17.0.20.1+1)
# Java VM: OpenJDK 64-Bit Server VM Temurin-17.0.20.1+1 (17.0.20.1+1, mixed mode, sharing, tiered, compressed oops, compressed class ptrs, g1 gc, windows-amd64)
# No core dump will be written. Minidumps are not enabled by default on client versions of Windows
#

---------------  S U M M A R Y ------------

Command Line: --add-opens=java.base/java.util=ALL-UNNAMED --add-opens=java.base/java.lang=ALL-UNNAMED --add-opens=java.base/java.lang.invoke=ALL-UNNAMED --add-opens=java.prefs/java.util.prefs=ALL-UNNAMED --add-exports=jdk.compiler/com.sun.tools.javac.api=ALL-UNNAMED --add-exports=jdk.compiler/com.sun.tools.javac.util=ALL-UNNAMED --add-opens=java.base/java.nio.charset=ALL-UNNAMED --add-opens=java.base/java.net=ALL-UNNAMED --add-opens=java.base/java.util.concurrent.atomic=ALL-UNNAMED -XX:MaxMetaspaceSize=384m -XX:+HeapDumpOnOutOfMemoryError -Xms256m -Xmx512m -Dfile.encoding=utf8 -Duser.country=US -Duser.language=en -Duser.variant -javaagent:C:\Users\welcome\.gradle\wrapper\dists\gradle-8.9-bin\90cnw93cvbtalezasaz0blq0a\gradle-8.9\lib\agents\gradle-instrumentation-agent-8.9.jar org.gradle.launcher.daemon.bootstrap.GradleDaemon 8.9

Host: Intel(R) Core(TM) i3-7100U CPU @ 2.40GHz, 4 cores, 3G,  Windows 10 , 64 bit Build 19041 (10.0.19041.7725)
Time: Wed Sep 23 10:20:07 2026 India Standard Time elapsed time: 58.954642 seconds (0d 0h 0m 58s)

---------------  T H R E A D  ---------------

Current thread (0x000001f8ddd74cd0):  JavaThread "C2 CompilerThread0" daemon [_thread_in_native, id=10824, stack(0x0000002e3ee00000,0x0000002e3ef00000)]


Current CompileTask:
C2:58954 9292   !   4       java.net.URLClassLoader::defineClass (224 bytes)

Stack: [0x0000002e3ee00000,0x0000002e3ef00000]
Native frames: (J=compiled Java code, j=interpreted, Vv=VM code, C=native code)
V  [jvm.dll+0x684d39]
V  [jvm.dll+0x83a565]
V  [jvm.dll+0x83bfde]
V  [jvm.dll+0x83c663]
V  [jvm.dll+0x2490cf]
V  [jvm.dll+0xad536]
V  [jvm.dll+0xadbdc]
V  [jvm.dll+0x368d6f]
V  [jvm.dll+0x1bc32f]
V  [jvm.dll+0x21a030]
V  [jvm.dll+0x21931f]
V  [jvm.dll+0x1a49e0]
V  [jvm.dll+0x229a6a]
V  [jvm.dll+0x227c1b]
V  [jvm.dll+0x7f0d18]
V  [jvm.dll+0x7eb17c]
V  [jvm.dll+0x683c07]
C  [ucrtbase.dll+0x21bb2]
C  [KERNEL32.DLL+0x17384]
C  [ntdll.dll+0x4cc91]


---------------  P R O C E S S  ---------------

Threads class SMR info:
_java_thread_list=0x000001f8faa70280, length=47, elements={
0x000001f8c3a00590, 0x000001f8ddd53ef0, 0x000001f8ddd54c80, 0x000001f8ddd6feb0,
0x000001f8ddd70780, 0x000001f8ddd71050, 0x000001f8ddd71920, 0x000001f8ddd74cd0,
0x000001f8ddd7b210, 0x000001f8ddda2c10, 0x000001f8ddd3d150, 0x000001f8f71881a0,
0x000001f8f7fce130, 0x000001f8f7cb3c50, 0x000001f8f8129270, 0x000001f8f87f6660,
0x000001f8f87f7080, 0x000001f8f87f6150, 0x000001f8f87f3de0, 0x000001f8f87f6b70,
0x000001f8f87f7590, 0x000001f8f87f5c40, 0x000001f8f87f42f0, 0x000001f8f87f4800,
0x000001f8f87f4d10, 0x000001f8f87f5220, 0x000001f8f87f5730, 0x000001f8fa548c10,
0x000001f8fa548700, 0x000001f8fa54aa70, 0x000001f8fa54af80, 0x000001f8fa547ce0,
0x000001f8fa54b490, 0x000001f8fa546db0, 0x000001f8fa549120, 0x000001f8fa5472c0,
0x000001f8fa546390, 0x000001f8fa549630, 0x000001f8fa545e80, 0x000001f8fa54beb0,
0x000001f8fa5468a0, 0x000001f8fa5477d0, 0x000001f8fa54a050, 0x000001f8fa54c3c0,
0x000001f8fa54a560, 0x000001f8fa54c8d0, 0x000001f8fa54cde0
}

Java Threads: ( => current thread )
  0x000001f8c3a00590 JavaThread "main" [_thread_blocked, id=1372, stack(0x0000002e3e100000,0x0000002e3e200000)]
  0x000001f8ddd53ef0 JavaThread "Reference Handler" daemon [_thread_blocked, id=11252, stack(0x0000002e3e800000,0x0000002e3e900000)]
  0x000001f8ddd54c80 JavaThread "Finalizer" daemon [_thread_blocked, id=20392, stack(0x0000002e3e900000,0x0000002e3ea00000)]
  0x000001f8ddd6feb0 JavaThread "Signal Dispatcher" daemon [_thread_blocked, id=14132, stack(0x0000002e3ea00000,0x0000002e3eb00000)]
  0x000001f8ddd70780 JavaThread "Attach Listener" daemon [_thread_blocked, id=17456, stack(0x0000002e3eb00000,0x0000002e3ec00000)]
  0x000001f8ddd71050 JavaThread "Service Thread" daemon [_thread_blocked, id=8540, stack(0x0000002e3ec00000,0x0000002e3ed00000)]
  0x000001f8ddd71920 JavaThread "Monitor Deflation Thread" daemon [_thread_blocked, id=17572, stack(0x0000002e3ed00000,0x0000002e3ee00000)]
=>0x000001f8ddd74cd0 JavaThread "C2 CompilerThread0" daemon [_thread_in_native, id=10824, stack(0x0000002e3ee00000,0x0000002e3ef00000)]
  0x000001f8ddd7b210 JavaThread "C1 CompilerThread0" daemon [_thread_blocked, id=5664, stack(0x0000002e3ef00000,0x0000002e3f000000)]
  0x000001f8ddda2c10 JavaThread "Sweeper thread" daemon [_thread_blocked, id=5580, stack(0x0000002e3f000000,0x0000002e3f100000)]
  0x000001f8ddd3d150 JavaThread "Common-Cleaner" daemon [_thread_blocked, id=14092, stack(0x0000002e3f100000,0x0000002e3f200000)]
  0x000001f8f71881a0 JavaThread "Notification Thread" daemon [_thread_blocked, id=1716, stack(0x0000002e3f200000,0x0000002e3f300000)]
  0x000001f8f7fce130 JavaThread "Daemon health stats" [_thread_blocked, id=5964, stack(0x0000002e3f900000,0x0000002e3fa00000)]
  0x000001f8f7cb3c50 JavaThread "Incoming local TCP Connector on port 58397" [_thread_in_native, id=9012, stack(0x0000002e3f700000,0x0000002e3f800000)]
  0x000001f8f8129270 JavaThread "Daemon periodic checks" [_thread_blocked, id=9952, stack(0x0000002e3fa00000,0x0000002e3fb00000)]
  0x000001f8f87f6660 JavaThread "Daemon" [_thread_blocked, id=18520, stack(0x0000002e3fb00000,0x0000002e3fc00000)]
  0x000001f8f87f7080 JavaThread "Handler for socket connection from /127.0.0.1:58397 to /127.0.0.1:58399" [_thread_in_native, id=12636, stack(0x0000002e3fc00000,0x0000002e3fd00000)]
  0x000001f8f87f6150 JavaThread "Cancel handler" [_thread_blocked, id=6320, stack(0x0000002e3fd00000,0x0000002e3fe00000)]
  0x000001f8f87f3de0 JavaThread "Daemon worker" [_thread_in_vm, id=13528, stack(0x0000002e3fe00000,0x0000002e3ff00000)]
  0x000001f8f87f6b70 JavaThread "Asynchronous log dispatcher for DefaultDaemonConnection: socket connection from /127.0.0.1:58397 to /127.0.0.1:58399" [_thread_blocked, id=17148, stack(0x0000002e3ff00000,0x0000002e40000000)]
  0x000001f8f87f7590 JavaThread "Stdin handler" [_thread_blocked, id=13788, stack(0x0000002e40000000,0x0000002e40100000)]
  0x000001f8f87f5c40 JavaThread "Daemon client event forwarder" [_thread_blocked, id=17864, stack(0x0000002e40100000,0x0000002e40200000)]
  0x000001f8f87f42f0 JavaThread "Cache worker for journal cache (C:\Users\welcome\.gradle\caches\journal-1)" [_thread_blocked, id=17560, stack(0x0000002e40200000,0x0000002e40300000)]
  0x000001f8f87f4800 JavaThread "File lock request listener" [_thread_in_native, id=18568, stack(0x0000002e40300000,0x0000002e40400000)]
  0x000001f8f87f4d10 JavaThread "Cache worker for file hash cache (C:\Users\welcome\.gradle\caches\8.9\fileHashes)" [_thread_blocked, id=14636, stack(0x0000002e40400000,0x0000002e40500000)]
  0x000001f8f87f5220 JavaThread "Cache worker for file hash cache (C:\Users\welcome\Distributed-Flight-System\booking-service\.gradle\8.9\fileHashes)" [_thread_blocked, id=2756, stack(0x0000002e40500000,0x0000002e40600000)]
  0x000001f8f87f5730 JavaThread "Cache worker for Build Output Cleanup Cache (C:\Users\welcome\Distributed-Flight-System\booking-service\.gradle\buildOutputCleanup)" [_thread_blocked, id=12408, stack(0x0000002e40600000,0x0000002e40700000)]
  0x000001f8fa548c10 JavaThread "File lock release action executor" [_thread_blocked, id=1212, stack(0x0000002e40700000,0x0000002e40800000)]
  0x000001f8fa548700 JavaThread "File watcher server" daemon [_thread_in_native, id=7760, stack(0x0000002e40800000,0x0000002e40900000)]
  0x000001f8fa54aa70 JavaThread "File watcher consumer" daemon [_thread_blocked, id=17256, stack(0x0000002e40900000,0x0000002e40a00000)]
  0x000001f8fa54af80 JavaThread "Cache worker for checksums cache (C:\Users\welcome\Distributed-Flight-System\booking-service\.gradle\8.9\checksums)" [_thread_blocked, id=18756, stack(0x0000002e40a00000,0x0000002e40b00000)]
  0x000001f8fa547ce0 JavaThread "Cache worker for file content cache (C:\Users\welcome\.gradle\caches\8.9\fileContent)" [_thread_blocked, id=9084, stack(0x0000002e40b00000,0x0000002e40c00000)]
  0x000001f8fa54b490 JavaThread "Cache worker for cache directory md-rule (C:\Users\welcome\.gradle\caches\8.9\md-rule)" [_thread_blocked, id=3508, stack(0x0000002e40c00000,0x0000002e40d00000)]
  0x000001f8fa546db0 JavaThread "Cache worker for cache directory md-supplier (C:\Users\welcome\.gradle\caches\8.9\md-supplier)" [_thread_blocked, id=10148, stack(0x0000002e40d00000,0x0000002e40e00000)]
  0x000001f8fa549120 JavaThread "jar transforms" [_thread_blocked, id=19568, stack(0x0000002e40e00000,0x0000002e40f00000)]
  0x000001f8fa5472c0 JavaThread "jar transforms Thread 2" [_thread_blocked, id=9444, stack(0x0000002e40f00000,0x0000002e41000000)]
  0x000001f8fa546390 JavaThread "Unconstrained build operations" [_thread_blocked, id=8052, stack(0x0000002e41000000,0x0000002e41100000)]
  0x000001f8fa549630 JavaThread "Unconstrained build operations Thread 2" [_thread_blocked, id=10128, stack(0x0000002e41100000,0x0000002e41200000)]
  0x000001f8fa545e80 JavaThread "Unconstrained build operations Thread 3" [_thread_blocked, id=15484, stack(0x0000002e41200000,0x0000002e41300000)]
  0x000001f8fa54beb0 JavaThread "Unconstrained build operations Thread 4" [_thread_blocked, id=18184, stack(0x0000002e41300000,0x0000002e41400000)]
  0x000001f8fa5468a0 JavaThread "Unconstrained build operations Thread 5" [_thread_blocked, id=3124, stack(0x0000002e41400000,0x0000002e41500000)]
  0x000001f8fa5477d0 JavaThread "Unconstrained build operations Thread 6" [_thread_blocked, id=6668, stack(0x0000002e41500000,0x0000002e41600000)]
  0x000001f8fa54a050 JavaThread "Unconstrained build operations Thread 7" [_thread_blocked, id=18140, stack(0x0000002e41600000,0x0000002e41700000)]
  0x000001f8fa54c3c0 JavaThread "Unconstrained build operations Thread 8" [_thread_blocked, id=7216, stack(0x0000002e41700000,0x0000002e41800000)]
  0x000001f8fa54a560 JavaThread "Unconstrained build operations Thread 9" [_thread_blocked, id=17848, stack(0x0000002e41800000,0x0000002e41900000)]
  0x000001f8fa54c8d0 JavaThread "build event listener" [_thread_blocked, id=19700, stack(0x0000002e41b00000,0x0000002e41c00000)]
  0x000001f8fa54cde0 JavaThread "Memory manager" [_thread_blocked, id=18888, stack(0x0000002e41c00000,0x0000002e41d00000)]

Other Threads:
  0x000001f8ddd4b8e0 VMThread "VM Thread" [stack: 0x0000002e3e700000,0x0000002e3e800000] [id=15504]
  0x000001f8c3a01200 WatcherThread [stack: 0x0000002e3f300000,0x0000002e3f400000] [id=4700]
  0x000001f8c3a2fd30 GCTaskThread "GC Thread#0" [stack: 0x0000002e3e200000,0x0000002e3e300000] [id=14796]
  0x000001f8f7246e20 GCTaskThread "GC Thread#1" [stack: 0x0000002e3f400000,0x0000002e3f500000] [id=19136]
  0x000001f8f7258af0 GCTaskThread "GC Thread#2" [stack: 0x0000002e3f500000,0x0000002e3f600000] [id=11144]
  0x000001f8f7258db0 GCTaskThread "GC Thread#3" [stack: 0x0000002e3f600000,0x0000002e3f700000] [id=18044]
  0x000001f8c3a34b90 ConcurrentGCThread "G1 Main Marker" [stack: 0x0000002e3e300000,0x0000002e3e400000] [id=19696]
  0x000001f8c3a354c0 ConcurrentGCThread "G1 Conc#0" [stack: 0x0000002e3e400000,0x0000002e3e500000] [id=10696]
  0x000001f8c3abdd50 ConcurrentGCThread "G1 Refine#0" [stack: 0x0000002e3e500000,0x0000002e3e600000] [id=18300]
  0x000001f8f7474a50 ConcurrentGCThread "G1 Refine#1" [stack: 0x0000002e3f800000,0x0000002e3f900000] [id=12612]
  0x000001f8fa9de800 ConcurrentGCThread "G1 Refine#2" [stack: 0x0000002e41d00000,0x0000002e41e00000] [id=6888]
  0x000001f8fbcb7dc0 ConcurrentGCThread "G1 Refine#3" [stack: 0x0000002e41e00000,0x0000002e41f00000] [id=19368]
  0x000001f8c3abe690 ConcurrentGCThread "G1 Service" [stack: 0x0000002e3e600000,0x0000002e3e700000] [id=13784]

Threads with active compile tasks:
C2 CompilerThread0  59013 9292   !   4       java.net.URLClassLoader::defineClass (224 bytes)

VM state: not at safepoint (normal execution)

VM Mutex/Monitor currently owned by a thread: None

Heap address: 0x00000000e0000000, size: 512 MB, Compressed Oops mode: 32-bit

CDS archive(s) mapped at: [0x000001f8de000000-0x000001f8debb0000-0x000001f8debb0000), size 12255232, SharedBaseAddress: 0x000001f8de000000, ArchiveRelocationMode: 1.
Compressed class space mapped at: 0x000001f8df000000-0x000001f8f3000000, reserved size: 335544320
Narrow klass base: 0x000001f8de000000, Narrow klass shift: 0, Narrow klass range: 0x100000000

GC Precious Log:
 CPUs: 4 total, 4 available
 Memory: 4005M
 Large Page Support: Disabled
 NUMA Support: Disabled
 Compressed Oops: Enabled (32-bit)
 Heap Region Size: 1M
 Heap Min Capacity: 256M
 Heap Initial Capacity: 256M
 Heap Max Capacity: 512M
 Pre-touch: Disabled
 Parallel Workers: 4
 Concurrent Workers: 1
 Concurrent Refinement Workers: 4
 Periodic GC: Disabled

Heap:
 garbage-first heap   total 262144K, used 162542K [0x00000000e0000000, 0x0000000100000000)
  region size 1024K, 81 young (82944K), 18 survivors (18432K)
 Metaspace       used 92153K, committed 92864K, reserved 458752K
  class space    used 12626K, committed 12992K, reserved 327680K

Heap Regions: E=young(eden), S=young(survivor), O=old, HS=humongous(starts), HC=humongous(continues), CS=collection set, F=free, OA=open archive, CA=closed archive, TAMS=top-at-mark-start (previous, next)
|   0|0x00000000e0000000, 0x00000000e0100000, 0x00000000e0100000|100%|HS|  |TAMS 0x00000000e0100000, 0x00000000e0000000| Complete 
|   1|0x00000000e0100000, 0x00000000e0200000, 0x00000000e0200000|100%|HC|  |TAMS 0x00000000e0200000, 0x00000000e0100000| Complete 
|   2|0x00000000e0200000, 0x00000000e0300000, 0x00000000e0300000|100%|HC|  |TAMS 0x00000000e0300000, 0x00000000e0200000| Complete 
|   3|0x00000000e0300000, 0x00000000e0400000, 0x00000000e0400000|100%|HC|  |TAMS 0x00000000e0400000, 0x00000000e0300000| Complete 
|   4|0x00000000e0400000, 0x00000000e0500000, 0x00000000e0500000|100%| O|  |TAMS 0x00000000e0500000, 0x00000000e0400000| Untracked 
|   5|0x00000000e0500000, 0x00000000e0600000, 0x00000000e0600000|100%| O|  |TAMS 0x00000000e0600000, 0x00000000e0500000| Untracked 
|   6|0x00000000e0600000, 0x00000000e0700000, 0x00000000e0700000|100%| O|  |TAMS 0x00000000e0700000, 0x00000000e0600000| Untracked 
|   7|0x00000000e0700000, 0x00000000e0800000, 0x00000000e0800000|100%| O|  |TAMS 0x00000000e0800000, 0x00000000e0700000| Untracked 
|   8|0x00000000e0800000, 0x00000000e0900000, 0x00000000e0900000|100%|HS|  |TAMS 0x00000000e0900000, 0x00000000e0800000| Complete 
|   9|0x00000000e0900000, 0x00000000e0a00000, 0x00000000e0a00000|100%| O|  |TAMS 0x00000000e0a00000, 0x00000000e0900000| Untracked 
|  10|0x00000000e0a00000, 0x00000000e0b00000, 0x00000000e0b00000|100%| O|  |TAMS 0x00000000e0b00000, 0x00000000e0a00000| Untracked 
|  11|0x00000000e0b00000, 0x00000000e0c00000, 0x00000000e0c00000|100%| O|  |TAMS 0x00000000e0c00000, 0x00000000e0b00000| Untracked 
|  12|0x00000000e0c00000, 0x00000000e0d00000, 0x00000000e0d00000|100%| O|  |TAMS 0x00000000e0d00000, 0x00000000e0c00000| Untracked 
|  13|0x00000000e0d00000, 0x00000000e0e00000, 0x00000000e0e00000|100%| O|  |TAMS 0x00000000e0e00000, 0x00000000e0d00000| Untracked 
|  14|0x00000000e0e00000, 0x00000000e0f00000, 0x00000000e0f00000|100%| O|  |TAMS 0x00000000e0f00000, 0x00000000e0e00000| Untracked 
|  15|0x00000000e0f00000, 0x00000000e1000000, 0x00000000e1000000|100%| O|  |TAMS 0x00000000e1000000, 0x00000000e0f00000| Untracked 
|  16|0x00000000e1000000, 0x00000000e1100000, 0x00000000e1100000|100%| O|  |TAMS 0x00000000e1100000, 0x00000000e1000000| Untracked 
|  17|0x00000000e1100000, 0x00000000e1200000, 0x00000000e1200000|100%|HS|  |TAMS 0x00000000e1200000, 0x00000000e1100000| Complete 
|  18|0x00000000e1200000, 0x00000000e1300000, 0x00000000e1300000|100%|HC|  |TAMS 0x00000000e1300000, 0x00000000e1200000| Complete 
|  19|0x00000000e1300000, 0x00000000e1400000, 0x00000000e1400000|100%|HS|  |TAMS 0x00000000e1400000, 0x00000000e1300000| Complete 
|  20|0x00000000e1400000, 0x00000000e1500000, 0x00000000e1500000|100%|HC|  |TAMS 0x00000000e1500000, 0x00000000e1400000| Complete 
|  21|0x00000000e1500000, 0x00000000e1600000, 0x00000000e1600000|100%| O|  |TAMS 0x00000000e1600000, 0x00000000e1500000| Untracked 
|  22|0x00000000e1600000, 0x00000000e1700000, 0x00000000e1700000|100%| O|  |TAMS 0x00000000e1700000, 0x00000000e1600000| Untracked 
|  23|0x00000000e1700000, 0x00000000e1800000, 0x00000000e1800000|100%| O|  |TAMS 0x00000000e1800000, 0x00000000e1700000| Untracked 
|  24|0x00000000e1800000, 0x00000000e1900000, 0x00000000e1900000|100%| O|  |TAMS 0x00000000e1900000, 0x00000000e1800000| Untracked 
|  25|0x00000000e1900000, 0x00000000e1a00000, 0x00000000e1a00000|100%| O|  |TAMS 0x00000000e1a00000, 0x00000000e1900000| Untracked 
|  26|0x00000000e1a00000, 0x00000000e1b00000, 0x00000000e1b00000|100%| O|  |TAMS 0x00000000e1b00000, 0x00000000e1a00000| Untracked 
|  27|0x00000000e1b00000, 0x00000000e1c00000, 0x00000000e1c00000|100%| O|  |TAMS 0x00000000e1c00000, 0x00000000e1b00000| Untracked 
|  28|0x00000000e1c00000, 0x00000000e1d00000, 0x00000000e1d00000|100%| O|  |TAMS 0x00000000e1d00000, 0x00000000e1c00000| Untracked 
|  29|0x00000000e1d00000, 0x00000000e1e00000, 0x00000000e1e00000|100%|HS|  |TAMS 0x00000000e1e00000, 0x00000000e1d00000| Complete 
|  30|0x00000000e1e00000, 0x00000000e1f00000, 0x00000000e1f00000|100%|HC|  |TAMS 0x00000000e1f00000, 0x00000000e1e00000| Complete 
|  31|0x00000000e1f00000, 0x00000000e2000000, 0x00000000e2000000|100%|HC|  |TAMS 0x00000000e2000000, 0x00000000e1f00000| Complete 
|  32|0x00000000e2000000, 0x00000000e2100000, 0x00000000e2100000|100%|HC|  |TAMS 0x00000000e2100000, 0x00000000e2000000| Complete 
|  33|0x00000000e2100000, 0x00000000e2200000, 0x00000000e2200000|100%|HS|  |TAMS 0x00000000e2200000, 0x00000000e2100000| Complete 
|  34|0x00000000e2200000, 0x00000000e2300000, 0x00000000e2300000|100%|HC|  |TAMS 0x00000000e2300000, 0x00000000e2200000| Complete 
|  35|0x00000000e2300000, 0x00000000e2400000, 0x00000000e2400000|100%|HC|  |TAMS 0x00000000e2400000, 0x00000000e2300000| Complete 
|  36|0x00000000e2400000, 0x00000000e2500000, 0x00000000e2500000|100%|HC|  |TAMS 0x00000000e2500000, 0x00000000e2400000| Complete 
|  37|0x00000000e2500000, 0x00000000e2600000, 0x00000000e2600000|100%| O|  |TAMS 0x00000000e2600000, 0x00000000e2500000| Untracked 
|  38|0x00000000e2600000, 0x00000000e2700000, 0x00000000e2700000|100%| O|  |TAMS 0x00000000e2700000, 0x00000000e2600000| Untracked 
|  39|0x00000000e2700000, 0x00000000e2800000, 0x00000000e2800000|100%| O|  |TAMS 0x00000000e2800000, 0x00000000e2700000| Untracked 
|  40|0x00000000e2800000, 0x00000000e2900000, 0x00000000e2900000|100%| O|  |TAMS 0x00000000e28d7200, 0x00000000e2800000| Untracked 
|  41|0x00000000e2900000, 0x00000000e2a00000, 0x00000000e2a00000|100%| O|  |TAMS 0x00000000e2900000, 0x00000000e2900000| Untracked 
|  42|0x00000000e2a00000, 0x00000000e2b00000, 0x00000000e2b00000|100%| O|  |TAMS 0x00000000e2a00000, 0x00000000e2a00000| Untracked 
|  43|0x00000000e2b00000, 0x00000000e2c00000, 0x00000000e2c00000|100%| O|  |TAMS 0x00000000e2b00000, 0x00000000e2b00000| Untracked 
|  44|0x00000000e2c00000, 0x00000000e2d00000, 0x00000000e2d00000|100%| O|  |TAMS 0x00000000e2c00000, 0x00000000e2c00000| Untracked 
|  45|0x00000000e2d00000, 0x00000000e2e00000, 0x00000000e2e00000|100%| O|  |TAMS 0x00000000e2d00000, 0x00000000e2d00000| Untracked 
|  46|0x00000000e2e00000, 0x00000000e2f00000, 0x00000000e2f00000|100%| O|  |TAMS 0x00000000e2e00000, 0x00000000e2e00000| Untracked 
|  47|0x00000000e2f00000, 0x00000000e3000000, 0x00000000e3000000|100%| O|  |TAMS 0x00000000e2f00000, 0x00000000e2f00000| Untracked 
|  48|0x00000000e3000000, 0x00000000e3100000, 0x00000000e3100000|100%| O|  |TAMS 0x00000000e3000000, 0x00000000e3000000| Untracked 
|  49|0x00000000e3100000, 0x00000000e3200000, 0x00000000e3200000|100%|HS|  |TAMS 0x00000000e3100000, 0x00000000e3100000| Complete 
|  50|0x00000000e3200000, 0x00000000e3300000, 0x00000000e3300000|100%|HC|  |TAMS 0x00000000e3200000, 0x00000000e3200000| Complete 
|  51|0x00000000e3300000, 0x00000000e3400000, 0x00000000e3400000|100%|HC|  |TAMS 0x00000000e3300000, 0x00000000e3300000| Complete 
|  52|0x00000000e3400000, 0x00000000e3500000, 0x00000000e3500000|100%|HC|  |TAMS 0x00000000e3400000, 0x00000000e3400000| Complete 
|  53|0x00000000e3500000, 0x00000000e3600000, 0x00000000e3600000|100%|HC|  |TAMS 0x00000000e3500000, 0x00000000e3500000| Complete 
|  54|0x00000000e3600000, 0x00000000e3700000, 0x00000000e3700000|100%|HC|  |TAMS 0x00000000e3600000, 0x00000000e3600000| Complete 
|  55|0x00000000e3700000, 0x00000000e3800000, 0x00000000e3800000|100%|HS|  |TAMS 0x00000000e3700000, 0x00000000e3700000| Complete 
|  56|0x00000000e3800000, 0x00000000e3900000, 0x00000000e3900000|100%| O|  |TAMS 0x00000000e3800000, 0x00000000e3800000| Untracked 
|  57|0x00000000e3900000, 0x00000000e3a00000, 0x00000000e3a00000|100%| O|  |TAMS 0x00000000e3900000, 0x00000000e3900000| Untracked 
|  58|0x00000000e3a00000, 0x00000000e3b00000, 0x00000000e3b00000|100%| O|  |TAMS 0x00000000e3a00000, 0x00000000e3a00000| Untracked 
|  59|0x00000000e3b00000, 0x00000000e3c00000, 0x00000000e3c00000|100%| O|  |TAMS 0x00000000e3b00000, 0x00000000e3b00000| Untracked 
|  60|0x00000000e3c00000, 0x00000000e3d00000, 0x00000000e3d00000|100%| O|  |TAMS 0x00000000e3c00000, 0x00000000e3c00000| Untracked 
|  61|0x00000000e3d00000, 0x00000000e3e00000, 0x00000000e3e00000|100%| O|  |TAMS 0x00000000e3d00000, 0x00000000e3d00000| Untracked 
|  62|0x00000000e3e00000, 0x00000000e3f00000, 0x00000000e3f00000|100%| O|  |TAMS 0x00000000e3e00000, 0x00000000e3e00000| Untracked 
|  63|0x00000000e3f00000, 0x00000000e4000000, 0x00000000e4000000|100%| O|  |TAMS 0x00000000e3f00000, 0x00000000e3f00000| Untracked 
|  64|0x00000000e4000000, 0x00000000e4100000, 0x00000000e4100000|100%| O|  |TAMS 0x00000000e4000000, 0x00000000e4000000| Untracked 
|  65|0x00000000e4100000, 0x00000000e4200000, 0x00000000e4200000|100%| O|  |TAMS 0x00000000e4100000, 0x00000000e4100000| Untracked 
|  66|0x00000000e4200000, 0x00000000e4300000, 0x00000000e4300000|100%| O|  |TAMS 0x00000000e4200000, 0x00000000e4200000| Untracked 
|  67|0x00000000e4300000, 0x00000000e4400000, 0x00000000e4400000|100%| O|  |TAMS 0x00000000e4300000, 0x00000000e4300000| Untracked 
|  68|0x00000000e4400000, 0x00000000e4500000, 0x00000000e4500000|100%| O|  |TAMS 0x00000000e4400000, 0x00000000e4400000| Untracked 
|  69|0x00000000e4500000, 0x00000000e4600000, 0x00000000e4600000|100%| O|  |TAMS 0x00000000e4500000, 0x00000000e4500000| Untracked 
|  70|0x00000000e4600000, 0x00000000e4700000, 0x00000000e4700000|100%| O|  |TAMS 0x00000000e4600000, 0x00000000e4600000| Untracked 
|  71|0x00000000e4700000, 0x00000000e4800000, 0x00000000e4800000|100%| O|  |TAMS 0x00000000e4700000, 0x00000000e4700000| Untracked 
|  72|0x00000000e4800000, 0x00000000e4900000, 0x00000000e4900000|100%| O|  |TAMS 0x00000000e4800000, 0x00000000e4800000| Untracked 
|  73|0x00000000e4900000, 0x00000000e4a00000, 0x00000000e4a00000|100%| O|  |TAMS 0x00000000e4900000, 0x00000000e4900000| Untracked 
|  74|0x00000000e4a00000, 0x00000000e4b00000, 0x00000000e4b00000|100%| O|  |TAMS 0x00000000e4a00000, 0x00000000e4a00000| Untracked 
|  75|0x00000000e4b00000, 0x00000000e4c00000, 0x00000000e4c00000|100%| O|  |TAMS 0x00000000e4b00000, 0x00000000e4b00000| Untracked 
|  76|0x00000000e4c00000, 0x00000000e4d00000, 0x00000000e4d00000|100%| O|  |TAMS 0x00000000e4c00000, 0x00000000e4c00000| Untracked 
|  77|0x00000000e4d00000, 0x00000000e4e00000, 0x00000000e4e00000|100%| O|  |TAMS 0x00000000e4d00000, 0x00000000e4d00000| Untracked 
|  78|0x00000000e4e00000, 0x00000000e4ebba00, 0x00000000e4f00000| 73%| O|  |TAMS 0x00000000e4e00000, 0x00000000e4e00000| Untracked 
|  79|0x00000000e4f00000, 0x00000000e4f00000, 0x00000000e5000000|  0%| F|  |TAMS 0x00000000e4f00000, 0x00000000e4f00000| Untracked 
|  80|0x00000000e5000000, 0x00000000e5000000, 0x00000000e5100000|  0%| F|  |TAMS 0x00000000e5000000, 0x00000000e5000000| Untracked 
|  81|0x00000000e5100000, 0x00000000e5100000, 0x00000000e5200000|  0%| F|  |TAMS 0x00000000e5100000, 0x00000000e5100000| Untracked 
|  82|0x00000000e5200000, 0x00000000e5200000, 0x00000000e5300000|  0%| F|  |TAMS 0x00000000e5200000, 0x00000000e5200000| Untracked 
|  83|0x00000000e5300000, 0x00000000e5300000, 0x00000000e5400000|  0%| F|  |TAMS 0x00000000e5300000, 0x00000000e5300000| Untracked 
|  84|0x00000000e5400000, 0x00000000e5400000, 0x00000000e5500000|  0%| F|  |TAMS 0x00000000e5400000, 0x00000000e5400000| Untracked 
|  85|0x00000000e5500000, 0x00000000e5500000, 0x00000000e5600000|  0%| F|  |TAMS 0x00000000e5500000, 0x00000000e5500000| Untracked 
|  86|0x00000000e5600000, 0x00000000e5600000, 0x00000000e5700000|  0%| F|  |TAMS 0x00000000e5600000, 0x00000000e5600000| Untracked 
|  87|0x00000000e5700000, 0x00000000e5700000, 0x00000000e5800000|  0%| F|  |TAMS 0x00000000e5700000, 0x00000000e5700000| Untracked 
|  88|0x00000000e5800000, 0x00000000e5800000, 0x00000000e5900000|  0%| F|  |TAMS 0x00000000e5800000, 0x00000000e5800000| Untracked 
|  89|0x00000000e5900000, 0x00000000e5900000, 0x00000000e5a00000|  0%| F|  |TAMS 0x00000000e5900000, 0x00000000e5900000| Untracked 
|  90|0x00000000e5a00000, 0x00000000e5a00000, 0x00000000e5b00000|  0%| F|  |TAMS 0x00000000e5a00000, 0x00000000e5a00000| Untracked 
|  91|0x00000000e5b00000, 0x00000000e5b00000, 0x00000000e5c00000|  0%| F|  |TAMS 0x00000000e5b00000, 0x00000000e5b00000| Untracked 
|  92|0x00000000e5c00000, 0x00000000e5c00000, 0x00000000e5d00000|  0%| F|  |TAMS 0x00000000e5c00000, 0x00000000e5c00000| Untracked 
|  93|0x00000000e5d00000, 0x00000000e5d00000, 0x00000000e5e00000|  0%| F|  |TAMS 0x00000000e5d00000, 0x00000000e5d00000| Untracked 
|  94|0x00000000e5e00000, 0x00000000e5e00000, 0x00000000e5f00000|  0%| F|  |TAMS 0x00000000e5e00000, 0x00000000e5e00000| Untracked 
|  95|0x00000000e5f00000, 0x00000000e5f00000, 0x00000000e6000000|  0%| F|  |TAMS 0x00000000e5f00000, 0x00000000e5f00000| Untracked 
|  96|0x00000000e6000000, 0x00000000e6000000, 0x00000000e6100000|  0%| F|  |TAMS 0x00000000e6000000, 0x00000000e6000000| Untracked 
|  97|0x00000000e6100000, 0x00000000e6100000, 0x00000000e6200000|  0%| F|  |TAMS 0x00000000e6100000, 0x00000000e6100000| Untracked 
|  98|0x00000000e6200000, 0x00000000e6200000, 0x00000000e6300000|  0%| F|  |TAMS 0x00000000e6200000, 0x00000000e6200000| Untracked 
|  99|0x00000000e6300000, 0x00000000e6300000, 0x00000000e6400000|  0%| F|  |TAMS 0x00000000e6300000, 0x00000000e6300000| Untracked 
| 100|0x00000000e6400000, 0x00000000e6400000, 0x00000000e6500000|  0%| F|  |TAMS 0x00000000e6400000, 0x00000000e6400000| Untracked 
| 101|0x00000000e6500000, 0x00000000e6500000, 0x00000000e6600000|  0%| F|  |TAMS 0x00000000e6500000, 0x00000000e6500000| Untracked 
| 102|0x00000000e6600000, 0x00000000e6600000, 0x00000000e6700000|  0%| F|  |TAMS 0x00000000e6600000, 0x00000000e6600000| Untracked 
| 103|0x00000000e6700000, 0x00000000e6700000, 0x00000000e6800000|  0%| F|  |TAMS 0x00000000e6700000, 0x00000000e6700000| Untracked 
| 104|0x00000000e6800000, 0x00000000e6800000, 0x00000000e6900000|  0%| F|  |TAMS 0x00000000e6800000, 0x00000000e6800000| Untracked 
| 105|0x00000000e6900000, 0x00000000e6900000, 0x00000000e6a00000|  0%| F|  |TAMS 0x00000000e6900000, 0x00000000e6900000| Untracked 
| 106|0x00000000e6a00000, 0x00000000e6a00000, 0x00000000e6b00000|  0%| F|  |TAMS 0x00000000e6a00000, 0x00000000e6a00000| Untracked 
| 107|0x00000000e6b00000, 0x00000000e6b00000, 0x00000000e6c00000|  0%| F|  |TAMS 0x00000000e6b00000, 0x00000000e6b00000| Untracked 
| 108|0x00000000e6c00000, 0x00000000e6c00000, 0x00000000e6d00000|  0%| F|  |TAMS 0x00000000e6c00000, 0x00000000e6c00000| Untracked 
| 109|0x00000000e6d00000, 0x00000000e6e00000, 0x00000000e6e00000|100%| S|CS|TAMS 0x00000000e6d00000, 0x00000000e6d00000| Complete 
| 110|0x00000000e6e00000, 0x00000000e6f00000, 0x00000000e6f00000|100%| S|CS|TAMS 0x00000000e6e00000, 0x00000000e6e00000| Complete 
| 111|0x00000000e6f00000, 0x00000000e7000000, 0x00000000e7000000|100%| S|CS|TAMS 0x00000000e6f00000, 0x00000000e6f00000| Complete 
| 112|0x00000000e7000000, 0x00000000e7100000, 0x00000000e7100000|100%| S|CS|TAMS 0x00000000e7000000, 0x00000000e7000000| Complete 
| 113|0x00000000e7100000, 0x00000000e7200000, 0x00000000e7200000|100%| S|CS|TAMS 0x00000000e7100000, 0x00000000e7100000| Complete 
| 114|0x00000000e7200000, 0x00000000e7300000, 0x00000000e7300000|100%| S|CS|TAMS 0x00000000e7200000, 0x00000000e7200000| Complete 
| 115|0x00000000e7300000, 0x00000000e7400000, 0x00000000e7400000|100%| S|CS|TAMS 0x00000000e7300000, 0x00000000e7300000| Complete 
| 116|0x00000000e7400000, 0x00000000e7500000, 0x00000000e7500000|100%| S|CS|TAMS 0x00000000e7400000, 0x00000000e7400000| Complete 
| 117|0x00000000e7500000, 0x00000000e7600000, 0x00000000e7600000|100%| S|CS|TAMS 0x00000000e7500000, 0x00000000e7500000| Complete 
| 118|0x00000000e7600000, 0x00000000e7700000, 0x00000000e7700000|100%| S|CS|TAMS 0x00000000e7600000, 0x00000000e7600000| Complete 
| 119|0x00000000e7700000, 0x00000000e7800000, 0x00000000e7800000|100%| S|CS|TAMS 0x00000000e7700000, 0x00000000e7700000| Complete 
| 120|0x00000000e7800000, 0x00000000e7900000, 0x00000000e7900000|100%| S|CS|TAMS 0x00000000e7800000, 0x00000000e7800000| Complete 
| 121|0x00000000e7900000, 0x00000000e7a00000, 0x00000000e7a00000|100%| S|CS|TAMS 0x00000000e7900000, 0x00000000e7900000| Complete 
| 122|0x00000000e7a00000, 0x00000000e7b00000, 0x00000000e7b00000|100%| S|CS|TAMS 0x00000000e7a00000, 0x00000000e7a00000| Complete 
| 123|0x00000000e7b00000, 0x00000000e7c00000, 0x00000000e7c00000|100%| S|CS|TAMS 0x00000000e7b00000, 0x00000000e7b00000| Complete 
| 124|0x00000000e7c00000, 0x00000000e7d00000, 0x00000000e7d00000|100%| S|CS|TAMS 0x00000000e7c00000, 0x00000000e7c00000| Complete 
| 125|0x00000000e7d00000, 0x00000000e7e00000, 0x00000000e7e00000|100%| S|CS|TAMS 0x00000000e7d00000, 0x00000000e7d00000| Complete 
| 126|0x00000000e7e00000, 0x00000000e7f00000, 0x00000000e7f00000|100%| S|CS|TAMS 0x00000000e7e00000, 0x00000000e7e00000| Complete 
| 127|0x00000000e7f00000, 0x00000000e7f00000, 0x00000000e8000000|  0%| F|  |TAMS 0x00000000e7f00000, 0x00000000e7f00000| Untracked 
| 128|0x00000000e8000000, 0x00000000e8000000, 0x00000000e8100000|  0%| F|  |TAMS 0x00000000e8000000, 0x00000000e8000000| Untracked 
| 129|0x00000000e8100000, 0x00000000e8100000, 0x00000000e8200000|  0%| F|  |TAMS 0x00000000e8100000, 0x00000000e8100000| Untracked 
| 130|0x00000000e8200000, 0x00000000e8200000, 0x00000000e8300000|  0%| F|  |TAMS 0x00000000e8200000, 0x00000000e8200000| Untracked 
| 131|0x00000000e8300000, 0x00000000e8300000, 0x00000000e8400000|  0%| F|  |TAMS 0x00000000e8300000, 0x00000000e8300000| Untracked 
| 132|0x00000000e8400000, 0x00000000e8400000, 0x00000000e8500000|  0%| F|  |TAMS 0x00000000e8400000, 0x00000000e8400000| Untracked 
| 133|0x00000000e8500000, 0x00000000e8500000, 0x00000000e8600000|  0%| F|  |TAMS 0x00000000e8500000, 0x00000000e8500000| Untracked 
| 134|0x00000000e8600000, 0x00000000e8600000, 0x00000000e8700000|  0%| F|  |TAMS 0x00000000e8600000, 0x00000000e8600000| Untracked 
| 135|0x00000000e8700000, 0x00000000e8700000, 0x00000000e8800000|  0%| F|  |TAMS 0x00000000e8700000, 0x00000000e8700000| Untracked 
| 136|0x00000000e8800000, 0x00000000e8800000, 0x00000000e8900000|  0%| F|  |TAMS 0x00000000e8800000, 0x00000000e8800000| Untracked 
| 137|0x00000000e8900000, 0x00000000e8900000, 0x00000000e8a00000|  0%| F|  |TAMS 0x00000000e8900000, 0x00000000e8900000| Untracked 
| 138|0x00000000e8a00000, 0x00000000e8a00000, 0x00000000e8b00000|  0%| F|  |TAMS 0x00000000e8a00000, 0x00000000e8a00000| Untracked 
| 139|0x00000000e8b00000, 0x00000000e8b00000, 0x00000000e8c00000|  0%| F|  |TAMS 0x00000000e8b00000, 0x00000000e8b00000| Untracked 
| 140|0x00000000e8c00000, 0x00000000e8c00000, 0x00000000e8d00000|  0%| F|  |TAMS 0x00000000e8c00000, 0x00000000e8c00000| Untracked 
| 141|0x00000000e8d00000, 0x00000000e8d00000, 0x00000000e8e00000|  0%| F|  |TAMS 0x00000000e8d00000, 0x00000000e8d00000| Untracked 
| 142|0x00000000e8e00000, 0x00000000e8e00000, 0x00000000e8f00000|  0%| F|  |TAMS 0x00000000e8e00000, 0x00000000e8e00000| Untracked 
| 143|0x00000000e8f00000, 0x00000000e8f00000, 0x00000000e9000000|  0%| F|  |TAMS 0x00000000e8f00000, 0x00000000e8f00000| Untracked 
| 144|0x00000000e9000000, 0x00000000e9000000, 0x00000000e9100000|  0%| F|  |TAMS 0x00000000e9000000, 0x00000000e9000000| Untracked 
| 145|0x00000000e9100000, 0x00000000e9100000, 0x00000000e9200000|  0%| F|  |TAMS 0x00000000e9100000, 0x00000000e9100000| Untracked 
| 146|0x00000000e9200000, 0x00000000e9200000, 0x00000000e9300000|  0%| F|  |TAMS 0x00000000e9200000, 0x00000000e9200000| Untracked 
| 147|0x00000000e9300000, 0x00000000e9300000, 0x00000000e9400000|  0%| F|  |TAMS 0x00000000e9300000, 0x00000000e9300000| Untracked 
| 148|0x00000000e9400000, 0x00000000e9400000, 0x00000000e9500000|  0%| F|  |TAMS 0x00000000e9400000, 0x00000000e9400000| Untracked 
| 149|0x00000000e9500000, 0x00000000e9500000, 0x00000000e9600000|  0%| F|  |TAMS 0x00000000e9500000, 0x00000000e9500000| Untracked 
| 150|0x00000000e9600000, 0x00000000e9600000, 0x00000000e9700000|  0%| F|  |TAMS 0x00000000e9600000, 0x00000000e9600000| Untracked 
| 151|0x00000000e9700000, 0x00000000e9700000, 0x00000000e9800000|  0%| F|  |TAMS 0x00000000e9700000, 0x00000000e9700000| Untracked 
| 152|0x00000000e9800000, 0x00000000e9800000, 0x00000000e9900000|  0%| F|  |TAMS 0x00000000e9800000, 0x00000000e9800000| Untracked 
| 153|0x00000000e9900000, 0x00000000e9900000, 0x00000000e9a00000|  0%| F|  |TAMS 0x00000000e9900000, 0x00000000e9900000| Untracked 
| 154|0x00000000e9a00000, 0x00000000e9a00000, 0x00000000e9b00000|  0%| F|  |TAMS 0x00000000e9a00000, 0x00000000e9a00000| Untracked 
| 155|0x00000000e9b00000, 0x00000000e9b00000, 0x00000000e9c00000|  0%| F|  |TAMS 0x00000000e9b00000, 0x00000000e9b00000| Untracked 
| 156|0x00000000e9c00000, 0x00000000e9c00000, 0x00000000e9d00000|  0%| F|  |TAMS 0x00000000e9c00000, 0x00000000e9c00000| Untracked 
| 157|0x00000000e9d00000, 0x00000000e9d00000, 0x00000000e9e00000|  0%| F|  |TAMS 0x00000000e9d00000, 0x00000000e9d00000| Untracked 
| 158|0x00000000e9e00000, 0x00000000e9e00000, 0x00000000e9f00000|  0%| F|  |TAMS 0x00000000e9e00000, 0x00000000e9e00000| Untracked 
| 159|0x00000000e9f00000, 0x00000000e9f00000, 0x00000000ea000000|  0%| F|  |TAMS 0x00000000e9f00000, 0x00000000e9f00000| Untracked 
| 160|0x00000000ea000000, 0x00000000ea000000, 0x00000000ea100000|  0%| F|  |TAMS 0x00000000ea000000, 0x00000000ea000000| Untracked 
| 161|0x00000000ea100000, 0x00000000ea100000, 0x00000000ea200000|  0%| F|  |TAMS 0x00000000ea100000, 0x00000000ea100000| Untracked 
| 162|0x00000000ea200000, 0x00000000ea200000, 0x00000000ea300000|  0%| F|  |TAMS 0x00000000ea200000, 0x00000000ea200000| Untracked 
| 163|0x00000000ea300000, 0x00000000ea300000, 0x00000000ea400000|  0%| F|  |TAMS 0x00000000ea300000, 0x00000000ea300000| Untracked 
| 164|0x00000000ea400000, 0x00000000ea400000, 0x00000000ea500000|  0%| F|  |TAMS 0x00000000ea400000, 0x00000000ea400000| Untracked 
| 165|0x00000000ea500000, 0x00000000ea500000, 0x00000000ea600000|  0%| F|  |TAMS 0x00000000ea500000, 0x00000000ea500000| Untracked 
| 166|0x00000000ea600000, 0x00000000ea600000, 0x00000000ea700000|  0%| F|  |TAMS 0x00000000ea600000, 0x00000000ea600000| Untracked 
| 167|0x00000000ea700000, 0x00000000ea700000, 0x00000000ea800000|  0%| F|  |TAMS 0x00000000ea700000, 0x00000000ea700000| Untracked 
| 168|0x00000000ea800000, 0x00000000ea800000, 0x00000000ea900000|  0%| F|  |TAMS 0x00000000ea800000, 0x00000000ea800000| Untracked 
| 169|0x00000000ea900000, 0x00000000ea900000, 0x00000000eaa00000|  0%| F|  |TAMS 0x00000000ea900000, 0x00000000ea900000| Untracked 
| 170|0x00000000eaa00000, 0x00000000eaa00000, 0x00000000eab00000|  0%| F|  |TAMS 0x00000000eaa00000, 0x00000000eaa00000| Untracked 
| 171|0x00000000eab00000, 0x00000000eab00000, 0x00000000eac00000|  0%| F|  |TAMS 0x00000000eab00000, 0x00000000eab00000| Untracked 
| 172|0x00000000eac00000, 0x00000000eac00000, 0x00000000ead00000|  0%| F|  |TAMS 0x00000000eac00000, 0x00000000eac00000| Untracked 
| 173|0x00000000ead00000, 0x00000000ead00000, 0x00000000eae00000|  0%| F|  |TAMS 0x00000000ead00000, 0x00000000ead00000| Untracked 
| 174|0x00000000eae00000, 0x00000000eae00000, 0x00000000eaf00000|  0%| F|  |TAMS 0x00000000eae00000, 0x00000000eae00000| Untracked 
| 175|0x00000000eaf00000, 0x00000000eaf00000, 0x00000000eb000000|  0%| F|  |TAMS 0x00000000eaf00000, 0x00000000eaf00000| Untracked 
| 176|0x00000000eb000000, 0x00000000eb000000, 0x00000000eb100000|  0%| F|  |TAMS 0x00000000eb000000, 0x00000000eb000000| Untracked 
| 177|0x00000000eb100000, 0x00000000eb100000, 0x00000000eb200000|  0%| F|  |TAMS 0x00000000eb100000, 0x00000000eb100000| Untracked 
| 178|0x00000000eb200000, 0x00000000eb200000, 0x00000000eb300000|  0%| F|  |TAMS 0x00000000eb200000, 0x00000000eb200000| Untracked 
| 179|0x00000000eb300000, 0x00000000eb300000, 0x00000000eb400000|  0%| F|  |TAMS 0x00000000eb300000, 0x00000000eb300000| Untracked 
| 180|0x00000000eb400000, 0x00000000eb400000, 0x00000000eb500000|  0%| F|  |TAMS 0x00000000eb400000, 0x00000000eb400000| Untracked 
| 181|0x00000000eb500000, 0x00000000eb500000, 0x00000000eb600000|  0%| F|  |TAMS 0x00000000eb500000, 0x00000000eb500000| Untracked 
| 182|0x00000000eb600000, 0x00000000eb600000, 0x00000000eb700000|  0%| F|  |TAMS 0x00000000eb600000, 0x00000000eb600000| Untracked 
| 183|0x00000000eb700000, 0x00000000eb700000, 0x00000000eb800000|  0%| F|  |TAMS 0x00000000eb700000, 0x00000000eb700000| Untracked 
| 184|0x00000000eb800000, 0x00000000eb800000, 0x00000000eb900000|  0%| F|  |TAMS 0x00000000eb800000, 0x00000000eb800000| Untracked 
| 185|0x00000000eb900000, 0x00000000eb900000, 0x00000000eba00000|  0%| F|  |TAMS 0x00000000eb900000, 0x00000000eb900000| Untracked 
| 186|0x00000000eba00000, 0x00000000eba00000, 0x00000000ebb00000|  0%| F|  |TAMS 0x00000000eba00000, 0x00000000eba00000| Untracked 
| 187|0x00000000ebb00000, 0x00000000ebb00000, 0x00000000ebc00000|  0%| F|  |TAMS 0x00000000ebb00000, 0x00000000ebb00000| Untracked 
| 188|0x00000000ebc00000, 0x00000000ebc00000, 0x00000000ebd00000|  0%| F|  |TAMS 0x00000000ebc00000, 0x00000000ebc00000| Untracked 
| 189|0x00000000ebd00000, 0x00000000ebd00000, 0x00000000ebe00000|  0%| F|  |TAMS 0x00000000ebd00000, 0x00000000ebd00000| Untracked 
| 190|0x00000000ebe00000, 0x00000000ebe00000, 0x00000000ebf00000|  0%| F|  |TAMS 0x00000000ebe00000, 0x00000000ebe00000| Untracked 
| 191|0x00000000ebf00000, 0x00000000ebf00000, 0x00000000ec000000|  0%| F|  |TAMS 0x00000000ebf00000, 0x00000000ebf00000| Untracked 
| 192|0x00000000ec000000, 0x00000000ec000000, 0x00000000ec100000|  0%| F|  |TAMS 0x00000000ec000000, 0x00000000ec000000| Untracked 
| 193|0x00000000ec100000, 0x00000000ec180090, 0x00000000ec200000| 50%| E|  |TAMS 0x00000000ec100000, 0x00000000ec100000| Complete 
| 194|0x00000000ec200000, 0x00000000ec300000, 0x00000000ec300000|100%| E|CS|TAMS 0x00000000ec200000, 0x00000000ec200000| Complete 
| 195|0x00000000ec300000, 0x00000000ec400000, 0x00000000ec400000|100%| E|CS|TAMS 0x00000000ec300000, 0x00000000ec300000| Complete 
| 196|0x00000000ec400000, 0x00000000ec500000, 0x00000000ec500000|100%| E|CS|TAMS 0x00000000ec400000, 0x00000000ec400000| Complete 
| 197|0x00000000ec500000, 0x00000000ec600000, 0x00000000ec600000|100%| E|CS|TAMS 0x00000000ec500000, 0x00000000ec500000| Complete 
| 198|0x00000000ec600000, 0x00000000ec700000, 0x00000000ec700000|100%| E|CS|TAMS 0x00000000ec600000, 0x00000000ec600000| Complete 
| 199|0x00000000ec700000, 0x00000000ec800000, 0x00000000ec800000|100%| E|CS|TAMS 0x00000000ec700000, 0x00000000ec700000| Complete 
| 200|0x00000000ec800000, 0x00000000ec900000, 0x00000000ec900000|100%| E|CS|TAMS 0x00000000ec800000, 0x00000000ec800000| Complete 
| 201|0x00000000ec900000, 0x00000000eca00000, 0x00000000eca00000|100%| E|CS|TAMS 0x00000000ec900000, 0x00000000ec900000| Complete 
| 202|0x00000000eca00000, 0x00000000ecb00000, 0x00000000ecb00000|100%| E|CS|TAMS 0x00000000eca00000, 0x00000000eca00000| Complete 
| 203|0x00000000ecb00000, 0x00000000ecc00000, 0x00000000ecc00000|100%| E|CS|TAMS 0x00000000ecb00000, 0x00000000ecb00000| Complete 
| 204|0x00000000ecc00000, 0x00000000ecd00000, 0x00000000ecd00000|100%| E|CS|TAMS 0x00000000ecc00000, 0x00000000ecc00000| Complete 
| 205|0x00000000ecd00000, 0x00000000ece00000, 0x00000000ece00000|100%| E|CS|TAMS 0x00000000ecd00000, 0x00000000ecd00000| Complete 
| 206|0x00000000ece00000, 0x00000000ecf00000, 0x00000000ecf00000|100%| E|CS|TAMS 0x00000000ece00000, 0x00000000ece00000| Complete 
| 207|0x00000000ecf00000, 0x00000000ed000000, 0x00000000ed000000|100%| E|CS|TAMS 0x00000000ecf00000, 0x00000000ecf00000| Complete 
| 208|0x00000000ed000000, 0x00000000ed100000, 0x00000000ed100000|100%| E|CS|TAMS 0x00000000ed000000, 0x00000000ed000000| Complete 
| 209|0x00000000ed100000, 0x00000000ed200000, 0x00000000ed200000|100%| E|CS|TAMS 0x00000000ed100000, 0x00000000ed100000| Complete 
| 210|0x00000000ed200000, 0x00000000ed300000, 0x00000000ed300000|100%| E|CS|TAMS 0x00000000ed200000, 0x00000000ed200000| Complete 
| 211|0x00000000ed300000, 0x00000000ed400000, 0x00000000ed400000|100%| E|CS|TAMS 0x00000000ed300000, 0x00000000ed300000| Complete 
| 212|0x00000000ed400000, 0x00000000ed500000, 0x00000000ed500000|100%| E|CS|TAMS 0x00000000ed400000, 0x00000000ed400000| Complete 
| 213|0x00000000ed500000, 0x00000000ed600000, 0x00000000ed600000|100%| E|CS|TAMS 0x00000000ed500000, 0x00000000ed500000| Complete 
| 214|0x00000000ed600000, 0x00000000ed700000, 0x00000000ed700000|100%| E|CS|TAMS 0x00000000ed600000, 0x00000000ed600000| Complete 
| 215|0x00000000ed700000, 0x00000000ed800000, 0x00000000ed800000|100%| E|CS|TAMS 0x00000000ed700000, 0x00000000ed700000| Complete 
| 216|0x00000000ed800000, 0x00000000ed900000, 0x00000000ed900000|100%| E|CS|TAMS 0x00000000ed800000, 0x00000000ed800000| Complete 
| 217|0x00000000ed900000, 0x00000000eda00000, 0x00000000eda00000|100%| E|CS|TAMS 0x00000000ed900000, 0x00000000ed900000| Complete 
| 218|0x00000000eda00000, 0x00000000edb00000, 0x00000000edb00000|100%| E|CS|TAMS 0x00000000eda00000, 0x00000000eda00000| Complete 
| 219|0x00000000edb00000, 0x00000000edc00000, 0x00000000edc00000|100%| E|CS|TAMS 0x00000000edb00000, 0x00000000edb00000| Complete 
| 220|0x00000000edc00000, 0x00000000edd00000, 0x00000000edd00000|100%| E|CS|TAMS 0x00000000edc00000, 0x00000000edc00000| Complete 
| 221|0x00000000edd00000, 0x00000000ede00000, 0x00000000ede00000|100%| E|CS|TAMS 0x00000000edd00000, 0x00000000edd00000| Complete 
| 222|0x00000000ede00000, 0x00000000edf00000, 0x00000000edf00000|100%| E|CS|TAMS 0x00000000ede00000, 0x00000000ede00000| Complete 
| 223|0x00000000edf00000, 0x00000000ee000000, 0x00000000ee000000|100%| E|CS|TAMS 0x00000000edf00000, 0x00000000edf00000| Complete 
| 224|0x00000000ee000000, 0x00000000ee100000, 0x00000000ee100000|100%| E|CS|TAMS 0x00000000ee000000, 0x00000000ee000000| Complete 
| 225|0x00000000ee100000, 0x00000000ee200000, 0x00000000ee200000|100%| E|CS|TAMS 0x00000000ee100000, 0x00000000ee100000| Complete 
| 226|0x00000000ee200000, 0x00000000ee300000, 0x00000000ee300000|100%| E|CS|TAMS 0x00000000ee200000, 0x00000000ee200000| Complete 
| 227|0x00000000ee300000, 0x00000000ee400000, 0x00000000ee400000|100%| E|CS|TAMS 0x00000000ee300000, 0x00000000ee300000| Complete 
| 228|0x00000000ee400000, 0x00000000ee500000, 0x00000000ee500000|100%| E|CS|TAMS 0x00000000ee400000, 0x00000000ee400000| Complete 
| 229|0x00000000ee500000, 0x00000000ee600000, 0x00000000ee600000|100%| E|CS|TAMS 0x00000000ee500000, 0x00000000ee500000| Complete 
| 230|0x00000000ee600000, 0x00000000ee700000, 0x00000000ee700000|100%| E|CS|TAMS 0x00000000ee600000, 0x00000000ee600000| Complete 
| 231|0x00000000ee700000, 0x00000000ee800000, 0x00000000ee800000|100%| E|CS|TAMS 0x00000000ee700000, 0x00000000ee700000| Complete 
| 232|0x00000000ee800000, 0x00000000ee900000, 0x00000000ee900000|100%| E|CS|TAMS 0x00000000ee800000, 0x00000000ee800000| Complete 
| 233|0x00000000ee900000, 0x00000000eea00000, 0x00000000eea00000|100%| E|CS|TAMS 0x00000000ee900000, 0x00000000ee900000| Complete 
| 234|0x00000000eea00000, 0x00000000eeb00000, 0x00000000eeb00000|100%| E|CS|TAMS 0x00000000eea00000, 0x00000000eea00000| Complete 
| 235|0x00000000eeb00000, 0x00000000eec00000, 0x00000000eec00000|100%| E|CS|TAMS 0x00000000eeb00000, 0x00000000eeb00000| Complete 
| 236|0x00000000eec00000, 0x00000000eed00000, 0x00000000eed00000|100%| E|CS|TAMS 0x00000000eec00000, 0x00000000eec00000| Complete 
| 237|0x00000000eed00000, 0x00000000eee00000, 0x00000000eee00000|100%| E|CS|TAMS 0x00000000eed00000, 0x00000000eed00000| Complete 
| 238|0x00000000eee00000, 0x00000000eef00000, 0x00000000eef00000|100%| E|CS|TAMS 0x00000000eee00000, 0x00000000eee00000| Complete 
| 239|0x00000000eef00000, 0x00000000ef000000, 0x00000000ef000000|100%| E|CS|TAMS 0x00000000eef00000, 0x00000000eef00000| Complete 
| 240|0x00000000ef000000, 0x00000000ef100000, 0x00000000ef100000|100%| E|CS|TAMS 0x00000000ef000000, 0x00000000ef000000| Complete 
| 241|0x00000000ef100000, 0x00000000ef200000, 0x00000000ef200000|100%| E|CS|TAMS 0x00000000ef100000, 0x00000000ef100000| Complete 
| 242|0x00000000ef200000, 0x00000000ef300000, 0x00000000ef300000|100%| E|CS|TAMS 0x00000000ef200000, 0x00000000ef200000| Complete 
| 243|0x00000000ef300000, 0x00000000ef400000, 0x00000000ef400000|100%| E|CS|TAMS 0x00000000ef300000, 0x00000000ef300000| Complete 
| 244|0x00000000ef400000, 0x00000000ef500000, 0x00000000ef500000|100%| E|CS|TAMS 0x00000000ef400000, 0x00000000ef400000| Complete 
| 245|0x00000000ef500000, 0x00000000ef600000, 0x00000000ef600000|100%| E|CS|TAMS 0x00000000ef500000, 0x00000000ef500000| Complete 
| 246|0x00000000ef600000, 0x00000000ef700000, 0x00000000ef700000|100%| E|CS|TAMS 0x00000000ef600000, 0x00000000ef600000| Complete 
| 247|0x00000000ef700000, 0x00000000ef800000, 0x00000000ef800000|100%| E|CS|TAMS 0x00000000ef700000, 0x00000000ef700000| Complete 
| 248|0x00000000ef800000, 0x00000000ef900000, 0x00000000ef900000|100%| E|CS|TAMS 0x00000000ef800000, 0x00000000ef800000| Complete 
| 249|0x00000000ef900000, 0x00000000efa00000, 0x00000000efa00000|100%| E|CS|TAMS 0x00000000ef900000, 0x00000000ef900000| Complete 
| 250|0x00000000efa00000, 0x00000000efb00000, 0x00000000efb00000|100%| E|CS|TAMS 0x00000000efa00000, 0x00000000efa00000| Complete 
| 251|0x00000000efb00000, 0x00000000efc00000, 0x00000000efc00000|100%| E|CS|TAMS 0x00000000efb00000, 0x00000000efb00000| Complete 
| 252|0x00000000efc00000, 0x00000000efd00000, 0x00000000efd00000|100%| E|CS|TAMS 0x00000000efc00000, 0x00000000efc00000| Complete 
| 253|0x00000000efd00000, 0x00000000efe00000, 0x00000000efe00000|100%| E|CS|TAMS 0x00000000efd00000, 0x00000000efd00000| Complete 
| 254|0x00000000efe00000, 0x00000000eff00000, 0x00000000eff00000|100%| E|CS|TAMS 0x00000000efe00000, 0x00000000efe00000| Complete 
| 255|0x00000000eff00000, 0x00000000f0000000, 0x00000000f0000000|100%| E|CS|TAMS 0x00000000eff00000, 0x00000000eff00000| Complete 

Card table byte_map: [0x000001f8da590000,0x000001f8da690000] _byte_map_base: 0x000001f8d9e90000

Marking Bits (Prev, Next): (CMBitMap*) 0x000001f8c3a302a0, (CMBitMap*) 0x000001f8c3a30260
 Prev Bits: [0x000001f8daf90000, 0x000001f8db790000)
 Next Bits: [0x000001f8da790000, 0x000001f8daf90000)

Polling page: 0x000001f8c19a0000

Metaspace:

Usage:
  Non-class:     77.66 MB used.
      Class:     12.33 MB used.
       Both:     89.99 MB used.

Virtual space:
  Non-class space:      128.00 MB reserved,      78.00 MB ( 61%) committed,  2 nodes.
      Class space:      320.00 MB reserved,      12.69 MB (  4%) committed,  1 nodes.
             Both:      448.00 MB reserved,      90.69 MB ( 20%) committed. 

Chunk freelists:
   Non-Class:  2.05 MB
       Class:  3.30 MB
        Both:  5.34 MB

MaxMetaspaceSize: 384.00 MB
CompressedClassSpaceSize: 320.00 MB
Initial GC threshold: 21.00 MB
Current GC threshold: 98.12 MB
CDS: on
MetaspaceReclaimPolicy: balanced
 - commit_granule_bytes: 65536.
 - commit_granule_words: 8192.
 - virtual_space_node_default_size: 8388608.
 - enlarge_chunks_in_place: 1.
 - new_chunks_are_fully_committed: 0.
 - uncommit_free_chunks: 1.
 - use_allocation_guard: 0.
 - handle_deallocations: 1.


Internal statistics:

num_allocs_failed_limit: 9.
num_arena_births: 864.
num_arena_deaths: 0.
num_vsnodes_births: 3.
num_vsnodes_deaths: 0.
num_space_committed: 1449.
num_space_uncommitted: 0.
num_chunks_returned_to_freelist: 9.
num_chunks_taken_from_freelist: 4381.
num_chunk_merges: 9.
num_chunk_splits: 3157.
num_chunks_enlarged: 2389.
num_inconsistent_stats: 0.

CodeHeap 'non-profiled nmethods': size=120000Kb used=4541Kb max_used=4541Kb free=115459Kb
 bounds [0x000001f8d3060000, 0x000001f8d34d0000, 0x000001f8da590000]
CodeHeap 'profiled nmethods': size=120000Kb used=17128Kb max_used=17128Kb free=102871Kb
 bounds [0x000001f8cb590000, 0x000001f8cc650000, 0x000001f8d2ac0000]
CodeHeap 'non-nmethods': size=5760Kb used=2422Kb max_used=2457Kb free=3337Kb
 bounds [0x000001f8d2ac0000, 0x000001f8d2d40000, 0x000001f8d3060000]
 total_blobs=9479 nmethods=8515 adapters=874
 compilation: enabled
              stopped_count=0, restarted_count=0
 full_count=0

Compilation events (20 events):
Event: 58.798 Thread 0x000001f8ddd7b210 nmethod 9363 0x000001f8cc635c90 code [0x000001f8cc635e20, 0x000001f8cc635f38]
Event: 58.800 Thread 0x000001f8ddd7b210 9365       1       kotlin.sequences.TransformingSequence::access$getSequence$p (5 bytes)
Event: 58.801 Thread 0x000001f8ddd7b210 nmethod 9365 0x000001f8d34ceb10 code [0x000001f8d34ceca0, 0x000001f8d34ced58]
Event: 58.801 Thread 0x000001f8ddd7b210 9366       1       kotlin.Pair::getFirst (5 bytes)
Event: 58.801 Thread 0x000001f8ddd7b210 nmethod 9366 0x000001f8d34cee10 code [0x000001f8d34cefa0, 0x000001f8d34cf078]
Event: 58.802 Thread 0x000001f8ddd7b210 9367       1       kotlin.sequences.FilteringSequence::access$getSequence$p (5 bytes)
Event: 58.803 Thread 0x000001f8ddd7b210 nmethod 9367 0x000001f8d34cf110 code [0x000001f8d34cf2a0, 0x000001f8d34cf358]
Event: 58.803 Thread 0x000001f8ddd7b210 9368       3       org.jetbrains.kotlin.cli.jvm.index.JvmDependenciesIndexImpl$Cache::get (64 bytes)
Event: 58.805 Thread 0x000001f8ddd7b210 nmethod 9368 0x000001f8cc636010 code [0x000001f8cc6362a0, 0x000001f8cc6370b8]
Event: 58.806 Thread 0x000001f8ddd7b210 9369       3       org.jetbrains.kotlin.com.intellij.psi.search.GlobalSearchScope$NotScope::contains (25 bytes)
Event: 58.806 Thread 0x000001f8ddd7b210 nmethod 9369 0x000001f8cc637510 code [0x000001f8cc6376c0, 0x000001f8cc637958]
Event: 58.806 Thread 0x000001f8ddd7b210 9370       3       java.util.LinkedHashSet::<init> (9 bytes)
Event: 58.807 Thread 0x000001f8ddd7b210 nmethod 9370 0x000001f8cc637a90 code [0x000001f8cc637c60, 0x000001f8cc637da8]
Event: 58.930 Thread 0x000001f8ddd7b210 9372       3       kotlin.collections.ArraysKt___ArraysKt::toSet (70 bytes)
Event: 58.931 Thread 0x000001f8ddd7b210 nmethod 9372 0x000001f8cc637e90 code [0x000001f8cc638160, 0x000001f8cc638db8]
Event: 58.931 Thread 0x000001f8ddd7b210 9373       3       kotlin.collections.SetsKt__SetsKt::setOf (22 bytes)
Event: 58.932 Thread 0x000001f8ddd7b210 nmethod 9373 0x000001f8cc639210 code [0x000001f8cc639440, 0x000001f8cc639ac8]
Event: 58.932 Thread 0x000001f8ddd7b210 9374       3       org.jetbrains.kotlin.serialization.deserialization.DeserializationContext::<init> (170 bytes)
Event: 58.937 Thread 0x000001f8ddd7b210 nmethod 9374 0x000001f8cc639d90 code [0x000001f8cc63a3a0, 0x000001f8cc63d298]
Event: 58.950 Thread 0x000001f8ddd7b210 9375       3       org.jetbrains.kotlin.resolve.DescriptorUtils::getFqNameSafeIfPossible (62 bytes)

GC Heap History (20 events):
Event: 2.670 GC heap before
{Heap before GC invocations=1 (full 0):
 garbage-first heap   total 262144K, used 23776K [0x00000000e0000000, 0x0000000100000000)
  region size 1024K, 21 young (21504K), 2 survivors (2048K)
 Metaspace       used 3401K, committed 3648K, reserved 393216K
  class space    used 437K, committed 576K, reserved 327680K
}
Event: 2.677 GC heap after
{Heap after GC invocations=2 (full 0):
 garbage-first heap   total 262144K, used 11250K [0x00000000e0000000, 0x0000000100000000)
  region size 1024K, 3 young (3072K), 3 survivors (3072K)
 Metaspace       used 3401K, committed 3648K, reserved 393216K
  class space    used 437K, committed 576K, reserved 327680K
}
Event: 5.666 GC heap before
{Heap before GC invocations=2 (full 0):
 garbage-first heap   total 262144K, used 71666K [0x00000000e0000000, 0x0000000100000000)
  region size 1024K, 60 young (61440K), 3 survivors (3072K)
 Metaspace       used 4530K, committed 4736K, reserved 393216K
  class space    used 559K, committed 640K, reserved 327680K
}
Event: 5.679 GC heap after
{Heap after GC invocations=3 (full 0):
 garbage-first heap   total 262144K, used 17029K [0x00000000e0000000, 0x0000000100000000)
  region size 1024K, 8 young (8192K), 8 survivors (8192K)
 Metaspace       used 4530K, committed 4736K, reserved 393216K
  class space    used 559K, committed 640K, reserved 327680K
}
Event: 15.148 GC heap before
{Heap before GC invocations=3 (full 0):
 garbage-first heap   total 262144K, used 124549K [0x00000000e0000000, 0x0000000100000000)
  region size 1024K, 114 young (116736K), 8 survivors (8192K)
 Metaspace       used 21167K, committed 21504K, reserved 393216K
  class space    used 3075K, committed 3264K, reserved 327680K
}
Event: 15.180 GC heap after
{Heap after GC invocations=4 (full 0):
 garbage-first heap   total 262144K, used 24352K [0x00000000e0000000, 0x0000000100000000)
  region size 1024K, 15 young (15360K), 15 survivors (15360K)
 Metaspace       used 21167K, committed 21504K, reserved 393216K
  class space    used 3075K, committed 3264K, reserved 327680K
}
Event: 22.347 GC heap before
{Heap before GC invocations=5 (full 0):
 garbage-first heap   total 262144K, used 124704K [0x00000000e0000000, 0x0000000100000000)
  region size 1024K, 114 young (116736K), 15 survivors (15360K)
 Metaspace       used 34148K, committed 34560K, reserved 393216K
  class space    used 4834K, committed 4992K, reserved 327680K
}
Event: 22.398 GC heap after
{Heap after GC invocations=6 (full 0):
 garbage-first heap   total 262144K, used 31812K [0x00000000e0000000, 0x0000000100000000)
  region size 1024K, 15 young (15360K), 15 survivors (15360K)
 Metaspace       used 34148K, committed 34560K, reserved 393216K
  class space    used 4834K, committed 4992K, reserved 327680K
}
Event: 23.227 GC heap before
{Heap before GC invocations=6 (full 0):
 garbage-first heap   total 262144K, used 48196K [0x00000000e0000000, 0x0000000100000000)
  region size 1024K, 28 young (28672K), 15 survivors (15360K)
 Metaspace       used 35598K, committed 35968K, reserved 393216K
  class space    used 4943K, committed 5120K, reserved 327680K
}
Event: 23.258 GC heap after
{Heap after GC invocations=7 (full 0):
 garbage-first heap   total 262144K, used 32454K [0x00000000e0000000, 0x0000000100000000)
  region size 1024K, 9 young (9216K), 9 survivors (9216K)
 Metaspace       used 35598K, committed 35968K, reserved 393216K
  class space    used 4943K, committed 5120K, reserved 327680K
}
Event: 35.298 GC heap before
{Heap before GC invocations=8 (full 0):
 garbage-first heap   total 262144K, used 180934K [0x00000000e0000000, 0x0000000100000000)
  region size 1024K, 153 young (156672K), 9 survivors (9216K)
 Metaspace       used 46282K, committed 46784K, reserved 393216K
  class space    used 6474K, committed 6720K, reserved 327680K
}
Event: 35.336 GC heap after
{Heap after GC invocations=9 (full 0):
 garbage-first heap   total 262144K, used 37964K [0x00000000e0000000, 0x0000000100000000)
  region size 1024K, 14 young (14336K), 14 survivors (14336K)
 Metaspace       used 46282K, committed 46784K, reserved 393216K
  class space    used 6474K, committed 6720K, reserved 327680K
}
Event: 43.409 GC heap before
{Heap before GC invocations=9 (full 0):
 garbage-first heap   total 262144K, used 191564K [0x00000000e0000000, 0x0000000100000000)
  region size 1024K, 153 young (156672K), 14 survivors (14336K)
 Metaspace       used 59481K, committed 60032K, reserved 393216K
  class space    used 8329K, committed 8576K, reserved 327680K
}
Event: 43.460 GC heap after
{Heap after GC invocations=10 (full 0):
 garbage-first heap   total 262144K, used 59228K [0x00000000e0000000, 0x0000000100000000)
  region size 1024K, 17 young (17408K), 17 survivors (17408K)
 Metaspace       used 59481K, committed 60032K, reserved 393216K
  class space    used 8329K, committed 8576K, reserved 327680K
}
Event: 43.574 GC heap before
{Heap before GC invocations=10 (full 0):
 garbage-first heap   total 262144K, used 61276K [0x00000000e0000000, 0x0000000100000000)
  region size 1024K, 20 young (20480K), 17 survivors (17408K)
 Metaspace       used 59649K, committed 60160K, reserved 393216K
  class space    used 8356K, committed 8576K, reserved 327680K
}
Event: 43.612 GC heap after
{Heap after GC invocations=11 (full 0):
 garbage-first heap   total 262144K, used 60299K [0x00000000e0000000, 0x0000000100000000)
  region size 1024K, 10 young (10240K), 10 survivors (10240K)
 Metaspace       used 59649K, committed 60160K, reserved 393216K
  class space    used 8356K, committed 8576K, reserved 327680K
}
Event: 50.428 GC heap before
{Heap before GC invocations=12 (full 0):
 garbage-first heap   total 262144K, used 213899K [0x00000000e0000000, 0x0000000100000000)
  region size 1024K, 153 young (156672K), 10 survivors (10240K)
 Metaspace       used 74194K, committed 74944K, reserved 393216K
  class space    used 10653K, committed 11008K, reserved 327680K
}
Event: 50.485 GC heap after
{Heap after GC invocations=13 (full 0):
 garbage-first heap   total 262144K, used 72704K [0x00000000e0000000, 0x0000000100000000)
  region size 1024K, 20 young (20480K), 20 survivors (20480K)
 Metaspace       used 74194K, committed 74944K, reserved 393216K
  class space    used 10653K, committed 11008K, reserved 327680K
}
Event: 55.274 GC heap before
{Heap before GC invocations=13 (full 0):
 garbage-first heap   total 262144K, used 211968K [0x00000000e0000000, 0x0000000100000000)
  region size 1024K, 149 young (152576K), 20 survivors (20480K)
 Metaspace       used 84308K, committed 84992K, reserved 458752K
  class space    used 11664K, committed 12032K, reserved 327680K
}
Event: 55.387 GC heap after
{Heap after GC invocations=14 (full 0):
 garbage-first heap   total 262144K, used 99054K [0x00000000e0000000, 0x0000000100000000)
  region size 1024K, 18 young (18432K), 18 survivors (18432K)
 Metaspace       used 84308K, committed 84992K, reserved 458752K
  class space    used 11664K, committed 12032K, reserved 327680K
}

Dll operation events (15 events):
Event: 0.028 Loaded shared library C:\Program Files\Eclipse Adoptium\jdk-17.0.20.101-hotspot\bin\java.dll
Event: 0.072 Loaded shared library C:\Program Files\Eclipse Adoptium\jdk-17.0.20.101-hotspot\bin\jsvml.dll
Event: 0.215 Loaded shared library C:\Program Files\Eclipse Adoptium\jdk-17.0.20.101-hotspot\bin\zip.dll
Event: 0.221 Loaded shared library C:\Program Files\Eclipse Adoptium\jdk-17.0.20.101-hotspot\bin\instrument.dll
Event: 0.237 Loaded shared library C:\Program Files\Eclipse Adoptium\jdk-17.0.20.101-hotspot\bin\net.dll
Event: 0.244 Loaded shared library C:\Program Files\Eclipse Adoptium\jdk-17.0.20.101-hotspot\bin\nio.dll
Event: 0.249 Loaded shared library C:\Program Files\Eclipse Adoptium\jdk-17.0.20.101-hotspot\bin\zip.dll
Event: 1.016 Loaded shared library C:\Program Files\Eclipse Adoptium\jdk-17.0.20.101-hotspot\bin\jimage.dll
Event: 1.714 Loaded shared library C:\Program Files\Eclipse Adoptium\jdk-17.0.20.101-hotspot\bin\verify.dll
Event: 2.210 Loaded shared library C:\Users\welcome\.gradle\native\c067742578af261105cb4f569cf0c3c89f3d7b1fecec35dd04571415982c5e48\windows-amd64\native-platform.dll
Event: 2.217 Loaded shared library C:\Users\welcome\.gradle\native\100fb08df4bc3b14c8652ba06237920a3bd2aa13389f12d3474272988ae205f9\windows-amd64\native-platform-file-events.dll
Event: 6.552 Loaded shared library C:\Program Files\Eclipse Adoptium\jdk-17.0.20.101-hotspot\bin\management.dll
Event: 6.569 Loaded shared library C:\Program Files\Eclipse Adoptium\jdk-17.0.20.101-hotspot\bin\management_ext.dll
Event: 7.413 Loaded shared library C:\Program Files\Eclipse Adoptium\jdk-17.0.20.101-hotspot\bin\extnet.dll
Event: 8.620 Loaded shared library C:\Program Files\Eclipse Adoptium\jdk-17.0.20.101-hotspot\bin\sunmscapi.dll

Deoptimization events (20 events):
Event: 56.544 Thread 0x000001f8f87f3de0 Uncommon trap: trap_request=0xffffffc6 fr.pc=0x000001f8d3459dbc relative=0x000000000000099c
Event: 56.544 Thread 0x000001f8f87f3de0 Uncommon trap: reason=bimorphic_or_optimized_type_check action=maybe_recompile pc=0x000001f8d3459dbc method=org.jetbrains.kotlin.protobuf.CodedInputStream.tryRefillBuffer(I)Z @ 177 c2
Event: 56.544 Thread 0x000001f8f87f3de0 DEOPT PACKING pc=0x000001f8d3459dbc sp=0x0000002e3fef5350
Event: 56.544 Thread 0x000001f8f87f3de0 DEOPT UNPACKING pc=0x000001f8d2b169a3 sp=0x0000002e3fef5240 mode 2
Event: 56.563 Thread 0x000001f8f87f3de0 Uncommon trap: trap_request=0xffffff45 fr.pc=0x000001f8d344340c relative=0x00000000000005cc
Event: 56.563 Thread 0x000001f8f87f3de0 Uncommon trap: reason=unstable_if action=reinterpret pc=0x000001f8d344340c method=org.jetbrains.org.objectweb.asm.ClassReader.readUtf(II[C)Ljava/lang/String; @ 41 c2
Event: 56.563 Thread 0x000001f8f87f3de0 DEOPT PACKING pc=0x000001f8d344340c sp=0x0000002e3fef4b90
Event: 56.563 Thread 0x000001f8f87f3de0 DEOPT UNPACKING pc=0x000001f8d2b169a3 sp=0x0000002e3fef4b38 mode 2
Event: 56.564 Thread 0x000001f8f87f3de0 Uncommon trap: trap_request=0xffffffc6 fr.pc=0x000001f8d345b8b4 relative=0x0000000000000634
Event: 56.564 Thread 0x000001f8f87f3de0 Uncommon trap: reason=bimorphic_or_optimized_type_check action=maybe_recompile pc=0x000001f8d345b8b4 method=org.jetbrains.kotlin.protobuf.CodedInputStream.tryRefillBuffer(I)Z @ 177 c2
Event: 56.564 Thread 0x000001f8f87f3de0 DEOPT PACKING pc=0x000001f8d345b8b4 sp=0x0000002e3fef4e50
Event: 56.564 Thread 0x000001f8f87f3de0 DEOPT UNPACKING pc=0x000001f8d2b169a3 sp=0x0000002e3fef4d98 mode 2
Event: 58.465 Thread 0x000001f8f87f3de0 Uncommon trap: trap_request=0xffffff45 fr.pc=0x000001f8d34b067c relative=0x00000000000000dc
Event: 58.465 Thread 0x000001f8f87f3de0 Uncommon trap: reason=unstable_if action=reinterpret pc=0x000001f8d34b067c method=java.text.StringCharacterIterator.current()C @ 19 c2
Event: 58.465 Thread 0x000001f8f87f3de0 DEOPT PACKING pc=0x000001f8d34b067c sp=0x0000002e3fef3120
Event: 58.465 Thread 0x000001f8f87f3de0 DEOPT UNPACKING pc=0x000001f8d2b169a3 sp=0x0000002e3fef30b8 mode 2
Event: 58.671 Thread 0x000001f8f87f3de0 Uncommon trap: trap_request=0xffffff45 fr.pc=0x000001f8d3470cf4 relative=0x00000000000001d4
Event: 58.671 Thread 0x000001f8f87f3de0 Uncommon trap: reason=unstable_if action=reinterpret pc=0x000001f8d3470cf4 method=java.io.ByteArrayInputStream.read()I @ 8 c2
Event: 58.671 Thread 0x000001f8f87f3de0 DEOPT PACKING pc=0x000001f8d3470cf4 sp=0x0000002e3fef55e0
Event: 58.671 Thread 0x000001f8f87f3de0 DEOPT UNPACKING pc=0x000001f8d2b169a3 sp=0x0000002e3fef5598 mode 2

Classes loaded (20 events):
Event: 49.401 Loading class sun/nio/ch/Util$4
Event: 49.401 Loading class sun/nio/ch/Util$4 done
Event: 49.401 Loading class jdk/internal/access/foreign/MemorySegmentProxy
Event: 49.402 Loading class jdk/internal/access/foreign/MemorySegmentProxy done
Event: 49.406 Loading class java/io/UTFDataFormatException
Event: 49.406 Loading class java/io/UTFDataFormatException done
Event: 51.107 Loading class java/nio/channels/Channels$ReadableByteChannelImpl
Event: 51.107 Loading class java/nio/channels/Channels$ReadableByteChannelImpl done
Event: 51.107 Loading class java/nio/channels/NonWritableChannelException
Event: 51.107 Loading class java/nio/channels/NonWritableChannelException done
Event: 56.707 Loading class java/text/StringCharacterIterator
Event: 56.707 Loading class java/text/CharacterIterator
Event: 56.708 Loading class java/text/CharacterIterator done
Event: 56.708 Loading class java/text/StringCharacterIterator done
Event: 56.787 Loading class java/io/NotSerializableException
Event: 56.787 Loading class java/io/NotSerializableException done
Event: 58.022 Loading class java/util/AbstractList$SubList
Event: 58.023 Loading class java/util/AbstractList$SubList done
Event: 58.023 Loading class java/util/AbstractList$SubList$1
Event: 58.023 Loading class java/util/AbstractList$SubList$1 done

Classes unloaded (0 events):
No events

Classes redefined (0 events):
No events

Internal exceptions (20 events):
Event: 44.462 Thread 0x000001f8f87f3de0 Exception <a 'java/lang/ClassNotFoundException'{0x00000000eecb8678}: org/jetbrains/kotlin/gradle/targets/js/npm/DefaultPeerNpmDependencyExtension$delegate$1Customizer> (0x00000000eecb8678) 
thrown [s\src\hotspot\share\classfile\systemDictionary.cpp, line 257]
Event: 44.533 Thread 0x000001f8f87f3de0 Exception <a 'java/lang/NoSuchMethodError'{0x00000000eebd9988}: static Lorg/jetbrains/kotlin/gradle/plugin/internal/DefaultIdeaSyncDetector$createIdeaPropertiesEvaluator$1;.<clinit>()V> (0x00000000eebd9988) 
thrown [s\src\hotspot\share\prims\jni.cpp, line 1112]
Event: 45.550 Thread 0x000001f8f87f3de0 Exception <a 'java/lang/IncompatibleClassChangeError'{0x00000000ed84b608}: Found class java.lang.Object, but interface was expected> (0x00000000ed84b608) 
thrown [s\src\hotspot\share\interpreter\linkResolver.cpp, line 826]
Event: 46.049 Thread 0x000001f8f87f3de0 Exception <a 'sun/nio/fs/WindowsException'{0x00000000ed0a7fd0}> (0x00000000ed0a7fd0) 
thrown [s\src\hotspot\share\prims\jni.cpp, line 516]
Event: 46.049 Thread 0x000001f8f87f3de0 Exception <a 'sun/nio/fs/WindowsException'{0x00000000ed0a9b40}> (0x00000000ed0a9b40) 
thrown [s\src\hotspot\share\prims\jni.cpp, line 516]
Event: 46.442 Thread 0x000001f8f87f3de0 Exception <a 'java/lang/NoSuchMethodError'{0x00000000ec79b8e8}: 'java.lang.Object java.lang.invoke.DirectMethodHandle$Holder.invokeStaticInit(java.lang.Object, int)'> (0x00000000ec79b8e8) 
thrown [s\src\hotspot\share\interpreter\linkResolver.cpp, line 759]
Event: 46.518 Thread 0x000001f8f87f3de0 Exception <a 'java/lang/NoSuchMethodError'{0x00000000ec5f1360}: 'long java.lang.invoke.DirectMethodHandle$Holder.invokeStatic(java.lang.Object)'> (0x00000000ec5f1360) 
thrown [s\src\hotspot\share\interpreter\linkResolver.cpp, line 759]
Event: 46.521 Thread 0x000001f8f87f3de0 Exception <a 'java/lang/NoSuchMethodError'{0x00000000ec5f5c58}: 'long java.lang.invoke.DirectMethodHandle$Holder.invokeStaticInit(java.lang.Object)'> (0x00000000ec5f5c58) 
thrown [s\src\hotspot\share\interpreter\linkResolver.cpp, line 759]
Event: 46.713 Thread 0x000001f8f87f3de0 Exception <a 'java/lang/NoSuchMethodError'{0x00000000ebfe0328}: 'long java.lang.invoke.Invokers$Holder.invoke_MT(java.lang.Object, java.lang.Object, java.lang.Object, java.lang.Object)'> (0x00000000ebfe0328) 
thrown [s\src\hotspot\share\interpreter\linkResolver.cpp, line 759]
Event: 46.718 Thread 0x000001f8f87f3de0 Exception <a 'java/lang/NoSuchMethodError'{0x00000000ebfe9428}: 'int java.lang.invoke.Invokers$Holder.invoke_MT(java.lang.Object, java.lang.Object, java.lang.Object, java.lang.Object)'> (0x00000000ebfe9428) 
thrown [s\src\hotspot\share\interpreter\linkResolver.cpp, line 759]
Event: 46.724 Thread 0x000001f8f87f3de0 Exception <a 'java/lang/NoSuchMethodError'{0x00000000ebff5e78}: 'void java.lang.invoke.DelegatingMethodHandle$Holder.reinvoke_L(java.lang.Object, java.lang.Object, java.lang.Object, long, java.lang.Object)'> (0x00000000ebff5e78) 
thrown [s\src\hotspot\share\interpreter\linkResolver.cpp, line 759]
Event: 46.728 Thread 0x000001f8f87f3de0 Exception <a 'java/lang/NoSuchMethodError'{0x00000000ebe096a0}: 'int java.lang.invoke.DelegatingMethodHandle$Holder.reinvoke_L(java.lang.Object, java.lang.Object, java.lang.Object, long, java.lang.Object, java.lang.Object)'> (0x00000000ebe096a0) 
thrown [s\src\hotspot\share\interpreter\linkResolver.cpp, line 759]
Event: 46.730 Thread 0x000001f8f87f3de0 Exception <a 'java/lang/NoSuchMethodError'{0x00000000ebe19438}: 'int java.lang.invoke.DelegatingMethodHandle$Holder.reinvoke_L(java.lang.Object, java.lang.Object, java.lang.Object, long, int, int)'> (0x00000000ebe19438) 
thrown [s\src\hotspot\share\interpreter\linkResolver.cpp, line 759]
Event: 46.733 Thread 0x000001f8f87f3de0 Exception <a 'java/lang/NoSuchMethodError'{0x00000000ebe28f78}: 'int java.lang.invoke.DelegatingMethodHandle$Holder.reinvoke_L(java.lang.Object, java.lang.Object, java.lang.Object, long, long, long)'> (0x00000000ebe28f78) 
thrown [s\src\hotspot\share\interpreter\linkResolver.cpp, line 759]
Event: 46.735 Thread 0x000001f8f87f3de0 Exception <a 'java/lang/NoSuchMethodError'{0x00000000ebe38798}: 'int java.lang.invoke.DelegatingMethodHandle$Holder.reinvoke_L(java.lang.Object, java.lang.Object, java.lang.Object, long, int)'> (0x00000000ebe38798) 
thrown [s\src\hotspot\share\interpreter\linkResolver.cpp, line 759]
Event: 49.225 Thread 0x000001f8f87f3de0 Exception <a 'java/lang/NoSuchMethodError'{0x00000000e8b87c18}: 'int java.lang.invoke.DirectMethodHandle$Holder.invokeSpecial(java.lang.Object, java.lang.Object, int, int)'> (0x00000000e8b87c18) 
thrown [s\src\hotspot\share\interpreter\linkResolver.cpp, line 759]
Event: 49.285 Thread 0x000001f8f87f3de0 Exception <a 'java/lang/NoSuchMethodError'{0x00000000e8a1e718}: 'java.lang.Object java.lang.invoke.Invokers$Holder.invokeExact_MT(java.lang.Object, java.lang.Object, long, java.lang.Object)'> (0x00000000e8a1e718) 
thrown [s\src\hotspot\share\interpreter\linkResolver.cpp, line 759]
Event: 49.399 Thread 0x000001f8f87f3de0 Exception <a 'java/lang/NoSuchMethodError'{0x00000000e888a7f8}: 'java.lang.Object java.lang.invoke.Invokers$Holder.invoke_MT(java.lang.Object, java.lang.Object, java.lang.Object)'> (0x00000000e888a7f8) 
thrown [s\src\hotspot\share\interpreter\linkResolver.cpp, line 759]
Event: 50.400 Thread 0x000001f8f87f3de0 Implicit null exception at 0x000001f8d3427704 to 0x000001f8d34297d8
Event: 58.133 Thread 0x000001f8f87f3de0 Exception <a 'java/lang/NoSuchMethodError'{0x00000000ecb98fa0}: 'java.lang.Object java.lang.invoke.DirectMethodHandle$Holder.invokeStatic(java.lang.Object, java.lang.Object, java.lang.Object, java.lang.Object, int)'> (0x00000000ecb98fa0) 
thrown [s\src\hotspot\share\interpreter\linkResolver.cpp, line 759]

VM Operations (20 events):
Event: 55.274 Executing VM operation: G1CollectForAllocation
Event: 55.387 Executing VM operation: G1CollectForAllocation done
Event: 56.048 Executing VM operation: HandshakeAllThreads
Event: 56.048 Executing VM operation: HandshakeAllThreads done
Event: 56.191 Executing VM operation: HandshakeAllThreads
Event: 56.191 Executing VM operation: HandshakeAllThreads done
Event: 56.481 Executing VM operation: HandshakeAllThreads
Event: 56.481 Executing VM operation: HandshakeAllThreads done
Event: 56.481 Executing VM operation: Cleanup
Event: 56.481 Executing VM operation: Cleanup done
Event: 56.516 Executing VM operation: HandshakeAllThreads
Event: 56.517 Executing VM operation: HandshakeAllThreads done
Event: 56.789 Executing VM operation: HandshakeAllThreads
Event: 56.789 Executing VM operation: HandshakeAllThreads done
Event: 57.803 Executing VM operation: Cleanup
Event: 57.804 Executing VM operation: Cleanup done
Event: 57.933 Executing VM operation: HandshakeAllThreads
Event: 57.933 Executing VM operation: HandshakeAllThreads done
Event: 58.402 Executing VM operation: HandshakeAllThreads
Event: 58.402 Executing VM operation: HandshakeAllThreads done

Memory protections (0 events):
No events

Nmethod flushes (20 events):
Event: 33.422 Thread 0x000001f8ddda2c10 flushing  nmethod 0x000001f8cbe74f90
Event: 33.422 Thread 0x000001f8ddda2c10 flushing  nmethod 0x000001f8cbe75d10
Event: 33.422 Thread 0x000001f8ddda2c10 flushing  nmethod 0x000001f8cbe82710
Event: 33.422 Thread 0x000001f8ddda2c10 flushing  nmethod 0x000001f8cbeb3990
Event: 33.422 Thread 0x000001f8ddda2c10 flushing  nmethod 0x000001f8cbec1f10
Event: 33.422 Thread 0x000001f8ddda2c10 flushing  nmethod 0x000001f8cbec2410
Event: 33.422 Thread 0x000001f8ddda2c10 flushing  nmethod 0x000001f8cbedda90
Event: 33.422 Thread 0x000001f8ddda2c10 flushing  nmethod 0x000001f8cbeddf10
Event: 33.423 Thread 0x000001f8ddda2c10 flushing  nmethod 0x000001f8cbf07210
Event: 33.423 Thread 0x000001f8ddda2c10 flushing  nmethod 0x000001f8cbf1c410
Event: 33.423 Thread 0x000001f8ddda2c10 flushing  nmethod 0x000001f8cbf63610
Event: 33.423 Thread 0x000001f8ddda2c10 flushing  nmethod 0x000001f8cbf67e10
Event: 33.423 Thread 0x000001f8ddda2c10 flushing  nmethod 0x000001f8cbf6f910
Event: 33.424 Thread 0x000001f8ddda2c10 flushing  nmethod 0x000001f8cbf8bd90
Event: 33.424 Thread 0x000001f8ddda2c10 flushing  nmethod 0x000001f8cbf92790
Event: 33.424 Thread 0x000001f8ddda2c10 flushing  nmethod 0x000001f8cbf92c90
Event: 33.424 Thread 0x000001f8ddda2c10 flushing  nmethod 0x000001f8cbf99490
Event: 33.424 Thread 0x000001f8ddda2c10 flushing  nmethod 0x000001f8cbf99c10
Event: 33.424 Thread 0x000001f8ddda2c10 flushing  nmethod 0x000001f8cbf9e490
Event: 48.616 Thread 0x000001f8ddda2c10 flushing  nmethod 0x000001f8cbf7d310

Events (20 events):
Event: 14.240 Thread 0x000001f8f87f4800 Thread added: 0x000001f8fa548c10
Event: 15.537 Thread 0x000001f8f87f3de0 Thread added: 0x000001f8fa548700
Event: 15.566 Thread 0x000001f8f87f3de0 Thread added: 0x000001f8fa54aa70
Event: 16.750 Thread 0x000001f8f87f3de0 Thread added: 0x000001f8fa54af80
Event: 16.922 Thread 0x000001f8f87f3de0 Thread added: 0x000001f8fa547ce0
Event: 17.467 Thread 0x000001f8f87f3de0 Thread added: 0x000001f8fa54b490
Event: 17.900 Thread 0x000001f8f87f3de0 Thread added: 0x000001f8fa546db0
Event: 19.270 Thread 0x000001f8f87f3de0 Thread added: 0x000001f8fa549120
Event: 19.443 Thread 0x000001f8f87f3de0 Thread added: 0x000001f8fa5472c0
Event: 30.013 Thread 0x000001f8f87f3de0 Thread added: 0x000001f8fa546390
Event: 30.014 Thread 0x000001f8f87f3de0 Thread added: 0x000001f8fa549630
Event: 30.015 Thread 0x000001f8f87f3de0 Thread added: 0x000001f8fa545e80
Event: 32.862 Thread 0x000001f8f87f3de0 Thread added: 0x000001f8fa54beb0
Event: 32.872 Thread 0x000001f8f87f3de0 Thread added: 0x000001f8fa5468a0
Event: 32.890 Thread 0x000001f8f87f3de0 Thread added: 0x000001f8fa5477d0
Event: 33.925 Thread 0x000001f8f87f3de0 Thread added: 0x000001f8fa54a050
Event: 33.927 Thread 0x000001f8f87f3de0 Thread added: 0x000001f8fa54c3c0
Event: 33.931 Thread 0x000001f8f87f3de0 Thread added: 0x000001f8fa54a560
Event: 38.162 Thread 0x000001f8f87f3de0 Thread added: 0x000001f8fa54c8d0
Event: 41.365 Thread 0x000001f8f87f3de0 Thread added: 0x000001f8fa54cde0


Dynamic libraries:
0x00007ff7e6030000 - 0x00007ff7e603e000 	C:\Program Files\Eclipse Adoptium\jdk-17.0.20.101-hotspot\bin\java.exe
0x00007ff9ea3b0000 - 0x00007ff9ea5a9000 	C:\Windows\SYSTEM32\ntdll.dll
0x00007ff9e8650000 - 0x00007ff9e8712000 	C:\Windows\System32\KERNEL32.DLL
0x00007ff9e7a00000 - 0x00007ff9e7cf7000 	C:\Windows\System32\KERNELBASE.dll
0x00007ff9e8000000 - 0x00007ff9e8100000 	C:\Windows\System32\ucrtbase.dll
0x00007ff9e13b0000 - 0x00007ff9e13ce000 	C:\Program Files\Eclipse Adoptium\jdk-17.0.20.101-hotspot\bin\VCRUNTIME140.dll
0x00007ff9e1390000 - 0x00007ff9e13a8000 	C:\Program Files\Eclipse Adoptium\jdk-17.0.20.101-hotspot\bin\jli.dll
0x00007ff9e9c20000 - 0x00007ff9e9dbd000 	C:\Windows\System32\USER32.dll
0x00007ff9e8150000 - 0x00007ff9e8172000 	C:\Windows\System32\win32u.dll
0x00007ff9e8940000 - 0x00007ff9e896b000 	C:\Windows\System32\GDI32.dll
0x00007ff9e6e20000 - 0x00007ff9e70bb000 	C:\Windows\WinSxS\amd64_microsoft.windows.common-controls_6595b64144ccf1df_6.0.19041.7663_none_60b9ed0b71f50c93\COMCTL32.dll
0x00007ff9e7ee0000 - 0x00007ff9e7ffa000 	C:\Windows\System32\gdi32full.dll
0x00007ff9e91b0000 - 0x00007ff9e924e000 	C:\Windows\System32\msvcrt.dll
0x00007ff9e81b0000 - 0x00007ff9e824d000 	C:\Windows\System32\msvcp_win.dll
0x00007ff9e90f0000 - 0x00007ff9e911f000 	C:\Windows\System32\IMM32.DLL
0x00007ff9c5eb0000 - 0x00007ff9c5ebc000 	C:\Program Files\Eclipse Adoptium\jdk-17.0.20.101-hotspot\bin\vcruntime140_1.dll
0x00007ff9773d0000 - 0x00007ff97745d000 	C:\Program Files\Eclipse Adoptium\jdk-17.0.20.101-hotspot\bin\msvcp140.dll
0x00007ff948ba0000 - 0x00007ff94980c000 	C:\Program Files\Eclipse Adoptium\jdk-17.0.20.101-hotspot\bin\server\jvm.dll
0x00007ff9e9b60000 - 0x00007ff9e9c12000 	C:\Windows\System32\ADVAPI32.dll
0x00007ff9e9810000 - 0x00007ff9e98b0000 	C:\Windows\System32\sechost.dll
0x00007ff9e83f0000 - 0x00007ff9e8516000 	C:\Windows\System32\RPCRT4.dll
0x00007ff9e8180000 - 0x00007ff9e81a7000 	C:\Windows\System32\bcrypt.dll
0x00007ff9e9130000 - 0x00007ff9e91a3000 	C:\Windows\System32\WS2_32.dll
0x00007ff9d13f0000 - 0x00007ff9d1417000 	C:\Windows\SYSTEM32\WINMM.dll
0x00007ff9e7850000 - 0x00007ff9e789b000 	C:\Windows\SYSTEM32\POWRPROF.dll
0x00007ff9df810000 - 0x00007ff9df81a000 	C:\Windows\SYSTEM32\VERSION.dll
0x00007ff9e7830000 - 0x00007ff9e7842000 	C:\Windows\SYSTEM32\UMPDC.dll
0x00007ff9e5170000 - 0x00007ff9e5182000 	C:\Windows\SYSTEM32\kernel.appcore.dll
0x00007ff9e1380000 - 0x00007ff9e138a000 	C:\Program Files\Eclipse Adoptium\jdk-17.0.20.101-hotspot\bin\jimage.dll
0x00007ff9e72d0000 - 0x00007ff9e74db000 	C:\Windows\SYSTEM32\DBGHELP.DLL
0x00007ff9e7290000 - 0x00007ff9e72c5000 	C:\Windows\SYSTEM32\dbgcore.DLL
0x00007ff9e8300000 - 0x00007ff9e8382000 	C:\Windows\System32\bcryptPrimitives.dll
0x00007ff9e1ae0000 - 0x00007ff9e1aee000 	C:\Program Files\Eclipse Adoptium\jdk-17.0.20.101-hotspot\bin\instrument.dll
0x00007ff9bf4f0000 - 0x00007ff9bf515000 	C:\Program Files\Eclipse Adoptium\jdk-17.0.20.101-hotspot\bin\java.dll
0x00007ff9772f0000 - 0x00007ff9773c7000 	C:\Program Files\Eclipse Adoptium\jdk-17.0.20.101-hotspot\bin\jsvml.dll
0x00007ff9e8970000 - 0x00007ff9e90e1000 	C:\Windows\System32\SHELL32.dll
0x00007ff9e5380000 - 0x00007ff9e5b2c000 	C:\Windows\SYSTEM32\windows.storage.dll
0x00007ff9ea010000 - 0x00007ff9ea364000 	C:\Windows\System32\combase.dll
0x00007ff9e6b50000 - 0x00007ff9e6b7b000 	C:\Windows\SYSTEM32\Wldp.dll
0x00007ff9e99d0000 - 0x00007ff9e9a7d000 	C:\Windows\System32\SHCORE.dll
0x00007ff9e88e0000 - 0x00007ff9e893b000 	C:\Windows\System32\shlwapi.dll
0x00007ff9e7920000 - 0x00007ff9e7945000 	C:\Windows\SYSTEM32\profapi.dll
0x00007ff97f220000 - 0x00007ff97f238000 	C:\Program Files\Eclipse Adoptium\jdk-17.0.20.101-hotspot\bin\zip.dll
0x00007ff9bf4d0000 - 0x00007ff9bf4ea000 	C:\Program Files\Eclipse Adoptium\jdk-17.0.20.101-hotspot\bin\net.dll
0x00007ff9dd020000 - 0x00007ff9dd12d000 	C:\Windows\SYSTEM32\WINHTTP.dll
0x00007ff9e69c0000 - 0x00007ff9e6a2a000 	C:\Windows\system32\mswsock.dll
0x00007ff99ca30000 - 0x00007ff99ca46000 	C:\Program Files\Eclipse Adoptium\jdk-17.0.20.101-hotspot\bin\nio.dll
0x00007ff97cd30000 - 0x00007ff97cd40000 	C:\Program Files\Eclipse Adoptium\jdk-17.0.20.101-hotspot\bin\verify.dll
0x00007ff9d2d00000 - 0x00007ff9d2d27000 	C:\Users\welcome\.gradle\native\c067742578af261105cb4f569cf0c3c89f3d7b1fecec35dd04571415982c5e48\windows-amd64\native-platform.dll
0x00007ff9af980000 - 0x00007ff9afac4000 	C:\Users\welcome\.gradle\native\100fb08df4bc3b14c8652ba06237920a3bd2aa13389f12d3474272988ae205f9\windows-amd64\native-platform-file-events.dll
0x00007ff9e1780000 - 0x00007ff9e178a000 	C:\Program Files\Eclipse Adoptium\jdk-17.0.20.101-hotspot\bin\management.dll
0x00007ff9e1770000 - 0x00007ff9e177c000 	C:\Program Files\Eclipse Adoptium\jdk-17.0.20.101-hotspot\bin\management_ext.dll
0x00007ff9e9dc0000 - 0x00007ff9e9dc8000 	C:\Windows\System32\PSAPI.DLL
0x00007ff9e7690000 - 0x00007ff9e76a8000 	C:\Windows\SYSTEM32\CRYPTSP.dll
0x00007ff9e6300000 - 0x00007ff9e6338000 	C:\Windows\system32\rsaenh.dll
0x00007ff9e78e0000 - 0x00007ff9e790e000 	C:\Windows\SYSTEM32\USERENV.dll
0x00007ff9e6c10000 - 0x00007ff9e6c1c000 	C:\Windows\SYSTEM32\CRYPTBASE.dll
0x00007ff9e6680000 - 0x00007ff9e66bb000 	C:\Windows\SYSTEM32\IPHLPAPI.DLL
0x00007ff9ea000000 - 0x00007ff9ea008000 	C:\Windows\System32\NSI.dll
0x00007ff9ddf70000 - 0x00007ff9ddf87000 	C:\Windows\SYSTEM32\dhcpcsvc6.DLL
0x00007ff9dded0000 - 0x00007ff9ddeed000 	C:\Windows\SYSTEM32\dhcpcsvc.DLL
0x00007ff9e66e0000 - 0x00007ff9e67ac000 	C:\Windows\SYSTEM32\DNSAPI.dll
0x00007ff9e1760000 - 0x00007ff9e1769000 	C:\Program Files\Eclipse Adoptium\jdk-17.0.20.101-hotspot\bin\extnet.dll
0x00007ff9df860000 - 0x00007ff9df86e000 	C:\Program Files\Eclipse Adoptium\jdk-17.0.20.101-hotspot\bin\sunmscapi.dll
0x00007ff9e7d80000 - 0x00007ff9e7edd000 	C:\Windows\System32\CRYPT32.dll
0x00007ff9e6d00000 - 0x00007ff9e6d27000 	C:\Windows\SYSTEM32\ncrypt.dll
0x00007ff9e6cc0000 - 0x00007ff9e6cfb000 	C:\Windows\SYSTEM32\NTASN1.dll
0x00007ff99c3c0000 - 0x00007ff99c3c7000 	C:\Windows\system32\wshunix.dll

dbghelp: loaded successfully - version: 4.0.5 - missing functions: none
symbol engine: initialized successfully - sym options: 0x614 - pdb path: .;C:\Program Files\Eclipse Adoptium\jdk-17.0.20.101-hotspot\bin;C:\Windows\SYSTEM32;C:\Windows\WinSxS\amd64_microsoft.windows.common-controls_6595b64144ccf1df_6.0.19041.7663_none_60b9ed0b71f50c93;C:\Program Files\Eclipse Adoptium\jdk-17.0.20.101-hotspot\bin\server;C:\Users\welcome\.gradle\native\c067742578af261105cb4f569cf0c3c89f3d7b1fecec35dd04571415982c5e48\windows-amd64;C:\Users\welcome\.gradle\native\100fb08df4bc3b14c8652ba06237920a3bd2aa13389f12d3474272988ae205f9\windows-amd64

VM Arguments:
jvm_args: --add-opens=java.base/java.util=ALL-UNNAMED --add-opens=java.base/java.lang=ALL-UNNAMED --add-opens=java.base/java.lang.invoke=ALL-UNNAMED --add-opens=java.prefs/java.util.prefs=ALL-UNNAMED --add-exports=jdk.compiler/com.sun.tools.javac.api=ALL-UNNAMED --add-exports=jdk.compiler/com.sun.tools.javac.util=ALL-UNNAMED --add-opens=java.base/java.nio.charset=ALL-UNNAMED --add-opens=java.base/java.net=ALL-UNNAMED --add-opens=java.base/java.util.concurrent.atomic=ALL-UNNAMED -XX:MaxMetaspaceSize=384m -XX:+HeapDumpOnOutOfMemoryError -Xms256m -Xmx512m -Dfile.encoding=utf8 -Duser.country=US -Duser.language=en -Duser.variant -javaagent:C:\Users\welcome\.gradle\wrapper\dists\gradle-8.9-bin\90cnw93cvbtalezasaz0blq0a\gradle-8.9\lib\agents\gradle-instrumentation-agent-8.9.jar 
java_command: org.gradle.launcher.daemon.bootstrap.GradleDaemon 8.9
java_class_path (initial): C:\Users\welcome\.gradle\wrapper\dists\gradle-8.9-bin\90cnw93cvbtalezasaz0blq0a\gradle-8.9\lib\gradle-daemon-main-8.9.jar
Launcher Type: SUN_STANDARD

[Global flags]
     intx CICompilerCount                          = 3                                         {product} {ergonomic}
   size_t CompressedClassSpaceSize                 = 335544320                                 {product} {ergonomic}
     uint ConcGCThreads                            = 1                                         {product} {ergonomic}
     uint G1ConcRefinementThreads                  = 4                                         {product} {ergonomic}
   size_t G1HeapRegionSize                         = 1048576                                   {product} {ergonomic}
    uintx GCDrainStackTargetSize                   = 64                                        {product} {ergonomic}
     bool HeapDumpOnOutOfMemoryError               = true                                   {manageable} {command line}
   size_t InitialHeapSize                          = 268435456                                 {product} {command line}
   size_t MarkStackSize                            = 4194304                                   {product} {ergonomic}
   size_t MaxHeapSize                              = 536870912                                 {product} {command line}
   size_t MaxMetaspaceSize                         = 402653184                                 {product} {command line}
   size_t MaxNewSize                               = 321912832                                 {product} {ergonomic}
   size_t MinHeapDeltaBytes                        = 1048576                                   {product} {ergonomic}
   size_t MinHeapSize                              = 268435456                                 {product} {command line}
    uintx NonNMethodCodeHeapSize                   = 5832780                                {pd product} {ergonomic}
    uintx NonProfiledCodeHeapSize                  = 122912730                              {pd product} {ergonomic}
    uintx ProfiledCodeHeapSize                     = 122912730                              {pd product} {ergonomic}
    uintx ReservedCodeCacheSize                    = 251658240                              {pd product} {ergonomic}
     bool SegmentedCodeCache                       = true                                      {product} {ergonomic}
   size_t SoftMaxHeapSize                          = 536870912                              {manageable} {ergonomic}
     bool UseCompressedClassPointers               = true                           {product lp64_product} {ergonomic}
     bool UseCompressedOops                        = true                           {product lp64_product} {ergonomic}
     bool UseG1GC                                  = true                                      {product} {ergonomic}
     bool UseLargePagesIndividualAllocation        = false                                  {pd product} {ergonomic}

Logging:
Log output configuration:
 #0: stdout all=warning uptime,level,tags
 #1: stderr all=off uptime,level,tags

Environment Variables:
PATH=C:\Program Files\Eclipse Adoptium\jdk-17.0.20.101-hotspot\bin;C:\Windows\system32;C:\Windows;C:\Windows\System32\Wbem;C:\Windows\System32\WindowsPowerShell\v1.0\;C:\Windows\System32\OpenSSH\;C:\Program Files\Git\cmd;C:\Program Files\nodejs\;C:\Users\welcome\AppData\Local\Microsoft\WindowsApps;C:\Users\welcome\AppData\Local\Programs\Microsoft VS Code\bin;C:\Users\welcome\AppData\Local\Programs\DockerDesktop\resources\bin;C:\Users\welcome\AppData\Roaming\npm
USERNAME=welcome
OS=Windows_NT
PROCESSOR_IDENTIFIER=Intel64 Family 6 Model 142 Stepping 9, GenuineIntel
TMP=C:\Users\welcome\AppData\Local\Temp
TEMP=C:\Users\welcome\AppData\Local\Temp



Periodic native trim disabled


---------------  S Y S T E M  ---------------

OS:
 Windows 10 , 64 bit Build 19041 (10.0.19041.7725)
OS uptime: 0 days 11:06 hours
Hyper-V role detected

CPU: total 4 (initial active 4) (2 cores per cpu, 2 threads per core) family 6 model 142 stepping 9 microcode 0xea, cx8, cmov, fxsr, ht, mmx, 3dnowpref, sse, sse2, sse3, ssse3, sse4.1, sse4.2, popcnt, lzcnt, tsc, tscinvbit, avx, avx2, aes, erms, clmul, bmi1, bmi2, adx, fma, vzeroupper, clflush, clflushopt, hv
Processor Information for all 4 processors :
  Max Mhz: 2400, Current Mhz: 2400, Mhz Limit: 2400

Memory: 4k page, system-wide physical 4005M (260M free)
TotalPageFile size 11505M (AvailPageFile size 2M)
current process WorkingSet (physical memory assigned to process): 452M, peak: 453M
current process commit charge ("private bytes"): 526M, peak: 528M

vm_info: OpenJDK 64-Bit Server VM (17.0.20.1+1) for windows-amd64 JRE (17.0.20.1+1), built on Aug 18 2026 20:44:09 by "admin" with MS VC++ 17.12 (VS2022)

END.
