#
# There is insufficient memory for the Java Runtime Environment to continue.
# Native memory allocation (mmap) failed to map 65536 bytes. Error detail: Failed to commit metaspace.
# Possible reasons:
#   The system is out of physical RAM or swap space
#   This process is running with CompressedOops enabled, and the Java Heap may be blocking the growth of the native heap
# Possible solutions:
#   Reduce memory load on the system
#   Increase physical memory or swap space
#   Check if swap backing store is full
#   Decrease Java heap size (-Xmx/-Xms)
#   Decrease number of Java threads
#   Decrease Java thread stack sizes (-Xss)
#   Set larger code cache with -XX:ReservedCodeCacheSize=
#   JVM is running with Unscaled Compressed Oops mode in which the Java heap is
#     placed in the first 4GB address space. The Java Heap base address is the
#     maximum limit for the native heap growth. Please use -XX:HeapBaseMinAddress
#     to set the Java Heap base and to place the Java Heap above 4GB virtual address.
# This output file may be truncated or incomplete.
#
#  Out of Memory Error (virtualSpaceNode.cpp:113), pid=3236, tid=20728
#
# JRE version: OpenJDK Runtime Environment Temurin-21.0.12.1+1 (21.0.12.1+1) (build 21.0.12.1+1-LTS)
# Java VM: OpenJDK 64-Bit Server VM Temurin-21.0.12.1+1 (21.0.12.1+1-LTS, mixed mode, sharing, tiered, compressed oops, compressed class ptrs, parallel gc, windows-amd64)
# No core dump will be written. Minidumps are not enabled by default on client versions of Windows
#

---------------  S U M M A R Y ------------

Command Line: --add-modules=ALL-SYSTEM --add-opens=java.base/java.util=ALL-UNNAMED --add-opens=java.base/java.lang=ALL-UNNAMED --add-opens=java.base/sun.nio.fs=ALL-UNNAMED -Declipse.application=org.eclipse.jdt.ls.core.id1 -Dosgi.bundles.defaultStartLevel=4 -Declipse.product=org.eclipse.jdt.ls.core.product -Djava.import.generatesMetadataFilesAtProjectRoot=false -Dm2e.project.cache.size=50 -DDetectVMInstallationsJob.disabled=true -Dfile.encoding=utf8 -XX:+UseParallelGC -XX:GCTimeRatio=4 -XX:AdaptiveSizePolicyWeight=90 -Dsun.zip.disableMemoryMapping=true -Xmx2G -Xms100m -Xlog:disable -javaagent:c:\Users\welcome\.vscode\extensions\redhat.java-1.56.0-win32-x64\lombok\lombok-1.18.39-4050.jar c:\Users\welcome\.vscode\extensions\redhat.java-1.56.0-win32-x64\server\plugins\org.eclipse.equinox.launcher_1.8.0.v20260804-1928.jar -configuration c:\Users\welcome\AppData\Roaming\Code\User\globalStorage\redhat.java\1.56.0\config_ss_win -data c:\Users\welcome\AppData\Roaming\Code\User\workspaceStorage\438089d090c8572c52f170013986077f\redhat.java\ss_ws --pipe=\\.\pipe\lsp-ad9234ce5ff4c049b31c657b7de81021-sock

Host: Intel(R) Core(TM) i3-7100U CPU @ 2.40GHz, 4 cores, 3G,  Windows 10 , 64 bit Build 19041 (10.0.19041.7725)
Time: Tue Sep 29 09:57:52 2026 India Standard Time elapsed time: 6.309187 seconds (0d 0h 0m 6s)

---------------  T H R E A D  ---------------

Current thread (0x00000215fdd130b0):  JavaThread "main"             [_thread_in_vm, id=20728, stack(0x000000c4f0800000,0x000000c4f0900000) (1024K)]

Stack: [0x000000c4f0800000,0x000000c4f0900000]
Native frames: (J=compiled Java code, j=interpreted, Vv=VM code, C=native code)
V  [jvm.dll+0x6d83e9]
V  [jvm.dll+0x8b5736]
V  [jvm.dll+0x8b7cee]
V  [jvm.dll+0x8b83d3]
V  [jvm.dll+0x284596]
V  [jvm.dll+0x8b147e]
V  [jvm.dll+0x679ad4]
V  [jvm.dll+0x1e849b]
V  [jvm.dll+0x1e825e]
V  [jvm.dll+0x67c3d2]
V  [jvm.dll+0x67c202]
V  [jvm.dll+0x67a4ae]
V  [jvm.dll+0x219b60]
V  [jvm.dll+0x21a5d8]
V  [jvm.dll+0x20f80e]
V  [jvm.dll+0x5b6a7f]
V  [jvm.dll+0x82f606]
V  [jvm.dll+0x4792f8]
V  [jvm.dll+0x47f128]
C  [java.dll+0x17ec]

Java frames: (J=compiled Java code, j=interpreted, Vv=VM code)
J 1130  java.lang.ClassLoader.defineClass1(Ljava/lang/ClassLoader;Ljava/lang/String;[BIILjava/security/ProtectionDomain;Ljava/lang/String;)Ljava/lang/Class; java.base@21.0.12.1 (0 bytes) @ 0x000002158ac87791 [0x000002158ac876c0+0x00000000000000d1]
J 1336 c1 java.lang.ClassLoader.defineClass(Ljava/lang/String;[BIILjava/security/ProtectionDomain;)Ljava/lang/Class; java.base@21.0.12.1 (43 bytes) @ 0x0000021583372674 [0x0000021583372320+0x0000000000000354]
j  java.security.SecureClassLoader.defineClass(Ljava/lang/String;[BIILjava/security/CodeSource;)Ljava/lang/Class;+12 java.base@21.0.12.1
j  java.net.URLClassLoader.defineClass(Ljava/lang/String;Ljdk/internal/loader/Resource;)Ljava/lang/Class;+220 java.base@21.0.12.1
j  java.net.URLClassLoader$1.run()Ljava/lang/Class;+43 java.base@21.0.12.1
j  java.net.URLClassLoader$1.run()Ljava/lang/Object;+1 java.base@21.0.12.1
J 1163 c1 java.security.AccessController.executePrivileged(Ljava/security/PrivilegedExceptionAction;Ljava/security/AccessControlContext;Ljava/lang/Class;)Ljava/lang/Object; java.base@21.0.12.1 (65 bytes) @ 0x0000021583318dc4 [0x0000021583318c60+0x0000000000000164]
j  java.security.AccessController.doPrivileged(Ljava/security/PrivilegedExceptionAction;Ljava/security/AccessControlContext;)Ljava/lang/Object;+13 java.base@21.0.12.1
j  java.net.URLClassLoader.findClass(Ljava/lang/String;)Ljava/lang/Class;+13 java.base@21.0.12.1
J 1180 c1 java.lang.ClassLoader.loadClass(Ljava/lang/String;Z)Ljava/lang/Class; java.base@21.0.12.1 (121 bytes) @ 0x000002158331e1a4 [0x000002158331dbe0+0x00000000000005c4]
J 1018 c1 java.lang.ClassLoader.loadClass(Ljava/lang/String;)Ljava/lang/Class; java.base@21.0.12.1 (7 bytes) @ 0x00000215832d7fd4 [0x00000215832d7ec0+0x0000000000000114]
v  ~StubRoutines::call_stub 0x000002158a67100d
j  org.eclipse.osgi.storage.Storage.createBundleFile(Ljava/io/File;Lorg/eclipse/osgi/storage/BundleInfo$Generation;ZZ)Lorg/eclipse/osgi/storage/bundlefile/BundleFile;+115
j  org.eclipse.osgi.storage.BundleInfo$Generation.getBundleFile()Lorg/eclipse/osgi/storage/bundlefile/BundleFile;+75
j  org.eclipse.osgi.storage.FrameworkExtensionInstaller.getExtensionFiles(Lorg/eclipse/osgi/container/ModuleRevision;)[Ljava/io/File;+195
j  org.eclipse.osgi.storage.FrameworkExtensionInstaller.addExtensionContent0(Ljava/util/Collection;Lorg/eclipse/osgi/container/Module;)V+79
j  org.eclipse.osgi.storage.FrameworkExtensionInstaller.addExtensionContent(Ljava/util/Collection;Lorg/eclipse/osgi/container/Module;)V+9
j  org.eclipse.osgi.storage.Storage.installExtensions()V+108
j  org.eclipse.osgi.storage.Storage.createStorage(Lorg/eclipse/osgi/internal/framework/EquinoxContainer;)Lorg/eclipse/osgi/storage/Storage;+25
j  org.eclipse.osgi.internal.framework.EquinoxContainer.<init>(Ljava/util/Map;Lorg/osgi/framework/connect/ModuleConnector;)V+146
j  org.eclipse.osgi.launch.Equinox.<init>(Ljava/util/Map;Lorg/osgi/framework/connect/ModuleConnector;)V+10
j  org.eclipse.osgi.launch.Equinox.<init>(Ljava/util/Map;)V+3
j  org.eclipse.core.runtime.adaptor.EclipseStarter.startup([Ljava/lang/String;Ljava/lang/Runnable;)Lorg/osgi/framework/BundleContext;+28
j  org.eclipse.core.runtime.adaptor.EclipseStarter.run([Ljava/lang/String;Ljava/lang/Runnable;)Ljava/lang/Object;+21
j  java.lang.invoke.DirectMethodHandle$Holder.invokeStatic(Ljava/lang/Object;Ljava/lang/Object;Ljava/lang/Object;)Ljava/lang/Object;+11 java.base@21.0.12.1
j  java.lang.invoke.LambdaForm$MH+0x000002159808a800.invoke(Ljava/lang/Object;Ljava/lang/Object;Ljava/lang/Object;Ljava/lang/Object;)Ljava/lang/Object;+54 java.base@21.0.12.1
j  java.lang.invoke.LambdaForm$MH+0x0000021598002c00.invokeExact_MT(Ljava/lang/Object;Ljava/lang/Object;Ljava/lang/Object;Ljava/lang/Object;Ljava/lang/Object;)Ljava/lang/Object;+22 java.base@21.0.12.1
j  jdk.internal.reflect.DirectMethodHandleAccessor.invokeImpl(Ljava/lang/Object;[Ljava/lang/Object;)Ljava/lang/Object;+72 java.base@21.0.12.1
j  jdk.internal.reflect.DirectMethodHandleAccessor.invoke(Ljava/lang/Object;[Ljava/lang/Object;)Ljava/lang/Object;+23 java.base@21.0.12.1
j  java.lang.reflect.Method.invoke(Ljava/lang/Object;[Ljava/lang/Object;)Ljava/lang/Object;+102 java.base@21.0.12.1
j  org.eclipse.equinox.launcher.Main.invokeFramework([Ljava/lang/String;[Ljava/net/URL;)V+155
j  org.eclipse.equinox.launcher.Main.basicRun([Ljava/lang/String;)V+191
j  org.eclipse.equinox.launcher.Main.run([Ljava/lang/String;)I+4
j  org.eclipse.equinox.launcher.Main.main([Ljava/lang/String;)V+10
v  ~StubRoutines::call_stub 0x000002158a67100d

Compiled method (n/a) 6399 1130     n 0       java.lang.ClassLoader::defineClass1 (native)
 total in heap  [0x000002158ac87510,0x000002158ac87998] = 1160
 relocation     [0x000002158ac87670,0x000002158ac876a8] = 56
 main code      [0x000002158ac876c0,0x000002158ac87996] = 726
 stub code      [0x000002158ac87996,0x000002158ac87998] = 2

[Constant Pool (empty)]

[MachCode]
[Entry Point]
  # {method} {0x0000021597434c38} 'defineClass1' '(Ljava/lang/ClassLoader;Ljava/lang/String;[BIILjava/security/ProtectionDomain;Ljava/lang/String;)Ljava/lang/Class;' in 'java/lang/ClassLoader'
  # parm0:    rdx:rdx   = 'java/lang/ClassLoader'
  # parm1:    r8:r8     = 'java/lang/String'
  # parm2:    r9:r9     = '[B'
  # parm3:    rdi       = int
  # parm4:    rsi       = int
  # parm5:    rcx:rcx   = 'java/security/ProtectionDomain'
  # parm6:    [sp+0xa0]   = 'java/lang/String'  (sp of caller)
  0x000002158ac876c0: 448b 5208 | 49bb 0000 | 0097 1502 | 0000 4d03 | d349 3bc2 | 0f84 0600 

  0x000002158ac876d8: ;   {runtime_call ic_miss_stub}
  0x000002158ac876d8: 0000 e9a1 | 6da3 ff90 
[Verified Entry Point]
  0x000002158ac876e0: 8984 2400 | 80ff ff55 | 488b ec48 | 81ec 9000 | 0000 6690 | 4181 7f20 | 0100 0000 

  0x000002158ac876fc: ;   {runtime_call StubRoutines (final stubs)}
  0x000002158ac876fc: 7405 e8dd | 12a2 ff48 | 837d 1000 | 488d 4510 | 480f 4445 | 1048 8944 | 2440 4889 | 4c24 7048 
  0x000002158ac8771c: 83f9 0048 | 8d44 2470 | 480f 4444 | 2470 4889 | 4424 3848 | 8974 2430 | 4889 7c24 | 284c 894c 
  0x000002158ac8773c: 2458 4983 | f900 488d | 4424 5848 | 0f44 4424 | 5848 8944 | 2420 4c89 | 4424 5049 | 83f8 004c 
  0x000002158ac8775c: 8d4c 2450 | 4c0f 444c | 2450 4889 | 5424 4848 | 83fa 004c | 8d44 2448 | 4c0f 4444 

  0x000002158ac87778: ;   {oop(a 'java/lang/Class'{0x00000000d6ecb8f8} = 'java/lang/ClassLoader')}
  0x000002158ac87778: 2448 49be | f8b8 ecd6 | 0000 0000 | 4c89 7424 | 784c 8d74 | 2478 498b | d6c5 f877 

  0x000002158ac87794: ;   {internal_word}
  0x000002158ac87794: 49ba 9177 | c88a 1502 | 0000 4d89 | 97a8 0300 | 0049 89a7 | a003 0000 

  0x000002158ac877ac: ;   {external_word}
  0x000002158ac877ac: 49ba 066d | d486 ff7f | 0000 4180 | 3a00 0f84 | 4e00 0000 | 5241 5041 

  0x000002158ac877c4: ;   {metadata({method} {0x0000021597434c38} 'defineClass1' '(Ljava/lang/ClassLoader;Ljava/lang/String;[BIILjava/security/ProtectionDomain;Ljava/lang/String;)Ljava/lang/Class;' in 'java/lang/ClassLoader')}
  0x000002158ac877c4: 5148 ba30 | 4c43 9715 | 0200 0049 | 8bcf 4883 | ec20 40f6 | c40f 0f84 | 1900 0000 | 4883 ec08 
  0x000002158ac877e4: ;   {runtime_call}
  0x000002158ac877e4: 48b8 e0ea | 7d86 ff7f | 0000 ffd0 | 4883 c408 | e90c 0000 

  0x000002158ac877f8: ;   {runtime_call}
  0x000002158ac877f8: 0048 b8e0 | ea7d 86ff | 7f00 00ff | d048 83c4 | 2041 5941 | 585a 498d | 8fc0 0300 | 0041 c787 
  0x000002158ac87818: 4c04 0000 | 0400 0000 

  0x000002158ac87820: ;   {runtime_call}
  0x000002158ac87820: 48b8 ac16 | 06bd ff7f | 0000 ffd0 | c5f8 7741 | c787 4c04 | 0000 0500 | 0000 f083 | 4424 c000 
  0x000002158ac87840: 493b af50 | 0400 000f | 870e 0000 | 0041 83bf | 4804 0000 | 000f 842b | 0000 00c5 | f877 4889 
  0x000002158ac87860: 45f8 498b | cf4c 8be4 | 4883 ec20 | 4883 e4f0 

  0x000002158ac87870: ;   {runtime_call}
  0x000002158ac87870: 48b8 0058 | 4986 ff7f | 0000 ffd0 | 498b e44d | 33e4 488b | 45f8 41c7 | 874c 0400 | 0008 0000 
  0x000002158ac87890: 0041 83bf | c804 0000 | 020f 84ca 

  0x000002158ac8789c: ;   {external_word}
  0x000002158ac8789c: 0000 0049 | ba06 6dd4 | 86ff 7f00 | 0041 803a | 000f 844c | 0000 0048 

  0x000002158ac878b4: ;   {metadata({method} {0x0000021597434c38} 'defineClass1' '(Ljava/lang/ClassLoader;Ljava/lang/String;[BIILjava/security/ProtectionDomain;Ljava/lang/String;)Ljava/lang/Class;' in 'java/lang/ClassLoader')}
  0x000002158ac878b4: 8945 f848 | ba30 4c43 | 9715 0200 | 0049 8bcf | 4883 ec20 | 40f6 c40f | 0f84 1900 | 0000 4883 
  0x000002158ac878d4: ;   {runtime_call}
  0x000002158ac878d4: ec08 48b8 | e0ea 7d86 | ff7f 0000 | ffd0 4883 | c408 e90c 

  0x000002158ac878e8: ;   {runtime_call}
  0x000002158ac878e8: 0000 0048 | b8e0 ea7d | 86ff 7f00 | 00ff d048 | 83c4 2048 | 8b45 f849 | c787 a003 | 0000 0000 
  0x000002158ac87908: 0000 49c7 | 87a8 0300 | 0000 0000 | 00c5 f877 | 4885 c00f | 8425 0000 | 00a8 030f | 8508 0000 
  0x000002158ac87928: 0048 8b00 | e915 0000 | 00a8 010f | 8509 0000 | 0048 8b40 | fee9 0400 | 0000 488b | 40ff 498b 
  0x000002158ac87948: 8f30 0400 | 00c7 8100 | 0100 0000 | 0000 00c9 | 4983 7f08 | 000f 8501 | 0000 00c3 

  0x000002158ac87964: ;   {runtime_call StubRoutines (initial stubs)}
  0x000002158ac87964: e997 959e | ffc5 f877 | 4889 45f8 | 4c8b e448 | 83ec 2048 

  0x000002158ac87978: ;   {runtime_call}
  0x000002158ac87978: 83e4 f048 | b830 227e | 86ff 7f00 | 00ff d049 | 8be4 4d33 | e448 8b45 | f8e9 09ff | ffff f4f4 
[/MachCode]


Compiled method (c1) 6458 1336       3       java.lang.ClassLoader::defineClass (43 bytes)
 total in heap  [0x0000021583372110,0x0000021583372a80] = 2416
 relocation     [0x0000021583372270,0x0000021583372310] = 160
 main code      [0x0000021583372320,0x00000215833727b8] = 1176
 stub code      [0x00000215833727b8,0x0000021583372830] = 120
 metadata       [0x0000021583372830,0x0000021583372870] = 64
 scopes data    [0x0000021583372870,0x0000021583372960] = 240
 scopes pcs     [0x0000021583372960,0x0000021583372a40] = 224
 dependencies   [0x0000021583372a40,0x0000021583372a58] = 24
 nul chk table  [0x0000021583372a58,0x0000021583372a80] = 40

[Constant Pool (empty)]

[MachCode]
[Entry Point]
  # {method} {0x0000021597434fb8} 'defineClass' '(Ljava/lang/String;[BIILjava/security/ProtectionDomain;)Ljava/lang/Class;' in 'java/lang/ClassLoader'
  # this:     rdx:rdx   = 'java/lang/ClassLoader'
  # parm0:    r8:r8     = 'java/lang/String'
  # parm1:    r9:r9     = '[B'
  # parm2:    rdi       = int
  # parm3:    rsi       = int
  # parm4:    rcx:rcx   = 'java/security/ProtectionDomain'
  #           [sp+0xc0]  (sp of caller)
  0x0000021583372320: 448b 5208 | 49bb 0000 | 0097 1502 | 0000 4d03 | d34c 3bd0 

  0x0000021583372334: ;   {runtime_call ic_miss_stub}
  0x0000021583372334: 0f85 46c1 | 3407 660f | 1f44 0000 
[Verified Entry Point]
  0x0000021583372340: 8984 2400 | 80ff ff55 | 4881 ecb0 | 0000 0090 | 4181 7f20 | 0100 0000 

  0x0000021583372358: ;   {runtime_call StubRoutines (final stubs)}
  0x0000021583372358: 7405 e881 | 6633 0748 | 8954 2478 

  0x0000021583372364: ;   {metadata(method data for {method} {0x0000021597434fb8} 'defineClass' '(Ljava/lang/String;[BIILjava/security/ProtectionDomain;)Ljava/lang/Class;' in 'java/lang/ClassLoader')}
  0x0000021583372364: 48bb 30b4 | 37d9 1502 | 0000 8b83 | cc00 0000 | 83c0 0289 | 83cc 0000 | 0025 fe07 | 0000 85c0 
  0x0000021583372384: 0f84 5003 | 0000 89b4 | 2494 0000 | 0089 bc24 | 9000 0000 | 4c89 8c24 | 8800 0000 

  0x00000215833723a0: ;   {metadata(method data for {method} {0x0000021597434fb8} 'defineClass' '(Ljava/lang/String;[BIILjava/security/ProtectionDomain;)Ljava/lang/Class;' in 'java/lang/ClassLoader')}
  0x00000215833723a0: 488b da48 | b830 b437 | d915 0200 | 0048 8380 | 1001 0000 | 0149 8bd8 | 4c8b c34c | 8bc9 488b 
  0x00000215833723c0: ca48 8bd1 | 4889 9c24 | 8000 0000 

  0x00000215833723cc: ;   {optimized virtual_call}
  0x00000215833723cc: 6666 90e8 

  0x00000215833723d0: ; ImmutableOopMap {[120]=Oop [128]=Oop [136]=Oop }
                      ;*invokevirtual preDefineClass {reexecute=0 rethrow=0 return_oop=0}
                      ; - java.lang.ClassLoader::defineClass@4
  0x00000215833723d0: 4c0a 0000 

  0x00000215833723d4: ;   {other}
  0x00000215833723d4: 0f1f 8400 | c402 0000 | 4889 8424 | 9800 0000 | 488b 5424 

  0x00000215833723e8: ;   {metadata(method data for {method} {0x0000021597434fb8} 'defineClass' '(Ljava/lang/String;[BIILjava/security/ProtectionDomain;)Ljava/lang/Class;' in 'java/lang/ClassLoader')}
  0x00000215833723e8: 7849 b830 | b437 d915 | 0200 0049 | 8380 4801 

  0x00000215833723f8: ;   {metadata(method data for {method} {0x0000021597434ca0} 'defineClassSourceLocation' '(Ljava/security/ProtectionDomain;)Ljava/lang/String;' in 'java/lang/ClassLoader')}
  0x00000215833723f8: 0000 0149 | b848 bb37 | d915 0200 | 0041 8b90 | cc00 0000 | 83c2 0241 | 8990 cc00 | 0000 81e2 
  0x0000021583372418: feff 1f00 | 85d2 0f84 | d702 0000 

  0x0000021583372424: ; implicit exception: dispatches to 0x000002158337271c
  0x0000021583372424: 483b 004c 

  0x0000021583372428: ;   {metadata(method data for {method} {0x0000021597434ca0} 'defineClassSourceLocation' '(Ljava/security/ProtectionDomain;)Ljava/lang/String;' in 'java/lang/ClassLoader')}
  0x0000021583372428: 8bc0 48ba | 48bb 37d9 | 1502 0000 | 4883 8210 | 0100 0001 | 448b 4010 

  0x0000021583372440: ;   {metadata(method data for {method} {0x0000021597434ca0} 'defineClassSourceLocation' '(Ljava/security/ProtectionDomain;)Ljava/lang/String;' in 'java/lang/ClassLoader')}
  0x0000021583372440: 4d85 c048 | ba48 bb37 | d915 0200 | 0048 c7c6 | 5801 0000 | 7507 48c7 | c648 0100 | 0048 8b3c 
  0x0000021583372460: 3248 8d7f | 0148 893c | 320f 850f 

  0x000002158337246c: ;   {oop(nullptr)}
  0x000002158337246c: 0000 0048 | bb00 0000 | 0000 0000 | 00e9 a101 | 0000 493b | 0049 8bd0 

  0x0000021583372484: ;   {metadata(method data for {method} {0x0000021597434ca0} 'defineClassSourceLocation' '(Ljava/security/ProtectionDomain;)Ljava/lang/String;' in 'java/lang/ClassLoader')}
  0x0000021583372484: 48be 48bb | 37d9 1502 | 0000 4883 | 8668 0100 | 0001 418b | 500c 4885 

  0x000002158337249c: ;   {metadata(method data for {method} {0x0000021597434ca0} 'defineClassSourceLocation' '(Ljava/security/ProtectionDomain;)Ljava/lang/String;' in 'java/lang/ClassLoader')}
  0x000002158337249c: d248 be48 | bb37 d915 | 0200 0048 | c7c7 b001 | 0000 7507 | 48c7 c7a0 | 0100 0048 | 8b1c 3e48 
  0x00000215833724bc: 8d5b 0148 | 891c 3e0f | 850f 0000 

  0x00000215833724c8: ;   {oop(nullptr)}
  0x00000215833724c8: 0048 bb00 | 0000 0000 | 0000 00e9 | 4701 0000 

  0x00000215833724d8: ;   {metadata(method data for {method} {0x0000021597434ca0} 'defineClassSourceLocation' '(Ljava/security/ProtectionDomain;)Ljava/lang/String;' in 'java/lang/ClassLoader')}
  0x00000215833724d8: 48be 48bb | 37d9 1502 | 0000 4883 | 86c0 0100 | 0001 483b | 024c 8bc2 

  0x00000215833724f0: ;   {metadata(method data for {method} {0x0000021597434ca0} 'defineClassSourceLocation' '(Ljava/security/ProtectionDomain;)Ljava/lang/String;' in 'java/lang/ClassLoader')}
  0x00000215833724f0: 48be 48bb | 37d9 1502 | 0000 4883 | 86f8 0100 

  0x0000021583372500: ;   {metadata(method data for {method} {0x000002159701abf0} 'toString' '()Ljava/lang/String;' in 'java/net/URL')}
  0x0000021583372500: 0001 49b8 | 18af 37d9 | 1502 0000 | 418b b0cc | 0000 0083 | c602 4189 | b0cc 0000 | 0081 e6fe 
  0x0000021583372520: ff1f 0085 | f60f 8400 | 0200 004c 

  0x000002158337252c: ;   {metadata(method data for {method} {0x000002159701abf0} 'toString' '()Ljava/lang/String;' in 'java/net/URL')}
  0x000002158337252c: 8bc2 48be | 18af 37d9 | 1502 0000 | 4883 8610 | 0100 0001 

  0x0000021583372540: ;   {metadata(method data for {method} {0x0000021597428840} 'toExternalForm' '()Ljava/lang/String;' in 'java/net/URL')}
  0x0000021583372540: 49b8 1031 | 37d9 1502 | 0000 418b | b0cc 0000 | 0083 c602 | 4189 b0cc | 0000 0081 | e6fe ff1f 
  0x0000021583372560: 0085 f60f | 84e3 0100 | 008b 7238 

  0x000002158337256c: ; implicit exception: dispatches to 0x000002158337276d
  0x000002158337256c: 483b 064c 

  0x0000021583372570: ;   {metadata(method data for {method} {0x0000021597428840} 'toExternalForm' '()Ljava/lang/String;' in 'java/net/URL')}
  0x0000021583372570: 8bc6 48bf | 1031 37d9 | 1502 0000 | 458b 4008 | 49ba 0000 | 0097 1502 | 0000 4d03 | c24c 3b87 
  0x0000021583372590: 2001 0000 | 750d 4883 | 8728 0100 | 0001 e960 | 0000 004c | 3b87 3001 | 0000 750d | 4883 8738 
  0x00000215833725b0: 0100 0001 | e94a 0000 | 0048 83bf | 2001 0000 | 0075 174c | 8987 2001 | 0000 48c7 | 8728 0100 
  0x00000215833725d0: 0001 0000 | 00e9 2900 | 0000 4883 | bf30 0100 | 0000 7517 | 4c89 8730 | 0100 0048 | c787 3801 
  0x00000215833725f0: 0000 0100 | 0000 e908 | 0000 0048 | 8387 1001 | 0000 014c | 8bc2 488b | d666 0f1f 

  0x000002158337260c: ;   {optimized virtual_call}
  0x000002158337260c: 4400 00e8 

  0x0000021583372610: ; ImmutableOopMap {[120]=Oop [128]=Oop [136]=Oop [152]=Oop }
                      ;*invokevirtual toExternalForm {reexecute=0 rethrow=0 return_oop=0}
                      ; - java.net.URL::toExternalForm@5
                      ; - java.net.URL::toString@1
                      ; - java.lang.ClassLoader::defineClassSourceLocation@22
                      ; - java.lang.ClassLoader::defineClass@12
  0x0000021583372610: 8cc0 fdff 

  0x0000021583372614: ;   {other}
  0x0000021583372614: 0f1f 8400 | 0405 0001 | 488b d848 | 8b84 2498 | 0000 008b | b424 9400 | 0000 8bbc | 2490 0000 
  0x0000021583372634: 004c 8b8c | 2488 0000 | 004c 8b84 | 2480 0000 | 0048 8b54 

  0x0000021583372648: ;   {metadata(method data for {method} {0x0000021597434fb8} 'defineClass' '(Ljava/lang/String;[BIILjava/security/ProtectionDomain;)Ljava/lang/Class;' in 'java/lang/ClassLoader')}
  0x0000021583372648: 2478 48b9 | 30b4 37d9 | 1502 0000 | 4883 8180 | 0100 0001 | 4c8b da49 | 8bd3 488b | c848 891c 
  0x0000021583372668: 2466 0f1f 

  0x000002158337266c: ;   {static_call}
  0x000002158337266c: 4400 00e8 

  0x0000021583372670: ; ImmutableOopMap {[120]=Oop [152]=Oop }
                      ;*invokestatic defineClass1 {reexecute=0 rethrow=0 return_oop=0}
                      ; - java.lang.ClassLoader::defineClass@27
  0x0000021583372670: 6c50 9107 

  0x0000021583372674: ;   {other}
  0x0000021583372674: 0f1f 8400 | 6405 0002 | 488b 5424 

  0x0000021583372680: ;   {metadata(method data for {method} {0x0000021597434fb8} 'defineClass' '(Ljava/lang/String;[BIILjava/security/ProtectionDomain;)Ljava/lang/Class;' in 'java/lang/ClassLoader')}
  0x0000021583372680: 7849 b830 | b437 d915 | 0200 0049 | 8380 9001 | 0000 014c | 8bc0 4c8b | 8c24 9800 | 0000 488b 
  0x00000215833726a0: 5424 7848 | 8984 24a0 | 0000 000f 

  0x00000215833726ac: ;   {optimized virtual_call}
  0x00000215833726ac: 1f40 00e8 

  0x00000215833726b0: ; ImmutableOopMap {[160]=Oop }
                      ;*invokevirtual postDefineClass {reexecute=0 rethrow=0 return_oop=0}
                      ; - java.lang.ClassLoader::defineClass@37
  0x00000215833726b0: 3601 0000 

  0x00000215833726b4: ;   {other}
  0x00000215833726b4: 0f1f 8400 | a405 0003 | 488b 8424 | a000 0000 | 4881 c4b0 | 0000 005d 

  0x00000215833726cc: ;   {poll_return}
  0x00000215833726cc: 493b a750 | 0400 000f | 8799 0000 

  0x00000215833726d8: ;   {metadata({method} {0x0000021597434fb8} 'defineClass' '(Ljava/lang/String;[BIILjava/security/ProtectionDomain;)Ljava/lang/Class;' in 'java/lang/ClassLoader')}
  0x00000215833726d8: 00c3 49ba | b04f 4397 | 1502 0000 | 4c89 5424 | 0848 c704 | 24ff ffff 

  0x00000215833726f0: ;   {runtime_call counter_overflow Runtime1 stub}
  0x00000215833726f0: ffe8 8a35 

  0x00000215833726f4: ; ImmutableOopMap {rdx=Oop r8=Oop r9=Oop rcx=Oop [120]=Oop }
                      ;*synchronization entry
                      ; - java.lang.ClassLoader::defineClass@-1
  0x00000215833726f4: 4007 e98f 

  0x00000215833726f8: ;   {metadata({method} {0x0000021597434ca0} 'defineClassSourceLocation' '(Ljava/security/ProtectionDomain;)Ljava/lang/String;' in 'java/lang/ClassLoader')}
  0x00000215833726f8: fcff ff49 | ba98 4c43 | 9715 0200 | 004c 8954 | 2408 48c7 | 0424 ffff 

  0x0000021583372710: ;   {runtime_call counter_overflow Runtime1 stub}
  0x0000021583372710: ffff e869 

  0x0000021583372714: ; ImmutableOopMap {rax=Oop [120]=Oop [128]=Oop [136]=Oop [152]=Oop }
                      ;*synchronization entry
                      ; - java.lang.ClassLoader::defineClassSourceLocation@-1
                      ; - java.lang.ClassLoader::defineClass@12
  0x0000021583372714: 3540 07e9 | 08fd ffff 

  0x000002158337271c: ;   {runtime_call throw_null_pointer_exception Runtime1 stub}
  0x000002158337271c: e8df f836 

  0x0000021583372720: ; ImmutableOopMap {rax=Oop [120]=Oop [128]=Oop [136]=Oop [152]=Oop }
                      ;*invokevirtual getCodeSource {reexecute=0 rethrow=0 return_oop=0}
                      ; - java.lang.ClassLoader::defineClassSourceLocation@1
                      ; - java.lang.ClassLoader::defineClass@12
                      ;   {runtime_call throw_null_pointer_exception Runtime1 stub}
  0x0000021583372720: 07e8 daf8 

  0x0000021583372724: ; ImmutableOopMap {rax=Oop r8=Oop [120]=Oop [128]=Oop [136]=Oop [152]=Oop }
                      ;*invokevirtual getLocation {reexecute=0 rethrow=0 return_oop=0}
                      ; - java.lang.ClassLoader::defineClassSourceLocation@12
                      ; - java.lang.ClassLoader::defineClass@12
                      ;   {runtime_call throw_null_pointer_exception Runtime1 stub}
  0x0000021583372724: 3607 e8d5 

  0x0000021583372728: ; ImmutableOopMap {rdx=Oop [120]=Oop [128]=Oop [136]=Oop [152]=Oop }
                      ;*invokevirtual toString {reexecute=0 rethrow=0 return_oop=0}
                      ; - java.lang.ClassLoader::defineClassSourceLocation@22
                      ; - java.lang.ClassLoader::defineClass@12
                      ;   {metadata({method} {0x000002159701abf0} 'toString' '()Ljava/lang/String;' in 'java/net/URL')}
  0x0000021583372728: f836 0749 | bae8 ab01 | 9715 0200 | 004c 8954 | 2408 48c7 | 0424 ffff 

  0x0000021583372740: ;   {runtime_call counter_overflow Runtime1 stub}
  0x0000021583372740: ffff e839 

  0x0000021583372744: ; ImmutableOopMap {rdx=Oop [120]=Oop [128]=Oop [136]=Oop [152]=Oop }
                      ;*synchronization entry
                      ; - java.net.URL::toString@-1
                      ; - java.lang.ClassLoader::defineClassSourceLocation@22
                      ; - java.lang.ClassLoader::defineClass@12
  0x0000021583372744: 3540 07e9 | dffd ffff 

  0x000002158337274c: ;   {metadata({method} {0x0000021597428840} 'toExternalForm' '()Ljava/lang/String;' in 'java/net/URL')}
  0x000002158337274c: 49ba 3888 | 4297 1502 | 0000 4c89 | 5424 0848 | c704 24ff 

  0x0000021583372760: ;   {runtime_call counter_overflow Runtime1 stub}
  0x0000021583372760: ffff ffe8 

  0x0000021583372764: ; ImmutableOopMap {rdx=Oop [120]=Oop [128]=Oop [136]=Oop [152]=Oop }
                      ;*synchronization entry
                      ; - java.net.URL::toExternalForm@-1
                      ; - java.net.URL::toString@1
                      ; - java.lang.ClassLoader::defineClassSourceLocation@22
                      ; - java.lang.ClassLoader::defineClass@12
  0x0000021583372764: 1835 4007 | e9fc fdff 

  0x000002158337276c: ;   {runtime_call throw_null_pointer_exception Runtime1 stub}
  0x000002158337276c: ffe8 8ef8 

  0x0000021583372770: ; ImmutableOopMap {rdx=Oop rsi=Oop [120]=Oop [128]=Oop [136]=Oop [152]=Oop }
                      ;*invokevirtual toExternalForm {reexecute=0 rethrow=0 return_oop=0}
                      ; - java.net.URL::toExternalForm@5
                      ; - java.net.URL::toString@1
                      ; - java.lang.ClassLoader::defineClassSourceLocation@22
                      ; - java.lang.ClassLoader::defineClass@12
                      ;   {internal_word}
  0x0000021583372770: 3607 49ba | cc26 3783 | 1502 0000 | 4d89 9768 

  0x0000021583372780: ;   {runtime_call SafepointBlob}
  0x0000021583372780: 0400 00e9 | 7823 3507 | 498b 8700 | 0500 0049 | c787 0005 | 0000 0000 | 0000 49c7 | 8708 0500 
  0x00000215833727a0: 0000 0000 | 0048 81c4 | b000 0000 

  0x00000215833727ac: ;   {runtime_call unwind_exception Runtime1 stub}
  0x00000215833727ac: 5de9 4e07 | 3707 f4f4 | f4f4 f4f4 
[Stub Code]
  0x00000215833727b8: ;   {no_reloc}
  0x00000215833727b8: 0f1f 4400 

  0x00000215833727bc: ;   {static_stub}
  0x00000215833727bc: 0048 bb00 | 0000 0000 

  0x00000215833727c4: ;   {runtime_call nmethod}
  0x00000215833727c4: 0000 00e9 | fbff ffff 

  0x00000215833727cc: ;   {static_stub}
  0x00000215833727cc: 48bb 0000 | 0000 0000 

  0x00000215833727d4: ;   {runtime_call nmethod}
  0x00000215833727d4: 0000 e9fb 

  0x00000215833727d8: ;   {static_stub}
  0x00000215833727d8: ffff ff48 | bb00 0000 | 0000 0000 

  0x00000215833727e4: ;   {runtime_call nmethod}
  0x00000215833727e4: 00e9 fbff 

  0x00000215833727e8: ;   {static_stub}
  0x00000215833727e8: ffff 48bb | d84b 4397 | 1502 0000 

  0x00000215833727f4: ;   {runtime_call I2C/C2I adapters}
  0x00000215833727f4: e972 8834 

  0x00000215833727f8: ;   {runtime_call handle_exception_from_callee Runtime1 stub}
  0x00000215833727f8: 07e8 02da 

  0x00000215833727fc: ;   {external_word}
  0x00000215833727fc: 3607 48b9 | 5063 aa86 | ff7f 0000 | 4883 e4f0 

  0x000002158337280c: ;   {runtime_call}
  0x000002158337280c: 48b8 c0c9 | 6c86 ff7f | 0000 ffd0 

  0x0000021583372818: ;   {section_word}
  0x0000021583372818: f449 ba19 | 2837 8315 | 0200 0041 

  0x0000021583372824: ;   {runtime_call DeoptimizationBlob}
  0x0000021583372824: 52e9 7615 | 3507 f4f4 | f4f4 f4f4 
[/MachCode]


Compiled method (c1) 6605 1163       3       java.security.AccessController::executePrivileged (65 bytes)
 total in heap  [0x0000021583318a90,0x0000021583319080] = 1520
 relocation     [0x0000021583318bf0,0x0000021583318c58] = 104
 main code      [0x0000021583318c60,0x0000021583318f08] = 680
 stub code      [0x0000021583318f08,0x0000021583318f60] = 88
 metadata       [0x0000021583318f60,0x0000021583318f70] = 16
 scopes data    [0x0000021583318f70,0x0000021583318fe8] = 120
 scopes pcs     [0x0000021583318fe8,0x0000021583319068] = 128
 dependencies   [0x0000021583319068,0x0000021583319070] = 8
 nul chk table  [0x0000021583319070,0x0000021583319080] = 16

[Constant Pool (empty)]

[MachCode]
[Verified Entry Point]
  # {method} {0x0000021597470a30} 'executePrivileged' '(Ljava/security/PrivilegedExceptionAction;Ljava/security/AccessControlContext;Ljava/lang/Class;)Ljava/lang/Object;' in 'java/security/AccessController'
  # parm0:    rdx:rdx   = 'java/security/PrivilegedExceptionAction'
  # parm1:    r8:r8     = 'java/security/AccessControlContext'
  # parm2:    r9:r9     = 'java/lang/Class'
  #           [sp+0x50]  (sp of caller)
  0x0000021583318c60: 8984 2400 | 80ff ff55 | 4883 ec40 | 4181 7f20 | 0100 0000 

  0x0000021583318c74: ;   {runtime_call StubRoutines (final stubs)}
  0x0000021583318c74: 7405 e865 | fd38 074c | 8944 2430 

  0x0000021583318c80: ;   {metadata(method data for {method} {0x0000021597470a30} 'executePrivileged' '(Ljava/security/PrivilegedExceptionAction;Ljava/security/AccessControlContext;Ljava/lang/Class;)Ljava/lang/Object;' in 'java/security/AccessController')}
  0x0000021583318c80: 48be 8097 | 32d9 1502 | 0000 8bbe | cc00 0000 | 83c7 0289 | becc 0000 | 0081 e7fe | 0700 0085 
  0x0000021583318ca0: ff0f 84bf | 0100 004d 

  0x0000021583318ca8: ;   {metadata(method data for {method} {0x0000021597470a30} 'executePrivileged' '(Ljava/security/PrivilegedExceptionAction;Ljava/security/AccessControlContext;Ljava/lang/Class;)Ljava/lang/Object;' in 'java/security/AccessController')}
  0x0000021583318ca8: 85c0 48be | 8097 32d9 | 1502 0000 | 48c7 c710 | 0100 0074 | 0748 c7c7 | 2001 0000 | 488b 1c3e 
  0x0000021583318cc8: 488d 5b01 | 4889 1c3e | 4c89 4c24 | 2848 8954 | 2420 0f84 | 2400 0000 

  0x0000021583318ce0: ;   {metadata(method data for {method} {0x0000021597470a30} 'executePrivileged' '(Ljava/security/PrivilegedExceptionAction;Ljava/security/AccessControlContext;Ljava/lang/Class;)Ljava/lang/Object;' in 'java/security/AccessController')}
  0x0000021583318ce0: 48be 8097 | 32d9 1502 | 0000 4883 | 8630 0100 | 0001 498b 

  0x0000021583318cf4: ;   {static_call}
  0x0000021583318cf4: d066 90e8 

  0x0000021583318cf8: ; ImmutableOopMap {[32]=Oop [40]=Oop [48]=Oop }
                      ;*invokestatic ensureMaterializedForStackWalk {reexecute=0 rethrow=0 return_oop=0}
                      ; - java.security.AccessController::executePrivileged@5
  0x0000021583318cf8: e42f 9707 

  0x0000021583318cfc: ;   {other}
  0x0000021583318cfc: 0f1f 8400 | 6c02 0000 

  0x0000021583318d04: ;   {metadata(method data for {method} {0x0000021597470a30} 'executePrivileged' '(Ljava/security/PrivilegedExceptionAction;Ljava/security/AccessControlContext;Ljava/lang/Class;)Ljava/lang/Object;' in 'java/security/AccessController')}
  0x0000021583318d04: 48ba 8097 | 32d9 1502 | 0000 ff82 | 4001 0000 | 488b 5424 | 2048 3b02 

  0x0000021583318d1c: ;   {metadata(method data for {method} {0x0000021597470a30} 'executePrivileged' '(Ljava/security/PrivilegedExceptionAction;Ljava/security/AccessControlContext;Ljava/lang/Class;)Ljava/lang/Object;' in 'java/security/AccessController')}
  0x0000021583318d1c: 488b f248 | bf80 9732 | d915 0200 | 008b 7608 | 49ba 0000 | 0097 1502 | 0000 4903 | f248 3bb7 
  0x0000021583318d3c: b001 0000 | 750d 4883 | 87b8 0100 | 0001 e960 | 0000 0048 | 3bb7 c001 | 0000 750d | 4883 87c8 
  0x0000021583318d5c: 0100 0001 | e94a 0000 | 0048 83bf | b001 0000 | 0075 1748 | 89b7 b001 | 0000 48c7 | 87b8 0100 
  0x0000021583318d7c: 0001 0000 | 00e9 2900 | 0000 4883 | bfc0 0100 | 0000 7517 | 4889 b7c0 | 0100 0048 | c787 c801 
  0x0000021583318d9c: 0000 0100 | 0000 e908 | 0000 0048 | 8387 a001 | 0000 0166 | 0f1f 4400 | 0048 b8d0 | d9a5 d815 
  0x0000021583318dbc: ;   {virtual_call}
  0x0000021583318dbc: 0200 00e8 

  0x0000021583318dc0: ; ImmutableOopMap {[40]=Oop [48]=Oop }
                      ;*invokeinterface run {reexecute=0 rethrow=0 return_oop=0}
                      ; - java.security.AccessController::executePrivileged@29
  0x0000021583318dc0: 4c0f 4607 

  0x0000021583318dc4: ;   {other}
  0x0000021583318dc4: 0f1f 8400 | 3403 0001 

  0x0000021583318dcc: ;   {metadata(method data for {method} {0x0000021597470a30} 'executePrivileged' '(Ljava/security/PrivilegedExceptionAction;Ljava/security/AccessControlContext;Ljava/lang/Class;)Ljava/lang/Object;' in 'java/security/AccessController')}
  0x0000021583318dcc: 48be 8097 | 32d9 1502 | 0000 ff86 | d801 0000 | 4c8b 4c24 

  0x0000021583318de0: ;   {metadata(method data for {method} {0x0000021597470a30} 'executePrivileged' '(Ljava/security/PrivilegedExceptionAction;Ljava/security/AccessControlContext;Ljava/lang/Class;)Ljava/lang/Object;' in 'java/security/AccessController')}
  0x0000021583318de0: 2848 be80 | 9732 d915 | 0200 0048 | 8386 3802 

  0x0000021583318df0: ;   {metadata(method data for {method} {0x000002159703dbd0} 'reachabilityFence' '(Ljava/lang/Object;)V' in 'java/lang/ref/Reference')}
  0x0000021583318df0: 0000 0148 | be90 0b06 | d915 0200 | 008b becc | 0000 0083 | c702 89be | cc00 0000 | 81e7 feff 
  0x0000021583318e10: 1f00 85ff | 0f84 7200 

  0x0000021583318e18: ;   {metadata(method data for {method} {0x0000021597470a30} 'executePrivileged' '(Ljava/security/PrivilegedExceptionAction;Ljava/security/AccessControlContext;Ljava/lang/Class;)Ljava/lang/Object;' in 'java/security/AccessController')}
  0x0000021583318e18: 0000 48be | 8097 32d9 | 1502 0000 | 4883 8648 | 0200 0001 

  0x0000021583318e2c: ;   {metadata(method data for {method} {0x000002159703dbd0} 'reachabilityFence' '(Ljava/lang/Object;)V' in 'java/lang/ref/Reference')}
  0x0000021583318e2c: 48be 900b | 06d9 1502 | 0000 8bbe | cc00 0000 | 83c7 0289 | becc 0000 | 0081 e7fe | ff1f 0085 
  0x0000021583318e4c: ff0f 845a | 0000 0048 | 83c4 405d 

  0x0000021583318e58: ;   {poll_return}
  0x0000021583318e58: 493b a750 | 0400 000f | 8766 0000 

  0x0000021583318e64: ;   {metadata({method} {0x0000021597470a30} 'executePrivileged' '(Ljava/security/PrivilegedExceptionAction;Ljava/security/AccessControlContext;Ljava/lang/Class;)Ljava/lang/Object;' in 'java/security/AccessController')}
  0x0000021583318e64: 00c3 49ba | 280a 4797 | 1502 0000 | 4c89 5424 | 0848 c704 | 24ff ffff 

  0x0000021583318e7c: ;   {runtime_call counter_overflow Runtime1 stub}
  0x0000021583318e7c: ffe8 fecd 

  0x0000021583318e80: ; ImmutableOopMap {rdx=Oop r8=Oop r9=Oop [48]=Oop }
                      ;*synchronization entry
                      ; - java.security.AccessController::executePrivileged@-1
  0x0000021583318e80: 4507 e920 

  0x0000021583318e84: ;   {runtime_call throw_null_pointer_exception Runtime1 stub}
  0x0000021583318e84: feff ffe8 

  0x0000021583318e88: ; ImmutableOopMap {rdx=Oop [40]=Oop [48]=Oop }
                      ;*invokeinterface run {reexecute=0 rethrow=0 return_oop=0}
                      ; - java.security.AccessController::executePrivileged@29
  0x0000021583318e88: 7491 3c07 

  0x0000021583318e8c: ;   {metadata({method} {0x000002159703dbd0} 'reachabilityFence' '(Ljava/lang/Object;)V' in 'java/lang/ref/Reference')}
  0x0000021583318e8c: 49ba c8db | 0397 1502 | 0000 4c89 | 5424 0848 | c704 24ff 

  0x0000021583318ea0: ;   {runtime_call counter_overflow Runtime1 stub}
  0x0000021583318ea0: ffff ffe8 

  0x0000021583318ea4: ; ImmutableOopMap {rax=Oop r9=Oop }
                      ;*synchronization entry
                      ; - java.lang.ref.Reference::reachabilityFence@-1
                      ; - java.security.AccessController::executePrivileged@56
  0x0000021583318ea4: d8cd 4507 | e96d ffff 

  0x0000021583318eac: ;   {metadata({method} {0x000002159703dbd0} 'reachabilityFence' '(Ljava/lang/Object;)V' in 'java/lang/ref/Reference')}
  0x0000021583318eac: ff49 bac8 | db03 9715 | 0200 004c | 8954 2408 | 48c7 0424 | ffff ffff 

  0x0000021583318ec4: ;   {runtime_call counter_overflow Runtime1 stub}
  0x0000021583318ec4: e8b7 cd45 

  0x0000021583318ec8: ; ImmutableOopMap {rax=Oop }
                      ;*synchronization entry
                      ; - java.lang.ref.Reference::reachabilityFence@-1
                      ; - java.security.AccessController::executePrivileged@60
                      ;   {internal_word}
  0x0000021583318ec8: 07eb 8849 | ba58 8e31 | 8315 0200 | 004d 8997 | 6804 0000 

  0x0000021583318edc: ;   {runtime_call SafepointBlob}
  0x0000021583318edc: e91f bc3a | 0749 8b87 | 0005 0000 | 49c7 8700 | 0500 0000 | 0000 0049 | c787 0805 | 0000 0000 
  0x0000021583318efc: 0000 4883 

  0x0000021583318f00: ;   {runtime_call unwind_exception Runtime1 stub}
  0x0000021583318f00: c440 5de9 | f89f 3c07 
[Stub Code]
  0x0000021583318f08: ;   {no_reloc}
  0x0000021583318f08: 0f1f 4400 

  0x0000021583318f0c: ;   {static_stub}
  0x0000021583318f0c: 0048 bb00 | 0000 0000 

  0x0000021583318f14: ;   {runtime_call nmethod}
  0x0000021583318f14: 0000 00e9 | fbff ffff 

  0x0000021583318f1c: ;   {static_stub}
  0x0000021583318f1c: 48bb a808 | 4797 1502 

  0x0000021583318f24: ;   {runtime_call I2C/C2I adapters}
  0x0000021583318f24: 0000 e9b8 

  0x0000021583318f28: ;   {runtime_call handle_exception_from_callee Runtime1 stub}
  0x0000021583318f28: 4c3a 07e8 | d072 3c07 

  0x0000021583318f30: ;   {external_word}
  0x0000021583318f30: 48b9 5063 | aa86 ff7f | 0000 4883 

  0x0000021583318f3c: ;   {runtime_call}
  0x0000021583318f3c: e4f0 48b8 | c0c9 6c86 | ff7f 0000 

  0x0000021583318f48: ;   {section_word}
  0x0000021583318f48: ffd0 f449 | ba4b 8f31 | 8315 0200 

  0x0000021583318f54: ;   {runtime_call DeoptimizationBlob}
  0x0000021583318f54: 0041 52e9 | 44ae 3a07 | f4f4 f4f4 
[/MachCode]


---------------  P R O C E S S  ---------------

Threads class SMR info:
_java_thread_list=0x00000215d837f730, length=11, elements={
0x00000215fdd130b0, 0x00000215fddde720, 0x0000021596266ff0, 0x0000021596268860,
0x000002159626b590, 0x000002159626c2b0, 0x000002159626dfa0, 0x000002159626ede0,
0x00000215962e53f0, 0x00000215d825ae60, 0x00000215d827ebc0
}

Java Threads: ( => current thread )
=>0x00000215fdd130b0 JavaThread "main"                              [_thread_in_vm, id=20728, stack(0x000000c4f0800000,0x000000c4f0900000) (1024K)]
  0x00000215fddde720 JavaThread "Reference Handler"          daemon [_thread_blocked, id=22080, stack(0x000000c4f0c00000,0x000000c4f0d00000) (1024K)]
  0x0000021596266ff0 JavaThread "Finalizer"                  daemon [_thread_blocked, id=1652, stack(0x000000c4f0d00000,0x000000c4f0e00000) (1024K)]
  0x0000021596268860 JavaThread "Signal Dispatcher"          daemon [_thread_blocked, id=8220, stack(0x000000c4f0e00000,0x000000c4f0f00000) (1024K)]
  0x000002159626b590 JavaThread "Attach Listener"            daemon [_thread_blocked, id=4092, stack(0x000000c4f0f00000,0x000000c4f1000000) (1024K)]
  0x000002159626c2b0 JavaThread "Service Thread"             daemon [_thread_blocked, id=21924, stack(0x000000c4f1000000,0x000000c4f1100000) (1024K)]
  0x000002159626dfa0 JavaThread "Monitor Deflation Thread"   daemon [_thread_blocked, id=18692, stack(0x000000c4f1100000,0x000000c4f1200000) (1024K)]
  0x000002159626ede0 JavaThread "C2 CompilerThread0"         daemon [_thread_blocked, id=9120, stack(0x000000c4f1200000,0x000000c4f1300000) (1024K)]
  0x00000215962e53f0 JavaThread "C1 CompilerThread0"         daemon [_thread_blocked, id=21688, stack(0x000000c4f1300000,0x000000c4f1400000) (1024K)]
  0x00000215d825ae60 JavaThread "Common-Cleaner"             daemon [_thread_blocked, id=6636, stack(0x000000c4f1400000,0x000000c4f1500000) (1024K)]
  0x00000215d827ebc0 JavaThread "Notification Thread"        daemon [_thread_blocked, id=13264, stack(0x000000c4f1500000,0x000000c4f1600000) (1024K)]
Total: 11

Other Threads:
  0x00000215fddcbc30 VMThread "VM Thread"                           [id=1280, stack(0x000000c4f0b00000,0x000000c4f0c00000) (1024K)] _threads_hazard_ptr=0x00000215d837f730
  0x000002159621c3e0 WatcherThread "VM Periodic Task Thread"        [id=13084, stack(0x000000c4f0a00000,0x000000c4f0b00000) (1024K)]
  0x00000215fdd32910 WorkerThread "GC Thread#0"                     [id=7320, stack(0x000000c4f0900000,0x000000c4f0a00000) (1024K)]
  0x00000215d82b7cc0 WorkerThread "GC Thread#1"                     [id=20732, stack(0x000000c4f1600000,0x000000c4f1700000) (1024K)]
  0x00000215d82b87d0 WorkerThread "GC Thread#2"                     [id=17696, stack(0x000000c4f1700000,0x000000c4f1800000) (1024K)]
  0x00000215d82b7560 WorkerThread "GC Thread#3"                     [id=12968, stack(0x000000c4f1800000,0x000000c4f1900000) (1024K)]
Total: 6

Threads with active compile tasks:
Total: 0

VM state: synchronizing (normal execution)

VM Mutex/Monitor currently owned by a thread:  ([mutex/lock_event])
[0x00007fff86d5d530] Metaspace_lock - owner thread: 0x00000215fdd130b0
[0x00007fff86d5f5b0] Threads_lock - owner thread: 0x00000215fddcbc30

Heap address: 0x0000000080000000, size: 2048 MB, Compressed Oops mode: 32-bit

CDS archive(s) mapped at: [0x0000021597000000-0x0000021597ba0000-0x0000021597ba0000), size 12189696, SharedBaseAddress: 0x0000021597000000, ArchiveRelocationMode: 1.
Compressed class space mapped at: 0x0000021598000000-0x00000215d8000000, reserved size: 1073741824
Narrow klass base: 0x0000021597000000, Narrow klass shift: 0, Narrow klass range: 0x100000000

GC Precious Log:
 CardTable entry size: 512
 CPUs: 4 total, 4 available
 Memory: 4005M
 Large Page Support: Disabled
 NUMA Support: Disabled
 Compressed Oops: Enabled (32-bit)
 Alignments: Space 512K, Generation 512K, Heap 2M
 Heap Min Capacity: 100M
 Heap Initial Capacity: 100M
 Heap Max Capacity: 2G
 Pre-touch: Disabled
 Parallel Workers: 4

Heap:
 PSYoungGen      total 29696K, used 17429K [0x00000000d5580000, 0x00000000d7680000, 0x0000000100000000)
  eden space 25600K, 55% used [0x00000000d5580000,0x00000000d6353648,0x00000000d6e80000)
  from space 4096K, 79% used [0x00000000d6e80000,0x00000000d71b1e98,0x00000000d7280000)
  to   space 4096K, 0% used [0x00000000d7280000,0x00000000d7280000,0x00000000d7680000)
 ParOldGen       total 68608K, used 0K [0x0000000080000000, 0x0000000084300000, 0x00000000d5580000)
  object space 68608K, 0% used [0x0000000080000000,0x0000000080000000,0x0000000084300000)
 Metaspace       used 6643K, committed 6912K, reserved 1114112K
  class space    used 675K, committed 832K, reserved 1048576K

Card table byte_map: [0x00000215fd6c0000,0x00000215fdad0000] _byte_map_base: 0x00000215fd2c0000

Marking Bits: (ParMarkBitMap*) 0x00007fff86d644a0
 Begin Bits: [0x0000021592140000, 0x0000021594140000)
 End Bits:   [0x0000021594140000, 0x0000021596140000)

Polling page: 0x00000215fbcf0000

Metaspace:

Usage:
  Non-class:      5.83 MB used.
      Class:    675.32 KB used.
       Both:      6.49 MB used.

Virtual space:
  Non-class space:       64.00 MB reserved,       5.94 MB (  9%) committed,  1 nodes.
      Class space:        1.00 GB reserved,     832.00 KB ( <1%) committed,  1 nodes.
             Both:        1.06 GB reserved,       6.75 MB ( <1%) committed. 

Chunk freelists:
   Non-Class:  9.67 MB
       Class:  15.04 MB
        Both:  24.71 MB

MaxMetaspaceSize: unlimited
CompressedClassSpaceSize: 1.00 GB
Initial GC threshold: 21.00 MB
Current GC threshold: 21.00 MB
CDS: on
 - commit_granule_bytes: 65536.
 - commit_granule_words: 8192.
 - virtual_space_node_default_size: 8388608.
 - enlarge_chunks_in_place: 1.
 - use_allocation_guard: 0.


Internal statistics:

num_allocs_failed_limit: 0.
num_arena_births: 200.
num_arena_deaths: 0.
num_vsnodes_births: 2.
num_vsnodes_deaths: 0.
num_space_committed: 108.
num_space_uncommitted: 0.
num_chunks_returned_to_freelist: 0.
num_chunks_taken_from_freelist: 340.
num_chunk_merges: 0.
num_chunk_splits: 222.
num_chunks_enlarged: 141.
num_inconsistent_stats: 0.

CodeHeap 'non-profiled nmethods': size=120000Kb used=662Kb max_used=662Kb free=119337Kb
 bounds [0x000002158ac10000, 0x000002158ae80000, 0x0000021592140000]
CodeHeap 'profiled nmethods': size=120000Kb used=2619Kb max_used=2619Kb free=117380Kb
 bounds [0x0000021583140000, 0x00000215833d0000, 0x000002158a670000]
CodeHeap 'non-nmethods': size=5760Kb used=1207Kb max_used=1245Kb free=4553Kb
 bounds [0x000002158a670000, 0x000002158a8e0000, 0x000002158ac10000]
CodeCache: size=245760Kb, used=4488Kb, max_used=4526Kb, free=241270Kb
 total_blobs=1993, nmethods=1521, adapters=379, full_count=0
Compilation: enabled, stopped_count=0, restarted_count=0

Compilation events (20 events):
Event: 6.200 Thread 0x00000215962e53f0 nmethod 1517 0x00000215833c9c90 code [0x00000215833c9e60, 0x00000215833ca1c0]
Event: 6.200 Thread 0x00000215962e53f0 1507       3       jdk.internal.reflect.DirectMethodHandleAccessor::invokeImpl (108 bytes)
Event: 6.200 Thread 0x000002159626ede0 nmethod 1518 0x000002158acb4f90 code [0x000002158acb5120, 0x000002158acb51c8]
Event: 6.200 Thread 0x000002159626ede0 1519       4       java.lang.StringBuilder::length (5 bytes)
Event: 6.200 Thread 0x000002159626ede0 nmethod 1519 0x000002158acb5290 code [0x000002158acb5420, 0x000002158acb54a8]
Event: 6.202 Thread 0x00000215962e53f0 nmethod 1507 0x00000215833ca390 code [0x00000215833ca6e0, 0x00000215833cc108]
Event: 6.202 Thread 0x00000215962e53f0 1508       3       java.lang.Boolean::valueOf (14 bytes)
Event: 6.202 Thread 0x00000215962e53f0 nmethod 1508 0x00000215833cc810 code [0x00000215833cc9c0, 0x00000215833ccb28]
Event: 6.202 Thread 0x00000215962e53f0 1509       3       java.lang.invoke.DirectMethodHandle$Holder::invokeSpecial (14 bytes)
Event: 6.203 Thread 0x00000215962e53f0 nmethod 1509 0x00000215833ccb90 code [0x00000215833ccd60, 0x00000215833cd268]
Event: 6.203 Thread 0x00000215962e53f0 1510       3       java.lang.invoke.DirectMethodHandle$Holder::invokeStatic (14 bytes)
Event: 6.203 Thread 0x00000215962e53f0 nmethod 1510 0x00000215833cd390 code [0x00000215833cd560, 0x00000215833cd9b0]
Event: 6.203 Thread 0x00000215962e53f0 1511       3       sun.invoke.util.ValueConversions::boxBoolean (5 bytes)
Event: 6.203 Thread 0x00000215962e53f0 nmethod 1511 0x00000215833cdb10 code [0x00000215833cdcc0, 0x00000215833cde80]
Event: 6.203 Thread 0x00000215962e53f0 1521       1       org.eclipse.osgi.container.Module::getId (5 bytes)
Event: 6.203 Thread 0x00000215962e53f0 nmethod 1521 0x000002158acb5590 code [0x000002158acb5720, 0x000002158acb57e8]
Event: 6.203 Thread 0x00000215962e53f0 1522       3       java.lang.Long::compare (22 bytes)
Event: 6.203 Thread 0x00000215962e53f0 nmethod 1522 0x00000215833cdf10 code [0x00000215833ce0c0, 0x00000215833ce2a0]
Event: 6.203 Thread 0x00000215962e53f0 1523       3       org.eclipse.osgi.container.ModuleDatabase$2::compare (13 bytes)
Event: 6.204 Thread 0x00000215962e53f0 nmethod 1523 0x00000215833ce310 code [0x00000215833ce500, 0x00000215833cea78]

GC Heap History (2 events):
Event: 4.157 GC heap before
{Heap before GC invocations=1 (full 0):
 PSYoungGen      total 29696K, used 25600K [0x00000000d5580000, 0x00000000d7680000, 0x0000000100000000)
  eden space 25600K, 100% used [0x00000000d5580000,0x00000000d6e80000,0x00000000d6e80000)
  from space 4096K, 0% used [0x00000000d7280000,0x00000000d7280000,0x00000000d7680000)
  to   space 4096K, 0% used [0x00000000d6e80000,0x00000000d6e80000,0x00000000d7280000)
 ParOldGen       total 68608K, used 0K [0x0000000080000000, 0x0000000084300000, 0x00000000d5580000)
  object space 68608K, 0% used [0x0000000080000000,0x0000000080000000,0x0000000084300000)
 Metaspace       used 4342K, committed 4544K, reserved 1114112K
  class space    used 474K, committed 576K, reserved 1048576K
}
Event: 4.243 GC heap after
{Heap after GC invocations=1 (full 0):
 PSYoungGen      total 29696K, used 3271K [0x00000000d5580000, 0x00000000d7680000, 0x0000000100000000)
  eden space 25600K, 0% used [0x00000000d5580000,0x00000000d5580000,0x00000000d6e80000)
  from space 4096K, 79% used [0x00000000d6e80000,0x00000000d71b1e98,0x00000000d7280000)
  to   space 4096K, 0% used [0x00000000d7280000,0x00000000d7280000,0x00000000d7680000)
 ParOldGen       total 68608K, used 0K [0x0000000080000000, 0x0000000084300000, 0x00000000d5580000)
  object space 68608K, 0% used [0x0000000080000000,0x0000000080000000,0x0000000084300000)
 Metaspace       used 4342K, committed 4544K, reserved 1114112K
  class space    used 474K, committed 576K, reserved 1048576K
}

Dll operation events (16 events):
Event: 0.065 Attempting to load shared library c:\Users\welcome\.vscode\extensions\redhat.java-1.56.0-win32-x64\jre\21.0.12.1-win32-x86_64\bin\java.dll
Event: 0.065 Loaded shared library c:\Users\welcome\.vscode\extensions\redhat.java-1.56.0-win32-x64\jre\21.0.12.1-win32-x86_64\bin\java.dll
Event: 0.656 Attempting to load shared library c:\Users\welcome\.vscode\extensions\redhat.java-1.56.0-win32-x64\jre\21.0.12.1-win32-x86_64\bin\zip.dll
Event: 0.662 Loaded shared library c:\Users\welcome\.vscode\extensions\redhat.java-1.56.0-win32-x64\jre\21.0.12.1-win32-x86_64\bin\zip.dll
Event: 0.804 Attempting to load shared library C:\Users\welcome\.vscode\extensions\redhat.java-1.56.0-win32-x64\jre\21.0.12.1-win32-x86_64\bin\instrument.dll
Event: 0.804 Loaded shared library C:\Users\welcome\.vscode\extensions\redhat.java-1.56.0-win32-x64\jre\21.0.12.1-win32-x86_64\bin\instrument.dll
Event: 0.819 Attempting to load shared library C:\Users\welcome\.vscode\extensions\redhat.java-1.56.0-win32-x64\jre\21.0.12.1-win32-x86_64\bin\net.dll
Event: 0.823 Loaded shared library C:\Users\welcome\.vscode\extensions\redhat.java-1.56.0-win32-x64\jre\21.0.12.1-win32-x86_64\bin\net.dll
Event: 0.829 Attempting to load shared library C:\Users\welcome\.vscode\extensions\redhat.java-1.56.0-win32-x64\jre\21.0.12.1-win32-x86_64\bin\nio.dll
Event: 0.845 Loaded shared library C:\Users\welcome\.vscode\extensions\redhat.java-1.56.0-win32-x64\jre\21.0.12.1-win32-x86_64\bin\nio.dll
Event: 0.851 Attempting to load shared library C:\Users\welcome\.vscode\extensions\redhat.java-1.56.0-win32-x64\jre\21.0.12.1-win32-x86_64\bin\zip.dll
Event: 0.851 Loaded shared library C:\Users\welcome\.vscode\extensions\redhat.java-1.56.0-win32-x64\jre\21.0.12.1-win32-x86_64\bin\zip.dll
Event: 0.956 Attempting to load shared library C:\Users\welcome\.vscode\extensions\redhat.java-1.56.0-win32-x64\jre\21.0.12.1-win32-x86_64\bin\jimage.dll
Event: 0.956 Loaded shared library C:\Users\welcome\.vscode\extensions\redhat.java-1.56.0-win32-x64\jre\21.0.12.1-win32-x86_64\bin\jimage.dll
Event: 1.251 Attempting to load shared library c:\Users\welcome\.vscode\extensions\redhat.java-1.56.0-win32-x64\jre\21.0.12.1-win32-x86_64\bin\verify.dll
Event: 1.253 Loaded shared library c:\Users\welcome\.vscode\extensions\redhat.java-1.56.0-win32-x64\jre\21.0.12.1-win32-x86_64\bin\verify.dll

Deoptimization events (20 events):
Event: 5.902 Thread 0x00000215fdd130b0 Uncommon trap: trap_request=0xffffffde fr.pc=0x000002158aca7db4 relative=0x0000000000000594
Event: 5.902 Thread 0x00000215fdd130b0 Uncommon trap: reason=class_check action=maybe_recompile pc=0x000002158aca7db4 method=java.util.Collections$UnmodifiableCollection$1.<init>(Ljava/util/Collections$UnmodifiableCollection;)V @ 17 c2
Event: 5.902 Thread 0x00000215fdd130b0 DEOPT PACKING pc=0x000002158aca7db4 sp=0x000000c4f08fe5f0
Event: 5.902 Thread 0x00000215fdd130b0 DEOPT UNPACKING pc=0x000002158a6c3aa2 sp=0x000000c4f08fe538 mode 2
Event: 5.951 Thread 0x00000215fdd130b0 Uncommon trap: trap_request=0xffffffde fr.pc=0x000002158aca7db4 relative=0x0000000000000594
Event: 5.951 Thread 0x00000215fdd130b0 Uncommon trap: reason=class_check action=maybe_recompile pc=0x000002158aca7db4 method=java.util.Collections$UnmodifiableCollection$1.<init>(Ljava/util/Collections$UnmodifiableCollection;)V @ 17 c2
Event: 5.952 Thread 0x00000215fdd130b0 DEOPT PACKING pc=0x000002158aca7db4 sp=0x000000c4f08fe680
Event: 5.952 Thread 0x00000215fdd130b0 DEOPT UNPACKING pc=0x000002158a6c3aa2 sp=0x000000c4f08fe5c8 mode 2
Event: 5.952 Thread 0x00000215fdd130b0 Uncommon trap: trap_request=0xffffffde fr.pc=0x000002158ac658e8 relative=0x0000000000000548
Event: 5.952 Thread 0x00000215fdd130b0 Uncommon trap: reason=class_check action=maybe_recompile pc=0x000002158ac658e8 method=java.util.Collections$UnmodifiableCollection$1.<init>(Ljava/util/Collections$UnmodifiableCollection;)V @ 17 c2
Event: 5.952 Thread 0x00000215fdd130b0 DEOPT PACKING pc=0x000002158ac658e8 sp=0x000000c4f08fe610
Event: 5.952 Thread 0x00000215fdd130b0 DEOPT UNPACKING pc=0x000002158a6c3aa2 sp=0x000000c4f08fe5c8 mode 2
Event: 6.200 Thread 0x00000215fdd130b0 Uncommon trap: trap_request=0xffffffc6 fr.pc=0x000002158acb1084 relative=0x00000000000006e4
Event: 6.200 Thread 0x00000215fdd130b0 Uncommon trap: reason=bimorphic_or_optimized_type_check action=maybe_recompile pc=0x000002158acb1084 method=java.util.Collections$UnmodifiableCollection$1.<init>(Ljava/util/Collections$UnmodifiableCollection;)V @ 17 c2
Event: 6.200 Thread 0x00000215fdd130b0 DEOPT PACKING pc=0x000002158acb1084 sp=0x000000c4f08feac0
Event: 6.200 Thread 0x00000215fdd130b0 DEOPT UNPACKING pc=0x000002158a6c3aa2 sp=0x000000c4f08fea08 mode 2
Event: 6.213 Thread 0x00000215fdd130b0 Uncommon trap: trap_request=0xffffffc6 fr.pc=0x000002158acb1084 relative=0x00000000000006e4
Event: 6.213 Thread 0x00000215fdd130b0 Uncommon trap: reason=bimorphic_or_optimized_type_check action=maybe_recompile pc=0x000002158acb1084 method=java.util.Collections$UnmodifiableCollection$1.<init>(Ljava/util/Collections$UnmodifiableCollection;)V @ 17 c2
Event: 6.269 Thread 0x00000215fdd130b0 DEOPT PACKING pc=0x000002158acb1084 sp=0x000000c4f08feae0
Event: 6.269 Thread 0x00000215fdd130b0 DEOPT UNPACKING pc=0x000002158a6c3aa2 sp=0x000000c4f08fea28 mode 2

Classes loaded (20 events):
Event: 5.774 Loading class java/security/cert/CertificateException
Event: 5.778 Loading class java/security/cert/CertificateException done
Event: 5.778 Loading class java/security/NoSuchAlgorithmException
Event: 5.778 Loading class java/security/NoSuchAlgorithmException done
Event: 5.778 Loading class java/security/NoSuchProviderException
Event: 5.778 Loading class java/security/NoSuchProviderException done
Event: 5.903 Loading class java/util/Collections$UnmodifiableMap$UnmodifiableEntrySet
Event: 5.949 Loading class java/util/Collections$UnmodifiableMap$UnmodifiableEntrySet done
Event: 5.949 Loading class java/util/Collections$UnmodifiableMap$UnmodifiableEntrySet$1
Event: 5.949 Loading class java/util/Collections$UnmodifiableMap$UnmodifiableEntrySet$1 done
Event: 5.949 Loading class java/util/Collections$UnmodifiableMap$UnmodifiableEntrySet$UnmodifiableEntry
Event: 5.950 Loading class java/util/Collections$UnmodifiableMap$UnmodifiableEntrySet$UnmodifiableEntry done
Event: 6.182 Loading class java/lang/reflect/TypeVariable
Event: 6.182 Loading class java/lang/reflect/TypeVariable done
Event: 6.182 Loading class java/lang/InstantiationException
Event: 6.183 Loading class java/lang/InstantiationException done
Event: 6.183 Loading class java/lang/reflect/AnnotatedType
Event: 6.184 Loading class java/lang/reflect/AnnotatedType done
Event: 6.200 Loading class java/util/ArrayList$SubList$1
Event: 6.200 Loading class java/util/ArrayList$SubList$1 done

Classes unloaded (0 events):
No events

Classes redefined (0 events):
No events

Internal exceptions (20 events):
Event: 2.553 Thread 0x00000215fdd130b0 Exception <a 'java/io/FileNotFoundException'{0x00000000d64d2088}> (0x00000000d64d2088) 
thrown [s\src\hotspot\share\prims\jni.cpp, line 520]
Event: 2.553 Thread 0x00000215fdd130b0 Exception <a 'java/io/FileNotFoundException'{0x00000000d64d2be8}> (0x00000000d64d2be8) 
thrown [s\src\hotspot\share\prims\jni.cpp, line 520]
Event: 2.565 Thread 0x00000215fdd130b0 Implicit null exception at 0x000002158ac42324 to 0x000002158ac428f0
Event: 2.570 Thread 0x00000215fdd130b0 Exception <a 'java/io/FileNotFoundException'{0x00000000d650cd88}> (0x00000000d650cd88) 
thrown [s\src\hotspot\share\prims\jni.cpp, line 520]
Event: 2.670 Thread 0x00000215fdd130b0 Exception <a 'java/lang/NoSuchMethodError'{0x00000000d6545cc0}: 'java.lang.Object java.lang.invoke.DirectMethodHandle$Holder.invokeInterface(java.lang.Object, java.lang.Object)'> (0x00000000d6545cc0) 
thrown [s\src\hotspot\share\interpreter\linkResolver.cpp, line 773]
Event: 2.678 Thread 0x00000215fdd130b0 Exception <a 'java/lang/NoSuchMethodError'{0x00000000d6559300}: 'java.lang.Object java.lang.invoke.Invokers$Holder.invokeExact_MT(java.lang.Object, java.lang.Object, java.lang.Object, java.lang.Object, java.lang.Object, java.lang.Object)'> (0x00000000d6559300) 
thrown [s\src\hotspot\share\interpreter\linkResolver.cpp, line 773]
Event: 2.684 Thread 0x00000215fdd130b0 Exception <a 'java/lang/NoSuchMethodError'{0x00000000d65703d8}: 'int java.lang.invoke.DirectMethodHandle$Holder.invokeStatic(java.lang.Object, java.lang.Object, java.lang.Object, java.lang.Object, java.lang.Object)'> (0x00000000d65703d8) 
thrown [s\src\hotspot\share\interpreter\linkResolver.cpp, line 773]
Event: 2.785 Thread 0x00000215fdd130b0 Exception <a 'java/lang/NoSuchMethodError'{0x00000000d6605730}: 'java.lang.Object java.lang.invoke.DirectMethodHandle$Holder.invokeInterface(java.lang.Object, java.lang.Object, int)'> (0x00000000d6605730) 
thrown [s\src\hotspot\share\interpreter\linkResolver.cpp, line 773]
Event: 3.400 Thread 0x00000215fdd130b0 Exception <a 'java/lang/NoSuchMethodError'{0x00000000d6a89d70}: 'java.lang.ClassLoader java.lang.ClassLoader.getPlatformClassLoader(java.lang.Class)'> (0x00000000d6a89d70) 
thrown [s\src\hotspot\share\interpreter\linkResolver.cpp, line 773]
Event: 4.267 Thread 0x00000215fdd130b0 Exception <a 'java/lang/ClassNotFoundException'{0x00000000d55c57f0}: sun/net/www/protocol/c/Handler> (0x00000000d55c57f0) 
thrown [s\src\hotspot\share\classfile\systemDictionary.cpp, line 313]
Event: 4.268 Thread 0x00000215fdd130b0 Exception <a 'java/lang/ClassNotFoundException'{0x00000000d55c6b90}: sun/net/www/protocol/c/Handler> (0x00000000d55c6b90) 
thrown [s\src\hotspot\share\classfile\systemDictionary.cpp, line 313]
Event: 4.269 Thread 0x00000215fdd130b0 Exception <a 'java/lang/ClassNotFoundException'{0x00000000d55c7d78}: sun/net/www/protocol/c/Handler> (0x00000000d55c7d78) 
thrown [s\src\hotspot\share\classfile\systemDictionary.cpp, line 313]
Event: 4.297 Thread 0x00000215fdd130b0 Exception <a 'java/io/FileNotFoundException'{0x00000000d55efae0}> (0x00000000d55efae0) 
thrown [s\src\hotspot\share\prims\jni.cpp, line 520]
Event: 4.574 Thread 0x00000215fdd130b0 Implicit null exception at 0x000002158ac7c449 to 0x000002158ac7cdfc
Event: 4.574 Thread 0x00000215fdd130b0 Implicit null exception at 0x000002158ac81f1a to 0x000002158ac82134
Event: 4.583 Thread 0x00000215fdd130b0 Exception <a 'java/lang/NoSuchMethodError'{0x00000000d5723a78}: 'void java.lang.invoke.DirectMethodHandle$Holder.invokeStatic(java.lang.Object, java.lang.Object, java.lang.Object, java.lang.Object)'> (0x00000000d5723a78) 
thrown [s\src\hotspot\share\interpreter\linkResolver.cpp, line 773]
Event: 4.595 Thread 0x00000215fdd130b0 Implicit null exception at 0x000002158ac7989a to 0x000002158ac79abc
Event: 4.596 Thread 0x00000215fdd130b0 Implicit null exception at 0x000002158ac71b40 to 0x000002158ac71bc5
Event: 4.937 Thread 0x00000215fdd130b0 Exception <a 'java/lang/NoSuchMethodError'{0x00000000d59e2d40}: 'void java.lang.invoke.DirectMethodHandle$Holder.invokeSpecial(java.lang.Object, java.lang.Object, java.lang.Object)'> (0x00000000d59e2d40) 
thrown [s\src\hotspot\share\interpreter\linkResolver.cpp, line 773]
Event: 6.186 Thread 0x00000215fdd130b0 Exception <a 'java/lang/NoSuchMethodError'{0x00000000d62f36a0}: 'int java.lang.invoke.DirectMethodHandle$Holder.invokeVirtual(java.lang.Object, java.lang.Object)'> (0x00000000d62f36a0) 
thrown [s\src\hotspot\share\interpreter\linkResolver.cpp, line 773]

ZGC Phase Switch (0 events):
No events

VM Operations (19 events):
Event: 0.651 Executing non-safepoint VM operation: HandshakeAllThreads (Deoptimize)
Event: 0.652 Executing non-safepoint VM operation: HandshakeAllThreads (Deoptimize) done
Event: 1.020 Executing non-safepoint VM operation: HandshakeAllThreads (Deoptimize)
Event: 1.020 Executing non-safepoint VM operation: HandshakeAllThreads (Deoptimize) done
Event: 2.022 Executing safepoint VM operation: Cleanup
Event: 2.038 Executing safepoint VM operation: Cleanup done
Event: 2.362 Executing non-safepoint VM operation: HandshakeAllThreads (Deoptimize)
Event: 2.362 Executing non-safepoint VM operation: HandshakeAllThreads (Deoptimize) done
Event: 2.406 Executing non-safepoint VM operation: HandshakeAllThreads (Deoptimize)
Event: 2.406 Executing non-safepoint VM operation: HandshakeAllThreads (Deoptimize) done
Event: 3.416 Executing safepoint VM operation: Cleanup
Event: 3.416 Executing safepoint VM operation: Cleanup done
Event: 3.867 Executing non-safepoint VM operation: HandshakeAllThreads (Deoptimize)
Event: 3.868 Executing non-safepoint VM operation: HandshakeAllThreads (Deoptimize) done
Event: 4.157 Executing safepoint VM operation: ParallelGCFailedAllocation (Allocation Failure)
Event: 4.243 Executing safepoint VM operation: ParallelGCFailedAllocation (Allocation Failure) done
Event: 5.248 Executing safepoint VM operation: Cleanup
Event: 5.280 Executing safepoint VM operation: Cleanup done
Event: 6.286 Executing safepoint VM operation: Cleanup

Memory protections (0 events):
No events

Nmethod flushes (0 events):
No events

Events (11 events):
Event: 0.201 Thread 0x00000215fdd130b0 Thread added: 0x00000215fdd130b0
Event: 0.339 Thread 0x00000215fdd130b0 Thread added: 0x00000215fddde720
Event: 0.340 Thread 0x00000215fdd130b0 Thread added: 0x0000021596266ff0
Event: 0.346 Thread 0x00000215fdd130b0 Thread added: 0x0000021596268860
Event: 0.346 Thread 0x00000215fdd130b0 Thread added: 0x000002159626b590
Event: 0.347 Thread 0x00000215fdd130b0 Thread added: 0x000002159626c2b0
Event: 0.348 Thread 0x00000215fdd130b0 Thread added: 0x000002159626dfa0
Event: 0.348 Thread 0x00000215fdd130b0 Thread added: 0x000002159626ede0
Event: 0.374 Thread 0x00000215fdd130b0 Thread added: 0x00000215962e53f0
Event: 0.814 Thread 0x00000215fdd130b0 Thread added: 0x00000215d825ae60
Event: 1.551 Thread 0x00000215fdd130b0 Thread added: 0x00000215d827ebc0


Dynamic libraries:
0x00007ff784f00000 - 0x00007ff784f0e000 	c:\Users\welcome\.vscode\extensions\redhat.java-1.56.0-win32-x64\jre\21.0.12.1-win32-x86_64\bin\java.exe
0x00007fffc4bd0000 - 0x00007fffc4dc9000 	C:\Windows\SYSTEM32\ntdll.dll
0x00007fffc3a60000 - 0x00007fffc3b22000 	C:\Windows\System32\KERNEL32.DLL
0x00007fffc25d0000 - 0x00007fffc28c7000 	C:\Windows\System32\KERNELBASE.dll
0x00007fffc2a30000 - 0x00007fffc2b30000 	C:\Windows\System32\ucrtbase.dll
0x00007fffbedd0000 - 0x00007fffbede8000 	c:\Users\welcome\.vscode\extensions\redhat.java-1.56.0-win32-x64\jre\21.0.12.1-win32-x86_64\bin\jli.dll
0x00007fffc3560000 - 0x00007fffc36fd000 	C:\Windows\System32\USER32.dll
0x00007fffc2b80000 - 0x00007fffc2ba2000 	C:\Windows\System32\win32u.dll
0x00007fffc3b90000 - 0x00007fffc3bbb000 	C:\Windows\System32\GDI32.dll
0x00007fffc22c0000 - 0x00007fffc23da000 	C:\Windows\System32\gdi32full.dll
0x00007fffc2220000 - 0x00007fffc22bd000 	C:\Windows\System32\msvcp_win.dll
0x00007fffbedb0000 - 0x00007fffbedce000 	c:\Users\welcome\.vscode\extensions\redhat.java-1.56.0-win32-x64\jre\21.0.12.1-win32-x86_64\bin\VCRUNTIME140.dll
0x00007fffaf7a0000 - 0x00007fffafa3b000 	C:\Windows\WinSxS\amd64_microsoft.windows.common-controls_6595b64144ccf1df_6.0.19041.7663_none_60b9ed0b71f50c93\COMCTL32.dll
0x00007fffc3940000 - 0x00007fffc39de000 	C:\Windows\System32\msvcrt.dll
0x00007fffc3910000 - 0x00007fffc393f000 	C:\Windows\System32\IMM32.DLL
0x00007fffbe7d0000 - 0x00007fffbe7dc000 	c:\Users\welcome\.vscode\extensions\redhat.java-1.56.0-win32-x64\jre\21.0.12.1-win32-x86_64\bin\vcruntime140_1.dll
0x00007fffab420000 - 0x00007fffab4ad000 	c:\Users\welcome\.vscode\extensions\redhat.java-1.56.0-win32-x64\jre\21.0.12.1-win32-x86_64\bin\msvcp140.dll
0x00007fff860a0000 - 0x00007fff86e42000 	c:\Users\welcome\.vscode\extensions\redhat.java-1.56.0-win32-x64\jre\21.0.12.1-win32-x86_64\bin\server\jvm.dll
0x00007fffc4ad0000 - 0x00007fffc4b82000 	C:\Windows\System32\ADVAPI32.dll
0x00007fffc3400000 - 0x00007fffc34a0000 	C:\Windows\System32\sechost.dll
0x00007fffc37e0000 - 0x00007fffc3906000 	C:\Windows\System32\RPCRT4.dll
0x00007fffc2460000 - 0x00007fffc2487000 	C:\Windows\System32\bcrypt.dll
0x00007fffc39e0000 - 0x00007fffc3a53000 	C:\Windows\System32\WS2_32.dll
0x00007fffc2070000 - 0x00007fffc20bb000 	C:\Windows\SYSTEM32\POWRPROF.dll
0x00007fffad060000 - 0x00007fffad087000 	C:\Windows\SYSTEM32\WINMM.dll
0x00007fffbb7b0000 - 0x00007fffbb7ba000 	C:\Windows\SYSTEM32\VERSION.dll
0x00007fffc2050000 - 0x00007fffc2062000 	C:\Windows\SYSTEM32\UMPDC.dll
0x00007fffc0030000 - 0x00007fffc0042000 	C:\Windows\SYSTEM32\kernel.appcore.dll
0x00007fffbe7c0000 - 0x00007fffbe7ca000 	c:\Users\welcome\.vscode\extensions\redhat.java-1.56.0-win32-x64\jre\21.0.12.1-win32-x86_64\bin\jimage.dll
0x00007fffac260000 - 0x00007fffac46b000 	C:\Windows\SYSTEM32\DBGHELP.DLL
0x00007fffaae90000 - 0x00007fffaaec5000 	C:\Windows\SYSTEM32\dbgcore.DLL
0x00007fffc2540000 - 0x00007fffc25c2000 	C:\Windows\System32\bcryptPrimitives.dll
0x00007fffbc6c0000 - 0x00007fffbc6cf000 	c:\Users\welcome\.vscode\extensions\redhat.java-1.56.0-win32-x64\jre\21.0.12.1-win32-x86_64\bin\instrument.dll
0x00007fffbd060000 - 0x00007fffbd080000 	c:\Users\welcome\.vscode\extensions\redhat.java-1.56.0-win32-x64\jre\21.0.12.1-win32-x86_64\bin\java.dll
0x00007fffc2c80000 - 0x00007fffc33f1000 	C:\Windows\System32\SHELL32.dll
0x00007fffc0240000 - 0x00007fffc09ec000 	C:\Windows\SYSTEM32\windows.storage.dll
0x00007fffc4040000 - 0x00007fffc4394000 	C:\Windows\System32\combase.dll
0x00007fffc1b70000 - 0x00007fffc1b9b000 	C:\Windows\SYSTEM32\Wldp.dll
0x00007fffc34a0000 - 0x00007fffc354d000 	C:\Windows\System32\SHCORE.dll
0x00007fffc2c10000 - 0x00007fffc2c6b000 	C:\Windows\System32\shlwapi.dll
0x00007fffc2150000 - 0x00007fffc2175000 	C:\Windows\SYSTEM32\profapi.dll
0x00007fffbd040000 - 0x00007fffbd058000 	c:\Users\welcome\.vscode\extensions\redhat.java-1.56.0-win32-x64\jre\21.0.12.1-win32-x86_64\bin\zip.dll
0x00007fffbcc60000 - 0x00007fffbcc70000 	C:\Users\welcome\.vscode\extensions\redhat.java-1.56.0-win32-x64\jre\21.0.12.1-win32-x86_64\bin\net.dll
0x00007fffb8a20000 - 0x00007fffb8b2d000 	C:\Windows\SYSTEM32\WINHTTP.dll
0x00007fffc1880000 - 0x00007fffc18ea000 	C:\Windows\system32\mswsock.dll
0x00007fffbcc40000 - 0x00007fffbcc56000 	C:\Users\welcome\.vscode\extensions\redhat.java-1.56.0-win32-x64\jre\21.0.12.1-win32-x86_64\bin\nio.dll
0x00007fffbc6b0000 - 0x00007fffbc6c0000 	c:\Users\welcome\.vscode\extensions\redhat.java-1.56.0-win32-x64\jre\21.0.12.1-win32-x86_64\bin\verify.dll

JVMTI agents:
c:\Users\welcome\.vscode\extensions\redhat.java-1.56.0-win32-x64\lombok\lombok-1.18.39-4050.jar path:c:\Users\welcome\.vscode\extensions\redhat.java-1.56.0-win32-x64\jre\21.0.12.1-win32-x86_64\bin\instrument.dll, loaded, initialized, instrumentlib options:none

dbghelp: loaded successfully - version: 4.0.5 - missing functions: none
symbol engine: initialized successfully - sym options: 0x614 - pdb path: .;c:\Users\welcome\.vscode\extensions\redhat.java-1.56.0-win32-x64\jre\21.0.12.1-win32-x86_64\bin;C:\Windows\SYSTEM32;C:\Windows\WinSxS\amd64_microsoft.windows.common-controls_6595b64144ccf1df_6.0.19041.7663_none_60b9ed0b71f50c93;c:\Users\welcome\.vscode\extensions\redhat.java-1.56.0-win32-x64\jre\21.0.12.1-win32-x86_64\bin\server

VM Arguments:
jvm_args: --add-modules=ALL-SYSTEM --add-opens=java.base/java.util=ALL-UNNAMED --add-opens=java.base/java.lang=ALL-UNNAMED --add-opens=java.base/sun.nio.fs=ALL-UNNAMED -Declipse.application=org.eclipse.jdt.ls.core.id1 -Dosgi.bundles.defaultStartLevel=4 -Declipse.product=org.eclipse.jdt.ls.core.product -Djava.import.generatesMetadataFilesAtProjectRoot=false -Dm2e.project.cache.size=50 -DDetectVMInstallationsJob.disabled=true -Dfile.encoding=utf8 -XX:+UseParallelGC -XX:GCTimeRatio=4 -XX:AdaptiveSizePolicyWeight=90 -Dsun.zip.disableMemoryMapping=true -Xmx2G -Xms100m -Xlog:disable -javaagent:c:\Users\welcome\.vscode\extensions\redhat.java-1.56.0-win32-x64\lombok\lombok-1.18.39-4050.jar 
java_command: c:\Users\welcome\.vscode\extensions\redhat.java-1.56.0-win32-x64\server\plugins\org.eclipse.equinox.launcher_1.8.0.v20260804-1928.jar -configuration c:\Users\welcome\AppData\Roaming\Code\User\globalStorage\redhat.java\1.56.0\config_ss_win -data c:\Users\welcome\AppData\Roaming\Code\User\workspaceStorage\438089d090c8572c52f170013986077f\redhat.java\ss_ws --pipe=\\.\pipe\lsp-ad9234ce5ff4c049b31c657b7de81021-sock
java_class_path (initial): c:\Users\welcome\.vscode\extensions\redhat.java-1.56.0-win32-x64\server\plugins\org.eclipse.equinox.launcher_1.8.0.v20260804-1928.jar
Launcher Type: SUN_STANDARD

[Global flags]
    uintx AdaptiveSizePolicyWeight                 = 90                                        {product} {command line}
     intx CICompilerCount                          = 3                                         {product} {ergonomic}
    uintx GCTimeRatio                              = 4                                         {product} {command line}
   size_t InitialHeapSize                          = 104857600                                 {product} {command line}
   size_t MaxHeapSize                              = 2147483648                                {product} {command line}
   size_t MaxNewSize                               = 715653120                                 {product} {ergonomic}
   size_t MinHeapDeltaBytes                        = 524288                                    {product} {ergonomic}
   size_t MinHeapSize                              = 104857600                                 {product} {command line}
   size_t NewSize                                  = 34603008                                  {product} {ergonomic}
    uintx NonNMethodCodeHeapSize                   = 5832780                                {pd product} {ergonomic}
    uintx NonProfiledCodeHeapSize                  = 122912730                              {pd product} {ergonomic}
   size_t OldSize                                  = 70254592                                  {product} {ergonomic}
    uintx ProfiledCodeHeapSize                     = 122912730                              {pd product} {ergonomic}
    uintx ReservedCodeCacheSize                    = 251658240                              {pd product} {ergonomic}
     bool SegmentedCodeCache                       = true                                      {product} {ergonomic}
   size_t SoftMaxHeapSize                          = 2147483648                             {manageable} {ergonomic}
     bool UseCompressedOops                        = true                           {product lp64_product} {ergonomic}
     bool UseLargePagesIndividualAllocation        = false                                  {pd product} {ergonomic}
     bool UseParallelGC                            = true                                      {product} {command line}

Logging:
Log output configuration:
 #0: stdout all=off uptime,level,tags foldmultilines=false
 #1: stderr all=off uptime,level,tags foldmultilines=false

Release file:
JAVA_VERSION="21.0.12.1" 
MODULES="java.base java.compiler java.datatransfer java.xml java.prefs java.desktop java.instrument java.logging java.management java.security.sasl java.naming java.rmi java.management.rmi java.net.http java.scripting java.security.jgss java.transaction.xa java.sql java.sql.rowset java.xml.crypto java.se java.smartcardio jdk.accessibility jdk.internal.jvmstat jdk.attach jdk.charsets jdk.internal.opt jdk.zipfs jdk.compiler jdk.crypto.ec jdk.crypto.cryptoki jdk.crypto.mscapi jdk.dynalink jdk.internal.ed jdk.editpad jdk.hotspot.agent jdk.httpserver jdk.internal.le jdk.internal.vm.ci jdk.internal.vm.compiler jdk.internal.vm.compiler.management jdk.jartool jdk.javadoc jdk.jcmd jdk.management jdk.management.agent jdk.jconsole jdk.jdeps jdk.jdwp.agent jdk.jdi jdk.jfr jdk.jshell jdk.jsobject jdk.jstatd jdk.localedata jdk.management.jfr jdk.naming.dns jdk.naming.rmi jdk.net jdk.nio.mapmode jdk.random jdk.sctp jdk.security.auth jdk.security.jgss jdk.unsupported jdk.unsupported.desktop jdk.xml.dom" 

Environment Variables:
PATH=C:\Program Files\Eclipse Adoptium\jdk-17.0.20.101-hotspot\bin;C:\Windows\system32;C:\Windows;C:\Windows\System32\Wbem;C:\Windows\System32\WindowsPowerShell\v1.0\;C:\Windows\System32\OpenSSH\;C:\Program Files\Git\cmd;C:\Program Files\nodejs\;C:\Users\welcome\AppData\Local\Microsoft\WindowsApps;C:\Users\welcome\AppData\Local\Programs\Microsoft VS Code\bin;C:\Users\welcome\AppData\Local\Programs\DockerDesktop\resources\bin;C:\Users\welcome\AppData\Roaming\npm
USERNAME=welcome
OS=Windows_NT
PROCESSOR_IDENTIFIER=Intel64 Family 6 Model 142 Stepping 9, GenuineIntel
TMP=C:\Users\welcome\AppData\Local\Temp
TEMP=C:\Users\welcome\AppData\Local\Temp




Periodic native trim disabled

---------------  S Y S T E M  ---------------

OS:
 Windows 10 , 64 bit Build 19041 (10.0.19041.7725)
OS uptime: 5 days 23:24 hours
Hyper-V role detected

CPU: total 4 (initial active 4) (2 cores per cpu, 2 threads per core) family 6 model 142 stepping 9 microcode 0xea, cx8, cmov, fxsr, ht, mmx, 3dnowpref, sse, sse2, sse3, ssse3, sse4.1, sse4.2, popcnt, lzcnt, tsc, tscinvbit, avx, avx2, aes, erms, clmul, bmi1, bmi2, adx, fma, vzeroupper, clflush, clflushopt, hv, rdtscp, f16c
Processor Information for the first 4 processors :
  Max Mhz: 2400, Current Mhz: 2400, Mhz Limit: 2400

Memory: 4k page, system-wide physical 4005M (427M free)
TotalPageFile size 11505M (AvailPageFile size 447M)
current process WorkingSet (physical memory assigned to process): 82M, peak: 83M
current process commit charge ("private bytes"): 222M, peak: 224M

vm_info: OpenJDK 64-Bit Server VM (21.0.12.1+1-LTS) for windows-amd64 JRE (21.0.12.1+1-LTS), built on 2026-08-18T00:00:00Z by "admin" with MS VC++ 17.12 (VS2022)

END.
