#
# There is insufficient memory for the Java Runtime Environment to continue.
# Native memory allocation (malloc) failed to allocate 926128 bytes. Error detail: Chunk::new
# Possible reasons:
#   The system is out of physical RAM or swap space
#   This process is running with CompressedOops enabled, and the Java Heap may be blocking the growth of the native heap
# Possible solutions:
#   Reduce memory load on the system
#   Increase physical memory or swap space
#   Check if swap backing store is full
#   Decrease Java heap size (-Xmx/-Xms)
#   Decrease number of Java threads
#   Decrease Java thread stack sizes (-Xss)
#   Set larger code cache with -XX:ReservedCodeCacheSize=
#   JVM is running with Unscaled Compressed Oops mode in which the Java heap is
#     placed in the first 4GB address space. The Java Heap base address is the
#     maximum limit for the native heap growth. Please use -XX:HeapBaseMinAddress
#     to set the Java Heap base and to place the Java Heap above 4GB virtual address.
# This output file may be truncated or incomplete.
#
#  Out of Memory Error (arena.cpp:168), pid=7856, tid=18572
#
# JRE version: OpenJDK Runtime Environment Temurin-21.0.12.1+1 (21.0.12.1+1) (build 21.0.12.1+1-LTS)
# Java VM: OpenJDK 64-Bit Server VM Temurin-21.0.12.1+1 (21.0.12.1+1-LTS, mixed mode, sharing, tiered, compressed oops, compressed class ptrs, parallel gc, windows-amd64)
# No core dump will be written. Minidumps are not enabled by default on client versions of Windows
#

---------------  S U M M A R Y ------------

Command Line: --add-modules=ALL-SYSTEM --add-opens=java.base/java.util=ALL-UNNAMED --add-opens=java.base/java.lang=ALL-UNNAMED --add-opens=java.base/sun.nio.fs=ALL-UNNAMED -Declipse.application=org.eclipse.jdt.ls.core.id1 -Dosgi.bundles.defaultStartLevel=4 -Declipse.product=org.eclipse.jdt.ls.core.product -Djava.import.generatesMetadataFilesAtProjectRoot=false -Dm2e.project.cache.size=50 -DDetectVMInstallationsJob.disabled=true -Dfile.encoding=utf8 -XX:+UseParallelGC -XX:GCTimeRatio=4 -XX:AdaptiveSizePolicyWeight=90 -Dsun.zip.disableMemoryMapping=true -Xmx2G -Xms100m -Xlog:disable -javaagent:c:\Users\welcome\.vscode\extensions\redhat.java-1.56.0-win32-x64\lombok\lombok-1.18.39-4050.jar -XX:+HeapDumpOnOutOfMemoryError -XX:HeapDumpPath=c:\Users\welcome\AppData\Roaming\Code\User\workspaceStorage\438089d090c8572c52f170013986077f\redhat.java -Daether.dependencyCollector.impl=bf c:\Users\welcome\.vscode\extensions\redhat.java-1.56.0-win32-x64\server\plugins\org.eclipse.equinox.launcher_1.8.0.v20260804-1928.jar -configuration c:\Users\welcome\AppData\Roaming\Code\User\globalStorage\redhat.java\1.56.0\config_win -data c:\Users\welcome\AppData\Roaming\Code\User\workspaceStorage\438089d090c8572c52f170013986077f\redhat.java\jdt_ws --stdio

Host: Intel(R) Core(TM) i3-7100U CPU @ 2.40GHz, 4 cores, 3G,  Windows 10 , 64 bit Build 19041 (10.0.19041.7725)
Time: Tue Sep 29 09:42:42 2026 India Standard Time elapsed time: 36.312571 seconds (0d 0h 0m 36s)

---------------  T H R E A D  ---------------

Current thread (0x000001f12b771d10):  JavaThread "C2 CompilerThread0" daemon [_thread_in_native, id=18572, stack(0x00000081a8a00000,0x00000081a8b00000) (1024K)]


Current CompileTask:
C2:36313 5846   !   4       org.eclipse.osgi.internal.loader.classpath.ClasspathManager::findLocalClass (210 bytes)

Stack: [0x00000081a8a00000,0x00000081a8b00000]
Native frames: (J=compiled Java code, j=interpreted, Vv=VM code, C=native code)
V  [jvm.dll+0x6d83e9]
V  [jvm.dll+0x8b5736]
V  [jvm.dll+0x8b7cee]
V  [jvm.dll+0x8b83d3]
V  [jvm.dll+0x284596]
V  [jvm.dll+0xc685d]
V  [jvm.dll+0xc6da1]
V  [jvm.dll+0x3bf18b]
V  [jvm.dll+0x1e3f42]
V  [jvm.dll+0x24c853]
V  [jvm.dll+0x24bce0]
V  [jvm.dll+0x1cb4ae]
V  [jvm.dll+0x25baad]
V  [jvm.dll+0x25a03a]
V  [jvm.dll+0x3f8aae]
V  [jvm.dll+0x8600cd]
V  [jvm.dll+0x6d6c1d]
C  [ucrtbase.dll+0x21bb2]
C  [KERNEL32.DLL+0x17384]
C  [ntdll.dll+0x4cc91]


---------------  P R O C E S S  ---------------

Threads class SMR info:
_java_thread_list=0x000001f1746c0390, length=32, elements={
0x000001f112a918e0, 0x000001f12b766b90, 0x000001f12b7686b0, 0x000001f12b76b820,
0x000001f12b76c740, 0x000001f12b76e510, 0x000001f12b770f80, 0x000001f12b771d10,
0x000001f12b7e31e0, 0x000001f16d52d490, 0x000001f16d6ac8d0, 0x000001f172308930,
0x000001f172435390, 0x000001f17223cab0, 0x000001f16d5db220, 0x000001f172204400,
0x000001f172f6c150, 0x000001f17285c040, 0x000001f172834140, 0x000001f172834e60,
0x000001f1728354f0, 0x000001f17369bd40, 0x000001f17369de10, 0x000001f17369b020,
0x000001f17369ca60, 0x000001f17369d0f0, 0x000001f1736995e0, 0x000001f17369e4a0,
0x000001f17369b6b0, 0x000001f173699c70, 0x000001f17369d780, 0x000001f17369a990
}

Java Threads: ( => current thread )
  0x000001f112a918e0 JavaThread "main"                              [_thread_blocked, id=19852, stack(0x00000081a8000000,0x00000081a8100000) (1024K)]
  0x000001f12b766b90 JavaThread "Reference Handler"          daemon [_thread_blocked, id=18468, stack(0x00000081a8400000,0x00000081a8500000) (1024K)]
  0x000001f12b7686b0 JavaThread "Finalizer"                  daemon [_thread_blocked, id=18308, stack(0x00000081a8500000,0x00000081a8600000) (1024K)]
  0x000001f12b76b820 JavaThread "Signal Dispatcher"          daemon [_thread_blocked, id=16736, stack(0x00000081a8600000,0x00000081a8700000) (1024K)]
  0x000001f12b76c740 JavaThread "Attach Listener"            daemon [_thread_blocked, id=18880, stack(0x00000081a8700000,0x00000081a8800000) (1024K)]
  0x000001f12b76e510 JavaThread "Service Thread"             daemon [_thread_blocked, id=6452, stack(0x00000081a8800000,0x00000081a8900000) (1024K)]
  0x000001f12b770f80 JavaThread "Monitor Deflation Thread"   daemon [_thread_blocked, id=17724, stack(0x00000081a8900000,0x00000081a8a00000) (1024K)]
=>0x000001f12b771d10 JavaThread "C2 CompilerThread0"         daemon [_thread_in_native, id=18572, stack(0x00000081a8a00000,0x00000081a8b00000) (1024K)]
  0x000001f12b7e31e0 JavaThread "C1 CompilerThread0"         daemon [_thread_in_native, id=8900, stack(0x00000081a8b00000,0x00000081a8c00000) (1024K)]
  0x000001f16d52d490 JavaThread "Common-Cleaner"             daemon [_thread_blocked, id=9296, stack(0x00000081a8c00000,0x00000081a8d00000) (1024K)]
  0x000001f16d6ac8d0 JavaThread "Notification Thread"        daemon [_thread_blocked, id=3908, stack(0x00000081a8d00000,0x00000081a8e00000) (1024K)]
  0x000001f172308930 JavaThread "Active Thread: Equinox Container: d068b4c4-4c1b-4d2f-a6df-e5049a307a3a"        [_thread_in_Java, id=2360, stack(0x00000081a9100000,0x00000081a9200000) (1024K)]
  0x000001f172435390 JavaThread "Refresh Thread: Equinox Container: d068b4c4-4c1b-4d2f-a6df-e5049a307a3a" daemon [_thread_blocked, id=19032, stack(0x00000081a9200000,0x00000081a9300000) (1024K)]
  0x000001f17223cab0 JavaThread "Framework Event Dispatcher: Equinox Container: d068b4c4-4c1b-4d2f-a6df-e5049a307a3a" daemon [_thread_blocked, id=6092, stack(0x00000081a9300000,0x00000081a9400000) (1024K)]
  0x000001f16d5db220 JavaThread "Start Level: Equinox Container: d068b4c4-4c1b-4d2f-a6df-e5049a307a3a" daemon [_thread_blocked, id=12024, stack(0x00000081a9400000,0x00000081a9500000) (1024K)]
  0x000001f172204400 JavaThread "Bundle File Closer"         daemon [_thread_blocked, id=13956, stack(0x00000081a9500000,0x00000081a9600000) (1024K)]
  0x000001f172f6c150 JavaThread "SCR Component Actor"        daemon [_thread_blocked, id=4116, stack(0x00000081a9600000,0x00000081a9700000) (1024K)]
  0x000001f17285c040 JavaThread "Worker-JM"                         [_thread_blocked, id=5928, stack(0x00000081a9700000,0x00000081a9800000) (1024K)]
  0x000001f172834140 JavaThread "JNA Cleaner"                daemon [_thread_blocked, id=20796, stack(0x00000081a9800000,0x00000081a9900000) (1024K)]
  0x000001f172834e60 JavaThread "Worker-0"                          [_thread_blocked, id=17228, stack(0x00000081a9900000,0x00000081a9a00000) (1024K)]
  0x000001f1728354f0 JavaThread "Worker-1"                          [_thread_blocked, id=21844, stack(0x00000081a9a00000,0x00000081a9b00000) (1024K)]
  0x000001f17369bd40 JavaThread "Worker-2"                          [_thread_blocked, id=21308, stack(0x00000081a9b00000,0x00000081a9c00000) (1024K)]
  0x000001f17369de10 JavaThread "Worker-3: Initialize After Load"        [_thread_blocked, id=10212, stack(0x00000081a9c00000,0x00000081a9d00000) (1024K)]
  0x000001f17369b020 JavaThread "Java indexing"              daemon [_thread_blocked, id=10124, stack(0x00000081a9d00000,0x00000081a9e00000) (1024K)]
  0x000001f17369ca60 JavaThread "Worker-4: Synchronize Gradle projects with workspace"        [_thread_blocked, id=17368, stack(0x00000081a9e00000,0x00000081a9f00000) (1024K)]
  0x000001f17369d0f0 JavaThread "Worker-5"                          [_thread_blocked, id=1152, stack(0x00000081a9f00000,0x00000081aa000000) (1024K)]
  0x000001f1736995e0 JavaThread "pool-2-thread-1"                   [_thread_blocked, id=21716, stack(0x00000081aa000000,0x00000081aa100000) (1024K)]
  0x000001f17369e4a0 JavaThread "Timer-0"                           [_thread_blocked, id=11852, stack(0x00000081aa100000,0x00000081aa200000) (1024K)]
  0x000001f17369b6b0 JavaThread "Timer-1"                           [_thread_blocked, id=12188, stack(0x00000081aa200000,0x00000081aa300000) (1024K)]
  0x000001f173699c70 JavaThread "Connection worker"                 [_thread_in_native, id=20660, stack(0x00000081aa300000,0x00000081aa400000) (1024K)]
  0x000001f17369d780 JavaThread "WorkspaceEventsHandler"            [_thread_blocked, id=1920, stack(0x00000081aa400000,0x00000081aa500000) (1024K)]
  0x000001f17369a990 JavaThread "pool-1-thread-1"                   [_thread_blocked, id=19468, stack(0x00000081aa500000,0x00000081aa600000) (1024K)]
Total: 32

Other Threads:
  0x000001f12b75e040 VMThread "VM Thread"                           [id=20664, stack(0x00000081a8300000,0x00000081a8400000) (1024K)]
  0x000001f114deea80 WatcherThread "VM Periodic Task Thread"        [id=8932, stack(0x00000081a8200000,0x00000081a8300000) (1024K)]
  0x000001f114da11b0 WorkerThread "GC Thread#0"                     [id=21932, stack(0x00000081a8100000,0x00000081a8200000) (1024K)]
  0x000001f172070660 WorkerThread "GC Thread#1"                     [id=6972, stack(0x00000081a8e00000,0x00000081a8f00000) (1024K)]
  0x000001f172303dc0 WorkerThread "GC Thread#2"                     [id=9536, stack(0x00000081a8f00000,0x00000081a9000000) (1024K)]
  0x000001f172304170 WorkerThread "GC Thread#3"                     [id=20296, stack(0x00000081a9000000,0x00000081a9100000) (1024K)]
Total: 6

Threads with active compile tasks:
C2 CompilerThread0  36393 5846   !   4       org.eclipse.osgi.internal.loader.classpath.ClasspathManager::findLocalClass (210 bytes)
C1 CompilerThread0  36393 6094       3       org.eclipse.osgi.container.ModuleDatabase$Persistence::writeVersion (88 bytes)
Total: 2

VM state: not at safepoint (normal execution)

VM Mutex/Monitor currently owned by a thread: None

Heap address: 0x0000000080000000, size: 2048 MB, Compressed Oops mode: 32-bit

CDS archive(s) mapped at: [0x000001f12c000000-0x000001f12cba0000-0x000001f12cba0000), size 12189696, SharedBaseAddress: 0x000001f12c000000, ArchiveRelocationMode: 1.
Compressed class space mapped at: 0x000001f12d000000-0x000001f16d000000, reserved size: 1073741824
Narrow klass base: 0x000001f12c000000, Narrow klass shift: 0, Narrow klass range: 0x100000000

GC Precious Log:
 CardTable entry size: 512
 CPUs: 4 total, 4 available
 Memory: 4005M
 Large Page Support: Disabled
 NUMA Support: Disabled
 Compressed Oops: Enabled (32-bit)
 Alignments: Space 512K, Generation 512K, Heap 2M
 Heap Min Capacity: 100M
 Heap Initial Capacity: 100M
 Heap Max Capacity: 2G
 Pre-touch: Disabled
 Parallel Workers: 4

Heap:
 PSYoungGen      total 18432K, used 2127K [0x00000000d5580000, 0x00000000d7080000, 0x0000000100000000)
  eden space 16896K, 4% used [0x00000000d5580000,0x00000000d5634dc8,0x00000000d6600000)
  from space 1536K, 91% used [0x00000000d6600000,0x00000000d675eec8,0x00000000d6780000)
  to   space 4608K, 0% used [0x00000000d6c00000,0x00000000d6c00000,0x00000000d7080000)
 ParOldGen       total 68608K, used 32186K [0x0000000080000000, 0x0000000084300000, 0x00000000d5580000)
  object space 68608K, 46% used [0x0000000080000000,0x0000000081f6e978,0x0000000084300000)
 Metaspace       used 47345K, committed 48512K, reserved 1114112K
  class space    used 5344K, committed 5888K, reserved 1048576K

Card table byte_map: [0x000001f114760000,0x000001f114b70000] _byte_map_base: 0x000001f114360000

Marking Bits: (ParMarkBitMap*) 0x00007fff86d644a0
 Begin Bits: [0x000001f127240000, 0x000001f129240000)
 End Bits:   [0x000001f129240000, 0x000001f12b240000)

Polling page: 0x000001f114550000

Metaspace:

Usage:
  Non-class:     41.02 MB used.
      Class:      5.22 MB used.
       Both:     46.24 MB used.

Virtual space:
  Non-class space:       64.00 MB reserved,      41.62 MB ( 65%) committed,  1 nodes.
      Class space:        1.00 GB reserved,       5.75 MB ( <1%) committed,  1 nodes.
             Both:        1.06 GB reserved,      47.38 MB (  4%) committed. 

Chunk freelists:
   Non-Class:  6.31 MB
       Class:  10.27 MB
        Both:  16.58 MB

MaxMetaspaceSize: unlimited
CompressedClassSpaceSize: 1.00 GB
Initial GC threshold: 21.00 MB
Current GC threshold: 58.38 MB
CDS: on
 - commit_granule_bytes: 65536.
 - commit_granule_words: 8192.
 - virtual_space_node_default_size: 8388608.
 - enlarge_chunks_in_place: 1.
 - use_allocation_guard: 0.


Internal statistics:

num_allocs_failed_limit: 6.
num_arena_births: 824.
num_arena_deaths: 14.
num_vsnodes_births: 2.
num_vsnodes_deaths: 0.
num_space_committed: 759.
num_space_uncommitted: 0.
num_chunks_returned_to_freelist: 20.
num_chunks_taken_from_freelist: 3025.
num_chunk_merges: 9.
num_chunk_splits: 1821.
num_chunks_enlarged: 979.
num_inconsistent_stats: 0.

CodeHeap 'non-profiled nmethods': size=120000Kb used=2477Kb max_used=2477Kb free=117522Kb
 bounds [0x000001f11fa60000, 0x000001f11fcd0000, 0x000001f126f90000]
CodeHeap 'profiled nmethods': size=120000Kb used=11560Kb max_used=11560Kb free=108439Kb
 bounds [0x000001f117f90000, 0x000001f118ae0000, 0x000001f11f4c0000]
CodeHeap 'non-nmethods': size=5760Kb used=1360Kb max_used=1437Kb free=4400Kb
 bounds [0x000001f11f4c0000, 0x000001f11f730000, 0x000001f11fa60000]
CodeCache: size=245760Kb, used=15397Kb, max_used=15474Kb, free=230361Kb
 total_blobs=6186, nmethods=5525, adapters=567, full_count=0
Compilation: enabled, stopped_count=0, restarted_count=0

Compilation events (20 events):
Event: 36.247 Thread 0x000001f12b7e31e0 6060       3       org.eclipse.osgi.container.ModuleDatabase$Persistence::addToWriteTable (77 bytes)
Event: 36.248 Thread 0x000001f12b7e31e0 nmethod 6060 0x000001f118ac8e10 code [0x000001f118ac90e0, 0x000001f118ac9fb0]
Event: 36.270 Thread 0x000001f12b7e31e0 6061       2       com.google.inject.internal.Scoping$1::acceptVisitor (7 bytes)
Event: 36.270 Thread 0x000001f12b7e31e0 nmethod 6061 0x000001f118aca490 code [0x000001f118aca640, 0x000001f118aca778]
Event: 36.271 Thread 0x000001f12b7e31e0 6062       2       java.util.concurrent.atomic.AtomicReferenceFieldUpdater$AtomicReferenceFieldUpdaterImpl::compareAndSet (24 bytes)
Event: 36.272 Thread 0x000001f12b7e31e0 nmethod 6062 0x000001f118aca810 code [0x000001f118aca9e0, 0x000001f118acac98]
Event: 36.273 Thread 0x000001f12b7e31e0 6063       1       com.google.inject.internal.InternalContext::getDependency (5 bytes)
Event: 36.273 Thread 0x000001f12b7e31e0 nmethod 6063 0x000001f11fcca710 code [0x000001f11fcca8a0, 0x000001f11fcca968]
Event: 36.287 Thread 0x000001f12b7e31e0 6064       2       java.lang.Character::codePointBefore (48 bytes)
Event: 36.287 Thread 0x000001f12b7e31e0 nmethod 6064 0x000001f118acae10 code [0x000001f118acafc0, 0x000001f118acb1d8]
Event: 36.290 Thread 0x000001f12b7e31e0 6065       2       java.lang.Character::isLowSurrogate (18 bytes)
Event: 36.290 Thread 0x000001f12b7e31e0 nmethod 6065 0x000001f118acb310 code [0x000001f118acb4a0, 0x000001f118acb5b0]
Event: 36.291 Thread 0x000001f12b7e31e0 6066       2       com.google.inject.internal.BindingImpl::getProvider (44 bytes)
Event: 36.292 Thread 0x000001f12b7e31e0 nmethod 6066 0x000001f118acb610 code [0x000001f118acb7e0, 0x000001f118acba18]
Event: 36.294 Thread 0x000001f12b7e31e0 6067       2       java.util.concurrent.ConcurrentHashMap::tableSizeFor (32 bytes)
Event: 36.294 Thread 0x000001f12b7e31e0 nmethod 6067 0x000001f118acbb10 code [0x000001f118acbcc0, 0x000001f118acbe38]
Event: 36.294 Thread 0x000001f12b7e31e0 6068       3       java.util.concurrent.ConcurrentHashMap::addCount (280 bytes)
Event: 36.296 Thread 0x000001f12b7e31e0 nmethod 6068 0x000001f118acbf10 code [0x000001f118acc160, 0x000001f118acca50]
Event: 36.301 Thread 0x000001f12b7e31e0 6070       2       ch.qos.logback.classic.Logger::getChildByName (68 bytes)
Event: 36.302 Thread 0x000001f12b7e31e0 nmethod 6070 0x000001f118accd90 code [0x000001f118accf80, 0x000001f118acd268]

GC Heap History (20 events):
Event: 22.526 GC heap before
{Heap before GC invocations=11 (full 1):
 PSYoungGen      total 26112K, used 24596K [0x00000000d5580000, 0x00000000d7280000, 0x0000000100000000)
  eden space 23552K, 100% used [0x00000000d5580000,0x00000000d6c80000,0x00000000d6c80000)
  from space 2560K, 40% used [0x00000000d6e80000,0x00000000d6f853f0,0x00000000d7100000)
  to   space 1536K, 0% used [0x00000000d7100000,0x00000000d7100000,0x00000000d7280000)
 ParOldGen       total 68608K, used 17201K [0x0000000080000000, 0x0000000084300000, 0x00000000d5580000)
  object space 68608K, 25% used [0x0000000080000000,0x00000000810cc598,0x0000000084300000)
 Metaspace       used 29053K, committed 30080K, reserved 1114112K
  class space    used 2974K, committed 3456K, reserved 1048576K
}
Event: 22.532 GC heap after
{Heap after GC invocations=11 (full 1):
 PSYoungGen      total 25088K, used 1467K [0x00000000d5580000, 0x00000000d7280000, 0x0000000100000000)
  eden space 23552K, 0% used [0x00000000d5580000,0x00000000d5580000,0x00000000d6c80000)
  from space 1536K, 95% used [0x00000000d7100000,0x00000000d726eda0,0x00000000d7280000)
  to   space 2048K, 0% used [0x00000000d6e80000,0x00000000d6e80000,0x00000000d7080000)
 ParOldGen       total 68608K, used 18589K [0x0000000080000000, 0x0000000084300000, 0x00000000d5580000)
  object space 68608K, 27% used [0x0000000080000000,0x00000000812274d0,0x0000000084300000)
 Metaspace       used 29053K, committed 30080K, reserved 1114112K
  class space    used 2974K, committed 3456K, reserved 1048576K
}
Event: 27.373 GC heap before
{Heap before GC invocations=12 (full 1):
 PSYoungGen      total 25088K, used 25019K [0x00000000d5580000, 0x00000000d7280000, 0x0000000100000000)
  eden space 23552K, 100% used [0x00000000d5580000,0x00000000d6c80000,0x00000000d6c80000)
  from space 1536K, 95% used [0x00000000d7100000,0x00000000d726eda0,0x00000000d7280000)
  to   space 2048K, 0% used [0x00000000d6e80000,0x00000000d6e80000,0x00000000d7080000)
 ParOldGen       total 68608K, used 18611K [0x0000000080000000, 0x0000000084300000, 0x00000000d5580000)
  object space 68608K, 27% used [0x0000000080000000,0x000000008122cc80,0x0000000084300000)
 Metaspace       used 30495K, committed 31488K, reserved 1114112K
  class space    used 3144K, committed 3584K, reserved 1048576K
}
Event: 27.378 GC heap after
{Heap after GC invocations=12 (full 1):
 PSYoungGen      total 24064K, used 1016K [0x00000000d5580000, 0x00000000d7180000, 0x0000000100000000)
  eden space 23040K, 0% used [0x00000000d5580000,0x00000000d5580000,0x00000000d6c00000)
  from space 1024K, 99% used [0x00000000d6e80000,0x00000000d6f7e020,0x00000000d6f80000)
  to   space 1536K, 0% used [0x00000000d7000000,0x00000000d7000000,0x00000000d7180000)
 ParOldGen       total 68608K, used 19976K [0x0000000080000000, 0x0000000084300000, 0x00000000d5580000)
  object space 68608K, 29% used [0x0000000080000000,0x00000000813822d8,0x0000000084300000)
 Metaspace       used 30495K, committed 31488K, reserved 1114112K
  class space    used 3144K, committed 3584K, reserved 1048576K
}
Event: 28.462 GC heap before
{Heap before GC invocations=13 (full 1):
 PSYoungGen      total 24064K, used 24056K [0x00000000d5580000, 0x00000000d7180000, 0x0000000100000000)
  eden space 23040K, 100% used [0x00000000d5580000,0x00000000d6c00000,0x00000000d6c00000)
  from space 1024K, 99% used [0x00000000d6e80000,0x00000000d6f7e020,0x00000000d6f80000)
  to   space 1536K, 0% used [0x00000000d7000000,0x00000000d7000000,0x00000000d7180000)
 ParOldGen       total 68608K, used 19976K [0x0000000080000000, 0x0000000084300000, 0x00000000d5580000)
  object space 68608K, 29% used [0x0000000080000000,0x00000000813822d8,0x0000000084300000)
 Metaspace       used 33286K, committed 34368K, reserved 1114112K
  class space    used 3453K, committed 3904K, reserved 1048576K
}
Event: 28.466 GC heap after
{Heap after GC invocations=13 (full 1):
 PSYoungGen      total 23552K, used 1005K [0x00000000d5580000, 0x00000000d7100000, 0x0000000100000000)
  eden space 22528K, 0% used [0x00000000d5580000,0x00000000d5580000,0x00000000d6b80000)
  from space 1024K, 98% used [0x00000000d7000000,0x00000000d70fb460,0x00000000d7100000)
  to   space 1536K, 0% used [0x00000000d6e00000,0x00000000d6e00000,0x00000000d6f80000)
 ParOldGen       total 68608K, used 20873K [0x0000000080000000, 0x0000000084300000, 0x00000000d5580000)
  object space 68608K, 30% used [0x0000000080000000,0x0000000081462780,0x0000000084300000)
 Metaspace       used 33286K, committed 34368K, reserved 1114112K
  class space    used 3453K, committed 3904K, reserved 1048576K
}
Event: 29.100 GC heap before
{Heap before GC invocations=14 (full 1):
 PSYoungGen      total 23552K, used 12184K [0x00000000d5580000, 0x00000000d7100000, 0x0000000100000000)
  eden space 22528K, 49% used [0x00000000d5580000,0x00000000d606ac30,0x00000000d6b80000)
  from space 1024K, 98% used [0x00000000d7000000,0x00000000d70fb460,0x00000000d7100000)
  to   space 1536K, 0% used [0x00000000d6e00000,0x00000000d6e00000,0x00000000d6f80000)
 ParOldGen       total 68608K, used 20873K [0x0000000080000000, 0x0000000084300000, 0x00000000d5580000)
  object space 68608K, 30% used [0x0000000080000000,0x0000000081462780,0x0000000084300000)
 Metaspace       used 34716K, committed 35840K, reserved 1114112K
  class space    used 3634K, committed 4160K, reserved 1048576K
}
Event: 29.106 GC heap after
{Heap after GC invocations=14 (full 1):
 PSYoungGen      total 24064K, used 717K [0x00000000d5580000, 0x00000000d7080000, 0x0000000100000000)
  eden space 22528K, 0% used [0x00000000d5580000,0x00000000d5580000,0x00000000d6b80000)
  from space 1536K, 46% used [0x00000000d6e00000,0x00000000d6eb35f8,0x00000000d6f80000)
  to   space 1024K, 0% used [0x00000000d6f80000,0x00000000d6f80000,0x00000000d7080000)
 ParOldGen       total 68608K, used 21684K [0x0000000080000000, 0x0000000084300000, 0x00000000d5580000)
  object space 68608K, 31% used [0x0000000080000000,0x000000008152d158,0x0000000084300000)
 Metaspace       used 34716K, committed 35840K, reserved 1114112K
  class space    used 3634K, committed 4160K, reserved 1048576K
}
Event: 29.106 GC heap before
{Heap before GC invocations=15 (full 2):
 PSYoungGen      total 24064K, used 717K [0x00000000d5580000, 0x00000000d7080000, 0x0000000100000000)
  eden space 22528K, 0% used [0x00000000d5580000,0x00000000d5580000,0x00000000d6b80000)
  from space 1536K, 46% used [0x00000000d6e00000,0x00000000d6eb35f8,0x00000000d6f80000)
  to   space 1024K, 0% used [0x00000000d6f80000,0x00000000d6f80000,0x00000000d7080000)
 ParOldGen       total 68608K, used 21684K [0x0000000080000000, 0x0000000084300000, 0x00000000d5580000)
  object space 68608K, 31% used [0x0000000080000000,0x000000008152d158,0x0000000084300000)
 Metaspace       used 34716K, committed 35840K, reserved 1114112K
  class space    used 3634K, committed 4160K, reserved 1048576K
}
Event: 29.169 GC heap after
{Heap after GC invocations=15 (full 2):
 PSYoungGen      total 24064K, used 0K [0x00000000d5580000, 0x00000000d7080000, 0x0000000100000000)
  eden space 22528K, 0% used [0x00000000d5580000,0x00000000d5580000,0x00000000d6b80000)
  from space 1536K, 0% used [0x00000000d6e00000,0x00000000d6e00000,0x00000000d6f80000)
  to   space 1024K, 0% used [0x00000000d6f80000,0x00000000d6f80000,0x00000000d7080000)
 ParOldGen       total 68608K, used 17622K [0x0000000080000000, 0x0000000084300000, 0x00000000d5580000)
  object space 68608K, 25% used [0x0000000080000000,0x0000000081135b80,0x0000000084300000)
 Metaspace       used 34716K, committed 35840K, reserved 1114112K
  class space    used 3634K, committed 4160K, reserved 1048576K
}
Event: 29.981 GC heap before
{Heap before GC invocations=16 (full 2):
 PSYoungGen      total 24064K, used 22528K [0x00000000d5580000, 0x00000000d7080000, 0x0000000100000000)
  eden space 22528K, 100% used [0x00000000d5580000,0x00000000d6b80000,0x00000000d6b80000)
  from space 1536K, 0% used [0x00000000d6e00000,0x00000000d6e00000,0x00000000d6f80000)
  to   space 1024K, 0% used [0x00000000d6f80000,0x00000000d6f80000,0x00000000d7080000)
 ParOldGen       total 68608K, used 17642K [0x0000000080000000, 0x0000000084300000, 0x00000000d5580000)
  object space 68608K, 25% used [0x0000000080000000,0x000000008113a910,0x0000000084300000)
 Metaspace       used 37394K, committed 38528K, reserved 1114112K
  class space    used 3974K, committed 4480K, reserved 1048576K
}
Event: 29.984 GC heap after
{Heap after GC invocations=16 (full 2):
 PSYoungGen      total 23552K, used 1010K [0x00000000d5580000, 0x00000000d7080000, 0x0000000100000000)
  eden space 22528K, 0% used [0x00000000d5580000,0x00000000d5580000,0x00000000d6b80000)
  from space 1024K, 98% used [0x00000000d6f80000,0x00000000d707cbb8,0x00000000d7080000)
  to   space 2048K, 0% used [0x00000000d6c80000,0x00000000d6c80000,0x00000000d6e80000)
 ParOldGen       total 68608K, used 18267K [0x0000000080000000, 0x0000000084300000, 0x00000000d5580000)
  object space 68608K, 26% used [0x0000000080000000,0x00000000811d6d50,0x0000000084300000)
 Metaspace       used 37394K, committed 38528K, reserved 1114112K
  class space    used 3974K, committed 4480K, reserved 1048576K
}
Event: 31.182 GC heap before
{Heap before GC invocations=17 (full 2):
 PSYoungGen      total 23552K, used 23538K [0x00000000d5580000, 0x00000000d7080000, 0x0000000100000000)
  eden space 22528K, 99% used [0x00000000d5580000,0x00000000d6b7fff0,0x00000000d6b80000)
  from space 1024K, 98% used [0x00000000d6f80000,0x00000000d707cbb8,0x00000000d7080000)
  to   space 2048K, 0% used [0x00000000d6c80000,0x00000000d6c80000,0x00000000d6e80000)
 ParOldGen       total 68608K, used 18275K [0x0000000080000000, 0x0000000084300000, 0x00000000d5580000)
  object space 68608K, 26% used [0x0000000080000000,0x00000000811d8c08,0x0000000084300000)
 Metaspace       used 39879K, committed 41024K, reserved 1114112K
  class space    used 4330K, committed 4800K, reserved 1048576K
}
Event: 31.188 GC heap after
{Heap after GC invocations=17 (full 2):
 PSYoungGen      total 24064K, used 2048K [0x00000000d5580000, 0x00000000d7200000, 0x0000000100000000)
  eden space 22016K, 0% used [0x00000000d5580000,0x00000000d5580000,0x00000000d6b00000)
  from space 2048K, 100% used [0x00000000d6c80000,0x00000000d6e80000,0x00000000d6e80000)
  to   space 3584K, 0% used [0x00000000d6e80000,0x00000000d6e80000,0x00000000d7200000)
 ParOldGen       total 68608K, used 19423K [0x0000000080000000, 0x0000000084300000, 0x00000000d5580000)
  object space 68608K, 28% used [0x0000000080000000,0x00000000812f7c40,0x0000000084300000)
 Metaspace       used 39879K, committed 41024K, reserved 1114112K
  class space    used 4330K, committed 4800K, reserved 1048576K
}
Event: 32.215 GC heap before
{Heap before GC invocations=18 (full 2):
 PSYoungGen      total 24064K, used 24064K [0x00000000d5580000, 0x00000000d7200000, 0x0000000100000000)
  eden space 22016K, 100% used [0x00000000d5580000,0x00000000d6b00000,0x00000000d6b00000)
  from space 2048K, 100% used [0x00000000d6c80000,0x00000000d6e80000,0x00000000d6e80000)
  to   space 3584K, 0% used [0x00000000d6e80000,0x00000000d6e80000,0x00000000d7200000)
 ParOldGen       total 68608K, used 19423K [0x0000000080000000, 0x0000000084300000, 0x00000000d5580000)
  object space 68608K, 28% used [0x0000000080000000,0x00000000812f7c40,0x0000000084300000)
 Metaspace       used 42340K, committed 43520K, reserved 1114112K
  class space    used 4672K, committed 5248K, reserved 1048576K
}
Event: 32.219 GC heap after
{Heap after GC invocations=18 (full 2):
 PSYoungGen      total 23552K, used 1172K [0x00000000d5580000, 0x00000000d7000000, 0x0000000100000000)
  eden space 22016K, 0% used [0x00000000d5580000,0x00000000d5580000,0x00000000d6b00000)
  from space 1536K, 76% used [0x00000000d6e80000,0x00000000d6fa50d0,0x00000000d7000000)
  to   space 2048K, 0% used [0x00000000d6c00000,0x00000000d6c00000,0x00000000d6e00000)
 ParOldGen       total 68608K, used 21343K [0x0000000080000000, 0x0000000084300000, 0x00000000d5580000)
  object space 68608K, 31% used [0x0000000080000000,0x00000000814d7c40,0x0000000084300000)
 Metaspace       used 42340K, committed 43520K, reserved 1114112K
  class space    used 4672K, committed 5248K, reserved 1048576K
}
Event: 33.148 GC heap before
{Heap before GC invocations=19 (full 2):
 PSYoungGen      total 23552K, used 23188K [0x00000000d5580000, 0x00000000d7000000, 0x0000000100000000)
  eden space 22016K, 100% used [0x00000000d5580000,0x00000000d6b00000,0x00000000d6b00000)
  from space 1536K, 76% used [0x00000000d6e80000,0x00000000d6fa50d0,0x00000000d7000000)
  to   space 2048K, 0% used [0x00000000d6c00000,0x00000000d6c00000,0x00000000d6e00000)
 ParOldGen       total 68608K, used 21343K [0x0000000080000000, 0x0000000084300000, 0x00000000d5580000)
  object space 68608K, 31% used [0x0000000080000000,0x00000000814d7c40,0x0000000084300000)
 Metaspace       used 43948K, committed 45184K, reserved 1114112K
  class space    used 4868K, committed 5440K, reserved 1048576K
}
Event: 33.158 GC heap after
{Heap after GC invocations=19 (full 2):
 PSYoungGen      total 24064K, used 2044K [0x00000000d5580000, 0x00000000d7500000, 0x0000000100000000)
  eden space 22016K, 0% used [0x00000000d5580000,0x00000000d5580000,0x00000000d6b00000)
  from space 2048K, 99% used [0x00000000d6c00000,0x00000000d6dff0b8,0x00000000d6e00000)
  to   space 5120K, 0% used [0x00000000d7000000,0x00000000d7000000,0x00000000d7500000)
 ParOldGen       total 68608K, used 23391K [0x0000000080000000, 0x0000000084300000, 0x00000000d5580000)
  object space 68608K, 34% used [0x0000000080000000,0x00000000816d7c20,0x0000000084300000)
 Metaspace       used 43948K, committed 45184K, reserved 1114112K
  class space    used 4868K, committed 5440K, reserved 1048576K
}
Event: 35.476 GC heap before
{Heap before GC invocations=20 (full 2):
 PSYoungGen      total 24064K, used 24058K [0x00000000d5580000, 0x00000000d7500000, 0x0000000100000000)
  eden space 22016K, 99% used [0x00000000d5580000,0x00000000d6aff920,0x00000000d6b00000)
  from space 2048K, 99% used [0x00000000d6c00000,0x00000000d6dff0b8,0x00000000d6e00000)
  to   space 5120K, 0% used [0x00000000d7000000,0x00000000d7000000,0x00000000d7500000)
 ParOldGen       total 68608K, used 23391K [0x0000000080000000, 0x0000000084300000, 0x00000000d5580000)
  object space 68608K, 34% used [0x0000000080000000,0x00000000816d7c20,0x0000000084300000)
 Metaspace       used 45632K, committed 46912K, reserved 1114112K
  class space    used 5122K, committed 5696K, reserved 1048576K
}
Event: 35.484 GC heap after
{Heap after GC invocations=20 (full 2):
 PSYoungGen      total 22016K, used 5098K [0x00000000d5580000, 0x00000000d7f00000, 0x0000000100000000)
  eden space 16896K, 0% used [0x00000000d5580000,0x00000000d5580000,0x00000000d6600000)
  from space 5120K, 99% used [0x00000000d7000000,0x00000000d74fa980,0x00000000d7500000)
  to   space 10240K, 0% used [0x00000000d6600000,0x00000000d6600000,0x00000000d7000000)
 ParOldGen       total 68608K, used 27127K [0x0000000080000000, 0x0000000084300000, 0x00000000d5580000)
  object space 68608K, 39% used [0x0000000080000000,0x0000000081a7dc28,0x0000000084300000)
 Metaspace       used 45632K, committed 46912K, reserved 1114112K
  class space    used 5122K, committed 5696K, reserved 1048576K
}

Dll operation events (20 events):
Event: 0.027 Attempting to load shared library c:\Users\welcome\.vscode\extensions\redhat.java-1.56.0-win32-x64\jre\21.0.12.1-win32-x86_64\bin\java.dll
Event: 0.027 Loaded shared library c:\Users\welcome\.vscode\extensions\redhat.java-1.56.0-win32-x64\jre\21.0.12.1-win32-x86_64\bin\java.dll
Event: 0.614 Attempting to load shared library c:\Users\welcome\.vscode\extensions\redhat.java-1.56.0-win32-x64\jre\21.0.12.1-win32-x86_64\bin\zip.dll
Event: 0.615 Loaded shared library c:\Users\welcome\.vscode\extensions\redhat.java-1.56.0-win32-x64\jre\21.0.12.1-win32-x86_64\bin\zip.dll
Event: 0.686 Attempting to load shared library C:\Users\welcome\.vscode\extensions\redhat.java-1.56.0-win32-x64\jre\21.0.12.1-win32-x86_64\bin\instrument.dll
Event: 0.686 Loaded shared library C:\Users\welcome\.vscode\extensions\redhat.java-1.56.0-win32-x64\jre\21.0.12.1-win32-x86_64\bin\instrument.dll
Event: 0.695 Attempting to load shared library C:\Users\welcome\.vscode\extensions\redhat.java-1.56.0-win32-x64\jre\21.0.12.1-win32-x86_64\bin\net.dll
Event: 0.696 Loaded shared library C:\Users\welcome\.vscode\extensions\redhat.java-1.56.0-win32-x64\jre\21.0.12.1-win32-x86_64\bin\net.dll
Event: 0.699 Attempting to load shared library C:\Users\welcome\.vscode\extensions\redhat.java-1.56.0-win32-x64\jre\21.0.12.1-win32-x86_64\bin\nio.dll
Event: 0.699 Loaded shared library C:\Users\welcome\.vscode\extensions\redhat.java-1.56.0-win32-x64\jre\21.0.12.1-win32-x86_64\bin\nio.dll
Event: 0.707 Attempting to load shared library C:\Users\welcome\.vscode\extensions\redhat.java-1.56.0-win32-x64\jre\21.0.12.1-win32-x86_64\bin\zip.dll
Event: 0.707 Loaded shared library C:\Users\welcome\.vscode\extensions\redhat.java-1.56.0-win32-x64\jre\21.0.12.1-win32-x86_64\bin\zip.dll
Event: 0.749 Attempting to load shared library C:\Users\welcome\.vscode\extensions\redhat.java-1.56.0-win32-x64\jre\21.0.12.1-win32-x86_64\bin\jimage.dll
Event: 0.749 Loaded shared library C:\Users\welcome\.vscode\extensions\redhat.java-1.56.0-win32-x64\jre\21.0.12.1-win32-x86_64\bin\jimage.dll
Event: 1.060 Attempting to load shared library c:\Users\welcome\.vscode\extensions\redhat.java-1.56.0-win32-x64\jre\21.0.12.1-win32-x86_64\bin\verify.dll
Event: 1.061 Loaded shared library c:\Users\welcome\.vscode\extensions\redhat.java-1.56.0-win32-x64\jre\21.0.12.1-win32-x86_64\bin\verify.dll
Event: 6.840 Attempting to load shared library C:\Users\welcome\AppData\Roaming\Code\User\globalStorage\redhat.java\1.56.0\config_win\org.eclipse.equinox.launcher\org.eclipse.equinox.launcher.win32.win32.x86_64_1.3.100.v20260804-1928\eclipse_11924.dll
Event: 6.846 Loaded shared library C:\Users\welcome\AppData\Roaming\Code\User\globalStorage\redhat.java\1.56.0\config_win\org.eclipse.equinox.launcher\org.eclipse.equinox.launcher.win32.win32.x86_64_1.3.100.v20260804-1928\eclipse_11924.dll
Event: 15.453 Attempting to load shared library C:\Users\welcome\AppData\Local\Temp\jna-1233099618\jna3479893276878275386.dll
Event: 17.484 Loaded shared library C:\Users\welcome\AppData\Local\Temp\jna-1233099618\jna3479893276878275386.dll

Deoptimization events (20 events):
Event: 36.162 Thread 0x000001f172834e60 Uncommon trap: trap_request=0xffffff45 fr.pc=0x000001f11fbd8dbc relative=0x00000000000009bc
Event: 36.162 Thread 0x000001f172834e60 Uncommon trap: reason=unstable_if action=reinterpret pc=0x000001f11fbd8dbc method=java.util.concurrent.ConcurrentHashMap.putVal(Ljava/lang/Object;Ljava/lang/Object;Z)Ljava/lang/Object; @ 97 c2
Event: 36.162 Thread 0x000001f172834e60 DEOPT PACKING pc=0x000001f11fbd8dbc sp=0x00000081a99fe100
Event: 36.163 Thread 0x000001f172834e60 DEOPT UNPACKING pc=0x000001f11f513aa2 sp=0x00000081a99fe088 mode 2
Event: 36.174 Thread 0x000001f172834e60 Uncommon trap: trap_request=0xffffff45 fr.pc=0x000001f11fb4e0b8 relative=0x0000000000000178
Event: 36.174 Thread 0x000001f172834e60 Uncommon trap: reason=unstable_if action=reinterpret pc=0x000001f11fb4e0b8 method=java.util.concurrent.ConcurrentHashMap.addCount(JI)V @ 34 c2
Event: 36.174 Thread 0x000001f172834e60 DEOPT PACKING pc=0x000001f11fb4e0b8 sp=0x00000081a99fd950
Event: 36.174 Thread 0x000001f172834e60 DEOPT UNPACKING pc=0x000001f11f513aa2 sp=0x00000081a99fd8b0 mode 2
Event: 36.180 Thread 0x000001f1728354f0 Uncommon trap: trap_request=0xffffff45 fr.pc=0x000001f11fc13a30 relative=0x0000000000006e50
Event: 36.180 Thread 0x000001f1728354f0 Uncommon trap: reason=unstable_if action=reinterpret pc=0x000001f11fc13a30 method=java.util.concurrent.locks.ReentrantLock$Sync.lock()V @ 4 c2
Event: 36.180 Thread 0x000001f1728354f0 DEOPT PACKING pc=0x000001f11fc13a30 sp=0x00000081a9afdd10
Event: 36.180 Thread 0x000001f1728354f0 DEOPT UNPACKING pc=0x000001f11f513aa2 sp=0x00000081a9afdad0 mode 2
Event: 36.220 Thread 0x000001f172308930 DEOPT PACKING pc=0x000001f118a8dbdc sp=0x00000081a91fef80
Event: 36.220 Thread 0x000001f172308930 DEOPT UNPACKING pc=0x000001f11f514242 sp=0x00000081a91fe4d8 mode 0
Event: 36.223 Thread 0x000001f172308930 DEOPT PACKING pc=0x000001f118a8dcb0 sp=0x00000081a91fef80
Event: 36.223 Thread 0x000001f172308930 DEOPT UNPACKING pc=0x000001f11f514242 sp=0x00000081a91fe4d8 mode 0
Event: 36.224 Thread 0x000001f172308930 DEOPT PACKING pc=0x000001f118a8dbdc sp=0x00000081a91fef80
Event: 36.224 Thread 0x000001f172308930 DEOPT UNPACKING pc=0x000001f11f514242 sp=0x00000081a91fe4d8 mode 0
Event: 36.226 Thread 0x000001f172308930 DEOPT PACKING pc=0x000001f118a8dcb0 sp=0x00000081a91fef80
Event: 36.226 Thread 0x000001f172308930 DEOPT UNPACKING pc=0x000001f11f514242 sp=0x00000081a91fe4d8 mode 0

Classes loaded (20 events):
Event: 32.158 Loading class java/time/format/DateTimeParseContext
Event: 32.159 Loading class java/time/format/DateTimeParseContext done
Event: 32.159 Loading class java/time/format/Parsed
Event: 32.161 Loading class java/time/format/Parsed done
Event: 32.344 Loading class java/util/concurrent/ConcurrentHashMap$ValueSpliterator
Event: 32.348 Loading class java/util/concurrent/ConcurrentHashMap$ValueSpliterator done
Event: 32.350 Loading class jdk/internal/loader/BootLoader$PackageHelper
Event: 32.353 Loading class jdk/internal/loader/BootLoader$PackageHelper done
Event: 32.686 Loading class java/lang/ExceptionInInitializerError
Event: 32.687 Loading class java/lang/ExceptionInInitializerError done
Event: 32.813 Loading class jdk/internal/org/objectweb/asm/ClassReader
Event: 32.815 Loading class jdk/internal/org/objectweb/asm/ClassReader done
Event: 35.395 Loading class java/lang/ProcessEnvironment$CheckedKeySet
Event: 35.395 Loading class java/lang/ProcessEnvironment$CheckedKeySet done
Event: 36.078 Loading class java/io/DataOutputStream
Event: 36.078 Loading class java/io/DataOutputStream done
Event: 36.102 Loading class java/util/RegularEnumSet$EnumSetIterator
Event: 36.102 Loading class java/util/RegularEnumSet$EnumSetIterator done
Event: 36.267 Loading class java/util/regex/Pattern$Pos
Event: 36.267 Loading class java/util/regex/Pattern$Pos done

Classes unloaded (7 events):
Event: 20.269 Thread 0x000001f12b75e040 Unloading class 0x000001f12d1acc00 'java/lang/invoke/LambdaForm$MH+0x000001f12d1acc00'
Event: 20.269 Thread 0x000001f12b75e040 Unloading class 0x000001f12d1ac800 'java/lang/invoke/LambdaForm$MH+0x000001f12d1ac800'
Event: 20.269 Thread 0x000001f12b75e040 Unloading class 0x000001f12d1ac400 'java/lang/invoke/LambdaForm$MH+0x000001f12d1ac400'
Event: 20.269 Thread 0x000001f12b75e040 Unloading class 0x000001f12d1ac000 'java/lang/invoke/LambdaForm$MH+0x000001f12d1ac000'
Event: 20.269 Thread 0x000001f12b75e040 Unloading class 0x000001f12d1abc00 'java/lang/invoke/LambdaForm$BMH+0x000001f12d1abc00'
Event: 20.269 Thread 0x000001f12b75e040 Unloading class 0x000001f12d1ab800 'java/lang/invoke/LambdaForm$DMH+0x000001f12d1ab800'
Event: 20.269 Thread 0x000001f12b75e040 Unloading class 0x000001f12d1aa400 'java/lang/invoke/LambdaForm$DMH+0x000001f12d1aa400'

Classes redefined (0 events):
No events

Internal exceptions (20 events):
Event: 28.872 Thread 0x000001f16d5db220 Exception <a 'java/io/FileNotFoundException'{0x00000000d5ca6a38}> (0x00000000d5ca6a38) 
thrown [s\src\hotspot\share\prims\jni.cpp, line 520]
Event: 28.947 Thread 0x000001f16d5db220 Exception <a 'java/lang/UnsatisfiedLinkError'{0x00000000d5cd8e10}: The specified procedure could not be found.
> (0x00000000d5cd8e10) 
thrown [s\src\hotspot\share\prims\jni.cpp, line 539]
Event: 29.243 Thread 0x000001f17369bd40 Exception <a 'java/lang/NoSuchMethodError'{0x00000000d5af6830}: 'void java.lang.invoke.DirectMethodHandle$Holder.invokeStaticInit(java.lang.Object, java.lang.Object, java.lang.Object, java.lang.Object)'> (0x00000000d5af6830) 
thrown [s\src\hotspot\share\interpreter\linkResolver.cpp, line 773]
Event: 29.818 Thread 0x000001f17369de10 Exception <a 'java/io/FileNotFoundException'{0x00000000d683d238}> (0x00000000d683d238) 
thrown [s\src\hotspot\share\prims\jni.cpp, line 520]
Event: 29.862 Thread 0x000001f112a918e0 Exception <a 'java/lang/NoSuchMethodError'{0x00000000d68b25b0}: 'java.lang.Object java.lang.invoke.DirectMethodHandle$Holder.invokeStatic(java.lang.Object, long, java.lang.Object)'> (0x00000000d68b25b0) 
thrown [s\src\hotspot\share\interpreter\linkResolver.cpp, line 773]
Event: 29.865 Thread 0x000001f112a918e0 Exception <a 'java/lang/NoSuchMethodError'{0x00000000d68c5988}: 'java.lang.Object java.lang.invoke.DirectMethodHandle$Holder.invokeStaticInit(java.lang.Object, long, java.lang.Object)'> (0x00000000d68c5988) 
thrown [s\src\hotspot\share\interpreter\linkResolver.cpp, line 773]
Event: 29.869 Thread 0x000001f112a918e0 Exception <a 'java/lang/NoSuchMethodError'{0x00000000d68d5c90}: 'java.lang.Object java.lang.invoke.DirectMethodHandle$Holder.newInvokeSpecial(java.lang.Object, long)'> (0x00000000d68d5c90) 
thrown [s\src\hotspot\share\interpreter\linkResolver.cpp, line 773]
Event: 30.833 Thread 0x000001f17369ca60 Exception <a 'java/lang/NoSuchMethodError'{0x00000000d5b8a9b0}: 'void java.lang.invoke.DirectMethodHandle$Holder.invokeStaticInit(java.lang.Object, java.lang.Object, java.lang.Object)'> (0x00000000d5b8a9b0) 
thrown [s\src\hotspot\share\interpreter\linkResolver.cpp, line 773]
Event: 31.079 Thread 0x000001f17369ca60 Exception <a 'java/lang/NoSuchMethodError'{0x00000000d66038d0}: 'java.lang.Object java.lang.invoke.DirectMethodHandle$Holder.invokeVirtual(java.lang.Object, java.lang.Object, java.lang.Object, java.lang.Object)'> (0x00000000d66038d0) 
thrown [s\src\hotspot\share\interpreter\linkResolver.cpp, line 773]
Event: 31.084 Thread 0x000001f17369ca60 Exception <a 'java/lang/NoSuchMethodError'{0x00000000d66b95e0}: 'java.lang.Object java.lang.invoke.DirectMethodHandle$Holder.invokeVirtual(java.lang.Object, java.lang.Object, java.lang.Object, java.lang.Object, java.lang.Object)'> (0x00000000d66b95e0) 
thrown [s\src\hotspot\share\interpreter\linkResolver.cpp, line 773]
Event: 31.567 Thread 0x000001f112a918e0 Exception <a 'java/lang/NoSuchMethodError'{0x00000000d6014d88}: 'void java.lang.invoke.DirectMethodHandle$Holder.invokeSpecial(java.lang.Object, java.lang.Object, java.lang.Object, java.lang.Object, java.lang.Object, java.lang.Object)'> (0x00000000d6014d88) 
thrown [s\src\hotspot\share\interpreter\linkResolver.cpp, line 773]
Event: 31.569 Thread 0x000001f112a918e0 Exception <a 'java/lang/IncompatibleClassChangeError'{0x00000000d601d0c0}: Found class java.lang.Object, but interface was expected> (0x00000000d601d0c0) 
thrown [s\src\hotspot\share\interpreter\linkResolver.cpp, line 840]
Event: 31.570 Thread 0x000001f112a918e0 Exception <a 'java/lang/IncompatibleClassChangeError'{0x00000000d601e238}: Found class java.lang.Object, but interface was expected> (0x00000000d601e238) 
thrown [s\src\hotspot\share\interpreter\linkResolver.cpp, line 840]
Event: 31.930 Thread 0x000001f173699c70 Implicit null exception at 0x000001f11fb36120 to 0x000001f11fb36378
Event: 32.690 Thread 0x000001f1728354f0 Exception <a 'java/lang/ExceptionInInitializerError'{0x00000000d6370588}> (0x00000000d6370588) 
thrown [s\src\hotspot\share\oops\instanceKlass.cpp, line 1218]
Event: 32.809 Thread 0x000001f1728354f0 Exception <a 'java/lang/NoSuchMethodError'{0x00000000d66a6ba8}: 'long java.lang.invoke.DirectMethodHandle$Holder.invokeStatic(java.lang.Object, java.lang.Object, int)'> (0x00000000d66a6ba8) 
thrown [s\src\hotspot\share\interpreter\linkResolver.cpp, line 773]
Event: 32.817 Thread 0x000001f1728354f0 Implicit null exception at 0x000001f11fb96680 to 0x000001f11fb96904
Event: 32.817 Thread 0x000001f1728354f0 Implicit null exception at 0x000001f11fb10da0 to 0x000001f11fb11d04
Event: 32.824 Thread 0x000001f1728354f0 Exception <a 'java/lang/NoSuchMethodError'{0x00000000d67014d0}: 'java.lang.Object java.lang.invoke.Invokers$Holder.invokeExact_MT(java.lang.Object, int, java.lang.Object)'> (0x00000000d67014d0) 
thrown [s\src\hotspot\share\interpreter\linkResolver.cpp, line 773]
Event: 35.332 Thread 0x000001f1728354f0 Exception <a 'java/lang/NoClassDefFoundError'{0x00000000d6700f68}: com/google/inject/servlet/ServletModuleTargetVisitor> (0x00000000d6700f68) 
thrown [s\src\hotspot\share\classfile\systemDictionary.cpp, line 302]

ZGC Phase Switch (0 events):
No events

VM Operations (20 events):
Event: 29.909 Executing safepoint VM operation: ParallelGCFailedAllocation (Allocation Failure)
Event: 29.909 Executing safepoint VM operation: ParallelGCFailedAllocation (Allocation Failure) done
Event: 29.981 Executing safepoint VM operation: ParallelGCSystemGC (GCLocker Initiated GC)
Event: 29.984 Executing safepoint VM operation: ParallelGCSystemGC (GCLocker Initiated GC) done
Event: 30.996 Executing safepoint VM operation: Cleanup
Event: 30.999 Executing safepoint VM operation: Cleanup done
Event: 31.182 Executing safepoint VM operation: ParallelGCFailedAllocation (Allocation Failure)
Event: 31.188 Executing safepoint VM operation: ParallelGCFailedAllocation (Allocation Failure) done
Event: 32.177 Executing safepoint VM operation: ParallelGCFailedAllocation (Allocation Failure)
Event: 32.219 Executing safepoint VM operation: ParallelGCFailedAllocation (Allocation Failure) done
Event: 32.276 Executing non-safepoint VM operation: HandshakeAllThreads (Deoptimize)
Event: 32.309 Executing non-safepoint VM operation: HandshakeAllThreads (Deoptimize) done
Event: 33.146 Executing non-safepoint VM operation: HandshakeAllThreads (Deoptimize)
Event: 33.146 Executing non-safepoint VM operation: HandshakeAllThreads (Deoptimize) done
Event: 33.148 Executing safepoint VM operation: ParallelGCFailedAllocation (Allocation Failure)
Event: 33.158 Executing safepoint VM operation: ParallelGCFailedAllocation (Allocation Failure) done
Event: 34.159 Executing safepoint VM operation: Cleanup
Event: 34.159 Executing safepoint VM operation: Cleanup done
Event: 35.476 Executing safepoint VM operation: ParallelGCFailedAllocation (Allocation Failure)
Event: 35.484 Executing safepoint VM operation: ParallelGCFailedAllocation (Allocation Failure) done

Memory protections (0 events):
No events

Nmethod flushes (20 events):
Event: 29.138 Thread 0x000001f12b75e040 flushing  nmethod 0x000001f1185ae810
Event: 29.138 Thread 0x000001f12b75e040 flushing  nmethod 0x000001f1185dfa10
Event: 29.138 Thread 0x000001f12b75e040 flushing  nmethod 0x000001f1185dfe10
Event: 29.138 Thread 0x000001f12b75e040 flushing  nmethod 0x000001f1185e0710
Event: 29.138 Thread 0x000001f12b75e040 flushing  nmethod 0x000001f1185e2990
Event: 29.138 Thread 0x000001f12b75e040 flushing  nmethod 0x000001f1185e3190
Event: 29.138 Thread 0x000001f12b75e040 flushing  nmethod 0x000001f1185e4e90
Event: 29.138 Thread 0x000001f12b75e040 flushing  nmethod 0x000001f1185e5290
Event: 29.138 Thread 0x000001f12b75e040 flushing  nmethod 0x000001f1185e5b90
Event: 29.138 Thread 0x000001f12b75e040 flushing  nmethod 0x000001f1185e7790
Event: 29.138 Thread 0x000001f12b75e040 flushing  nmethod 0x000001f1185e8410
Event: 29.138 Thread 0x000001f12b75e040 flushing  nmethod 0x000001f1185e8910
Event: 29.138 Thread 0x000001f12b75e040 flushing  nmethod 0x000001f1185ea710
Event: 29.138 Thread 0x000001f12b75e040 flushing  nmethod 0x000001f118642290
Event: 29.138 Thread 0x000001f12b75e040 flushing  nmethod 0x000001f118643010
Event: 29.138 Thread 0x000001f12b75e040 flushing  nmethod 0x000001f118650a10
Event: 29.138 Thread 0x000001f12b75e040 flushing  nmethod 0x000001f11865a510
Event: 29.138 Thread 0x000001f12b75e040 flushing  nmethod 0x000001f118696c10
Event: 29.138 Thread 0x000001f12b75e040 flushing  nmethod 0x000001f1186b2090
Event: 29.138 Thread 0x000001f12b75e040 flushing  nmethod 0x000001f1186c4e10

Events (20 events):
Event: 6.833 Thread 0x000001f112a918e0 Thread added: 0x000001f172435390
Event: 6.944 Thread 0x000001f172435390 Thread added: 0x000001f17223cab0
Event: 6.957 Thread 0x000001f112a918e0 Thread added: 0x000001f16d5db220
Event: 8.567 Thread 0x000001f16d5db220 Thread added: 0x000001f172204400
Event: 10.927 Thread 0x000001f16d5db220 Thread added: 0x000001f172f6c150
Event: 13.691 Thread 0x000001f16d5db220 Thread added: 0x000001f17285c040
Event: 17.824 Thread 0x000001f16d5db220 Thread added: 0x000001f172834140
Event: 18.066 Thread 0x000001f16d5db220 Thread added: 0x000001f172834e60
Event: 18.235 Thread 0x000001f16d5db220 Thread added: 0x000001f1728354f0
Event: 21.399 Thread 0x000001f172834e60 Thread added: 0x000001f17369bd40
Event: 21.529 Thread 0x000001f17369bd40 Thread added: 0x000001f17369de10
Event: 23.300 Thread 0x000001f16d5db220 Thread added: 0x000001f17369b020
Event: 29.174 Thread 0x000001f17369bd40 Thread added: 0x000001f17369ca60
Event: 29.428 Thread 0x000001f17369ca60 Thread added: 0x000001f17369d0f0
Event: 30.212 Thread 0x000001f112a918e0 Thread added: 0x000001f1736995e0
Event: 30.825 Thread 0x000001f17369ca60 Thread added: 0x000001f17369e4a0
Event: 30.863 Thread 0x000001f17369ca60 Thread added: 0x000001f17369b6b0
Event: 31.507 Thread 0x000001f17369ca60 Thread added: 0x000001f173699c70
Event: 31.863 Thread 0x000001f112a918e0 Thread added: 0x000001f17369d780
Event: 31.863 Thread 0x000001f112a918e0 Thread added: 0x000001f17369a990


Dynamic libraries:
0x00007ff784f00000 - 0x00007ff784f0e000 	c:\Users\welcome\.vscode\extensions\redhat.java-1.56.0-win32-x64\jre\21.0.12.1-win32-x86_64\bin\java.exe
0x00007fffc4bd0000 - 0x00007fffc4dc9000 	C:\Windows\SYSTEM32\ntdll.dll
0x00007fffc3a60000 - 0x00007fffc3b22000 	C:\Windows\System32\KERNEL32.DLL
0x00007fffc25d0000 - 0x00007fffc28c7000 	C:\Windows\System32\KERNELBASE.dll
0x00007fffc2a30000 - 0x00007fffc2b30000 	C:\Windows\System32\ucrtbase.dll
0x00007fffbedd0000 - 0x00007fffbede8000 	c:\Users\welcome\.vscode\extensions\redhat.java-1.56.0-win32-x64\jre\21.0.12.1-win32-x86_64\bin\jli.dll
0x00007fffc3560000 - 0x00007fffc36fd000 	C:\Windows\System32\USER32.dll
0x00007fffc2b80000 - 0x00007fffc2ba2000 	C:\Windows\System32\win32u.dll
0x00007fffc3b90000 - 0x00007fffc3bbb000 	C:\Windows\System32\GDI32.dll
0x00007fffc22c0000 - 0x00007fffc23da000 	C:\Windows\System32\gdi32full.dll
0x00007fffc2220000 - 0x00007fffc22bd000 	C:\Windows\System32\msvcp_win.dll
0x00007fffbedb0000 - 0x00007fffbedce000 	c:\Users\welcome\.vscode\extensions\redhat.java-1.56.0-win32-x64\jre\21.0.12.1-win32-x86_64\bin\VCRUNTIME140.dll
0x00007fffaf7a0000 - 0x00007fffafa3b000 	C:\Windows\WinSxS\amd64_microsoft.windows.common-controls_6595b64144ccf1df_6.0.19041.7663_none_60b9ed0b71f50c93\COMCTL32.dll
0x00007fffc3940000 - 0x00007fffc39de000 	C:\Windows\System32\msvcrt.dll
0x00007fffc3910000 - 0x00007fffc393f000 	C:\Windows\System32\IMM32.DLL
0x00007fffbe7d0000 - 0x00007fffbe7dc000 	c:\Users\welcome\.vscode\extensions\redhat.java-1.56.0-win32-x64\jre\21.0.12.1-win32-x86_64\bin\vcruntime140_1.dll
0x00007fffab420000 - 0x00007fffab4ad000 	c:\Users\welcome\.vscode\extensions\redhat.java-1.56.0-win32-x64\jre\21.0.12.1-win32-x86_64\bin\msvcp140.dll
0x00007fff860a0000 - 0x00007fff86e42000 	c:\Users\welcome\.vscode\extensions\redhat.java-1.56.0-win32-x64\jre\21.0.12.1-win32-x86_64\bin\server\jvm.dll
0x00007fffc4ad0000 - 0x00007fffc4b82000 	C:\Windows\System32\ADVAPI32.dll
0x00007fffc3400000 - 0x00007fffc34a0000 	C:\Windows\System32\sechost.dll
0x00007fffc37e0000 - 0x00007fffc3906000 	C:\Windows\System32\RPCRT4.dll
0x00007fffc2460000 - 0x00007fffc2487000 	C:\Windows\System32\bcrypt.dll
0x00007fffc39e0000 - 0x00007fffc3a53000 	C:\Windows\System32\WS2_32.dll
0x00007fffc2070000 - 0x00007fffc20bb000 	C:\Windows\SYSTEM32\POWRPROF.dll
0x00007fffad060000 - 0x00007fffad087000 	C:\Windows\SYSTEM32\WINMM.dll
0x00007fffbb7b0000 - 0x00007fffbb7ba000 	C:\Windows\SYSTEM32\VERSION.dll
0x00007fffc2050000 - 0x00007fffc2062000 	C:\Windows\SYSTEM32\UMPDC.dll
0x00007fffc0030000 - 0x00007fffc0042000 	C:\Windows\SYSTEM32\kernel.appcore.dll
0x00007fffbe7c0000 - 0x00007fffbe7ca000 	c:\Users\welcome\.vscode\extensions\redhat.java-1.56.0-win32-x64\jre\21.0.12.1-win32-x86_64\bin\jimage.dll
0x00007fffac260000 - 0x00007fffac46b000 	C:\Windows\SYSTEM32\DBGHELP.DLL
0x00007fffaae90000 - 0x00007fffaaec5000 	C:\Windows\SYSTEM32\dbgcore.DLL
0x00007fffc2540000 - 0x00007fffc25c2000 	C:\Windows\System32\bcryptPrimitives.dll
0x00007fffbc6c0000 - 0x00007fffbc6cf000 	c:\Users\welcome\.vscode\extensions\redhat.java-1.56.0-win32-x64\jre\21.0.12.1-win32-x86_64\bin\instrument.dll
0x00007fffbd060000 - 0x00007fffbd080000 	c:\Users\welcome\.vscode\extensions\redhat.java-1.56.0-win32-x64\jre\21.0.12.1-win32-x86_64\bin\java.dll
0x00007fffc2c80000 - 0x00007fffc33f1000 	C:\Windows\System32\SHELL32.dll
0x00007fffc0240000 - 0x00007fffc09ec000 	C:\Windows\SYSTEM32\windows.storage.dll
0x00007fffc4040000 - 0x00007fffc4394000 	C:\Windows\System32\combase.dll
0x00007fffc1b70000 - 0x00007fffc1b9b000 	C:\Windows\SYSTEM32\Wldp.dll
0x00007fffc34a0000 - 0x00007fffc354d000 	C:\Windows\System32\SHCORE.dll
0x00007fffc2c10000 - 0x00007fffc2c6b000 	C:\Windows\System32\shlwapi.dll
0x00007fffc2150000 - 0x00007fffc2175000 	C:\Windows\SYSTEM32\profapi.dll
0x00007fffbd040000 - 0x00007fffbd058000 	c:\Users\welcome\.vscode\extensions\redhat.java-1.56.0-win32-x64\jre\21.0.12.1-win32-x86_64\bin\zip.dll
0x00007fffbcc60000 - 0x00007fffbcc70000 	C:\Users\welcome\.vscode\extensions\redhat.java-1.56.0-win32-x64\jre\21.0.12.1-win32-x86_64\bin\net.dll
0x00007fffb8a20000 - 0x00007fffb8b2d000 	C:\Windows\SYSTEM32\WINHTTP.dll
0x00007fffc1880000 - 0x00007fffc18ea000 	C:\Windows\system32\mswsock.dll
0x00007fffbcc40000 - 0x00007fffbcc56000 	C:\Users\welcome\.vscode\extensions\redhat.java-1.56.0-win32-x64\jre\21.0.12.1-win32-x86_64\bin\nio.dll
0x00007fffbc6b0000 - 0x00007fffbc6c0000 	c:\Users\welcome\.vscode\extensions\redhat.java-1.56.0-win32-x64\jre\21.0.12.1-win32-x86_64\bin\verify.dll
0x00007fff9b3b0000 - 0x00007fff9b3f5000 	C:\Users\welcome\AppData\Roaming\Code\User\globalStorage\redhat.java\1.56.0\config_win\org.eclipse.equinox.launcher\org.eclipse.equinox.launcher.win32.win32.x86_64_1.3.100.v20260804-1928\eclipse_11924.dll
0x00007fffc4770000 - 0x00007fffc489c000 	C:\Windows\System32\ole32.dll
0x00007fffc1ad0000 - 0x00007fffc1ae8000 	C:\Windows\SYSTEM32\CRYPTSP.dll
0x00007fffc1180000 - 0x00007fffc11b8000 	C:\Windows\system32\rsaenh.dll
0x00007fffc20c0000 - 0x00007fffc20ee000 	C:\Windows\SYSTEM32\USERENV.dll
0x00007fffc1ac0000 - 0x00007fffc1acc000 	C:\Windows\SYSTEM32\CRYPTBASE.dll
0x00007fffc1550000 - 0x00007fffc158b000 	C:\Windows\SYSTEM32\IPHLPAPI.DLL
0x00007fffc2c70000 - 0x00007fffc2c78000 	C:\Windows\System32\NSI.dll
0x00007fff8e3b0000 - 0x00007fff8e3f9000 	C:\Users\welcome\AppData\Local\Temp\jna-1233099618\jna3479893276878275386.dll
0x00007fffc44c0000 - 0x00007fffc44c8000 	C:\Windows\System32\PSAPI.DLL
0x00007fffb9550000 - 0x00007fffb9567000 	C:\Windows\SYSTEM32\dhcpcsvc6.DLL
0x00007fffb9530000 - 0x00007fffb954d000 	C:\Windows\SYSTEM32\dhcpcsvc.DLL

JVMTI agents:
c:\Users\welcome\.vscode\extensions\redhat.java-1.56.0-win32-x64\lombok\lombok-1.18.39-4050.jar path:c:\Users\welcome\.vscode\extensions\redhat.java-1.56.0-win32-x64\jre\21.0.12.1-win32-x86_64\bin\instrument.dll, loaded, initialized, instrumentlib options:none

dbghelp: loaded successfully - version: 4.0.5 - missing functions: none
symbol engine: initialized successfully - sym options: 0x614 - pdb path: .;c:\Users\welcome\.vscode\extensions\redhat.java-1.56.0-win32-x64\jre\21.0.12.1-win32-x86_64\bin;C:\Windows\SYSTEM32;C:\Windows\WinSxS\amd64_microsoft.windows.common-controls_6595b64144ccf1df_6.0.19041.7663_none_60b9ed0b71f50c93;c:\Users\welcome\.vscode\extensions\redhat.java-1.56.0-win32-x64\jre\21.0.12.1-win32-x86_64\bin\server;C:\Users\welcome\AppData\Roaming\Code\User\globalStorage\redhat.java\1.56.0\config_win\org.eclipse.equinox.launcher\org.eclipse.equinox.launcher.win32.win32.x86_64_1.3.100.v20260804-1928;C:\Users\welcome\AppData\Local\Temp\jna-1233099618

VM Arguments:
jvm_args: --add-modules=ALL-SYSTEM --add-opens=java.base/java.util=ALL-UNNAMED --add-opens=java.base/java.lang=ALL-UNNAMED --add-opens=java.base/sun.nio.fs=ALL-UNNAMED -Declipse.application=org.eclipse.jdt.ls.core.id1 -Dosgi.bundles.defaultStartLevel=4 -Declipse.product=org.eclipse.jdt.ls.core.product -Djava.import.generatesMetadataFilesAtProjectRoot=false -Dm2e.project.cache.size=50 -DDetectVMInstallationsJob.disabled=true -Dfile.encoding=utf8 -XX:+UseParallelGC -XX:GCTimeRatio=4 -XX:AdaptiveSizePolicyWeight=90 -Dsun.zip.disableMemoryMapping=true -Xmx2G -Xms100m -Xlog:disable -javaagent:c:\Users\welcome\.vscode\extensions\redhat.java-1.56.0-win32-x64\lombok\lombok-1.18.39-4050.jar -XX:+HeapDumpOnOutOfMemoryError -XX:HeapDumpPath=c:\Users\welcome\AppData\Roaming\Code\User\workspaceStorage\438089d090c8572c52f170013986077f\redhat.java -Daether.dependencyCollector.impl=bf 
java_command: c:\Users\welcome\.vscode\extensions\redhat.java-1.56.0-win32-x64\server\plugins\org.eclipse.equinox.launcher_1.8.0.v20260804-1928.jar -configuration c:\Users\welcome\AppData\Roaming\Code\User\globalStorage\redhat.java\1.56.0\config_win -data c:\Users\welcome\AppData\Roaming\Code\User\workspaceStorage\438089d090c8572c52f170013986077f\redhat.java\jdt_ws --stdio
java_class_path (initial): c:\Users\welcome\.vscode\extensions\redhat.java-1.56.0-win32-x64\server\plugins\org.eclipse.equinox.launcher_1.8.0.v20260804-1928.jar
Launcher Type: SUN_STANDARD

[Global flags]
    uintx AdaptiveSizePolicyWeight                 = 90                                        {product} {command line}
     intx CICompilerCount                          = 3                                         {product} {ergonomic}
    uintx GCTimeRatio                              = 4                                         {product} {command line}
     bool HeapDumpOnOutOfMemoryError               = true                                   {manageable} {command line}
    ccstr HeapDumpPath                             = c:\Users\welcome\AppData\Roaming\Code\User\workspaceStorage\438089d090c8572c52f170013986077f\redhat.java         {manageable} {command line}
   size_t InitialHeapSize                          = 104857600                                 {product} {command line}
   size_t MaxHeapSize                              = 2147483648                                {product} {command line}
   size_t MaxNewSize                               = 715653120                                 {product} {ergonomic}
   size_t MinHeapDeltaBytes                        = 524288                                    {product} {ergonomic}
   size_t MinHeapSize                              = 104857600                                 {product} {command line}
   size_t NewSize                                  = 34603008                                  {product} {ergonomic}
    uintx NonNMethodCodeHeapSize                   = 5832780                                {pd product} {ergonomic}
    uintx NonProfiledCodeHeapSize                  = 122912730                              {pd product} {ergonomic}
   size_t OldSize                                  = 70254592                                  {product} {ergonomic}
    uintx ProfiledCodeHeapSize                     = 122912730                              {pd product} {ergonomic}
    uintx ReservedCodeCacheSize                    = 251658240                              {pd product} {ergonomic}
     bool SegmentedCodeCache                       = true                                      {product} {ergonomic}
   size_t SoftMaxHeapSize                          = 2147483648                             {manageable} {ergonomic}
     bool UseCompressedOops                        = true                           {product lp64_product} {ergonomic}
     bool UseLargePagesIndividualAllocation        = false                                  {pd product} {ergonomic}
     bool UseParallelGC                            = true                                      {product} {command line}

Logging:
Log output configuration:
 #0: stdout all=off uptime,level,tags foldmultilines=false
 #1: stderr all=off uptime,level,tags foldmultilines=false

Release file:
JAVA_VERSION="21.0.12.1" 
MODULES="java.base java.compiler java.datatransfer java.xml java.prefs java.desktop java.instrument java.logging java.management java.security.sasl java.naming java.rmi java.management.rmi java.net.http java.scripting java.security.jgss java.transaction.xa java.sql java.sql.rowset java.xml.crypto java.se java.smartcardio jdk.accessibility jdk.internal.jvmstat jdk.attach jdk.charsets jdk.internal.opt jdk.zipfs jdk.compiler jdk.crypto.ec jdk.crypto.cryptoki jdk.crypto.mscapi jdk.dynalink jdk.internal.ed jdk.editpad jdk.hotspot.agent jdk.httpserver jdk.internal.le jdk.internal.vm.ci jdk.internal.vm.compiler jdk.internal.vm.compiler.management jdk.jartool jdk.javadoc jdk.jcmd jdk.management jdk.management.agent jdk.jconsole jdk.jdeps jdk.jdwp.agent jdk.jdi jdk.jfr jdk.jshell jdk.jsobject jdk.jstatd jdk.localedata jdk.management.jfr jdk.naming.dns jdk.naming.rmi jdk.net jdk.nio.mapmode jdk.random jdk.sctp jdk.security.auth jdk.security.jgss jdk.unsupported jdk.unsupported.desktop jdk.xml.dom" 

Environment Variables:
PATH=C:\Program Files\Eclipse Adoptium\jdk-17.0.20.101-hotspot\bin;C:\Windows\system32;C:\Windows;C:\Windows\System32\Wbem;C:\Windows\System32\WindowsPowerShell\v1.0\;C:\Windows\System32\OpenSSH\;C:\Program Files\Git\cmd;C:\Program Files\nodejs\;C:\Users\welcome\AppData\Local\Microsoft\WindowsApps;C:\Users\welcome\AppData\Local\Programs\Microsoft VS Code\bin;C:\Users\welcome\AppData\Local\Programs\DockerDesktop\resources\bin;C:\Users\welcome\AppData\Roaming\npm
USERNAME=welcome
OS=Windows_NT
PROCESSOR_IDENTIFIER=Intel64 Family 6 Model 142 Stepping 9, GenuineIntel
TMP=C:\Users\welcome\AppData\Local\Temp
TEMP=C:\Users\welcome\AppData\Local\Temp




Periodic native trim disabled

---------------  S Y S T E M  ---------------

OS:
 Windows 10 , 64 bit Build 19041 (10.0.19041.7725)
OS uptime: 5 days 23:09 hours
Hyper-V role detected

CPU: total 4 (initial active 4) (2 cores per cpu, 2 threads per core) family 6 model 142 stepping 9 microcode 0xea, cx8, cmov, fxsr, ht, mmx, 3dnowpref, sse, sse2, sse3, ssse3, sse4.1, sse4.2, popcnt, lzcnt, tsc, tscinvbit, avx, avx2, aes, erms, clmul, bmi1, bmi2, adx, fma, vzeroupper, clflush, clflushopt, hv, rdtscp, f16c
Processor Information for the first 4 processors :
  Max Mhz: 2400, Current Mhz: 2400, Mhz Limit: 2400

Memory: 4k page, system-wide physical 4005M (210M free)
TotalPageFile size 11505M (AvailPageFile size 19M)
current process WorkingSet (physical memory assigned to process): 222M, peak: 226M
current process commit charge ("private bytes"): 325M, peak: 340M

vm_info: OpenJDK 64-Bit Server VM (21.0.12.1+1-LTS) for windows-amd64 JRE (21.0.12.1+1-LTS), built on 2026-08-18T00:00:00Z by "admin" with MS VC++ 17.12 (VS2022)

END.
