#
# There is insufficient memory for the Java Runtime Environment to continue.
# Native memory allocation (mmap) failed to map 105906176 bytes. Error detail: G1 virtual space
# Possible reasons:
#   The system is out of physical RAM or swap space
#   This process is running with CompressedOops enabled, and the Java Heap may be blocking the growth of the native heap
# Possible solutions:
#   Reduce memory load on the system
#   Increase physical memory or swap space
#   Check if swap backing store is full
#   Decrease Java heap size (-Xmx/-Xms)
#   Decrease number of Java threads
#   Decrease Java thread stack sizes (-Xss)
#   Set larger code cache with -XX:ReservedCodeCacheSize=
#   JVM is running with Unscaled Compressed Oops mode in which the Java heap is
#     placed in the first 4GB address space. The Java Heap base address is the
#     maximum limit for the native heap growth. Please use -XX:HeapBaseMinAddress
#     to set the Java Heap base and to place the Java Heap above 4GB virtual address.
# This output file may be truncated or incomplete.
#
#  Out of Memory Error (os_windows.cpp:3630), pid=13912, tid=17432
#
# JRE version: OpenJDK Runtime Environment Temurin-17.0.20.1+1 (17.0.20.1+1) (build 17.0.20.1+1)
# Java VM: OpenJDK 64-Bit Server VM Temurin-17.0.20.1+1 (17.0.20.1+1, mixed mode, sharing, tiered, compressed oops, compressed class ptrs, g1 gc, windows-amd64)
# No core dump will be written. Minidumps are not enabled by default on client versions of Windows
#

---------------  S U M M A R Y ------------

Command Line: -DkotlinLanguageServer.version=1.3.13 org.javacs.kt.MainKt

Host: Intel(R) Core(TM) i3-7100U CPU @ 2.40GHz, 4 cores, 3G,  Windows 10 , 64 bit Build 19041 (10.0.19041.7725)
Time: Tue Sep 29 09:45:34 2026 India Standard Time elapsed time: 41.796096 seconds (0d 0h 0m 41s)

---------------  T H R E A D  ---------------

Current thread (0x0000020b9ab80f70):  VMThread "VM Thread" [stack: 0x000000eb53200000,0x000000eb53300000] [id=17432]

Stack: [0x000000eb53200000,0x000000eb53300000]
Native frames: (J=compiled Java code, j=interpreted, Vv=VM code, C=native code)
V  [jvm.dll+0x684d39]
V  [jvm.dll+0x83a565]
V  [jvm.dll+0x83bfde]
V  [jvm.dll+0x83c663]
V  [jvm.dll+0x2490cf]
V  [jvm.dll+0x681af9]
V  [jvm.dll+0x6768ba]
V  [jvm.dll+0x309467]
V  [jvm.dll+0x310a56]
V  [jvm.dll+0x360f3e]
V  [jvm.dll+0x36117d]
V  [jvm.dll+0x2e04ec]
V  [jvm.dll+0x2de8c2]
V  [jvm.dll+0x2de05c]
V  [jvm.dll+0x320cab]
V  [jvm.dll+0x840e7d]
V  [jvm.dll+0x841bb3]
V  [jvm.dll+0x8420df]
V  [jvm.dll+0x8424c5]
V  [jvm.dll+0x84258e]
V  [jvm.dll+0x7eb17c]
V  [jvm.dll+0x683c07]
C  [ucrtbase.dll+0x21bb2]
C  [KERNEL32.DLL+0x17384]
C  [ntdll.dll+0x4cc91]

VM_Operation (0x000000eb54afcc20): G1CollectForAllocation, mode: safepoint, requested by thread 0x0000020bead45590


---------------  P R O C E S S  ---------------

Threads class SMR info:
_java_thread_list=0x0000020beaabc530, length=19, elements={
0x0000020b9ab85be0, 0x0000020b9ab86a60, 0x0000020b9aba0440, 0x0000020b9aba2f10,
0x0000020b9aba38d0, 0x0000020b9aba4290, 0x0000020b9aba4f80, 0x0000020b9ac0c440,
0x0000020b9ac0ea60, 0x0000020be0079a20, 0x0000020be00885f0, 0x0000020be8b56010,
0x0000020bfefde880, 0x0000020be96c3f50, 0x0000020be96ae980, 0x0000020bea2b6010,
0x0000020be96168b0, 0x0000020be9616dc0, 0x0000020bead45590
}

Java Threads: ( => current thread )
  0x0000020b9ab85be0 JavaThread "Reference Handler" daemon [_thread_blocked, id=17980, stack(0x000000eb53300000,0x000000eb53400000)]
  0x0000020b9ab86a60 JavaThread "Finalizer" daemon [_thread_blocked, id=19948, stack(0x000000eb53400000,0x000000eb53500000)]
  0x0000020b9aba0440 JavaThread "Signal Dispatcher" daemon [_thread_blocked, id=18424, stack(0x000000eb53500000,0x000000eb53600000)]
  0x0000020b9aba2f10 JavaThread "Attach Listener" daemon [_thread_blocked, id=7980, stack(0x000000eb53600000,0x000000eb53700000)]
  0x0000020b9aba38d0 JavaThread "Service Thread" daemon [_thread_blocked, id=10104, stack(0x000000eb53700000,0x000000eb53800000)]
  0x0000020b9aba4290 JavaThread "Monitor Deflation Thread" daemon [_thread_blocked, id=9792, stack(0x000000eb53800000,0x000000eb53900000)]
  0x0000020b9aba4f80 JavaThread "C2 CompilerThread0" daemon [_thread_blocked, id=14648, stack(0x000000eb53900000,0x000000eb53a00000)]
  0x0000020b9ac0c440 JavaThread "C1 CompilerThread0" daemon [_thread_blocked, id=9596, stack(0x000000eb53a00000,0x000000eb53b00000)]
  0x0000020b9ac0ea60 JavaThread "Sweeper thread" daemon [_thread_blocked, id=15336, stack(0x000000eb53b00000,0x000000eb53c00000)]
  0x0000020be0079a20 JavaThread "Notification Thread" daemon [_thread_blocked, id=17032, stack(0x000000eb53c00000,0x000000eb53d00000)]
  0x0000020be00885f0 JavaThread "Common-Cleaner" daemon [_thread_blocked, id=21656, stack(0x000000eb53e00000,0x000000eb53f00000)]
  0x0000020be8b56010 JavaThread "client" [_thread_in_native, id=20288, stack(0x000000eb54200000,0x000000eb54300000)]
  0x0000020bfefde880 JavaThread "DestroyJavaVM" [_thread_blocked, id=18488, stack(0x000000eb52c00000,0x000000eb52d00000)]
  0x0000020be96c3f50 JavaThread "async0" [_thread_blocked, id=8884, stack(0x000000eb54300000,0x000000eb54400000)]
  0x0000020be96ae980 JavaThread "async1" [_thread_blocked, id=17460, stack(0x000000eb54400000,0x000000eb54500000)]
  0x0000020bea2b6010 JavaThread "debounce0" [_thread_blocked, id=21268, stack(0x000000eb54500000,0x000000eb54600000)]
  0x0000020be96168b0 JavaThread "async2" [_thread_blocked, id=21232, stack(0x000000eb54600000,0x000000eb54700000)]
  0x0000020be9616dc0 JavaThread "async3" [_thread_blocked, id=22248, stack(0x000000eb54700000,0x000000eb54800000)]
  0x0000020bead45590 JavaThread "ForkJoinPool.commonPool-worker-1" daemon [_thread_blocked, id=18816, stack(0x000000eb54a00000,0x000000eb54b00000)]

Other Threads:
=>0x0000020b9ab80f70 VMThread "VM Thread" [stack: 0x000000eb53200000,0x000000eb53300000] [id=17432]
  0x0000020be007e320 WatcherThread [stack: 0x000000eb53d00000,0x000000eb53e00000] [id=17544]
  0x0000020bff01af20 GCTaskThread "GC Thread#0" [stack: 0x000000eb52d00000,0x000000eb52e00000] [id=8768]
  0x0000020be05a7420 GCTaskThread "GC Thread#1" [stack: 0x000000eb53f00000,0x000000eb54000000] [id=17828]
  0x0000020be0713740 GCTaskThread "GC Thread#2" [stack: 0x000000eb54000000,0x000000eb54100000] [id=11756]
  0x0000020be07568a0 GCTaskThread "GC Thread#3" [stack: 0x000000eb54100000,0x000000eb54200000] [id=7476]
  0x0000020bff023bb0 ConcurrentGCThread "G1 Main Marker" [stack: 0x000000eb52e00000,0x000000eb52f00000] [id=19700]
  0x0000020bff0255e0 ConcurrentGCThread "G1 Conc#0" [stack: 0x000000eb52f00000,0x000000eb53000000] [id=13572]
  0x0000020bff072690 ConcurrentGCThread "G1 Refine#0" [stack: 0x000000eb53000000,0x000000eb53100000] [id=5136]
  0x0000020bff0730c0 ConcurrentGCThread "G1 Service" [stack: 0x000000eb53100000,0x000000eb53200000] [id=11400]

Threads with active compile tasks:
C2 CompilerThread0  41891 7293       4       com.intellij.psi.impl.java.stubs.impl.PsiClassReferenceListStubImpl::<init> (99 bytes)

VM state: at safepoint (normal execution)

VM Mutex/Monitor currently owned by a thread:  ([mutex/lock_event])
[0x0000020bfefd9ab0] Threads_lock - owner thread: 0x0000020b9ab80f70
[0x0000020bfefda0e0] Heap_lock - owner thread: 0x0000020bead45590

Heap address: 0x00000000c1600000, size: 1002 MB, Compressed Oops mode: 32-bit

CDS archive(s) mapped at: [0x0000020b9b000000-0x0000020b9bbb0000-0x0000020b9bbb0000), size 12255232, SharedBaseAddress: 0x0000020b9b000000, ArchiveRelocationMode: 1.
Compressed class space mapped at: 0x0000020b9c000000-0x0000020bdc000000, reserved size: 1073741824
Narrow klass base: 0x0000020b9b000000, Narrow klass shift: 0, Narrow klass range: 0x100000000

GC Precious Log:
 CPUs: 4 total, 4 available
 Memory: 4005M
 Large Page Support: Disabled
 NUMA Support: Disabled
 Compressed Oops: Enabled (32-bit)
 Heap Region Size: 1M
 Heap Min Capacity: 8M
 Heap Initial Capacity: 64M
 Heap Max Capacity: 1002M
 Pre-touch: Disabled
 Parallel Workers: 4
 Concurrent Workers: 1
 Concurrent Refinement Workers: 4
 Periodic GC: Disabled

Heap:
 garbage-first heap   total 106496K, used 55833K [0x00000000c1600000, 0x0000000100000000)
  region size 1024K, 5 young (5120K), 5 survivors (5120K)
 Metaspace       used 66980K, committed 67392K, reserved 1114112K
  class space    used 7988K, committed 8192K, reserved 1048576K

Heap Regions: E=young(eden), S=young(survivor), O=old, HS=humongous(starts), HC=humongous(continues), CS=collection set, F=free, OA=open archive, CA=closed archive, TAMS=top-at-mark-start (previous, next)
|   0|0x00000000c1600000, 0x00000000c1700000, 0x00000000c1700000|100%|HS|  |TAMS 0x00000000c1700000, 0x00000000c1700000| Complete 
|   1|0x00000000c1700000, 0x00000000c1800000, 0x00000000c1800000|100%|HC|  |TAMS 0x00000000c1800000, 0x00000000c1800000| Complete 
|   2|0x00000000c1800000, 0x00000000c1900000, 0x00000000c1900000|100%|HC|  |TAMS 0x00000000c1900000, 0x00000000c1900000| Complete 
|   3|0x00000000c1900000, 0x00000000c1a00000, 0x00000000c1a00000|100%|HC|  |TAMS 0x00000000c1a00000, 0x00000000c1a00000| Complete 
|   4|0x00000000c1a00000, 0x00000000c1b00000, 0x00000000c1b00000|100%| O|  |TAMS 0x00000000c1b00000, 0x00000000c1b00000| Untracked 
|   5|0x00000000c1b00000, 0x00000000c1c00000, 0x00000000c1c00000|100%| O|  |TAMS 0x00000000c1c00000, 0x00000000c1c00000| Untracked 
|   6|0x00000000c1c00000, 0x00000000c1d00000, 0x00000000c1d00000|100%| O|  |TAMS 0x00000000c1d00000, 0x00000000c1d00000| Untracked 
|   7|0x00000000c1d00000, 0x00000000c1e00000, 0x00000000c1e00000|100%| O|  |TAMS 0x00000000c1e00000, 0x00000000c1e00000| Untracked 
|   8|0x00000000c1e00000, 0x00000000c1f00000, 0x00000000c1f00000|100%| O|  |TAMS 0x00000000c1f00000, 0x00000000c1f00000| Untracked 
|   9|0x00000000c1f00000, 0x00000000c1f86600, 0x00000000c2000000| 52%| O|  |TAMS 0x00000000c1f00000, 0x00000000c1f00000| Untracked 
|  10|0x00000000c2000000, 0x00000000c2100000, 0x00000000c2100000|100%| O|  |TAMS 0x00000000c2100000, 0x00000000c2100000| Untracked 
|  11|0x00000000c2100000, 0x00000000c2200000, 0x00000000c2200000|100%| O|  |TAMS 0x00000000c2200000, 0x00000000c2200000| Untracked 
|  12|0x00000000c2200000, 0x00000000c2300000, 0x00000000c2300000|100%| O|  |TAMS 0x00000000c2300000, 0x00000000c2300000| Untracked 
|  13|0x00000000c2300000, 0x00000000c2400000, 0x00000000c2400000|100%| O|  |TAMS 0x00000000c2400000, 0x00000000c2400000| Untracked 
|  14|0x00000000c2400000, 0x00000000c2500000, 0x00000000c2500000|100%| O|  |TAMS 0x00000000c2500000, 0x00000000c2500000| Untracked 
|  15|0x00000000c2500000, 0x00000000c2600000, 0x00000000c2600000|100%| O|  |TAMS 0x00000000c2600000, 0x00000000c2600000| Untracked 
|  16|0x00000000c2600000, 0x00000000c2700000, 0x00000000c2700000|100%| O|  |TAMS 0x00000000c2700000, 0x00000000c2700000| Untracked 
|  17|0x00000000c2700000, 0x00000000c2800000, 0x00000000c2800000|100%| O|  |TAMS 0x00000000c2800000, 0x00000000c2800000| Untracked 
|  18|0x00000000c2800000, 0x00000000c2900000, 0x00000000c2900000|100%| O|  |TAMS 0x00000000c2900000, 0x00000000c2900000| Untracked 
|  19|0x00000000c2900000, 0x00000000c2a00000, 0x00000000c2a00000|100%| O|  |TAMS 0x00000000c2a00000, 0x00000000c2a00000| Untracked 
|  20|0x00000000c2a00000, 0x00000000c2b00000, 0x00000000c2b00000|100%| O|  |TAMS 0x00000000c2b00000, 0x00000000c2b00000| Untracked 
|  21|0x00000000c2b00000, 0x00000000c2c00000, 0x00000000c2c00000|100%| O|  |TAMS 0x00000000c2c00000, 0x00000000c2c00000| Untracked 
|  22|0x00000000c2c00000, 0x00000000c2d00000, 0x00000000c2d00000|100%| O|  |TAMS 0x00000000c2d00000, 0x00000000c2d00000| Untracked 
|  23|0x00000000c2d00000, 0x00000000c2e00000, 0x00000000c2e00000|100%| O|  |TAMS 0x00000000c2e00000, 0x00000000c2e00000| Untracked 
|  24|0x00000000c2e00000, 0x00000000c2f00000, 0x00000000c2f00000|100%| O|  |TAMS 0x00000000c2f00000, 0x00000000c2f00000| Untracked 
|  25|0x00000000c2f00000, 0x00000000c3000000, 0x00000000c3000000|100%| O|  |TAMS 0x00000000c3000000, 0x00000000c3000000| Untracked 
|  26|0x00000000c3000000, 0x00000000c3100000, 0x00000000c3100000|100%| O|  |TAMS 0x00000000c3100000, 0x00000000c3100000| Untracked 
|  27|0x00000000c3100000, 0x00000000c3200000, 0x00000000c3200000|100%| O|  |TAMS 0x00000000c3200000, 0x00000000c3200000| Untracked 
|  28|0x00000000c3200000, 0x00000000c3300000, 0x00000000c3300000|100%| O|  |TAMS 0x00000000c3300000, 0x00000000c3300000| Untracked 
|  29|0x00000000c3300000, 0x00000000c3400000, 0x00000000c3400000|100%| O|  |TAMS 0x00000000c3400000, 0x00000000c3400000| Untracked 
|  30|0x00000000c3400000, 0x00000000c3500000, 0x00000000c3500000|100%| O|  |TAMS 0x00000000c3500000, 0x00000000c3500000| Untracked 
|  31|0x00000000c3500000, 0x00000000c3600000, 0x00000000c3600000|100%| O|  |TAMS 0x00000000c3600000, 0x00000000c3600000| Untracked 
|  32|0x00000000c3600000, 0x00000000c3700000, 0x00000000c3700000|100%| O|  |TAMS 0x00000000c3700000, 0x00000000c3700000| Untracked 
|  33|0x00000000c3700000, 0x00000000c3800000, 0x00000000c3800000|100%| O|  |TAMS 0x00000000c3800000, 0x00000000c3800000| Untracked 
|  34|0x00000000c3800000, 0x00000000c3900000, 0x00000000c3900000|100%| O|  |TAMS 0x00000000c3900000, 0x00000000c3900000| Untracked 
|  35|0x00000000c3900000, 0x00000000c3a00000, 0x00000000c3a00000|100%| O|  |TAMS 0x00000000c3a00000, 0x00000000c3a00000| Untracked 
|  36|0x00000000c3a00000, 0x00000000c3b00000, 0x00000000c3b00000|100%| O|  |TAMS 0x00000000c3b00000, 0x00000000c3b00000| Untracked 
|  37|0x00000000c3b00000, 0x00000000c3c00000, 0x00000000c3c00000|100%| O|  |TAMS 0x00000000c3c00000, 0x00000000c3c00000| Untracked 
|  38|0x00000000c3c00000, 0x00000000c3d00000, 0x00000000c3d00000|100%| O|  |TAMS 0x00000000c3d00000, 0x00000000c3d00000| Untracked 
|  39|0x00000000c3d00000, 0x00000000c3e00000, 0x00000000c3e00000|100%| O|  |TAMS 0x00000000c3e00000, 0x00000000c3e00000| Untracked 
|  40|0x00000000c3e00000, 0x00000000c3f00000, 0x00000000c3f00000|100%| O|  |TAMS 0x00000000c3e21e00, 0x00000000c3f00000| Untracked 
|  41|0x00000000c3f00000, 0x00000000c4000000, 0x00000000c4000000|100%| O|  |TAMS 0x00000000c3f00000, 0x00000000c4000000| Untracked 
|  42|0x00000000c4000000, 0x00000000c4100000, 0x00000000c4100000|100%| O|  |TAMS 0x00000000c4000000, 0x00000000c4100000| Untracked 
|  43|0x00000000c4100000, 0x00000000c4200000, 0x00000000c4200000|100%| O|  |TAMS 0x00000000c4100000, 0x00000000c4200000| Untracked 
|  44|0x00000000c4200000, 0x00000000c4300000, 0x00000000c4300000|100%| O|  |TAMS 0x00000000c4200000, 0x00000000c4300000| Untracked 
|  45|0x00000000c4300000, 0x00000000c4400000, 0x00000000c4400000|100%| O|  |TAMS 0x00000000c4300000, 0x00000000c4400000| Untracked 
|  46|0x00000000c4400000, 0x00000000c4500000, 0x00000000c4500000|100%| O|  |TAMS 0x00000000c4400000, 0x00000000c4500000| Untracked 
|  47|0x00000000c4500000, 0x00000000c4600000, 0x00000000c4600000|100%| O|  |TAMS 0x00000000c4500000, 0x00000000c4600000| Untracked 
|  48|0x00000000c4600000, 0x00000000c4700000, 0x00000000c4700000|100%| O|  |TAMS 0x00000000c4600000, 0x00000000c4700000| Untracked 
|  49|0x00000000c4700000, 0x00000000c4800000, 0x00000000c4800000|100%| O|  |TAMS 0x00000000c4700000, 0x00000000c47cb600| Untracked 
|  50|0x00000000c4800000, 0x00000000c4800000, 0x00000000c4900000|  0%| F|  |TAMS 0x00000000c4800000, 0x00000000c4800000| Untracked 
|  51|0x00000000c4900000, 0x00000000c4900000, 0x00000000c4a00000|  0%| F|  |TAMS 0x00000000c4900000, 0x00000000c4900000| Untracked 
|  52|0x00000000c4a00000, 0x00000000c4a00000, 0x00000000c4b00000|  0%| F|  |TAMS 0x00000000c4a00000, 0x00000000c4a00000| Untracked 
|  53|0x00000000c4b00000, 0x00000000c4b00000, 0x00000000c4c00000|  0%| F|  |TAMS 0x00000000c4b00000, 0x00000000c4b00000| Untracked 
|  54|0x00000000c4c00000, 0x00000000c4c00000, 0x00000000c4d00000|  0%| F|  |TAMS 0x00000000c4c00000, 0x00000000c4c00000| Untracked 
|  55|0x00000000c4d00000, 0x00000000c4d00000, 0x00000000c4e00000|  0%| F|  |TAMS 0x00000000c4d00000, 0x00000000c4d00000| Untracked 
|  56|0x00000000c4e00000, 0x00000000c4e00000, 0x00000000c4f00000|  0%| F|  |TAMS 0x00000000c4e00000, 0x00000000c4e00000| Untracked 
|  57|0x00000000c4f00000, 0x00000000c4f00000, 0x00000000c5000000|  0%| F|  |TAMS 0x00000000c4f00000, 0x00000000c4f00000| Untracked 
|  58|0x00000000c5000000, 0x00000000c5000000, 0x00000000c5100000|  0%| F|  |TAMS 0x00000000c5000000, 0x00000000c5000000| Untracked 
|  59|0x00000000c5100000, 0x00000000c5100000, 0x00000000c5200000|  0%| F|  |TAMS 0x00000000c5100000, 0x00000000c5100000| Untracked 
|  60|0x00000000c5200000, 0x00000000c5200000, 0x00000000c5300000|  0%| F|  |TAMS 0x00000000c5200000, 0x00000000c5200000| Untracked 
|  61|0x00000000c5300000, 0x00000000c5300000, 0x00000000c5400000|  0%| F|  |TAMS 0x00000000c5300000, 0x00000000c5300000| Untracked 
|  62|0x00000000c5400000, 0x00000000c5400000, 0x00000000c5500000|  0%| F|  |TAMS 0x00000000c5400000, 0x00000000c5400000| Untracked 
|  63|0x00000000c5500000, 0x00000000c5500000, 0x00000000c5600000|  0%| F|  |TAMS 0x00000000c5500000, 0x00000000c5500000| Untracked 
|  64|0x00000000c5600000, 0x00000000c5600000, 0x00000000c5700000|  0%| F|  |TAMS 0x00000000c5600000, 0x00000000c5600000| Untracked 
|  65|0x00000000c5700000, 0x00000000c5700000, 0x00000000c5800000|  0%| F|  |TAMS 0x00000000c5700000, 0x00000000c5700000| Untracked 
|  66|0x00000000c5800000, 0x00000000c5900000, 0x00000000c5900000|100%| S|CS|TAMS 0x00000000c5800000, 0x00000000c5800000| Complete 
|  67|0x00000000c5900000, 0x00000000c5a00000, 0x00000000c5a00000|100%| S|CS|TAMS 0x00000000c5900000, 0x00000000c5900000| Complete 
|  68|0x00000000c5a00000, 0x00000000c5b00000, 0x00000000c5b00000|100%| S|CS|TAMS 0x00000000c5a00000, 0x00000000c5a00000| Complete 
|  69|0x00000000c5b00000, 0x00000000c5c00000, 0x00000000c5c00000|100%| S|CS|TAMS 0x00000000c5b00000, 0x00000000c5b00000| Complete 
|  70|0x00000000c5c00000, 0x00000000c5d00000, 0x00000000c5d00000|100%| S|CS|TAMS 0x00000000c5c00000, 0x00000000c5c00000| Complete 
|  71|0x00000000c5d00000, 0x00000000c5d00000, 0x00000000c5e00000|  0%| F|  |TAMS 0x00000000c5d00000, 0x00000000c5d00000| Untracked 
|  72|0x00000000c5e00000, 0x00000000c5e00000, 0x00000000c5f00000|  0%| F|  |TAMS 0x00000000c5e00000, 0x00000000c5e00000| Untracked 
|  73|0x00000000c5f00000, 0x00000000c5f00000, 0x00000000c6000000|  0%| F|  |TAMS 0x00000000c5f00000, 0x00000000c5f00000| Untracked 
|  74|0x00000000c6000000, 0x00000000c6000000, 0x00000000c6100000|  0%| F|  |TAMS 0x00000000c6000000, 0x00000000c6000000| Untracked 
|  75|0x00000000c6100000, 0x00000000c6100000, 0x00000000c6200000|  0%| F|  |TAMS 0x00000000c6100000, 0x00000000c6100000| Untracked 
|  76|0x00000000c6200000, 0x00000000c6200000, 0x00000000c6300000|  0%| F|  |TAMS 0x00000000c6200000, 0x00000000c6200000| Untracked 
|  77|0x00000000c6300000, 0x00000000c6300000, 0x00000000c6400000|  0%| F|  |TAMS 0x00000000c6300000, 0x00000000c6300000| Untracked 
|  78|0x00000000c6400000, 0x00000000c6400000, 0x00000000c6500000|  0%| F|  |TAMS 0x00000000c6400000, 0x00000000c6400000| Untracked 
|  79|0x00000000c6500000, 0x00000000c6500000, 0x00000000c6600000|  0%| F|  |TAMS 0x00000000c6500000, 0x00000000c6500000| Untracked 
|  80|0x00000000c6600000, 0x00000000c6600000, 0x00000000c6700000|  0%| F|  |TAMS 0x00000000c6600000, 0x00000000c6600000| Untracked 
|  81|0x00000000c6700000, 0x00000000c6700000, 0x00000000c6800000|  0%| F|  |TAMS 0x00000000c6700000, 0x00000000c6700000| Untracked 
|  82|0x00000000c6800000, 0x00000000c6800000, 0x00000000c6900000|  0%| F|  |TAMS 0x00000000c6800000, 0x00000000c6800000| Untracked 
|  83|0x00000000c6900000, 0x00000000c6900000, 0x00000000c6a00000|  0%| F|  |TAMS 0x00000000c6900000, 0x00000000c6900000| Untracked 
|  84|0x00000000c6a00000, 0x00000000c6a00000, 0x00000000c6b00000|  0%| F|  |TAMS 0x00000000c6a00000, 0x00000000c6a00000| Untracked 
|  85|0x00000000c6b00000, 0x00000000c6b00000, 0x00000000c6c00000|  0%| F|  |TAMS 0x00000000c6b00000, 0x00000000c6b00000| Untracked 
|  86|0x00000000c6c00000, 0x00000000c6c00000, 0x00000000c6d00000|  0%| F|  |TAMS 0x00000000c6c00000, 0x00000000c6c00000| Untracked 
|  87|0x00000000c6d00000, 0x00000000c6d00000, 0x00000000c6e00000|  0%| F|  |TAMS 0x00000000c6d00000, 0x00000000c6d00000| Untracked 
|  88|0x00000000c6e00000, 0x00000000c6e00000, 0x00000000c6f00000|  0%| F|  |TAMS 0x00000000c6e00000, 0x00000000c6e00000| Untracked 
|  89|0x00000000c6f00000, 0x00000000c6f00000, 0x00000000c7000000|  0%| F|  |TAMS 0x00000000c6f00000, 0x00000000c6f00000| Untracked 
|  90|0x00000000c7000000, 0x00000000c7000000, 0x00000000c7100000|  0%| F|  |TAMS 0x00000000c7000000, 0x00000000c7000000| Untracked 
|  91|0x00000000c7100000, 0x00000000c7100000, 0x00000000c7200000|  0%| F|  |TAMS 0x00000000c7100000, 0x00000000c7100000| Untracked 
|  92|0x00000000c7200000, 0x00000000c7200000, 0x00000000c7300000|  0%| F|  |TAMS 0x00000000c7200000, 0x00000000c7200000| Untracked 
|  93|0x00000000c7300000, 0x00000000c7300000, 0x00000000c7400000|  0%| F|  |TAMS 0x00000000c7300000, 0x00000000c7300000| Untracked 
|  94|0x00000000c7400000, 0x00000000c7400000, 0x00000000c7500000|  0%| F|  |TAMS 0x00000000c7400000, 0x00000000c7400000| Untracked 
|  95|0x00000000c7500000, 0x00000000c7500000, 0x00000000c7600000|  0%| F|  |TAMS 0x00000000c7500000, 0x00000000c7500000| Untracked 
|  96|0x00000000c7600000, 0x00000000c7600000, 0x00000000c7700000|  0%| F|  |TAMS 0x00000000c7600000, 0x00000000c7600000| Untracked 
|  97|0x00000000c7700000, 0x00000000c7700000, 0x00000000c7800000|  0%| F|  |TAMS 0x00000000c7700000, 0x00000000c7700000| Untracked 
|  98|0x00000000c7800000, 0x00000000c7800000, 0x00000000c7900000|  0%| F|  |TAMS 0x00000000c7800000, 0x00000000c7800000| Untracked 
|  99|0x00000000c7900000, 0x00000000c7900000, 0x00000000c7a00000|  0%| F|  |TAMS 0x00000000c7900000, 0x00000000c7900000| Untracked 
| 100|0x00000000c7a00000, 0x00000000c7a00000, 0x00000000c7b00000|  0%| F|  |TAMS 0x00000000c7a00000, 0x00000000c7a00000| Untracked 
| 101|0x00000000c7b00000, 0x00000000c7b00000, 0x00000000c7c00000|  0%| F|  |TAMS 0x00000000c7b00000, 0x00000000c7b00000| Untracked 
| 102|0x00000000c7c00000, 0x00000000c7c00000, 0x00000000c7d00000|  0%| F|  |TAMS 0x00000000c7c00000, 0x00000000c7c00000| Untracked 
| 103|0x00000000c7d00000, 0x00000000c7d00000, 0x00000000c7e00000|  0%| F|  |TAMS 0x00000000c7d00000, 0x00000000c7d00000| Untracked 

Card table byte_map: [0x0000020bff290000,0x0000020bff490000] _byte_map_base: 0x0000020bfec85000

Marking Bits (Prev, Next): (CMBitMap*) 0x0000020bff01b540, (CMBitMap*) 0x0000020bff01b580
 Prev Bits: [0x0000020b96ad0000, 0x0000020b97a78000)
 Next Bits: [0x0000020b97a80000, 0x0000020b98a28000)

Polling page: 0x0000020bfe790000

Metaspace:

Usage:
  Non-class:     57.61 MB used.
      Class:      7.80 MB used.
       Both:     65.41 MB used.

Virtual space:
  Non-class space:       64.00 MB reserved,      57.81 MB ( 90%) committed,  1 nodes.
      Class space:        1.00 GB reserved,       8.00 MB ( <1%) committed,  1 nodes.
             Both:        1.06 GB reserved,      65.81 MB (  6%) committed. 

Chunk freelists:
   Non-Class:  6.22 MB
       Class:  8.03 MB
        Both:  14.25 MB

MaxMetaspaceSize: unlimited
CompressedClassSpaceSize: 1.00 GB
Initial GC threshold: 21.00 MB
Current GC threshold: 109.19 MB
CDS: on
MetaspaceReclaimPolicy: balanced
 - commit_granule_bytes: 65536.
 - commit_granule_words: 8192.
 - virtual_space_node_default_size: 8388608.
 - enlarge_chunks_in_place: 1.
 - new_chunks_are_fully_committed: 0.
 - uncommit_free_chunks: 1.
 - use_allocation_guard: 0.
 - handle_deallocations: 1.


Internal statistics:

num_allocs_failed_limit: 8.
num_arena_births: 434.
num_arena_deaths: 0.
num_vsnodes_births: 2.
num_vsnodes_deaths: 0.
num_space_committed: 1051.
num_space_uncommitted: 0.
num_chunks_returned_to_freelist: 8.
num_chunks_taken_from_freelist: 2776.
num_chunk_merges: 8.
num_chunk_splits: 2174.
num_chunks_enlarged: 1878.
num_inconsistent_stats: 0.

CodeHeap 'non-profiled nmethods': size=120000Kb used=2745Kb max_used=3215Kb free=117254Kb
 bounds [0x0000020b8f5a0000, 0x0000020b8f8d0000, 0x0000020b96ad0000]
CodeHeap 'profiled nmethods': size=120000Kb used=14743Kb max_used=16727Kb free=105257Kb
 bounds [0x0000020b87ad0000, 0x0000020b88b30000, 0x0000020b8f000000]
CodeHeap 'non-nmethods': size=5760Kb used=1367Kb max_used=1435Kb free=4392Kb
 bounds [0x0000020b8f000000, 0x0000020b8f270000, 0x0000020b8f5a0000]
 total_blobs=7158 nmethods=6456 adapters=614
 compilation: enabled
              stopped_count=0, restarted_count=0
 full_count=0

Compilation events (20 events):
Event: 41.678 Thread 0x0000020b9aba4f80 nmethod 6919 0x0000020b8f5d5510 code [0x0000020b8f5d5700, 0x0000020b8f5d60d8]
Event: 41.678 Thread 0x0000020b9aba4f80 7284       4       com.intellij.util.containers.ContainerUtil::map (100 bytes)
Event: 41.721 Thread 0x0000020b9ac0c440 7294       2       jdk.internal.math.FDBigInteger::mult (64 bytes)
Event: 41.721 Thread 0x0000020b9ac0c440 nmethod 7294 0x0000020b8826eb10 code [0x0000020b8826ecc0, 0x0000020b8826eef8]
Event: 41.722 Thread 0x0000020b9ac0c440 7295       2       jdk.internal.math.FDBigInteger::<init> (30 bytes)
Event: 41.722 Thread 0x0000020b9ac0c440 nmethod 7295 0x0000020b88230690 code [0x0000020b88230840, 0x0000020b882309c8]
Event: 41.722 Thread 0x0000020b9ac0c440 7296       2       jdk.internal.math.FDBigInteger::trimLeadingZeros (57 bytes)
Event: 41.722 Thread 0x0000020b9ac0c440 nmethod 7296 0x0000020b87d9c690 code [0x0000020b87d9c840, 0x0000020b87d9ca18]
Event: 41.726 Thread 0x0000020b9ac0c440 7298       3       org.jetbrains.org.objectweb.asm.ClassReader::readField (666 bytes)
Event: 41.732 Thread 0x0000020b9ac0c440 nmethod 7298 0x0000020b87b32d10 code [0x0000020b87b332a0, 0x0000020b87b35ac8]
Event: 41.732 Thread 0x0000020b9ac0c440 7299       2       com.intellij.psi.impl.compiled.StubBuildingVisitor$FieldAnnotationCollectingVisitor::visitEnd (8 bytes)
Event: 41.732 Thread 0x0000020b9ac0c440 nmethod 7299 0x0000020b881cbf90 code [0x0000020b881cc140, 0x0000020b881cc268]
Event: 41.733 Thread 0x0000020b9ac0c440 7300       3       com.intellij.psi.impl.file.impl.FileManagerImpl::findCachedViewProvider (80 bytes)
Event: 41.734 Thread 0x0000020b9ac0c440 nmethod 7300 0x0000020b880bdb90 code [0x0000020b880bdde0, 0x0000020b880be7d8]
Event: 41.734 Thread 0x0000020b9ac0c440 7301       3       com.intellij.mock.MockFileIndexFacade::isInLibraryClasses (53 bytes)
Event: 41.735 Thread 0x0000020b9ac0c440 nmethod 7301 0x0000020b87cc1290 code [0x0000020b87cc14a0, 0x0000020b87cc1aa8]
Event: 41.759 Thread 0x0000020b9aba4f80 nmethod 7284 0x0000020b8f609310 code [0x0000020b8f609520, 0x0000020b8f60aa38]
Event: 41.759 Thread 0x0000020b9aba4f80 7293       4       com.intellij.psi.impl.java.stubs.impl.PsiClassReferenceListStubImpl::<init> (99 bytes)
Event: 41.774 Thread 0x0000020b9ac0c440 7303       3       com.intellij.psi.impl.file.impl.FileManagerImpl::findFile (91 bytes)
Event: 41.776 Thread 0x0000020b9ac0c440 nmethod 7303 0x0000020b881b4590 code [0x0000020b881b48a0, 0x0000020b881b5898]

GC Heap History (20 events):
Event: 35.756 GC heap after
{Heap after GC invocations=26 (full 0):
 garbage-first heap   total 55296K, used 34021K [0x00000000c1600000, 0x0000000100000000)
  region size 1024K, 2 young (2048K), 2 survivors (2048K)
 Metaspace       used 65520K, committed 65984K, reserved 1114112K
  class space    used 7909K, committed 8128K, reserved 1048576K
}
Event: 36.617 GC heap before
{Heap before GC invocations=27 (full 0):
 garbage-first heap   total 61440K, used 43237K [0x00000000c1600000, 0x0000000100000000)
  region size 1024K, 11 young (11264K), 2 survivors (2048K)
 Metaspace       used 66158K, committed 66560K, reserved 1114112K
  class space    used 7981K, committed 8192K, reserved 1048576K
}
Event: 36.627 GC heap after
{Heap after GC invocations=28 (full 0):
 garbage-first heap   total 61440K, used 35762K [0x00000000c1600000, 0x0000000100000000)
  region size 1024K, 2 young (2048K), 2 survivors (2048K)
 Metaspace       used 66158K, committed 66560K, reserved 1114112K
  class space    used 7981K, committed 8192K, reserved 1048576K
}
Event: 37.564 GC heap before
{Heap before GC invocations=28 (full 0):
 garbage-first heap   total 61440K, used 47026K [0x00000000c1600000, 0x0000000100000000)
  region size 1024K, 13 young (13312K), 2 survivors (2048K)
 Metaspace       used 66361K, committed 66752K, reserved 1114112K
  class space    used 7982K, committed 8192K, reserved 1048576K
}
Event: 37.574 GC heap after
{Heap after GC invocations=29 (full 0):
 garbage-first heap   total 61440K, used 37125K [0x00000000c1600000, 0x0000000100000000)
  region size 1024K, 2 young (2048K), 2 survivors (2048K)
 Metaspace       used 66361K, committed 66752K, reserved 1114112K
  class space    used 7982K, committed 8192K, reserved 1048576K
}
Event: 38.024 GC heap before
{Heap before GC invocations=30 (full 0):
 garbage-first heap   total 66560K, used 48389K [0x00000000c1600000, 0x0000000100000000)
  region size 1024K, 13 young (13312K), 2 survivors (2048K)
 Metaspace       used 66551K, committed 67008K, reserved 1114112K
  class space    used 7982K, committed 8192K, reserved 1048576K
}
Event: 38.029 GC heap after
{Heap after GC invocations=31 (full 0):
 garbage-first heap   total 66560K, used 38694K [0x00000000c1600000, 0x0000000100000000)
  region size 1024K, 2 young (2048K), 2 survivors (2048K)
 Metaspace       used 66551K, committed 67008K, reserved 1114112K
  class space    used 7982K, committed 8192K, reserved 1048576K
}
Event: 38.213 GC heap before
{Heap before GC invocations=31 (full 0):
 garbage-first heap   total 66560K, used 52006K [0x00000000c1600000, 0x0000000100000000)
  region size 1024K, 15 young (15360K), 2 survivors (2048K)
 Metaspace       used 66584K, committed 67008K, reserved 1114112K
  class space    used 7982K, committed 8192K, reserved 1048576K
}
Event: 38.218 GC heap after
{Heap after GC invocations=32 (full 0):
 garbage-first heap   total 79872K, used 40522K [0x00000000c1600000, 0x0000000100000000)
  region size 1024K, 2 young (2048K), 2 survivors (2048K)
 Metaspace       used 66584K, committed 67008K, reserved 1114112K
  class space    used 7982K, committed 8192K, reserved 1048576K
}
Event: 38.761 GC heap before
{Heap before GC invocations=33 (full 0):
 garbage-first heap   total 79872K, used 62026K [0x00000000c1600000, 0x0000000100000000)
  region size 1024K, 23 young (23552K), 2 survivors (2048K)
 Metaspace       used 66671K, committed 67136K, reserved 1114112K
  class space    used 7986K, committed 8192K, reserved 1048576K
}
Event: 38.770 GC heap after
{Heap after GC invocations=34 (full 0):
 garbage-first heap   total 79872K, used 42903K [0x00000000c1600000, 0x0000000100000000)
  region size 1024K, 3 young (3072K), 3 survivors (3072K)
 Metaspace       used 66671K, committed 67136K, reserved 1114112K
  class space    used 7986K, committed 8192K, reserved 1048576K
}
Event: 39.075 GC heap before
{Heap before GC invocations=34 (full 0):
 garbage-first heap   total 79872K, used 61335K [0x00000000c1600000, 0x0000000100000000)
  region size 1024K, 22 young (22528K), 3 survivors (3072K)
 Metaspace       used 66723K, committed 67136K, reserved 1114112K
  class space    used 7986K, committed 8192K, reserved 1048576K
}
Event: 39.082 GC heap after
{Heap after GC invocations=35 (full 0):
 garbage-first heap   total 79872K, used 45084K [0x00000000c1600000, 0x0000000100000000)
  region size 1024K, 3 young (3072K), 3 survivors (3072K)
 Metaspace       used 66723K, committed 67136K, reserved 1114112K
  class space    used 7986K, committed 8192K, reserved 1048576K
}
Event: 39.401 GC heap before
{Heap before GC invocations=35 (full 0):
 garbage-first heap   total 106496K, used 63516K [0x00000000c1600000, 0x0000000100000000)
  region size 1024K, 21 young (21504K), 3 survivors (3072K)
 Metaspace       used 66726K, committed 67136K, reserved 1114112K
  class space    used 7986K, committed 8192K, reserved 1048576K
}
Event: 39.419 GC heap after
{Heap after GC invocations=36 (full 0):
 garbage-first heap   total 106496K, used 46792K [0x00000000c1600000, 0x0000000100000000)
  region size 1024K, 2 young (2048K), 2 survivors (2048K)
 Metaspace       used 66726K, committed 67136K, reserved 1114112K
  class space    used 7986K, committed 8192K, reserved 1048576K
}
Event: 40.065 GC heap before
{Heap before GC invocations=37 (full 0):
 garbage-first heap   total 106496K, used 82632K [0x00000000c1600000, 0x0000000100000000)
  region size 1024K, 37 young (37888K), 2 survivors (2048K)
 Metaspace       used 66755K, committed 67200K, reserved 1114112K
  class space    used 7986K, committed 8192K, reserved 1048576K
}
Event: 40.080 GC heap after
{Heap after GC invocations=38 (full 0):
 garbage-first heap   total 106496K, used 50285K [0x00000000c1600000, 0x0000000100000000)
  region size 1024K, 5 young (5120K), 5 survivors (5120K)
 Metaspace       used 66755K, committed 67200K, reserved 1114112K
  class space    used 7986K, committed 8192K, reserved 1048576K
}
Event: 40.129 GC heap before
{Heap before GC invocations=38 (full 0):
 garbage-first heap   total 106496K, used 51309K [0x00000000c1600000, 0x0000000100000000)
  region size 1024K, 6 young (6144K), 5 survivors (5120K)
 Metaspace       used 66756K, committed 67200K, reserved 1114112K
  class space    used 7986K, committed 8192K, reserved 1048576K
}
Event: 40.139 GC heap after
{Heap after GC invocations=39 (full 0):
 garbage-first heap   total 106496K, used 50755K [0x00000000c1600000, 0x0000000100000000)
  region size 1024K, 1 young (1024K), 1 survivors (1024K)
 Metaspace       used 66756K, committed 67200K, reserved 1114112K
  class space    used 7986K, committed 8192K, reserved 1048576K
}
Event: 41.777 GC heap before
{Heap before GC invocations=39 (full 0):
 garbage-first heap   total 106496K, used 83523K [0x00000000c1600000, 0x0000000100000000)
  region size 1024K, 33 young (33792K), 1 survivors (1024K)
 Metaspace       used 66980K, committed 67392K, reserved 1114112K
  class space    used 7988K, committed 8192K, reserved 1048576K
}

Dll operation events (8 events):
Event: 0.112 Loaded shared library C:\Program Files\Eclipse Adoptium\jdk-17.0.20.101-hotspot\bin\java.dll
Event: 0.373 Loaded shared library C:\Program Files\Eclipse Adoptium\jdk-17.0.20.101-hotspot\bin\jsvml.dll
Event: 1.159 Loaded shared library C:\Program Files\Eclipse Adoptium\jdk-17.0.20.101-hotspot\bin\net.dll
Event: 1.408 Loaded shared library C:\Program Files\Eclipse Adoptium\jdk-17.0.20.101-hotspot\bin\nio.dll
Event: 1.429 Loaded shared library C:\Program Files\Eclipse Adoptium\jdk-17.0.20.101-hotspot\bin\zip.dll
Event: 2.164 Loaded shared library C:\Program Files\Eclipse Adoptium\jdk-17.0.20.101-hotspot\bin\jimage.dll
Event: 11.448 Loaded shared library C:\Program Files\Eclipse Adoptium\jdk-17.0.20.101-hotspot\bin\verify.dll
Event: 19.785 Loaded shared library C:\Users\welcome\AppData\Local\Temp\sqlite-3.41.2.1-ee680a6b-100d-421b-a21f-ca82a13446a0-sqlitejdbc.dll

Deoptimization events (20 events):
Event: 37.459 Thread 0x0000020bead45590 DEOPT PACKING pc=0x0000020b87d305bd sp=0x000000eb54afc850
Event: 37.459 Thread 0x0000020bead45590 DEOPT UNPACKING pc=0x0000020b8f057143 sp=0x000000eb54afbce0 mode 0
Event: 37.550 Thread 0x0000020bead45590 DEOPT PACKING pc=0x0000020b87d305bd sp=0x000000eb54afd420
Event: 37.550 Thread 0x0000020bead45590 DEOPT UNPACKING pc=0x0000020b8f057143 sp=0x000000eb54afc8b0 mode 0
Event: 37.643 Thread 0x0000020bead45590 DEOPT PACKING pc=0x0000020b87d305bd sp=0x000000eb54afd430
Event: 37.643 Thread 0x0000020bead45590 DEOPT UNPACKING pc=0x0000020b8f057143 sp=0x000000eb54afc8c0 mode 0
Event: 37.747 Thread 0x0000020bead45590 DEOPT PACKING pc=0x0000020b87d305bd sp=0x000000eb54afd490
Event: 37.747 Thread 0x0000020bead45590 DEOPT UNPACKING pc=0x0000020b8f057143 sp=0x000000eb54afc920 mode 0
Event: 37.773 Thread 0x0000020bead45590 DEOPT PACKING pc=0x0000020b87d305bd sp=0x000000eb54afd460
Event: 37.773 Thread 0x0000020bead45590 DEOPT UNPACKING pc=0x0000020b8f057143 sp=0x000000eb54afc8f0 mode 0
Event: 37.815 Thread 0x0000020bead45590 DEOPT PACKING pc=0x0000020b87d305bd sp=0x000000eb54afd290
Event: 37.815 Thread 0x0000020bead45590 DEOPT UNPACKING pc=0x0000020b8f057143 sp=0x000000eb54afc720 mode 0
Event: 37.847 Thread 0x0000020bead45590 DEOPT PACKING pc=0x0000020b87d305bd sp=0x000000eb54afd460
Event: 37.847 Thread 0x0000020bead45590 DEOPT UNPACKING pc=0x0000020b8f057143 sp=0x000000eb54afc8f0 mode 0
Event: 38.248 Thread 0x0000020bead45590 DEOPT PACKING pc=0x0000020b8872777c sp=0x000000eb54afc360
Event: 38.249 Thread 0x0000020bead45590 DEOPT UNPACKING pc=0x0000020b8f057143 sp=0x000000eb54afb910 mode 0
Event: 41.683 Thread 0x0000020bead45590 Uncommon trap: trap_request=0xffffff45 fr.pc=0x0000020b8f5eae6c relative=0x00000000000016ac
Event: 41.684 Thread 0x0000020bead45590 Uncommon trap: reason=unstable_if action=reinterpret pc=0x0000020b8f5eae6c method=org.jetbrains.org.objectweb.asm.ClassReader.readConst(I[C)Ljava/lang/Object; @ 15 c2
Event: 41.689 Thread 0x0000020bead45590 DEOPT PACKING pc=0x0000020b8f5eae6c sp=0x000000eb54afd0b0
Event: 41.690 Thread 0x0000020bead45590 DEOPT UNPACKING pc=0x0000020b8f0569a3 sp=0x000000eb54afcfc8 mode 2

Classes loaded (20 events):
Event: 31.259 Loading class java/util/stream/IntPipeline$1
Event: 31.260 Loading class java/util/stream/IntPipeline$1 done
Event: 31.262 Loading class java/util/stream/IntPipeline$1$1
Event: 31.262 Loading class java/util/stream/IntPipeline$1$1 done
Event: 31.528 Loading class java/util/concurrent/CompletableFuture$AsyncRun
Event: 31.529 Loading class java/util/concurrent/CompletableFuture$AsyncRun done
Event: 31.828 Loading class java/util/concurrent/ConcurrentLinkedQueue$Itr
Event: 31.828 Loading class java/util/concurrent/ConcurrentLinkedQueue$Itr done
Event: 33.121 Loading class java/util/stream/LongStream
Event: 33.122 Loading class java/util/stream/LongStream done
Event: 33.122 Loading class java/util/stream/DoubleStream
Event: 33.123 Loading class java/util/stream/DoubleStream done
Event: 33.401 Loading class java/lang/Character$UnicodeBlock
Event: 33.409 Loading class java/lang/Character$Subset
Event: 33.409 Loading class java/lang/Character$Subset done
Event: 33.409 Loading class java/lang/Character$UnicodeBlock done
Event: 35.943 Loading class java/text/ChoiceFormat
Event: 35.944 Loading class java/text/ChoiceFormat done
Event: 41.695 Loading class jdk/internal/math/FDBigInteger
Event: 41.704 Loading class jdk/internal/math/FDBigInteger done

Classes unloaded (0 events):
No events

Classes redefined (0 events):
No events

Internal exceptions (20 events):
Event: 29.834 Thread 0x0000020bea2b6010 Exception <a 'java/lang/NoSuchMethodError'{0x00000000c39e8fe0}: 'java.lang.Object java.lang.invoke.DirectMethodHandle$Holder.invokeStaticInit(java.lang.Object, java.lang.Object, java.lang.Object, java.lang.Object)'> (0x00000000c39e8fe0) 
thrown [s\src\hotspot\share\interpreter\linkResolver.cpp, line 759]
Event: 29.941 Thread 0x0000020bea2b6010 Exception <a 'java/lang/NoSuchMethodError'{0x00000000c4337d40}: 'java.lang.Object java.lang.invoke.DirectMethodHandle$Holder.newInvokeSpecial(java.lang.Object, java.lang.Object, java.lang.Object, java.lang.Object, int, java.lang.Object)'> (0x00000000c4337d40) 
thrown [s\src\hotspot\share\interpreter\linkResolver.cpp, line 759]
Event: 29.942 Thread 0x0000020bea2b6010 Exception <a 'java/lang/NoSuchMethodError'{0x00000000c433fbe0}: 'java.lang.Object java.lang.invoke.Invokers$Holder.linkToTargetMethod(java.lang.Object, java.lang.Object, java.lang.Object, int, java.lang.Object, java.lang.Object)'> (0x00000000c433fbe0) 
thrown [s\src\hotspot\share\interpreter\linkResolver.cpp, line 759]
Event: 31.016 Thread 0x0000020bea2b6010 Exception <a 'java/lang/NoSuchMethodError'{0x00000000c420ca20}: 'java.lang.Object java.lang.invoke.DirectMethodHandle$Holder.newInvokeSpecial(java.lang.Object, java.lang.Object, java.lang.Object, java.lang.Object, java.lang.Object, java.lang.Object, java.lang.Object, int)'> (0x00000000c420ca20) 
thrown [s\src\hotspot\share\interpreter\linkResolver.cpp, line 759]
Event: 31.017 Thread 0x0000020bea2b6010 Exception <a 'java/lang/NoSuchMethodError'{0x00000000c4211d70}: 'java.lang.Object java.lang.invoke.DirectMethodHandle$Holder.invokeSpecial(java.lang.Object, java.lang.Object, java.lang.Object, java.lang.Object, java.lang.Object, java.lang.Object, java.lang.Object, java.lang.Object, int)'> (0x00000000c4211d70) 
thrown [s\src\hotspot\share\interpreter\linkResolver.cpp, line 759]
Event: 31.084 Thread 0x0000020bea2b6010 Implicit null exception at 0x0000020b8f61f36f to 0x0000020b8f61f54c
Event: 31.258 Thread 0x0000020be96168b0 Implicit null exception at 0x0000020b8f7b8f95 to 0x0000020b8f7b936a
Event: 31.258 Thread 0x0000020be96168b0 Implicit null exception at 0x0000020b8f7b32af to 0x0000020b8f7b32ec
Event: 31.547 Thread 0x0000020be9616dc0 Implicit null exception at 0x0000020b8f77c1c0 to 0x0000020b8f7827b4
Event: 31.551 Thread 0x0000020be9616dc0 Exception <a 'java/lang/NoSuchMethodError'{0x00000000c55c3720}: 'java.lang.Object java.lang.invoke.DirectMethodHandle$Holder.newInvokeSpecial(java.lang.Object, java.lang.Object, java.lang.Object, java.lang.Object, long)'> (0x00000000c55c3720) 
thrown [s\src\hotspot\share\interpreter\linkResolver.cpp, line 759]
Event: 31.559 Thread 0x0000020be9616dc0 Exception <a 'java/lang/NoSuchMethodError'{0x00000000c55c77b0}: 'java.lang.Object java.lang.invoke.DirectMethodHandle$Holder.invokeSpecial(java.lang.Object, java.lang.Object, java.lang.Object, java.lang.Object, java.lang.Object, long)'> (0x00000000c55c77b0) 
thrown [s\src\hotspot\share\interpreter\linkResolver.cpp, line 759]
Event: 31.560 Thread 0x0000020be9616dc0 Exception <a 'java/lang/NoSuchMethodError'{0x00000000c55cb1f0}: 'java.lang.Object java.lang.invoke.Invokers$Holder.linkToTargetMethod(java.lang.Object, java.lang.Object, java.lang.Object, long, java.lang.Object)'> (0x00000000c55cb1f0) 
thrown [s\src\hotspot\share\interpreter\linkResolver.cpp, line 759]
Event: 32.151 Thread 0x0000020bea2b6010 Exception <a 'java/lang/NoSuchMethodError'{0x00000000c3c58790}: 'java.lang.Object java.lang.invoke.DirectMethodHandle$Holder.invokeStatic(java.lang.Object, int, java.lang.Object)'> (0x00000000c3c58790) 
thrown [s\src\hotspot\share\interpreter\linkResolver.cpp, line 759]
Event: 34.250 Thread 0x0000020bea2b6010 Exception <a 'java/lang/IncompatibleClassChangeError'{0x00000000c5511b70}: Found class java.lang.Object, but interface was expected> (0x00000000c5511b70) 
thrown [s\src\hotspot\share\interpreter\linkResolver.cpp, line 826]
Event: 34.254 Thread 0x0000020bea2b6010 Exception <a 'java/lang/NoSuchMethodError'{0x00000000c551d088}: 'java.lang.Object java.lang.invoke.DirectMethodHandle$Holder.invokeStatic(java.lang.Object, java.lang.Object, java.lang.Object, java.lang.Object, int)'> (0x00000000c551d088) 
thrown [s\src\hotspot\share\interpreter\linkResolver.cpp, line 759]
Event: 34.323 Thread 0x0000020bea2b6010 Implicit null exception at 0x0000020b8f711260 to 0x0000020b8f7114e8
Event: 35.601 Thread 0x0000020bea2b6010 Exception <a 'java/lang/NoSuchMethodError'{0x00000000c43ce0a8}: 'java.lang.Object java.lang.invoke.DirectMethodHandle$Holder.newInvokeSpecial(java.lang.Object, java.lang.Object, java.lang.Object, java.lang.Object, java.lang.Object, java.lang.Object, java.lang.Object, java.lang.Object, java.lang.Object)'> (0x00000000c43ce0a8) 
thrown [s\src\hotspot\share\interpreter\linkResolver.cpp, line 759]
Event: 35.604 Thread 0x0000020bea2b6010 Exception <a 'java/lang/NoSuchMethodError'{0x00000000c43d36c0}: 'java.lang.Object java.lang.invoke.DirectMethodHandle$Holder.invokeSpecial(java.lang.Object, java.lang.Object, java.lang.Object, java.lang.Object, java.lang.Object, java.lang.Object, java.lang.Object, java.lang.Object, java.lang.Object, java.lang.Object)'> (0x00000000c43d36c0) 
thrown [s\src\hotspot\share\interpreter\linkResolver.cpp, line 759]
Event: 35.604 Thread 0x0000020bea2b6010 Exception <a 'java/lang/NoSuchMethodError'{0x00000000c43d82e0}: 'java.lang.Object java.lang.invoke.Invokers$Holder.linkToTargetMethod(java.lang.Object, java.lang.Object, java.lang.Object, java.lang.Object, java.lang.Object, java.lang.Object, java.lang.Object, java.lang.Object, java.lang.Object)'> (0x00000000c43d82e0) 
thrown [s\src\hotspot\share\interpreter\linkResolver.cpp, line 759]
Event: 36.067 Thread 0x0000020bead45590 Implicit null exception at 0x0000020b8f8566cf to 0x0000020b8f8567a1

VM Operations (20 events):
Event: 39.082 Executing VM operation: G1CollectForAllocation done
Event: 39.275 Executing VM operation: G1PauseRemark
Event: 39.364 Executing VM operation: G1PauseRemark done
Event: 39.396 Executing VM operation: G1CollectForAllocation
Event: 39.419 Executing VM operation: G1CollectForAllocation done
Event: 39.522 Executing VM operation: G1PauseCleanup
Event: 39.524 Executing VM operation: G1PauseCleanup done
Event: 39.692 Executing VM operation: HandshakeAllThreads
Event: 39.693 Executing VM operation: HandshakeAllThreads done
Event: 40.065 Executing VM operation: G1CollectForAllocation
Event: 40.080 Executing VM operation: G1CollectForAllocation done
Event: 40.129 Executing VM operation: G1CollectForAllocation
Event: 40.139 Executing VM operation: G1CollectForAllocation done
Event: 40.642 Executing VM operation: HandshakeAllThreads
Event: 40.713 Executing VM operation: HandshakeAllThreads done
Event: 40.749 Executing VM operation: HandshakeAllThreads
Event: 40.760 Executing VM operation: HandshakeAllThreads done
Event: 41.762 Executing VM operation: Cleanup
Event: 41.763 Executing VM operation: Cleanup done
Event: 41.777 Executing VM operation: G1CollectForAllocation

Memory protections (0 events):
No events

Nmethod flushes (20 events):
Event: 40.776 Thread 0x0000020b9ac0ea60 flushing  nmethod 0x0000020b88730a10
Event: 40.776 Thread 0x0000020b9ac0ea60 flushing  nmethod 0x0000020b88731390
Event: 40.776 Thread 0x0000020b9ac0ea60 flushing  nmethod 0x0000020b88732310
Event: 40.776 Thread 0x0000020b9ac0ea60 flushing  nmethod 0x0000020b88761a10
Event: 40.776 Thread 0x0000020b9ac0ea60 flushing  nmethod 0x0000020b88761d90
Event: 40.776 Thread 0x0000020b9ac0ea60 flushing  nmethod 0x0000020b88771c90
Event: 40.776 Thread 0x0000020b9ac0ea60 flushing  nmethod 0x0000020b88787a10
Event: 40.777 Thread 0x0000020b9ac0ea60 flushing  nmethod 0x0000020b8879d490
Event: 40.777 Thread 0x0000020b9ac0ea60 flushing  nmethod 0x0000020b88874690
Event: 40.778 Thread 0x0000020b9ac0ea60 flushing  nmethod 0x0000020b888a7590
Event: 40.778 Thread 0x0000020b9ac0ea60 flushing  nmethod 0x0000020b888af610
Event: 40.778 Thread 0x0000020b9ac0ea60 flushing  nmethod 0x0000020b88906290
Event: 40.778 Thread 0x0000020b9ac0ea60 flushing  nmethod 0x0000020b88907710
Event: 40.778 Thread 0x0000020b9ac0ea60 flushing  nmethod 0x0000020b8893eb10
Event: 40.778 Thread 0x0000020b9ac0ea60 flushing  nmethod 0x0000020b8897d090
Event: 40.779 Thread 0x0000020b9ac0ea60 flushing  nmethod 0x0000020b88a26410
Event: 40.779 Thread 0x0000020b9ac0ea60 flushing  nmethod 0x0000020b88a27310
Event: 40.779 Thread 0x0000020b9ac0ea60 flushing  nmethod 0x0000020b88a36010
Event: 40.779 Thread 0x0000020b9ac0ea60 flushing  nmethod 0x0000020b88a3c890
Event: 40.779 Thread 0x0000020b9ac0ea60 flushing  nmethod 0x0000020b88a48b90

Events (20 events):
Event: 0.705 Thread 0x0000020bfefde880 Thread added: 0x0000020b9aba0440
Event: 0.705 Thread 0x0000020bfefde880 Thread added: 0x0000020b9aba2f10
Event: 0.705 Thread 0x0000020bfefde880 Thread added: 0x0000020b9aba38d0
Event: 0.712 Thread 0x0000020bfefde880 Thread added: 0x0000020b9aba4290
Event: 0.731 Thread 0x0000020bfefde880 Thread added: 0x0000020b9aba4f80
Event: 0.789 Thread 0x0000020bfefde880 Thread added: 0x0000020b9ac0c440
Event: 0.805 Thread 0x0000020bfefde880 Thread added: 0x0000020b9ac0ea60
Event: 1.099 Thread 0x0000020bfefde880 Thread added: 0x0000020be0079a20
Event: 1.106 Thread 0x0000020bfefde880 Thread added: 0x0000020be00885f0
Event: 17.837 Thread 0x0000020bfefde880 Thread added: 0x0000020be99d87e0
Event: 17.849 Thread 0x0000020be99d87e0 Thread exited: 0x0000020be99d87e0
Event: 18.759 Thread 0x0000020bfefde880 Thread added: 0x0000020be8b56010
Event: 18.760 Thread 0x0000020bfefde880 Thread exited: 0x0000020bfefde880
Event: 18.761 Thread 0x0000020bfefde880 Thread added: 0x0000020bfefde880
Event: 19.097 Thread 0x0000020be8b56010 Thread added: 0x0000020be96c3f50
Event: 22.926 Thread 0x0000020be96c3f50 Thread added: 0x0000020be96ae980
Event: 23.122 Thread 0x0000020be96c3f50 Thread added: 0x0000020bea2b6010
Event: 23.282 Thread 0x0000020be8b56010 Thread added: 0x0000020be96168b0
Event: 31.529 Thread 0x0000020be96168b0 Thread added: 0x0000020be9616dc0
Event: 35.846 Thread 0x0000020be8b56010 Thread added: 0x0000020bead45590


Dynamic libraries:
0x00007ff79be00000 - 0x00007ff79be0e000 	C:\Program Files\Eclipse Adoptium\jdk-17.0.20.101-hotspot\bin\java.exe
0x00007fffc4bd0000 - 0x00007fffc4dc9000 	C:\Windows\SYSTEM32\ntdll.dll
0x00007fffc3a60000 - 0x00007fffc3b22000 	C:\Windows\System32\KERNEL32.DLL
0x00007fffc25d0000 - 0x00007fffc28c7000 	C:\Windows\System32\KERNELBASE.dll
0x00007fffc2a30000 - 0x00007fffc2b30000 	C:\Windows\System32\ucrtbase.dll
0x00007fffbc170000 - 0x00007fffbc188000 	C:\Program Files\Eclipse Adoptium\jdk-17.0.20.101-hotspot\bin\jli.dll
0x00007fffc3560000 - 0x00007fffc36fd000 	C:\Windows\System32\USER32.dll
0x00007fffc2b80000 - 0x00007fffc2ba2000 	C:\Windows\System32\win32u.dll
0x00007fffc3b90000 - 0x00007fffc3bbb000 	C:\Windows\System32\GDI32.dll
0x00007fffc22c0000 - 0x00007fffc23da000 	C:\Windows\System32\gdi32full.dll
0x00007fffc2220000 - 0x00007fffc22bd000 	C:\Windows\System32\msvcp_win.dll
0x00007fffba490000 - 0x00007fffba4ae000 	C:\Program Files\Eclipse Adoptium\jdk-17.0.20.101-hotspot\bin\VCRUNTIME140.dll
0x00007fffaf7a0000 - 0x00007fffafa3b000 	C:\Windows\WinSxS\amd64_microsoft.windows.common-controls_6595b64144ccf1df_6.0.19041.7663_none_60b9ed0b71f50c93\COMCTL32.dll
0x00007fffc3940000 - 0x00007fffc39de000 	C:\Windows\System32\msvcrt.dll
0x00007fffc3910000 - 0x00007fffc393f000 	C:\Windows\System32\IMM32.DLL
0x00007fffbc940000 - 0x00007fffbc94c000 	C:\Program Files\Eclipse Adoptium\jdk-17.0.20.101-hotspot\bin\vcruntime140_1.dll
0x00007fff8e400000 - 0x00007fff8e48d000 	C:\Program Files\Eclipse Adoptium\jdk-17.0.20.101-hotspot\bin\msvcp140.dll
0x00007fff22fa0000 - 0x00007fff23c0c000 	C:\Program Files\Eclipse Adoptium\jdk-17.0.20.101-hotspot\bin\server\jvm.dll
0x00007fffc4ad0000 - 0x00007fffc4b82000 	C:\Windows\System32\ADVAPI32.dll
0x00007fffc3400000 - 0x00007fffc34a0000 	C:\Windows\System32\sechost.dll
0x00007fffc37e0000 - 0x00007fffc3906000 	C:\Windows\System32\RPCRT4.dll
0x00007fffc2460000 - 0x00007fffc2487000 	C:\Windows\System32\bcrypt.dll
0x00007fffc39e0000 - 0x00007fffc3a53000 	C:\Windows\System32\WS2_32.dll
0x00007fffc2070000 - 0x00007fffc20bb000 	C:\Windows\SYSTEM32\POWRPROF.dll
0x00007fffad060000 - 0x00007fffad087000 	C:\Windows\SYSTEM32\WINMM.dll
0x00007fffbb7b0000 - 0x00007fffbb7ba000 	C:\Windows\SYSTEM32\VERSION.dll
0x00007fffc2050000 - 0x00007fffc2062000 	C:\Windows\SYSTEM32\UMPDC.dll
0x00007fffc0030000 - 0x00007fffc0042000 	C:\Windows\SYSTEM32\kernel.appcore.dll
0x00007fffbc700000 - 0x00007fffbc70a000 	C:\Program Files\Eclipse Adoptium\jdk-17.0.20.101-hotspot\bin\jimage.dll
0x00007fffac260000 - 0x00007fffac46b000 	C:\Windows\SYSTEM32\DBGHELP.DLL
0x00007fffaae90000 - 0x00007fffaaec5000 	C:\Windows\SYSTEM32\dbgcore.DLL
0x00007fffc2540000 - 0x00007fffc25c2000 	C:\Windows\System32\bcryptPrimitives.dll
0x00007fff9dce0000 - 0x00007fff9dd05000 	C:\Program Files\Eclipse Adoptium\jdk-17.0.20.101-hotspot\bin\java.dll
0x00007fff8d840000 - 0x00007fff8d917000 	C:\Program Files\Eclipse Adoptium\jdk-17.0.20.101-hotspot\bin\jsvml.dll
0x00007fffc2c80000 - 0x00007fffc33f1000 	C:\Windows\System32\SHELL32.dll
0x00007fffc0240000 - 0x00007fffc09ec000 	C:\Windows\SYSTEM32\windows.storage.dll
0x00007fffc4040000 - 0x00007fffc4394000 	C:\Windows\System32\combase.dll
0x00007fffc1b70000 - 0x00007fffc1b9b000 	C:\Windows\SYSTEM32\Wldp.dll
0x00007fffc34a0000 - 0x00007fffc354d000 	C:\Windows\System32\SHCORE.dll
0x00007fffc2c10000 - 0x00007fffc2c6b000 	C:\Windows\System32\shlwapi.dll
0x00007fffc2150000 - 0x00007fffc2175000 	C:\Windows\SYSTEM32\profapi.dll
0x00007fffae230000 - 0x00007fffae24a000 	C:\Program Files\Eclipse Adoptium\jdk-17.0.20.101-hotspot\bin\net.dll
0x00007fffb8a20000 - 0x00007fffb8b2d000 	C:\Windows\SYSTEM32\WINHTTP.dll
0x00007fffc1880000 - 0x00007fffc18ea000 	C:\Windows\system32\mswsock.dll
0x00007fff971f0000 - 0x00007fff97206000 	C:\Program Files\Eclipse Adoptium\jdk-17.0.20.101-hotspot\bin\nio.dll
0x00007fff8e890000 - 0x00007fff8e8a8000 	C:\Program Files\Eclipse Adoptium\jdk-17.0.20.101-hotspot\bin\zip.dll
0x00007fffc1ad0000 - 0x00007fffc1ae8000 	C:\Windows\SYSTEM32\CRYPTSP.dll
0x00007fffc1180000 - 0x00007fffc11b8000 	C:\Windows\system32\rsaenh.dll
0x00007fffc20c0000 - 0x00007fffc20ee000 	C:\Windows\SYSTEM32\USERENV.dll
0x00007fffc1ac0000 - 0x00007fffc1acc000 	C:\Windows\SYSTEM32\CRYPTBASE.dll
0x00007fffc1550000 - 0x00007fffc158b000 	C:\Windows\SYSTEM32\IPHLPAPI.DLL
0x00007fffc2c70000 - 0x00007fffc2c78000 	C:\Windows\System32\NSI.dll
0x00007fffb9550000 - 0x00007fffb9567000 	C:\Windows\SYSTEM32\dhcpcsvc6.DLL
0x00007fffb9530000 - 0x00007fffb954d000 	C:\Windows\SYSTEM32\dhcpcsvc.DLL
0x00007fffc1590000 - 0x00007fffc165c000 	C:\Windows\SYSTEM32\DNSAPI.dll
0x00007fffbc680000 - 0x00007fffbc690000 	C:\Program Files\Eclipse Adoptium\jdk-17.0.20.101-hotspot\bin\verify.dll
0x00007fff876a0000 - 0x00007fff87789000 	C:\Users\welcome\AppData\Local\Temp\sqlite-3.41.2.1-ee680a6b-100d-421b-a21f-ca82a13446a0-sqlitejdbc.dll

dbghelp: loaded successfully - version: 4.0.5 - missing functions: none
symbol engine: initialized successfully - sym options: 0x614 - pdb path: .;C:\Program Files\Eclipse Adoptium\jdk-17.0.20.101-hotspot\bin;C:\Windows\SYSTEM32;C:\Windows\WinSxS\amd64_microsoft.windows.common-controls_6595b64144ccf1df_6.0.19041.7663_none_60b9ed0b71f50c93;C:\Program Files\Eclipse Adoptium\jdk-17.0.20.101-hotspot\bin\server;C:\Users\welcome\AppData\Local\Temp

VM Arguments:
jvm_args: -DkotlinLanguageServer.version=1.3.13 
java_command: org.javacs.kt.MainKt
java_class_path (initial): c:\Users\welcome\AppData\Roaming\Code\User\globalStorage\fwcd.kotlin\langServerInstall\server\lib\server-1.3.13.jar;c:\Users\welcome\AppData\Roaming\Code\User\globalStorage\fwcd.kotlin\langServerInstall\server\lib\shared-1.3.13.jar;c:\Users\welcome\AppData\Roaming\Code\User\globalStorage\fwcd.kotlin\langServerInstall\server\lib\kotlin-scripting-jvm-host-unshaded-2.1.0.jar;c:\Users\welcome\AppData\Roaming\Code\User\globalStorage\fwcd.kotlin\langServerInstall\server\lib\kotlin-scripting-compiler-2.1.0.jar;c:\Users\welcome\AppData\Roaming\Code\User\globalStorage\fwcd.kotlin\langServerInstall\server\lib\ktfmt-b5d31d1.jar;c:\Users\welcome\AppData\Roaming\Code\User\globalStorage\fwcd.kotlin\langServerInstall\server\lib\kotlin-compiler-2.1.0.jar;c:\Users\welcome\AppData\Roaming\Code\User\globalStorage\fwcd.kotlin\langServerInstall\server\lib\exposed-dao-0.37.3.jar;c:\Users\welcome\AppData\Roaming\Code\User\globalStorage\fwcd.kotlin\langServerInstall\server\lib\exposed-jdbc-0.37.3.jar;c:\Users\welcome\AppData\Roaming\Code\User\globalStorage\fwcd.kotlin\langServerInstall\server\lib\exposed-core-0.37.3.jar;c:\Users\welcome\AppData\Roaming\Code\User\globalStorage\fwcd.kotlin\langServerInstall\server\lib\kotlin-scripting-compiler-impl-2.1.0.jar;c:\Users\welcome\AppData\Roaming\Code\User\globalStorage\fwcd.kotlin\langServerInstall\server\lib\kotlin-reflect-2.1.0.jar;c:\Users\welcome\AppData\Roaming\Code\User\globalStorage\fwcd.kotlin\langServerInstall\server\lib\kotlin-scripting-jvm-2.1.0.jar;c:\Users\welcome\AppData\Roaming\Code\User\globalStorage\fwcd.kotlin\langServerInstall\server\lib\kotlin-scripting-common-2.1.0.jar;c:\Users\welcome\AppData\Roaming\Code\User\globalStorage\fwcd.kotlin\langServerInstall\server\lib\kotlinx-coroutines-core-jvm-1.6.4.jar;c:\Users\welcome\AppData\Roaming\Code\User\globalStorage\fwcd.kotlin\langServerInstall\server\lib\kotlin-stdlib-jdk8-2.1.0.jar;c:\Users\welcome\AppData\Roaming\Code\User\globalStorage\fwcd.kotlin\la
Launcher Type: SUN_STANDARD

[Global flags]
     intx CICompilerCount                          = 3                                         {product} {ergonomic}
     uint ConcGCThreads                            = 1                                         {product} {ergonomic}
     uint G1ConcRefinementThreads                  = 4                                         {product} {ergonomic}
   size_t G1HeapRegionSize                         = 1048576                                   {product} {ergonomic}
    uintx GCDrainStackTargetSize                   = 64                                        {product} {ergonomic}
   size_t InitialHeapSize                          = 67108864                                  {product} {ergonomic}
   size_t MarkStackSize                            = 4194304                                   {product} {ergonomic}
   size_t MaxHeapSize                              = 1050673152                                {product} {ergonomic}
   size_t MaxNewSize                               = 630194176                                 {product} {ergonomic}
   size_t MinHeapDeltaBytes                        = 1048576                                   {product} {ergonomic}
   size_t MinHeapSize                              = 8388608                                   {product} {ergonomic}
    uintx NonNMethodCodeHeapSize                   = 5832780                                {pd product} {ergonomic}
    uintx NonProfiledCodeHeapSize                  = 122912730                              {pd product} {ergonomic}
    uintx ProfiledCodeHeapSize                     = 122912730                              {pd product} {ergonomic}
    uintx ReservedCodeCacheSize                    = 251658240                              {pd product} {ergonomic}
     bool SegmentedCodeCache                       = true                                      {product} {ergonomic}
   size_t SoftMaxHeapSize                          = 1050673152                             {manageable} {ergonomic}
     bool UseCompressedClassPointers               = true                           {product lp64_product} {ergonomic}
     bool UseCompressedOops                        = true                           {product lp64_product} {ergonomic}
     bool UseG1GC                                  = true                                      {product} {ergonomic}
     bool UseLargePagesIndividualAllocation        = false                                  {pd product} {ergonomic}

Logging:
Log output configuration:
 #0: stdout all=warning uptime,level,tags
 #1: stderr all=off uptime,level,tags

Environment Variables:
CLASSPATH=c:\Users\welcome\AppData\Roaming\Code\User\globalStorage\fwcd.kotlin\langServerInstall\server\lib\server-1.3.13.jar;c:\Users\welcome\AppData\Roaming\Code\User\globalStorage\fwcd.kotlin\langServerInstall\server\lib\shared-1.3.13.jar;c:\Users\welcome\AppData\Roaming\Code\User\globalStorage\fwcd.kotlin\langServerInstall\server\lib\kotlin-scripting-jvm-host-unshaded-2.1.0.jar;c:\Users\welcome\AppData\Roaming\Code\User\globalStorage\fwcd.kotlin\langServerInstall\server\lib\kotlin-scripting-compiler-2.1.0.jar;c:\Users\welcome\AppData\Roaming\Code\User\globalStorage\fwcd.kotlin\langServerInstall\server\lib\ktfmt-b5d31d1.jar;c:\Users\welcome\AppData\Roaming\Code\User\globalStorage\fwcd.kotlin\langServerInstall\server\lib\kotlin-compiler-2.1.0.jar;c:\Users\welcome\AppData\Roaming\Code\User\globalStorage\fwcd.kotlin\langServerInstall\server\lib\exposed-dao-0.37.3.jar;c:\Users\welcome\AppData\Roaming\Code\User\globalStorage\fwcd.kotlin\langServerInstall\server\lib\exposed-jdbc-0.37.3.jar;c:\Users\welcome\AppData\Roaming\Code\User\globalStorage\fwcd.kotlin\langServerInstall\server\lib\exposed-core-0.37.3.jar;c:\Users\welcome\AppData\Roaming\Code\User\globalStorage\fwcd.kotlin\langServerInstall\server\lib\kotlin-scripting-compiler-impl-2.1.0.jar;c:\Users\welcome\AppData\Roaming\Code\User\globalStorage\fwcd.kotlin\langServerInstall\server\lib\kotlin-reflect-2.1.0.jar;c:\Users\welcome\AppData\Roaming\Code\User\globalStorage\fwcd.kotlin\langServerInstall\server\lib\kotlin-scripting-jvm-2.1.0.jar;c:\Users\welcome\AppData\Roaming\Code\User\globalStorage\fwcd.kotlin\langServerInstall\server\lib\kotlin-scripting-common-2.1.0.jar;c:\Users\welcome\AppData\Roaming\Code\User\globalStorage\fwcd.kotlin\langServerInstall\server\lib\kotlinx-coroutines-core-jvm-1.6.4.jar;c:\Users\welcome\AppData\Roaming\Code\User\globalStorage\fwcd.kotlin\langServerInstall\server\lib\kotlin-stdlib-jdk8-2.1.0.jar;c:\Users\welcome\AppData\Roaming\Code\User\globalStorage\fwcd.kotlin\langServerInstall\server\lib\kotlin-stdlib-jdk7-2.1.0.jar;c:\Users\welcome\AppData\Roaming\Code\User\globalStorage\fwcd.kotlin\langServerInstall\server\lib\kotlin-stdlib-2.1.0.jar;c:\Users\welcome\AppData\Roaming\Code\User\globalStorage\fwcd.kotlin\langServerInstall\server\lib\org.eclipse.lsp4j-0.21.2.jar;c:\Users\welcome\AppData\Roaming\Code\User\globalStorage\fwcd.kotlin\langServerInstall\server\lib\org.eclipse.lsp4j.jsonrpc-0.21.2.jar;c:\Users\welcome\AppData\Roaming\Code\User\globalStorage\fwcd.kotlin\langServerInstall\server\lib\kotlin-sam-with-receiver-compiler-plugin-2.1.0.jar;c:\Users\welcome\AppData\Roaming\Code\User\globalStorage\fwcd.kotlin\langServerInstall\server\lib\fernflower-1.0.jar;c:\Users\welcome\AppData\Roaming\Code\User\globalStorage\fwcd.kotlin\langServerInstall\server\lib\h2-1.4.200.jar;c:\Users\welcome\AppData\Roaming\Code\User\globalStorage\fwcd.kotlin\langServerInstall\server\lib\jcommander-1.78.jar;c:\Users\welcome\AppData\Roaming\Code\User\globalStorage\fwcd.kotlin\langServerInstall\server\lib\sqlite-jdbc-3.41.2.1.jar;c:\Users\welcome\AppData\Roaming\Code\User\globalStorage\fwcd.kotlin\langServerInstall\server\lib\google-java-format-1.8.jar;c:\Users\welcome\AppData\Roaming\Code\User\globalStorage\fwcd.kotlin\langServerInstall\server\lib\guava-33.3.0-jre.jar;c:\Users\welcome\AppData\Roaming\Code\User\globalStorage\fwcd.kotlin\langServerInstall\server\lib\annotations-13.0.jar;c:\Users\welcome\AppData\Roaming\Code\User\globalStorage\fwcd.kotlin\langServerInstall\server\lib\gson-2.10.1.jar;c:\Users\welcome\AppData\Roaming\Code\User\globalStorage\fwcd.kotlin\langServerInstall\server\lib\kotlin-script-runtime-2.1.0.jar;c:\Users\welcome\AppData\Roaming\Code\User\globalStorage\fwcd.kotlin\langServerInstall\server\lib\trove4j-1.0.20200330.jar;c:\Users\welcome\AppData\Roaming\Code\User\globalStorage\fwcd.kotlin\langServerInstall\server\lib\jline-3.24.1.jar;c:\Users\welcome\AppData\Roaming\Code\User\globalStorage\fwcd.kotlin\langServerInstall\server\lib\slf4j-api-1.7.25.jar;c:\Users\welcome\AppData\Roaming\Code\User\globalStorage\fwcd.kotlin\langServerInstall\server\lib\jna-4.2.2.jar;c:\Users\welcome\AppData\Roaming\Code\User\globalStorage\fwcd.kotlin\langServerInstall\server\lib\failureaccess-1.0.2.jar;c:\Users\welcome\AppData\Roaming\Code\User\globalStorage\fwcd.kotlin\langServerInstall\server\lib\listenablefuture-9999.0-empty-to-avoid-conflict-with-guava.jar;c:\Users\welcome\AppData\Roaming\Code\User\globalStorage\fwcd.kotlin\langServerInstall\server\lib\jsr305-3.0.2.jar;c:\Users\welcome\AppData\Roaming\Code\User\globalStorage\fwcd.kotlin\langServerInstall\server\lib\checker-qual-3.43.0.jar;c:\Users\welcome\AppData\Roaming\Code\User\globalStorage\fwcd.kotlin\langServerInstall\server\lib\error_prone_annotations-2.28.0.jar
PATH=C:\Program Files\Eclipse Adoptium\jdk-17.0.20.101-hotspot\bin;C:\Windows\system32;C:\Windows;C:\Windows\System32\Wbem;C:\Windows\System32\WindowsPowerShell\v1.0\;C:\Windows\System32\OpenSSH\;C:\Program Files\Git\cmd;C:\Program Files\nodejs\;C:\Users\welcome\AppData\Local\Microsoft\WindowsApps;C:\Users\welcome\AppData\Local\Programs\Microsoft VS Code\bin;C:\Users\welcome\AppData\Local\Programs\DockerDesktop\resources\bin;C:\Users\welcome\AppData\Roaming\npm
USERNAME=welcome
OS=Windows_NT
PROCESSOR_IDENTIFIER=Intel64 Family 6 Model 142 Stepping 9, GenuineIntel
TMP=C:\Users\welcome\AppData\Local\Temp
TEMP=C:\Users\welcome\AppData\Local\Temp



Periodic native trim disabled


---------------  S Y S T E M  ---------------

OS:
 Windows 10 , 64 bit Build 19041 (10.0.19041.7725)
OS uptime: 5 days 23:12 hours
Hyper-V role detected

CPU: total 4 (initial active 4) (2 cores per cpu, 2 threads per core) family 6 model 142 stepping 9 microcode 0xea, cx8, cmov, fxsr, ht, mmx, 3dnowpref, sse, sse2, sse3, ssse3, sse4.1, sse4.2, popcnt, lzcnt, tsc, tscinvbit, avx, avx2, aes, erms, clmul, bmi1, bmi2, adx, fma, vzeroupper, clflush, clflushopt, hv
Processor Information for all 4 processors :
  Max Mhz: 2400, Current Mhz: 2400, Mhz Limit: 2400

Memory: 4k page, system-wide physical 4005M (303M free)
TotalPageFile size 11505M (AvailPageFile size 25M)
current process WorkingSet (physical memory assigned to process): 191M, peak: 235M
current process commit charge ("private bytes"): 295M, peak: 396M

vm_info: OpenJDK 64-Bit Server VM (17.0.20.1+1) for windows-amd64 JRE (17.0.20.1+1), built on Aug 18 2026 20:44:09 by "admin" with MS VC++ 17.12 (VS2022)

END.
