#
# There is insufficient memory for the Java Runtime Environment to continue.
# Native memory allocation (malloc) failed to allocate 32744 bytes. Error detail: ChunkPool::allocate
# Possible reasons:
#   The system is out of physical RAM or swap space
#   This process is running with CompressedOops enabled, and the Java Heap may be blocking the growth of the native heap
# Possible solutions:
#   Reduce memory load on the system
#   Increase physical memory or swap space
#   Check if swap backing store is full
#   Decrease Java heap size (-Xmx/-Xms)
#   Decrease number of Java threads
#   Decrease Java thread stack sizes (-Xss)
#   Set larger code cache with -XX:ReservedCodeCacheSize=
#   JVM is running with Unscaled Compressed Oops mode in which the Java heap is
#     placed in the first 4GB address space. The Java Heap base address is the
#     maximum limit for the native heap growth. Please use -XX:HeapBaseMinAddress
#     to set the Java Heap base and to place the Java Heap above 4GB virtual address.
# This output file may be truncated or incomplete.
#
#  Out of Memory Error (arena.cpp:79), pid=19828, tid=3980
#
# JRE version: OpenJDK Runtime Environment Temurin-17.0.20.1+1 (17.0.20.1+1) (build 17.0.20.1+1)
# Java VM: OpenJDK 64-Bit Server VM Temurin-17.0.20.1+1 (17.0.20.1+1, mixed mode, sharing, tiered, compressed oops, compressed class ptrs, g1 gc, windows-amd64)
# No core dump will be written. Minidumps are not enabled by default on client versions of Windows
#

---------------  S U M M A R Y ------------

Command Line: -DkotlinLanguageServer.version=1.3.13 org.javacs.kt.MainKt

Host: Intel(R) Core(TM) i3-7100U CPU @ 2.40GHz, 4 cores, 3G,  Windows 10 , 64 bit Build 19041 (10.0.19041.7725)
Time: Tue Sep 29 09:43:06 2026 India Standard Time elapsed time: 44.778882 seconds (0d 0h 0m 44s)

---------------  T H R E A D  ---------------

Current thread (0x0000025cf87d4bd0):  JavaThread "C2 CompilerThread0" daemon [_thread_in_native, id=3980, stack(0x0000009fc0700000,0x0000009fc0800000)]


Current CompileTask:
C2:44779 6974       4       com.intellij.psi.impl.compiled.SignatureParsing::parseParameterizedClassRefSignatureToTypeInfo (355 bytes)

Stack: [0x0000009fc0700000,0x0000009fc0800000]
Native frames: (J=compiled Java code, j=interpreted, Vv=VM code, C=native code)
V  [jvm.dll+0x684d39]
V  [jvm.dll+0x83a565]
V  [jvm.dll+0x83bfde]
V  [jvm.dll+0x83c663]
V  [jvm.dll+0x2490cf]
V  [jvm.dll+0xad73e]
V  [jvm.dll+0xadbdc]
V  [jvm.dll+0x36e0f9]
V  [jvm.dll+0x56cf68]
V  [jvm.dll+0x56bf85]
V  [jvm.dll+0x56c8bd]
V  [jvm.dll+0x333244]
V  [jvm.dll+0x33267a]
V  [jvm.dll+0x219ed9]
V  [jvm.dll+0x21931f]
V  [jvm.dll+0x1a49e0]
V  [jvm.dll+0x229a6a]
V  [jvm.dll+0x227c1b]
V  [jvm.dll+0x7f0d18]
V  [jvm.dll+0x7eb17c]
V  [jvm.dll+0x683c07]
C  [ucrtbase.dll+0x21bb2]
C  [KERNEL32.DLL+0x17384]
C  [ntdll.dll+0x4cc91]


---------------  P R O C E S S  ---------------

Threads class SMR info:
_java_thread_list=0x0000025cffba05e0, length=19, elements={
0x0000025cf87b6590, 0x0000025cf87b7320, 0x0000025cf87d21a0, 0x0000025cf87d2b60,
0x0000025cf87d3520, 0x0000025cf87d3ee0, 0x0000025cf87d4bd0, 0x0000025cf87ff510,
0x0000025cf884e1d0, 0x0000025cf8a0d1c0, 0x0000025cf8a17d00, 0x0000025cfe850020,
0x0000025cec27e730, 0x0000025cfe492860, 0x0000025cfd5138b0, 0x0000025cfd513dc0,
0x0000025cfd512470, 0x0000025cfd511a50, 0x0000025cfefc04a0
}

Java Threads: ( => current thread )
  0x0000025cf87b6590 JavaThread "Reference Handler" daemon [_thread_blocked, id=20004, stack(0x0000009fc0100000,0x0000009fc0200000)]
  0x0000025cf87b7320 JavaThread "Finalizer" daemon [_thread_blocked, id=1368, stack(0x0000009fc0200000,0x0000009fc0300000)]
  0x0000025cf87d21a0 JavaThread "Signal Dispatcher" daemon [_thread_blocked, id=3896, stack(0x0000009fc0300000,0x0000009fc0400000)]
  0x0000025cf87d2b60 JavaThread "Attach Listener" daemon [_thread_blocked, id=16816, stack(0x0000009fc0400000,0x0000009fc0500000)]
  0x0000025cf87d3520 JavaThread "Service Thread" daemon [_thread_blocked, id=17124, stack(0x0000009fc0500000,0x0000009fc0600000)]
  0x0000025cf87d3ee0 JavaThread "Monitor Deflation Thread" daemon [_thread_blocked, id=2648, stack(0x0000009fc0600000,0x0000009fc0700000)]
=>0x0000025cf87d4bd0 JavaThread "C2 CompilerThread0" daemon [_thread_in_native, id=3980, stack(0x0000009fc0700000,0x0000009fc0800000)]
  0x0000025cf87ff510 JavaThread "C1 CompilerThread0" daemon [_thread_blocked, id=21856, stack(0x0000009fc0800000,0x0000009fc0900000)]
  0x0000025cf884e1d0 JavaThread "Sweeper thread" daemon [_thread_blocked, id=15440, stack(0x0000009fc0900000,0x0000009fc0a00000)]
  0x0000025cf8a0d1c0 JavaThread "Notification Thread" daemon [_thread_blocked, id=15976, stack(0x0000009fc0a00000,0x0000009fc0b00000)]
  0x0000025cf8a17d00 JavaThread "Common-Cleaner" daemon [_thread_blocked, id=15824, stack(0x0000009fc0c00000,0x0000009fc0d00000)]
  0x0000025cfe850020 JavaThread "client" [_thread_in_native, id=6776, stack(0x0000009fc1000000,0x0000009fc1100000)]
  0x0000025cec27e730 JavaThread "DestroyJavaVM" [_thread_blocked, id=17160, stack(0x0000009fbfa00000,0x0000009fbfb00000)]
  0x0000025cfe492860 JavaThread "async0" [_thread_blocked, id=11576, stack(0x0000009fc1100000,0x0000009fc1200000)]
  0x0000025cfd5138b0 JavaThread "async1" [_thread_blocked, id=16068, stack(0x0000009fc1200000,0x0000009fc1300000)]
  0x0000025cfd513dc0 JavaThread "debounce0" [_thread_blocked, id=17588, stack(0x0000009fc1300000,0x0000009fc1400000)]
  0x0000025cfd512470 JavaThread "async2" [_thread_blocked, id=13288, stack(0x0000009fc1400000,0x0000009fc1500000)]
  0x0000025cfd511a50 JavaThread "async3" [_thread_blocked, id=12072, stack(0x0000009fc1700000,0x0000009fc1800000)]
  0x0000025cfefc04a0 JavaThread "ForkJoinPool.commonPool-worker-1" daemon [_thread_in_Java, id=18312, stack(0x0000009fc1800000,0x0000009fc1900000)]

Other Threads:
  0x0000025cec32e8e0 VMThread "VM Thread" [stack: 0x0000009fc0000000,0x0000009fc0100000] [id=20872]
  0x0000025cf8a0d6a0 WatcherThread [stack: 0x0000009fc0b00000,0x0000009fc0c00000] [id=22384]
  0x0000025cec2badd0 GCTaskThread "GC Thread#0" [stack: 0x0000009fbfb00000,0x0000009fbfc00000] [id=2928]
  0x0000025cfd26b5e0 GCTaskThread "GC Thread#1" [stack: 0x0000009fc0d00000,0x0000009fc0e00000] [id=22520]
  0x0000025cfd2924e0 GCTaskThread "GC Thread#2" [stack: 0x0000009fc0e00000,0x0000009fc0f00000] [id=9328]
  0x0000025cfd2927a0 GCTaskThread "GC Thread#3" [stack: 0x0000009fc0f00000,0x0000009fc1000000] [id=2076]
  0x0000025cec2c3a60 ConcurrentGCThread "G1 Main Marker" [stack: 0x0000009fbfc00000,0x0000009fbfd00000] [id=19480]
  0x0000025cec2c5490 ConcurrentGCThread "G1 Conc#0" [stack: 0x0000009fbfd00000,0x0000009fbfe00000] [id=18272]
  0x0000025cec312540 ConcurrentGCThread "G1 Refine#0" [stack: 0x0000009fbfe00000,0x0000009fbff00000] [id=4232]
  0x0000025cec312f70 ConcurrentGCThread "G1 Service" [stack: 0x0000009fbff00000,0x0000009fc0000000] [id=13632]

Threads with active compile tasks:
C2 CompilerThread0  44847 6974       4       com.intellij.psi.impl.compiled.SignatureParsing::parseParameterizedClassRefSignatureToTypeInfo (355 bytes)

VM state: not at safepoint (normal execution)

VM Mutex/Monitor currently owned by a thread: None

Heap address: 0x00000000c1600000, size: 1002 MB, Compressed Oops mode: 32-bit

CDS archive(s) mapped at: [0x0000025c8f000000-0x0000025c8fbb0000-0x0000025c8fbb0000), size 12255232, SharedBaseAddress: 0x0000025c8f000000, ArchiveRelocationMode: 1.
Compressed class space mapped at: 0x0000025c90000000-0x0000025cd0000000, reserved size: 1073741824
Narrow klass base: 0x0000025c8f000000, Narrow klass shift: 0, Narrow klass range: 0x100000000

GC Precious Log:
 CPUs: 4 total, 4 available
 Memory: 4005M
 Large Page Support: Disabled
 NUMA Support: Disabled
 Compressed Oops: Enabled (32-bit)
 Heap Region Size: 1M
 Heap Min Capacity: 8M
 Heap Initial Capacity: 64M
 Heap Max Capacity: 1002M
 Pre-touch: Disabled
 Parallel Workers: 4
 Concurrent Workers: 1
 Concurrent Refinement Workers: 4
 Periodic GC: Disabled

Heap:
 garbage-first heap   total 77824K, used 46651K [0x00000000c1600000, 0x0000000100000000)
  region size 1024K, 12 young (12288K), 3 survivors (3072K)
 Metaspace       used 66612K, committed 67072K, reserved 1114112K
  class space    used 7972K, committed 8192K, reserved 1048576K

Heap Regions: E=young(eden), S=young(survivor), O=old, HS=humongous(starts), HC=humongous(continues), CS=collection set, F=free, OA=open archive, CA=closed archive, TAMS=top-at-mark-start (previous, next)
|   0|0x00000000c1600000, 0x00000000c1700000, 0x00000000c1700000|100%|HS|  |TAMS 0x00000000c1700000, 0x00000000c1600000| Complete 
|   1|0x00000000c1700000, 0x00000000c1800000, 0x00000000c1800000|100%|HC|  |TAMS 0x00000000c1800000, 0x00000000c1700000| Complete 
|   2|0x00000000c1800000, 0x00000000c1900000, 0x00000000c1900000|100%|HC|  |TAMS 0x00000000c1900000, 0x00000000c1800000| Complete 
|   3|0x00000000c1900000, 0x00000000c1a00000, 0x00000000c1a00000|100%|HC|  |TAMS 0x00000000c1a00000, 0x00000000c1900000| Complete 
|   4|0x00000000c1a00000, 0x00000000c1b00000, 0x00000000c1b00000|100%| O|  |TAMS 0x00000000c1b00000, 0x00000000c1a00000| Untracked 
|   5|0x00000000c1b00000, 0x00000000c1c00000, 0x00000000c1c00000|100%| O|  |TAMS 0x00000000c1c00000, 0x00000000c1b00000| Untracked 
|   6|0x00000000c1c00000, 0x00000000c1d00000, 0x00000000c1d00000|100%| O|  |TAMS 0x00000000c1d00000, 0x00000000c1c00000| Untracked 
|   7|0x00000000c1d00000, 0x00000000c1e00000, 0x00000000c1e00000|100%| O|  |TAMS 0x00000000c1e00000, 0x00000000c1d00000| Untracked 
|   8|0x00000000c1e00000, 0x00000000c1f00000, 0x00000000c1f00000|100%| O|  |TAMS 0x00000000c1f00000, 0x00000000c1e00000| Untracked 
|   9|0x00000000c1f00000, 0x00000000c2000000, 0x00000000c2000000|100%| O|  |TAMS 0x00000000c2000000, 0x00000000c1f00000| Untracked 
|  10|0x00000000c2000000, 0x00000000c2100000, 0x00000000c2100000|100%| O|  |TAMS 0x00000000c2100000, 0x00000000c2000000| Untracked 
|  11|0x00000000c2100000, 0x00000000c2200000, 0x00000000c2200000|100%| O|  |TAMS 0x00000000c2200000, 0x00000000c2100000| Untracked 
|  12|0x00000000c2200000, 0x00000000c2300000, 0x00000000c2300000|100%| O|  |TAMS 0x00000000c2300000, 0x00000000c2200000| Untracked 
|  13|0x00000000c2300000, 0x00000000c2400000, 0x00000000c2400000|100%| O|  |TAMS 0x00000000c2400000, 0x00000000c2300000| Untracked 
|  14|0x00000000c2400000, 0x00000000c2500000, 0x00000000c2500000|100%| O|  |TAMS 0x00000000c2500000, 0x00000000c2400000| Untracked 
|  15|0x00000000c2500000, 0x00000000c2600000, 0x00000000c2600000|100%| O|  |TAMS 0x00000000c2600000, 0x00000000c2500000| Untracked 
|  16|0x00000000c2600000, 0x00000000c2700000, 0x00000000c2700000|100%| O|  |TAMS 0x00000000c2700000, 0x00000000c2600000| Untracked 
|  17|0x00000000c2700000, 0x00000000c2800000, 0x00000000c2800000|100%| O|  |TAMS 0x00000000c2800000, 0x00000000c2700000| Untracked 
|  18|0x00000000c2800000, 0x00000000c2900000, 0x00000000c2900000|100%| O|  |TAMS 0x00000000c2900000, 0x00000000c2800000| Untracked 
|  19|0x00000000c2900000, 0x00000000c2a00000, 0x00000000c2a00000|100%| O|  |TAMS 0x00000000c2a00000, 0x00000000c2900000| Untracked 
|  20|0x00000000c2a00000, 0x00000000c2b00000, 0x00000000c2b00000|100%| O|  |TAMS 0x00000000c2b00000, 0x00000000c2a00000| Untracked 
|  21|0x00000000c2b00000, 0x00000000c2c00000, 0x00000000c2c00000|100%| O|  |TAMS 0x00000000c2c00000, 0x00000000c2b00000| Untracked 
|  22|0x00000000c2c00000, 0x00000000c2d00000, 0x00000000c2d00000|100%| O|  |TAMS 0x00000000c2d00000, 0x00000000c2c00000| Untracked 
|  23|0x00000000c2d00000, 0x00000000c2e00000, 0x00000000c2e00000|100%| O|  |TAMS 0x00000000c2e00000, 0x00000000c2d00000| Untracked 
|  24|0x00000000c2e00000, 0x00000000c2f00000, 0x00000000c2f00000|100%| O|  |TAMS 0x00000000c2e00000, 0x00000000c2e00000| Untracked 
|  25|0x00000000c2f00000, 0x00000000c3000000, 0x00000000c3000000|100%| O|  |TAMS 0x00000000c3000000, 0x00000000c2f00000| Untracked 
|  26|0x00000000c3000000, 0x00000000c3100000, 0x00000000c3100000|100%| O|  |TAMS 0x00000000c3100000, 0x00000000c3000000| Untracked 
|  27|0x00000000c3100000, 0x00000000c3200000, 0x00000000c3200000|100%| O|  |TAMS 0x00000000c3200000, 0x00000000c3100000| Untracked 
|  28|0x00000000c3200000, 0x00000000c3300000, 0x00000000c3300000|100%| O|  |TAMS 0x00000000c3300000, 0x00000000c3200000| Untracked 
|  29|0x00000000c3300000, 0x00000000c3400000, 0x00000000c3400000|100%| O|  |TAMS 0x00000000c3400000, 0x00000000c3300000| Untracked 
|  30|0x00000000c3400000, 0x00000000c3500000, 0x00000000c3500000|100%| O|  |TAMS 0x00000000c3428000, 0x00000000c3400000| Untracked 
|  31|0x00000000c3500000, 0x00000000c3600000, 0x00000000c3600000|100%| O|  |TAMS 0x00000000c3500000, 0x00000000c3500000| Untracked 
|  32|0x00000000c3600000, 0x00000000c3700000, 0x00000000c3700000|100%| O|  |TAMS 0x00000000c3600000, 0x00000000c3600000| Untracked 
|  33|0x00000000c3700000, 0x00000000c3800000, 0x00000000c3800000|100%| O|  |TAMS 0x00000000c3700000, 0x00000000c3700000| Untracked 
|  34|0x00000000c3800000, 0x00000000c388ee00, 0x00000000c3900000| 55%| O|  |TAMS 0x00000000c3800000, 0x00000000c3800000| Untracked 
|  35|0x00000000c3900000, 0x00000000c3900000, 0x00000000c3a00000|  0%| F|  |TAMS 0x00000000c3900000, 0x00000000c3900000| Untracked 
|  36|0x00000000c3a00000, 0x00000000c3a00000, 0x00000000c3b00000|  0%| F|  |TAMS 0x00000000c3a00000, 0x00000000c3a00000| Untracked 
|  37|0x00000000c3b00000, 0x00000000c3b00000, 0x00000000c3c00000|  0%| F|  |TAMS 0x00000000c3b00000, 0x00000000c3b00000| Untracked 
|  38|0x00000000c3c00000, 0x00000000c3c00000, 0x00000000c3d00000|  0%| F|  |TAMS 0x00000000c3c00000, 0x00000000c3c00000| Untracked 
|  39|0x00000000c3d00000, 0x00000000c3d00000, 0x00000000c3e00000|  0%| F|  |TAMS 0x00000000c3d00000, 0x00000000c3d00000| Untracked 
|  40|0x00000000c3e00000, 0x00000000c3e00000, 0x00000000c3f00000|  0%| F|  |TAMS 0x00000000c3e00000, 0x00000000c3e00000| Untracked 
|  41|0x00000000c3f00000, 0x00000000c3f00000, 0x00000000c4000000|  0%| F|  |TAMS 0x00000000c3f00000, 0x00000000c3f00000| Untracked 
|  42|0x00000000c4000000, 0x00000000c4000000, 0x00000000c4100000|  0%| F|  |TAMS 0x00000000c4000000, 0x00000000c4000000| Untracked 
|  43|0x00000000c4100000, 0x00000000c4100000, 0x00000000c4200000|  0%| F|  |TAMS 0x00000000c4100000, 0x00000000c4100000| Untracked 
|  44|0x00000000c4200000, 0x00000000c4200000, 0x00000000c4300000|  0%| F|  |TAMS 0x00000000c4200000, 0x00000000c4200000| Untracked 
|  45|0x00000000c4300000, 0x00000000c4300000, 0x00000000c4400000|  0%| F|  |TAMS 0x00000000c4300000, 0x00000000c4300000| Untracked 
|  46|0x00000000c4400000, 0x00000000c4400000, 0x00000000c4500000|  0%| F|  |TAMS 0x00000000c4400000, 0x00000000c4400000| Untracked 
|  47|0x00000000c4500000, 0x00000000c4500000, 0x00000000c4600000|  0%| F|  |TAMS 0x00000000c4500000, 0x00000000c4500000| Untracked 
|  48|0x00000000c4600000, 0x00000000c4600000, 0x00000000c4700000|  0%| F|  |TAMS 0x00000000c4600000, 0x00000000c4600000| Untracked 
|  49|0x00000000c4700000, 0x00000000c4800000, 0x00000000c4800000|100%| S|CS|TAMS 0x00000000c4700000, 0x00000000c4700000| Complete 
|  50|0x00000000c4800000, 0x00000000c4900000, 0x00000000c4900000|100%| S|CS|TAMS 0x00000000c4800000, 0x00000000c4800000| Complete 
|  51|0x00000000c4900000, 0x00000000c4a00000, 0x00000000c4a00000|100%| S|CS|TAMS 0x00000000c4900000, 0x00000000c4900000| Complete 
|  52|0x00000000c4a00000, 0x00000000c4a00000, 0x00000000c4b00000|  0%| F|  |TAMS 0x00000000c4a00000, 0x00000000c4a00000| Untracked 
|  53|0x00000000c4b00000, 0x00000000c4b00000, 0x00000000c4c00000|  0%| F|  |TAMS 0x00000000c4b00000, 0x00000000c4b00000| Untracked 
|  54|0x00000000c4c00000, 0x00000000c4c00000, 0x00000000c4d00000|  0%| F|  |TAMS 0x00000000c4c00000, 0x00000000c4c00000| Untracked 
|  55|0x00000000c4d00000, 0x00000000c4d00000, 0x00000000c4e00000|  0%| F|  |TAMS 0x00000000c4d00000, 0x00000000c4d00000| Untracked 
|  56|0x00000000c4e00000, 0x00000000c4e00000, 0x00000000c4f00000|  0%| F|  |TAMS 0x00000000c4e00000, 0x00000000c4e00000| Untracked 
|  57|0x00000000c4f00000, 0x00000000c4f00000, 0x00000000c5000000|  0%| F|  |TAMS 0x00000000c4f00000, 0x00000000c4f00000| Untracked 
|  58|0x00000000c5000000, 0x00000000c5000000, 0x00000000c5100000|  0%| F|  |TAMS 0x00000000c5000000, 0x00000000c5000000| Untracked 
|  59|0x00000000c5100000, 0x00000000c5100000, 0x00000000c5200000|  0%| F|  |TAMS 0x00000000c5100000, 0x00000000c5100000| Untracked 
|  60|0x00000000c5200000, 0x00000000c5200000, 0x00000000c5300000|  0%| F|  |TAMS 0x00000000c5200000, 0x00000000c5200000| Untracked 
|  61|0x00000000c5300000, 0x00000000c5300000, 0x00000000c5400000|  0%| F|  |TAMS 0x00000000c5300000, 0x00000000c5300000| Untracked 
|  62|0x00000000c5400000, 0x00000000c5400000, 0x00000000c5500000|  0%| F|  |TAMS 0x00000000c5400000, 0x00000000c5400000| Untracked 
|  63|0x00000000c5500000, 0x00000000c5500000, 0x00000000c5600000|  0%| F|  |TAMS 0x00000000c5500000, 0x00000000c5500000| Untracked 
|  64|0x00000000c5600000, 0x00000000c5600000, 0x00000000c5700000|  0%| F|  |TAMS 0x00000000c5600000, 0x00000000c5600000| Untracked 
|  65|0x00000000c5700000, 0x00000000c5700000, 0x00000000c5800000|  0%| F|  |TAMS 0x00000000c5700000, 0x00000000c5700000| Untracked 
|  66|0x00000000c5800000, 0x00000000c5800000, 0x00000000c5900000|  0%| F|  |TAMS 0x00000000c5800000, 0x00000000c5800000| Untracked 
|  67|0x00000000c5900000, 0x00000000c593e280, 0x00000000c5a00000| 24%| E|  |TAMS 0x00000000c5900000, 0x00000000c5900000| Complete 
|  68|0x00000000c5a00000, 0x00000000c5b00000, 0x00000000c5b00000|100%| E|CS|TAMS 0x00000000c5a00000, 0x00000000c5a00000| Complete 
|  69|0x00000000c5b00000, 0x00000000c5c00000, 0x00000000c5c00000|100%| E|CS|TAMS 0x00000000c5b00000, 0x00000000c5b00000| Complete 
|  70|0x00000000c5c00000, 0x00000000c5d00000, 0x00000000c5d00000|100%| E|CS|TAMS 0x00000000c5c00000, 0x00000000c5c00000| Complete 
|  71|0x00000000c5d00000, 0x00000000c5e00000, 0x00000000c5e00000|100%| E|CS|TAMS 0x00000000c5d00000, 0x00000000c5d00000| Complete 
|  72|0x00000000c5e00000, 0x00000000c5f00000, 0x00000000c5f00000|100%| E|CS|TAMS 0x00000000c5e00000, 0x00000000c5e00000| Complete 
|  73|0x00000000c5f00000, 0x00000000c6000000, 0x00000000c6000000|100%| E|CS|TAMS 0x00000000c5f00000, 0x00000000c5f00000| Complete 
|  74|0x00000000c6000000, 0x00000000c6100000, 0x00000000c6100000|100%| E|CS|TAMS 0x00000000c6000000, 0x00000000c6000000| Complete 
|  75|0x00000000c6100000, 0x00000000c6200000, 0x00000000c6200000|100%| E|CS|TAMS 0x00000000c6100000, 0x00000000c6100000| Complete 

Card table byte_map: [0x0000025cf4000000,0x0000025cf4200000] _byte_map_base: 0x0000025cf39f5000

Marking Bits (Prev, Next): (CMBitMap*) 0x0000025cec2bb3f0, (CMBitMap*) 0x0000025cec2bb430
 Prev Bits: [0x0000025cf4400000, 0x0000025cf53a8000)
 Next Bits: [0x0000025cf53b0000, 0x0000025cf6358000)

Polling page: 0x0000025ceba30000

Metaspace:

Usage:
  Non-class:     57.27 MB used.
      Class:      7.79 MB used.
       Both:     65.05 MB used.

Virtual space:
  Non-class space:       64.00 MB reserved,      57.50 MB ( 90%) committed,  1 nodes.
      Class space:        1.00 GB reserved,       8.00 MB ( <1%) committed,  1 nodes.
             Both:        1.06 GB reserved,      65.50 MB (  6%) committed. 

Chunk freelists:
   Non-Class:  5.89 MB
       Class:  8.04 MB
        Both:  13.93 MB

MaxMetaspaceSize: unlimited
CompressedClassSpaceSize: 1.00 GB
Initial GC threshold: 21.00 MB
Current GC threshold: 101.50 MB
CDS: on
MetaspaceReclaimPolicy: balanced
 - commit_granule_bytes: 65536.
 - commit_granule_words: 8192.
 - virtual_space_node_default_size: 8388608.
 - enlarge_chunks_in_place: 1.
 - new_chunks_are_fully_committed: 0.
 - uncommit_free_chunks: 1.
 - use_allocation_guard: 0.
 - handle_deallocations: 1.


Internal statistics:

num_allocs_failed_limit: 6.
num_arena_births: 434.
num_arena_deaths: 0.
num_vsnodes_births: 2.
num_vsnodes_deaths: 0.
num_space_committed: 1046.
num_space_uncommitted: 0.
num_chunks_returned_to_freelist: 6.
num_chunks_taken_from_freelist: 2731.
num_chunk_merges: 6.
num_chunk_splits: 2153.
num_chunks_enlarged: 1871.
num_inconsistent_stats: 0.

CodeHeap 'non-profiled nmethods': size=120000Kb used=2758Kb max_used=2758Kb free=117241Kb
 bounds [0x0000025c87ad0000, 0x0000025c87d90000, 0x0000025c8f000000]
CodeHeap 'profiled nmethods': size=120000Kb used=14264Kb max_used=14264Kb free=105735Kb
 bounds [0x0000025c80000000, 0x0000025c80df0000, 0x0000025c87530000]
CodeHeap 'non-nmethods': size=5760Kb used=1365Kb max_used=1417Kb free=4394Kb
 bounds [0x0000025c87530000, 0x0000025c877a0000, 0x0000025c87ad0000]
 total_blobs=6961 nmethods=6260 adapters=613
 compilation: enabled
              stopped_count=0, restarted_count=0
 full_count=0

Compilation events (20 events):
Event: 44.394 Thread 0x0000025cf87ff510 7013       3       java.util.IdentityHashMap::maskNull (12 bytes)
Event: 44.394 Thread 0x0000025cf87ff510 nmethod 7013 0x0000025c80dd7210 code [0x0000025c80dd73a0, 0x0000025c80dd74d8]
Event: 44.394 Thread 0x0000025cf87ff510 7012       3       org.jetbrains.kotlin.resolve.descriptorUtil.DescriptorUtilsKt::getFqNameSafe (17 bytes)
Event: 44.395 Thread 0x0000025cf87ff510 nmethod 7012 0x0000025c80dd7590 code [0x0000025c80dd77c0, 0x0000025c80dd7db8]
Event: 44.403 Thread 0x0000025cf87ff510 7014       3       org.jetbrains.kotlin.resolve.scopes.MemberScope$Companion::getALL_NAME_FILTER (4 bytes)
Event: 44.403 Thread 0x0000025cf87ff510 nmethod 7014 0x0000025c80dd8010 code [0x0000025c80dd81a0, 0x0000025c80dd82b8]
Event: 44.410 Thread 0x0000025cf87ff510 7015       3       org.jetbrains.org.objectweb.asm.ClassReader::readMethod (1055 bytes)
Event: 44.419 Thread 0x0000025cf87ff510 nmethod 7015 0x0000025c80dd8390 code [0x0000025c80dd8b20, 0x0000025c80ddd2f8]
Event: 44.419 Thread 0x0000025cf87ff510 7022       3       org.jetbrains.org.objectweb.asm.ClassReader::accept (1380 bytes)
Event: 44.435 Thread 0x0000025cf87ff510 nmethod 7022 0x0000025c80ddf110 code [0x0000025c80ddfce0, 0x0000025c80de73f8]
Event: 44.435 Thread 0x0000025cf87ff510 7019   !   3       com.intellij.psi.ClassFileViewProvider::createFile (102 bytes)
Event: 44.437 Thread 0x0000025cf87ff510 nmethod 7019 0x0000025c80deac90 code [0x0000025c80deafe0, 0x0000025c80dec228]
Event: 44.437 Thread 0x0000025cf87ff510 7020       3       com.intellij.psi.ClassFileViewProvider::isInnerClass (15 bytes)
Event: 44.437 Thread 0x0000025cf87ff510 nmethod 7020 0x0000025c80dec990 code [0x0000025c80decb40, 0x0000025c80deccd8]
Event: 44.437 Thread 0x0000025cf87ff510 7016       3       org.jetbrains.kotlin.load.kotlin.FileBasedKotlinClass$1::visit (28 bytes)
Event: 44.438 Thread 0x0000025cf87ff510 nmethod 7016 0x0000025c80decd90 code [0x0000025c80decf80, 0x0000025c80ded468]
Event: 44.438 Thread 0x0000025cf87ff510 7017       3       org.jetbrains.kotlin.load.kotlin.FileBasedKotlinClass$1::visitEnd (8 bytes)
Event: 44.438 Thread 0x0000025cf87ff510 nmethod 7017 0x0000025c80ded690 code [0x0000025c80ded840, 0x0000025c80ded9b8]
Event: 44.438 Thread 0x0000025cf87ff510 7018       3       org.jetbrains.kotlin.load.kotlin.header.ReadKotlinClassHeaderAnnotationVisitor::visitEnd (1 bytes)
Event: 44.438 Thread 0x0000025cf87ff510 nmethod 7018 0x0000025c80deda90 code [0x0000025c80dedc20, 0x0000025c80dedd38]

GC Heap History (20 events):
Event: 33.554 GC heap before
{Heap before GC invocations=16 (full 0):
 garbage-first heap   total 46080K, used 25569K [0x00000000c1600000, 0x0000000100000000)
  region size 1024K, 3 young (3072K), 2 survivors (2048K)
 Metaspace       used 52079K, committed 52352K, reserved 1114112K
  class space    used 6292K, committed 6400K, reserved 1048576K
}
Event: 33.558 GC heap after
{Heap after GC invocations=17 (full 0):
 garbage-first heap   total 46080K, used 24185K [0x00000000c1600000, 0x0000000100000000)
  region size 1024K, 1 young (1024K), 1 survivors (1024K)
 Metaspace       used 52079K, committed 52352K, reserved 1114112K
  class space    used 6292K, committed 6400K, reserved 1048576K
}
Event: 34.413 GC heap before
{Heap before GC invocations=17 (full 0):
 garbage-first heap   total 46080K, used 35449K [0x00000000c1600000, 0x0000000100000000)
  region size 1024K, 12 young (12288K), 1 survivors (1024K)
 Metaspace       used 54774K, committed 55104K, reserved 1114112K
  class space    used 6598K, committed 6720K, reserved 1048576K
}
Event: 34.416 GC heap after
{Heap after GC invocations=18 (full 0):
 garbage-first heap   total 46080K, used 24643K [0x00000000c1600000, 0x0000000100000000)
  region size 1024K, 1 young (1024K), 1 survivors (1024K)
 Metaspace       used 54774K, committed 55104K, reserved 1114112K
  class space    used 6598K, committed 6720K, reserved 1048576K
}
Event: 35.237 GC heap before
{Heap before GC invocations=19 (full 0):
 garbage-first heap   total 46080K, used 35907K [0x00000000c1600000, 0x0000000100000000)
  region size 1024K, 12 young (12288K), 1 survivors (1024K)
 Metaspace       used 56290K, committed 56640K, reserved 1114112K
  class space    used 6760K, committed 6912K, reserved 1048576K
}
Event: 35.243 GC heap after
{Heap after GC invocations=20 (full 0):
 garbage-first heap   total 46080K, used 26551K [0x00000000c1600000, 0x0000000100000000)
  region size 1024K, 2 young (2048K), 2 survivors (2048K)
 Metaspace       used 56290K, committed 56640K, reserved 1114112K
  class space    used 6760K, committed 6912K, reserved 1048576K
}
Event: 35.390 GC heap before
{Heap before GC invocations=20 (full 0):
 garbage-first heap   total 46080K, used 27575K [0x00000000c1600000, 0x0000000100000000)
  region size 1024K, 3 young (3072K), 2 survivors (2048K)
 Metaspace       used 56514K, committed 56832K, reserved 1114112K
  class space    used 6792K, committed 6912K, reserved 1048576K
}
Event: 35.398 GC heap after
{Heap after GC invocations=21 (full 0):
 garbage-first heap   total 46080K, used 26668K [0x00000000c1600000, 0x0000000100000000)
  region size 1024K, 1 young (1024K), 1 survivors (1024K)
 Metaspace       used 56514K, committed 56832K, reserved 1114112K
  class space    used 6792K, committed 6912K, reserved 1048576K
}
Event: 35.943 GC heap before
{Heap before GC invocations=21 (full 0):
 garbage-first heap   total 46080K, used 35884K [0x00000000c1600000, 0x0000000100000000)
  region size 1024K, 10 young (10240K), 1 survivors (1024K)
 Metaspace       used 57599K, committed 57984K, reserved 1114112K
  class space    used 6889K, committed 7040K, reserved 1048576K
}
Event: 35.948 GC heap after
{Heap after GC invocations=22 (full 0):
 garbage-first heap   total 46080K, used 28490K [0x00000000c1600000, 0x0000000100000000)
  region size 1024K, 2 young (2048K), 2 survivors (2048K)
 Metaspace       used 57599K, committed 57984K, reserved 1114112K
  class space    used 6889K, committed 7040K, reserved 1048576K
}
Event: 36.734 GC heap before
{Heap before GC invocations=23 (full 0):
 garbage-first heap   total 51200K, used 36682K [0x00000000c1600000, 0x0000000100000000)
  region size 1024K, 10 young (10240K), 2 survivors (2048K)
 Metaspace       used 58568K, committed 58880K, reserved 1114112K
  class space    used 6986K, committed 7104K, reserved 1048576K
}
Event: 36.745 GC heap after
{Heap after GC invocations=24 (full 0):
 garbage-first heap   total 51200K, used 30035K [0x00000000c1600000, 0x0000000100000000)
  region size 1024K, 2 young (2048K), 2 survivors (2048K)
 Metaspace       used 58568K, committed 58880K, reserved 1114112K
  class space    used 6986K, committed 7104K, reserved 1048576K
}
Event: 36.809 GC heap before
{Heap before GC invocations=24 (full 0):
 garbage-first heap   total 51200K, used 30035K [0x00000000c1600000, 0x0000000100000000)
  region size 1024K, 3 young (3072K), 2 survivors (2048K)
 Metaspace       used 58934K, committed 59264K, reserved 1114112K
  class space    used 7022K, committed 7168K, reserved 1048576K
}
Event: 36.817 GC heap after
{Heap after GC invocations=25 (full 0):
 garbage-first heap   total 51200K, used 30083K [0x00000000c1600000, 0x0000000100000000)
  region size 1024K, 1 young (1024K), 1 survivors (1024K)
 Metaspace       used 58934K, committed 59264K, reserved 1114112K
  class space    used 7022K, committed 7168K, reserved 1048576K
}
Event: 38.125 GC heap before
{Heap before GC invocations=25 (full 0):
 garbage-first heap   total 51200K, used 38275K [0x00000000c1600000, 0x0000000100000000)
  region size 1024K, 10 young (10240K), 1 survivors (1024K)
 Metaspace       used 61990K, committed 62336K, reserved 1114112K
  class space    used 7426K, committed 7552K, reserved 1048576K
}
Event: 38.132 GC heap after
{Heap after GC invocations=26 (full 0):
 garbage-first heap   total 77824K, used 30613K [0x00000000c1600000, 0x0000000100000000)
  region size 1024K, 1 young (1024K), 1 survivors (1024K)
 Metaspace       used 61990K, committed 62336K, reserved 1114112K
  class space    used 7426K, committed 7552K, reserved 1048576K
}
Event: 42.513 GC heap before
{Heap before GC invocations=27 (full 0):
 garbage-first heap   total 77824K, used 60309K [0x00000000c1600000, 0x0000000100000000)
  region size 1024K, 30 young (30720K), 1 survivors (1024K)
 Metaspace       used 66133K, committed 66560K, reserved 1114112K
  class space    used 7971K, committed 8192K, reserved 1048576K
}
Event: 42.521 GC heap after
{Heap after GC invocations=28 (full 0):
 garbage-first heap   total 77824K, used 35274K [0x00000000c1600000, 0x0000000100000000)
  region size 1024K, 4 young (4096K), 4 survivors (4096K)
 Metaspace       used 66133K, committed 66560K, reserved 1114112K
  class space    used 7971K, committed 8192K, reserved 1048576K
}
Event: 44.055 GC heap before
{Heap before GC invocations=28 (full 0):
 garbage-first heap   total 77824K, used 58826K [0x00000000c1600000, 0x0000000100000000)
  region size 1024K, 28 young (28672K), 4 survivors (4096K)
 Metaspace       used 66573K, committed 66944K, reserved 1114112K
  class space    used 7972K, committed 8192K, reserved 1048576K
}
Event: 44.067 GC heap after
{Heap after GC invocations=29 (full 0):
 garbage-first heap   total 77824K, used 38459K [0x00000000c1600000, 0x0000000100000000)
  region size 1024K, 3 young (3072K), 3 survivors (3072K)
 Metaspace       used 66573K, committed 66944K, reserved 1114112K
  class space    used 7972K, committed 8192K, reserved 1048576K
}

Dll operation events (8 events):
Event: 0.019 Loaded shared library C:\Program Files\Eclipse Adoptium\jdk-17.0.20.101-hotspot\bin\java.dll
Event: 0.088 Loaded shared library C:\Program Files\Eclipse Adoptium\jdk-17.0.20.101-hotspot\bin\jsvml.dll
Event: 0.418 Loaded shared library C:\Program Files\Eclipse Adoptium\jdk-17.0.20.101-hotspot\bin\net.dll
Event: 0.431 Loaded shared library C:\Program Files\Eclipse Adoptium\jdk-17.0.20.101-hotspot\bin\nio.dll
Event: 0.451 Loaded shared library C:\Program Files\Eclipse Adoptium\jdk-17.0.20.101-hotspot\bin\zip.dll
Event: 0.970 Loaded shared library C:\Program Files\Eclipse Adoptium\jdk-17.0.20.101-hotspot\bin\jimage.dll
Event: 8.219 Loaded shared library C:\Program Files\Eclipse Adoptium\jdk-17.0.20.101-hotspot\bin\verify.dll
Event: 21.316 Loaded shared library C:\Users\welcome\AppData\Local\Temp\sqlite-3.41.2.1-b580b269-863d-4ca1-9940-3a4d375bfee0-sqlitejdbc.dll

Deoptimization events (20 events):
Event: 42.117 Thread 0x0000025cfefc04a0 Uncommon trap: trap_request=0xffffffdc fr.pc=0x0000025c87c38370 relative=0x0000000000000250
Event: 42.117 Thread 0x0000025cfefc04a0 Uncommon trap: reason=class_check action=make_not_entrant pc=0x0000025c87c38370 method=java.util.ArrayList.toArray([Ljava/lang/Object;)[Ljava/lang/Object; @ 21 c2
Event: 42.117 Thread 0x0000025cfefc04a0 DEOPT PACKING pc=0x0000025c87c38370 sp=0x0000009fc18fddb0
Event: 42.117 Thread 0x0000025cfefc04a0 DEOPT UNPACKING pc=0x0000025c875869a3 sp=0x0000009fc18fdd80 mode 2
Event: 42.158 Thread 0x0000025cfefc04a0 Uncommon trap: trap_request=0xfffffff4 fr.pc=0x0000025c87b8ceb0 relative=0x0000000000000110
Event: 42.158 Thread 0x0000025cfefc04a0 Uncommon trap: reason=null_check action=make_not_entrant pc=0x0000025c87b8ceb0 method=org.jetbrains.kotlin.cli.jvm.modules.CoreJrtVirtualFile.equals(Ljava/lang/Object;)Z @ 1 c2
Event: 42.158 Thread 0x0000025cfefc04a0 DEOPT PACKING pc=0x0000025c87b8ceb0 sp=0x0000009fc18fdd60
Event: 42.158 Thread 0x0000025cfefc04a0 DEOPT UNPACKING pc=0x0000025c875869a3 sp=0x0000009fc18fdcf0 mode 2
Event: 42.915 Thread 0x0000025cfefc04a0 DEOPT PACKING pc=0x0000025c8025ab3d sp=0x0000009fc18fd780
Event: 42.915 Thread 0x0000025cfefc04a0 DEOPT UNPACKING pc=0x0000025c87587143 sp=0x0000009fc18fcc10 mode 0
Event: 43.314 Thread 0x0000025cfefc04a0 DEOPT PACKING pc=0x0000025c87c9e01c sp=0x0000009fc18fba80
Event: 43.314 Thread 0x0000025cfefc04a0 DEOPT UNPACKING pc=0x0000025c87587143 sp=0x0000009fc18faed8 mode 0
Event: 44.405 Thread 0x0000025cfefc04a0 Uncommon trap: trap_request=0xffffff45 fr.pc=0x0000025c87d82dec relative=0x0000000000004f2c
Event: 44.405 Thread 0x0000025cfefc04a0 Uncommon trap: reason=unstable_if action=reinterpret pc=0x0000025c87d82dec method=org.jetbrains.org.objectweb.asm.ClassReader.accept(Lorg/jetbrains/org/objectweb/asm/ClassVisitor;[Lorg/jetbrains/org/objectweb/asm/Attribute;I)V @ 502 c2
Event: 44.405 Thread 0x0000025cfefc04a0 DEOPT PACKING pc=0x0000025c87d82dec sp=0x0000009fc18fd6b0
Event: 44.405 Thread 0x0000025cfefc04a0 DEOPT UNPACKING pc=0x0000025c875869a3 sp=0x0000009fc18fd648 mode 2
Event: 44.405 Thread 0x0000025cfefc04a0 Uncommon trap: trap_request=0xffffff45 fr.pc=0x0000025c87d76320 relative=0x0000000000000e00
Event: 44.405 Thread 0x0000025cfefc04a0 Uncommon trap: reason=unstable_if action=reinterpret pc=0x0000025c87d76320 method=org.jetbrains.org.objectweb.asm.ClassReader.readMethod(Lorg/jetbrains/org/objectweb/asm/ClassVisitor;Lorg/jetbrains/org/objectweb/asm/Context;I)I @ 279 c2
Event: 44.405 Thread 0x0000025cfefc04a0 DEOPT PACKING pc=0x0000025c87d76320 sp=0x0000009fc18fd570
Event: 44.405 Thread 0x0000025cfefc04a0 DEOPT UNPACKING pc=0x0000025c875869a3 sp=0x0000009fc18fd518 mode 2

Classes loaded (20 events):
Event: 34.302 Loading class java/util/AbstractList$SubList$1
Event: 34.303 Loading class java/util/AbstractList$SubList$1 done
Event: 35.255 Loading class java/util/stream/IntPipeline$1
Event: 35.257 Loading class java/util/stream/IntPipeline$1 done
Event: 35.262 Loading class java/util/stream/IntPipeline$1$1
Event: 35.262 Loading class java/util/stream/IntPipeline$1$1 done
Event: 35.582 Loading class java/util/concurrent/CompletableFuture$AsyncRun
Event: 35.583 Loading class java/util/concurrent/CompletableFuture$AsyncRun done
Event: 35.953 Loading class java/util/concurrent/ConcurrentLinkedQueue$Itr
Event: 35.954 Loading class java/util/concurrent/ConcurrentLinkedQueue$Itr done
Event: 37.332 Loading class java/util/stream/LongStream
Event: 37.333 Loading class java/util/stream/LongStream done
Event: 37.334 Loading class java/util/stream/DoubleStream
Event: 37.334 Loading class java/util/stream/DoubleStream done
Event: 37.631 Loading class java/lang/Character$UnicodeBlock
Event: 37.633 Loading class java/lang/Character$Subset
Event: 37.633 Loading class java/lang/Character$Subset done
Event: 37.633 Loading class java/lang/Character$UnicodeBlock done
Event: 41.904 Loading class java/text/ChoiceFormat
Event: 41.905 Loading class java/text/ChoiceFormat done

Classes unloaded (0 events):
No events

Classes redefined (0 events):
No events

Internal exceptions (20 events):
Event: 33.272 Thread 0x0000025cfd513dc0 Exception <a 'java/lang/NoSuchMethodError'{0x00000000c39fcf38}: 'java.lang.Object java.lang.invoke.DirectMethodHandle$Holder.newInvokeSpecial(java.lang.Object, java.lang.Object, java.lang.Object, java.lang.Object, java.lang.Object, java.lang.Object)'> (0x00000000c39fcf38) 
thrown [s\src\hotspot\share\interpreter\linkResolver.cpp, line 759]
Event: 33.755 Thread 0x0000025cfd513dc0 Exception <a 'java/lang/NoSuchMethodError'{0x00000000c40f4d78}: 'java.lang.Object java.lang.invoke.DirectMethodHandle$Holder.invokeStaticInit(java.lang.Object, java.lang.Object, java.lang.Object, java.lang.Object)'> (0x00000000c40f4d78) 
thrown [s\src\hotspot\share\interpreter\linkResolver.cpp, line 759]
Event: 33.863 Thread 0x0000025cfd513dc0 Exception <a 'java/lang/NoSuchMethodError'{0x00000000c3d43df0}: 'java.lang.Object java.lang.invoke.DirectMethodHandle$Holder.newInvokeSpecial(java.lang.Object, java.lang.Object, java.lang.Object, java.lang.Object, int, java.lang.Object)'> (0x00000000c3d43df0) 
thrown [s\src\hotspot\share\interpreter\linkResolver.cpp, line 759]
Event: 33.865 Thread 0x0000025cfd513dc0 Exception <a 'java/lang/NoSuchMethodError'{0x00000000c3d4bc90}: 'java.lang.Object java.lang.invoke.Invokers$Holder.linkToTargetMethod(java.lang.Object, java.lang.Object, java.lang.Object, int, java.lang.Object, java.lang.Object)'> (0x00000000c3d4bc90) 
thrown [s\src\hotspot\share\interpreter\linkResolver.cpp, line 759]
Event: 34.972 Thread 0x0000025cfd513dc0 Exception <a 'java/lang/NoSuchMethodError'{0x00000000c3c17188}: 'java.lang.Object java.lang.invoke.DirectMethodHandle$Holder.newInvokeSpecial(java.lang.Object, java.lang.Object, java.lang.Object, java.lang.Object, java.lang.Object, java.lang.Object, java.lang.Object, int)'> (0x00000000c3c17188) 
thrown [s\src\hotspot\share\interpreter\linkResolver.cpp, line 759]
Event: 34.975 Thread 0x0000025cfd513dc0 Exception <a 'java/lang/NoSuchMethodError'{0x00000000c3c1c4d8}: 'java.lang.Object java.lang.invoke.DirectMethodHandle$Holder.invokeSpecial(java.lang.Object, java.lang.Object, java.lang.Object, java.lang.Object, java.lang.Object, java.lang.Object, java.lang.Object, java.lang.Object, int)'> (0x00000000c3c1c4d8) 
thrown [s\src\hotspot\share\interpreter\linkResolver.cpp, line 759]
Event: 35.040 Thread 0x0000025cfd513dc0 Implicit null exception at 0x0000025c87b53e6f to 0x0000025c87b5403c
Event: 35.252 Thread 0x0000025cfd512470 Implicit null exception at 0x0000025c87d08195 to 0x0000025c87d0856a
Event: 35.252 Thread 0x0000025cfd512470 Implicit null exception at 0x0000025c87d0352f to 0x0000025c87d0356c
Event: 35.757 Thread 0x0000025cfd511a50 Exception <a 'java/lang/NoSuchMethodError'{0x00000000c3cbbc00}: 'java.lang.Object java.lang.invoke.DirectMethodHandle$Holder.newInvokeSpecial(java.lang.Object, java.lang.Object, java.lang.Object, java.lang.Object, long)'> (0x00000000c3cbbc00) 
thrown [s\src\hotspot\share\interpreter\linkResolver.cpp, line 759]
Event: 35.763 Thread 0x0000025cfd511a50 Exception <a 'java/lang/NoSuchMethodError'{0x00000000c3cbfc90}: 'java.lang.Object java.lang.invoke.DirectMethodHandle$Holder.invokeSpecial(java.lang.Object, java.lang.Object, java.lang.Object, java.lang.Object, java.lang.Object, long)'> (0x00000000c3cbfc90) 
thrown [s\src\hotspot\share\interpreter\linkResolver.cpp, line 759]
Event: 35.766 Thread 0x0000025cfd511a50 Exception <a 'java/lang/NoSuchMethodError'{0x00000000c3cc36d0}: 'java.lang.Object java.lang.invoke.Invokers$Holder.linkToTargetMethod(java.lang.Object, java.lang.Object, java.lang.Object, long, java.lang.Object)'> (0x00000000c3cc36d0) 
thrown [s\src\hotspot\share\interpreter\linkResolver.cpp, line 759]
Event: 36.234 Thread 0x0000025cfd513dc0 Exception <a 'java/lang/NoSuchMethodError'{0x00000000c467dde0}: 'java.lang.Object java.lang.invoke.DirectMethodHandle$Holder.invokeStatic(java.lang.Object, int, java.lang.Object)'> (0x00000000c467dde0) 
thrown [s\src\hotspot\share\interpreter\linkResolver.cpp, line 759]
Event: 38.900 Thread 0x0000025cfd513dc0 Exception <a 'java/lang/IncompatibleClassChangeError'{0x00000000c5f3ce90}: Found class java.lang.Object, but interface was expected> (0x00000000c5f3ce90) 
thrown [s\src\hotspot\share\interpreter\linkResolver.cpp, line 826]
Event: 38.906 Thread 0x0000025cfd513dc0 Exception <a 'java/lang/NoSuchMethodError'{0x00000000c5f483a8}: 'java.lang.Object java.lang.invoke.DirectMethodHandle$Holder.invokeStatic(java.lang.Object, java.lang.Object, java.lang.Object, java.lang.Object, int)'> (0x00000000c5f483a8) 
thrown [s\src\hotspot\share\interpreter\linkResolver.cpp, line 759]
Event: 39.068 Thread 0x0000025cfd513dc0 Implicit null exception at 0x0000025c87b5c6e0 to 0x0000025c87b5c968
Event: 41.398 Thread 0x0000025cfd513dc0 Exception <a 'java/lang/NoSuchMethodError'{0x00000000c4ef1100}: 'java.lang.Object java.lang.invoke.DirectMethodHandle$Holder.newInvokeSpecial(java.lang.Object, java.lang.Object, java.lang.Object, java.lang.Object, java.lang.Object, java.lang.Object, java.lang.Object, java.lang.Object, java.lang.Object)'> (0x00000000c4ef1100) 
thrown [s\src\hotspot\share\interpreter\linkResolver.cpp, line 759]
Event: 41.399 Thread 0x0000025cfd513dc0 Exception <a 'java/lang/NoSuchMethodError'{0x00000000c4ef6718}: 'java.lang.Object java.lang.invoke.DirectMethodHandle$Holder.invokeSpecial(java.lang.Object, java.lang.Object, java.lang.Object, java.lang.Object, java.lang.Object, java.lang.Object, java.lang.Object, java.lang.Object, java.lang.Object, java.lang.Object)'> (0x00000000c4ef6718) 
thrown [s\src\hotspot\share\interpreter\linkResolver.cpp, line 759]
Event: 41.399 Thread 0x0000025cfd513dc0 Exception <a 'java/lang/NoSuchMethodError'{0x00000000c4eface0}: 'java.lang.Object java.lang.invoke.Invokers$Holder.linkToTargetMethod(java.lang.Object, java.lang.Object, java.lang.Object, java.lang.Object, java.lang.Object, java.lang.Object, java.lang.Object, java.lang.Object, java.lang.Object)'> (0x00000000c4eface0) 
thrown [s\src\hotspot\share\interpreter\linkResolver.cpp, line 759]
Event: 42.158 Thread 0x0000025cfefc04a0 Implicit null exception at 0x0000025c87b8cdcf to 0x0000025c87b8cea1

VM Operations (20 events):
Event: 39.573 Executing VM operation: HandshakeAllThreads
Event: 39.573 Executing VM operation: HandshakeAllThreads done
Event: 39.705 Executing VM operation: HandshakeAllThreads
Event: 39.705 Executing VM operation: HandshakeAllThreads done
Event: 39.801 Executing VM operation: HandshakeAllThreads
Event: 39.801 Executing VM operation: HandshakeAllThreads done
Event: 40.802 Executing VM operation: Cleanup
Event: 40.802 Executing VM operation: Cleanup done
Event: 41.235 Executing VM operation: HandshakeAllThreads
Event: 41.235 Executing VM operation: HandshakeAllThreads done
Event: 41.453 Executing VM operation: HandshakeAllThreads
Event: 41.453 Executing VM operation: HandshakeAllThreads done
Event: 41.624 Executing VM operation: ICBufferFull
Event: 41.624 Executing VM operation: ICBufferFull done
Event: 42.513 Executing VM operation: G1CollectForAllocation
Event: 42.521 Executing VM operation: G1CollectForAllocation done
Event: 43.314 Executing VM operation: HandshakeAllThreads
Event: 43.314 Executing VM operation: HandshakeAllThreads done
Event: 44.055 Executing VM operation: G1CollectForAllocation
Event: 44.067 Executing VM operation: G1CollectForAllocation done

Memory protections (0 events):
No events

Nmethod flushes (20 events):
Event: 39.813 Thread 0x0000025cf884e1d0 flushing  nmethod 0x0000025c80979c10
Event: 39.813 Thread 0x0000025cf884e1d0 flushing  nmethod 0x0000025c8097c390
Event: 39.813 Thread 0x0000025cf884e1d0 flushing  nmethod 0x0000025c80983d90
Event: 39.813 Thread 0x0000025cf884e1d0 flushing  nmethod 0x0000025c80987d10
Event: 39.813 Thread 0x0000025cf884e1d0 flushing  nmethod 0x0000025c809aa310
Event: 39.813 Thread 0x0000025cf884e1d0 flushing  nmethod 0x0000025c809ab390
Event: 39.813 Thread 0x0000025cf884e1d0 flushing  nmethod 0x0000025c809ada90
Event: 39.814 Thread 0x0000025cf884e1d0 flushing  nmethod 0x0000025c80a53a10
Event: 39.814 Thread 0x0000025cf884e1d0 flushing  nmethod 0x0000025c80a9c990
Event: 39.814 Thread 0x0000025cf884e1d0 flushing  nmethod 0x0000025c80b01210
Event: 39.814 Thread 0x0000025cf884e1d0 flushing  nmethod 0x0000025c80b03010
Event: 39.814 Thread 0x0000025cf884e1d0 flushing  nmethod 0x0000025c80b14d10
Event: 39.815 Thread 0x0000025cf884e1d0 flushing  nmethod 0x0000025c80b4a990
Event: 39.815 Thread 0x0000025cf884e1d0 flushing  nmethod 0x0000025c80b70a10
Event: 39.815 Thread 0x0000025cf884e1d0 flushing  nmethod 0x0000025c80be8490
Event: 39.815 Thread 0x0000025cf884e1d0 flushing  nmethod 0x0000025c80c22710
Event: 39.815 Thread 0x0000025cf884e1d0 flushing  nmethod 0x0000025c80c32c90
Event: 39.816 Thread 0x0000025cf884e1d0 flushing  nmethod 0x0000025c80c72d10
Event: 39.816 Thread 0x0000025cf884e1d0 flushing  nmethod 0x0000025c80c74110
Event: 39.816 Thread 0x0000025cf884e1d0 flushing  nmethod 0x0000025c80c84290

Events (20 events):
Event: 0.121 Thread 0x0000025cec27e730 Thread added: 0x0000025cf87d21a0
Event: 0.122 Thread 0x0000025cec27e730 Thread added: 0x0000025cf87d2b60
Event: 0.122 Thread 0x0000025cec27e730 Thread added: 0x0000025cf87d3520
Event: 0.122 Thread 0x0000025cec27e730 Thread added: 0x0000025cf87d3ee0
Event: 0.122 Thread 0x0000025cec27e730 Thread added: 0x0000025cf87d4bd0
Event: 0.131 Thread 0x0000025cec27e730 Thread added: 0x0000025cf87ff510
Event: 0.145 Thread 0x0000025cec27e730 Thread added: 0x0000025cf884e1d0
Event: 0.400 Thread 0x0000025cec27e730 Thread added: 0x0000025cf8a0d1c0
Event: 0.408 Thread 0x0000025cec27e730 Thread added: 0x0000025cf8a17d00
Event: 16.166 Thread 0x0000025cec27e730 Thread added: 0x0000025cfece0a60
Event: 16.435 Thread 0x0000025cfece0a60 Thread exited: 0x0000025cfece0a60
Event: 19.487 Thread 0x0000025cec27e730 Thread added: 0x0000025cfe850020
Event: 19.488 Thread 0x0000025cec27e730 Thread exited: 0x0000025cec27e730
Event: 19.489 Thread 0x0000025cec27e730 Thread added: 0x0000025cec27e730
Event: 20.288 Thread 0x0000025cfe850020 Thread added: 0x0000025cfe492860
Event: 24.155 Thread 0x0000025cfe492860 Thread added: 0x0000025cfd5138b0
Event: 24.729 Thread 0x0000025cfe492860 Thread added: 0x0000025cfd513dc0
Event: 24.986 Thread 0x0000025cfe850020 Thread added: 0x0000025cfd512470
Event: 35.583 Thread 0x0000025cfd512470 Thread added: 0x0000025cfd511a50
Event: 41.724 Thread 0x0000025cfe850020 Thread added: 0x0000025cfefc04a0


Dynamic libraries:
0x00007ff728100000 - 0x00007ff72810e000 	C:\Program Files\Eclipse Adoptium\jdk-17.0.20.101-hotspot\bin\java.exe
0x00007fffc4bd0000 - 0x00007fffc4dc9000 	C:\Windows\SYSTEM32\ntdll.dll
0x00007fffc3a60000 - 0x00007fffc3b22000 	C:\Windows\System32\KERNEL32.DLL
0x00007fffc25d0000 - 0x00007fffc28c7000 	C:\Windows\System32\KERNELBASE.dll
0x00007fffc2a30000 - 0x00007fffc2b30000 	C:\Windows\System32\ucrtbase.dll
0x00007fffbcfb0000 - 0x00007fffbcfc8000 	C:\Program Files\Eclipse Adoptium\jdk-17.0.20.101-hotspot\bin\jli.dll
0x00007fffc3560000 - 0x00007fffc36fd000 	C:\Windows\System32\USER32.dll
0x00007fffc2b80000 - 0x00007fffc2ba2000 	C:\Windows\System32\win32u.dll
0x00007fffc3b90000 - 0x00007fffc3bbb000 	C:\Windows\System32\GDI32.dll
0x00007fffc22c0000 - 0x00007fffc23da000 	C:\Windows\System32\gdi32full.dll
0x00007fffc2220000 - 0x00007fffc22bd000 	C:\Windows\System32\msvcp_win.dll
0x00007fffbc940000 - 0x00007fffbc95e000 	C:\Program Files\Eclipse Adoptium\jdk-17.0.20.101-hotspot\bin\VCRUNTIME140.dll
0x00007fffaf7a0000 - 0x00007fffafa3b000 	C:\Windows\WinSxS\amd64_microsoft.windows.common-controls_6595b64144ccf1df_6.0.19041.7663_none_60b9ed0b71f50c93\COMCTL32.dll
0x00007fffc3940000 - 0x00007fffc39de000 	C:\Windows\System32\msvcrt.dll
0x00007fffc3910000 - 0x00007fffc393f000 	C:\Windows\System32\IMM32.DLL
0x00007fffbcf80000 - 0x00007fffbcf8c000 	C:\Program Files\Eclipse Adoptium\jdk-17.0.20.101-hotspot\bin\vcruntime140_1.dll
0x00007fff87b50000 - 0x00007fff87bdd000 	C:\Program Files\Eclipse Adoptium\jdk-17.0.20.101-hotspot\bin\msvcp140.dll
0x00007fff22fa0000 - 0x00007fff23c0c000 	C:\Program Files\Eclipse Adoptium\jdk-17.0.20.101-hotspot\bin\server\jvm.dll
0x00007fffc4ad0000 - 0x00007fffc4b82000 	C:\Windows\System32\ADVAPI32.dll
0x00007fffc3400000 - 0x00007fffc34a0000 	C:\Windows\System32\sechost.dll
0x00007fffc37e0000 - 0x00007fffc3906000 	C:\Windows\System32\RPCRT4.dll
0x00007fffc2460000 - 0x00007fffc2487000 	C:\Windows\System32\bcrypt.dll
0x00007fffc39e0000 - 0x00007fffc3a53000 	C:\Windows\System32\WS2_32.dll
0x00007fffc2070000 - 0x00007fffc20bb000 	C:\Windows\SYSTEM32\POWRPROF.dll
0x00007fffad060000 - 0x00007fffad087000 	C:\Windows\SYSTEM32\WINMM.dll
0x00007fffbb7b0000 - 0x00007fffbb7ba000 	C:\Windows\SYSTEM32\VERSION.dll
0x00007fffc2050000 - 0x00007fffc2062000 	C:\Windows\SYSTEM32\UMPDC.dll
0x00007fffc0030000 - 0x00007fffc0042000 	C:\Windows\SYSTEM32\kernel.appcore.dll
0x00007fffb76e0000 - 0x00007fffb76ea000 	C:\Program Files\Eclipse Adoptium\jdk-17.0.20.101-hotspot\bin\jimage.dll
0x00007fffac260000 - 0x00007fffac46b000 	C:\Windows\SYSTEM32\DBGHELP.DLL
0x00007fffaae90000 - 0x00007fffaaec5000 	C:\Windows\SYSTEM32\dbgcore.DLL
0x00007fffc2540000 - 0x00007fffc25c2000 	C:\Windows\System32\bcryptPrimitives.dll
0x00007fffae220000 - 0x00007fffae245000 	C:\Program Files\Eclipse Adoptium\jdk-17.0.20.101-hotspot\bin\java.dll
0x00007fff876b0000 - 0x00007fff87787000 	C:\Program Files\Eclipse Adoptium\jdk-17.0.20.101-hotspot\bin\jsvml.dll
0x00007fffc2c80000 - 0x00007fffc33f1000 	C:\Windows\System32\SHELL32.dll
0x00007fffc0240000 - 0x00007fffc09ec000 	C:\Windows\SYSTEM32\windows.storage.dll
0x00007fffc4040000 - 0x00007fffc4394000 	C:\Windows\System32\combase.dll
0x00007fffc1b70000 - 0x00007fffc1b9b000 	C:\Windows\SYSTEM32\Wldp.dll
0x00007fffc34a0000 - 0x00007fffc354d000 	C:\Windows\System32\SHCORE.dll
0x00007fffc2c10000 - 0x00007fffc2c6b000 	C:\Windows\System32\shlwapi.dll
0x00007fffc2150000 - 0x00007fffc2175000 	C:\Windows\SYSTEM32\profapi.dll
0x00007fffb76c0000 - 0x00007fffb76da000 	C:\Program Files\Eclipse Adoptium\jdk-17.0.20.101-hotspot\bin\net.dll
0x00007fffb8a20000 - 0x00007fffb8b2d000 	C:\Windows\SYSTEM32\WINHTTP.dll
0x00007fffc1880000 - 0x00007fffc18ea000 	C:\Windows\system32\mswsock.dll
0x00007fffad7d0000 - 0x00007fffad7e6000 	C:\Program Files\Eclipse Adoptium\jdk-17.0.20.101-hotspot\bin\nio.dll
0x00007fff971f0000 - 0x00007fff97208000 	C:\Program Files\Eclipse Adoptium\jdk-17.0.20.101-hotspot\bin\zip.dll
0x00007fffc1ad0000 - 0x00007fffc1ae8000 	C:\Windows\SYSTEM32\CRYPTSP.dll
0x00007fffc1180000 - 0x00007fffc11b8000 	C:\Windows\system32\rsaenh.dll
0x00007fffc20c0000 - 0x00007fffc20ee000 	C:\Windows\SYSTEM32\USERENV.dll
0x00007fffc1ac0000 - 0x00007fffc1acc000 	C:\Windows\SYSTEM32\CRYPTBASE.dll
0x00007fffc1550000 - 0x00007fffc158b000 	C:\Windows\SYSTEM32\IPHLPAPI.DLL
0x00007fffc2c70000 - 0x00007fffc2c78000 	C:\Windows\System32\NSI.dll
0x00007fffb9550000 - 0x00007fffb9567000 	C:\Windows\SYSTEM32\dhcpcsvc6.DLL
0x00007fffb9530000 - 0x00007fffb954d000 	C:\Windows\SYSTEM32\dhcpcsvc.DLL
0x00007fffc1590000 - 0x00007fffc165c000 	C:\Windows\SYSTEM32\DNSAPI.dll
0x00007fffae210000 - 0x00007fffae220000 	C:\Program Files\Eclipse Adoptium\jdk-17.0.20.101-hotspot\bin\verify.dll
0x00007fff85a90000 - 0x00007fff85b79000 	C:\Users\welcome\AppData\Local\Temp\sqlite-3.41.2.1-b580b269-863d-4ca1-9940-3a4d375bfee0-sqlitejdbc.dll

dbghelp: loaded successfully - version: 4.0.5 - missing functions: none
symbol engine: initialized successfully - sym options: 0x614 - pdb path: .;C:\Program Files\Eclipse Adoptium\jdk-17.0.20.101-hotspot\bin;C:\Windows\SYSTEM32;C:\Windows\WinSxS\amd64_microsoft.windows.common-controls_6595b64144ccf1df_6.0.19041.7663_none_60b9ed0b71f50c93;C:\Program Files\Eclipse Adoptium\jdk-17.0.20.101-hotspot\bin\server;C:\Users\welcome\AppData\Local\Temp

VM Arguments:
jvm_args: -DkotlinLanguageServer.version=1.3.13 
java_command: org.javacs.kt.MainKt
java_class_path (initial): c:\Users\welcome\AppData\Roaming\Code\User\globalStorage\fwcd.kotlin\langServerInstall\server\lib\server-1.3.13.jar;c:\Users\welcome\AppData\Roaming\Code\User\globalStorage\fwcd.kotlin\langServerInstall\server\lib\shared-1.3.13.jar;c:\Users\welcome\AppData\Roaming\Code\User\globalStorage\fwcd.kotlin\langServerInstall\server\lib\kotlin-scripting-jvm-host-unshaded-2.1.0.jar;c:\Users\welcome\AppData\Roaming\Code\User\globalStorage\fwcd.kotlin\langServerInstall\server\lib\kotlin-scripting-compiler-2.1.0.jar;c:\Users\welcome\AppData\Roaming\Code\User\globalStorage\fwcd.kotlin\langServerInstall\server\lib\ktfmt-b5d31d1.jar;c:\Users\welcome\AppData\Roaming\Code\User\globalStorage\fwcd.kotlin\langServerInstall\server\lib\kotlin-compiler-2.1.0.jar;c:\Users\welcome\AppData\Roaming\Code\User\globalStorage\fwcd.kotlin\langServerInstall\server\lib\exposed-dao-0.37.3.jar;c:\Users\welcome\AppData\Roaming\Code\User\globalStorage\fwcd.kotlin\langServerInstall\server\lib\exposed-jdbc-0.37.3.jar;c:\Users\welcome\AppData\Roaming\Code\User\globalStorage\fwcd.kotlin\langServerInstall\server\lib\exposed-core-0.37.3.jar;c:\Users\welcome\AppData\Roaming\Code\User\globalStorage\fwcd.kotlin\langServerInstall\server\lib\kotlin-scripting-compiler-impl-2.1.0.jar;c:\Users\welcome\AppData\Roaming\Code\User\globalStorage\fwcd.kotlin\langServerInstall\server\lib\kotlin-reflect-2.1.0.jar;c:\Users\welcome\AppData\Roaming\Code\User\globalStorage\fwcd.kotlin\langServerInstall\server\lib\kotlin-scripting-jvm-2.1.0.jar;c:\Users\welcome\AppData\Roaming\Code\User\globalStorage\fwcd.kotlin\langServerInstall\server\lib\kotlin-scripting-common-2.1.0.jar;c:\Users\welcome\AppData\Roaming\Code\User\globalStorage\fwcd.kotlin\langServerInstall\server\lib\kotlinx-coroutines-core-jvm-1.6.4.jar;c:\Users\welcome\AppData\Roaming\Code\User\globalStorage\fwcd.kotlin\langServerInstall\server\lib\kotlin-stdlib-jdk8-2.1.0.jar;c:\Users\welcome\AppData\Roaming\Code\User\globalStorage\fwcd.kotlin\la
Launcher Type: SUN_STANDARD

[Global flags]
     intx CICompilerCount                          = 3                                         {product} {ergonomic}
     uint ConcGCThreads                            = 1                                         {product} {ergonomic}
     uint G1ConcRefinementThreads                  = 4                                         {product} {ergonomic}
   size_t G1HeapRegionSize                         = 1048576                                   {product} {ergonomic}
    uintx GCDrainStackTargetSize                   = 64                                        {product} {ergonomic}
   size_t InitialHeapSize                          = 67108864                                  {product} {ergonomic}
   size_t MarkStackSize                            = 4194304                                   {product} {ergonomic}
   size_t MaxHeapSize                              = 1050673152                                {product} {ergonomic}
   size_t MaxNewSize                               = 630194176                                 {product} {ergonomic}
   size_t MinHeapDeltaBytes                        = 1048576                                   {product} {ergonomic}
   size_t MinHeapSize                              = 8388608                                   {product} {ergonomic}
    uintx NonNMethodCodeHeapSize                   = 5832780                                {pd product} {ergonomic}
    uintx NonProfiledCodeHeapSize                  = 122912730                              {pd product} {ergonomic}
    uintx ProfiledCodeHeapSize                     = 122912730                              {pd product} {ergonomic}
    uintx ReservedCodeCacheSize                    = 251658240                              {pd product} {ergonomic}
     bool SegmentedCodeCache                       = true                                      {product} {ergonomic}
   size_t SoftMaxHeapSize                          = 1050673152                             {manageable} {ergonomic}
     bool UseCompressedClassPointers               = true                           {product lp64_product} {ergonomic}
     bool UseCompressedOops                        = true                           {product lp64_product} {ergonomic}
     bool UseG1GC                                  = true                                      {product} {ergonomic}
     bool UseLargePagesIndividualAllocation        = false                                  {pd product} {ergonomic}

Logging:
Log output configuration:
 #0: stdout all=warning uptime,level,tags
 #1: stderr all=off uptime,level,tags

Environment Variables:
CLASSPATH=c:\Users\welcome\AppData\Roaming\Code\User\globalStorage\fwcd.kotlin\langServerInstall\server\lib\server-1.3.13.jar;c:\Users\welcome\AppData\Roaming\Code\User\globalStorage\fwcd.kotlin\langServerInstall\server\lib\shared-1.3.13.jar;c:\Users\welcome\AppData\Roaming\Code\User\globalStorage\fwcd.kotlin\langServerInstall\server\lib\kotlin-scripting-jvm-host-unshaded-2.1.0.jar;c:\Users\welcome\AppData\Roaming\Code\User\globalStorage\fwcd.kotlin\langServerInstall\server\lib\kotlin-scripting-compiler-2.1.0.jar;c:\Users\welcome\AppData\Roaming\Code\User\globalStorage\fwcd.kotlin\langServerInstall\server\lib\ktfmt-b5d31d1.jar;c:\Users\welcome\AppData\Roaming\Code\User\globalStorage\fwcd.kotlin\langServerInstall\server\lib\kotlin-compiler-2.1.0.jar;c:\Users\welcome\AppData\Roaming\Code\User\globalStorage\fwcd.kotlin\langServerInstall\server\lib\exposed-dao-0.37.3.jar;c:\Users\welcome\AppData\Roaming\Code\User\globalStorage\fwcd.kotlin\langServerInstall\server\lib\exposed-jdbc-0.37.3.jar;c:\Users\welcome\AppData\Roaming\Code\User\globalStorage\fwcd.kotlin\langServerInstall\server\lib\exposed-core-0.37.3.jar;c:\Users\welcome\AppData\Roaming\Code\User\globalStorage\fwcd.kotlin\langServerInstall\server\lib\kotlin-scripting-compiler-impl-2.1.0.jar;c:\Users\welcome\AppData\Roaming\Code\User\globalStorage\fwcd.kotlin\langServerInstall\server\lib\kotlin-reflect-2.1.0.jar;c:\Users\welcome\AppData\Roaming\Code\User\globalStorage\fwcd.kotlin\langServerInstall\server\lib\kotlin-scripting-jvm-2.1.0.jar;c:\Users\welcome\AppData\Roaming\Code\User\globalStorage\fwcd.kotlin\langServerInstall\server\lib\kotlin-scripting-common-2.1.0.jar;c:\Users\welcome\AppData\Roaming\Code\User\globalStorage\fwcd.kotlin\langServerInstall\server\lib\kotlinx-coroutines-core-jvm-1.6.4.jar;c:\Users\welcome\AppData\Roaming\Code\User\globalStorage\fwcd.kotlin\langServerInstall\server\lib\kotlin-stdlib-jdk8-2.1.0.jar;c:\Users\welcome\AppData\Roaming\Code\User\globalStorage\fwcd.kotlin\langServerInstall\server\lib\kotlin-stdlib-jdk7-2.1.0.jar;c:\Users\welcome\AppData\Roaming\Code\User\globalStorage\fwcd.kotlin\langServerInstall\server\lib\kotlin-stdlib-2.1.0.jar;c:\Users\welcome\AppData\Roaming\Code\User\globalStorage\fwcd.kotlin\langServerInstall\server\lib\org.eclipse.lsp4j-0.21.2.jar;c:\Users\welcome\AppData\Roaming\Code\User\globalStorage\fwcd.kotlin\langServerInstall\server\lib\org.eclipse.lsp4j.jsonrpc-0.21.2.jar;c:\Users\welcome\AppData\Roaming\Code\User\globalStorage\fwcd.kotlin\langServerInstall\server\lib\kotlin-sam-with-receiver-compiler-plugin-2.1.0.jar;c:\Users\welcome\AppData\Roaming\Code\User\globalStorage\fwcd.kotlin\langServerInstall\server\lib\fernflower-1.0.jar;c:\Users\welcome\AppData\Roaming\Code\User\globalStorage\fwcd.kotlin\langServerInstall\server\lib\h2-1.4.200.jar;c:\Users\welcome\AppData\Roaming\Code\User\globalStorage\fwcd.kotlin\langServerInstall\server\lib\jcommander-1.78.jar;c:\Users\welcome\AppData\Roaming\Code\User\globalStorage\fwcd.kotlin\langServerInstall\server\lib\sqlite-jdbc-3.41.2.1.jar;c:\Users\welcome\AppData\Roaming\Code\User\globalStorage\fwcd.kotlin\langServerInstall\server\lib\google-java-format-1.8.jar;c:\Users\welcome\AppData\Roaming\Code\User\globalStorage\fwcd.kotlin\langServerInstall\server\lib\guava-33.3.0-jre.jar;c:\Users\welcome\AppData\Roaming\Code\User\globalStorage\fwcd.kotlin\langServerInstall\server\lib\annotations-13.0.jar;c:\Users\welcome\AppData\Roaming\Code\User\globalStorage\fwcd.kotlin\langServerInstall\server\lib\gson-2.10.1.jar;c:\Users\welcome\AppData\Roaming\Code\User\globalStorage\fwcd.kotlin\langServerInstall\server\lib\kotlin-script-runtime-2.1.0.jar;c:\Users\welcome\AppData\Roaming\Code\User\globalStorage\fwcd.kotlin\langServerInstall\server\lib\trove4j-1.0.20200330.jar;c:\Users\welcome\AppData\Roaming\Code\User\globalStorage\fwcd.kotlin\langServerInstall\server\lib\jline-3.24.1.jar;c:\Users\welcome\AppData\Roaming\Code\User\globalStorage\fwcd.kotlin\langServerInstall\server\lib\slf4j-api-1.7.25.jar;c:\Users\welcome\AppData\Roaming\Code\User\globalStorage\fwcd.kotlin\langServerInstall\server\lib\jna-4.2.2.jar;c:\Users\welcome\AppData\Roaming\Code\User\globalStorage\fwcd.kotlin\langServerInstall\server\lib\failureaccess-1.0.2.jar;c:\Users\welcome\AppData\Roaming\Code\User\globalStorage\fwcd.kotlin\langServerInstall\server\lib\listenablefuture-9999.0-empty-to-avoid-conflict-with-guava.jar;c:\Users\welcome\AppData\Roaming\Code\User\globalStorage\fwcd.kotlin\langServerInstall\server\lib\jsr305-3.0.2.jar;c:\Users\welcome\AppData\Roaming\Code\User\globalStorage\fwcd.kotlin\langServerInstall\server\lib\checker-qual-3.43.0.jar;c:\Users\welcome\AppData\Roaming\Code\User\globalStorage\fwcd.kotlin\langServerInstall\server\lib\error_prone_annotations-2.28.0.jar
PATH=C:\Program Files\Eclipse Adoptium\jdk-17.0.20.101-hotspot\bin;C:\Windows\system32;C:\Windows;C:\Windows\System32\Wbem;C:\Windows\System32\WindowsPowerShell\v1.0\;C:\Windows\System32\OpenSSH\;C:\Program Files\Git\cmd;C:\Program Files\nodejs\;C:\Users\welcome\AppData\Local\Microsoft\WindowsApps;C:\Users\welcome\AppData\Local\Programs\Microsoft VS Code\bin;C:\Users\welcome\AppData\Local\Programs\DockerDesktop\resources\bin;C:\Users\welcome\AppData\Roaming\npm
USERNAME=welcome
OS=Windows_NT
PROCESSOR_IDENTIFIER=Intel64 Family 6 Model 142 Stepping 9, GenuineIntel
TMP=C:\Users\welcome\AppData\Local\Temp
TEMP=C:\Users\welcome\AppData\Local\Temp



Periodic native trim disabled


---------------  S Y S T E M  ---------------

OS:
 Windows 10 , 64 bit Build 19041 (10.0.19041.7725)
OS uptime: 5 days 23:09 hours
Hyper-V role detected

CPU: total 4 (initial active 4) (2 cores per cpu, 2 threads per core) family 6 model 142 stepping 9 microcode 0xea, cx8, cmov, fxsr, ht, mmx, 3dnowpref, sse, sse2, sse3, ssse3, sse4.1, sse4.2, popcnt, lzcnt, tsc, tscinvbit, avx, avx2, aes, erms, clmul, bmi1, bmi2, adx, fma, vzeroupper, clflush, clflushopt, hv
Processor Information for all 4 processors :
  Max Mhz: 2400, Current Mhz: 2400, Mhz Limit: 2400

Memory: 4k page, system-wide physical 4005M (281M free)
TotalPageFile size 11505M (AvailPageFile size 1M)
current process WorkingSet (physical memory assigned to process): 241M, peak: 241M
current process commit charge ("private bytes"): 279M, peak: 279M

vm_info: OpenJDK 64-Bit Server VM (17.0.20.1+1) for windows-amd64 JRE (17.0.20.1+1), built on Aug 18 2026 20:44:09 by "admin" with MS VC++ 17.12 (VS2022)

END.
