#
# There is insufficient memory for the Java Runtime Environment to continue.
# Native memory allocation (mmap) failed to map 190840832 bytes. Error detail: G1 virtual space
# Possible reasons:
#   The system is out of physical RAM or swap space
#   This process is running with CompressedOops enabled, and the Java Heap may be blocking the growth of the native heap
# Possible solutions:
#   Reduce memory load on the system
#   Increase physical memory or swap space
#   Check if swap backing store is full
#   Decrease Java heap size (-Xmx/-Xms)
#   Decrease number of Java threads
#   Decrease Java thread stack sizes (-Xss)
#   Set larger code cache with -XX:ReservedCodeCacheSize=
#   JVM is running with Unscaled Compressed Oops mode in which the Java heap is
#     placed in the first 4GB address space. The Java Heap base address is the
#     maximum limit for the native heap growth. Please use -XX:HeapBaseMinAddress
#     to set the Java Heap base and to place the Java Heap above 4GB virtual address.
# This output file may be truncated or incomplete.
#
#  Out of Memory Error (os_windows.cpp:3630), pid=9320, tid=11768
#
# JRE version: OpenJDK Runtime Environment Temurin-17.0.20.1+1 (17.0.20.1+1) (build 17.0.20.1+1)
# Java VM: OpenJDK 64-Bit Server VM Temurin-17.0.20.1+1 (17.0.20.1+1, mixed mode, sharing, tiered, compressed oops, compressed class ptrs, g1 gc, windows-amd64)
# No core dump will be written. Minidumps are not enabled by default on client versions of Windows
#

---------------  S U M M A R Y ------------

Command Line: -DkotlinLanguageServer.version=1.3.13 org.javacs.kt.MainKt

Host: Intel(R) Core(TM) i3-7100U CPU @ 2.40GHz, 4 cores, 3G,  Windows 10 , 64 bit Build 19041 (10.0.19041.7725)
Time: Tue Sep 29 22:30:18 2026 India Standard Time elapsed time: 493.254549 seconds (0d 0h 8m 13s)

---------------  T H R E A D  ---------------

Current thread (0x000001f333afec60):  VMThread "VM Thread" [stack: 0x000000dfcde00000,0x000000dfcdf00000] [id=11768]

Stack: [0x000000dfcde00000,0x000000dfcdf00000]
Native frames: (J=compiled Java code, j=interpreted, Vv=VM code, C=native code)
V  [jvm.dll+0x684d39]
V  [jvm.dll+0x83a565]
V  [jvm.dll+0x83bfde]
V  [jvm.dll+0x83c663]
V  [jvm.dll+0x2490cf]
V  [jvm.dll+0x681af9]
V  [jvm.dll+0x6768ba]
V  [jvm.dll+0x309467]
V  [jvm.dll+0x310a56]
V  [jvm.dll+0x360f3e]
V  [jvm.dll+0x36117d]
V  [jvm.dll+0x2e04ec]
V  [jvm.dll+0x2de8c2]
V  [jvm.dll+0x2de05c]
V  [jvm.dll+0x320cab]
V  [jvm.dll+0x840e7d]
V  [jvm.dll+0x841bb3]
V  [jvm.dll+0x8420df]
V  [jvm.dll+0x8424c5]
V  [jvm.dll+0x84258e]
V  [jvm.dll+0x7eb17c]
V  [jvm.dll+0x683c07]
C  [ucrtbase.dll+0x21bb2]
C  [KERNEL32.DLL+0x17384]
C  [ntdll.dll+0x4cc91]

VM_Operation (0x000000dfcf3fc190): G1CollectForAllocation, mode: safepoint, requested by thread 0x000001f3909a4270


---------------  P R O C E S S  ---------------

Threads class SMR info:
_java_thread_list=0x000001f39f271340, length=19, elements={
0x000001f390125fe0, 0x000001f390127580, 0x000001f39013e5f0, 0x000001f390140fe0,
0x000001f3901418b0, 0x000001f390144190, 0x000001f390144d90, 0x000001f3901965d0,
0x000001f3901b92a0, 0x000001f3902a01b0, 0x000001f3902a88e0, 0x000001f39e8e5030,
0x000001f333a4e900, 0x000001f39dc84450, 0x000001f3909a51a0, 0x000001f3909a65e0,
0x000001f3909a60d0, 0x000001f3909a5bc0, 0x000001f3909a4270
}

Java Threads: ( => current thread )
  0x000001f390125fe0 JavaThread "Reference Handler" daemon [_thread_blocked, id=4100, stack(0x000000dfcdf00000,0x000000dfce000000)]
  0x000001f390127580 JavaThread "Finalizer" daemon [_thread_blocked, id=15400, stack(0x000000dfce000000,0x000000dfce100000)]
  0x000001f39013e5f0 JavaThread "Signal Dispatcher" daemon [_thread_blocked, id=3404, stack(0x000000dfce100000,0x000000dfce200000)]
  0x000001f390140fe0 JavaThread "Attach Listener" daemon [_thread_blocked, id=5712, stack(0x000000dfce200000,0x000000dfce300000)]
  0x000001f3901418b0 JavaThread "Service Thread" daemon [_thread_blocked, id=8548, stack(0x000000dfce300000,0x000000dfce400000)]
  0x000001f390144190 JavaThread "Monitor Deflation Thread" daemon [_thread_blocked, id=16352, stack(0x000000dfce400000,0x000000dfce500000)]
  0x000001f390144d90 JavaThread "C2 CompilerThread0" daemon [_thread_in_native, id=6656, stack(0x000000dfce500000,0x000000dfce600000)]
  0x000001f3901965d0 JavaThread "C1 CompilerThread0" daemon [_thread_blocked, id=13008, stack(0x000000dfce600000,0x000000dfce700000)]
  0x000001f3901b92a0 JavaThread "Sweeper thread" daemon [_thread_blocked, id=2480, stack(0x000000dfce700000,0x000000dfce800000)]
  0x000001f3902a01b0 JavaThread "Notification Thread" daemon [_thread_blocked, id=13476, stack(0x000000dfce800000,0x000000dfce900000)]
  0x000001f3902a88e0 JavaThread "Common-Cleaner" daemon [_thread_blocked, id=7744, stack(0x000000dfcea00000,0x000000dfceb00000)]
  0x000001f39e8e5030 JavaThread "client" [_thread_in_native, id=3144, stack(0x000000dfcee00000,0x000000dfcef00000)]
  0x000001f333a4e900 JavaThread "DestroyJavaVM" [_thread_blocked, id=272, stack(0x000000dfcd800000,0x000000dfcd900000)]
  0x000001f39dc84450 JavaThread "async0" [_thread_blocked, id=16028, stack(0x000000dfcef00000,0x000000dfcf000000)]
  0x000001f3909a51a0 JavaThread "async1" [_thread_blocked, id=11172, stack(0x000000dfcd500000,0x000000dfcd600000)]
  0x000001f3909a65e0 JavaThread "debounce0" [_thread_blocked, id=6744, stack(0x000000dfcd600000,0x000000dfcd700000)]
  0x000001f3909a60d0 JavaThread "async2" [_thread_blocked, id=12152, stack(0x000000dfcd700000,0x000000dfcd800000)]
  0x000001f3909a5bc0 JavaThread "async3" [_thread_blocked, id=13100, stack(0x000000dfcf000000,0x000000dfcf100000)]
  0x000001f3909a4270 JavaThread "ForkJoinPool.commonPool-worker-1" daemon [_thread_blocked, id=14672, stack(0x000000dfcf300000,0x000000dfcf400000)]

Other Threads:
=>0x000001f333afec60 VMThread "VM Thread" [stack: 0x000000dfcde00000,0x000000dfcdf00000] [id=11768]
  0x000001f3902a0aa0 WatcherThread [stack: 0x000000dfce900000,0x000000dfcea00000] [id=3376]
  0x000001f333a89fd0 GCTaskThread "GC Thread#0" [stack: 0x000000dfcd900000,0x000000dfcda00000] [id=3332]
  0x000001f390369020 GCTaskThread "GC Thread#1" [stack: 0x000000dfceb00000,0x000000dfcec00000] [id=1564]
  0x000001f3903868c0 GCTaskThread "GC Thread#2" [stack: 0x000000dfcec00000,0x000000dfced00000] [id=16100]
  0x000001f390386b80 GCTaskThread "GC Thread#3" [stack: 0x000000dfced00000,0x000000dfcee00000] [id=264]
  0x000001f333a93b80 ConcurrentGCThread "G1 Main Marker" [stack: 0x000000dfcda00000,0x000000dfcdb00000] [id=12132]
  0x000001f333a954c0 ConcurrentGCThread "G1 Conc#0" [stack: 0x000000dfcdb00000,0x000000dfcdc00000] [id=16128]
  0x000001f333ae22c0 ConcurrentGCThread "G1 Refine#0" [stack: 0x000000dfcdc00000,0x000000dfcdd00000] [id=10256]
  0x000001f39e7b6240 ConcurrentGCThread "G1 Refine#1" [stack: 0x000000dfcf100000,0x000000dfcf200000] [id=6468]
  0x000001f39dd8daa0 ConcurrentGCThread "G1 Refine#2" [stack: 0x000000dfcf200000,0x000000dfcf300000] [id=13600]
  0x000001f333ae2c00 ConcurrentGCThread "G1 Service" [stack: 0x000000dfcdd00000,0x000000dfcde00000] [id=14884]

Threads with active compile tasks:
C2 CompilerThread0  493337 8456       4       org.jetbrains.org.objectweb.asm.ClassReader::accept (1380 bytes)

VM state: at safepoint (normal execution)

VM Mutex/Monitor currently owned by a thread:  ([mutex/lock_event])
[0x000001f333a4a700] Threads_lock - owner thread: 0x000001f333afec60
[0x000001f333a4a5e0] Heap_lock - owner thread: 0x000001f3909a4270

Heap address: 0x00000000c1600000, size: 1002 MB, Compressed Oops mode: 32-bit

CDS archive(s) mapped at: [0x000001f34f000000-0x000001f34fbb0000-0x000001f34fbb0000), size 12255232, SharedBaseAddress: 0x000001f34f000000, ArchiveRelocationMode: 1.
Compressed class space mapped at: 0x000001f350000000-0x000001f390000000, reserved size: 1073741824
Narrow klass base: 0x000001f34f000000, Narrow klass shift: 0, Narrow klass range: 0x100000000

GC Precious Log:
 CPUs: 4 total, 4 available
 Memory: 4005M
 Large Page Support: Disabled
 NUMA Support: Disabled
 Compressed Oops: Enabled (32-bit)
 Heap Region Size: 1M
 Heap Min Capacity: 8M
 Heap Initial Capacity: 64M
 Heap Max Capacity: 1002M
 Pre-touch: Disabled
 Parallel Workers: 4
 Concurrent Workers: 1
 Concurrent Refinement Workers: 4
 Periodic GC: Disabled

Heap:
 garbage-first heap   total 294912K, used 121856K [0x00000000c1600000, 0x0000000100000000)
  region size 1024K, 7 young (7168K), 7 survivors (7168K)
 Metaspace       used 68712K, committed 69120K, reserved 1114112K
  class space    used 8160K, committed 8320K, reserved 1048576K

Heap Regions: E=young(eden), S=young(survivor), O=old, HS=humongous(starts), HC=humongous(continues), CS=collection set, F=free, OA=open archive, CA=closed archive, TAMS=top-at-mark-start (previous, next)
|   0|0x00000000c1600000, 0x00000000c1700000, 0x00000000c1700000|100%|HS|  |TAMS 0x00000000c1700000, 0x00000000c1600000| Complete 
|   1|0x00000000c1700000, 0x00000000c1800000, 0x00000000c1800000|100%|HC|  |TAMS 0x00000000c1800000, 0x00000000c1700000| Complete 
|   2|0x00000000c1800000, 0x00000000c1900000, 0x00000000c1900000|100%|HC|  |TAMS 0x00000000c1900000, 0x00000000c1800000| Complete 
|   3|0x00000000c1900000, 0x00000000c1a00000, 0x00000000c1a00000|100%|HC|  |TAMS 0x00000000c1a00000, 0x00000000c1900000| Complete 
|   4|0x00000000c1a00000, 0x00000000c1b00000, 0x00000000c1b00000|100%| O|  |TAMS 0x00000000c1b00000, 0x00000000c1a00000| Untracked 
|   5|0x00000000c1b00000, 0x00000000c1c00000, 0x00000000c1c00000|100%| O|  |TAMS 0x00000000c1c00000, 0x00000000c1b00000| Untracked 
|   6|0x00000000c1c00000, 0x00000000c1d00000, 0x00000000c1d00000|100%| O|  |TAMS 0x00000000c1d00000, 0x00000000c1c00000| Untracked 
|   7|0x00000000c1d00000, 0x00000000c1e00000, 0x00000000c1e00000|100%| O|  |TAMS 0x00000000c1e00000, 0x00000000c1d00000| Untracked 
|   8|0x00000000c1e00000, 0x00000000c1f00000, 0x00000000c1f00000|100%| O|  |TAMS 0x00000000c1f00000, 0x00000000c1e00000| Untracked 
|   9|0x00000000c1f00000, 0x00000000c2000000, 0x00000000c2000000|100%| O|  |TAMS 0x00000000c2000000, 0x00000000c1f00000| Untracked 
|  10|0x00000000c2000000, 0x00000000c2100000, 0x00000000c2100000|100%| O|  |TAMS 0x00000000c2100000, 0x00000000c2000000| Untracked 
|  11|0x00000000c2100000, 0x00000000c2200000, 0x00000000c2200000|100%| O|  |TAMS 0x00000000c2200000, 0x00000000c2100000| Untracked 
|  12|0x00000000c2200000, 0x00000000c2300000, 0x00000000c2300000|100%| O|  |TAMS 0x00000000c2300000, 0x00000000c2200000| Untracked 
|  13|0x00000000c2300000, 0x00000000c2400000, 0x00000000c2400000|100%| O|  |TAMS 0x00000000c2400000, 0x00000000c2300000| Untracked 
|  14|0x00000000c2400000, 0x00000000c2500000, 0x00000000c2500000|100%| O|  |TAMS 0x00000000c2500000, 0x00000000c2400000| Untracked 
|  15|0x00000000c2500000, 0x00000000c2600000, 0x00000000c2600000|100%| O|  |TAMS 0x00000000c2600000, 0x00000000c2500000| Untracked 
|  16|0x00000000c2600000, 0x00000000c2700000, 0x00000000c2700000|100%| O|  |TAMS 0x00000000c2700000, 0x00000000c2600000| Untracked 
|  17|0x00000000c2700000, 0x00000000c2800000, 0x00000000c2800000|100%| O|  |TAMS 0x00000000c2800000, 0x00000000c2700000| Untracked 
|  18|0x00000000c2800000, 0x00000000c2900000, 0x00000000c2900000|100%| O|  |TAMS 0x00000000c2900000, 0x00000000c2800000| Untracked 
|  19|0x00000000c2900000, 0x00000000c2a00000, 0x00000000c2a00000|100%| O|  |TAMS 0x00000000c2a00000, 0x00000000c2900000| Untracked 
|  20|0x00000000c2a00000, 0x00000000c2b00000, 0x00000000c2b00000|100%| O|  |TAMS 0x00000000c2b00000, 0x00000000c2a00000| Untracked 
|  21|0x00000000c2b00000, 0x00000000c2c00000, 0x00000000c2c00000|100%| O|  |TAMS 0x00000000c2c00000, 0x00000000c2b00000| Untracked 
|  22|0x00000000c2c00000, 0x00000000c2d00000, 0x00000000c2d00000|100%| O|  |TAMS 0x00000000c2d00000, 0x00000000c2c00000| Untracked 
|  23|0x00000000c2d00000, 0x00000000c2e00000, 0x00000000c2e00000|100%| O|  |TAMS 0x00000000c2e00000, 0x00000000c2d00000| Untracked 
|  24|0x00000000c2e00000, 0x00000000c2f00000, 0x00000000c2f00000|100%| O|  |TAMS 0x00000000c2f00000, 0x00000000c2e00000| Untracked 
|  25|0x00000000c2f00000, 0x00000000c3000000, 0x00000000c3000000|100%| O|  |TAMS 0x00000000c3000000, 0x00000000c2f00000| Untracked 
|  26|0x00000000c3000000, 0x00000000c3100000, 0x00000000c3100000|100%| O|  |TAMS 0x00000000c3100000, 0x00000000c3000000| Untracked 
|  27|0x00000000c3100000, 0x00000000c3200000, 0x00000000c3200000|100%| O|  |TAMS 0x00000000c3200000, 0x00000000c3100000| Untracked 
|  28|0x00000000c3200000, 0x00000000c3300000, 0x00000000c3300000|100%| O|  |TAMS 0x00000000c3200000, 0x00000000c3200000| Untracked 
|  29|0x00000000c3300000, 0x00000000c3400000, 0x00000000c3400000|100%| O|  |TAMS 0x00000000c3400000, 0x00000000c3300000| Untracked 
|  30|0x00000000c3400000, 0x00000000c3500000, 0x00000000c3500000|100%| O|  |TAMS 0x00000000c3500000, 0x00000000c3400000| Untracked 
|  31|0x00000000c3500000, 0x00000000c3600000, 0x00000000c3600000|100%| O|  |TAMS 0x00000000c3600000, 0x00000000c3500000| Untracked 
|  32|0x00000000c3600000, 0x00000000c3700000, 0x00000000c3700000|100%| O|  |TAMS 0x00000000c3700000, 0x00000000c3600000| Untracked 
|  33|0x00000000c3700000, 0x00000000c3800000, 0x00000000c3800000|100%| O|  |TAMS 0x00000000c3800000, 0x00000000c3700000| Untracked 
|  34|0x00000000c3800000, 0x00000000c3900000, 0x00000000c3900000|100%| O|  |TAMS 0x00000000c3900000, 0x00000000c3800000| Untracked 
|  35|0x00000000c3900000, 0x00000000c3a00000, 0x00000000c3a00000|100%| O|  |TAMS 0x00000000c3a00000, 0x00000000c3900000| Untracked 
|  36|0x00000000c3a00000, 0x00000000c3b00000, 0x00000000c3b00000|100%| O|  |TAMS 0x00000000c3b00000, 0x00000000c3a00000| Untracked 
|  37|0x00000000c3b00000, 0x00000000c3c00000, 0x00000000c3c00000|100%| O|  |TAMS 0x00000000c3c00000, 0x00000000c3b00000| Untracked 
|  38|0x00000000c3c00000, 0x00000000c3d00000, 0x00000000c3d00000|100%| O|  |TAMS 0x00000000c3c00000, 0x00000000c3c00000| Untracked 
|  39|0x00000000c3d00000, 0x00000000c3e00000, 0x00000000c3e00000|100%| O|  |TAMS 0x00000000c3e00000, 0x00000000c3d00000| Untracked 
|  40|0x00000000c3e00000, 0x00000000c3f00000, 0x00000000c3f00000|100%| O|  |TAMS 0x00000000c3f00000, 0x00000000c3e00000| Untracked 
|  41|0x00000000c3f00000, 0x00000000c4000000, 0x00000000c4000000|100%| O|  |TAMS 0x00000000c4000000, 0x00000000c3f00000| Untracked 
|  42|0x00000000c4000000, 0x00000000c4100000, 0x00000000c4100000|100%| O|  |TAMS 0x00000000c4100000, 0x00000000c4000000| Untracked 
|  43|0x00000000c4100000, 0x00000000c4200000, 0x00000000c4200000|100%| O|  |TAMS 0x00000000c4200000, 0x00000000c4100000| Untracked 
|  44|0x00000000c4200000, 0x00000000c4300000, 0x00000000c4300000|100%| O|  |TAMS 0x00000000c4300000, 0x00000000c4200000| Untracked 
|  45|0x00000000c4300000, 0x00000000c4400000, 0x00000000c4400000|100%| O|  |TAMS 0x00000000c4400000, 0x00000000c4300000| Untracked 
|  46|0x00000000c4400000, 0x00000000c4500000, 0x00000000c4500000|100%| O|  |TAMS 0x00000000c4500000, 0x00000000c4400000| Untracked 
|  47|0x00000000c4500000, 0x00000000c4600000, 0x00000000c4600000|100%| O|  |TAMS 0x00000000c4600000, 0x00000000c4500000| Untracked 
|  48|0x00000000c4600000, 0x00000000c4700000, 0x00000000c4700000|100%| O|  |TAMS 0x00000000c4700000, 0x00000000c4600000| Untracked 
|  49|0x00000000c4700000, 0x00000000c4800000, 0x00000000c4800000|100%| O|  |TAMS 0x00000000c4800000, 0x00000000c4700000| Untracked 
|  50|0x00000000c4800000, 0x00000000c4900000, 0x00000000c4900000|100%| O|  |TAMS 0x00000000c4900000, 0x00000000c4800000| Untracked 
|  51|0x00000000c4900000, 0x00000000c4a00000, 0x00000000c4a00000|100%| O|  |TAMS 0x00000000c4900000, 0x00000000c4900000| Untracked 
|  52|0x00000000c4a00000, 0x00000000c4b00000, 0x00000000c4b00000|100%| O|  |TAMS 0x00000000c4a00000, 0x00000000c4a00000| Untracked 
|  53|0x00000000c4b00000, 0x00000000c4c00000, 0x00000000c4c00000|100%| O|  |TAMS 0x00000000c4b00000, 0x00000000c4b00000| Untracked 
|  54|0x00000000c4c00000, 0x00000000c4d00000, 0x00000000c4d00000|100%| O|  |TAMS 0x00000000c4c00000, 0x00000000c4c00000| Untracked 
|  55|0x00000000c4d00000, 0x00000000c4e00000, 0x00000000c4e00000|100%| O|  |TAMS 0x00000000c4d00000, 0x00000000c4d00000| Untracked 
|  56|0x00000000c4e00000, 0x00000000c4f00000, 0x00000000c4f00000|100%| O|  |TAMS 0x00000000c4e00000, 0x00000000c4e00000| Untracked 
|  57|0x00000000c4f00000, 0x00000000c5000000, 0x00000000c5000000|100%| O|  |TAMS 0x00000000c4f00000, 0x00000000c4f00000| Untracked 
|  58|0x00000000c5000000, 0x00000000c5100000, 0x00000000c5100000|100%| O|  |TAMS 0x00000000c5000000, 0x00000000c5000000| Untracked 
|  59|0x00000000c5100000, 0x00000000c5200000, 0x00000000c5200000|100%| O|  |TAMS 0x00000000c5100000, 0x00000000c5100000| Untracked 
|  60|0x00000000c5200000, 0x00000000c5300000, 0x00000000c5300000|100%| O|  |TAMS 0x00000000c5200000, 0x00000000c5200000| Untracked 
|  61|0x00000000c5300000, 0x00000000c5400000, 0x00000000c5400000|100%| O|  |TAMS 0x00000000c5300000, 0x00000000c5300000| Untracked 
|  62|0x00000000c5400000, 0x00000000c5500000, 0x00000000c5500000|100%| O|  |TAMS 0x00000000c5400000, 0x00000000c5400000| Untracked 
|  63|0x00000000c5500000, 0x00000000c5600000, 0x00000000c5600000|100%| O|  |TAMS 0x00000000c5500000, 0x00000000c5500000| Untracked 
|  64|0x00000000c5600000, 0x00000000c5700000, 0x00000000c5700000|100%| O|  |TAMS 0x00000000c5600000, 0x00000000c5600000| Untracked 
|  65|0x00000000c5700000, 0x00000000c5800000, 0x00000000c5800000|100%| O|  |TAMS 0x00000000c5700000, 0x00000000c5700000| Untracked 
|  66|0x00000000c5800000, 0x00000000c5900000, 0x00000000c5900000|100%| O|  |TAMS 0x00000000c5800000, 0x00000000c5800000| Untracked 
|  67|0x00000000c5900000, 0x00000000c5a00000, 0x00000000c5a00000|100%| O|  |TAMS 0x00000000c5900000, 0x00000000c5900000| Untracked 
|  68|0x00000000c5a00000, 0x00000000c5b00000, 0x00000000c5b00000|100%| O|  |TAMS 0x00000000c5a00000, 0x00000000c5a00000| Untracked 
|  69|0x00000000c5b00000, 0x00000000c5c00000, 0x00000000c5c00000|100%| O|  |TAMS 0x00000000c5b00000, 0x00000000c5b00000| Untracked 
|  70|0x00000000c5c00000, 0x00000000c5d00000, 0x00000000c5d00000|100%| O|  |TAMS 0x00000000c5c00000, 0x00000000c5c00000| Untracked 
|  71|0x00000000c5d00000, 0x00000000c5e00000, 0x00000000c5e00000|100%| O|  |TAMS 0x00000000c5d00000, 0x00000000c5d00000| Untracked 
|  72|0x00000000c5e00000, 0x00000000c5f00000, 0x00000000c5f00000|100%| O|  |TAMS 0x00000000c5e00000, 0x00000000c5e00000| Untracked 
|  73|0x00000000c5f00000, 0x00000000c6000000, 0x00000000c6000000|100%| O|  |TAMS 0x00000000c5f00000, 0x00000000c5f00000| Untracked 
|  74|0x00000000c6000000, 0x00000000c6100000, 0x00000000c6100000|100%| O|  |TAMS 0x00000000c6000000, 0x00000000c6000000| Untracked 
|  75|0x00000000c6100000, 0x00000000c6200000, 0x00000000c6200000|100%| O|  |TAMS 0x00000000c6100000, 0x00000000c6100000| Untracked 
|  76|0x00000000c6200000, 0x00000000c6300000, 0x00000000c6300000|100%| O|  |TAMS 0x00000000c6200000, 0x00000000c6200000| Untracked 
|  77|0x00000000c6300000, 0x00000000c6400000, 0x00000000c6400000|100%| O|  |TAMS 0x00000000c6300000, 0x00000000c6300000| Untracked 
|  78|0x00000000c6400000, 0x00000000c6500000, 0x00000000c6500000|100%| O|  |TAMS 0x00000000c6400000, 0x00000000c6400000| Untracked 
|  79|0x00000000c6500000, 0x00000000c6600000, 0x00000000c6600000|100%| O|  |TAMS 0x00000000c6500000, 0x00000000c6500000| Untracked 
|  80|0x00000000c6600000, 0x00000000c6700000, 0x00000000c6700000|100%| O|  |TAMS 0x00000000c6600000, 0x00000000c6600000| Untracked 
|  81|0x00000000c6700000, 0x00000000c6800000, 0x00000000c6800000|100%| O|  |TAMS 0x00000000c6700000, 0x00000000c6700000| Untracked 
|  82|0x00000000c6800000, 0x00000000c6900000, 0x00000000c6900000|100%| O|  |TAMS 0x00000000c6800000, 0x00000000c6800000| Untracked 
|  83|0x00000000c6900000, 0x00000000c6a00000, 0x00000000c6a00000|100%| O|  |TAMS 0x00000000c6900000, 0x00000000c6900000| Untracked 
|  84|0x00000000c6a00000, 0x00000000c6b00000, 0x00000000c6b00000|100%| O|  |TAMS 0x00000000c6a00000, 0x00000000c6a00000| Untracked 
|  85|0x00000000c6b00000, 0x00000000c6c00000, 0x00000000c6c00000|100%| O|  |TAMS 0x00000000c6b00000, 0x00000000c6b00000| Untracked 
|  86|0x00000000c6c00000, 0x00000000c6d00000, 0x00000000c6d00000|100%| O|  |TAMS 0x00000000c6c00000, 0x00000000c6c00000| Untracked 
|  87|0x00000000c6d00000, 0x00000000c6e00000, 0x00000000c6e00000|100%| O|  |TAMS 0x00000000c6d00000, 0x00000000c6d00000| Untracked 
|  88|0x00000000c6e00000, 0x00000000c6f00000, 0x00000000c6f00000|100%| O|  |TAMS 0x00000000c6e00000, 0x00000000c6e00000| Untracked 
|  89|0x00000000c6f00000, 0x00000000c7000000, 0x00000000c7000000|100%| O|  |TAMS 0x00000000c6f00000, 0x00000000c6f00000| Untracked 
|  90|0x00000000c7000000, 0x00000000c7100000, 0x00000000c7100000|100%| O|  |TAMS 0x00000000c7000000, 0x00000000c7000000| Untracked 
|  91|0x00000000c7100000, 0x00000000c7200000, 0x00000000c7200000|100%| O|  |TAMS 0x00000000c7100000, 0x00000000c7100000| Untracked 
|  92|0x00000000c7200000, 0x00000000c7300000, 0x00000000c7300000|100%| O|  |TAMS 0x00000000c7200000, 0x00000000c7200000| Untracked 
|  93|0x00000000c7300000, 0x00000000c7400000, 0x00000000c7400000|100%| O|  |TAMS 0x00000000c7300000, 0x00000000c7300000| Untracked 
|  94|0x00000000c7400000, 0x00000000c7500000, 0x00000000c7500000|100%| O|  |TAMS 0x00000000c7400000, 0x00000000c7400000| Untracked 
|  95|0x00000000c7500000, 0x00000000c7600000, 0x00000000c7600000|100%| O|  |TAMS 0x00000000c7500000, 0x00000000c7500000| Untracked 
|  96|0x00000000c7600000, 0x00000000c7700000, 0x00000000c7700000|100%| O|  |TAMS 0x00000000c7600000, 0x00000000c7600000| Untracked 
|  97|0x00000000c7700000, 0x00000000c7800000, 0x00000000c7800000|100%| O|  |TAMS 0x00000000c7700000, 0x00000000c7700000| Untracked 
|  98|0x00000000c7800000, 0x00000000c7900000, 0x00000000c7900000|100%| O|  |TAMS 0x00000000c7800000, 0x00000000c7800000| Untracked 
|  99|0x00000000c7900000, 0x00000000c7a00000, 0x00000000c7a00000|100%| O|  |TAMS 0x00000000c7900000, 0x00000000c7900000| Untracked 
| 100|0x00000000c7a00000, 0x00000000c7b00000, 0x00000000c7b00000|100%| O|  |TAMS 0x00000000c7a00000, 0x00000000c7a00000| Untracked 
| 101|0x00000000c7b00000, 0x00000000c7c00000, 0x00000000c7c00000|100%| O|  |TAMS 0x00000000c7b00000, 0x00000000c7b00000| Untracked 
| 102|0x00000000c7c00000, 0x00000000c7d00000, 0x00000000c7d00000|100%| O|  |TAMS 0x00000000c7c00000, 0x00000000c7c00000| Untracked 
| 103|0x00000000c7d00000, 0x00000000c7e00000, 0x00000000c7e00000|100%| O|  |TAMS 0x00000000c7d00000, 0x00000000c7d00000| Untracked 
| 104|0x00000000c7e00000, 0x00000000c7f00000, 0x00000000c7f00000|100%| O|  |TAMS 0x00000000c7e00000, 0x00000000c7e00000| Untracked 
| 105|0x00000000c7f00000, 0x00000000c8000000, 0x00000000c8000000|100%| O|  |TAMS 0x00000000c7f00000, 0x00000000c7f00000| Untracked 
| 106|0x00000000c8000000, 0x00000000c8100000, 0x00000000c8100000|100%| O|  |TAMS 0x00000000c8000000, 0x00000000c8000000| Untracked 
| 107|0x00000000c8100000, 0x00000000c8200000, 0x00000000c8200000|100%| O|  |TAMS 0x00000000c8100000, 0x00000000c8100000| Untracked 
| 108|0x00000000c8200000, 0x00000000c8300000, 0x00000000c8300000|100%| O|  |TAMS 0x00000000c8200000, 0x00000000c8200000| Untracked 
| 109|0x00000000c8300000, 0x00000000c8400000, 0x00000000c8400000|100%| O|  |TAMS 0x00000000c8300000, 0x00000000c8300000| Untracked 
| 110|0x00000000c8400000, 0x00000000c8500000, 0x00000000c8500000|100%| O|  |TAMS 0x00000000c8400000, 0x00000000c8400000| Untracked 
| 111|0x00000000c8500000, 0x00000000c8600000, 0x00000000c8600000|100%| O|  |TAMS 0x00000000c8500000, 0x00000000c8500000| Untracked 
| 112|0x00000000c8600000, 0x00000000c8600000, 0x00000000c8700000|  0%| F|  |TAMS 0x00000000c8600000, 0x00000000c8600000| Untracked 
| 113|0x00000000c8700000, 0x00000000c8700000, 0x00000000c8800000|  0%| F|  |TAMS 0x00000000c8700000, 0x00000000c8700000| Untracked 
| 114|0x00000000c8800000, 0x00000000c8800000, 0x00000000c8900000|  0%| F|  |TAMS 0x00000000c8800000, 0x00000000c8800000| Untracked 
| 115|0x00000000c8900000, 0x00000000c8900000, 0x00000000c8a00000|  0%| F|  |TAMS 0x00000000c8900000, 0x00000000c8900000| Untracked 
| 116|0x00000000c8a00000, 0x00000000c8a00000, 0x00000000c8b00000|  0%| F|  |TAMS 0x00000000c8a00000, 0x00000000c8a00000| Untracked 
| 117|0x00000000c8b00000, 0x00000000c8b00000, 0x00000000c8c00000|  0%| F|  |TAMS 0x00000000c8b00000, 0x00000000c8b00000| Untracked 
| 118|0x00000000c8c00000, 0x00000000c8c00000, 0x00000000c8d00000|  0%| F|  |TAMS 0x00000000c8c00000, 0x00000000c8c00000| Untracked 
| 119|0x00000000c8d00000, 0x00000000c8d00000, 0x00000000c8e00000|  0%| F|  |TAMS 0x00000000c8d00000, 0x00000000c8d00000| Untracked 
| 120|0x00000000c8e00000, 0x00000000c8e00000, 0x00000000c8f00000|  0%| F|  |TAMS 0x00000000c8e00000, 0x00000000c8e00000| Untracked 
| 121|0x00000000c8f00000, 0x00000000c8f00000, 0x00000000c9000000|  0%| F|  |TAMS 0x00000000c8f00000, 0x00000000c8f00000| Untracked 
| 122|0x00000000c9000000, 0x00000000c9000000, 0x00000000c9100000|  0%| F|  |TAMS 0x00000000c9000000, 0x00000000c9000000| Untracked 
| 123|0x00000000c9100000, 0x00000000c9100000, 0x00000000c9200000|  0%| F|  |TAMS 0x00000000c9100000, 0x00000000c9100000| Untracked 
| 124|0x00000000c9200000, 0x00000000c9200000, 0x00000000c9300000|  0%| F|  |TAMS 0x00000000c9200000, 0x00000000c9200000| Untracked 
| 125|0x00000000c9300000, 0x00000000c9300000, 0x00000000c9400000|  0%| F|  |TAMS 0x00000000c9300000, 0x00000000c9300000| Untracked 
| 126|0x00000000c9400000, 0x00000000c9400000, 0x00000000c9500000|  0%| F|  |TAMS 0x00000000c9400000, 0x00000000c9400000| Untracked 
| 127|0x00000000c9500000, 0x00000000c9500000, 0x00000000c9600000|  0%| F|  |TAMS 0x00000000c9500000, 0x00000000c9500000| Untracked 
| 128|0x00000000c9600000, 0x00000000c9600000, 0x00000000c9700000|  0%| F|  |TAMS 0x00000000c9600000, 0x00000000c9600000| Untracked 
| 129|0x00000000c9700000, 0x00000000c9700000, 0x00000000c9800000|  0%| F|  |TAMS 0x00000000c9700000, 0x00000000c9700000| Untracked 
| 130|0x00000000c9800000, 0x00000000c9800000, 0x00000000c9900000|  0%| F|  |TAMS 0x00000000c9800000, 0x00000000c9800000| Untracked 
| 131|0x00000000c9900000, 0x00000000c9900000, 0x00000000c9a00000|  0%| F|  |TAMS 0x00000000c9900000, 0x00000000c9900000| Untracked 
| 132|0x00000000c9a00000, 0x00000000c9a00000, 0x00000000c9b00000|  0%| F|  |TAMS 0x00000000c9a00000, 0x00000000c9a00000| Untracked 
| 133|0x00000000c9b00000, 0x00000000c9b00000, 0x00000000c9c00000|  0%| F|  |TAMS 0x00000000c9b00000, 0x00000000c9b00000| Untracked 
| 134|0x00000000c9c00000, 0x00000000c9c00000, 0x00000000c9d00000|  0%| F|  |TAMS 0x00000000c9c00000, 0x00000000c9c00000| Untracked 
| 135|0x00000000c9d00000, 0x00000000c9d00000, 0x00000000c9e00000|  0%| F|  |TAMS 0x00000000c9d00000, 0x00000000c9d00000| Untracked 
| 136|0x00000000c9e00000, 0x00000000c9e00000, 0x00000000c9f00000|  0%| F|  |TAMS 0x00000000c9e00000, 0x00000000c9e00000| Untracked 
| 137|0x00000000c9f00000, 0x00000000c9f00000, 0x00000000ca000000|  0%| F|  |TAMS 0x00000000c9f00000, 0x00000000c9f00000| Untracked 
| 138|0x00000000ca000000, 0x00000000ca000000, 0x00000000ca100000|  0%| F|  |TAMS 0x00000000ca000000, 0x00000000ca000000| Untracked 
| 139|0x00000000ca100000, 0x00000000ca100000, 0x00000000ca200000|  0%| F|  |TAMS 0x00000000ca100000, 0x00000000ca100000| Untracked 
| 140|0x00000000ca200000, 0x00000000ca200000, 0x00000000ca300000|  0%| F|  |TAMS 0x00000000ca200000, 0x00000000ca200000| Untracked 
| 141|0x00000000ca300000, 0x00000000ca300000, 0x00000000ca400000|  0%| F|  |TAMS 0x00000000ca300000, 0x00000000ca300000| Untracked 
| 142|0x00000000ca400000, 0x00000000ca500000, 0x00000000ca500000|100%| S|CS|TAMS 0x00000000ca400000, 0x00000000ca400000| Complete 
| 143|0x00000000ca500000, 0x00000000ca600000, 0x00000000ca600000|100%| S|CS|TAMS 0x00000000ca500000, 0x00000000ca500000| Complete 
| 144|0x00000000ca600000, 0x00000000ca700000, 0x00000000ca700000|100%| S|CS|TAMS 0x00000000ca600000, 0x00000000ca600000| Complete 
| 145|0x00000000ca700000, 0x00000000ca800000, 0x00000000ca800000|100%| S|CS|TAMS 0x00000000ca700000, 0x00000000ca700000| Complete 
| 146|0x00000000ca800000, 0x00000000ca900000, 0x00000000ca900000|100%| S|CS|TAMS 0x00000000ca800000, 0x00000000ca800000| Complete 
| 147|0x00000000ca900000, 0x00000000caa00000, 0x00000000caa00000|100%| S|CS|TAMS 0x00000000ca900000, 0x00000000ca900000| Complete 
| 148|0x00000000caa00000, 0x00000000cab00000, 0x00000000cab00000|100%| S|CS|TAMS 0x00000000caa00000, 0x00000000caa00000| Complete 
| 149|0x00000000cab00000, 0x00000000cab00000, 0x00000000cac00000|  0%| F|  |TAMS 0x00000000cab00000, 0x00000000cab00000| Untracked 
| 150|0x00000000cac00000, 0x00000000cac00000, 0x00000000cad00000|  0%| F|  |TAMS 0x00000000cac00000, 0x00000000cac00000| Untracked 
| 151|0x00000000cad00000, 0x00000000cad00000, 0x00000000cae00000|  0%| F|  |TAMS 0x00000000cad00000, 0x00000000cad00000| Untracked 
| 152|0x00000000cae00000, 0x00000000cae00000, 0x00000000caf00000|  0%| F|  |TAMS 0x00000000cae00000, 0x00000000cae00000| Untracked 
| 153|0x00000000caf00000, 0x00000000caf00000, 0x00000000cb000000|  0%| F|  |TAMS 0x00000000caf00000, 0x00000000caf00000| Untracked 
| 154|0x00000000cb000000, 0x00000000cb000000, 0x00000000cb100000|  0%| F|  |TAMS 0x00000000cb000000, 0x00000000cb000000| Untracked 
| 155|0x00000000cb100000, 0x00000000cb100000, 0x00000000cb200000|  0%| F|  |TAMS 0x00000000cb100000, 0x00000000cb100000| Untracked 
| 156|0x00000000cb200000, 0x00000000cb200000, 0x00000000cb300000|  0%| F|  |TAMS 0x00000000cb200000, 0x00000000cb200000| Untracked 
| 157|0x00000000cb300000, 0x00000000cb300000, 0x00000000cb400000|  0%| F|  |TAMS 0x00000000cb300000, 0x00000000cb300000| Untracked 
| 158|0x00000000cb400000, 0x00000000cb400000, 0x00000000cb500000|  0%| F|  |TAMS 0x00000000cb400000, 0x00000000cb400000| Untracked 
| 159|0x00000000cb500000, 0x00000000cb500000, 0x00000000cb600000|  0%| F|  |TAMS 0x00000000cb500000, 0x00000000cb500000| Untracked 
| 160|0x00000000cb600000, 0x00000000cb600000, 0x00000000cb700000|  0%| F|  |TAMS 0x00000000cb600000, 0x00000000cb600000| Untracked 
| 161|0x00000000cb700000, 0x00000000cb700000, 0x00000000cb800000|  0%| F|  |TAMS 0x00000000cb700000, 0x00000000cb700000| Untracked 
| 162|0x00000000cb800000, 0x00000000cb800000, 0x00000000cb900000|  0%| F|  |TAMS 0x00000000cb800000, 0x00000000cb800000| Untracked 
| 163|0x00000000cb900000, 0x00000000cb900000, 0x00000000cba00000|  0%| F|  |TAMS 0x00000000cb900000, 0x00000000cb900000| Untracked 
| 164|0x00000000cba00000, 0x00000000cba00000, 0x00000000cbb00000|  0%| F|  |TAMS 0x00000000cba00000, 0x00000000cba00000| Untracked 
| 165|0x00000000cbb00000, 0x00000000cbb00000, 0x00000000cbc00000|  0%| F|  |TAMS 0x00000000cbb00000, 0x00000000cbb00000| Untracked 
| 166|0x00000000cbc00000, 0x00000000cbc00000, 0x00000000cbd00000|  0%| F|  |TAMS 0x00000000cbc00000, 0x00000000cbc00000| Untracked 
| 167|0x00000000cbd00000, 0x00000000cbd00000, 0x00000000cbe00000|  0%| F|  |TAMS 0x00000000cbd00000, 0x00000000cbd00000| Untracked 
| 168|0x00000000cbe00000, 0x00000000cbe00000, 0x00000000cbf00000|  0%| F|  |TAMS 0x00000000cbe00000, 0x00000000cbe00000| Untracked 
| 169|0x00000000cbf00000, 0x00000000cbf00000, 0x00000000cc000000|  0%| F|  |TAMS 0x00000000cbf00000, 0x00000000cbf00000| Untracked 
| 170|0x00000000cc000000, 0x00000000cc000000, 0x00000000cc100000|  0%| F|  |TAMS 0x00000000cc000000, 0x00000000cc000000| Untracked 
| 171|0x00000000cc100000, 0x00000000cc100000, 0x00000000cc200000|  0%| F|  |TAMS 0x00000000cc100000, 0x00000000cc100000| Untracked 
| 172|0x00000000cc200000, 0x00000000cc200000, 0x00000000cc300000|  0%| F|  |TAMS 0x00000000cc200000, 0x00000000cc200000| Untracked 
| 173|0x00000000cc300000, 0x00000000cc300000, 0x00000000cc400000|  0%| F|  |TAMS 0x00000000cc300000, 0x00000000cc300000| Untracked 
| 174|0x00000000cc400000, 0x00000000cc400000, 0x00000000cc500000|  0%| F|  |TAMS 0x00000000cc400000, 0x00000000cc400000| Untracked 
| 175|0x00000000cc500000, 0x00000000cc500000, 0x00000000cc600000|  0%| F|  |TAMS 0x00000000cc500000, 0x00000000cc500000| Untracked 
| 176|0x00000000cc600000, 0x00000000cc600000, 0x00000000cc700000|  0%| F|  |TAMS 0x00000000cc600000, 0x00000000cc600000| Untracked 
| 177|0x00000000cc700000, 0x00000000cc700000, 0x00000000cc800000|  0%| F|  |TAMS 0x00000000cc700000, 0x00000000cc700000| Untracked 
| 178|0x00000000cc800000, 0x00000000cc800000, 0x00000000cc900000|  0%| F|  |TAMS 0x00000000cc800000, 0x00000000cc800000| Untracked 
| 179|0x00000000cc900000, 0x00000000cc900000, 0x00000000cca00000|  0%| F|  |TAMS 0x00000000cc900000, 0x00000000cc900000| Untracked 
| 180|0x00000000cca00000, 0x00000000cca00000, 0x00000000ccb00000|  0%| F|  |TAMS 0x00000000cca00000, 0x00000000cca00000| Untracked 
| 181|0x00000000ccb00000, 0x00000000ccb00000, 0x00000000ccc00000|  0%| F|  |TAMS 0x00000000ccb00000, 0x00000000ccb00000| Untracked 
| 182|0x00000000ccc00000, 0x00000000ccc00000, 0x00000000ccd00000|  0%| F|  |TAMS 0x00000000ccc00000, 0x00000000ccc00000| Untracked 
| 183|0x00000000ccd00000, 0x00000000ccd00000, 0x00000000cce00000|  0%| F|  |TAMS 0x00000000ccd00000, 0x00000000ccd00000| Untracked 
| 184|0x00000000cce00000, 0x00000000cce00000, 0x00000000ccf00000|  0%| F|  |TAMS 0x00000000cce00000, 0x00000000cce00000| Untracked 
| 185|0x00000000ccf00000, 0x00000000ccf00000, 0x00000000cd000000|  0%| F|  |TAMS 0x00000000ccf00000, 0x00000000ccf00000| Untracked 
| 186|0x00000000cd000000, 0x00000000cd000000, 0x00000000cd100000|  0%| F|  |TAMS 0x00000000cd000000, 0x00000000cd000000| Untracked 
| 187|0x00000000cd100000, 0x00000000cd100000, 0x00000000cd200000|  0%| F|  |TAMS 0x00000000cd100000, 0x00000000cd100000| Untracked 
| 188|0x00000000cd200000, 0x00000000cd200000, 0x00000000cd300000|  0%| F|  |TAMS 0x00000000cd200000, 0x00000000cd200000| Untracked 
| 189|0x00000000cd300000, 0x00000000cd300000, 0x00000000cd400000|  0%| F|  |TAMS 0x00000000cd300000, 0x00000000cd300000| Untracked 
| 190|0x00000000cd400000, 0x00000000cd400000, 0x00000000cd500000|  0%| F|  |TAMS 0x00000000cd400000, 0x00000000cd400000| Untracked 
| 191|0x00000000cd500000, 0x00000000cd500000, 0x00000000cd600000|  0%| F|  |TAMS 0x00000000cd500000, 0x00000000cd500000| Untracked 
| 192|0x00000000cd600000, 0x00000000cd600000, 0x00000000cd700000|  0%| F|  |TAMS 0x00000000cd600000, 0x00000000cd600000| Untracked 
| 193|0x00000000cd700000, 0x00000000cd700000, 0x00000000cd800000|  0%| F|  |TAMS 0x00000000cd700000, 0x00000000cd700000| Untracked 
| 194|0x00000000cd800000, 0x00000000cd800000, 0x00000000cd900000|  0%| F|  |TAMS 0x00000000cd800000, 0x00000000cd800000| Untracked 
| 195|0x00000000cd900000, 0x00000000cd900000, 0x00000000cda00000|  0%| F|  |TAMS 0x00000000cd900000, 0x00000000cd900000| Untracked 
| 196|0x00000000cda00000, 0x00000000cda00000, 0x00000000cdb00000|  0%| F|  |TAMS 0x00000000cda00000, 0x00000000cda00000| Untracked 
| 197|0x00000000cdb00000, 0x00000000cdb00000, 0x00000000cdc00000|  0%| F|  |TAMS 0x00000000cdb00000, 0x00000000cdb00000| Untracked 
| 198|0x00000000cdc00000, 0x00000000cdc00000, 0x00000000cdd00000|  0%| F|  |TAMS 0x00000000cdc00000, 0x00000000cdc00000| Untracked 
| 199|0x00000000cdd00000, 0x00000000cdd00000, 0x00000000cde00000|  0%| F|  |TAMS 0x00000000cdd00000, 0x00000000cdd00000| Untracked 
| 200|0x00000000cde00000, 0x00000000cde00000, 0x00000000cdf00000|  0%| F|  |TAMS 0x00000000cde00000, 0x00000000cde00000| Untracked 
| 201|0x00000000cdf00000, 0x00000000cdf00000, 0x00000000ce000000|  0%| F|  |TAMS 0x00000000cdf00000, 0x00000000cdf00000| Untracked 
| 202|0x00000000ce000000, 0x00000000ce000000, 0x00000000ce100000|  0%| F|  |TAMS 0x00000000ce000000, 0x00000000ce000000| Untracked 
| 203|0x00000000ce100000, 0x00000000ce100000, 0x00000000ce200000|  0%| F|  |TAMS 0x00000000ce100000, 0x00000000ce100000| Untracked 
| 204|0x00000000ce200000, 0x00000000ce200000, 0x00000000ce300000|  0%| F|  |TAMS 0x00000000ce200000, 0x00000000ce200000| Untracked 
| 205|0x00000000ce300000, 0x00000000ce300000, 0x00000000ce400000|  0%| F|  |TAMS 0x00000000ce300000, 0x00000000ce300000| Untracked 
| 206|0x00000000ce400000, 0x00000000ce400000, 0x00000000ce500000|  0%| F|  |TAMS 0x00000000ce400000, 0x00000000ce400000| Untracked 
| 207|0x00000000ce500000, 0x00000000ce500000, 0x00000000ce600000|  0%| F|  |TAMS 0x00000000ce500000, 0x00000000ce500000| Untracked 
| 208|0x00000000ce600000, 0x00000000ce600000, 0x00000000ce700000|  0%| F|  |TAMS 0x00000000ce600000, 0x00000000ce600000| Untracked 
| 209|0x00000000ce700000, 0x00000000ce700000, 0x00000000ce800000|  0%| F|  |TAMS 0x00000000ce700000, 0x00000000ce700000| Untracked 
| 210|0x00000000ce800000, 0x00000000ce800000, 0x00000000ce900000|  0%| F|  |TAMS 0x00000000ce800000, 0x00000000ce800000| Untracked 
| 211|0x00000000ce900000, 0x00000000ce900000, 0x00000000cea00000|  0%| F|  |TAMS 0x00000000ce900000, 0x00000000ce900000| Untracked 
| 212|0x00000000cea00000, 0x00000000cea00000, 0x00000000ceb00000|  0%| F|  |TAMS 0x00000000cea00000, 0x00000000cea00000| Untracked 
| 213|0x00000000ceb00000, 0x00000000ceb00000, 0x00000000cec00000|  0%| F|  |TAMS 0x00000000ceb00000, 0x00000000ceb00000| Untracked 
| 214|0x00000000cec00000, 0x00000000cec00000, 0x00000000ced00000|  0%| F|  |TAMS 0x00000000cec00000, 0x00000000cec00000| Untracked 
| 215|0x00000000ced00000, 0x00000000ced00000, 0x00000000cee00000|  0%| F|  |TAMS 0x00000000ced00000, 0x00000000ced00000| Untracked 
| 216|0x00000000cee00000, 0x00000000cee00000, 0x00000000cef00000|  0%| F|  |TAMS 0x00000000cee00000, 0x00000000cee00000| Untracked 
| 217|0x00000000cef00000, 0x00000000cef00000, 0x00000000cf000000|  0%| F|  |TAMS 0x00000000cef00000, 0x00000000cef00000| Untracked 
| 218|0x00000000cf000000, 0x00000000cf000000, 0x00000000cf100000|  0%| F|  |TAMS 0x00000000cf000000, 0x00000000cf000000| Untracked 
| 219|0x00000000cf100000, 0x00000000cf100000, 0x00000000cf200000|  0%| F|  |TAMS 0x00000000cf100000, 0x00000000cf100000| Untracked 
| 220|0x00000000cf200000, 0x00000000cf200000, 0x00000000cf300000|  0%| F|  |TAMS 0x00000000cf200000, 0x00000000cf200000| Untracked 
| 221|0x00000000cf300000, 0x00000000cf300000, 0x00000000cf400000|  0%| F|  |TAMS 0x00000000cf300000, 0x00000000cf300000| Untracked 
| 222|0x00000000cf400000, 0x00000000cf400000, 0x00000000cf500000|  0%| F|  |TAMS 0x00000000cf400000, 0x00000000cf400000| Untracked 
| 223|0x00000000cf500000, 0x00000000cf500000, 0x00000000cf600000|  0%| F|  |TAMS 0x00000000cf500000, 0x00000000cf500000| Untracked 
| 224|0x00000000cf600000, 0x00000000cf600000, 0x00000000cf700000|  0%| F|  |TAMS 0x00000000cf600000, 0x00000000cf600000| Untracked 
| 225|0x00000000cf700000, 0x00000000cf700000, 0x00000000cf800000|  0%| F|  |TAMS 0x00000000cf700000, 0x00000000cf700000| Untracked 
| 226|0x00000000cf800000, 0x00000000cf800000, 0x00000000cf900000|  0%| F|  |TAMS 0x00000000cf800000, 0x00000000cf800000| Untracked 
| 227|0x00000000cf900000, 0x00000000cf900000, 0x00000000cfa00000|  0%| F|  |TAMS 0x00000000cf900000, 0x00000000cf900000| Untracked 
| 228|0x00000000cfa00000, 0x00000000cfa00000, 0x00000000cfb00000|  0%| F|  |TAMS 0x00000000cfa00000, 0x00000000cfa00000| Untracked 
| 229|0x00000000cfb00000, 0x00000000cfb00000, 0x00000000cfc00000|  0%| F|  |TAMS 0x00000000cfb00000, 0x00000000cfb00000| Untracked 
| 230|0x00000000cfc00000, 0x00000000cfc00000, 0x00000000cfd00000|  0%| F|  |TAMS 0x00000000cfc00000, 0x00000000cfc00000| Untracked 
| 231|0x00000000cfd00000, 0x00000000cfd00000, 0x00000000cfe00000|  0%| F|  |TAMS 0x00000000cfd00000, 0x00000000cfd00000| Untracked 
| 232|0x00000000cfe00000, 0x00000000cfe00000, 0x00000000cff00000|  0%| F|  |TAMS 0x00000000cfe00000, 0x00000000cfe00000| Untracked 
| 233|0x00000000cff00000, 0x00000000cff00000, 0x00000000d0000000|  0%| F|  |TAMS 0x00000000cff00000, 0x00000000cff00000| Untracked 
| 234|0x00000000d0000000, 0x00000000d0000000, 0x00000000d0100000|  0%| F|  |TAMS 0x00000000d0000000, 0x00000000d0000000| Untracked 
| 235|0x00000000d0100000, 0x00000000d0100000, 0x00000000d0200000|  0%| F|  |TAMS 0x00000000d0100000, 0x00000000d0100000| Untracked 
| 236|0x00000000d0200000, 0x00000000d0200000, 0x00000000d0300000|  0%| F|  |TAMS 0x00000000d0200000, 0x00000000d0200000| Untracked 
| 237|0x00000000d0300000, 0x00000000d0300000, 0x00000000d0400000|  0%| F|  |TAMS 0x00000000d0300000, 0x00000000d0300000| Untracked 
| 238|0x00000000d0400000, 0x00000000d0400000, 0x00000000d0500000|  0%| F|  |TAMS 0x00000000d0400000, 0x00000000d0400000| Untracked 
| 239|0x00000000d0500000, 0x00000000d0500000, 0x00000000d0600000|  0%| F|  |TAMS 0x00000000d0500000, 0x00000000d0500000| Untracked 
| 240|0x00000000d0600000, 0x00000000d0600000, 0x00000000d0700000|  0%| F|  |TAMS 0x00000000d0600000, 0x00000000d0600000| Untracked 
| 241|0x00000000d0700000, 0x00000000d0700000, 0x00000000d0800000|  0%| F|  |TAMS 0x00000000d0700000, 0x00000000d0700000| Untracked 
| 242|0x00000000d0800000, 0x00000000d0800000, 0x00000000d0900000|  0%| F|  |TAMS 0x00000000d0800000, 0x00000000d0800000| Untracked 
| 243|0x00000000d0900000, 0x00000000d0900000, 0x00000000d0a00000|  0%| F|  |TAMS 0x00000000d0900000, 0x00000000d0900000| Untracked 
| 244|0x00000000d0a00000, 0x00000000d0a00000, 0x00000000d0b00000|  0%| F|  |TAMS 0x00000000d0a00000, 0x00000000d0a00000| Untracked 
| 245|0x00000000d0b00000, 0x00000000d0b00000, 0x00000000d0c00000|  0%| F|  |TAMS 0x00000000d0b00000, 0x00000000d0b00000| Untracked 
| 246|0x00000000d0c00000, 0x00000000d0c00000, 0x00000000d0d00000|  0%| F|  |TAMS 0x00000000d0c00000, 0x00000000d0c00000| Untracked 
| 247|0x00000000d0d00000, 0x00000000d0d00000, 0x00000000d0e00000|  0%| F|  |TAMS 0x00000000d0d00000, 0x00000000d0d00000| Untracked 
| 248|0x00000000d0e00000, 0x00000000d0e00000, 0x00000000d0f00000|  0%| F|  |TAMS 0x00000000d0e00000, 0x00000000d0e00000| Untracked 
| 249|0x00000000d0f00000, 0x00000000d0f00000, 0x00000000d1000000|  0%| F|  |TAMS 0x00000000d0f00000, 0x00000000d0f00000| Untracked 
| 250|0x00000000d1000000, 0x00000000d1000000, 0x00000000d1100000|  0%| F|  |TAMS 0x00000000d1000000, 0x00000000d1000000| Untracked 
| 251|0x00000000d1100000, 0x00000000d1100000, 0x00000000d1200000|  0%| F|  |TAMS 0x00000000d1100000, 0x00000000d1100000| Untracked 
| 252|0x00000000d1200000, 0x00000000d1200000, 0x00000000d1300000|  0%| F|  |TAMS 0x00000000d1200000, 0x00000000d1200000| Untracked 
| 253|0x00000000d1300000, 0x00000000d1300000, 0x00000000d1400000|  0%| F|  |TAMS 0x00000000d1300000, 0x00000000d1300000| Untracked 
| 254|0x00000000d1400000, 0x00000000d1400000, 0x00000000d1500000|  0%| F|  |TAMS 0x00000000d1400000, 0x00000000d1400000| Untracked 
| 255|0x00000000d1500000, 0x00000000d1500000, 0x00000000d1600000|  0%| F|  |TAMS 0x00000000d1500000, 0x00000000d1500000| Untracked 
| 256|0x00000000d1600000, 0x00000000d1600000, 0x00000000d1700000|  0%| F|  |TAMS 0x00000000d1600000, 0x00000000d1600000| Untracked 
| 257|0x00000000d1700000, 0x00000000d1700000, 0x00000000d1800000|  0%| F|  |TAMS 0x00000000d1700000, 0x00000000d1700000| Untracked 
| 258|0x00000000d1800000, 0x00000000d1800000, 0x00000000d1900000|  0%| F|  |TAMS 0x00000000d1800000, 0x00000000d1800000| Untracked 
| 259|0x00000000d1900000, 0x00000000d1900000, 0x00000000d1a00000|  0%| F|  |TAMS 0x00000000d1900000, 0x00000000d1900000| Untracked 
| 260|0x00000000d1a00000, 0x00000000d1a00000, 0x00000000d1b00000|  0%| F|  |TAMS 0x00000000d1a00000, 0x00000000d1a00000| Untracked 
| 261|0x00000000d1b00000, 0x00000000d1b00000, 0x00000000d1c00000|  0%| F|  |TAMS 0x00000000d1b00000, 0x00000000d1b00000| Untracked 
| 262|0x00000000d1c00000, 0x00000000d1c00000, 0x00000000d1d00000|  0%| F|  |TAMS 0x00000000d1c00000, 0x00000000d1c00000| Untracked 
| 263|0x00000000d1d00000, 0x00000000d1d00000, 0x00000000d1e00000|  0%| F|  |TAMS 0x00000000d1d00000, 0x00000000d1d00000| Untracked 
| 264|0x00000000d1e00000, 0x00000000d1e00000, 0x00000000d1f00000|  0%| F|  |TAMS 0x00000000d1e00000, 0x00000000d1e00000| Untracked 
| 265|0x00000000d1f00000, 0x00000000d1f00000, 0x00000000d2000000|  0%| F|  |TAMS 0x00000000d1f00000, 0x00000000d1f00000| Untracked 
| 266|0x00000000d2000000, 0x00000000d2000000, 0x00000000d2100000|  0%| F|  |TAMS 0x00000000d2000000, 0x00000000d2000000| Untracked 
| 267|0x00000000d2100000, 0x00000000d2100000, 0x00000000d2200000|  0%| F|  |TAMS 0x00000000d2100000, 0x00000000d2100000| Untracked 
| 268|0x00000000d2200000, 0x00000000d2200000, 0x00000000d2300000|  0%| F|  |TAMS 0x00000000d2200000, 0x00000000d2200000| Untracked 
| 269|0x00000000d2300000, 0x00000000d2300000, 0x00000000d2400000|  0%| F|  |TAMS 0x00000000d2300000, 0x00000000d2300000| Untracked 
| 270|0x00000000d2400000, 0x00000000d2400000, 0x00000000d2500000|  0%| F|  |TAMS 0x00000000d2400000, 0x00000000d2400000| Untracked 
| 271|0x00000000d2500000, 0x00000000d2500000, 0x00000000d2600000|  0%| F|  |TAMS 0x00000000d2500000, 0x00000000d2500000| Untracked 
| 272|0x00000000d2600000, 0x00000000d2600000, 0x00000000d2700000|  0%| F|  |TAMS 0x00000000d2600000, 0x00000000d2600000| Untracked 
| 273|0x00000000d2700000, 0x00000000d2700000, 0x00000000d2800000|  0%| F|  |TAMS 0x00000000d2700000, 0x00000000d2700000| Untracked 
| 274|0x00000000d2800000, 0x00000000d2800000, 0x00000000d2900000|  0%| F|  |TAMS 0x00000000d2800000, 0x00000000d2800000| Untracked 
| 275|0x00000000d2900000, 0x00000000d2900000, 0x00000000d2a00000|  0%| F|  |TAMS 0x00000000d2900000, 0x00000000d2900000| Untracked 
| 276|0x00000000d2a00000, 0x00000000d2a00000, 0x00000000d2b00000|  0%| F|  |TAMS 0x00000000d2a00000, 0x00000000d2a00000| Untracked 
| 277|0x00000000d2b00000, 0x00000000d2b00000, 0x00000000d2c00000|  0%| F|  |TAMS 0x00000000d2b00000, 0x00000000d2b00000| Untracked 
| 278|0x00000000d2c00000, 0x00000000d2c00000, 0x00000000d2d00000|  0%| F|  |TAMS 0x00000000d2c00000, 0x00000000d2c00000| Untracked 
| 279|0x00000000d2d00000, 0x00000000d2d00000, 0x00000000d2e00000|  0%| F|  |TAMS 0x00000000d2d00000, 0x00000000d2d00000| Untracked 
| 280|0x00000000d2e00000, 0x00000000d2e00000, 0x00000000d2f00000|  0%| F|  |TAMS 0x00000000d2e00000, 0x00000000d2e00000| Untracked 
| 281|0x00000000d2f00000, 0x00000000d2f00000, 0x00000000d3000000|  0%| F|  |TAMS 0x00000000d2f00000, 0x00000000d2f00000| Untracked 
| 282|0x00000000d3000000, 0x00000000d3000000, 0x00000000d3100000|  0%| F|  |TAMS 0x00000000d3000000, 0x00000000d3000000| Untracked 
| 283|0x00000000d3100000, 0x00000000d3100000, 0x00000000d3200000|  0%| F|  |TAMS 0x00000000d3100000, 0x00000000d3100000| Untracked 
| 284|0x00000000d3200000, 0x00000000d3200000, 0x00000000d3300000|  0%| F|  |TAMS 0x00000000d3200000, 0x00000000d3200000| Untracked 
| 285|0x00000000d3300000, 0x00000000d3300000, 0x00000000d3400000|  0%| F|  |TAMS 0x00000000d3300000, 0x00000000d3300000| Untracked 
| 286|0x00000000d3400000, 0x00000000d3400000, 0x00000000d3500000|  0%| F|  |TAMS 0x00000000d3400000, 0x00000000d3400000| Untracked 
| 287|0x00000000d3500000, 0x00000000d3500000, 0x00000000d3600000|  0%| F|  |TAMS 0x00000000d3500000, 0x00000000d3500000| Untracked 

Card table byte_map: [0x000001f34a7d0000,0x000001f34a9d0000] _byte_map_base: 0x000001f34a1c5000

Marking Bits (Prev, Next): (CMBitMap*) 0x000001f333a8b550, (CMBitMap*) 0x000001f333a8b510
 Prev Bits: [0x000001f34bb80000, 0x000001f34cb28000)
 Next Bits: [0x000001f34abd0000, 0x000001f34bb78000)

Polling page: 0x000001f331940000

Metaspace:

Usage:
  Non-class:     59.13 MB used.
      Class:      7.97 MB used.
       Both:     67.10 MB used.

Virtual space:
  Non-class space:       64.00 MB reserved,      59.38 MB ( 93%) committed,  1 nodes.
      Class space:        1.00 GB reserved,       8.12 MB ( <1%) committed,  1 nodes.
             Both:        1.06 GB reserved,      67.50 MB (  6%) committed. 

Chunk freelists:
   Non-Class:  4.11 MB
       Class:  7.88 MB
        Both:  11.99 MB

MaxMetaspaceSize: unlimited
CompressedClassSpaceSize: 1.00 GB
Initial GC threshold: 21.00 MB
Current GC threshold: 111.19 MB
CDS: on
MetaspaceReclaimPolicy: balanced
 - commit_granule_bytes: 65536.
 - commit_granule_words: 8192.
 - virtual_space_node_default_size: 8388608.
 - enlarge_chunks_in_place: 1.
 - new_chunks_are_fully_committed: 0.
 - uncommit_free_chunks: 1.
 - use_allocation_guard: 0.
 - handle_deallocations: 1.


Internal statistics:

num_allocs_failed_limit: 9.
num_arena_births: 470.
num_arena_deaths: 0.
num_vsnodes_births: 2.
num_vsnodes_deaths: 0.
num_space_committed: 1078.
num_space_uncommitted: 0.
num_chunks_returned_to_freelist: 9.
num_chunks_taken_from_freelist: 2866.
num_chunk_merges: 9.
num_chunk_splits: 2247.
num_chunks_enlarged: 1935.
num_inconsistent_stats: 0.

CodeHeap 'non-profiled nmethods': size=120000Kb used=4020Kb max_used=4020Kb free=115979Kb
 bounds [0x000001f3430a0000, 0x000001f343490000, 0x000001f34a5d0000]
CodeHeap 'profiled nmethods': size=120000Kb used=18149Kb max_used=18149Kb free=101850Kb
 bounds [0x000001f33b5d0000, 0x000001f33c790000, 0x000001f342b00000]
CodeHeap 'non-nmethods': size=5760Kb used=1377Kb max_used=1464Kb free=4383Kb
 bounds [0x000001f342b00000, 0x000001f342d70000, 0x000001f3430a0000]
 total_blobs=8550 nmethods=7839 adapters=622
 compilation: enabled
              stopped_count=0, restarted_count=0
 full_count=0

Compilation events (20 events):
Event: 492.895 Thread 0x000001f3901965d0 8618       3       org.jetbrains.kotlin.load.java.structure.impl.JavaPackageImpl::getFqName (26 bytes)
Event: 492.896 Thread 0x000001f3901965d0 nmethod 8618 0x000001f33c779290 code [0x000001f33c7794a0, 0x000001f33c779ab8]
Event: 492.972 Thread 0x000001f3901965d0 8619       3       com.intellij.psi.stubs.StubList::<init> (52 bytes)
Event: 492.973 Thread 0x000001f3901965d0 nmethod 8619 0x000001f33c779d10 code [0x000001f33c779f60, 0x000001f33c77abe8]
Event: 493.029 Thread 0x000001f3901965d0 8620       3       org.jetbrains.org.objectweb.asm.AnnotationVisitor::<init> (94 bytes)
Event: 493.030 Thread 0x000001f3901965d0 nmethod 8620 0x000001f33c77af90 code [0x000001f33c77b1e0, 0x000001f33c77bac8]
Event: 493.086 Thread 0x000001f3901965d0 8622       3       com.intellij.psi.stubs.Hash::arraySize (71 bytes)
Event: 493.088 Thread 0x000001f3901965d0 nmethod 8622 0x000001f33c77bd90 code [0x000001f33c77c060, 0x000001f33c77cb98]
Event: 493.095 Thread 0x000001f3901965d0 8623       2       jdk.internal.jimage.ImageLocation::verify (107 bytes)
Event: 493.097 Thread 0x000001f3901965d0 nmethod 8623 0x000001f33c77d010 code [0x000001f33c77d240, 0x000001f33c77d988]
Event: 493.108 Thread 0x000001f3901965d0 8624   !   3       com.intellij.util.containers.ConcurrentIntObjectHashMap::initTable (109 bytes)
Event: 493.109 Thread 0x000001f3901965d0 nmethod 8624 0x000001f33c77df10 code [0x000001f33c77e100, 0x000001f33c77e698]
Event: 493.109 Thread 0x000001f3901965d0 8625       3       com.intellij.psi.stubs.StrippedIntOpenHashMap::<init> (106 bytes)
Event: 493.110 Thread 0x000001f3901965d0 nmethod 8625 0x000001f33c77e890 code [0x000001f33c77eae0, 0x000001f33c77f2f8]
Event: 493.135 Thread 0x000001f3901965d0 8626       2       java.util.RegularEnumSet::isEmpty (15 bytes)
Event: 493.135 Thread 0x000001f3901965d0 nmethod 8626 0x000001f33c77f590 code [0x000001f33c77f720, 0x000001f33c77f838]
Event: 493.139 Thread 0x000001f3901965d0 8627 %     3       com.intellij.psi.impl.compiled.SignatureParsing::parseParameterizedClassRefSignatureToTypeInfo @ 11 (355 bytes)
Event: 493.144 Thread 0x000001f3901965d0 nmethod 8627% 0x000001f33c77f910 code [0x000001f33c77ffa0, 0x000001f33c783548]
Event: 493.173 Thread 0x000001f3901965d0 8629       3       com.intellij.psi.impl.compiled.SignatureParsing::parseParameterizedClassRefSignatureToTypeInfo (355 bytes)
Event: 493.179 Thread 0x000001f3901965d0 nmethod 8629 0x000001f33c784710 code [0x000001f33c784da0, 0x000001f33c788398]

GC Heap History (20 events):
Event: 483.882 GC heap after
{Heap after GC invocations=38 (full 0):
 garbage-first heap   total 98304K, used 49486K [0x00000000c1600000, 0x0000000100000000)
  region size 1024K, 4 young (4096K), 4 survivors (4096K)
 Metaspace       used 66510K, committed 66880K, reserved 1114112K
  class space    used 8011K, committed 8192K, reserved 1048576K
}
Event: 484.084 GC heap before
{Heap before GC invocations=39 (full 0):
 garbage-first heap   total 98304K, used 77134K [0x00000000c1600000, 0x0000000100000000)
  region size 1024K, 30 young (30720K), 4 survivors (4096K)
 Metaspace       used 66572K, committed 66944K, reserved 1114112K
  class space    used 8015K, committed 8192K, reserved 1048576K
}
Event: 484.093 GC heap after
{Heap after GC invocations=40 (full 0):
 garbage-first heap   total 98304K, used 52207K [0x00000000c1600000, 0x0000000100000000)
  region size 1024K, 4 young (4096K), 4 survivors (4096K)
 Metaspace       used 66572K, committed 66944K, reserved 1114112K
  class space    used 8015K, committed 8192K, reserved 1048576K
}
Event: 484.096 GC heap before
{Heap before GC invocations=40 (full 0):
 garbage-first heap   total 98304K, used 53231K [0x00000000c1600000, 0x0000000100000000)
  region size 1024K, 5 young (5120K), 4 survivors (4096K)
 Metaspace       used 66572K, committed 66944K, reserved 1114112K
  class space    used 8015K, committed 8192K, reserved 1048576K
}
Event: 484.101 GC heap after
{Heap after GC invocations=41 (full 0):
 garbage-first heap   total 98304K, used 51828K [0x00000000c1600000, 0x0000000100000000)
  region size 1024K, 1 young (1024K), 1 survivors (1024K)
 Metaspace       used 66572K, committed 66944K, reserved 1114112K
  class space    used 8015K, committed 8192K, reserved 1048576K
}
Event: 484.613 GC heap before
{Heap before GC invocations=41 (full 0):
 garbage-first heap   total 98304K, used 77428K [0x00000000c1600000, 0x0000000100000000)
  region size 1024K, 26 young (26624K), 1 survivors (1024K)
 Metaspace       used 67725K, committed 68160K, reserved 1114112K
  class space    used 8143K, committed 8320K, reserved 1048576K
}
Event: 484.624 GC heap after
{Heap after GC invocations=42 (full 0):
 garbage-first heap   total 294912K, used 53755K [0x00000000c1600000, 0x0000000100000000)
  region size 1024K, 3 young (3072K), 3 survivors (3072K)
 Metaspace       used 67725K, committed 68160K, reserved 1114112K
  class space    used 8143K, committed 8320K, reserved 1048576K
}
Event: 487.480 GC heap before
{Heap before GC invocations=43 (full 0):
 garbage-first heap   total 198656K, used 174509K [0x00000000c1600000, 0x0000000100000000)
  region size 1024K, 122 young (124928K), 3 survivors (3072K)
 Metaspace       used 68364K, committed 68736K, reserved 1114112K
  class space    used 8158K, committed 8320K, reserved 1048576K
}
Event: 487.572 GC heap after
{Heap after GC invocations=44 (full 0):
 garbage-first heap   total 198656K, used 66327K [0x00000000c1600000, 0x0000000100000000)
  region size 1024K, 15 young (15360K), 15 survivors (15360K)
 Metaspace       used 68364K, committed 68736K, reserved 1114112K
  class space    used 8158K, committed 8320K, reserved 1048576K
}
Event: 487.580 GC heap before
{Heap before GC invocations=44 (full 0):
 garbage-first heap   total 198656K, used 67351K [0x00000000c1600000, 0x0000000100000000)
  region size 1024K, 16 young (16384K), 15 survivors (15360K)
 Metaspace       used 68369K, committed 68736K, reserved 1114112K
  class space    used 8158K, committed 8320K, reserved 1048576K
}
Event: 487.666 GC heap after
{Heap after GC invocations=45 (full 0):
 garbage-first heap   total 198656K, used 67082K [0x00000000c1600000, 0x0000000100000000)
  region size 1024K, 2 young (2048K), 2 survivors (2048K)
 Metaspace       used 68369K, committed 68736K, reserved 1114112K
  class space    used 8158K, committed 8320K, reserved 1048576K
}
Event: 489.847 GC heap before
{Heap before GC invocations=45 (full 0):
 garbage-first heap   total 198656K, used 144906K [0x00000000c1600000, 0x0000000100000000)
  region size 1024K, 78 young (79872K), 2 survivors (2048K)
 Metaspace       used 68626K, committed 69056K, reserved 1114112K
  class space    used 8160K, committed 8320K, reserved 1048576K
}
Event: 489.867 GC heap after
{Heap after GC invocations=46 (full 0):
 garbage-first heap   total 198656K, used 78336K [0x00000000c1600000, 0x0000000100000000)
  region size 1024K, 10 young (10240K), 10 survivors (10240K)
 Metaspace       used 68626K, committed 69056K, reserved 1114112K
  class space    used 8160K, committed 8320K, reserved 1048576K
}
Event: 490.742 GC heap before
{Heap before GC invocations=46 (full 0):
 garbage-first heap   total 198656K, used 148992K [0x00000000c1600000, 0x0000000100000000)
  region size 1024K, 79 young (80896K), 10 survivors (10240K)
 Metaspace       used 68662K, committed 69056K, reserved 1114112K
  class space    used 8160K, committed 8320K, reserved 1048576K
}
Event: 490.776 GC heap after
{Heap after GC invocations=47 (full 0):
 garbage-first heap   total 198656K, used 89823K [0x00000000c1600000, 0x0000000100000000)
  region size 1024K, 10 young (10240K), 10 survivors (10240K)
 Metaspace       used 68662K, committed 69056K, reserved 1114112K
  class space    used 8160K, committed 8320K, reserved 1048576K
}
Event: 491.838 GC heap before
{Heap before GC invocations=47 (full 0):
 garbage-first heap   total 198656K, used 152287K [0x00000000c1600000, 0x0000000100000000)
  region size 1024K, 71 young (72704K), 10 survivors (10240K)
 Metaspace       used 68691K, committed 69056K, reserved 1114112K
  class space    used 8160K, committed 8320K, reserved 1048576K
}
Event: 491.867 GC heap after
{Heap after GC invocations=48 (full 0):
 garbage-first heap   total 198656K, used 101839K [0x00000000c1600000, 0x0000000100000000)
  region size 1024K, 9 young (9216K), 9 survivors (9216K)
 Metaspace       used 68691K, committed 69056K, reserved 1114112K
  class space    used 8160K, committed 8320K, reserved 1048576K
}
Event: 492.601 GC heap before
{Heap before GC invocations=48 (full 0):
 garbage-first heap   total 198656K, used 155087K [0x00000000c1600000, 0x0000000100000000)
  region size 1024K, 61 young (62464K), 9 survivors (9216K)
 Metaspace       used 68712K, committed 69120K, reserved 1114112K
  class space    used 8160K, committed 8320K, reserved 1048576K
}
Event: 492.634 GC heap after
{Heap after GC invocations=49 (full 0):
 garbage-first heap   total 198656K, used 112640K [0x00000000c1600000, 0x0000000100000000)
  region size 1024K, 8 young (8192K), 8 survivors (8192K)
 Metaspace       used 68712K, committed 69120K, reserved 1114112K
  class space    used 8160K, committed 8320K, reserved 1048576K
}
Event: 493.215 GC heap before
{Heap before GC invocations=49 (full 0):
 garbage-first heap   total 198656K, used 158720K [0x00000000c1600000, 0x0000000100000000)
  region size 1024K, 53 young (54272K), 8 survivors (8192K)
 Metaspace       used 68712K, committed 69120K, reserved 1114112K
  class space    used 8160K, committed 8320K, reserved 1048576K
}

Dll operation events (8 events):
Event: 0.279 Loaded shared library C:\Program Files\Eclipse Adoptium\jdk-17.0.20.101-hotspot\bin\java.dll
Event: 0.639 Loaded shared library C:\Program Files\Eclipse Adoptium\jdk-17.0.20.101-hotspot\bin\jsvml.dll
Event: 1.701 Loaded shared library C:\Program Files\Eclipse Adoptium\jdk-17.0.20.101-hotspot\bin\net.dll
Event: 1.794 Loaded shared library C:\Program Files\Eclipse Adoptium\jdk-17.0.20.101-hotspot\bin\nio.dll
Event: 1.813 Loaded shared library C:\Program Files\Eclipse Adoptium\jdk-17.0.20.101-hotspot\bin\zip.dll
Event: 2.801 Loaded shared library C:\Program Files\Eclipse Adoptium\jdk-17.0.20.101-hotspot\bin\jimage.dll
Event: 13.798 Loaded shared library C:\Program Files\Eclipse Adoptium\jdk-17.0.20.101-hotspot\bin\verify.dll
Event: 23.342 Loaded shared library C:\Users\welcome\AppData\Local\Temp\sqlite-3.41.2.1-78e98a39-709f-452f-a7dc-a678e23d0421-sqlitejdbc.dll

Deoptimization events (20 events):
Event: 492.180 Thread 0x000001f3909a4270 DEOPT PACKING pc=0x000001f33c65f9d0 sp=0x000000dfcf3fc950
Event: 492.180 Thread 0x000001f3909a4270 DEOPT UNPACKING pc=0x000001f342b57143 sp=0x000000dfcf3fbfa0 mode 0
Event: 492.263 Thread 0x000001f3909a4270 DEOPT PACKING pc=0x000001f33c65f9d0 sp=0x000000dfcf3fd000
Event: 492.264 Thread 0x000001f3909a4270 DEOPT UNPACKING pc=0x000001f342b57143 sp=0x000000dfcf3fc650 mode 0
Event: 492.405 Thread 0x000001f3909a4270 DEOPT PACKING pc=0x000001f33c65f9d0 sp=0x000000dfcf3fd000
Event: 492.405 Thread 0x000001f3909a4270 DEOPT UNPACKING pc=0x000001f342b57143 sp=0x000000dfcf3fc650 mode 0
Event: 492.572 Thread 0x000001f3909a4270 DEOPT PACKING pc=0x000001f33c65f9d0 sp=0x000000dfcf3fc950
Event: 492.572 Thread 0x000001f3909a4270 DEOPT UNPACKING pc=0x000001f342b57143 sp=0x000000dfcf3fbfa0 mode 0
Event: 492.688 Thread 0x000001f3909a4270 DEOPT PACKING pc=0x000001f33bd8dfe7 sp=0x000000dfcf3fd420
Event: 492.689 Thread 0x000001f3909a4270 DEOPT UNPACKING pc=0x000001f342b57143 sp=0x000000dfcf3fc8e8 mode 0
Event: 492.768 Thread 0x000001f3909a4270 DEOPT PACKING pc=0x000001f33c65f9d0 sp=0x000000dfcf3fc4a0
Event: 492.768 Thread 0x000001f3909a4270 DEOPT UNPACKING pc=0x000001f342b57143 sp=0x000000dfcf3fbaf0 mode 0
Event: 492.827 Thread 0x000001f3909a4270 DEOPT PACKING pc=0x000001f33c65f9d0 sp=0x000000dfcf3fc950
Event: 492.827 Thread 0x000001f3909a4270 DEOPT UNPACKING pc=0x000001f342b57143 sp=0x000000dfcf3fbfa0 mode 0
Event: 493.129 Thread 0x000001f3909a4270 Uncommon trap: trap_request=0xffffff45 fr.pc=0x000001f343427a80 relative=0x0000000000005ec0
Event: 493.129 Thread 0x000001f3909a4270 Uncommon trap: reason=unstable_if action=reinterpret pc=0x000001f343427a80 method=com.intellij.psi.impl.compiled.SignatureParsing.parseParameterizedClassRefSignatureToTypeInfo(Lcom/intellij/psi/impl/compiled/SignatureParsing$CharIterator;Lcom/intellij/psi
Event: 493.129 Thread 0x000001f3909a4270 DEOPT PACKING pc=0x000001f343427a80 sp=0x000000dfcf3fbea0
Event: 493.130 Thread 0x000001f3909a4270 DEOPT UNPACKING pc=0x000001f342b569a3 sp=0x000000dfcf3fbea0 mode 2
Event: 493.200 Thread 0x000001f3909a4270 DEOPT PACKING pc=0x000001f33c65f9d0 sp=0x000000dfcf3fd000
Event: 493.200 Thread 0x000001f3909a4270 DEOPT UNPACKING pc=0x000001f342b57143 sp=0x000000dfcf3fc650 mode 0

Classes loaded (20 events):
Event: 477.201 Loading class java/lang/Character$Subset done
Event: 477.201 Loading class java/lang/Character$UnicodeBlock done
Event: 477.230 Loading class java/util/AbstractList$SubList
Event: 477.231 Loading class java/util/AbstractList$SubList done
Event: 477.231 Loading class java/util/AbstractList$SubList$1
Event: 477.231 Loading class java/util/AbstractList$SubList$1 done
Event: 477.447 Loading class java/util/AbstractList$RandomAccessSubList
Event: 477.447 Loading class java/util/AbstractList$RandomAccessSubList done
Event: 479.728 Loading class java/util/stream/IntPipeline$1
Event: 479.728 Loading class java/util/stream/IntPipeline$1 done
Event: 479.794 Loading class java/util/stream/IntPipeline$1$1
Event: 479.795 Loading class java/util/stream/IntPipeline$1$1 done
Event: 480.076 Loading class java/util/concurrent/CompletableFuture$AsyncRun
Event: 480.077 Loading class java/util/concurrent/CompletableFuture$AsyncRun done
Event: 481.876 Loading class java/util/RegularEnumSet$EnumSetIterator
Event: 481.876 Loading class java/util/RegularEnumSet$EnumSetIterator done
Event: 484.611 Loading class java/text/ChoiceFormat
Event: 484.613 Loading class java/text/ChoiceFormat done
Event: 488.556 Loading class jdk/internal/math/FDBigInteger
Event: 488.560 Loading class jdk/internal/math/FDBigInteger done

Classes unloaded (0 events):
No events

Classes redefined (0 events):
No events

Internal exceptions (20 events):
Event: 474.768 Thread 0x000001f3909a65e0 Exception <a 'java/lang/NoSuchMethodError'{0x00000000c3ff2618}: 'java.lang.Object java.lang.invoke.Invokers$Holder.linkToTargetMethod(java.lang.Object, java.lang.Object, java.lang.Object, int, java.lang.Object)'> (0x00000000c3ff2618) 
thrown [s\src\hotspot\share\interpreter\linkResolver.cpp, line 759]
Event: 474.896 Thread 0x000001f3909a65e0 Exception <a 'java/lang/NoSuchMethodError'{0x00000000c3d9cad8}: 'java.lang.Object java.lang.invoke.DirectMethodHandle$Holder.newInvokeSpecial(java.lang.Object, java.lang.Object, java.lang.Object, java.lang.Object, java.lang.Object, java.lang.Object)'> (0x00000000c3d9cad8) 
thrown [s\src\hotspot\share\interpreter\linkResolver.cpp, line 759]
Event: 475.251 Thread 0x000001f3909a65e0 Exception <a 'java/lang/NoSuchMethodError'{0x00000000c4cb2a38}: 'java.lang.Object java.lang.invoke.DirectMethodHandle$Holder.invokeStaticInit(java.lang.Object, java.lang.Object, java.lang.Object, java.lang.Object)'> (0x00000000c4cb2a38) 
thrown [s\src\hotspot\share\interpreter\linkResolver.cpp, line 759]
Event: 476.112 Thread 0x000001f3909a65e0 Exception <a 'java/lang/NoSuchMethodError'{0x00000000c4df93b0}: 'java.lang.Object java.lang.invoke.DirectMethodHandle$Holder.newInvokeSpecial(java.lang.Object, java.lang.Object, java.lang.Object, java.lang.Object, int, java.lang.Object)'> (0x00000000c4df93b0) 
thrown [s\src\hotspot\share\interpreter\linkResolver.cpp, line 759]
Event: 476.114 Thread 0x000001f3909a65e0 Exception <a 'java/lang/NoSuchMethodError'{0x00000000c4c01700}: 'java.lang.Object java.lang.invoke.Invokers$Holder.linkToTargetMethod(java.lang.Object, java.lang.Object, java.lang.Object, int, java.lang.Object, java.lang.Object)'> (0x00000000c4c01700) 
thrown [s\src\hotspot\share\interpreter\linkResolver.cpp, line 759]
Event: 478.067 Thread 0x000001f3909a65e0 Exception <a 'java/lang/NoSuchMethodError'{0x00000000c477ae50}: 'java.lang.Object java.lang.invoke.DirectMethodHandle$Holder.newInvokeSpecial(java.lang.Object, java.lang.Object, java.lang.Object, java.lang.Object, java.lang.Object, java.lang.Object, java.lang.Object, int)'> (0x00000000c477ae50) 
thrown [s\src\hotspot\share\interpreter\linkResolver.cpp, line 759]
Event: 478.067 Thread 0x000001f3909a65e0 Exception <a 'java/lang/NoSuchMethodError'{0x00000000c47801a0}: 'java.lang.Object java.lang.invoke.DirectMethodHandle$Holder.invokeSpecial(java.lang.Object, java.lang.Object, java.lang.Object, java.lang.Object, java.lang.Object, java.lang.Object, java.lang.Object, java.lang.Object, int)'> (0x00000000c47801a0) 
thrown [s\src\hotspot\share\interpreter\linkResolver.cpp, line 759]
Event: 478.177 Thread 0x000001f3909a65e0 Implicit null exception at 0x000001f34312436f to 0x000001f34312453c
Event: 479.726 Thread 0x000001f3909a60d0 Implicit null exception at 0x000001f3433008af to 0x000001f3433008ec
Event: 480.365 Thread 0x000001f3909a5bc0 Exception <a 'java/lang/NoSuchMethodError'{0x00000000c4f7bb30}: 'java.lang.Object java.lang.invoke.DirectMethodHandle$Holder.newInvokeSpecial(java.lang.Object, java.lang.Object, java.lang.Object, java.lang.Object, long)'> (0x00000000c4f7bb30) 
thrown [s\src\hotspot\share\interpreter\linkResolver.cpp, line 759]
Event: 480.365 Thread 0x000001f3909a5bc0 Exception <a 'java/lang/NoSuchMethodError'{0x00000000c4f7fbc0}: 'java.lang.Object java.lang.invoke.DirectMethodHandle$Holder.invokeSpecial(java.lang.Object, java.lang.Object, java.lang.Object, java.lang.Object, java.lang.Object, long)'> (0x00000000c4f7fbc0) 
thrown [s\src\hotspot\share\interpreter\linkResolver.cpp, line 759]
Event: 480.366 Thread 0x000001f3909a5bc0 Exception <a 'java/lang/NoSuchMethodError'{0x00000000c4f839b8}: 'java.lang.Object java.lang.invoke.Invokers$Holder.linkToTargetMethod(java.lang.Object, java.lang.Object, java.lang.Object, long, java.lang.Object)'> (0x00000000c4f839b8) 
thrown [s\src\hotspot\share\interpreter\linkResolver.cpp, line 759]
Event: 481.890 Thread 0x000001f3909a65e0 Exception <a 'java/lang/NoSuchMethodError'{0x00000000c6f5cda8}: 'java.lang.Object java.lang.invoke.DirectMethodHandle$Holder.invokeStatic(java.lang.Object, int, java.lang.Object)'> (0x00000000c6f5cda8) 
thrown [s\src\hotspot\share\interpreter\linkResolver.cpp, line 759]
Event: 482.869 Thread 0x000001f3909a65e0 Exception <a 'java/lang/IncompatibleClassChangeError'{0x00000000c61aa4d0}: Found class java.lang.Object, but interface was expected> (0x00000000c61aa4d0) 
thrown [s\src\hotspot\share\interpreter\linkResolver.cpp, line 826]
Event: 482.873 Thread 0x000001f3909a65e0 Exception <a 'java/lang/NoSuchMethodError'{0x00000000c61b59b8}: 'java.lang.Object java.lang.invoke.DirectMethodHandle$Holder.invokeStatic(java.lang.Object, java.lang.Object, java.lang.Object, java.lang.Object, int)'> (0x00000000c61b59b8) 
thrown [s\src\hotspot\share\interpreter\linkResolver.cpp, line 759]
Event: 482.921 Thread 0x000001f3909a65e0 Implicit null exception at 0x000001f34312d1e0 to 0x000001f34312d468
Event: 484.185 Thread 0x000001f3909a65e0 Exception <a 'java/lang/NoSuchMethodError'{0x00000000c656e198}: 'java.lang.Object java.lang.invoke.DirectMethodHandle$Holder.invokeSpecial(java.lang.Object, java.lang.Object, int, java.lang.Object, java.lang.Object)'> (0x00000000c656e198) 
thrown [s\src\hotspot\share\interpreter\linkResolver.cpp, line 759]
Event: 484.394 Thread 0x000001f3909a65e0 Exception <a 'java/lang/NoSuchMethodError'{0x00000000c62f5bd0}: 'java.lang.Object java.lang.invoke.DirectMethodHandle$Holder.newInvokeSpecial(java.lang.Object, java.lang.Object, java.lang.Object, java.lang.Object, java.lang.Object, java.lang.Object, java.lang.Object, java.lang.Object, java.lang.Object)'> (0x00000000c62f5bd0) 
thrown [s\src\hotspot\share\interpreter\linkResolver.cpp, line 759]
Event: 484.395 Thread 0x000001f3909a65e0 Exception <a 'java/lang/NoSuchMethodError'{0x00000000c62fae28}: 'java.lang.Object java.lang.invoke.DirectMethodHandle$Holder.invokeSpecial(java.lang.Object, java.lang.Object, java.lang.Object, java.lang.Object, java.lang.Object, java.lang.Object, java.lang.Object, java.lang.Object, java.lang.Object, java.lang.Object)'> (0x00000000c62fae28) 
thrown [s\src\hotspot\share\interpreter\linkResolver.cpp, line 759]
Event: 484.395 Thread 0x000001f3909a65e0 Exception <a 'java/lang/NoSuchMethodError'{0x00000000c62ff5f0}: 'java.lang.Object java.lang.invoke.Invokers$Holder.linkToTargetMethod(java.lang.Object, java.lang.Object, java.lang.Object, java.lang.Object, java.lang.Object, java.lang.Object, java.lang.Object, java.lang.Object, java.lang.Object)'> (0x00000000c62ff5f0) 
thrown [s\src\hotspot\share\interpreter\linkResolver.cpp, line 759]

VM Operations (20 events):
Event: 486.705 Executing VM operation: HandshakeAllThreads done
Event: 487.476 Executing VM operation: G1CollectForAllocation
Event: 487.572 Executing VM operation: G1CollectForAllocation done
Event: 487.580 Executing VM operation: G1CollectForAllocation
Event: 487.666 Executing VM operation: G1CollectForAllocation done
Event: 488.681 Executing VM operation: Cleanup
Event: 488.681 Executing VM operation: Cleanup done
Event: 489.687 Executing VM operation: Cleanup
Event: 489.687 Executing VM operation: Cleanup done
Event: 489.847 Executing VM operation: G1CollectForAllocation
Event: 489.867 Executing VM operation: G1CollectForAllocation done
Event: 490.742 Executing VM operation: G1CollectForAllocation
Event: 490.776 Executing VM operation: G1CollectForAllocation done
Event: 491.790 Executing VM operation: Cleanup
Event: 491.790 Executing VM operation: Cleanup done
Event: 491.838 Executing VM operation: G1CollectForAllocation
Event: 491.867 Executing VM operation: G1CollectForAllocation done
Event: 492.601 Executing VM operation: G1CollectForAllocation
Event: 492.635 Executing VM operation: G1CollectForAllocation done
Event: 493.215 Executing VM operation: G1CollectForAllocation

Memory protections (0 events):
No events

Nmethod flushes (20 events):
Event: 479.062 Thread 0x000001f3901b92a0 flushing  nmethod 0x000001f33c0a3990
Event: 479.062 Thread 0x000001f3901b92a0 flushing  nmethod 0x000001f33c0a5c10
Event: 479.062 Thread 0x000001f3901b92a0 flushing  nmethod 0x000001f33c0aa290
Event: 479.062 Thread 0x000001f3901b92a0 flushing  nmethod 0x000001f33c0ac210
Event: 479.062 Thread 0x000001f3901b92a0 flushing  nmethod 0x000001f33c0b4210
Event: 479.062 Thread 0x000001f3901b92a0 flushing  nmethod 0x000001f33c0bfa10
Event: 479.062 Thread 0x000001f3901b92a0 flushing  nmethod 0x000001f33c0c6c10
Event: 479.062 Thread 0x000001f3901b92a0 flushing  nmethod 0x000001f33c0e2810
Event: 479.062 Thread 0x000001f3901b92a0 flushing  nmethod 0x000001f33c10d190
Event: 479.062 Thread 0x000001f3901b92a0 flushing  nmethod 0x000001f33c10d990
Event: 479.062 Thread 0x000001f3901b92a0 flushing  nmethod 0x000001f33c10e510
Event: 479.062 Thread 0x000001f3901b92a0 flushing  nmethod 0x000001f33c10f210
Event: 479.062 Thread 0x000001f3901b92a0 flushing  nmethod 0x000001f33c10fc10
Event: 479.062 Thread 0x000001f3901b92a0 flushing  nmethod 0x000001f33c12dd90
Event: 479.062 Thread 0x000001f3901b92a0 flushing  nmethod 0x000001f33c12e510
Event: 479.062 Thread 0x000001f3901b92a0 flushing  nmethod 0x000001f33c130a90
Event: 479.062 Thread 0x000001f3901b92a0 flushing  nmethod 0x000001f33c15f690
Event: 479.063 Thread 0x000001f3901b92a0 flushing  nmethod 0x000001f33c16c690
Event: 479.064 Thread 0x000001f3901b92a0 flushing  nmethod 0x000001f33c28f510
Event: 486.710 Thread 0x000001f3901b92a0 flushing  nmethod 0x000001f33b836a90

Events (20 events):
Event: 21.645 Thread 0x000001f333a4e900 Thread exited: 0x000001f333a4e900
Event: 21.645 Thread 0x000001f333a4e900 Thread added: 0x000001f333a4e900
Event: 22.109 Thread 0x000001f39e8e5030 Thread added: 0x000001f39dc84450
Event: 29.877 Thread 0x000001f39dc84450 Thread added: 0x000001f39d11c550
Event: 29.877 Thread 0x000001f39dc84450 Thread added: 0x000001f39d11ca30
Event: 461.692 Thread 0x000001f39d11ca30 Thread exited: 0x000001f39d11ca30
Event: 461.694 Thread 0x000001f39d11c550 Thread exited: 0x000001f39d11c550
Event: 463.017 Thread 0x000001f39dc84450 Thread added: 0x000001f3909a51a0
Event: 463.903 Thread 0x000001f39dc84450 Thread added: 0x000001f3909a5bc0
Event: 463.904 Thread 0x000001f39dc84450 Thread added: 0x000001f3909a56b0
Event: 463.948 Thread 0x000001f3909a51a0 Thread added: 0x000001f3909a60d0
Event: 463.948 Thread 0x000001f3909a51a0 Thread added: 0x000001f3909a4270
Event: 467.038 Thread 0x000001f3909a5bc0 Thread exited: 0x000001f3909a5bc0
Event: 467.039 Thread 0x000001f3909a56b0 Thread exited: 0x000001f3909a56b0
Event: 467.775 Thread 0x000001f3909a4270 Thread exited: 0x000001f3909a4270
Event: 467.775 Thread 0x000001f3909a60d0 Thread exited: 0x000001f3909a60d0
Event: 468.983 Thread 0x000001f39dc84450 Thread added: 0x000001f3909a65e0
Event: 469.696 Thread 0x000001f39e8e5030 Thread added: 0x000001f3909a60d0
Event: 480.077 Thread 0x000001f3909a60d0 Thread added: 0x000001f3909a5bc0
Event: 484.539 Thread 0x000001f39e8e5030 Thread added: 0x000001f3909a4270


Dynamic libraries:
0x00007ff62dfb0000 - 0x00007ff62dfbe000 	C:\Program Files\Eclipse Adoptium\jdk-17.0.20.101-hotspot\bin\java.exe
0x00007ff8d7150000 - 0x00007ff8d7349000 	C:\Windows\SYSTEM32\ntdll.dll
0x00007ff8d5ba0000 - 0x00007ff8d5c62000 	C:\Windows\System32\KERNEL32.DLL
0x00007ff8d4ca0000 - 0x00007ff8d4f97000 	C:\Windows\System32\KERNELBASE.dll
0x00007ff8d4b50000 - 0x00007ff8d4c50000 	C:\Windows\System32\ucrtbase.dll
0x00007ff893a50000 - 0x00007ff893a68000 	C:\Program Files\Eclipse Adoptium\jdk-17.0.20.101-hotspot\bin\jli.dll
0x00007ff8d5760000 - 0x00007ff8d58fd000 	C:\Windows\System32\USER32.dll
0x00007ff8d4fd0000 - 0x00007ff8d4ff2000 	C:\Windows\System32\win32u.dll
0x00007ff8d6870000 - 0x00007ff8d689b000 	C:\Windows\System32\GDI32.dll
0x00007ff8d47a0000 - 0x00007ff8d48ba000 	C:\Windows\System32\gdi32full.dll
0x00007ff8d5000000 - 0x00007ff8d509d000 	C:\Windows\System32\msvcp_win.dll
0x00007ff8c1f50000 - 0x00007ff8c21eb000 	C:\Windows\WinSxS\amd64_microsoft.windows.common-controls_6595b64144ccf1df_6.0.19041.7663_none_60b9ed0b71f50c93\COMCTL32.dll
0x00007ff8d7010000 - 0x00007ff8d70ae000 	C:\Windows\System32\msvcrt.dll
0x00007ff892ec0000 - 0x00007ff892ede000 	C:\Program Files\Eclipse Adoptium\jdk-17.0.20.101-hotspot\bin\VCRUNTIME140.dll
0x00007ff8d5b70000 - 0x00007ff8d5b9f000 	C:\Windows\System32\IMM32.DLL
0x00007ff8a5da0000 - 0x00007ff8a5dac000 	C:\Program Files\Eclipse Adoptium\jdk-17.0.20.101-hotspot\bin\vcruntime140_1.dll
0x00007ff81b6e0000 - 0x00007ff81b76d000 	C:\Program Files\Eclipse Adoptium\jdk-17.0.20.101-hotspot\bin\msvcp140.dll
0x00007ff81aa70000 - 0x00007ff81b6dc000 	C:\Program Files\Eclipse Adoptium\jdk-17.0.20.101-hotspot\bin\server\jvm.dll
0x00007ff8d5df0000 - 0x00007ff8d5ea2000 	C:\Windows\System32\ADVAPI32.dll
0x00007ff8d5c70000 - 0x00007ff8d5d10000 	C:\Windows\System32\sechost.dll
0x00007ff8d6b80000 - 0x00007ff8d6ca6000 	C:\Windows\System32\RPCRT4.dll
0x00007ff8d4fa0000 - 0x00007ff8d4fc7000 	C:\Windows\System32\bcrypt.dll
0x00007ff8d6640000 - 0x00007ff8d66b3000 	C:\Windows\System32\WS2_32.dll
0x00007ff8d45f0000 - 0x00007ff8d463b000 	C:\Windows\SYSTEM32\POWRPROF.dll
0x00007ff8bf360000 - 0x00007ff8bf387000 	C:\Windows\SYSTEM32\WINMM.dll
0x00007ff8cdbe0000 - 0x00007ff8cdbea000 	C:\Windows\SYSTEM32\VERSION.dll
0x00007ff8d45d0000 - 0x00007ff8d45e2000 	C:\Windows\SYSTEM32\UMPDC.dll
0x00007ff8d25b0000 - 0x00007ff8d25c2000 	C:\Windows\SYSTEM32\kernel.appcore.dll
0x00007ff881220000 - 0x00007ff88122a000 	C:\Program Files\Eclipse Adoptium\jdk-17.0.20.101-hotspot\bin\jimage.dll
0x00007ff8bf410000 - 0x00007ff8bf61b000 	C:\Windows\SYSTEM32\DBGHELP.DLL
0x00007ff8ba5d0000 - 0x00007ff8ba605000 	C:\Windows\SYSTEM32\dbgcore.DLL
0x00007ff8d50a0000 - 0x00007ff8d5122000 	C:\Windows\System32\bcryptPrimitives.dll
0x00007ff839fe0000 - 0x00007ff83a005000 	C:\Program Files\Eclipse Adoptium\jdk-17.0.20.101-hotspot\bin\java.dll
0x00007ff81a7d0000 - 0x00007ff81a8a7000 	C:\Program Files\Eclipse Adoptium\jdk-17.0.20.101-hotspot\bin\jsvml.dll
0x00007ff8d5eb0000 - 0x00007ff8d6621000 	C:\Windows\System32\SHELL32.dll
0x00007ff8d27c0000 - 0x00007ff8d2f6c000 	C:\Windows\SYSTEM32\windows.storage.dll
0x00007ff8d6cb0000 - 0x00007ff8d7004000 	C:\Windows\System32\combase.dll
0x00007ff8d40f0000 - 0x00007ff8d411b000 	C:\Windows\SYSTEM32\Wldp.dll
0x00007ff8d69a0000 - 0x00007ff8d6a4d000 	C:\Windows\System32\SHCORE.dll
0x00007ff8d5900000 - 0x00007ff8d595b000 	C:\Windows\System32\shlwapi.dll
0x00007ff8d46d0000 - 0x00007ff8d46f5000 	C:\Windows\SYSTEM32\profapi.dll
0x00007ff81a450000 - 0x00007ff81a46a000 	C:\Program Files\Eclipse Adoptium\jdk-17.0.20.101-hotspot\bin\net.dll
0x00007ff8cad10000 - 0x00007ff8cae1d000 	C:\Windows\SYSTEM32\WINHTTP.dll
0x00007ff8d3dd0000 - 0x00007ff8d3e3a000 	C:\Windows\system32\mswsock.dll
0x00007ff81a430000 - 0x00007ff81a446000 	C:\Program Files\Eclipse Adoptium\jdk-17.0.20.101-hotspot\bin\nio.dll
0x00007ff81a410000 - 0x00007ff81a428000 	C:\Program Files\Eclipse Adoptium\jdk-17.0.20.101-hotspot\bin\zip.dll
0x00007ff8d4050000 - 0x00007ff8d4068000 	C:\Windows\SYSTEM32\CRYPTSP.dll
0x00007ff8d3700000 - 0x00007ff8d3738000 	C:\Windows\system32\rsaenh.dll
0x00007ff8d4680000 - 0x00007ff8d46ae000 	C:\Windows\SYSTEM32\USERENV.dll
0x00007ff8d4040000 - 0x00007ff8d404c000 	C:\Windows\SYSTEM32\CRYPTBASE.dll
0x00007ff8d3ad0000 - 0x00007ff8d3b0b000 	C:\Windows\SYSTEM32\IPHLPAPI.DLL
0x00007ff8d6630000 - 0x00007ff8d6638000 	C:\Windows\System32\NSI.dll
0x00007ff8cc390000 - 0x00007ff8cc3a7000 	C:\Windows\SYSTEM32\dhcpcsvc6.DLL
0x00007ff8cc280000 - 0x00007ff8cc29d000 	C:\Windows\SYSTEM32\dhcpcsvc.DLL
0x00007ff8d3b10000 - 0x00007ff8d3bdc000 	C:\Windows\SYSTEM32\DNSAPI.dll
0x00007ff884e10000 - 0x00007ff884e20000 	C:\Program Files\Eclipse Adoptium\jdk-17.0.20.101-hotspot\bin\verify.dll
0x00007ff81b860000 - 0x00007ff81b949000 	C:\Users\welcome\AppData\Local\Temp\sqlite-3.41.2.1-78e98a39-709f-452f-a7dc-a678e23d0421-sqlitejdbc.dll

dbghelp: loaded successfully - version: 4.0.5 - missing functions: none
symbol engine: initialized successfully - sym options: 0x614 - pdb path: .;C:\Program Files\Eclipse Adoptium\jdk-17.0.20.101-hotspot\bin;C:\Windows\SYSTEM32;C:\Windows\WinSxS\amd64_microsoft.windows.common-controls_6595b64144ccf1df_6.0.19041.7663_none_60b9ed0b71f50c93;C:\Program Files\Eclipse Adoptium\jdk-17.0.20.101-hotspot\bin\server;C:\Users\welcome\AppData\Local\Temp

VM Arguments:
jvm_args: -DkotlinLanguageServer.version=1.3.13 
java_command: org.javacs.kt.MainKt
java_class_path (initial): c:\Users\welcome\AppData\Roaming\Code\User\globalStorage\fwcd.kotlin\langServerInstall\server\lib\server-1.3.13.jar;c:\Users\welcome\AppData\Roaming\Code\User\globalStorage\fwcd.kotlin\langServerInstall\server\lib\shared-1.3.13.jar;c:\Users\welcome\AppData\Roaming\Code\User\globalStorage\fwcd.kotlin\langServerInstall\server\lib\kotlin-scripting-jvm-host-unshaded-2.1.0.jar;c:\Users\welcome\AppData\Roaming\Code\User\globalStorage\fwcd.kotlin\langServerInstall\server\lib\kotlin-scripting-compiler-2.1.0.jar;c:\Users\welcome\AppData\Roaming\Code\User\globalStorage\fwcd.kotlin\langServerInstall\server\lib\ktfmt-b5d31d1.jar;c:\Users\welcome\AppData\Roaming\Code\User\globalStorage\fwcd.kotlin\langServerInstall\server\lib\kotlin-compiler-2.1.0.jar;c:\Users\welcome\AppData\Roaming\Code\User\globalStorage\fwcd.kotlin\langServerInstall\server\lib\exposed-dao-0.37.3.jar;c:\Users\welcome\AppData\Roaming\Code\User\globalStorage\fwcd.kotlin\langServerInstall\server\lib\exposed-jdbc-0.37.3.jar;c:\Users\welcome\AppData\Roaming\Code\User\globalStorage\fwcd.kotlin\langServerInstall\server\lib\exposed-core-0.37.3.jar;c:\Users\welcome\AppData\Roaming\Code\User\globalStorage\fwcd.kotlin\langServerInstall\server\lib\kotlin-scripting-compiler-impl-2.1.0.jar;c:\Users\welcome\AppData\Roaming\Code\User\globalStorage\fwcd.kotlin\langServerInstall\server\lib\kotlin-reflect-2.1.0.jar;c:\Users\welcome\AppData\Roaming\Code\User\globalStorage\fwcd.kotlin\langServerInstall\server\lib\kotlin-scripting-jvm-2.1.0.jar;c:\Users\welcome\AppData\Roaming\Code\User\globalStorage\fwcd.kotlin\langServerInstall\server\lib\kotlin-scripting-common-2.1.0.jar;c:\Users\welcome\AppData\Roaming\Code\User\globalStorage\fwcd.kotlin\langServerInstall\server\lib\kotlinx-coroutines-core-jvm-1.6.4.jar;c:\Users\welcome\AppData\Roaming\Code\User\globalStorage\fwcd.kotlin\langServerInstall\server\lib\kotlin-stdlib-jdk8-2.1.0.jar;c:\Users\welcome\AppData\Roaming\Code\User\globalStorage\fwcd.kotlin\la
Launcher Type: SUN_STANDARD

[Global flags]
     intx CICompilerCount                          = 3                                         {product} {ergonomic}
     uint ConcGCThreads                            = 1                                         {product} {ergonomic}
     uint G1ConcRefinementThreads                  = 4                                         {product} {ergonomic}
   size_t G1HeapRegionSize                         = 1048576                                   {product} {ergonomic}
    uintx GCDrainStackTargetSize                   = 64                                        {product} {ergonomic}
   size_t InitialHeapSize                          = 67108864                                  {product} {ergonomic}
   size_t MarkStackSize                            = 4194304                                   {product} {ergonomic}
   size_t MaxHeapSize                              = 1050673152                                {product} {ergonomic}
   size_t MaxNewSize                               = 630194176                                 {product} {ergonomic}
   size_t MinHeapDeltaBytes                        = 1048576                                   {product} {ergonomic}
   size_t MinHeapSize                              = 8388608                                   {product} {ergonomic}
    uintx NonNMethodCodeHeapSize                   = 5832780                                {pd product} {ergonomic}
    uintx NonProfiledCodeHeapSize                  = 122912730                              {pd product} {ergonomic}
    uintx ProfiledCodeHeapSize                     = 122912730                              {pd product} {ergonomic}
    uintx ReservedCodeCacheSize                    = 251658240                              {pd product} {ergonomic}
     bool SegmentedCodeCache                       = true                                      {product} {ergonomic}
   size_t SoftMaxHeapSize                          = 1050673152                             {manageable} {ergonomic}
     bool UseCompressedClassPointers               = true                           {product lp64_product} {ergonomic}
     bool UseCompressedOops                        = true                           {product lp64_product} {ergonomic}
     bool UseG1GC                                  = true                                      {product} {ergonomic}
     bool UseLargePagesIndividualAllocation        = false                                  {pd product} {ergonomic}

Logging:
Log output configuration:
 #0: stdout all=warning uptime,level,tags
 #1: stderr all=off uptime,level,tags

Environment Variables:
CLASSPATH=c:\Users\welcome\AppData\Roaming\Code\User\globalStorage\fwcd.kotlin\langServerInstall\server\lib\server-1.3.13.jar;c:\Users\welcome\AppData\Roaming\Code\User\globalStorage\fwcd.kotlin\langServerInstall\server\lib\shared-1.3.13.jar;c:\Users\welcome\AppData\Roaming\Code\User\globalStorage\fwcd.kotlin\langServerInstall\server\lib\kotlin-scripting-jvm-host-unshaded-2.1.0.jar;c:\Users\welcome\AppData\Roaming\Code\User\globalStorage\fwcd.kotlin\langServerInstall\server\lib\kotlin-scripting-compiler-2.1.0.jar;c:\Users\welcome\AppData\Roaming\Code\User\globalStorage\fwcd.kotlin\langServerInstall\server\lib\ktfmt-b5d31d1.jar;c:\Users\welcome\AppData\Roaming\Code\User\globalStorage\fwcd.kotlin\langServerInstall\server\lib\kotlin-compiler-2.1.0.jar;c:\Users\welcome\AppData\Roaming\Code\User\globalStorage\fwcd.kotlin\langServerInstall\server\lib\exposed-dao-0.37.3.jar;c:\Users\welcome\AppData\Roaming\Code\User\globalStorage\fwcd.kotlin\langServerInstall\server\lib\exposed-jdbc-0.37.3.jar;c:\Users\welcome\AppData\Roaming\Code\User\globalStorage\fwcd.kotlin\langServerInstall\server\lib\exposed-core-0.37.3.jar;c:\Users\welcome\AppData\Roaming\Code\User\globalStorage\fwcd.kotlin\langServerInstall\server\lib\kotlin-scripting-compiler-impl-2.1.0.jar;c:\Users\welcome\AppData\Roaming\Code\User\globalStorage\fwcd.kotlin\langServerInstall\server\lib\kotlin-reflect-2.1.0.jar;c:\Users\welcome\AppData\Roaming\Code\User\globalStorage\fwcd.kotlin\langServerInstall\server\lib\kotlin-scripting-jvm-2.1.0.jar;c:\Users\welcome\AppData\Roaming\Code\User\globalStorage\fwcd.kotlin\langServerInstall\server\lib\kotlin-scripting-common-2.1.0.jar;c:\Users\welcome\AppData\Roaming\Code\User\globalStorage\fwcd.kotlin\langServerInstall\server\lib\kotlinx-coroutines-core-jvm-1.6.4.jar;c:\Users\welcome\AppData\Roaming\Code\User\globalStorage\fwcd.kotlin\langServerInstall\server\lib\kotlin-stdlib-jdk8-2.1.0.jar;c:\Users\welcome\AppData\Roaming\Code\User\globalStorage\fwcd.kotlin\langServerInstall\server\lib\kotlin-stdlib-jdk7-2.1.0.jar;c:\Users\welcome\AppData\Roaming\Code\User\globalStorage\fwcd.kotlin\langServerInstall\server\lib\kotlin-stdlib-2.1.0.jar;c:\Users\welcome\AppData\Roaming\Code\User\globalStorage\fwcd.kotlin\langServerInstall\server\lib\org.eclipse.lsp4j-0.21.2.jar;c:\Users\welcome\AppData\Roaming\Code\User\globalStorage\fwcd.kotlin\langServerInstall\server\lib\org.eclipse.lsp4j.jsonrpc-0.21.2.jar;c:\Users\welcome\AppData\Roaming\Code\User\globalStorage\fwcd.kotlin\langServerInstall\server\lib\kotlin-sam-with-receiver-compiler-plugin-2.1.0.jar;c:\Users\welcome\AppData\Roaming\Code\User\globalStorage\fwcd.kotlin\langServerInstall\server\lib\fernflower-1.0.jar;c:\Users\welcome\AppData\Roaming\Code\User\globalStorage\fwcd.kotlin\langServerInstall\server\lib\h2-1.4.200.jar;c:\Users\welcome\AppData\Roaming\Code\User\globalStorage\fwcd.kotlin\langServerInstall\server\lib\jcommander-1.78.jar;c:\Users\welcome\AppData\Roaming\Code\User\globalStorage\fwcd.kotlin\langServerInstall\server\lib\sqlite-jdbc-3.41.2.1.jar;c:\Users\welcome\AppData\Roaming\Code\User\globalStorage\fwcd.kotlin\langServerInstall\server\lib\google-java-format-1.8.jar;c:\Users\welcome\AppData\Roaming\Code\User\globalStorage\fwcd.kotlin\langServerInstall\server\lib\guava-33.3.0-jre.jar;c:\Users\welcome\AppData\Roaming\Code\User\globalStorage\fwcd.kotlin\langServerInstall\server\lib\annotations-13.0.jar;c:\Users\welcome\AppData\Roaming\Code\User\globalStorage\fwcd.kotlin\langServerInstall\server\lib\gson-2.10.1.jar;c:\Users\welcome\AppData\Roaming\Code\User\globalStorage\fwcd.kotlin\langServerInstall\server\lib\kotlin-script-runtime-2.1.0.jar;c:\Users\welcome\AppData\Roaming\Code\User\globalStorage\fwcd.kotlin\langServerInstall\server\lib\trove4j-1.0.20200330.jar;c:\Users\welcome\AppData\Roaming\Code\User\globalStorage\fwcd.kotlin\langServerInstall\server\lib\jline-3.24.1.jar;c:\Users\welcome\AppData\Roaming\Code\User\globalStorage\fwcd.kotlin\langServerInstall\server\lib\slf4j-api-1.7.25.jar;c:\Users\welcome\AppData\Roaming\Code\User\globalStorage\fwcd.kotlin\langServerInstall\server\lib\jna-4.2.2.jar;c:\Users\welcome\AppData\Roaming\Code\User\globalStorage\fwcd.kotlin\langServerInstall\server\lib\failureaccess-1.0.2.jar;c:\Users\welcome\AppData\Roaming\Code\User\globalStorage\fwcd.kotlin\langServerInstall\server\lib\listenablefuture-9999.0-empty-to-avoid-conflict-with-guava.jar;c:\Users\welcome\AppData\Roaming\Code\User\globalStorage\fwcd.kotlin\langServerInstall\server\lib\jsr305-3.0.2.jar;c:\Users\welcome\AppData\Roaming\Code\User\globalStorage\fwcd.kotlin\langServerInstall\server\lib\checker-qual-3.43.0.jar;c:\Users\welcome\AppData\Roaming\Code\User\globalStorage\fwcd.kotlin\langServerInstall\server\lib\error_prone_annotations-2.28.0.jar
PATH=C:\Program Files\Eclipse Adoptium\jdk-17.0.20.101-hotspot\bin;C:\Windows\system32;C:\Windows;C:\Windows\System32\Wbem;C:\Windows\System32\WindowsPowerShell\v1.0\;C:\Windows\System32\OpenSSH\;C:\Program Files\Git\cmd;C:\Program Files\nodejs\;C:\Users\welcome\AppData\Local\Microsoft\WindowsApps;C:\Users\welcome\AppData\Local\Programs\Microsoft VS Code\bin;C:\Users\welcome\AppData\Local\Programs\DockerDesktop\resources\bin;C:\Users\welcome\AppData\Roaming\npm
USERNAME=welcome
OS=Windows_NT
PROCESSOR_IDENTIFIER=Intel64 Family 6 Model 142 Stepping 9, GenuineIntel
TMP=C:\Users\welcome\AppData\Local\Temp
TEMP=C:\Users\welcome\AppData\Local\Temp



Periodic native trim disabled


---------------  S Y S T E M  ---------------

OS:
 Windows 10 , 64 bit Build 19041 (10.0.19041.7725)
OS uptime: 0 days 0:33 hours
Hyper-V role detected

CPU: total 4 (initial active 4) (2 cores per cpu, 2 threads per core) family 6 model 142 stepping 9 microcode 0xea, cx8, cmov, fxsr, ht, mmx, 3dnowpref, sse, sse2, sse3, ssse3, sse4.1, sse4.2, popcnt, lzcnt, tsc, tscinvbit, avx, avx2, aes, erms, clmul, bmi1, bmi2, adx, fma, vzeroupper, clflush, clflushopt, hv
Processor Information for all 4 processors :
  Max Mhz: 2400, Current Mhz: 2400, Mhz Limit: 2400

Memory: 4k page, system-wide physical 4005M (181M free)
TotalPageFile size 11505M (AvailPageFile size 5M)
current process WorkingSet (physical memory assigned to process): 282M, peak: 293M
current process commit charge ("private bytes"): 508M, peak: 694M

vm_info: OpenJDK 64-Bit Server VM (17.0.20.1+1) for windows-amd64 JRE (17.0.20.1+1), built on Aug 18 2026 20:44:09 by "admin" with MS VC++ 17.12 (VS2022)

END.
