#
# There is insufficient memory for the Java Runtime Environment to continue.
# Native memory allocation (malloc) failed to allocate 63024 bytes. Error detail: Chunk::new
# Possible reasons:
#   The system is out of physical RAM or swap space
#   This process is running with CompressedOops enabled, and the Java Heap may be blocking the growth of the native heap
# Possible solutions:
#   Reduce memory load on the system
#   Increase physical memory or swap space
#   Check if swap backing store is full
#   Decrease Java heap size (-Xmx/-Xms)
#   Decrease number of Java threads
#   Decrease Java thread stack sizes (-Xss)
#   Set larger code cache with -XX:ReservedCodeCacheSize=
#   JVM is running with Unscaled Compressed Oops mode in which the Java heap is
#     placed in the first 4GB address space. The Java Heap base address is the
#     maximum limit for the native heap growth. Please use -XX:HeapBaseMinAddress
#     to set the Java Heap base and to place the Java Heap above 4GB virtual address.
# This output file may be truncated or incomplete.
#
#  Out of Memory Error (arena.cpp:168), pid=17008, tid=14848
#
# JRE version: OpenJDK Runtime Environment Temurin-21.0.12.1+1 (21.0.12.1+1) (build 21.0.12.1+1-LTS)
# Java VM: OpenJDK 64-Bit Server VM Temurin-21.0.12.1+1 (21.0.12.1+1-LTS, mixed mode, sharing, tiered, compressed oops, compressed class ptrs, parallel gc, windows-amd64)
# No core dump will be written. Minidumps are not enabled by default on client versions of Windows
#

---------------  S U M M A R Y ------------

Command Line: --add-modules=ALL-SYSTEM --add-opens=java.base/java.util=ALL-UNNAMED --add-opens=java.base/java.lang=ALL-UNNAMED --add-opens=java.base/sun.nio.fs=ALL-UNNAMED -Declipse.application=org.eclipse.jdt.ls.core.id1 -Dosgi.bundles.defaultStartLevel=4 -Declipse.product=org.eclipse.jdt.ls.core.product -Djava.import.generatesMetadataFilesAtProjectRoot=false -Dm2e.project.cache.size=50 -DDetectVMInstallationsJob.disabled=true -Dfile.encoding=utf8 -XX:+UseParallelGC -XX:GCTimeRatio=4 -XX:AdaptiveSizePolicyWeight=90 -Dsun.zip.disableMemoryMapping=true -Xmx2G -Xms100m -Xlog:disable -javaagent:c:\Users\welcome\.vscode\extensions\redhat.java-1.56.0-win32-x64\lombok\lombok-1.18.39-4050.jar -XX:+HeapDumpOnOutOfMemoryError -XX:HeapDumpPath=c:\Users\welcome\AppData\Roaming\Code\User\workspaceStorage\438089d090c8572c52f170013986077f\redhat.java -Daether.dependencyCollector.impl=bf c:\Users\welcome\.vscode\extensions\redhat.java-1.56.0-win32-x64\server\plugins\org.eclipse.equinox.launcher_1.8.0.v20260804-1928.jar -configuration c:\Users\welcome\AppData\Roaming\Code\User\globalStorage\redhat.java\1.56.0\config_win -data c:\Users\welcome\AppData\Roaming\Code\User\workspaceStorage\438089d090c8572c52f170013986077f\redhat.java\jdt_ws --stdio

Host: Intel(R) Core(TM) i3-7100U CPU @ 2.40GHz, 4 cores, 3G,  Windows 10 , 64 bit Build 19041 (10.0.19041.7725)
Time: Tue Sep 29 10:03:56 2026 India Standard Time elapsed time: 103.849351 seconds (0d 0h 1m 43s)

---------------  T H R E A D  ---------------

Current thread (0x000001b25b8f2990):  JavaThread "C2 CompilerThread0" daemon [_thread_in_native, id=14848, stack(0x00000041acd00000,0x00000041ace00000) (1024K)]


Current CompileTask:
C2:103849 3805       4       java.util.Collections$UnmodifiableCollection::contains (11 bytes)

Stack: [0x00000041acd00000,0x00000041ace00000]
Native frames: (J=compiled Java code, j=interpreted, Vv=VM code, C=native code)
V  [jvm.dll+0x6d83e9]
V  [jvm.dll+0x8b5736]
V  [jvm.dll+0x8b7cee]
V  [jvm.dll+0x8b83d3]
V  [jvm.dll+0x284596]
V  [jvm.dll+0xc685d]
V  [jvm.dll+0xc6da1]
V  [jvm.dll+0x3bf18b]
V  [jvm.dll+0x38b6d2]
V  [jvm.dll+0x38ab1a]
V  [jvm.dll+0x24c700]
V  [jvm.dll+0x24bce0]
V  [jvm.dll+0x1cb4ae]
V  [jvm.dll+0x25baad]
V  [jvm.dll+0x25a03a]
V  [jvm.dll+0x3f8aae]
V  [jvm.dll+0x8600cd]
V  [jvm.dll+0x6d6c1d]
C  [ucrtbase.dll+0x21bb2]
C  [KERNEL32.DLL+0x17384]
C  [ntdll.dll+0x4cc91]


---------------  P R O C E S S  ---------------

Threads class SMR info:
_java_thread_list=0x000001b278581160, length=21, elements={
0x000001b2597318e0, 0x000001b25b8ea080, 0x000001b25b8eb150, 0x000001b25b8ec4a0,
0x000001b25b8ed3c0, 0x000001b25b8ef190, 0x000001b25b8f1c00, 0x000001b25b8f2990,
0x000001b25b96b390, 0x000001b27716e680, 0x000001b2771b05d0, 0x000001b2773acbf0,
0x000001b27746b080, 0x000001b277218060, 0x000001b25b94dd20, 0x000001b2778663f0,
0x000001b2779325b0, 0x000001b277584c10, 0x000001b278aea4e0, 0x000001b278aeab70,
0x000001b278aeb200
}

Java Threads: ( => current thread )
  0x000001b2597318e0 JavaThread "main"                              [_thread_blocked, id=18120, stack(0x00000041ac300000,0x00000041ac400000) (1024K)]
  0x000001b25b8ea080 JavaThread "Reference Handler"          daemon [_thread_blocked, id=688, stack(0x00000041ac700000,0x00000041ac800000) (1024K)]
  0x000001b25b8eb150 JavaThread "Finalizer"                  daemon [_thread_blocked, id=18136, stack(0x00000041ac800000,0x00000041ac900000) (1024K)]
  0x000001b25b8ec4a0 JavaThread "Signal Dispatcher"          daemon [_thread_blocked, id=5852, stack(0x00000041ac900000,0x00000041aca00000) (1024K)]
  0x000001b25b8ed3c0 JavaThread "Attach Listener"            daemon [_thread_blocked, id=16428, stack(0x00000041aca00000,0x00000041acb00000) (1024K)]
  0x000001b25b8ef190 JavaThread "Service Thread"             daemon [_thread_blocked, id=20736, stack(0x00000041acb00000,0x00000041acc00000) (1024K)]
  0x000001b25b8f1c00 JavaThread "Monitor Deflation Thread"   daemon [_thread_blocked, id=22184, stack(0x00000041acc00000,0x00000041acd00000) (1024K)]
=>0x000001b25b8f2990 JavaThread "C2 CompilerThread0"         daemon [_thread_in_native, id=14848, stack(0x00000041acd00000,0x00000041ace00000) (1024K)]
  0x000001b25b96b390 JavaThread "C1 CompilerThread0"         daemon [_thread_in_native, id=19196, stack(0x00000041ace00000,0x00000041acf00000) (1024K)]
  0x000001b27716e680 JavaThread "Common-Cleaner"             daemon [_thread_blocked, id=3044, stack(0x00000041acf00000,0x00000041ad000000) (1024K)]
  0x000001b2771b05d0 JavaThread "Notification Thread"        daemon [_thread_blocked, id=19100, stack(0x00000041ad000000,0x00000041ad100000) (1024K)]
  0x000001b2773acbf0 JavaThread "Active Thread: Equinox Container: 1c869842-9249-431f-b631-b6b57e964ce6"        [_thread_blocked, id=12660, stack(0x00000041ad400000,0x00000041ad500000) (1024K)]
  0x000001b27746b080 JavaThread "Refresh Thread: Equinox Container: 1c869842-9249-431f-b631-b6b57e964ce6" daemon [_thread_blocked, id=11052, stack(0x00000041ad500000,0x00000041ad600000) (1024K)]
  0x000001b277218060 JavaThread "Framework Event Dispatcher: Equinox Container: 1c869842-9249-431f-b631-b6b57e964ce6" daemon [_thread_blocked, id=21028, stack(0x00000041ad600000,0x00000041ad700000) (1024K)]
  0x000001b25b94dd20 JavaThread "Start Level: Equinox Container: 1c869842-9249-431f-b631-b6b57e964ce6" daemon [_thread_in_Java, id=22284, stack(0x00000041ad700000,0x00000041ad800000) (1024K)]
  0x000001b2778663f0 JavaThread "Bundle File Closer"         daemon [_thread_blocked, id=18004, stack(0x00000041ad800000,0x00000041ad900000) (1024K)]
  0x000001b2779325b0 JavaThread "SCR Component Actor"        daemon [_thread_blocked, id=10544, stack(0x00000041ac100000,0x00000041ac200000) (1024K)]
  0x000001b277584c10 JavaThread "Worker-JM"                         [_thread_blocked, id=4636, stack(0x00000041ac200000,0x00000041ac300000) (1024K)]
  0x000001b278aea4e0 JavaThread "JNA Cleaner"                daemon [_thread_blocked, id=21576, stack(0x00000041adb00000,0x00000041adc00000) (1024K)]
  0x000001b278aeab70 JavaThread "Worker-0: Checking project encoding"        [_thread_blocked, id=15396, stack(0x00000041adc00000,0x00000041add00000) (1024K)]
  0x000001b278aeb200 JavaThread "Worker-1"                          [_thread_blocked, id=13812, stack(0x00000041add00000,0x00000041ade00000) (1024K)]
Total: 21

Other Threads:
  0x000001b25b8de040 VMThread "VM Thread"                           [id=21660, stack(0x00000041ac600000,0x00000041ac700000) (1024K)]
  0x000001b25ba6ea80 WatcherThread "VM Periodic Task Thread"        [id=8580, stack(0x00000041ac500000,0x00000041ac600000) (1024K)]
  0x000001b25ba211b0 WorkerThread "GC Thread#0"                     [id=20676, stack(0x00000041ac400000,0x00000041ac500000) (1024K)]
  0x000001b277618ca0 WorkerThread "GC Thread#1"                     [id=9940, stack(0x00000041ad100000,0x00000041ad200000) (1024K)]
  0x000001b27752d330 WorkerThread "GC Thread#2"                     [id=20548, stack(0x00000041ad200000,0x00000041ad300000) (1024K)]
  0x000001b2776488a0 WorkerThread "GC Thread#3"                     [id=11576, stack(0x00000041ad300000,0x00000041ad400000) (1024K)]
Total: 6

Threads with active compile tasks:
C2 CompilerThread0  103905 3805       4       java.util.Collections$UnmodifiableCollection::contains (11 bytes)
C1 CompilerThread0  103905 3814       3       java.lang.invoke.InnerClassLambdaMetafactory::<init> (258 bytes)
Total: 2

VM state: not at safepoint (normal execution)

VM Mutex/Monitor currently owned by a thread: None

Heap address: 0x0000000080000000, size: 2048 MB, Compressed Oops mode: 32-bit

CDS archive(s) mapped at: [0x000001b200000000-0x000001b200ba0000-0x000001b200ba0000), size 12189696, SharedBaseAddress: 0x000001b200000000, ArchiveRelocationMode: 1.
Compressed class space mapped at: 0x000001b201000000-0x000001b241000000, reserved size: 1073741824
Narrow klass base: 0x000001b200000000, Narrow klass shift: 0, Narrow klass range: 0x100000000

GC Precious Log:
 CardTable entry size: 512
 CPUs: 4 total, 4 available
 Memory: 4005M
 Large Page Support: Disabled
 NUMA Support: Disabled
 Compressed Oops: Enabled (32-bit)
 Alignments: Space 512K, Generation 512K, Heap 2M
 Heap Min Capacity: 100M
 Heap Initial Capacity: 100M
 Heap Max Capacity: 2G
 Pre-touch: Disabled
 Parallel Workers: 4

Heap:
 PSYoungGen      total 29696K, used 22011K [0x00000000d5580000, 0x00000000d7900000, 0x0000000100000000)
  eden space 24576K, 68% used [0x00000000d5580000,0x00000000d660d368,0x00000000d6d80000)
  from space 5120K, 98% used [0x00000000d7400000,0x00000000d78f1948,0x00000000d7900000)
  to   space 5632K, 0% used [0x00000000d6e00000,0x00000000d6e00000,0x00000000d7380000)
 ParOldGen       total 68608K, used 8159K [0x0000000080000000, 0x0000000084300000, 0x00000000d5580000)
  object space 68608K, 11% used [0x0000000080000000,0x00000000807f7ff8,0x0000000084300000)
 Metaspace       used 19721K, committed 20544K, reserved 1114112K
  class space    used 2065K, committed 2432K, reserved 1048576K

Card table byte_map: [0x000001b25b3b0000,0x000001b25b7c0000] _byte_map_base: 0x000001b25afb0000

Marking Bits: (ParMarkBitMap*) 0x00007fff86d644a0
 Begin Bits: [0x000001b26dec0000, 0x000001b26fec0000)
 End Bits:   [0x000001b26fec0000, 0x000001b271ec0000)

Polling page: 0x000001b259860000

Metaspace:

Usage:
  Non-class:     17.24 MB used.
      Class:      2.02 MB used.
       Both:     19.26 MB used.

Virtual space:
  Non-class space:       64.00 MB reserved,      17.69 MB ( 28%) committed,  1 nodes.
      Class space:        1.00 GB reserved,       2.38 MB ( <1%) committed,  1 nodes.
             Both:        1.06 GB reserved,      20.06 MB (  2%) committed. 

Chunk freelists:
   Non-Class:  13.61 MB
       Class:  13.52 MB
        Both:  27.12 MB

MaxMetaspaceSize: unlimited
CompressedClassSpaceSize: 1.00 GB
Initial GC threshold: 21.00 MB
Current GC threshold: 21.00 MB
CDS: on
 - commit_granule_bytes: 65536.
 - commit_granule_words: 8192.
 - virtual_space_node_default_size: 8388608.
 - enlarge_chunks_in_place: 1.
 - use_allocation_guard: 0.


Internal statistics:

num_allocs_failed_limit: 0.
num_arena_births: 600.
num_arena_deaths: 0.
num_vsnodes_births: 2.
num_vsnodes_deaths: 0.
num_space_committed: 321.
num_space_uncommitted: 0.
num_chunks_returned_to_freelist: 0.
num_chunks_taken_from_freelist: 1379.
num_chunk_merges: 0.
num_chunk_splits: 855.
num_chunks_enlarged: 524.
num_inconsistent_stats: 0.

CodeHeap 'non-profiled nmethods': size=120000Kb used=1794Kb max_used=1794Kb free=118206Kb
 bounds [0x000001b2666e0000, 0x000001b266950000, 0x000001b26dc10000]
CodeHeap 'profiled nmethods': size=120000Kb used=7898Kb max_used=7898Kb free=112102Kb
 bounds [0x000001b25ec10000, 0x000001b25f3d0000, 0x000001b266140000]
CodeHeap 'non-nmethods': size=5760Kb used=1279Kb max_used=1340Kb free=4480Kb
 bounds [0x000001b266140000, 0x000001b2663b0000, 0x000001b2666e0000]
CodeCache: size=245760Kb, used=10971Kb, max_used=11032Kb, free=234788Kb
 total_blobs=4361, nmethods=3801, adapters=466, full_count=0
Compilation: enabled, stopped_count=0, restarted_count=0

Compilation events (20 events):
Event: 103.796 Thread 0x000001b25b96b390 3796       3       java.util.EventObject::<init> (24 bytes)
Event: 103.796 Thread 0x000001b25b96b390 nmethod 3796 0x000001b25f3be590 code [0x000001b25f3be740, 0x000001b25f3be9c0]
Event: 103.796 Thread 0x000001b25b96b390 3797       3       org.eclipse.core.internal.preferences.EclipsePreferences::internalNode (153 bytes)
Event: 103.799 Thread 0x000001b25b96b390 nmethod 3797 0x000001b25f3beb10 code [0x000001b25f3bef20, 0x000001b25f3c0fa0]
Event: 103.800 Thread 0x000001b25b96b390 3798       3       org.eclipse.core.internal.preferences.EclipsePreferences::node (8 bytes)
Event: 103.800 Thread 0x000001b25b96b390 nmethod 3798 0x000001b25f3c1b10 code [0x000001b25f3c1cc0, 0x000001b25f3c1e98]
Event: 103.802 Thread 0x000001b25b96b390 3799       3       java.lang.reflect.ReflectAccess::getRoot (5 bytes)
Event: 103.802 Thread 0x000001b25b96b390 nmethod 3799 0x000001b25f3c1f90 code [0x000001b25f3c2140, 0x000001b25f3c2318]
Event: 103.802 Thread 0x000001b25b96b390 3800       3       jdk.internal.reflect.MethodHandleAccessorFactory::ensureClassInitialized (18 bytes)
Event: 103.802 Thread 0x000001b25b96b390 nmethod 3800 0x000001b25f3c2410 code [0x000001b25f3c2620, 0x000001b25f3c2a88]
Event: 103.814 Thread 0x000001b25b8f2990 3801   !   4       java.io.RandomAccessFile::seek (42 bytes)
Event: 103.816 Thread 0x000001b25b8f2990 nmethod 3801 0x000001b26689f890 code [0x000001b26689fa40, 0x000001b26689fbc0]
Event: 103.822 Thread 0x000001b25b96b390 3802       1       org.apache.felix.scr.impl.inject.BaseParameter::getComponentContext (5 bytes)
Event: 103.823 Thread 0x000001b25b96b390 nmethod 3802 0x000001b26689fd90 code [0x000001b26689ff20, 0x000001b26689ffe8]
Event: 103.823 Thread 0x000001b25b96b390 3803       1       org.apache.felix.scr.impl.metadata.ReferenceMetadata::isMultiple (5 bytes)
Event: 103.823 Thread 0x000001b25b96b390 nmethod 3803 0x000001b2668a0090 code [0x000001b2668a0220, 0x000001b2668a02f0]
Event: 103.830 Thread 0x000001b25b8f2990 3804       4       java.lang.StringLatin1::indexOf (25 bytes)
Event: 103.831 Thread 0x000001b25b8f2990 nmethod 3804 0x000001b2668a0390 code [0x000001b2668a0520, 0x000001b2668a0730]
Event: 103.831 Thread 0x000001b25b8f2990 3805       4       java.util.Collections$UnmodifiableCollection::contains (11 bytes)
Event: 103.836 Thread 0x000001b25b96b390 3808       3       org.eclipse.osgi.storage.bundlefile.NestedDirBundleFile::filterPath (67 bytes)

GC Heap History (12 events):
Event: 5.021 GC heap before
{Heap before GC invocations=1 (full 0):
 PSYoungGen      total 29696K, used 25600K [0x00000000d5580000, 0x00000000d7680000, 0x0000000100000000)
  eden space 25600K, 100% used [0x00000000d5580000,0x00000000d6e80000,0x00000000d6e80000)
  from space 4096K, 0% used [0x00000000d7280000,0x00000000d7280000,0x00000000d7680000)
  to   space 4096K, 0% used [0x00000000d6e80000,0x00000000d6e80000,0x00000000d7280000)
 ParOldGen       total 68608K, used 0K [0x0000000080000000, 0x0000000084300000, 0x00000000d5580000)
  object space 68608K, 0% used [0x0000000080000000,0x0000000080000000,0x0000000084300000)
 Metaspace       used 4362K, committed 4608K, reserved 1114112K
  class space    used 475K, committed 576K, reserved 1048576K
}
Event: 5.090 GC heap after
{Heap after GC invocations=1 (full 0):
 PSYoungGen      total 29696K, used 3280K [0x00000000d5580000, 0x00000000d7680000, 0x0000000100000000)
  eden space 25600K, 0% used [0x00000000d5580000,0x00000000d5580000,0x00000000d6e80000)
  from space 4096K, 80% used [0x00000000d6e80000,0x00000000d71b4148,0x00000000d7280000)
  to   space 4096K, 0% used [0x00000000d7280000,0x00000000d7280000,0x00000000d7680000)
 ParOldGen       total 68608K, used 0K [0x0000000080000000, 0x0000000084300000, 0x00000000d5580000)
  object space 68608K, 0% used [0x0000000080000000,0x0000000080000000,0x0000000084300000)
 Metaspace       used 4362K, committed 4608K, reserved 1114112K
  class space    used 475K, committed 576K, reserved 1048576K
}
Event: 10.711 GC heap before
{Heap before GC invocations=2 (full 0):
 PSYoungGen      total 29696K, used 28880K [0x00000000d5580000, 0x00000000d7680000, 0x0000000100000000)
  eden space 25600K, 100% used [0x00000000d5580000,0x00000000d6e80000,0x00000000d6e80000)
  from space 4096K, 80% used [0x00000000d6e80000,0x00000000d71b4148,0x00000000d7280000)
  to   space 4096K, 0% used [0x00000000d7280000,0x00000000d7280000,0x00000000d7680000)
 ParOldGen       total 68608K, used 0K [0x0000000080000000, 0x0000000084300000, 0x00000000d5580000)
  object space 68608K, 0% used [0x0000000080000000,0x0000000080000000,0x0000000084300000)
 Metaspace       used 8052K, committed 8320K, reserved 1114112K
  class space    used 833K, committed 960K, reserved 1048576K
}
Event: 10.722 GC heap after
{Heap after GC invocations=2 (full 0):
 PSYoungGen      total 29696K, used 4070K [0x00000000d5580000, 0x00000000d7680000, 0x0000000100000000)
  eden space 25600K, 0% used [0x00000000d5580000,0x00000000d5580000,0x00000000d6e80000)
  from space 4096K, 99% used [0x00000000d7280000,0x00000000d7679800,0x00000000d7680000)
  to   space 4096K, 0% used [0x00000000d6e80000,0x00000000d6e80000,0x00000000d7280000)
 ParOldGen       total 68608K, used 2033K [0x0000000080000000, 0x0000000084300000, 0x00000000d5580000)
  object space 68608K, 2% used [0x0000000080000000,0x00000000801fc6a8,0x0000000084300000)
 Metaspace       used 8052K, committed 8320K, reserved 1114112K
  class space    used 833K, committed 960K, reserved 1048576K
}
Event: 20.206 GC heap before
{Heap before GC invocations=3 (full 0):
 PSYoungGen      total 29696K, used 29624K [0x00000000d5580000, 0x00000000d7680000, 0x0000000100000000)
  eden space 25600K, 99% used [0x00000000d5580000,0x00000000d6e74800,0x00000000d6e80000)
  from space 4096K, 99% used [0x00000000d7280000,0x00000000d7679800,0x00000000d7680000)
  to   space 4096K, 0% used [0x00000000d6e80000,0x00000000d6e80000,0x00000000d7280000)
 ParOldGen       total 68608K, used 2033K [0x0000000080000000, 0x0000000084300000, 0x00000000d5580000)
  object space 68608K, 2% used [0x0000000080000000,0x00000000801fc6a8,0x0000000084300000)
 Metaspace       used 9517K, committed 9792K, reserved 1114112K
  class space    used 1010K, committed 1152K, reserved 1048576K
}
Event: 20.215 GC heap after
{Heap after GC invocations=3 (full 0):
 PSYoungGen      total 29696K, used 4073K [0x00000000d5580000, 0x00000000d7680000, 0x0000000100000000)
  eden space 25600K, 0% used [0x00000000d5580000,0x00000000d5580000,0x00000000d6e80000)
  from space 4096K, 99% used [0x00000000d6e80000,0x00000000d727a698,0x00000000d7280000)
  to   space 4096K, 0% used [0x00000000d7280000,0x00000000d7280000,0x00000000d7680000)
 ParOldGen       total 68608K, used 4710K [0x0000000080000000, 0x0000000084300000, 0x00000000d5580000)
  object space 68608K, 6% used [0x0000000080000000,0x0000000080499b50,0x0000000084300000)
 Metaspace       used 9517K, committed 9792K, reserved 1114112K
  class space    used 1010K, committed 1152K, reserved 1048576K
}
Event: 80.355 GC heap before
{Heap before GC invocations=4 (full 0):
 PSYoungGen      total 29696K, used 29673K [0x00000000d5580000, 0x00000000d7680000, 0x0000000100000000)
  eden space 25600K, 100% used [0x00000000d5580000,0x00000000d6e80000,0x00000000d6e80000)
  from space 4096K, 99% used [0x00000000d6e80000,0x00000000d727a698,0x00000000d7280000)
  to   space 4096K, 0% used [0x00000000d7280000,0x00000000d7280000,0x00000000d7680000)
 ParOldGen       total 68608K, used 4710K [0x0000000080000000, 0x0000000084300000, 0x00000000d5580000)
  object space 68608K, 6% used [0x0000000080000000,0x0000000080499b50,0x0000000084300000)
 Metaspace       used 11234K, committed 11584K, reserved 1114112K
  class space    used 1156K, committed 1344K, reserved 1048576K
}
Event: 80.389 GC heap after
{Heap after GC invocations=4 (full 0):
 PSYoungGen      total 29696K, used 4089K [0x00000000d5580000, 0x00000000d7680000, 0x0000000100000000)
  eden space 25600K, 0% used [0x00000000d5580000,0x00000000d5580000,0x00000000d6e80000)
  from space 4096K, 99% used [0x00000000d7280000,0x00000000d767e630,0x00000000d7680000)
  to   space 4096K, 0% used [0x00000000d6e80000,0x00000000d6e80000,0x00000000d7280000)
 ParOldGen       total 68608K, used 7063K [0x0000000080000000, 0x0000000084300000, 0x00000000d5580000)
  object space 68608K, 10% used [0x0000000080000000,0x00000000806e5fb8,0x0000000084300000)
 Metaspace       used 11234K, committed 11584K, reserved 1114112K
  class space    used 1156K, committed 1344K, reserved 1048576K
}
Event: 95.437 GC heap before
{Heap before GC invocations=5 (full 0):
 PSYoungGen      total 29696K, used 29689K [0x00000000d5580000, 0x00000000d7680000, 0x0000000100000000)
  eden space 25600K, 100% used [0x00000000d5580000,0x00000000d6e80000,0x00000000d6e80000)
  from space 4096K, 99% used [0x00000000d7280000,0x00000000d767e630,0x00000000d7680000)
  to   space 4096K, 0% used [0x00000000d6e80000,0x00000000d6e80000,0x00000000d7280000)
 ParOldGen       total 68608K, used 7063K [0x0000000080000000, 0x0000000084300000, 0x00000000d5580000)
  object space 68608K, 10% used [0x0000000080000000,0x00000000806e5fb8,0x0000000084300000)
 Metaspace       used 15162K, committed 15744K, reserved 1114112K
  class space    used 1555K, committed 1792K, reserved 1048576K
}
Event: 95.556 GC heap after
{Heap after GC invocations=5 (full 0):
 PSYoungGen      total 29184K, used 4082K [0x00000000d5580000, 0x00000000d7a00000, 0x0000000100000000)
  eden space 25088K, 0% used [0x00000000d5580000,0x00000000d5580000,0x00000000d6e00000)
  from space 4096K, 99% used [0x00000000d6e80000,0x00000000d727ca88,0x00000000d7280000)
  to   space 6144K, 0% used [0x00000000d7400000,0x00000000d7400000,0x00000000d7a00000)
 ParOldGen       total 68608K, used 8151K [0x0000000080000000, 0x0000000084300000, 0x00000000d5580000)
  object space 68608K, 11% used [0x0000000080000000,0x00000000807f5ff8,0x0000000084300000)
 Metaspace       used 15162K, committed 15744K, reserved 1114112K
  class space    used 1555K, committed 1792K, reserved 1048576K
}
Event: 98.931 GC heap before
{Heap before GC invocations=6 (full 0):
 PSYoungGen      total 29184K, used 29170K [0x00000000d5580000, 0x00000000d7a00000, 0x0000000100000000)
  eden space 25088K, 100% used [0x00000000d5580000,0x00000000d6e00000,0x00000000d6e00000)
  from space 4096K, 99% used [0x00000000d6e80000,0x00000000d727ca88,0x00000000d7280000)
  to   space 6144K, 0% used [0x00000000d7400000,0x00000000d7400000,0x00000000d7a00000)
 ParOldGen       total 68608K, used 8151K [0x0000000080000000, 0x0000000084300000, 0x00000000d5580000)
  object space 68608K, 11% used [0x0000000080000000,0x00000000807f5ff8,0x0000000084300000)
 Metaspace       used 18692K, committed 19520K, reserved 1114112K
  class space    used 1949K, committed 2304K, reserved 1048576K
}
Event: 98.945 GC heap after
{Heap after GC invocations=6 (full 0):
 PSYoungGen      total 29696K, used 5062K [0x00000000d5580000, 0x00000000d7900000, 0x0000000100000000)
  eden space 24576K, 0% used [0x00000000d5580000,0x00000000d5580000,0x00000000d6d80000)
  from space 5120K, 98% used [0x00000000d7400000,0x00000000d78f1948,0x00000000d7900000)
  to   space 5632K, 0% used [0x00000000d6e00000,0x00000000d6e00000,0x00000000d7380000)
 ParOldGen       total 68608K, used 8159K [0x0000000080000000, 0x0000000084300000, 0x00000000d5580000)
  object space 68608K, 11% used [0x0000000080000000,0x00000000807f7ff8,0x0000000084300000)
 Metaspace       used 18692K, committed 19520K, reserved 1114112K
  class space    used 1949K, committed 2304K, reserved 1048576K
}

Dll operation events (20 events):
Event: 0.090 Attempting to load shared library c:\Users\welcome\.vscode\extensions\redhat.java-1.56.0-win32-x64\jre\21.0.12.1-win32-x86_64\bin\java.dll
Event: 0.090 Loaded shared library c:\Users\welcome\.vscode\extensions\redhat.java-1.56.0-win32-x64\jre\21.0.12.1-win32-x86_64\bin\java.dll
Event: 0.615 Attempting to load shared library c:\Users\welcome\.vscode\extensions\redhat.java-1.56.0-win32-x64\jre\21.0.12.1-win32-x86_64\bin\zip.dll
Event: 0.616 Loaded shared library c:\Users\welcome\.vscode\extensions\redhat.java-1.56.0-win32-x64\jre\21.0.12.1-win32-x86_64\bin\zip.dll
Event: 0.805 Attempting to load shared library C:\Users\welcome\.vscode\extensions\redhat.java-1.56.0-win32-x64\jre\21.0.12.1-win32-x86_64\bin\instrument.dll
Event: 0.805 Loaded shared library C:\Users\welcome\.vscode\extensions\redhat.java-1.56.0-win32-x64\jre\21.0.12.1-win32-x86_64\bin\instrument.dll
Event: 0.833 Attempting to load shared library C:\Users\welcome\.vscode\extensions\redhat.java-1.56.0-win32-x64\jre\21.0.12.1-win32-x86_64\bin\net.dll
Event: 0.837 Loaded shared library C:\Users\welcome\.vscode\extensions\redhat.java-1.56.0-win32-x64\jre\21.0.12.1-win32-x86_64\bin\net.dll
Event: 0.842 Attempting to load shared library C:\Users\welcome\.vscode\extensions\redhat.java-1.56.0-win32-x64\jre\21.0.12.1-win32-x86_64\bin\nio.dll
Event: 0.842 Loaded shared library C:\Users\welcome\.vscode\extensions\redhat.java-1.56.0-win32-x64\jre\21.0.12.1-win32-x86_64\bin\nio.dll
Event: 0.848 Attempting to load shared library C:\Users\welcome\.vscode\extensions\redhat.java-1.56.0-win32-x64\jre\21.0.12.1-win32-x86_64\bin\zip.dll
Event: 0.848 Loaded shared library C:\Users\welcome\.vscode\extensions\redhat.java-1.56.0-win32-x64\jre\21.0.12.1-win32-x86_64\bin\zip.dll
Event: 0.948 Attempting to load shared library C:\Users\welcome\.vscode\extensions\redhat.java-1.56.0-win32-x64\jre\21.0.12.1-win32-x86_64\bin\jimage.dll
Event: 0.948 Loaded shared library C:\Users\welcome\.vscode\extensions\redhat.java-1.56.0-win32-x64\jre\21.0.12.1-win32-x86_64\bin\jimage.dll
Event: 1.330 Attempting to load shared library c:\Users\welcome\.vscode\extensions\redhat.java-1.56.0-win32-x64\jre\21.0.12.1-win32-x86_64\bin\verify.dll
Event: 1.418 Loaded shared library c:\Users\welcome\.vscode\extensions\redhat.java-1.56.0-win32-x64\jre\21.0.12.1-win32-x86_64\bin\verify.dll
Event: 11.023 Attempting to load shared library C:\Users\welcome\AppData\Roaming\Code\User\globalStorage\redhat.java\1.56.0\config_win\org.eclipse.equinox.launcher\org.eclipse.equinox.launcher.win32.win32.x86_64_1.3.100.v20260804-1928\eclipse_11924.dll
Event: 11.027 Loaded shared library C:\Users\welcome\AppData\Roaming\Code\User\globalStorage\redhat.java\1.56.0\config_win\org.eclipse.equinox.launcher\org.eclipse.equinox.launcher.win32.win32.x86_64_1.3.100.v20260804-1928\eclipse_11924.dll
Event: 96.838 Attempting to load shared library C:\Users\welcome\AppData\Local\Temp\jna-1233099618\jna6772725440016726309.dll
Event: 97.508 Loaded shared library C:\Users\welcome\AppData\Local\Temp\jna-1233099618\jna6772725440016726309.dll

Deoptimization events (20 events):
Event: 101.645 Thread 0x000001b2773acbf0 Uncommon trap: trap_request=0xffffffde fr.pc=0x000001b26687d41c relative=0x00000000000003dc
Event: 101.645 Thread 0x000001b2773acbf0 Uncommon trap: reason=class_check action=maybe_recompile pc=0x000001b26687d41c method=java.io.DataOutputStream.writeInt(I)V @ 19 c2
Event: 101.645 Thread 0x000001b2773acbf0 DEOPT PACKING pc=0x000001b26687d41c sp=0x00000041ad4feab0
Event: 101.645 Thread 0x000001b2773acbf0 DEOPT UNPACKING pc=0x000001b266193aa2 sp=0x00000041ad4fea58 mode 2
Event: 101.645 Thread 0x000001b2773acbf0 Uncommon trap: trap_request=0xffffffde fr.pc=0x000001b26687d41c relative=0x00000000000003dc
Event: 101.645 Thread 0x000001b2773acbf0 Uncommon trap: reason=class_check action=maybe_recompile pc=0x000001b26687d41c method=java.io.DataOutputStream.writeInt(I)V @ 19 c2
Event: 101.645 Thread 0x000001b2773acbf0 DEOPT PACKING pc=0x000001b26687d41c sp=0x00000041ad4feab0
Event: 101.645 Thread 0x000001b2773acbf0 DEOPT UNPACKING pc=0x000001b266193aa2 sp=0x00000041ad4fea58 mode 2
Event: 101.645 Thread 0x000001b2773acbf0 Uncommon trap: trap_request=0xffffffde fr.pc=0x000001b26687d41c relative=0x00000000000003dc
Event: 101.645 Thread 0x000001b2773acbf0 Uncommon trap: reason=class_check action=maybe_recompile pc=0x000001b26687d41c method=java.io.DataOutputStream.writeInt(I)V @ 19 c2
Event: 101.645 Thread 0x000001b2773acbf0 DEOPT PACKING pc=0x000001b26687d41c sp=0x00000041ad4feab0
Event: 101.645 Thread 0x000001b2773acbf0 DEOPT UNPACKING pc=0x000001b266193aa2 sp=0x00000041ad4fea58 mode 2
Event: 101.645 Thread 0x000001b2773acbf0 Uncommon trap: trap_request=0xffffff45 fr.pc=0x000001b2668011b8 relative=0x0000000000005178
Event: 101.645 Thread 0x000001b2773acbf0 Uncommon trap: reason=unstable_if action=reinterpret pc=0x000001b2668011b8 method=java.util.Collections$UnmodifiableMap.entrySet()Ljava/util/Set; @ 4 c2
Event: 101.645 Thread 0x000001b2773acbf0 DEOPT PACKING pc=0x000001b2668011b8 sp=0x00000041ad4fe990
Event: 101.645 Thread 0x000001b2773acbf0 DEOPT UNPACKING pc=0x000001b266193aa2 sp=0x00000041ad4fe918 mode 2
Event: 102.372 Thread 0x000001b25b94dd20 Uncommon trap: trap_request=0xffffff45 fr.pc=0x000001b26681c718 relative=0x0000000000000078
Event: 102.372 Thread 0x000001b25b94dd20 Uncommon trap: reason=unstable_if action=reinterpret pc=0x000001b26681c718 method=java.util.concurrent.Semaphore$Sync.nonfairTryAcquireShared(I)I @ 10 c2
Event: 102.372 Thread 0x000001b25b94dd20 DEOPT PACKING pc=0x000001b26681c718 sp=0x00000041ad7f2e20
Event: 102.372 Thread 0x000001b25b94dd20 DEOPT UNPACKING pc=0x000001b266193aa2 sp=0x00000041ad7f2da0 mode 2

Classes loaded (20 events):
Event: 97.917 Loading class java/lang/ThreadDeath
Event: 97.917 Loading class java/lang/ThreadDeath done
Event: 98.204 Loading class java/util/stream/SortedOps$SizedRefSortingSink
Event: 98.205 Loading class java/util/stream/SortedOps$SizedRefSortingSink done
Event: 98.400 Loading class java/util/concurrent/atomic/Striped64$1
Event: 98.400 Loading class java/util/concurrent/atomic/Striped64$1 done
Event: 98.570 Loading class java/util/BitSet
Event: 98.571 Loading class java/util/BitSet done
Event: 98.597 Loading class sun/net/www/protocol/jrt/JavaRuntimeURLConnection
Event: 98.598 Loading class sun/net/www/protocol/jrt/JavaRuntimeURLConnection done
Event: 98.600 Loading class sun/net/www/protocol/jrt/JavaRuntimeURLConnection$1
Event: 98.600 Loading class sun/net/www/protocol/jrt/JavaRuntimeURLConnection$1 done
Event: 98.658 Loading class java/util/function/UnaryOperator
Event: 98.658 Loading class java/util/function/UnaryOperator done
Event: 98.661 Loading class java/util/ServiceConfigurationError
Event: 98.661 Loading class java/util/ServiceConfigurationError done
Event: 98.695 Loading class java/lang/InheritableThreadLocal
Event: 98.696 Loading class java/lang/InheritableThreadLocal done
Event: 103.766 Loading class java/lang/StackTraceElement$HashedModules
Event: 103.767 Loading class java/lang/StackTraceElement$HashedModules done

Classes unloaded (0 events):
No events

Classes redefined (0 events):
No events

Internal exceptions (20 events):
Event: 97.583 Thread 0x000001b25b94dd20 Exception <a 'java/lang/NoSuchMethodError'{0x00000000d5fe53d8}: 'void java.lang.invoke.DelegatingMethodHandle$Holder.reinvoke_L(java.lang.Object, java.lang.Object, int)'> (0x00000000d5fe53d8) 
thrown [s\src\hotspot\share\interpreter\linkResolver.cpp, line 773]
Event: 97.584 Thread 0x000001b25b94dd20 Exception <a 'java/lang/NoSuchMethodError'{0x00000000d5fec0c0}: 'int java.lang.invoke.Invokers$Holder.invokeExact_MT(java.lang.Object, java.lang.Object, java.lang.Object)'> (0x00000000d5fec0c0) 
thrown [s\src\hotspot\share\interpreter\linkResolver.cpp, line 773]
Event: 97.666 Thread 0x000001b25b94dd20 Exception <a 'java/lang/NoSuchMethodError'{0x00000000d60b0bb8}: method resolution failed> (0x00000000d60b0bb8) 
thrown [s\src\hotspot\share\prims\methodHandles.cpp, line 1136]
Event: 97.693 Thread 0x000001b25b94dd20 Exception <a 'java/lang/NoSuchMethodError'{0x00000000d611e188}: 'void java.lang.invoke.Invokers$Holder.invokeExact_MT(java.lang.Object, java.lang.Object, int, java.lang.Object)'> (0x00000000d611e188) 
thrown [s\src\hotspot\share\interpreter\linkResolver.cpp, line 773]
Event: 97.912 Thread 0x000001b25b94dd20 Exception <a 'java/lang/NoSuchMethodError'{0x00000000d624e118}: 'java.lang.Object java.lang.invoke.DirectMethodHandle$Holder.invokeSpecial(java.lang.Object, java.lang.Object, java.lang.Object, long, java.lang.Object)'> (0x00000000d624e118) 
thrown [s\src\hotspot\share\interpreter\linkResolver.cpp, line 773]
Event: 97.913 Thread 0x000001b25b94dd20 Exception <a 'java/lang/NoSuchMethodError'{0x00000000d6255960}: 'java.lang.Object java.lang.invoke.DirectMethodHandle$Holder.newInvokeSpecial(java.lang.Object, java.lang.Object, java.lang.Object, long)'> (0x00000000d6255960) 
thrown [s\src\hotspot\share\interpreter\linkResolver.cpp, line 773]
Event: 97.914 Thread 0x000001b25b94dd20 Exception <a 'java/lang/NoSuchMethodError'{0x00000000d625a150}: 'java.lang.Object java.lang.invoke.DirectMethodHandle$Holder.invokeSpecial(java.lang.Object, java.lang.Object, java.lang.Object, java.lang.Object, long)'> (0x00000000d625a150) 
thrown [s\src\hotspot\share\interpreter\linkResolver.cpp, line 773]
Event: 97.915 Thread 0x000001b25b94dd20 Exception <a 'java/lang/NoSuchMethodError'{0x00000000d625dd70}: 'java.lang.Object java.lang.invoke.Invokers$Holder.linkToTargetMethod(java.lang.Object, java.lang.Object, long, java.lang.Object)'> (0x00000000d625dd70) 
thrown [s\src\hotspot\share\interpreter\linkResolver.cpp, line 773]
Event: 98.200 Thread 0x000001b25b94dd20 Exception <a 'java/lang/NoSuchMethodError'{0x00000000d62bea20}: 'int java.lang.invoke.DirectMethodHandle$Holder.invokeStaticInit(java.lang.Object, java.lang.Object, java.lang.Object)'> (0x00000000d62bea20) 
thrown [s\src\hotspot\share\interpreter\linkResolver.cpp, line 773]
Event: 98.285 Thread 0x000001b25b94dd20 Exception <a 'java/lang/IncompatibleClassChangeError'{0x00000000d636c6c0}: Found class java.lang.Object, but interface was expected> (0x00000000d636c6c0) 
thrown [s\src\hotspot\share\interpreter\linkResolver.cpp, line 840]
Event: 98.302 Thread 0x000001b25b94dd20 Exception <a 'java/lang/NoSuchMethodError'{0x00000000d63818a8}: 'java.lang.Object java.lang.invoke.DirectMethodHandle$Holder.invokeSpecial(java.lang.Object, java.lang.Object, java.lang.Object, int, java.lang.Object, java.lang.Object)'> (0x00000000d63818a8) 
thrown [s\src\hotspot\share\interpreter\linkResolver.cpp, line 773]
Event: 98.303 Thread 0x000001b25b94dd20 Exception <a 'java/lang/NoSuchMethodError'{0x00000000d63891b0}: 'java.lang.Object java.lang.invoke.DirectMethodHandle$Holder.newInvokeSpecial(java.lang.Object, java.lang.Object, java.lang.Object, int, java.lang.Object)'> (0x00000000d63891b0) 
thrown [s\src\hotspot\share\interpreter\linkResolver.cpp, line 773]
Event: 98.303 Thread 0x000001b25b94dd20 Exception <a 'java/lang/NoSuchMethodError'{0x00000000d63a2248}: 'java.lang.Object java.lang.invoke.DirectMethodHandle$Holder.invokeSpecial(java.lang.Object, java.lang.Object, java.lang.Object, java.lang.Object, int, java.lang.Object)'> (0x00000000d63a2248) 
thrown [s\src\hotspot\share\interpreter\linkResolver.cpp, line 773]
Event: 98.304 Thread 0x000001b25b94dd20 Exception <a 'java/lang/NoSuchMethodError'{0x00000000d63a5d78}: 'java.lang.Object java.lang.invoke.Invokers$Holder.linkToTargetMethod(java.lang.Object, java.lang.Object, int, java.lang.Object, java.lang.Object)'> (0x00000000d63a5d78) 
thrown [s\src\hotspot\share\interpreter\linkResolver.cpp, line 773]
Event: 98.307 Thread 0x000001b278aeab70 Exception <a 'java/lang/NoSuchMethodError'{0x00000000d638a648}: 'java.lang.Object java.lang.invoke.DirectMethodHandle$Holder.invokeSpecial(java.lang.Object, java.lang.Object, int, java.lang.Object, java.lang.Object)'> (0x00000000d638a648) 
thrown [s\src\hotspot\share\interpreter\linkResolver.cpp, line 773]
Event: 98.406 Thread 0x000001b25b94dd20 Exception <a 'java/lang/NoSuchMethodError'{0x00000000d64a9460}: 'void java.lang.invoke.DirectMethodHandle$Holder.invokeSpecial(java.lang.Object, java.lang.Object, java.lang.Object, java.lang.Object, java.lang.Object)'> (0x00000000d64a9460) 
thrown [s\src\hotspot\share\interpreter\linkResolver.cpp, line 773]
Event: 98.842 Thread 0x000001b25b94dd20 Exception <a 'java/lang/NoSuchMethodError'{0x00000000d6c603b0}: 'java.lang.Object java.lang.invoke.DirectMethodHandle$Holder.invokeInterface(java.lang.Object, java.lang.Object, java.lang.Object)'> (0x00000000d6c603b0) 
thrown [s\src\hotspot\share\interpreter\linkResolver.cpp, line 773]
Event: 102.469 Thread 0x000001b25b94dd20 Exception <a 'java/lang/NoSuchMethodError'{0x00000000d5bce120}: 'java.lang.Object java.lang.invoke.Invokers$Holder.linkToTargetMethod(java.lang.Object, long, java.lang.Object, java.lang.Object)'> (0x00000000d5bce120) 
thrown [s\src\hotspot\share\interpreter\linkResolver.cpp, line 773]
Event: 103.783 Thread 0x000001b25b94dd20 Exception <a 'java/io/FileNotFoundException'{0x00000000d63aea58}> (0x00000000d63aea58) 
thrown [s\src\hotspot\share\prims\jni.cpp, line 520]
Event: 103.785 Thread 0x000001b25b94dd20 Exception <a 'java/lang/NoSuchMethodError'{0x00000000d63b7098}: 'java.lang.Object java.lang.invoke.DirectMethodHandle$Holder.newInvokeSpecial(java.lang.Object, int, java.lang.Object, java.lang.Object)'> (0x00000000d63b7098) 
thrown [s\src\hotspot\share\interpreter\linkResolver.cpp, line 773]

ZGC Phase Switch (0 events):
No events

VM Operations (20 events):
Event: 98.601 Executing non-safepoint VM operation: HandshakeAllThreads (Deoptimize)
Event: 98.601 Executing non-safepoint VM operation: HandshakeAllThreads (Deoptimize) done
Event: 98.601 Executing safepoint VM operation: Cleanup
Event: 98.601 Executing safepoint VM operation: Cleanup done
Event: 98.710 Executing non-safepoint VM operation: HandshakeAllThreads (Deoptimize)
Event: 98.710 Executing non-safepoint VM operation: HandshakeAllThreads (Deoptimize) done
Event: 98.726 Executing non-safepoint VM operation: HandshakeAllThreads (Deoptimize)
Event: 98.726 Executing non-safepoint VM operation: HandshakeAllThreads (Deoptimize) done
Event: 98.756 Executing non-safepoint VM operation: HandshakeAllThreads (Deoptimize)
Event: 98.756 Executing non-safepoint VM operation: HandshakeAllThreads (Deoptimize) done
Event: 98.931 Executing safepoint VM operation: ParallelGCFailedAllocation (Allocation Failure)
Event: 98.946 Executing safepoint VM operation: ParallelGCFailedAllocation (Allocation Failure) done
Event: 99.947 Executing safepoint VM operation: Cleanup
Event: 99.948 Executing safepoint VM operation: Cleanup done
Event: 100.953 Executing safepoint VM operation: Cleanup
Event: 100.953 Executing safepoint VM operation: Cleanup done
Event: 101.962 Executing safepoint VM operation: Cleanup
Event: 101.962 Executing safepoint VM operation: Cleanup done
Event: 102.970 Executing safepoint VM operation: Cleanup
Event: 103.350 Executing safepoint VM operation: Cleanup done

Memory protections (0 events):
No events

Nmethod flushes (0 events):
No events

Events (20 events):
Event: 0.295 Thread 0x000001b2597318e0 Thread added: 0x000001b25b8ea080
Event: 0.296 Thread 0x000001b2597318e0 Thread added: 0x000001b25b8eb150
Event: 0.297 Thread 0x000001b2597318e0 Thread added: 0x000001b25b8ec4a0
Event: 0.297 Thread 0x000001b2597318e0 Thread added: 0x000001b25b8ed3c0
Event: 0.297 Thread 0x000001b2597318e0 Thread added: 0x000001b25b8ef190
Event: 0.297 Thread 0x000001b2597318e0 Thread added: 0x000001b25b8f1c00
Event: 0.298 Thread 0x000001b2597318e0 Thread added: 0x000001b25b8f2990
Event: 0.328 Thread 0x000001b2597318e0 Thread added: 0x000001b25b96b390
Event: 0.822 Thread 0x000001b2597318e0 Thread added: 0x000001b27716e680
Event: 1.978 Thread 0x000001b2597318e0 Thread added: 0x000001b2771b05d0
Event: 7.935 Thread 0x000001b2597318e0 Thread added: 0x000001b2773acbf0
Event: 10.830 Thread 0x000001b2597318e0 Thread added: 0x000001b27746b080
Event: 11.569 Thread 0x000001b27746b080 Thread added: 0x000001b277218060
Event: 11.719 Thread 0x000001b2597318e0 Thread added: 0x000001b25b94dd20
Event: 21.291 Thread 0x000001b25b94dd20 Thread added: 0x000001b2778663f0
Event: 74.586 Thread 0x000001b25b94dd20 Thread added: 0x000001b2779325b0
Event: 88.962 Thread 0x000001b25b94dd20 Thread added: 0x000001b277584c10
Event: 97.598 Thread 0x000001b25b94dd20 Thread added: 0x000001b278aea4e0
Event: 98.186 Thread 0x000001b25b94dd20 Thread added: 0x000001b278aeab70
Event: 98.306 Thread 0x000001b25b94dd20 Thread added: 0x000001b278aeb200


Dynamic libraries:
0x00007ff784f00000 - 0x00007ff784f0e000 	c:\Users\welcome\.vscode\extensions\redhat.java-1.56.0-win32-x64\jre\21.0.12.1-win32-x86_64\bin\java.exe
0x00007fffc4bd0000 - 0x00007fffc4dc9000 	C:\Windows\SYSTEM32\ntdll.dll
0x00007fffc3a60000 - 0x00007fffc3b22000 	C:\Windows\System32\KERNEL32.DLL
0x00007fffc25d0000 - 0x00007fffc28c7000 	C:\Windows\System32\KERNELBASE.dll
0x00007fffc2a30000 - 0x00007fffc2b30000 	C:\Windows\System32\ucrtbase.dll
0x00007fffbedd0000 - 0x00007fffbede8000 	c:\Users\welcome\.vscode\extensions\redhat.java-1.56.0-win32-x64\jre\21.0.12.1-win32-x86_64\bin\jli.dll
0x00007fffc3560000 - 0x00007fffc36fd000 	C:\Windows\System32\USER32.dll
0x00007fffc2b80000 - 0x00007fffc2ba2000 	C:\Windows\System32\win32u.dll
0x00007fffc3b90000 - 0x00007fffc3bbb000 	C:\Windows\System32\GDI32.dll
0x00007fffc22c0000 - 0x00007fffc23da000 	C:\Windows\System32\gdi32full.dll
0x00007fffc2220000 - 0x00007fffc22bd000 	C:\Windows\System32\msvcp_win.dll
0x00007fffbedb0000 - 0x00007fffbedce000 	c:\Users\welcome\.vscode\extensions\redhat.java-1.56.0-win32-x64\jre\21.0.12.1-win32-x86_64\bin\VCRUNTIME140.dll
0x00007fffaf7a0000 - 0x00007fffafa3b000 	C:\Windows\WinSxS\amd64_microsoft.windows.common-controls_6595b64144ccf1df_6.0.19041.7663_none_60b9ed0b71f50c93\COMCTL32.dll
0x00007fffc3940000 - 0x00007fffc39de000 	C:\Windows\System32\msvcrt.dll
0x00007fffc3910000 - 0x00007fffc393f000 	C:\Windows\System32\IMM32.DLL
0x00007fffbe7d0000 - 0x00007fffbe7dc000 	c:\Users\welcome\.vscode\extensions\redhat.java-1.56.0-win32-x64\jre\21.0.12.1-win32-x86_64\bin\vcruntime140_1.dll
0x00007fffab420000 - 0x00007fffab4ad000 	c:\Users\welcome\.vscode\extensions\redhat.java-1.56.0-win32-x64\jre\21.0.12.1-win32-x86_64\bin\msvcp140.dll
0x00007fff860a0000 - 0x00007fff86e42000 	c:\Users\welcome\.vscode\extensions\redhat.java-1.56.0-win32-x64\jre\21.0.12.1-win32-x86_64\bin\server\jvm.dll
0x00007fffc4ad0000 - 0x00007fffc4b82000 	C:\Windows\System32\ADVAPI32.dll
0x00007fffc3400000 - 0x00007fffc34a0000 	C:\Windows\System32\sechost.dll
0x00007fffc37e0000 - 0x00007fffc3906000 	C:\Windows\System32\RPCRT4.dll
0x00007fffc2460000 - 0x00007fffc2487000 	C:\Windows\System32\bcrypt.dll
0x00007fffc39e0000 - 0x00007fffc3a53000 	C:\Windows\System32\WS2_32.dll
0x00007fffc2070000 - 0x00007fffc20bb000 	C:\Windows\SYSTEM32\POWRPROF.dll
0x00007fffad060000 - 0x00007fffad087000 	C:\Windows\SYSTEM32\WINMM.dll
0x00007fffbb7b0000 - 0x00007fffbb7ba000 	C:\Windows\SYSTEM32\VERSION.dll
0x00007fffc2050000 - 0x00007fffc2062000 	C:\Windows\SYSTEM32\UMPDC.dll
0x00007fffc0030000 - 0x00007fffc0042000 	C:\Windows\SYSTEM32\kernel.appcore.dll
0x00007fffbe7c0000 - 0x00007fffbe7ca000 	c:\Users\welcome\.vscode\extensions\redhat.java-1.56.0-win32-x64\jre\21.0.12.1-win32-x86_64\bin\jimage.dll
0x00007fffac260000 - 0x00007fffac46b000 	C:\Windows\SYSTEM32\DBGHELP.DLL
0x00007fffaae90000 - 0x00007fffaaec5000 	C:\Windows\SYSTEM32\dbgcore.DLL
0x00007fffc2540000 - 0x00007fffc25c2000 	C:\Windows\System32\bcryptPrimitives.dll
0x00007fffbc6c0000 - 0x00007fffbc6cf000 	c:\Users\welcome\.vscode\extensions\redhat.java-1.56.0-win32-x64\jre\21.0.12.1-win32-x86_64\bin\instrument.dll
0x00007fffbd060000 - 0x00007fffbd080000 	c:\Users\welcome\.vscode\extensions\redhat.java-1.56.0-win32-x64\jre\21.0.12.1-win32-x86_64\bin\java.dll
0x00007fffc2c80000 - 0x00007fffc33f1000 	C:\Windows\System32\SHELL32.dll
0x00007fffc0240000 - 0x00007fffc09ec000 	C:\Windows\SYSTEM32\windows.storage.dll
0x00007fffc4040000 - 0x00007fffc4394000 	C:\Windows\System32\combase.dll
0x00007fffc1b70000 - 0x00007fffc1b9b000 	C:\Windows\SYSTEM32\Wldp.dll
0x00007fffc34a0000 - 0x00007fffc354d000 	C:\Windows\System32\SHCORE.dll
0x00007fffc2c10000 - 0x00007fffc2c6b000 	C:\Windows\System32\shlwapi.dll
0x00007fffc2150000 - 0x00007fffc2175000 	C:\Windows\SYSTEM32\profapi.dll
0x00007fffbd040000 - 0x00007fffbd058000 	c:\Users\welcome\.vscode\extensions\redhat.java-1.56.0-win32-x64\jre\21.0.12.1-win32-x86_64\bin\zip.dll
0x00007fffbcc60000 - 0x00007fffbcc70000 	C:\Users\welcome\.vscode\extensions\redhat.java-1.56.0-win32-x64\jre\21.0.12.1-win32-x86_64\bin\net.dll
0x00007fffb8a20000 - 0x00007fffb8b2d000 	C:\Windows\SYSTEM32\WINHTTP.dll
0x00007fffc1880000 - 0x00007fffc18ea000 	C:\Windows\system32\mswsock.dll
0x00007fffbcc40000 - 0x00007fffbcc56000 	C:\Users\welcome\.vscode\extensions\redhat.java-1.56.0-win32-x64\jre\21.0.12.1-win32-x86_64\bin\nio.dll
0x00007fffbc6b0000 - 0x00007fffbc6c0000 	c:\Users\welcome\.vscode\extensions\redhat.java-1.56.0-win32-x64\jre\21.0.12.1-win32-x86_64\bin\verify.dll
0x00007fff92880000 - 0x00007fff928c5000 	C:\Users\welcome\AppData\Roaming\Code\User\globalStorage\redhat.java\1.56.0\config_win\org.eclipse.equinox.launcher\org.eclipse.equinox.launcher.win32.win32.x86_64_1.3.100.v20260804-1928\eclipse_11924.dll
0x00007fffc4770000 - 0x00007fffc489c000 	C:\Windows\System32\ole32.dll
0x00007fffc1ad0000 - 0x00007fffc1ae8000 	C:\Windows\SYSTEM32\CRYPTSP.dll
0x00007fffc1180000 - 0x00007fffc11b8000 	C:\Windows\system32\rsaenh.dll
0x00007fffc20c0000 - 0x00007fffc20ee000 	C:\Windows\SYSTEM32\USERENV.dll
0x00007fffc1ac0000 - 0x00007fffc1acc000 	C:\Windows\SYSTEM32\CRYPTBASE.dll
0x00007fffc1550000 - 0x00007fffc158b000 	C:\Windows\SYSTEM32\IPHLPAPI.DLL
0x00007fffc2c70000 - 0x00007fffc2c78000 	C:\Windows\System32\NSI.dll
0x00007fff87d40000 - 0x00007fff87d89000 	C:\Users\welcome\AppData\Local\Temp\jna-1233099618\jna6772725440016726309.dll
0x00007fffc44c0000 - 0x00007fffc44c8000 	C:\Windows\System32\PSAPI.DLL

JVMTI agents:
c:\Users\welcome\.vscode\extensions\redhat.java-1.56.0-win32-x64\lombok\lombok-1.18.39-4050.jar path:c:\Users\welcome\.vscode\extensions\redhat.java-1.56.0-win32-x64\jre\21.0.12.1-win32-x86_64\bin\instrument.dll, loaded, initialized, instrumentlib options:none

dbghelp: loaded successfully - version: 4.0.5 - missing functions: none
symbol engine: initialized successfully - sym options: 0x614 - pdb path: .;c:\Users\welcome\.vscode\extensions\redhat.java-1.56.0-win32-x64\jre\21.0.12.1-win32-x86_64\bin;C:\Windows\SYSTEM32;C:\Windows\WinSxS\amd64_microsoft.windows.common-controls_6595b64144ccf1df_6.0.19041.7663_none_60b9ed0b71f50c93;c:\Users\welcome\.vscode\extensions\redhat.java-1.56.0-win32-x64\jre\21.0.12.1-win32-x86_64\bin\server;C:\Users\welcome\AppData\Roaming\Code\User\globalStorage\redhat.java\1.56.0\config_win\org.eclipse.equinox.launcher\org.eclipse.equinox.launcher.win32.win32.x86_64_1.3.100.v20260804-1928;C:\Users\welcome\AppData\Local\Temp\jna-1233099618

VM Arguments:
jvm_args: --add-modules=ALL-SYSTEM --add-opens=java.base/java.util=ALL-UNNAMED --add-opens=java.base/java.lang=ALL-UNNAMED --add-opens=java.base/sun.nio.fs=ALL-UNNAMED -Declipse.application=org.eclipse.jdt.ls.core.id1 -Dosgi.bundles.defaultStartLevel=4 -Declipse.product=org.eclipse.jdt.ls.core.product -Djava.import.generatesMetadataFilesAtProjectRoot=false -Dm2e.project.cache.size=50 -DDetectVMInstallationsJob.disabled=true -Dfile.encoding=utf8 -XX:+UseParallelGC -XX:GCTimeRatio=4 -XX:AdaptiveSizePolicyWeight=90 -Dsun.zip.disableMemoryMapping=true -Xmx2G -Xms100m -Xlog:disable -javaagent:c:\Users\welcome\.vscode\extensions\redhat.java-1.56.0-win32-x64\lombok\lombok-1.18.39-4050.jar -XX:+HeapDumpOnOutOfMemoryError -XX:HeapDumpPath=c:\Users\welcome\AppData\Roaming\Code\User\workspaceStorage\438089d090c8572c52f170013986077f\redhat.java -Daether.dependencyCollector.impl=bf 
java_command: c:\Users\welcome\.vscode\extensions\redhat.java-1.56.0-win32-x64\server\plugins\org.eclipse.equinox.launcher_1.8.0.v20260804-1928.jar -configuration c:\Users\welcome\AppData\Roaming\Code\User\globalStorage\redhat.java\1.56.0\config_win -data c:\Users\welcome\AppData\Roaming\Code\User\workspaceStorage\438089d090c8572c52f170013986077f\redhat.java\jdt_ws --stdio
java_class_path (initial): c:\Users\welcome\.vscode\extensions\redhat.java-1.56.0-win32-x64\server\plugins\org.eclipse.equinox.launcher_1.8.0.v20260804-1928.jar
Launcher Type: SUN_STANDARD

[Global flags]
    uintx AdaptiveSizePolicyWeight                 = 90                                        {product} {command line}
     intx CICompilerCount                          = 3                                         {product} {ergonomic}
    uintx GCTimeRatio                              = 4                                         {product} {command line}
     bool HeapDumpOnOutOfMemoryError               = true                                   {manageable} {command line}
    ccstr HeapDumpPath                             = c:\Users\welcome\AppData\Roaming\Code\User\workspaceStorage\438089d090c8572c52f170013986077f\redhat.java         {manageable} {command line}
   size_t InitialHeapSize                          = 104857600                                 {product} {command line}
   size_t MaxHeapSize                              = 2147483648                                {product} {command line}
   size_t MaxNewSize                               = 715653120                                 {product} {ergonomic}
   size_t MinHeapDeltaBytes                        = 524288                                    {product} {ergonomic}
   size_t MinHeapSize                              = 104857600                                 {product} {command line}
   size_t NewSize                                  = 34603008                                  {product} {ergonomic}
    uintx NonNMethodCodeHeapSize                   = 5832780                                {pd product} {ergonomic}
    uintx NonProfiledCodeHeapSize                  = 122912730                              {pd product} {ergonomic}
   size_t OldSize                                  = 70254592                                  {product} {ergonomic}
    uintx ProfiledCodeHeapSize                     = 122912730                              {pd product} {ergonomic}
    uintx ReservedCodeCacheSize                    = 251658240                              {pd product} {ergonomic}
     bool SegmentedCodeCache                       = true                                      {product} {ergonomic}
   size_t SoftMaxHeapSize                          = 2147483648                             {manageable} {ergonomic}
     bool UseCompressedOops                        = true                           {product lp64_product} {ergonomic}
     bool UseLargePagesIndividualAllocation        = false                                  {pd product} {ergonomic}
     bool UseParallelGC                            = true                                      {product} {command line}

Logging:
Log output configuration:
 #0: stdout all=off uptime,level,tags foldmultilines=false
 #1: stderr all=off uptime,level,tags foldmultilines=false

Release file:
JAVA_VERSION="21.0.12.1" 
MODULES="java.base java.compiler java.datatransfer java.xml java.prefs java.desktop java.instrument java.logging java.management java.security.sasl java.naming java.rmi java.management.rmi java.net.http java.scripting java.security.jgss java.transaction.xa java.sql java.sql.rowset java.xml.crypto java.se java.smartcardio jdk.accessibility jdk.internal.jvmstat jdk.attach jdk.charsets jdk.internal.opt jdk.zipfs jdk.compiler jdk.crypto.ec jdk.crypto.cryptoki jdk.crypto.mscapi jdk.dynalink jdk.internal.ed jdk.editpad jdk.hotspot.agent jdk.httpserver jdk.internal.le jdk.internal.vm.ci jdk.internal.vm.compiler jdk.internal.vm.compiler.management jdk.jartool jdk.javadoc jdk.jcmd jdk.management jdk.management.agent jdk.jconsole jdk.jdeps jdk.jdwp.agent jdk.jdi jdk.jfr jdk.jshell jdk.jsobject jdk.jstatd jdk.localedata jdk.management.jfr jdk.naming.dns jdk.naming.rmi jdk.net jdk.nio.mapmode jdk.random jdk.sctp jdk.security.auth jdk.security.jgss jdk.unsupported jdk.unsupported.desktop jdk.xml.dom" 

Environment Variables:
PATH=C:\Program Files\Eclipse Adoptium\jdk-17.0.20.101-hotspot\bin;C:\Windows\system32;C:\Windows;C:\Windows\System32\Wbem;C:\Windows\System32\WindowsPowerShell\v1.0\;C:\Windows\System32\OpenSSH\;C:\Program Files\Git\cmd;C:\Program Files\nodejs\;C:\Users\welcome\AppData\Local\Microsoft\WindowsApps;C:\Users\welcome\AppData\Local\Programs\Microsoft VS Code\bin;C:\Users\welcome\AppData\Local\Programs\DockerDesktop\resources\bin;C:\Users\welcome\AppData\Roaming\npm
USERNAME=welcome
OS=Windows_NT
PROCESSOR_IDENTIFIER=Intel64 Family 6 Model 142 Stepping 9, GenuineIntel
TMP=C:\Users\welcome\AppData\Local\Temp
TEMP=C:\Users\welcome\AppData\Local\Temp




Periodic native trim disabled

---------------  S Y S T E M  ---------------

OS:
 Windows 10 , 64 bit Build 19041 (10.0.19041.7725)
OS uptime: 5 days 23:30 hours
Hyper-V role detected

CPU: total 4 (initial active 4) (2 cores per cpu, 2 threads per core) family 6 model 142 stepping 9 microcode 0xea, cx8, cmov, fxsr, ht, mmx, 3dnowpref, sse, sse2, sse3, ssse3, sse4.1, sse4.2, popcnt, lzcnt, tsc, tscinvbit, avx, avx2, aes, erms, clmul, bmi1, bmi2, adx, fma, vzeroupper, clflush, clflushopt, hv, rdtscp, f16c
Processor Information for the first 4 processors :
  Max Mhz: 2400, Current Mhz: 2400, Mhz Limit: 2400

Memory: 4k page, system-wide physical 4005M (261M free)
TotalPageFile size 11505M (AvailPageFile size 0M)
current process WorkingSet (physical memory assigned to process): 111M, peak: 122M
current process commit charge ("private bytes"): 252M, peak: 266M

vm_info: OpenJDK 64-Bit Server VM (21.0.12.1+1-LTS) for windows-amd64 JRE (21.0.12.1+1-LTS), built on 2026-08-18T00:00:00Z by "admin" with MS VC++ 17.12 (VS2022)

END.
