#
# There is insufficient memory for the Java Runtime Environment to continue.
# Native memory allocation (mmap) failed to map 10485760 bytes. Error detail: G1 virtual space
# Possible reasons:
#   The system is out of physical RAM or swap space
#   This process is running with CompressedOops enabled, and the Java Heap may be blocking the growth of the native heap
# Possible solutions:
#   Reduce memory load on the system
#   Increase physical memory or swap space
#   Check if swap backing store is full
#   Decrease Java heap size (-Xmx/-Xms)
#   Decrease number of Java threads
#   Decrease Java thread stack sizes (-Xss)
#   Set larger code cache with -XX:ReservedCodeCacheSize=
#   JVM is running with Unscaled Compressed Oops mode in which the Java heap is
#     placed in the first 4GB address space. The Java Heap base address is the
#     maximum limit for the native heap growth. Please use -XX:HeapBaseMinAddress
#     to set the Java Heap base and to place the Java Heap above 4GB virtual address.
# This output file may be truncated or incomplete.
#
#  Out of Memory Error (os_windows.cpp:3630), pid=10292, tid=10256
#
# JRE version: OpenJDK Runtime Environment Temurin-17.0.20.1+1 (17.0.20.1+1) (build 17.0.20.1+1)
# Java VM: OpenJDK 64-Bit Server VM Temurin-17.0.20.1+1 (17.0.20.1+1, mixed mode, sharing, tiered, compressed oops, compressed class ptrs, g1 gc, windows-amd64)
# No core dump will be written. Minidumps are not enabled by default on client versions of Windows
#

---------------  S U M M A R Y ------------

Command Line: -DkotlinLanguageServer.version=1.3.13 org.javacs.kt.MainKt

Host: Intel(R) Core(TM) i3-7100U CPU @ 2.40GHz, 4 cores, 3G,  Windows 10 , 64 bit Build 19041 (10.0.19041.7725)
Time: Tue Sep 29 22:31:17 2026 India Standard Time elapsed time: 24.655146 seconds (0d 0h 0m 24s)

---------------  T H R E A D  ---------------

Current thread (0x000001ed28e9e980):  VMThread "VM Thread" [stack: 0x000000cfd5400000,0x000000cfd5500000] [id=10256]

Stack: [0x000000cfd5400000,0x000000cfd5500000]
Native frames: (J=compiled Java code, j=interpreted, Vv=VM code, C=native code)
V  [jvm.dll+0x684d39]
V  [jvm.dll+0x83a565]
V  [jvm.dll+0x83bfde]
V  [jvm.dll+0x83c663]
V  [jvm.dll+0x2490cf]
V  [jvm.dll+0x681af9]
V  [jvm.dll+0x6768ba]
V  [jvm.dll+0x309467]
V  [jvm.dll+0x310a56]
V  [jvm.dll+0x360f3e]
V  [jvm.dll+0x36117d]
V  [jvm.dll+0x2e04ec]
V  [jvm.dll+0x2de8c2]
V  [jvm.dll+0x2de05c]
V  [jvm.dll+0x320cab]
V  [jvm.dll+0x840e7d]
V  [jvm.dll+0x841bb3]
V  [jvm.dll+0x8420df]
V  [jvm.dll+0x8424c5]
V  [jvm.dll+0x84258e]
V  [jvm.dll+0x7eb17c]
V  [jvm.dll+0x683c07]
C  [ucrtbase.dll+0x21bb2]
C  [KERNEL32.DLL+0x17384]
C  [ntdll.dll+0x4cc91]

VM_Operation (0x000000cfd67f02b0): G1CollectForAllocation, mode: safepoint, requested by thread 0x000001ed936c0d60


---------------  P R O C E S S  ---------------

Threads class SMR info:
_java_thread_list=0x000001ed8b5b6cb0, length=17, elements={
0x000001ed443267f0, 0x000001ed44327c80, 0x000001ed4433f880, 0x000001ed44343360,
0x000001ed44343d20, 0x000001ed443446e0, 0x000001ed443453d0, 0x000001ed443b1c10,
0x000001ed443b4230, 0x000001ed4457e730, 0x000001ed4458d290, 0x000001ed8ac62080,
0x000001ed28ded990, 0x000001ed8b2a31e0, 0x000001ed936c0850, 0x000001ed936c0d60,
0x000001ed936c1270
}

Java Threads: ( => current thread )
  0x000001ed443267f0 JavaThread "Reference Handler" daemon [_thread_blocked, id=14884, stack(0x000000cfd5500000,0x000000cfd5600000)]
  0x000001ed44327c80 JavaThread "Finalizer" daemon [_thread_blocked, id=4100, stack(0x000000cfd5600000,0x000000cfd5700000)]
  0x000001ed4433f880 JavaThread "Signal Dispatcher" daemon [_thread_blocked, id=15400, stack(0x000000cfd5700000,0x000000cfd5800000)]
  0x000001ed44343360 JavaThread "Attach Listener" daemon [_thread_blocked, id=3404, stack(0x000000cfd5800000,0x000000cfd5900000)]
  0x000001ed44343d20 JavaThread "Service Thread" daemon [_thread_blocked, id=5712, stack(0x000000cfd5900000,0x000000cfd5a00000)]
  0x000001ed443446e0 JavaThread "Monitor Deflation Thread" daemon [_thread_blocked, id=8548, stack(0x000000cfd5a00000,0x000000cfd5b00000)]
  0x000001ed443453d0 JavaThread "C2 CompilerThread0" daemon [_thread_blocked, id=16352, stack(0x000000cfd5b00000,0x000000cfd5c00000)]
  0x000001ed443b1c10 JavaThread "C1 CompilerThread0" daemon [_thread_blocked, id=6656, stack(0x000000cfd5c00000,0x000000cfd5d00000)]
  0x000001ed443b4230 JavaThread "Sweeper thread" daemon [_thread_blocked, id=13008, stack(0x000000cfd5d00000,0x000000cfd5e00000)]
  0x000001ed4457e730 JavaThread "Notification Thread" daemon [_thread_blocked, id=2480, stack(0x000000cfd5e00000,0x000000cfd5f00000)]
  0x000001ed4458d290 JavaThread "Common-Cleaner" daemon [_thread_blocked, id=3376, stack(0x000000cfd6000000,0x000000cfd6100000)]
  0x000001ed8ac62080 JavaThread "client" [_thread_in_native, id=15508, stack(0x000000cfd6400000,0x000000cfd6500000)]
  0x000001ed28ded990 JavaThread "DestroyJavaVM" [_thread_blocked, id=16176, stack(0x000000cfd4e00000,0x000000cfd4f00000)]
  0x000001ed8b2a31e0 JavaThread "async0" [_thread_blocked, id=1788, stack(0x000000cfd6500000,0x000000cfd6600000)]
  0x000001ed936c0850 JavaThread "async1" [_thread_blocked, id=11772, stack(0x000000cfd6600000,0x000000cfd6700000)]
  0x000001ed936c0d60 JavaThread "debounce0" [_thread_blocked, id=3284, stack(0x000000cfd6700000,0x000000cfd6800000)]
  0x000001ed936c1270 JavaThread "async2" [_thread_blocked, id=5272, stack(0x000000cfd6800000,0x000000cfd6900000)]

Other Threads:
=>0x000001ed28e9e980 VMThread "VM Thread" [stack: 0x000000cfd5400000,0x000000cfd5500000] [id=10256]
  0x000001ed44581430 WatcherThread [stack: 0x000000cfd5f00000,0x000000cfd6000000] [id=13476]
  0x000001ed28e2a0c0 GCTaskThread "GC Thread#0" [stack: 0x000000cfd4f00000,0x000000cfd5000000] [id=5508]
  0x000001ed8a28c240 GCTaskThread "GC Thread#1" [stack: 0x000000cfd6100000,0x000000cfd6200000] [id=3144]
  0x000001ed8a27dc00 GCTaskThread "GC Thread#2" [stack: 0x000000cfd6200000,0x000000cfd6300000] [id=16028]
  0x000001ed8a29f720 GCTaskThread "GC Thread#3" [stack: 0x000000cfd6300000,0x000000cfd6400000] [id=13100]
  0x000001ed28e32d50 ConcurrentGCThread "G1 Main Marker" [stack: 0x000000cfd5000000,0x000000cfd5100000] [id=13368]
  0x000001ed28e34780 ConcurrentGCThread "G1 Conc#0" [stack: 0x000000cfd5100000,0x000000cfd5200000] [id=3332]
  0x000001ed28e81830 ConcurrentGCThread "G1 Refine#0" [stack: 0x000000cfd5200000,0x000000cfd5300000] [id=12132]
  0x000001ed28e82260 ConcurrentGCThread "G1 Service" [stack: 0x000000cfd5300000,0x000000cfd5400000] [id=16128]

Threads with active compile tasks:

VM state: at safepoint (normal execution)

VM Mutex/Monitor currently owned by a thread:  ([mutex/lock_event])
[0x000001ed28de8c50] Threads_lock - owner thread: 0x000001ed28e9e980
[0x000001ed28de8620] Heap_lock - owner thread: 0x000001ed936c0d60

Heap address: 0x00000000c1600000, size: 1002 MB, Compressed Oops mode: 32-bit

CDS archive(s) mapped at: [0x000001ed45000000-0x000001ed45bb0000-0x000001ed45bb0000), size 12255232, SharedBaseAddress: 0x000001ed45000000, ArchiveRelocationMode: 1.
Compressed class space mapped at: 0x000001ed46000000-0x000001ed86000000, reserved size: 1073741824
Narrow klass base: 0x000001ed45000000, Narrow klass shift: 0, Narrow klass range: 0x100000000

GC Precious Log:
 CPUs: 4 total, 4 available
 Memory: 4005M
 Large Page Support: Disabled
 NUMA Support: Disabled
 Compressed Oops: Enabled (32-bit)
 Heap Region Size: 1M
 Heap Min Capacity: 8M
 Heap Initial Capacity: 64M
 Heap Max Capacity: 1002M
 Pre-touch: Disabled
 Parallel Workers: 4
 Concurrent Workers: 1
 Concurrent Refinement Workers: 4
 Periodic GC: Disabled

Heap:
 garbage-first heap   total 55296K, used 30572K [0x00000000c1600000, 0x0000000100000000)
  region size 1024K, 2 young (2048K), 2 survivors (2048K)
 Metaspace       used 57539K, committed 57920K, reserved 1114112K
  class space    used 6943K, committed 7104K, reserved 1048576K

Heap Regions: E=young(eden), S=young(survivor), O=old, HS=humongous(starts), HC=humongous(continues), CS=collection set, F=free, OA=open archive, CA=closed archive, TAMS=top-at-mark-start (previous, next)
|   0|0x00000000c1600000, 0x00000000c1700000, 0x00000000c1700000|100%|HS|  |TAMS 0x00000000c1700000, 0x00000000c1700000| Complete 
|   1|0x00000000c1700000, 0x00000000c1800000, 0x00000000c1800000|100%|HC|  |TAMS 0x00000000c1800000, 0x00000000c1800000| Complete 
|   2|0x00000000c1800000, 0x00000000c1900000, 0x00000000c1900000|100%|HC|  |TAMS 0x00000000c1900000, 0x00000000c1900000| Complete 
|   3|0x00000000c1900000, 0x00000000c1a00000, 0x00000000c1a00000|100%|HC|  |TAMS 0x00000000c1a00000, 0x00000000c1a00000| Complete 
|   4|0x00000000c1a00000, 0x00000000c1b00000, 0x00000000c1b00000|100%| O|  |TAMS 0x00000000c1b00000, 0x00000000c1b00000| Untracked 
|   5|0x00000000c1b00000, 0x00000000c1c00000, 0x00000000c1c00000|100%| O|  |TAMS 0x00000000c1c00000, 0x00000000c1c00000| Untracked 
|   6|0x00000000c1c00000, 0x00000000c1d00000, 0x00000000c1d00000|100%| O|  |TAMS 0x00000000c1d00000, 0x00000000c1d00000| Untracked 
|   7|0x00000000c1d00000, 0x00000000c1e00000, 0x00000000c1e00000|100%| O|  |TAMS 0x00000000c1e00000, 0x00000000c1e00000| Untracked 
|   8|0x00000000c1e00000, 0x00000000c1f00000, 0x00000000c1f00000|100%| O|  |TAMS 0x00000000c1f00000, 0x00000000c1f00000| Untracked 
|   9|0x00000000c1f00000, 0x00000000c2000000, 0x00000000c2000000|100%| O|  |TAMS 0x00000000c2000000, 0x00000000c2000000| Untracked 
|  10|0x00000000c2000000, 0x00000000c2100000, 0x00000000c2100000|100%| O|  |TAMS 0x00000000c2100000, 0x00000000c2100000| Untracked 
|  11|0x00000000c2100000, 0x00000000c2200000, 0x00000000c2200000|100%| O|  |TAMS 0x00000000c2200000, 0x00000000c2200000| Untracked 
|  12|0x00000000c2200000, 0x00000000c2300000, 0x00000000c2300000|100%| O|  |TAMS 0x00000000c2300000, 0x00000000c2300000| Untracked 
|  13|0x00000000c2300000, 0x00000000c2400000, 0x00000000c2400000|100%| O|  |TAMS 0x00000000c2400000, 0x00000000c2400000| Untracked 
|  14|0x00000000c2400000, 0x00000000c2500000, 0x00000000c2500000|100%| O|  |TAMS 0x00000000c2500000, 0x00000000c2500000| Untracked 
|  15|0x00000000c2500000, 0x00000000c2600000, 0x00000000c2600000|100%| O|  |TAMS 0x00000000c2600000, 0x00000000c2600000| Untracked 
|  16|0x00000000c2600000, 0x00000000c2700000, 0x00000000c2700000|100%| O|  |TAMS 0x00000000c2700000, 0x00000000c2700000| Untracked 
|  17|0x00000000c2700000, 0x00000000c2800000, 0x00000000c2800000|100%| O|  |TAMS 0x00000000c2800000, 0x00000000c2800000| Untracked 
|  18|0x00000000c2800000, 0x00000000c2900000, 0x00000000c2900000|100%| O|  |TAMS 0x00000000c2900000, 0x00000000c2900000| Untracked 
|  19|0x00000000c2900000, 0x00000000c2a00000, 0x00000000c2a00000|100%| O|  |TAMS 0x00000000c2a00000, 0x00000000c2a00000| Untracked 
|  20|0x00000000c2a00000, 0x00000000c2b00000, 0x00000000c2b00000|100%| O|  |TAMS 0x00000000c2b00000, 0x00000000c2b00000| Untracked 
|  21|0x00000000c2b00000, 0x00000000c2c00000, 0x00000000c2c00000|100%| O|  |TAMS 0x00000000c2c00000, 0x00000000c2c00000| Untracked 
|  22|0x00000000c2c00000, 0x00000000c2d00000, 0x00000000c2d00000|100%| O|  |TAMS 0x00000000c2d00000, 0x00000000c2d00000| Untracked 
|  23|0x00000000c2d00000, 0x00000000c2e00000, 0x00000000c2e00000|100%| O|  |TAMS 0x00000000c2e00000, 0x00000000c2e00000| Untracked 
|  24|0x00000000c2e00000, 0x00000000c2f00000, 0x00000000c2f00000|100%| O|  |TAMS 0x00000000c2f00000, 0x00000000c2f00000| Untracked 
|  25|0x00000000c2f00000, 0x00000000c2ffde00, 0x00000000c3000000| 99%| O|  |TAMS 0x00000000c2f00000, 0x00000000c2ffde00| Untracked 
|  26|0x00000000c3000000, 0x00000000c3100000, 0x00000000c3100000|100%| O|  |TAMS 0x00000000c3100000, 0x00000000c3100000| Untracked 
|  27|0x00000000c3100000, 0x00000000c3200000, 0x00000000c3200000|100%| O|  |TAMS 0x00000000c3127400, 0x00000000c3200000| Untracked 
|  28|0x00000000c3200000, 0x00000000c3200000, 0x00000000c3300000|  0%| F|  |TAMS 0x00000000c3200000, 0x00000000c3200000| Untracked 
|  29|0x00000000c3300000, 0x00000000c3300000, 0x00000000c3400000|  0%| F|  |TAMS 0x00000000c3300000, 0x00000000c3300000| Untracked 
|  30|0x00000000c3400000, 0x00000000c3400000, 0x00000000c3500000|  0%| F|  |TAMS 0x00000000c3400000, 0x00000000c3400000| Untracked 
|  31|0x00000000c3500000, 0x00000000c3500000, 0x00000000c3600000|  0%| F|  |TAMS 0x00000000c3500000, 0x00000000c3500000| Untracked 
|  32|0x00000000c3600000, 0x00000000c3600000, 0x00000000c3700000|  0%| F|  |TAMS 0x00000000c3600000, 0x00000000c3600000| Untracked 
|  33|0x00000000c3700000, 0x00000000c3700000, 0x00000000c3800000|  0%| F|  |TAMS 0x00000000c3700000, 0x00000000c3700000| Untracked 
|  34|0x00000000c3800000, 0x00000000c3800000, 0x00000000c3900000|  0%| F|  |TAMS 0x00000000c3800000, 0x00000000c3800000| Untracked 
|  35|0x00000000c3900000, 0x00000000c3900000, 0x00000000c3a00000|  0%| F|  |TAMS 0x00000000c3900000, 0x00000000c3900000| Untracked 
|  36|0x00000000c3a00000, 0x00000000c3a00000, 0x00000000c3b00000|  0%| F|  |TAMS 0x00000000c3a00000, 0x00000000c3a00000| Untracked 
|  37|0x00000000c3b00000, 0x00000000c3bdd420, 0x00000000c3c00000| 86%| S|CS|TAMS 0x00000000c3b00000, 0x00000000c3b00000| Complete 
|  38|0x00000000c3c00000, 0x00000000c3d00000, 0x00000000c3d00000|100%| S|CS|TAMS 0x00000000c3c00000, 0x00000000c3c00000| Complete 
|  39|0x00000000c3d00000, 0x00000000c3d00000, 0x00000000c3e00000|  0%| F|  |TAMS 0x00000000c3d00000, 0x00000000c3d00000| Untracked 
|  40|0x00000000c3e00000, 0x00000000c3e00000, 0x00000000c3f00000|  0%| F|  |TAMS 0x00000000c3e00000, 0x00000000c3e00000| Untracked 
|  41|0x00000000c3f00000, 0x00000000c3f00000, 0x00000000c4000000|  0%| F|  |TAMS 0x00000000c3f00000, 0x00000000c3f00000| Untracked 
|  42|0x00000000c4000000, 0x00000000c4000000, 0x00000000c4100000|  0%| F|  |TAMS 0x00000000c4000000, 0x00000000c4000000| Untracked 
|  43|0x00000000c4100000, 0x00000000c4100000, 0x00000000c4200000|  0%| F|  |TAMS 0x00000000c4100000, 0x00000000c4100000| Untracked 
|  44|0x00000000c4200000, 0x00000000c4200000, 0x00000000c4300000|  0%| F|  |TAMS 0x00000000c4200000, 0x00000000c4200000| Untracked 
|  45|0x00000000c4300000, 0x00000000c4300000, 0x00000000c4400000|  0%| F|  |TAMS 0x00000000c4300000, 0x00000000c4300000| Untracked 
|  46|0x00000000c4400000, 0x00000000c4400000, 0x00000000c4500000|  0%| F|  |TAMS 0x00000000c4400000, 0x00000000c4400000| Untracked 
|  47|0x00000000c4500000, 0x00000000c4500000, 0x00000000c4600000|  0%| F|  |TAMS 0x00000000c4500000, 0x00000000c4500000| Untracked 
|  48|0x00000000c4600000, 0x00000000c4600000, 0x00000000c4700000|  0%| F|  |TAMS 0x00000000c4600000, 0x00000000c4600000| Untracked 
|  49|0x00000000c4700000, 0x00000000c4700000, 0x00000000c4800000|  0%| F|  |TAMS 0x00000000c4700000, 0x00000000c4700000| Untracked 
|  50|0x00000000c4800000, 0x00000000c4800000, 0x00000000c4900000|  0%| F|  |TAMS 0x00000000c4800000, 0x00000000c4800000| Untracked 
|  51|0x00000000c4900000, 0x00000000c4900000, 0x00000000c4a00000|  0%| F|  |TAMS 0x00000000c4900000, 0x00000000c4900000| Untracked 
|  52|0x00000000c4a00000, 0x00000000c4a00000, 0x00000000c4b00000|  0%| F|  |TAMS 0x00000000c4a00000, 0x00000000c4a00000| Untracked 
|  63|0x00000000c5500000, 0x00000000c5500000, 0x00000000c5600000|  0%| F|  |TAMS 0x00000000c5500000, 0x00000000c5500000| Untracked 

Card table byte_map: [0x000001ed3fb70000,0x000001ed3fd70000] _byte_map_base: 0x000001ed3f565000

Marking Bits (Prev, Next): (CMBitMap*) 0x000001ed28e2a720, (CMBitMap*) 0x000001ed28e2a6e0
 Prev Bits: [0x000001ed40f20000, 0x000001ed41ec8000)
 Next Bits: [0x000001ed3ff70000, 0x000001ed40f18000)

Polling page: 0x000001ed26c20000

Metaspace:

Usage:
  Non-class:     49.41 MB used.
      Class:      6.78 MB used.
       Both:     56.19 MB used.

Virtual space:
  Non-class space:       64.00 MB reserved,      49.62 MB ( 78%) committed,  1 nodes.
      Class space:        1.00 GB reserved,       6.94 MB ( <1%) committed,  1 nodes.
             Both:        1.06 GB reserved,      56.56 MB (  5%) committed. 

Chunk freelists:
   Non-Class:  14.28 MB
       Class:  9.05 MB
        Both:  23.33 MB

MaxMetaspaceSize: unlimited
CompressedClassSpaceSize: 1.00 GB
Initial GC threshold: 21.00 MB
Current GC threshold: 87.75 MB
CDS: on
MetaspaceReclaimPolicy: balanced
 - commit_granule_bytes: 65536.
 - commit_granule_words: 8192.
 - virtual_space_node_default_size: 8388608.
 - enlarge_chunks_in_place: 1.
 - new_chunks_are_fully_committed: 0.
 - uncommit_free_chunks: 1.
 - use_allocation_guard: 0.
 - handle_deallocations: 1.


Internal statistics:

num_allocs_failed_limit: 6.
num_arena_births: 358.
num_arena_deaths: 0.
num_vsnodes_births: 2.
num_vsnodes_deaths: 0.
num_space_committed: 904.
num_space_uncommitted: 0.
num_chunks_returned_to_freelist: 6.
num_chunks_taken_from_freelist: 2288.
num_chunk_merges: 6.
num_chunk_splits: 1840.
num_chunks_enlarged: 1623.
num_inconsistent_stats: 0.

CodeHeap 'non-profiled nmethods': size=120000Kb used=2497Kb max_used=2497Kb free=117502Kb
 bounds [0x000001ed38440000, 0x000001ed386c0000, 0x000001ed3f970000]
CodeHeap 'profiled nmethods': size=120000Kb used=10896Kb max_used=10896Kb free=109103Kb
 bounds [0x000001ed30970000, 0x000001ed31420000, 0x000001ed37ea0000]
CodeHeap 'non-nmethods': size=5760Kb used=1351Kb max_used=1427Kb free=4408Kb
 bounds [0x000001ed37ea0000, 0x000001ed38110000, 0x000001ed38440000]
 total_blobs=5633 nmethods=4942 adapters=602
 compilation: enabled
              stopped_count=0, restarted_count=0
 full_count=0

Compilation events (20 events):
Event: 24.549 Thread 0x000001ed443453d0 4684       4       org.jetbrains.kotlin.protobuf.SmallSortedMap$EntrySet::iterator (13 bytes)
Event: 24.551 Thread 0x000001ed443453d0 nmethod 4684 0x000001ed386add90 code [0x000001ed386adf20, 0x000001ed386ae018]
Event: 24.551 Thread 0x000001ed443453d0 4785       4       org.jetbrains.kotlin.name.Name::hashCode (28 bytes)
Event: 24.555 Thread 0x000001ed443b1c10 4945       2       org.jetbrains.org.objectweb.asm.ClassReader::readMethod (1055 bytes)
Event: 24.559 Thread 0x000001ed443453d0 nmethod 4785 0x000001ed386ae110 code [0x000001ed386ae2a0, 0x000001ed386ae518]
Event: 24.559 Thread 0x000001ed443453d0 4944       4       org.jetbrains.org.objectweb.asm.ClassReader::readUTF8 (23 bytes)
Event: 24.560 Thread 0x000001ed443b1c10 nmethod 4945 0x000001ed3140e690 code [0x000001ed3140ec20, 0x000001ed314113d8]
Event: 24.582 Thread 0x000001ed443453d0 nmethod 4944 0x000001ed386ae710 code [0x000001ed386ae8e0, 0x000001ed386af318]
Event: 24.582 Thread 0x000001ed443453d0 4698       4       org.jetbrains.kotlin.metadata.ProtoBuf$Type$Argument::getSerializedSize (97 bytes)
Event: 24.587 Thread 0x000001ed443453d0 nmethod 4698 0x000001ed386af990 code [0x000001ed386afb40, 0x000001ed386afda8]
Event: 24.587 Thread 0x000001ed443453d0 4697       4       org.jetbrains.kotlin.metadata.jvm.JvmProtoBuf$JvmMethodSignature::getDefaultInstance (4 bytes)
Event: 24.588 Thread 0x000001ed443453d0 nmethod 4697 0x000001ed386b0010 code [0x000001ed386b0180, 0x000001ed386b01d8]
Event: 24.588 Thread 0x000001ed443453d0 4807       4       java.util.LinkedHashMap$LinkedKeySet::contains (9 bytes)
Event: 24.588 Thread 0x000001ed443453d0 nmethod 4807 0x000001ed386b0310 code [0x000001ed386b04a0, 0x000001ed386b0538]
Event: 24.595 Thread 0x000001ed443b1c10 4946       3       com.intellij.psi.tree.java.IJavaElementType::<init> (14 bytes)
Event: 24.596 Thread 0x000001ed443b1c10 nmethod 4946 0x000001ed31412b90 code [0x000001ed31412d60, 0x000001ed31413108]
Event: 24.605 Thread 0x000001ed443b1c10 4947       3       com.intellij.psi.impl.compiled.SignatureParsing$CharIterator::current (26 bytes)
Event: 24.605 Thread 0x000001ed443b1c10 nmethod 4947 0x000001ed31413290 code [0x000001ed314134a0, 0x000001ed31413af8]
Event: 24.607 Thread 0x000001ed443b1c10 4948       3       com.intellij.psi.impl.compiled.SignatureParsing$CharIterator::next (22 bytes)
Event: 24.607 Thread 0x000001ed443b1c10 nmethod 4948 0x000001ed31413d90 code [0x000001ed31413f20, 0x000001ed31414078]

GC Heap History (20 events):
Event: 17.631 GC heap after
{Heap after GC invocations=9 (full 0):
 garbage-first heap   total 46080K, used 18247K [0x00000000c1600000, 0x0000000100000000)
  region size 1024K, 2 young (2048K), 2 survivors (2048K)
 Metaspace       used 35658K, committed 35968K, reserved 1114112K
  class space    used 4314K, committed 4416K, reserved 1048576K
}
Event: 19.174 GC heap before
{Heap before GC invocations=10 (full 0):
 garbage-first heap   total 46080K, used 32583K [0x00000000c1600000, 0x0000000100000000)
  region size 1024K, 17 young (17408K), 2 survivors (2048K)
 Metaspace       used 40577K, committed 40896K, reserved 1114112K
  class space    used 5093K, committed 5248K, reserved 1048576K
}
Event: 19.179 GC heap after
{Heap after GC invocations=11 (full 0):
 garbage-first heap   total 46080K, used 19278K [0x00000000c1600000, 0x0000000100000000)
  region size 1024K, 3 young (3072K), 3 survivors (3072K)
 Metaspace       used 40577K, committed 40896K, reserved 1114112K
  class space    used 5093K, committed 5248K, reserved 1048576K
}
Event: 20.289 GC heap before
{Heap before GC invocations=11 (full 0):
 garbage-first heap   total 46080K, used 33614K [0x00000000c1600000, 0x0000000100000000)
  region size 1024K, 18 young (18432K), 3 survivors (3072K)
 Metaspace       used 43369K, committed 43648K, reserved 1114112K
  class space    used 5411K, committed 5568K, reserved 1048576K
}
Event: 20.295 GC heap after
{Heap after GC invocations=12 (full 0):
 garbage-first heap   total 46080K, used 21281K [0x00000000c1600000, 0x0000000100000000)
  region size 1024K, 3 young (3072K), 3 survivors (3072K)
 Metaspace       used 43369K, committed 43648K, reserved 1114112K
  class space    used 5411K, committed 5568K, reserved 1048576K
}
Event: 20.800 GC heap before
{Heap before GC invocations=12 (full 0):
 garbage-first heap   total 46080K, used 34593K [0x00000000c1600000, 0x0000000100000000)
  region size 1024K, 17 young (17408K), 3 survivors (3072K)
 Metaspace       used 46111K, committed 46464K, reserved 1114112K
  class space    used 5635K, committed 5760K, reserved 1048576K
}
Event: 20.806 GC heap after
{Heap after GC invocations=13 (full 0):
 garbage-first heap   total 46080K, used 22919K [0x00000000c1600000, 0x0000000100000000)
  region size 1024K, 2 young (2048K), 2 survivors (2048K)
 Metaspace       used 46111K, committed 46464K, reserved 1114112K
  class space    used 5635K, committed 5760K, reserved 1048576K
}
Event: 21.271 GC heap before
{Heap before GC invocations=13 (full 0):
 garbage-first heap   total 46080K, used 34183K [0x00000000c1600000, 0x0000000100000000)
  region size 1024K, 14 young (14336K), 2 survivors (2048K)
 Metaspace       used 48476K, committed 48832K, reserved 1114112K
  class space    used 5876K, committed 6016K, reserved 1048576K
}
Event: 21.276 GC heap after
{Heap after GC invocations=14 (full 0):
 garbage-first heap   total 46080K, used 23853K [0x00000000c1600000, 0x0000000100000000)
  region size 1024K, 1 young (1024K), 1 survivors (1024K)
 Metaspace       used 48476K, committed 48832K, reserved 1114112K
  class space    used 5876K, committed 6016K, reserved 1048576K
}
Event: 21.881 GC heap before
{Heap before GC invocations=15 (full 0):
 garbage-first heap   total 46080K, used 35117K [0x00000000c1600000, 0x0000000100000000)
  region size 1024K, 13 young (13312K), 1 survivors (1024K)
 Metaspace       used 51178K, committed 51520K, reserved 1114112K
  class space    used 6186K, committed 6336K, reserved 1048576K
}
Event: 21.888 GC heap after
{Heap after GC invocations=16 (full 0):
 garbage-first heap   total 46080K, used 25017K [0x00000000c1600000, 0x0000000100000000)
  region size 1024K, 2 young (2048K), 2 survivors (2048K)
 Metaspace       used 51178K, committed 51520K, reserved 1114112K
  class space    used 6186K, committed 6336K, reserved 1048576K
}
Event: 22.483 GC heap before
{Heap before GC invocations=16 (full 0):
 garbage-first heap   total 46080K, used 34233K [0x00000000c1600000, 0x0000000100000000)
  region size 1024K, 13 young (13312K), 2 survivors (2048K)
 Metaspace       used 53560K, committed 53888K, reserved 1114112K
  class space    used 6449K, committed 6592K, reserved 1048576K
}
Event: 22.492 GC heap after
{Heap after GC invocations=17 (full 0):
 garbage-first heap   total 46080K, used 26072K [0x00000000c1600000, 0x0000000100000000)
  region size 1024K, 2 young (2048K), 2 survivors (2048K)
 Metaspace       used 53560K, committed 53888K, reserved 1114112K
  class space    used 6449K, committed 6592K, reserved 1048576K
}
Event: 22.806 GC heap before
{Heap before GC invocations=18 (full 0):
 garbage-first heap   total 51200K, used 36312K [0x00000000c1600000, 0x0000000100000000)
  region size 1024K, 12 young (12288K), 2 survivors (2048K)
 Metaspace       used 53576K, committed 53888K, reserved 1114112K
  class space    used 6450K, committed 6592K, reserved 1048576K
}
Event: 22.813 GC heap after
{Heap after GC invocations=19 (full 0):
 garbage-first heap   total 51200K, used 28829K [0x00000000c1600000, 0x0000000100000000)
  region size 1024K, 2 young (2048K), 2 survivors (2048K)
 Metaspace       used 53576K, committed 53888K, reserved 1114112K
  class space    used 6450K, committed 6592K, reserved 1048576K
}
Event: 23.028 GC heap before
{Heap before GC invocations=19 (full 0):
 garbage-first heap   total 51200K, used 39069K [0x00000000c1600000, 0x0000000100000000)
  region size 1024K, 12 young (12288K), 2 survivors (2048K)
 Metaspace       used 53627K, committed 53952K, reserved 1114112K
  class space    used 6450K, committed 6592K, reserved 1048576K
}
Event: 23.033 GC heap after
{Heap after GC invocations=20 (full 0):
 garbage-first heap   total 51200K, used 29501K [0x00000000c1600000, 0x0000000100000000)
  region size 1024K, 2 young (2048K), 2 survivors (2048K)
 Metaspace       used 53627K, committed 53952K, reserved 1114112K
  class space    used 6450K, committed 6592K, reserved 1048576K
}
Event: 23.328 GC heap before
{Heap before GC invocations=21 (full 0):
 garbage-first heap   total 55296K, used 39741K [0x00000000c1600000, 0x0000000100000000)
  region size 1024K, 12 young (12288K), 2 survivors (2048K)
 Metaspace       used 53677K, committed 54016K, reserved 1114112K
  class space    used 6450K, committed 6592K, reserved 1048576K
}
Event: 23.331 GC heap after
{Heap after GC invocations=22 (full 0):
 garbage-first heap   total 55296K, used 29578K [0x00000000c1600000, 0x0000000100000000)
  region size 1024K, 1 young (1024K), 1 survivors (1024K)
 Metaspace       used 53677K, committed 54016K, reserved 1114112K
  class space    used 6450K, committed 6592K, reserved 1048576K
}
Event: 24.641 GC heap before
{Heap before GC invocations=22 (full 0):
 garbage-first heap   total 55296K, used 42890K [0x00000000c1600000, 0x0000000100000000)
  region size 1024K, 15 young (15360K), 1 survivors (1024K)
 Metaspace       used 57539K, committed 57920K, reserved 1114112K
  class space    used 6943K, committed 7104K, reserved 1048576K
}

Dll operation events (8 events):
Event: 0.023 Loaded shared library C:\Program Files\Eclipse Adoptium\jdk-17.0.20.101-hotspot\bin\java.dll
Event: 0.054 Loaded shared library C:\Program Files\Eclipse Adoptium\jdk-17.0.20.101-hotspot\bin\jsvml.dll
Event: 0.235 Loaded shared library C:\Program Files\Eclipse Adoptium\jdk-17.0.20.101-hotspot\bin\net.dll
Event: 0.239 Loaded shared library C:\Program Files\Eclipse Adoptium\jdk-17.0.20.101-hotspot\bin\nio.dll
Event: 0.248 Loaded shared library C:\Program Files\Eclipse Adoptium\jdk-17.0.20.101-hotspot\bin\zip.dll
Event: 0.571 Loaded shared library C:\Program Files\Eclipse Adoptium\jdk-17.0.20.101-hotspot\bin\jimage.dll
Event: 5.263 Loaded shared library C:\Program Files\Eclipse Adoptium\jdk-17.0.20.101-hotspot\bin\verify.dll
Event: 14.345 Loaded shared library C:\Users\welcome\AppData\Local\Temp\sqlite-3.41.2.1-b74aa121-e638-44b8-95ee-6da65d4d14af-sqlitejdbc.dll

Deoptimization events (20 events):
Event: 21.901 Thread 0x000001ed936c0d60 Uncommon trap: trap_request=0xffffff45 fr.pc=0x000001ed384c051c relative=0x000000000000055c
Event: 21.901 Thread 0x000001ed936c0d60 Uncommon trap: reason=unstable_if action=reinterpret pc=0x000001ed384c051c method=org.jetbrains.org.objectweb.asm.ClassReader.readUtf(II[C)Ljava/lang/String; @ 41 c2
Event: 21.901 Thread 0x000001ed936c0d60 DEOPT PACKING pc=0x000001ed384c051c sp=0x000000cfd67fc9e0
Event: 21.901 Thread 0x000001ed936c0d60 DEOPT UNPACKING pc=0x000001ed37ef69a3 sp=0x000000cfd67fc988 mode 2
Event: 21.938 Thread 0x000001ed936c0d60 Uncommon trap: trap_request=0xffffffc6 fr.pc=0x000001ed38648cfc relative=0x000000000000031c
Event: 21.938 Thread 0x000001ed936c0d60 Uncommon trap: reason=bimorphic_or_optimized_type_check action=maybe_recompile pc=0x000001ed38648cfc method=org.jetbrains.kotlin.protobuf.CodedInputStream.tryRefillBuffer(I)Z @ 175 c2
Event: 21.938 Thread 0x000001ed936c0d60 DEOPT PACKING pc=0x000001ed38648cfc sp=0x000000cfd67fd190
Event: 21.938 Thread 0x000001ed936c0d60 DEOPT UNPACKING pc=0x000001ed37ef69a3 sp=0x000000cfd67fd0c8 mode 2
Event: 23.252 Thread 0x000001ed936c0d60 DEOPT PACKING pc=0x000001ed30bd8ebd sp=0x000000cfd67fbcf0
Event: 23.252 Thread 0x000001ed936c0d60 DEOPT UNPACKING pc=0x000001ed37ef7143 sp=0x000000cfd67fb180 mode 0
Event: 24.078 Thread 0x000001ed936c0d60 Uncommon trap: trap_request=0xffffff45 fr.pc=0x000001ed3861fd20 relative=0x0000000000000100
Event: 24.078 Thread 0x000001ed936c0d60 Uncommon trap: reason=unstable_if action=reinterpret pc=0x000001ed3861fd20 method=java.util.Arrays.equals([Ljava/lang/Object;[Ljava/lang/Object;)Z @ 44 c2
Event: 24.078 Thread 0x000001ed936c0d60 DEOPT PACKING pc=0x000001ed3861fd20 sp=0x000000cfd67fa400
Event: 24.078 Thread 0x000001ed936c0d60 DEOPT UNPACKING pc=0x000001ed37ef69a3 sp=0x000000cfd67fa390 mode 2
Event: 24.166 Thread 0x000001ed936c0d60 Uncommon trap: trap_request=0xffffff45 fr.pc=0x000001ed38679ba8 relative=0x0000000000000ac8
Event: 24.166 Thread 0x000001ed936c0d60 Uncommon trap: reason=unstable_if action=reinterpret pc=0x000001ed38679ba8 method=org.jetbrains.kotlin.metadata.ProtoBuf$Type.getSerializedSize()I @ 176 c2
Event: 24.167 Thread 0x000001ed936c0d60 DEOPT PACKING pc=0x000001ed38679ba8 sp=0x000000cfd67f86f0
Event: 24.167 Thread 0x000001ed936c0d60 DEOPT UNPACKING pc=0x000001ed37ef69a3 sp=0x000000cfd67f86b0 mode 2
Event: 24.171 Thread 0x000001ed936c0d60 DEOPT PACKING pc=0x000001ed30bd8ebd sp=0x000000cfd67f8710
Event: 24.171 Thread 0x000001ed936c0d60 DEOPT UNPACKING pc=0x000001ed37ef7143 sp=0x000000cfd67f7ba0 mode 0

Classes loaded (20 events):
Event: 17.823 Loading class java/util/PrimitiveIterator done
Event: 17.824 Loading class java/util/PrimitiveIterator$OfInt done
Event: 18.490 Loading class java/util/function/IntUnaryOperator
Event: 18.490 Loading class java/util/function/IntUnaryOperator done
Event: 18.742 Loading class java/util/concurrent/locks/AbstractQueuedSynchronizer$ExclusiveNode
Event: 18.742 Loading class java/util/concurrent/locks/AbstractQueuedSynchronizer$ExclusiveNode done
Event: 21.629 Loading class java/io/FileFilter
Event: 21.629 Loading class java/io/FileFilter done
Event: 21.676 Loading class java/beans/PropertyChangeSupport
Event: 21.678 Loading class java/beans/PropertyChangeSupport done
Event: 21.678 Loading class java/beans/PropertyChangeSupport$PropertyChangeListenerMap
Event: 21.678 Loading class java/beans/ChangeListenerMap
Event: 21.679 Loading class java/beans/ChangeListenerMap done
Event: 21.679 Loading class java/beans/PropertyChangeSupport$PropertyChangeListenerMap done
Event: 21.679 Loading class java/beans/PropertyChangeListener
Event: 21.679 Loading class java/beans/PropertyChangeListener done
Event: 24.583 Loading class java/util/stream/LongStream
Event: 24.584 Loading class java/util/stream/LongStream done
Event: 24.584 Loading class java/util/stream/DoubleStream
Event: 24.587 Loading class java/util/stream/DoubleStream done

Classes unloaded (0 events):
No events

Classes redefined (0 events):
No events

Internal exceptions (20 events):
Event: 16.731 Thread 0x000001ed8b2a31e0 Exception <a 'java/lang/NoSuchMethodError'{0x00000000c4105ed8}: 'java.lang.Object java.lang.invoke.Invokers$Holder.linkToTargetMethod(java.lang.Object, java.lang.Object, int, java.lang.Object)'> (0x00000000c4105ed8) 
thrown [s\src\hotspot\share\interpreter\linkResolver.cpp, line 759]
Event: 16.856 Thread 0x000001ed8b2a31e0 Exception <a 'sun/nio/fs/WindowsException'{0x00000000c4197888}> (0x00000000c4197888) 
thrown [s\src\hotspot\share\prims\jni.cpp, line 516]
Event: 16.856 Thread 0x000001ed8b2a31e0 Exception <a 'sun/nio/fs/WindowsException'{0x00000000c4197eb8}> (0x00000000c4197eb8) 
thrown [s\src\hotspot\share\prims\jni.cpp, line 516]
Event: 17.155 Thread 0x000001ed936c0d60 Exception <a 'java/lang/NoSuchMethodError'{0x00000000c3cccca0}: 'java.lang.Object java.lang.invoke.Invokers$Holder.invokeExact_MT(java.lang.Object, java.lang.Object, java.lang.Object, java.lang.Object, java.lang.Object, java.lang.Object)'> (0x00000000c3cccca0) 
thrown [s\src\hotspot\share\interpreter\linkResolver.cpp, line 759]
Event: 17.808 Thread 0x000001ed936c1270 Exception <a 'java/lang/NoSuchMethodError'{0x00000000c4072398}: 'java.lang.Object java.lang.invoke.DirectMethodHandle$Holder.invokeVirtual(java.lang.Object, java.lang.Object, java.lang.Object)'> (0x00000000c4072398) 
thrown [s\src\hotspot\share\interpreter\linkResolver.cpp, line 759]
Event: 18.307 Thread 0x000001ed936c1270 Exception <a 'java/lang/NoSuchMethodError'{0x00000000c3933ca8}: 'java.lang.Object java.lang.invoke.Invokers$Holder.invokeExact_MT(java.lang.Object, java.lang.Object, long, java.lang.Object)'> (0x00000000c3933ca8) 
thrown [s\src\hotspot\share\interpreter\linkResolver.cpp, line 759]
Event: 19.531 Thread 0x000001ed936c0d60 Exception <a 'java/lang/NoSuchMethodError'{0x00000000c3f1fc08}: 'java.lang.Object java.lang.invoke.DirectMethodHandle$Holder.invokeStatic(java.lang.Object, java.lang.Object, int)'> (0x00000000c3f1fc08) 
thrown [s\src\hotspot\share\interpreter\linkResolver.cpp, line 759]
Event: 21.271 Thread 0x000001ed936c0d60 Exception <a 'java/lang/NoSuchMethodError'{0x00000000c37fee18}: 'java.lang.Object java.lang.invoke.DirectMethodHandle$Holder.newInvokeSpecial(java.lang.Object, java.lang.Object, java.lang.Object, java.lang.Object, java.lang.Object, java.lang.Object, java.lang.Object)'> (0x00000000c37fee18) 
thrown [s\src\hotspot\share\interpreter\linkResolver.cpp, line 759]
Event: 21.277 Thread 0x000001ed936c0d60 Exception <a 'java/lang/NoSuchMethodError'{0x00000000c5503a38}: 'java.lang.Object java.lang.invoke.Invokers$Holder.linkToTargetMethod(java.lang.Object, java.lang.Object, java.lang.Object, java.lang.Object, java.lang.Object, java.lang.Object, java.lang.Object)'> (0x00000000c5503a38) 
thrown [s\src\hotspot\share\interpreter\linkResolver.cpp, line 759]
Event: 21.716 Thread 0x000001ed936c0d60 Exception <a 'java/lang/NoSuchMethodError'{0x00000000c3b91e88}: 'int java.lang.invoke.DirectMethodHandle$Holder.invokeVirtual(java.lang.Object, java.lang.Object)'> (0x00000000c3b91e88) 
thrown [s\src\hotspot\share\interpreter\linkResolver.cpp, line 759]
Event: 21.738 Thread 0x000001ed936c0d60 Exception <a 'java/lang/NoSuchMethodError'{0x00000000c3bf25c8}: 'java.lang.Object java.lang.invoke.DirectMethodHandle$Holder.newInvokeSpecial(java.lang.Object, java.lang.Object, java.lang.Object, java.lang.Object, java.lang.Object, java.lang.Object, java.lang.Object, java.lang.Object)'> (0x00000000c3bf25c8) 
thrown [s\src\hotspot\share\interpreter\linkResolver.cpp, line 759]
Event: 21.739 Thread 0x000001ed936c0d60 Exception <a 'java/lang/NoSuchMethodError'{0x00000000c3bf7be0}: 'java.lang.Object java.lang.invoke.DirectMethodHandle$Holder.invokeSpecial(java.lang.Object, java.lang.Object, java.lang.Object, java.lang.Object, java.lang.Object, java.lang.Object, java.lang.Object, java.lang.Object, java.lang.Object)'> (0x00000000c3bf7be0) 
thrown [s\src\hotspot\share\interpreter\linkResolver.cpp, line 759]
Event: 21.739 Thread 0x000001ed936c0d60 Exception <a 'java/lang/NoSuchMethodError'{0x00000000c3bfcb10}: 'java.lang.Object java.lang.invoke.Invokers$Holder.linkToTargetMethod(java.lang.Object, java.lang.Object, java.lang.Object, java.lang.Object, java.lang.Object, java.lang.Object, java.lang.Object, java.lang.Object)'> (0x00000000c3bfcb10) 
thrown [s\src\hotspot\share\interpreter\linkResolver.cpp, line 759]
Event: 22.104 Thread 0x000001ed936c0d60 Exception <a 'java/lang/NoSuchMethodError'{0x00000000c3e19580}: 'java.lang.Object java.lang.invoke.DirectMethodHandle$Holder.newInvokeSpecial(java.lang.Object, java.lang.Object, java.lang.Object, java.lang.Object, int)'> (0x00000000c3e19580) 
thrown [s\src\hotspot\share\interpreter\linkResolver.cpp, line 759]
Event: 22.105 Thread 0x000001ed936c0d60 Exception <a 'java/lang/NoSuchMethodError'{0x00000000c3e1d8b8}: 'java.lang.Object java.lang.invoke.DirectMethodHandle$Holder.invokeSpecial(java.lang.Object, java.lang.Object, java.lang.Object, java.lang.Object, java.lang.Object, int)'> (0x00000000c3e1d8b8) 
thrown [s\src\hotspot\share\interpreter\linkResolver.cpp, line 759]
Event: 22.105 Thread 0x000001ed936c0d60 Exception <a 'java/lang/NoSuchMethodError'{0x00000000c3e215a0}: 'java.lang.Object java.lang.invoke.Invokers$Holder.linkToTargetMethod(java.lang.Object, java.lang.Object, java.lang.Object, int, java.lang.Object)'> (0x00000000c3e215a0) 
thrown [s\src\hotspot\share\interpreter\linkResolver.cpp, line 759]
Event: 22.199 Thread 0x000001ed936c0d60 Exception <a 'java/lang/NoSuchMethodError'{0x00000000c3dc3ed0}: 'java.lang.Object java.lang.invoke.DirectMethodHandle$Holder.newInvokeSpecial(java.lang.Object, java.lang.Object, java.lang.Object, java.lang.Object, java.lang.Object, java.lang.Object)'> (0x00000000c3dc3ed0) 
thrown [s\src\hotspot\share\interpreter\linkResolver.cpp, line 759]
Event: 22.427 Thread 0x000001ed936c0d60 Exception <a 'java/lang/NoSuchMethodError'{0x00000000c39d2678}: 'java.lang.Object java.lang.invoke.DirectMethodHandle$Holder.invokeStaticInit(java.lang.Object, java.lang.Object, java.lang.Object, java.lang.Object)'> (0x00000000c39d2678) 
thrown [s\src\hotspot\share\interpreter\linkResolver.cpp, line 759]
Event: 23.572 Thread 0x000001ed936c0d60 Exception <a 'java/lang/NoSuchMethodError'{0x00000000c4850270}: 'java.lang.Object java.lang.invoke.DirectMethodHandle$Holder.newInvokeSpecial(java.lang.Object, java.lang.Object, java.lang.Object, java.lang.Object, int, java.lang.Object)'> (0x00000000c4850270) 
thrown [s\src\hotspot\share\interpreter\linkResolver.cpp, line 759]
Event: 23.577 Thread 0x000001ed936c0d60 Exception <a 'java/lang/NoSuchMethodError'{0x00000000c4858110}: 'java.lang.Object java.lang.invoke.Invokers$Holder.linkToTargetMethod(java.lang.Object, java.lang.Object, java.lang.Object, int, java.lang.Object, java.lang.Object)'> (0x00000000c4858110) 
thrown [s\src\hotspot\share\interpreter\linkResolver.cpp, line 759]

VM Operations (20 events):
Event: 22.813 Executing VM operation: G1CollectForAllocation done
Event: 23.028 Executing VM operation: G1CollectForAllocation
Event: 23.033 Executing VM operation: G1CollectForAllocation done
Event: 23.117 Executing VM operation: G1PauseRemark
Event: 23.125 Executing VM operation: G1PauseRemark done
Event: 23.167 Executing VM operation: G1PauseCleanup
Event: 23.167 Executing VM operation: G1PauseCleanup done
Event: 23.328 Executing VM operation: G1CollectForAllocation
Event: 23.332 Executing VM operation: G1CollectForAllocation done
Event: 24.162 Executing VM operation: HandshakeAllThreads
Event: 24.162 Executing VM operation: HandshakeAllThreads done
Event: 24.242 Executing VM operation: HandshakeAllThreads
Event: 24.242 Executing VM operation: HandshakeAllThreads done
Event: 24.531 Executing VM operation: HandshakeAllThreads
Event: 24.531 Executing VM operation: HandshakeAllThreads done
Event: 24.531 Executing VM operation: Cleanup
Event: 24.531 Executing VM operation: Cleanup done
Event: 24.545 Executing VM operation: HandshakeAllThreads
Event: 24.545 Executing VM operation: HandshakeAllThreads done
Event: 24.641 Executing VM operation: G1CollectForAllocation

Memory protections (0 events):
No events

Nmethod flushes (0 events):
No events

Events (20 events):
Event: 0.061 Thread 0x000001ed28ded990 Thread added: 0x000001ed443267f0
Event: 0.061 Thread 0x000001ed28ded990 Thread added: 0x000001ed44327c80
Event: 0.087 Thread 0x000001ed28ded990 Thread added: 0x000001ed4433f880
Event: 0.087 Thread 0x000001ed28ded990 Thread added: 0x000001ed44343360
Event: 0.087 Thread 0x000001ed28ded990 Thread added: 0x000001ed44343d20
Event: 0.087 Thread 0x000001ed28ded990 Thread added: 0x000001ed443446e0
Event: 0.087 Thread 0x000001ed28ded990 Thread added: 0x000001ed443453d0
Event: 0.096 Thread 0x000001ed28ded990 Thread added: 0x000001ed443b1c10
Event: 0.097 Thread 0x000001ed28ded990 Thread added: 0x000001ed443b4230
Event: 0.225 Thread 0x000001ed28ded990 Thread added: 0x000001ed4457e730
Event: 0.229 Thread 0x000001ed28ded990 Thread added: 0x000001ed4458d290
Event: 10.297 Thread 0x000001ed28ded990 Thread added: 0x000001ed8aced8b0
Event: 10.340 Thread 0x000001ed8aced8b0 Thread exited: 0x000001ed8aced8b0
Event: 12.773 Thread 0x000001ed28ded990 Thread added: 0x000001ed8ac62080
Event: 12.775 Thread 0x000001ed28ded990 Thread exited: 0x000001ed28ded990
Event: 12.776 Thread 0x000001ed28ded990 Thread added: 0x000001ed28ded990
Event: 13.455 Thread 0x000001ed8ac62080 Thread added: 0x000001ed8b2a31e0
Event: 16.710 Thread 0x000001ed8b2a31e0 Thread added: 0x000001ed936c0850
Event: 17.016 Thread 0x000001ed8b2a31e0 Thread added: 0x000001ed936c0d60
Event: 17.225 Thread 0x000001ed8ac62080 Thread added: 0x000001ed936c1270


Dynamic libraries:
0x00007ff62dfb0000 - 0x00007ff62dfbe000 	C:\Program Files\Eclipse Adoptium\jdk-17.0.20.101-hotspot\bin\java.exe
0x00007ff8d7150000 - 0x00007ff8d7349000 	C:\Windows\SYSTEM32\ntdll.dll
0x00007ff8d5ba0000 - 0x00007ff8d5c62000 	C:\Windows\System32\KERNEL32.DLL
0x00007ff8d4ca0000 - 0x00007ff8d4f97000 	C:\Windows\System32\KERNELBASE.dll
0x00007ff8d4b50000 - 0x00007ff8d4c50000 	C:\Windows\System32\ucrtbase.dll
0x00007ff893a50000 - 0x00007ff893a68000 	C:\Program Files\Eclipse Adoptium\jdk-17.0.20.101-hotspot\bin\jli.dll
0x00007ff8d5760000 - 0x00007ff8d58fd000 	C:\Windows\System32\USER32.dll
0x00007ff8d4fd0000 - 0x00007ff8d4ff2000 	C:\Windows\System32\win32u.dll
0x00007ff8d6870000 - 0x00007ff8d689b000 	C:\Windows\System32\GDI32.dll
0x00007ff8d47a0000 - 0x00007ff8d48ba000 	C:\Windows\System32\gdi32full.dll
0x00007ff8d5000000 - 0x00007ff8d509d000 	C:\Windows\System32\msvcp_win.dll
0x00007ff892ec0000 - 0x00007ff892ede000 	C:\Program Files\Eclipse Adoptium\jdk-17.0.20.101-hotspot\bin\VCRUNTIME140.dll
0x00007ff8c1f50000 - 0x00007ff8c21eb000 	C:\Windows\WinSxS\amd64_microsoft.windows.common-controls_6595b64144ccf1df_6.0.19041.7663_none_60b9ed0b71f50c93\COMCTL32.dll
0x00007ff8d7010000 - 0x00007ff8d70ae000 	C:\Windows\System32\msvcrt.dll
0x00007ff8d5b70000 - 0x00007ff8d5b9f000 	C:\Windows\System32\IMM32.DLL
0x00007ff8a5da0000 - 0x00007ff8a5dac000 	C:\Program Files\Eclipse Adoptium\jdk-17.0.20.101-hotspot\bin\vcruntime140_1.dll
0x00007ff81b6e0000 - 0x00007ff81b76d000 	C:\Program Files\Eclipse Adoptium\jdk-17.0.20.101-hotspot\bin\msvcp140.dll
0x00007ff81aa70000 - 0x00007ff81b6dc000 	C:\Program Files\Eclipse Adoptium\jdk-17.0.20.101-hotspot\bin\server\jvm.dll
0x00007ff8d5df0000 - 0x00007ff8d5ea2000 	C:\Windows\System32\ADVAPI32.dll
0x00007ff8d5c70000 - 0x00007ff8d5d10000 	C:\Windows\System32\sechost.dll
0x00007ff8d6b80000 - 0x00007ff8d6ca6000 	C:\Windows\System32\RPCRT4.dll
0x00007ff8d4fa0000 - 0x00007ff8d4fc7000 	C:\Windows\System32\bcrypt.dll
0x00007ff8d6640000 - 0x00007ff8d66b3000 	C:\Windows\System32\WS2_32.dll
0x00007ff8d45f0000 - 0x00007ff8d463b000 	C:\Windows\SYSTEM32\POWRPROF.dll
0x00007ff8bf360000 - 0x00007ff8bf387000 	C:\Windows\SYSTEM32\WINMM.dll
0x00007ff8cdbe0000 - 0x00007ff8cdbea000 	C:\Windows\SYSTEM32\VERSION.dll
0x00007ff8d45d0000 - 0x00007ff8d45e2000 	C:\Windows\SYSTEM32\UMPDC.dll
0x00007ff8d25b0000 - 0x00007ff8d25c2000 	C:\Windows\SYSTEM32\kernel.appcore.dll
0x00007ff881220000 - 0x00007ff88122a000 	C:\Program Files\Eclipse Adoptium\jdk-17.0.20.101-hotspot\bin\jimage.dll
0x00007ff8bf410000 - 0x00007ff8bf61b000 	C:\Windows\SYSTEM32\DBGHELP.DLL
0x00007ff8ba5d0000 - 0x00007ff8ba605000 	C:\Windows\SYSTEM32\dbgcore.DLL
0x00007ff8d50a0000 - 0x00007ff8d5122000 	C:\Windows\System32\bcryptPrimitives.dll
0x00007ff839fe0000 - 0x00007ff83a005000 	C:\Program Files\Eclipse Adoptium\jdk-17.0.20.101-hotspot\bin\java.dll
0x00007ff81a7d0000 - 0x00007ff81a8a7000 	C:\Program Files\Eclipse Adoptium\jdk-17.0.20.101-hotspot\bin\jsvml.dll
0x00007ff8d5eb0000 - 0x00007ff8d6621000 	C:\Windows\System32\SHELL32.dll
0x00007ff8d27c0000 - 0x00007ff8d2f6c000 	C:\Windows\SYSTEM32\windows.storage.dll
0x00007ff8d6cb0000 - 0x00007ff8d7004000 	C:\Windows\System32\combase.dll
0x00007ff8d40f0000 - 0x00007ff8d411b000 	C:\Windows\SYSTEM32\Wldp.dll
0x00007ff8d69a0000 - 0x00007ff8d6a4d000 	C:\Windows\System32\SHCORE.dll
0x00007ff8d5900000 - 0x00007ff8d595b000 	C:\Windows\System32\shlwapi.dll
0x00007ff8d46d0000 - 0x00007ff8d46f5000 	C:\Windows\SYSTEM32\profapi.dll
0x00007ff81a450000 - 0x00007ff81a46a000 	C:\Program Files\Eclipse Adoptium\jdk-17.0.20.101-hotspot\bin\net.dll
0x00007ff8cad10000 - 0x00007ff8cae1d000 	C:\Windows\SYSTEM32\WINHTTP.dll
0x00007ff8d3dd0000 - 0x00007ff8d3e3a000 	C:\Windows\system32\mswsock.dll
0x00007ff81a430000 - 0x00007ff81a446000 	C:\Program Files\Eclipse Adoptium\jdk-17.0.20.101-hotspot\bin\nio.dll
0x00007ff81a410000 - 0x00007ff81a428000 	C:\Program Files\Eclipse Adoptium\jdk-17.0.20.101-hotspot\bin\zip.dll
0x00007ff8d4050000 - 0x00007ff8d4068000 	C:\Windows\SYSTEM32\CRYPTSP.dll
0x00007ff8d3700000 - 0x00007ff8d3738000 	C:\Windows\system32\rsaenh.dll
0x00007ff8d4680000 - 0x00007ff8d46ae000 	C:\Windows\SYSTEM32\USERENV.dll
0x00007ff8d4040000 - 0x00007ff8d404c000 	C:\Windows\SYSTEM32\CRYPTBASE.dll
0x00007ff8d3ad0000 - 0x00007ff8d3b0b000 	C:\Windows\SYSTEM32\IPHLPAPI.DLL
0x00007ff8d6630000 - 0x00007ff8d6638000 	C:\Windows\System32\NSI.dll
0x00007ff8cc390000 - 0x00007ff8cc3a7000 	C:\Windows\SYSTEM32\dhcpcsvc6.DLL
0x00007ff8cc280000 - 0x00007ff8cc29d000 	C:\Windows\SYSTEM32\dhcpcsvc.DLL
0x00007ff8d3b10000 - 0x00007ff8d3bdc000 	C:\Windows\SYSTEM32\DNSAPI.dll
0x00007ff884e10000 - 0x00007ff884e20000 	C:\Program Files\Eclipse Adoptium\jdk-17.0.20.101-hotspot\bin\verify.dll
0x00007ff81d660000 - 0x00007ff81d749000 	C:\Users\welcome\AppData\Local\Temp\sqlite-3.41.2.1-b74aa121-e638-44b8-95ee-6da65d4d14af-sqlitejdbc.dll

dbghelp: loaded successfully - version: 4.0.5 - missing functions: none
symbol engine: initialized successfully - sym options: 0x614 - pdb path: .;C:\Program Files\Eclipse Adoptium\jdk-17.0.20.101-hotspot\bin;C:\Windows\SYSTEM32;C:\Windows\WinSxS\amd64_microsoft.windows.common-controls_6595b64144ccf1df_6.0.19041.7663_none_60b9ed0b71f50c93;C:\Program Files\Eclipse Adoptium\jdk-17.0.20.101-hotspot\bin\server;C:\Users\welcome\AppData\Local\Temp

VM Arguments:
jvm_args: -DkotlinLanguageServer.version=1.3.13 
java_command: org.javacs.kt.MainKt
java_class_path (initial): c:\Users\welcome\AppData\Roaming\Code\User\globalStorage\fwcd.kotlin\langServerInstall\server\lib\server-1.3.13.jar;c:\Users\welcome\AppData\Roaming\Code\User\globalStorage\fwcd.kotlin\langServerInstall\server\lib\shared-1.3.13.jar;c:\Users\welcome\AppData\Roaming\Code\User\globalStorage\fwcd.kotlin\langServerInstall\server\lib\kotlin-scripting-jvm-host-unshaded-2.1.0.jar;c:\Users\welcome\AppData\Roaming\Code\User\globalStorage\fwcd.kotlin\langServerInstall\server\lib\kotlin-scripting-compiler-2.1.0.jar;c:\Users\welcome\AppData\Roaming\Code\User\globalStorage\fwcd.kotlin\langServerInstall\server\lib\ktfmt-b5d31d1.jar;c:\Users\welcome\AppData\Roaming\Code\User\globalStorage\fwcd.kotlin\langServerInstall\server\lib\kotlin-compiler-2.1.0.jar;c:\Users\welcome\AppData\Roaming\Code\User\globalStorage\fwcd.kotlin\langServerInstall\server\lib\exposed-dao-0.37.3.jar;c:\Users\welcome\AppData\Roaming\Code\User\globalStorage\fwcd.kotlin\langServerInstall\server\lib\exposed-jdbc-0.37.3.jar;c:\Users\welcome\AppData\Roaming\Code\User\globalStorage\fwcd.kotlin\langServerInstall\server\lib\exposed-core-0.37.3.jar;c:\Users\welcome\AppData\Roaming\Code\User\globalStorage\fwcd.kotlin\langServerInstall\server\lib\kotlin-scripting-compiler-impl-2.1.0.jar;c:\Users\welcome\AppData\Roaming\Code\User\globalStorage\fwcd.kotlin\langServerInstall\server\lib\kotlin-reflect-2.1.0.jar;c:\Users\welcome\AppData\Roaming\Code\User\globalStorage\fwcd.kotlin\langServerInstall\server\lib\kotlin-scripting-jvm-2.1.0.jar;c:\Users\welcome\AppData\Roaming\Code\User\globalStorage\fwcd.kotlin\langServerInstall\server\lib\kotlin-scripting-common-2.1.0.jar;c:\Users\welcome\AppData\Roaming\Code\User\globalStorage\fwcd.kotlin\langServerInstall\server\lib\kotlinx-coroutines-core-jvm-1.6.4.jar;c:\Users\welcome\AppData\Roaming\Code\User\globalStorage\fwcd.kotlin\langServerInstall\server\lib\kotlin-stdlib-jdk8-2.1.0.jar;c:\Users\welcome\AppData\Roaming\Code\User\globalStorage\fwcd.kotlin\la
Launcher Type: SUN_STANDARD

[Global flags]
     intx CICompilerCount                          = 3                                         {product} {ergonomic}
     uint ConcGCThreads                            = 1                                         {product} {ergonomic}
     uint G1ConcRefinementThreads                  = 4                                         {product} {ergonomic}
   size_t G1HeapRegionSize                         = 1048576                                   {product} {ergonomic}
    uintx GCDrainStackTargetSize                   = 64                                        {product} {ergonomic}
   size_t InitialHeapSize                          = 67108864                                  {product} {ergonomic}
   size_t MarkStackSize                            = 4194304                                   {product} {ergonomic}
   size_t MaxHeapSize                              = 1050673152                                {product} {ergonomic}
   size_t MaxNewSize                               = 630194176                                 {product} {ergonomic}
   size_t MinHeapDeltaBytes                        = 1048576                                   {product} {ergonomic}
   size_t MinHeapSize                              = 8388608                                   {product} {ergonomic}
    uintx NonNMethodCodeHeapSize                   = 5832780                                {pd product} {ergonomic}
    uintx NonProfiledCodeHeapSize                  = 122912730                              {pd product} {ergonomic}
    uintx ProfiledCodeHeapSize                     = 122912730                              {pd product} {ergonomic}
    uintx ReservedCodeCacheSize                    = 251658240                              {pd product} {ergonomic}
     bool SegmentedCodeCache                       = true                                      {product} {ergonomic}
   size_t SoftMaxHeapSize                          = 1050673152                             {manageable} {ergonomic}
     bool UseCompressedClassPointers               = true                           {product lp64_product} {ergonomic}
     bool UseCompressedOops                        = true                           {product lp64_product} {ergonomic}
     bool UseG1GC                                  = true                                      {product} {ergonomic}
     bool UseLargePagesIndividualAllocation        = false                                  {pd product} {ergonomic}

Logging:
Log output configuration:
 #0: stdout all=warning uptime,level,tags
 #1: stderr all=off uptime,level,tags

Environment Variables:
CLASSPATH=c:\Users\welcome\AppData\Roaming\Code\User\globalStorage\fwcd.kotlin\langServerInstall\server\lib\server-1.3.13.jar;c:\Users\welcome\AppData\Roaming\Code\User\globalStorage\fwcd.kotlin\langServerInstall\server\lib\shared-1.3.13.jar;c:\Users\welcome\AppData\Roaming\Code\User\globalStorage\fwcd.kotlin\langServerInstall\server\lib\kotlin-scripting-jvm-host-unshaded-2.1.0.jar;c:\Users\welcome\AppData\Roaming\Code\User\globalStorage\fwcd.kotlin\langServerInstall\server\lib\kotlin-scripting-compiler-2.1.0.jar;c:\Users\welcome\AppData\Roaming\Code\User\globalStorage\fwcd.kotlin\langServerInstall\server\lib\ktfmt-b5d31d1.jar;c:\Users\welcome\AppData\Roaming\Code\User\globalStorage\fwcd.kotlin\langServerInstall\server\lib\kotlin-compiler-2.1.0.jar;c:\Users\welcome\AppData\Roaming\Code\User\globalStorage\fwcd.kotlin\langServerInstall\server\lib\exposed-dao-0.37.3.jar;c:\Users\welcome\AppData\Roaming\Code\User\globalStorage\fwcd.kotlin\langServerInstall\server\lib\exposed-jdbc-0.37.3.jar;c:\Users\welcome\AppData\Roaming\Code\User\globalStorage\fwcd.kotlin\langServerInstall\server\lib\exposed-core-0.37.3.jar;c:\Users\welcome\AppData\Roaming\Code\User\globalStorage\fwcd.kotlin\langServerInstall\server\lib\kotlin-scripting-compiler-impl-2.1.0.jar;c:\Users\welcome\AppData\Roaming\Code\User\globalStorage\fwcd.kotlin\langServerInstall\server\lib\kotlin-reflect-2.1.0.jar;c:\Users\welcome\AppData\Roaming\Code\User\globalStorage\fwcd.kotlin\langServerInstall\server\lib\kotlin-scripting-jvm-2.1.0.jar;c:\Users\welcome\AppData\Roaming\Code\User\globalStorage\fwcd.kotlin\langServerInstall\server\lib\kotlin-scripting-common-2.1.0.jar;c:\Users\welcome\AppData\Roaming\Code\User\globalStorage\fwcd.kotlin\langServerInstall\server\lib\kotlinx-coroutines-core-jvm-1.6.4.jar;c:\Users\welcome\AppData\Roaming\Code\User\globalStorage\fwcd.kotlin\langServerInstall\server\lib\kotlin-stdlib-jdk8-2.1.0.jar;c:\Users\welcome\AppData\Roaming\Code\User\globalStorage\fwcd.kotlin\langServerInstall\server\lib\kotlin-stdlib-jdk7-2.1.0.jar;c:\Users\welcome\AppData\Roaming\Code\User\globalStorage\fwcd.kotlin\langServerInstall\server\lib\kotlin-stdlib-2.1.0.jar;c:\Users\welcome\AppData\Roaming\Code\User\globalStorage\fwcd.kotlin\langServerInstall\server\lib\org.eclipse.lsp4j-0.21.2.jar;c:\Users\welcome\AppData\Roaming\Code\User\globalStorage\fwcd.kotlin\langServerInstall\server\lib\org.eclipse.lsp4j.jsonrpc-0.21.2.jar;c:\Users\welcome\AppData\Roaming\Code\User\globalStorage\fwcd.kotlin\langServerInstall\server\lib\kotlin-sam-with-receiver-compiler-plugin-2.1.0.jar;c:\Users\welcome\AppData\Roaming\Code\User\globalStorage\fwcd.kotlin\langServerInstall\server\lib\fernflower-1.0.jar;c:\Users\welcome\AppData\Roaming\Code\User\globalStorage\fwcd.kotlin\langServerInstall\server\lib\h2-1.4.200.jar;c:\Users\welcome\AppData\Roaming\Code\User\globalStorage\fwcd.kotlin\langServerInstall\server\lib\jcommander-1.78.jar;c:\Users\welcome\AppData\Roaming\Code\User\globalStorage\fwcd.kotlin\langServerInstall\server\lib\sqlite-jdbc-3.41.2.1.jar;c:\Users\welcome\AppData\Roaming\Code\User\globalStorage\fwcd.kotlin\langServerInstall\server\lib\google-java-format-1.8.jar;c:\Users\welcome\AppData\Roaming\Code\User\globalStorage\fwcd.kotlin\langServerInstall\server\lib\guava-33.3.0-jre.jar;c:\Users\welcome\AppData\Roaming\Code\User\globalStorage\fwcd.kotlin\langServerInstall\server\lib\annotations-13.0.jar;c:\Users\welcome\AppData\Roaming\Code\User\globalStorage\fwcd.kotlin\langServerInstall\server\lib\gson-2.10.1.jar;c:\Users\welcome\AppData\Roaming\Code\User\globalStorage\fwcd.kotlin\langServerInstall\server\lib\kotlin-script-runtime-2.1.0.jar;c:\Users\welcome\AppData\Roaming\Code\User\globalStorage\fwcd.kotlin\langServerInstall\server\lib\trove4j-1.0.20200330.jar;c:\Users\welcome\AppData\Roaming\Code\User\globalStorage\fwcd.kotlin\langServerInstall\server\lib\jline-3.24.1.jar;c:\Users\welcome\AppData\Roaming\Code\User\globalStorage\fwcd.kotlin\langServerInstall\server\lib\slf4j-api-1.7.25.jar;c:\Users\welcome\AppData\Roaming\Code\User\globalStorage\fwcd.kotlin\langServerInstall\server\lib\jna-4.2.2.jar;c:\Users\welcome\AppData\Roaming\Code\User\globalStorage\fwcd.kotlin\langServerInstall\server\lib\failureaccess-1.0.2.jar;c:\Users\welcome\AppData\Roaming\Code\User\globalStorage\fwcd.kotlin\langServerInstall\server\lib\listenablefuture-9999.0-empty-to-avoid-conflict-with-guava.jar;c:\Users\welcome\AppData\Roaming\Code\User\globalStorage\fwcd.kotlin\langServerInstall\server\lib\jsr305-3.0.2.jar;c:\Users\welcome\AppData\Roaming\Code\User\globalStorage\fwcd.kotlin\langServerInstall\server\lib\checker-qual-3.43.0.jar;c:\Users\welcome\AppData\Roaming\Code\User\globalStorage\fwcd.kotlin\langServerInstall\server\lib\error_prone_annotations-2.28.0.jar
PATH=C:\Program Files\Eclipse Adoptium\jdk-17.0.20.101-hotspot\bin;C:\Windows\system32;C:\Windows;C:\Windows\System32\Wbem;C:\Windows\System32\WindowsPowerShell\v1.0\;C:\Windows\System32\OpenSSH\;C:\Program Files\Git\cmd;C:\Program Files\nodejs\;C:\Users\welcome\AppData\Local\Microsoft\WindowsApps;C:\Users\welcome\AppData\Local\Programs\Microsoft VS Code\bin;C:\Users\welcome\AppData\Local\Programs\DockerDesktop\resources\bin;C:\Users\welcome\AppData\Roaming\npm
USERNAME=welcome
OS=Windows_NT
PROCESSOR_IDENTIFIER=Intel64 Family 6 Model 142 Stepping 9, GenuineIntel
TMP=C:\Users\welcome\AppData\Local\Temp
TEMP=C:\Users\welcome\AppData\Local\Temp



Periodic native trim disabled


---------------  S Y S T E M  ---------------

OS:
 Windows 10 , 64 bit Build 19041 (10.0.19041.7725)
OS uptime: 0 days 0:34 hours
Hyper-V role detected

CPU: total 4 (initial active 4) (2 cores per cpu, 2 threads per core) family 6 model 142 stepping 9 microcode 0xea, cx8, cmov, fxsr, ht, mmx, 3dnowpref, sse, sse2, sse3, ssse3, sse4.1, sse4.2, popcnt, lzcnt, tsc, tscinvbit, avx, avx2, aes, erms, clmul, bmi1, bmi2, adx, fma, vzeroupper, clflush, clflushopt, hv
Processor Information for all 4 processors :
  Max Mhz: 2400, Current Mhz: 2400, Mhz Limit: 2400

Memory: 4k page, system-wide physical 4005M (41M free)
TotalPageFile size 11505M (AvailPageFile size 3M)
current process WorkingSet (physical memory assigned to process): 197M, peak: 200M
current process commit charge ("private bytes"): 235M, peak: 245M

vm_info: OpenJDK 64-Bit Server VM (17.0.20.1+1) for windows-amd64 JRE (17.0.20.1+1), built on Aug 18 2026 20:44:09 by "admin" with MS VC++ 17.12 (VS2022)

END.
