#
# There is insufficient memory for the Java Runtime Environment to continue.
# Native memory allocation (malloc) failed to allocate 689760 bytes. Error detail: Chunk::new
# Possible reasons:
#   The system is out of physical RAM or swap space
#   This process is running with CompressedOops enabled, and the Java Heap may be blocking the growth of the native heap
# Possible solutions:
#   Reduce memory load on the system
#   Increase physical memory or swap space
#   Check if swap backing store is full
#   Decrease Java heap size (-Xmx/-Xms)
#   Decrease number of Java threads
#   Decrease Java thread stack sizes (-Xss)
#   Set larger code cache with -XX:ReservedCodeCacheSize=
#   JVM is running with Unscaled Compressed Oops mode in which the Java heap is
#     placed in the first 4GB address space. The Java Heap base address is the
#     maximum limit for the native heap growth. Please use -XX:HeapBaseMinAddress
#     to set the Java Heap base and to place the Java Heap above 4GB virtual address.
# This output file may be truncated or incomplete.
#
#  Out of Memory Error (arena.cpp:191), pid=4032, tid=9584
#
# JRE version: OpenJDK Runtime Environment Temurin-17.0.20.1+1 (17.0.20.1+1) (build 17.0.20.1+1)
# Java VM: OpenJDK 64-Bit Server VM Temurin-17.0.20.1+1 (17.0.20.1+1, mixed mode, sharing, tiered, compressed oops, compressed class ptrs, g1 gc, windows-amd64)
# No core dump will be written. Minidumps are not enabled by default on client versions of Windows
#

---------------  S U M M A R Y ------------

Command Line: -DkotlinLanguageServer.version=1.3.13 org.javacs.kt.MainKt

Host: Intel(R) Core(TM) i3-7100U CPU @ 2.40GHz, 4 cores, 3G,  Windows 10 , 64 bit Build 19041 (10.0.19041.7725)
Time: Tue Sep 29 09:45:46 2026 India Standard Time elapsed time: 9.576121 seconds (0d 0h 0m 9s)

---------------  T H R E A D  ---------------

Current thread (0x0000024f226c56a0):  JavaThread "C2 CompilerThread0" daemon [_thread_in_native, id=9584, stack(0x0000007c4ba00000,0x0000007c4bb00000)]


Current CompileTask:
C2:9576 2603       4       java.util.HashSet::add (20 bytes)

Stack: [0x0000007c4ba00000,0x0000007c4bb00000]
Native frames: (J=compiled Java code, j=interpreted, Vv=VM code, C=native code)
V  [jvm.dll+0x684d39]
V  [jvm.dll+0x83a565]
V  [jvm.dll+0x83bfde]
V  [jvm.dll+0x83c663]
V  [jvm.dll+0x2490cf]
V  [jvm.dll+0xad536]
V  [jvm.dll+0xadbdc]
V  [jvm.dll+0x368dbe]
V  [jvm.dll+0x333215]
V  [jvm.dll+0x33267a]
V  [jvm.dll+0x219ed9]
V  [jvm.dll+0x21931f]
V  [jvm.dll+0x1a49e0]
V  [jvm.dll+0x229a6a]
V  [jvm.dll+0x227c1b]
V  [jvm.dll+0x7f0d18]
V  [jvm.dll+0x7eb17c]
V  [jvm.dll+0x683c07]
C  [ucrtbase.dll+0x21bb2]
C  [KERNEL32.DLL+0x17384]
C  [ntdll.dll+0x4cc91]


---------------  P R O C E S S  ---------------

Threads class SMR info:
_java_thread_list=0x0000024f71cd02f0, length=13, elements={
0x0000024f226a6e00, 0x0000024f226a81a0, 0x0000024f226c0f20, 0x0000024f226c3900,
0x0000024f226c41d0, 0x0000024f226c4aa0, 0x0000024f226c56a0, 0x0000024f226c79e0,
0x0000024f22734dc0, 0x0000024f22905a00, 0x0000024f22912bb0, 0x0000024f6827cae0,
0x0000024f0716e750
}

Java Threads: ( => current thread )
  0x0000024f226a6e00 JavaThread "Reference Handler" daemon [_thread_blocked, id=4896, stack(0x0000007c4b400000,0x0000007c4b500000)]
  0x0000024f226a81a0 JavaThread "Finalizer" daemon [_thread_blocked, id=20548, stack(0x0000007c4b500000,0x0000007c4b600000)]
  0x0000024f226c0f20 JavaThread "Signal Dispatcher" daemon [_thread_blocked, id=17376, stack(0x0000007c4b600000,0x0000007c4b700000)]
  0x0000024f226c3900 JavaThread "Attach Listener" daemon [_thread_blocked, id=20988, stack(0x0000007c4b700000,0x0000007c4b800000)]
  0x0000024f226c41d0 JavaThread "Service Thread" daemon [_thread_blocked, id=8736, stack(0x0000007c4b800000,0x0000007c4b900000)]
  0x0000024f226c4aa0 JavaThread "Monitor Deflation Thread" daemon [_thread_blocked, id=5900, stack(0x0000007c4b900000,0x0000007c4ba00000)]
=>0x0000024f226c56a0 JavaThread "C2 CompilerThread0" daemon [_thread_in_native, id=9584, stack(0x0000007c4ba00000,0x0000007c4bb00000)]
  0x0000024f226c79e0 JavaThread "C1 CompilerThread0" daemon [_thread_blocked, id=10800, stack(0x0000007c4bb00000,0x0000007c4bc00000)]
  0x0000024f22734dc0 JavaThread "Sweeper thread" daemon [_thread_blocked, id=6904, stack(0x0000007c4bc00000,0x0000007c4bd00000)]
  0x0000024f22905a00 JavaThread "Notification Thread" daemon [_thread_blocked, id=19216, stack(0x0000007c4bd00000,0x0000007c4be00000)]
  0x0000024f22912bb0 JavaThread "Common-Cleaner" daemon [_thread_blocked, id=872, stack(0x0000007c4bf00000,0x0000007c4c000000)]
  0x0000024f6827cae0 JavaThread "client" [_thread_in_vm, id=18124, stack(0x0000007c4c300000,0x0000007c4c400000)]
  0x0000024f0716e750 JavaThread "DestroyJavaVM" [_thread_blocked, id=10412, stack(0x0000007c4ad00000,0x0000007c4ae00000)]

Other Threads:
  0x0000024f0721e7c0 VMThread "VM Thread" [stack: 0x0000007c4b300000,0x0000007c4b400000] [id=15584]
  0x0000024f22905ee0 WatcherThread [stack: 0x0000007c4be00000,0x0000007c4bf00000] [id=18172]
  0x0000024f071aadf0 GCTaskThread "GC Thread#0" [stack: 0x0000007c4ae00000,0x0000007c4af00000] [id=21592]
  0x0000024f22c7e700 GCTaskThread "GC Thread#1" [stack: 0x0000007c4c000000,0x0000007c4c100000] [id=18748]
  0x0000024f682fec40 GCTaskThread "GC Thread#2" [stack: 0x0000007c4c100000,0x0000007c4c200000] [id=10500]
  0x0000024f68219c10 GCTaskThread "GC Thread#3" [stack: 0x0000007c4c200000,0x0000007c4c300000] [id=1300]
  0x0000024f071b49a0 ConcurrentGCThread "G1 Main Marker" [stack: 0x0000007c4af00000,0x0000007c4b000000] [id=3028]
  0x0000024f071b62e0 ConcurrentGCThread "G1 Conc#0" [stack: 0x0000007c4b000000,0x0000007c4b100000] [id=18004]
  0x0000024f072030f0 ConcurrentGCThread "G1 Refine#0" [stack: 0x0000007c4b100000,0x0000007c4b200000] [id=17048]
  0x0000024f07203a30 ConcurrentGCThread "G1 Service" [stack: 0x0000007c4b200000,0x0000007c4b300000] [id=12212]

Threads with active compile tasks:
C2 CompilerThread0  9636 2603       4       java.util.HashSet::add (20 bytes)
C1 CompilerThread0  9636 2653       3       java.lang.reflect.Constructor::copy (72 bytes)

VM state: not at safepoint (normal execution)

VM Mutex/Monitor currently owned by a thread: None

Heap address: 0x00000000c1600000, size: 1002 MB, Compressed Oops mode: 32-bit

CDS archive(s) mapped at: [0x0000024f23000000-0x0000024f23bb0000-0x0000024f23bb0000), size 12255232, SharedBaseAddress: 0x0000024f23000000, ArchiveRelocationMode: 1.
Compressed class space mapped at: 0x0000024f24000000-0x0000024f64000000, reserved size: 1073741824
Narrow klass base: 0x0000024f23000000, Narrow klass shift: 0, Narrow klass range: 0x100000000

GC Precious Log:
 CPUs: 4 total, 4 available
 Memory: 4005M
 Large Page Support: Disabled
 NUMA Support: Disabled
 Compressed Oops: Enabled (32-bit)
 Heap Region Size: 1M
 Heap Min Capacity: 8M
 Heap Initial Capacity: 64M
 Heap Max Capacity: 1002M
 Pre-touch: Disabled
 Parallel Workers: 4
 Concurrent Workers: 1
 Concurrent Refinement Workers: 4
 Periodic GC: Disabled

Heap:
 garbage-first heap   total 46080K, used 21181K [0x00000000c1600000, 0x0000000100000000)
  region size 1024K, 12 young (12288K), 5 survivors (5120K)
 Metaspace       used 30338K, committed 30592K, reserved 1114112K
  class space    used 3427K, committed 3520K, reserved 1048576K

Heap Regions: E=young(eden), S=young(survivor), O=old, HS=humongous(starts), HC=humongous(continues), CS=collection set, F=free, OA=open archive, CA=closed archive, TAMS=top-at-mark-start (previous, next)
|   0|0x00000000c1600000, 0x00000000c1700000, 0x00000000c1700000|100%|HS|  |TAMS 0x00000000c1700000, 0x00000000c1600000| Complete 
|   1|0x00000000c1700000, 0x00000000c1800000, 0x00000000c1800000|100%|HC|  |TAMS 0x00000000c1800000, 0x00000000c1700000| Complete 
|   2|0x00000000c1800000, 0x00000000c1900000, 0x00000000c1900000|100%|HC|  |TAMS 0x00000000c1900000, 0x00000000c1800000| Complete 
|   3|0x00000000c1900000, 0x00000000c1a00000, 0x00000000c1a00000|100%|HC|  |TAMS 0x00000000c1a00000, 0x00000000c1900000| Complete 
|   4|0x00000000c1a00000, 0x00000000c1b00000, 0x00000000c1b00000|100%| O|  |TAMS 0x00000000c1b00000, 0x00000000c1a00000| Untracked 
|   5|0x00000000c1b00000, 0x00000000c1c00000, 0x00000000c1c00000|100%| O|  |TAMS 0x00000000c1c00000, 0x00000000c1b00000| Untracked 
|   6|0x00000000c1c00000, 0x00000000c1d00000, 0x00000000c1d00000|100%| O|  |TAMS 0x00000000c1c00000, 0x00000000c1c00000| Untracked 
|   7|0x00000000c1d00000, 0x00000000c1e00000, 0x00000000c1e00000|100%| O|  |TAMS 0x00000000c1e00000, 0x00000000c1d00000| Untracked 
|   8|0x00000000c1e00000, 0x00000000c1f00000, 0x00000000c1f00000|100%| O|  |TAMS 0x00000000c1f00000, 0x00000000c1e00000| Untracked 
|   9|0x00000000c1f00000, 0x00000000c1faf600, 0x00000000c2000000| 68%| O|  |TAMS 0x00000000c1f00000, 0x00000000c1f00000| Untracked 
|  10|0x00000000c2000000, 0x00000000c2100000, 0x00000000c2100000|100%| S|CS|TAMS 0x00000000c2000000, 0x00000000c2000000| Complete 
|  11|0x00000000c2100000, 0x00000000c2200000, 0x00000000c2200000|100%| S|CS|TAMS 0x00000000c2100000, 0x00000000c2100000| Complete 
|  12|0x00000000c2200000, 0x00000000c2300000, 0x00000000c2300000|100%| S|CS|TAMS 0x00000000c2200000, 0x00000000c2200000| Complete 
|  13|0x00000000c2300000, 0x00000000c2400000, 0x00000000c2400000|100%| S|CS|TAMS 0x00000000c2300000, 0x00000000c2300000| Complete 
|  14|0x00000000c2400000, 0x00000000c2400000, 0x00000000c2500000|  0%| F|  |TAMS 0x00000000c2400000, 0x00000000c2400000| Untracked 
|  15|0x00000000c2500000, 0x00000000c2500000, 0x00000000c2600000|  0%| F|  |TAMS 0x00000000c2500000, 0x00000000c2500000| Untracked 
|  16|0x00000000c2600000, 0x00000000c2600000, 0x00000000c2700000|  0%| F|  |TAMS 0x00000000c2600000, 0x00000000c2600000| Untracked 
|  17|0x00000000c2700000, 0x00000000c2700000, 0x00000000c2800000|  0%| F|  |TAMS 0x00000000c2700000, 0x00000000c2700000| Untracked 
|  18|0x00000000c2800000, 0x00000000c2800000, 0x00000000c2900000|  0%| F|  |TAMS 0x00000000c2800000, 0x00000000c2800000| Untracked 
|  19|0x00000000c2900000, 0x00000000c2900000, 0x00000000c2a00000|  0%| F|  |TAMS 0x00000000c2900000, 0x00000000c2900000| Untracked 
|  20|0x00000000c2a00000, 0x00000000c2a00000, 0x00000000c2b00000|  0%| F|  |TAMS 0x00000000c2a00000, 0x00000000c2a00000| Untracked 
|  21|0x00000000c2b00000, 0x00000000c2b00000, 0x00000000c2c00000|  0%| F|  |TAMS 0x00000000c2b00000, 0x00000000c2b00000| Untracked 
|  22|0x00000000c2c00000, 0x00000000c2c00000, 0x00000000c2d00000|  0%| F|  |TAMS 0x00000000c2c00000, 0x00000000c2c00000| Untracked 
|  23|0x00000000c2d00000, 0x00000000c2d00000, 0x00000000c2e00000|  0%| F|  |TAMS 0x00000000c2d00000, 0x00000000c2d00000| Untracked 
|  24|0x00000000c2e00000, 0x00000000c2e00000, 0x00000000c2f00000|  0%| F|  |TAMS 0x00000000c2e00000, 0x00000000c2e00000| Untracked 
|  25|0x00000000c2f00000, 0x00000000c2f00000, 0x00000000c3000000|  0%| F|  |TAMS 0x00000000c2f00000, 0x00000000c2f00000| Untracked 
|  26|0x00000000c3000000, 0x00000000c3000000, 0x00000000c3100000|  0%| F|  |TAMS 0x00000000c3000000, 0x00000000c3000000| Untracked 
|  27|0x00000000c3100000, 0x00000000c3100000, 0x00000000c3200000|  0%| F|  |TAMS 0x00000000c3100000, 0x00000000c3100000| Untracked 
|  28|0x00000000c3200000, 0x00000000c3200000, 0x00000000c3300000|  0%| F|  |TAMS 0x00000000c3200000, 0x00000000c3200000| Untracked 
|  29|0x00000000c3300000, 0x00000000c3300000, 0x00000000c3400000|  0%| F|  |TAMS 0x00000000c3300000, 0x00000000c3300000| Untracked 
|  30|0x00000000c3400000, 0x00000000c3400000, 0x00000000c3500000|  0%| F|  |TAMS 0x00000000c3400000, 0x00000000c3400000| Untracked 
|  31|0x00000000c3500000, 0x00000000c3500000, 0x00000000c3600000|  0%| F|  |TAMS 0x00000000c3500000, 0x00000000c3500000| Untracked 
|  32|0x00000000c3600000, 0x00000000c3600000, 0x00000000c3700000|  0%| F|  |TAMS 0x00000000c3600000, 0x00000000c3600000| Untracked 
|  33|0x00000000c3700000, 0x00000000c3700000, 0x00000000c3800000|  0%| F|  |TAMS 0x00000000c3700000, 0x00000000c3700000| Untracked 
|  34|0x00000000c3800000, 0x00000000c3800000, 0x00000000c3900000|  0%| F|  |TAMS 0x00000000c3800000, 0x00000000c3800000| Untracked 
|  35|0x00000000c3900000, 0x00000000c3900000, 0x00000000c3a00000|  0%| F|  |TAMS 0x00000000c3900000, 0x00000000c3900000| Untracked 
|  36|0x00000000c3a00000, 0x00000000c3a00000, 0x00000000c3b00000|  0%| F|  |TAMS 0x00000000c3a00000, 0x00000000c3a00000| Untracked 
|  37|0x00000000c3b00000, 0x00000000c3bae2d8, 0x00000000c3c00000| 68%| E|  |TAMS 0x00000000c3b00000, 0x00000000c3b00000| Complete 
|  38|0x00000000c3c00000, 0x00000000c3d00000, 0x00000000c3d00000|100%| E|CS|TAMS 0x00000000c3c00000, 0x00000000c3c00000| Complete 
|  39|0x00000000c3d00000, 0x00000000c3e00000, 0x00000000c3e00000|100%| E|CS|TAMS 0x00000000c3d00000, 0x00000000c3d00000| Complete 
|  40|0x00000000c3e00000, 0x00000000c3f00000, 0x00000000c3f00000|100%| E|CS|TAMS 0x00000000c3e00000, 0x00000000c3e00000| Complete 
|  41|0x00000000c3f00000, 0x00000000c4000000, 0x00000000c4000000|100%| E|CS|TAMS 0x00000000c3f00000, 0x00000000c3f00000| Complete 
|  42|0x00000000c4000000, 0x00000000c4100000, 0x00000000c4100000|100%| E|CS|TAMS 0x00000000c4000000, 0x00000000c4000000| Complete 
|  43|0x00000000c4100000, 0x00000000c4200000, 0x00000000c4200000|100%| S|CS|TAMS 0x00000000c4100000, 0x00000000c4100000| Complete 
|  63|0x00000000c5500000, 0x00000000c5600000, 0x00000000c5600000|100%| E|CS|TAMS 0x00000000c5500000, 0x00000000c5500000| Complete 

Card table byte_map: [0x0000024f1def0000,0x0000024f1e0f0000] _byte_map_base: 0x0000024f1d8e5000

Marking Bits (Prev, Next): (CMBitMap*) 0x0000024f071ac370, (CMBitMap*) 0x0000024f071ac330
 Prev Bits: [0x0000024f1f2a0000, 0x0000024f20248000)
 Next Bits: [0x0000024f1e2f0000, 0x0000024f1f298000)

Polling page: 0x0000024f05150000

Metaspace:

Usage:
  Non-class:     26.29 MB used.
      Class:      3.35 MB used.
       Both:     29.64 MB used.

Virtual space:
  Non-class space:       64.00 MB reserved,      26.44 MB ( 41%) committed,  1 nodes.
      Class space:        1.00 GB reserved,       3.44 MB ( <1%) committed,  1 nodes.
             Both:        1.06 GB reserved,      29.88 MB (  3%) committed. 

Chunk freelists:
   Non-Class:  5.51 MB
       Class:  12.47 MB
        Both:  17.99 MB

MaxMetaspaceSize: unlimited
CompressedClassSpaceSize: 1.00 GB
Initial GC threshold: 21.00 MB
Current GC threshold: 35.12 MB
CDS: on
MetaspaceReclaimPolicy: balanced
 - commit_granule_bytes: 65536.
 - commit_granule_words: 8192.
 - virtual_space_node_default_size: 8388608.
 - enlarge_chunks_in_place: 1.
 - new_chunks_are_fully_committed: 0.
 - uncommit_free_chunks: 1.
 - use_allocation_guard: 0.
 - handle_deallocations: 1.


Internal statistics:

num_allocs_failed_limit: 3.
num_arena_births: 194.
num_arena_deaths: 0.
num_vsnodes_births: 2.
num_vsnodes_deaths: 0.
num_space_committed: 478.
num_space_uncommitted: 0.
num_chunks_returned_to_freelist: 3.
num_chunks_taken_from_freelist: 1148.
num_chunk_merges: 3.
num_chunk_splits: 913.
num_chunks_enlarged: 801.
num_inconsistent_stats: 0.

CodeHeap 'non-profiled nmethods': size=120000Kb used=1111Kb max_used=1111Kb free=118888Kb
 bounds [0x0000024f167c0000, 0x0000024f16a30000, 0x0000024f1dcf0000]
CodeHeap 'profiled nmethods': size=120000Kb used=5209Kb max_used=5209Kb free=114790Kb
 bounds [0x0000024f0ecf0000, 0x0000024f0f210000, 0x0000024f16220000]
CodeHeap 'non-nmethods': size=5760Kb used=1290Kb max_used=1322Kb free=4469Kb
 bounds [0x0000024f16220000, 0x0000024f16490000, 0x0000024f167c0000]
 total_blobs=3258 nmethods=2649 adapters=521
 compilation: enabled
              stopped_count=0, restarted_count=0
 full_count=0

Compilation events (20 events):
Event: 9.516 Thread 0x0000024f226c79e0 2608       3       jdk.internal.org.objectweb.asm.Frame::putAbstractType (379 bytes)
Event: 9.519 Thread 0x0000024f226c79e0 nmethod 2608 0x0000024f0f1eb990 code [0x0000024f0f1ebdc0, 0x0000024f0f1ed498]
Event: 9.519 Thread 0x0000024f226c79e0 2611       3       java.lang.reflect.ProxyGenerator$ProxyMethod::emitIconstInsn (75 bytes)
Event: 9.519 Thread 0x0000024f226c79e0 nmethod 2611 0x0000024f0f1edf10 code [0x0000024f0f1ee140, 0x0000024f0f1ee9f8]
Event: 9.519 Thread 0x0000024f226c79e0 2610       1       jdk.internal.org.objectweb.asm.SymbolTable::getClassName (5 bytes)
Event: 9.519 Thread 0x0000024f226c79e0 nmethod 2610 0x0000024f168d3b90 code [0x0000024f168d3d20, 0x0000024f168d3df8]
Event: 9.543 Thread 0x0000024f226c79e0 2612       1       java.util.Formatter$Flags::valueOf (5 bytes)
Event: 9.544 Thread 0x0000024f226c79e0 nmethod 2612 0x0000024f168d3e90 code [0x0000024f168d4020, 0x0000024f168d40f8]
Event: 9.545 Thread 0x0000024f226c79e0 2613       3       java.util.Formatter$Flags::contains (22 bytes)
Event: 9.545 Thread 0x0000024f226c79e0 nmethod 2613 0x0000024f0f1eec10 code [0x0000024f0f1eedc0, 0x0000024f0f1eef78]
Event: 9.545 Thread 0x0000024f226c79e0 2614       3       java.util.regex.Matcher::groupCount (10 bytes)
Event: 9.545 Thread 0x0000024f226c79e0 nmethod 2614 0x0000024f0f1ef010 code [0x0000024f0f1ef1a0, 0x0000024f0f1ef2b8]
Event: 9.554 Thread 0x0000024f226c79e0 2615       3       java.lang.PublicMethods$MethodList::filter (104 bytes)
Event: 9.555 Thread 0x0000024f226c79e0 nmethod 2615 0x0000024f0f1ef390 code [0x0000024f0f1ef5e0, 0x0000024f0f1f0018]
Event: 9.561 Thread 0x0000024f226c79e0 2616       3       java.lang.Class::forName (15 bytes)
Event: 9.561 Thread 0x0000024f226c79e0 nmethod 2616 0x0000024f0f1f0510 code [0x0000024f0f1f06e0, 0x0000024f0f1f08f8]
Event: 9.561 Thread 0x0000024f226c79e0 2617       3       java.lang.ClassLoader::getClassLoader (11 bytes)
Event: 9.562 Thread 0x0000024f226c79e0 nmethod 2617 0x0000024f0f1f0a10 code [0x0000024f0f1f0bc0, 0x0000024f0f1f0d38]
Event: 9.562 Thread 0x0000024f226c79e0 2618       1       java.lang.reflect.Field::getName (5 bytes)
Event: 9.562 Thread 0x0000024f226c79e0 nmethod 2618 0x0000024f168d4190 code [0x0000024f168d4320, 0x0000024f168d43f8]

GC Heap History (10 events):
Event: 2.369 GC heap before
{Heap before GC invocations=0 (full 0):
 garbage-first heap   total 65536K, used 16384K [0x00000000c1600000, 0x0000000100000000)
  region size 1024K, 13 young (13312K), 0 survivors (0K)
 Metaspace       used 4497K, committed 4608K, reserved 1114112K
  class space    used 435K, committed 512K, reserved 1048576K
}
Event: 2.395 GC heap after
{Heap after GC invocations=1 (full 0):
 garbage-first heap   total 65536K, used 8192K [0x00000000c1600000, 0x0000000100000000)
  region size 1024K, 2 young (2048K), 2 survivors (2048K)
 Metaspace       used 4497K, committed 4608K, reserved 1114112K
  class space    used 435K, committed 512K, reserved 1048576K
}
Event: 3.431 GC heap before
{Heap before GC invocations=1 (full 0):
 garbage-first heap   total 65536K, used 21504K [0x00000000c1600000, 0x0000000100000000)
  region size 1024K, 15 young (15360K), 2 survivors (2048K)
 Metaspace       used 9407K, committed 9600K, reserved 1114112K
  class space    used 909K, committed 1024K, reserved 1048576K
}
Event: 3.438 GC heap after
{Heap after GC invocations=2 (full 0):
 garbage-first heap   total 65536K, used 8791K [0x00000000c1600000, 0x0000000100000000)
  region size 1024K, 1 young (1024K), 1 survivors (1024K)
 Metaspace       used 9407K, committed 9600K, reserved 1114112K
  class space    used 909K, committed 1024K, reserved 1048576K
}
Event: 5.021 GC heap before
{Heap before GC invocations=2 (full 0):
 garbage-first heap   total 65536K, used 31319K [0x00000000c1600000, 0x0000000100000000)
  region size 1024K, 24 young (24576K), 1 survivors (1024K)
 Metaspace       used 16134K, committed 16384K, reserved 1114112K
  class space    used 1737K, committed 1856K, reserved 1048576K
}
Event: 5.029 GC heap after
{Heap after GC invocations=3 (full 0):
 garbage-first heap   total 65536K, used 10023K [0x00000000c1600000, 0x0000000100000000)
  region size 1024K, 2 young (2048K), 2 survivors (2048K)
 Metaspace       used 16134K, committed 16384K, reserved 1114112K
  class space    used 1737K, committed 1856K, reserved 1048576K
}
Event: 7.030 GC heap before
{Heap before GC invocations=3 (full 0):
 garbage-first heap   total 65536K, used 31527K [0x00000000c1600000, 0x0000000100000000)
  region size 1024K, 24 young (24576K), 2 survivors (2048K)
 Metaspace       used 21333K, committed 21504K, reserved 1114112K
  class space    used 2404K, committed 2496K, reserved 1048576K
}
Event: 7.044 GC heap after
{Heap after GC invocations=4 (full 0):
 garbage-first heap   total 65536K, used 11857K [0x00000000c1600000, 0x0000000100000000)
  region size 1024K, 4 young (4096K), 4 survivors (4096K)
 Metaspace       used 21333K, committed 21504K, reserved 1114112K
  class space    used 2404K, committed 2496K, reserved 1048576K
}
Event: 8.869 GC heap before
{Heap before GC invocations=5 (full 0):
 garbage-first heap   total 45056K, used 37457K [0x00000000c1600000, 0x0000000100000000)
  region size 1024K, 30 young (30720K), 4 survivors (4096K)
 Metaspace       used 28644K, committed 28864K, reserved 1114112K
  class space    used 3204K, committed 3328K, reserved 1048576K
}
Event: 8.891 GC heap after
{Heap after GC invocations=6 (full 0):
 garbage-first heap   total 46080K, used 15037K [0x00000000c1600000, 0x0000000100000000)
  region size 1024K, 5 young (5120K), 5 survivors (5120K)
 Metaspace       used 28644K, committed 28864K, reserved 1114112K
  class space    used 3204K, committed 3328K, reserved 1048576K
}

Dll operation events (7 events):
Event: 0.108 Loaded shared library C:\Program Files\Eclipse Adoptium\jdk-17.0.20.101-hotspot\bin\java.dll
Event: 0.302 Loaded shared library C:\Program Files\Eclipse Adoptium\jdk-17.0.20.101-hotspot\bin\jsvml.dll
Event: 0.548 Loaded shared library C:\Program Files\Eclipse Adoptium\jdk-17.0.20.101-hotspot\bin\net.dll
Event: 0.561 Loaded shared library C:\Program Files\Eclipse Adoptium\jdk-17.0.20.101-hotspot\bin\nio.dll
Event: 0.580 Loaded shared library C:\Program Files\Eclipse Adoptium\jdk-17.0.20.101-hotspot\bin\zip.dll
Event: 0.869 Loaded shared library C:\Program Files\Eclipse Adoptium\jdk-17.0.20.101-hotspot\bin\jimage.dll
Event: 4.764 Loaded shared library C:\Program Files\Eclipse Adoptium\jdk-17.0.20.101-hotspot\bin\verify.dll

Deoptimization events (20 events):
Event: 8.688 Thread 0x0000024f0716e750 Uncommon trap: trap_request=0xffffff45 fr.pc=0x0000024f16880974 relative=0x0000000000000254
Event: 8.688 Thread 0x0000024f0716e750 Uncommon trap: reason=unstable_if action=reinterpret pc=0x0000024f16880974 method=java.util.LinkedHashMap.get(Ljava/lang/Object;)Ljava/lang/Object; @ 16 c2
Event: 8.688 Thread 0x0000024f0716e750 DEOPT PACKING pc=0x0000024f16880974 sp=0x0000007c4adfe1a0
Event: 8.688 Thread 0x0000024f0716e750 DEOPT UNPACKING pc=0x0000024f162769a3 sp=0x0000007c4adfe148 mode 2
Event: 8.787 Thread 0x0000024f0716e750 DEOPT PACKING pc=0x0000024f0edebf88 sp=0x0000007c4adfc680
Event: 8.787 Thread 0x0000024f0716e750 DEOPT UNPACKING pc=0x0000024f16277143 sp=0x0000007c4adfbad8 mode 0
Event: 8.787 Thread 0x0000024f0716e750 DEOPT PACKING pc=0x0000024f0edebeb0 sp=0x0000007c4adfc680
Event: 8.787 Thread 0x0000024f0716e750 DEOPT UNPACKING pc=0x0000024f16277143 sp=0x0000007c4adfbad8 mode 0
Event: 8.787 Thread 0x0000024f0716e750 DEOPT PACKING pc=0x0000024f0edebeb0 sp=0x0000007c4adfc680
Event: 8.787 Thread 0x0000024f0716e750 DEOPT UNPACKING pc=0x0000024f16277143 sp=0x0000007c4adfbad8 mode 0
Event: 8.788 Thread 0x0000024f0716e750 Uncommon trap: trap_request=0xffffff45 fr.pc=0x0000024f1688ef84 relative=0x0000000000000064
Event: 8.788 Thread 0x0000024f0716e750 Uncommon trap: reason=unstable_if action=reinterpret pc=0x0000024f1688ef84 method=java.security.CodeSource.getCertificates()[Ljava/security/cert/Certificate; @ 4 c2
Event: 8.788 Thread 0x0000024f0716e750 DEOPT PACKING pc=0x0000024f1688ef84 sp=0x0000007c4adfc900
Event: 8.788 Thread 0x0000024f0716e750 DEOPT UNPACKING pc=0x0000024f162769a3 sp=0x0000007c4adfc888 mode 2
Event: 8.802 Thread 0x0000024f0716e750 DEOPT PACKING pc=0x0000024f0edebeb0 sp=0x0000007c4adfc680
Event: 8.802 Thread 0x0000024f0716e750 DEOPT UNPACKING pc=0x0000024f16277143 sp=0x0000007c4adfbad8 mode 0
Event: 8.937 Thread 0x0000024f0716e750 DEOPT PACKING pc=0x0000024f0ed980c4 sp=0x0000007c4adfd980
Event: 8.937 Thread 0x0000024f0716e750 DEOPT UNPACKING pc=0x0000024f16277143 sp=0x0000007c4adfcdf0 mode 0
Event: 8.938 Thread 0x0000024f0716e750 DEOPT PACKING pc=0x0000024f0ed980c4 sp=0x0000007c4adfd980
Event: 8.938 Thread 0x0000024f0716e750 DEOPT UNPACKING pc=0x0000024f16277143 sp=0x0000007c4adfcdf0 mode 0

Classes loaded (20 events):
Event: 9.093 Loading class java/util/stream/Nodes$ArrayNode done
Event: 9.094 Loading class java/util/stream/Nodes$FixedNodeBuilder done
Event: 9.111 Loading class jdk/internal/vm/annotation/IntrinsicCandidate
Event: 9.111 Loading class jdk/internal/vm/annotation/IntrinsicCandidate done
Event: 9.563 Loading class jdk/internal/reflect/UnsafeQualifiedIntegerFieldAccessorImpl
Event: 9.563 Loading class jdk/internal/reflect/UnsafeQualifiedFieldAccessorImpl
Event: 9.564 Loading class jdk/internal/reflect/UnsafeQualifiedFieldAccessorImpl done
Event: 9.564 Loading class jdk/internal/reflect/UnsafeQualifiedIntegerFieldAccessorImpl done
Event: 9.566 Loading class java/util/concurrent/FutureTask
Event: 9.568 Loading class java/util/concurrent/FutureTask done
Event: 9.568 Loading class java/util/concurrent/FutureTask$WaitNode
Event: 9.568 Loading class java/util/concurrent/FutureTask$WaitNode done
Event: 9.568 Loading class java/util/concurrent/Executors$RunnableAdapter
Event: 9.569 Loading class java/util/concurrent/Callable
Event: 9.569 Loading class java/util/concurrent/Callable done
Event: 9.569 Loading class java/util/concurrent/Executors$RunnableAdapter done
Event: 9.569 Loading class java/util/concurrent/ThreadPoolExecutor$Worker
Event: 9.569 Loading class java/util/concurrent/ThreadPoolExecutor$Worker done
Event: 9.570 Loading class java/lang/Thread$State
Event: 9.570 Loading class java/lang/Thread$State done

Classes unloaded (0 events):
No events

Classes redefined (0 events):
No events

Internal exceptions (20 events):
Event: 3.120 Thread 0x0000024f0716e750 Exception <a 'java/lang/NoSuchMethodError'{0x00000000c4c03660}: 'void java.lang.invoke.DelegatingMethodHandle$Holder.reinvoke_L(java.lang.Object, java.lang.Object, java.lang.Object, long, java.lang.Object, long, long)'> (0x00000000c4c03660) 
thrown [s\src\hotspot\share\interpreter\linkResolver.cpp, line 759]
Event: 3.121 Thread 0x0000024f0716e750 Exception <a 'java/lang/NoSuchMethodError'{0x00000000c4c0a900}: 'long java.lang.invoke.Invokers$Holder.invokeExact_MT(java.lang.Object, java.lang.Object, java.lang.Object)'> (0x00000000c4c0a900) 
thrown [s\src\hotspot\share\interpreter\linkResolver.cpp, line 759]
Event: 3.126 Thread 0x0000024f0716e750 Exception <a 'java/lang/NoSuchMethodError'{0x00000000c4c0ea90}: 'int java.lang.invoke.Invokers$Holder.invokeExact_MT(java.lang.Object, java.lang.Object, java.lang.Object)'> (0x00000000c4c0ea90) 
thrown [s\src\hotspot\share\interpreter\linkResolver.cpp, line 759]
Event: 3.201 Thread 0x0000024f0716e750 Exception <a 'java/lang/NoSuchMethodError'{0x00000000c4cee260}: 'int java.lang.invoke.DirectMethodHandle$Holder.invokeStaticInit(java.lang.Object, java.lang.Object, java.lang.Object)'> (0x00000000c4cee260) 
thrown [s\src\hotspot\share\interpreter\linkResolver.cpp, line 759]
Event: 3.215 Thread 0x0000024f0716e750 Exception <a 'java/lang/NoSuchMethodError'{0x00000000c4b19748}: 'int java.lang.invoke.DirectMethodHandle$Holder.invokeStaticInit(java.lang.Object, java.lang.Object)'> (0x00000000c4b19748) 
thrown [s\src\hotspot\share\interpreter\linkResolver.cpp, line 759]
Event: 3.261 Thread 0x0000024f0716e750 Exception <a 'java/lang/NoSuchMethodError'{0x00000000c4bc0b08}: 'int java.lang.invoke.DirectMethodHandle$Holder.invokeStatic(java.lang.Object)'> (0x00000000c4bc0b08) 
thrown [s\src\hotspot\share\interpreter\linkResolver.cpp, line 759]
Event: 3.261 Thread 0x0000024f0716e750 Exception <a 'java/lang/NoSuchMethodError'{0x00000000c4bc41b0}: 'int java.lang.invoke.DirectMethodHandle$Holder.invokeStaticInit(java.lang.Object)'> (0x00000000c4bc41b0) 
thrown [s\src\hotspot\share\interpreter\linkResolver.cpp, line 759]
Event: 3.312 Thread 0x0000024f0716e750 Exception <a 'java/lang/NoSuchMethodError'{0x00000000c4aa2b80}: 'java.lang.Object java.lang.invoke.DirectMethodHandle$Holder.invokeStatic(java.lang.Object, java.lang.Object, int, java.lang.Object, int)'> (0x00000000c4aa2b80) 
thrown [s\src\hotspot\share\interpreter\linkResolver.cpp, line 759]
Event: 3.314 Thread 0x0000024f0716e750 Exception <a 'java/lang/NoSuchMethodError'{0x00000000c4aa9e28}: 'java.lang.Object java.lang.invoke.DirectMethodHandle$Holder.newInvokeSpecial(java.lang.Object, java.lang.Object, int)'> (0x00000000c4aa9e28) 
thrown [s\src\hotspot\share\interpreter\linkResolver.cpp, line 759]
Event: 3.366 Thread 0x0000024f0716e750 Exception <a 'java/lang/NoSuchMethodError'{0x00000000c4962d08}: 'void java.lang.invoke.DirectMethodHandle$Holder.invokeSpecial(java.lang.Object, java.lang.Object, java.lang.Object)'> (0x00000000c4962d08) 
thrown [s\src\hotspot\share\interpreter\linkResolver.cpp, line 759]
Event: 3.671 Thread 0x0000024f0716e750 Exception <a 'java/lang/NoSuchMethodError'{0x00000000c5130c00}: 'void java.lang.invoke.DirectMethodHandle$Holder.invokeStatic(java.lang.Object, java.lang.Object, java.lang.Object, java.lang.Object)'> (0x00000000c5130c00) 
thrown [s\src\hotspot\share\interpreter\linkResolver.cpp, line 759]
Event: 3.767 Thread 0x0000024f0716e750 Exception <a 'java/lang/NoSuchMethodError'{0x00000000c5097418}: 'java.lang.Object java.lang.invoke.DirectMethodHandle$Holder.invokeInterface(java.lang.Object, java.lang.Object)'> (0x00000000c5097418) 
thrown [s\src\hotspot\share\interpreter\linkResolver.cpp, line 759]
Event: 3.887 Thread 0x0000024f0716e750 Exception <a 'java/lang/NoSuchMethodError'{0x00000000c4ec19f8}: 'void java.lang.invoke.DirectMethodHandle$Holder.invokeStaticInit(java.lang.Object, java.lang.Object)'> (0x00000000c4ec19f8) 
thrown [s\src\hotspot\share\interpreter\linkResolver.cpp, line 759]
Event: 4.000 Thread 0x0000024f0716e750 Exception <a 'java/lang/NoSuchMethodError'{0x00000000c4c8f470}: 'int java.lang.invoke.DirectMethodHandle$Holder.invokeVirtual(java.lang.Object, java.lang.Object, java.lang.Object)'> (0x00000000c4c8f470) 
thrown [s\src\hotspot\share\interpreter\linkResolver.cpp, line 759]
Event: 4.300 Thread 0x0000024f0716e750 Exception <a 'java/lang/NoSuchMethodError'{0x00000000c4719168}: 'void java.lang.invoke.DirectMethodHandle$Holder.invokeVirtual(java.lang.Object, java.lang.Object)'> (0x00000000c4719168) 
thrown [s\src\hotspot\share\interpreter\linkResolver.cpp, line 759]
Event: 4.670 Thread 0x0000024f0716e750 Exception <a 'java/lang/NoSuchMethodError'{0x00000000c43e2910}: 'java.lang.Object java.lang.invoke.Invokers$Holder.invoke_MT(java.lang.Object, java.lang.Object, java.lang.Object)'> (0x00000000c43e2910) 
thrown [s\src\hotspot\share\interpreter\linkResolver.cpp, line 759]
Event: 5.137 Thread 0x0000024f0716e750 Exception <a 'java/lang/NoClassDefFoundError'{0x00000000c54c0160}: org/slf4j/impl/StaticLoggerBinder> (0x00000000c54c0160) 
thrown [s\src\hotspot\share\classfile\systemDictionary.cpp, line 246]
Event: 7.692 Thread 0x0000024f0716e750 Implicit null exception at 0x0000024f16830c60 to 0x0000024f16830cfa
Event: 9.479 Thread 0x0000024f0716e750 Exception <a 'java/lang/NoSuchMethodError'{0x00000000c3d87418}: 'java.lang.Object java.lang.invoke.DirectMethodHandle$Holder.newInvokeSpecial(java.lang.Object, java.lang.Object, java.lang.Object, java.lang.Object, java.lang.Object)'> (0x00000000c3d87418) 
thrown [s\src\hotspot\share\interpreter\linkResolver.cpp, line 759]
Event: 9.498 Thread 0x0000024f0716e750 Exception <a 'java/lang/IncompatibleClassChangeError'{0x00000000c3dca858}: Found class java.lang.Object, but interface was expected> (0x00000000c3dca858) 
thrown [s\src\hotspot\share\interpreter\linkResolver.cpp, line 826]

VM Operations (20 events):
Event: 7.059 Executing VM operation: G1PauseRemark
Event: 7.063 Executing VM operation: G1PauseRemark done
Event: 7.063 Executing VM operation: G1PauseCleanup
Event: 7.066 Executing VM operation: G1PauseCleanup done
Event: 7.520 Executing VM operation: ICBufferFull
Event: 7.520 Executing VM operation: ICBufferFull done
Event: 7.762 Executing VM operation: HandshakeAllThreads
Event: 7.762 Executing VM operation: HandshakeAllThreads done
Event: 7.775 Executing VM operation: HandshakeAllThreads
Event: 7.775 Executing VM operation: HandshakeAllThreads done
Event: 7.864 Executing VM operation: HandshakeAllThreads
Event: 7.864 Executing VM operation: HandshakeAllThreads done
Event: 8.620 Executing VM operation: HandshakeAllThreads
Event: 8.620 Executing VM operation: HandshakeAllThreads done
Event: 8.620 Executing VM operation: Cleanup
Event: 8.620 Executing VM operation: Cleanup done
Event: 8.771 Executing VM operation: HandshakeAllThreads
Event: 8.771 Executing VM operation: HandshakeAllThreads done
Event: 8.869 Executing VM operation: G1CollectForAllocation
Event: 8.891 Executing VM operation: G1CollectForAllocation done

Memory protections (0 events):
No events

Nmethod flushes (0 events):
No events

Events (15 events):
Event: 0.303 Thread 0x0000024f0716e750 Thread added: 0x0000024f0716e750
Event: 0.319 Thread 0x0000024f0716e750 Thread added: 0x0000024f226a6e00
Event: 0.319 Thread 0x0000024f0716e750 Thread added: 0x0000024f226a81a0
Event: 0.365 Thread 0x0000024f0716e750 Thread added: 0x0000024f226c0f20
Event: 0.365 Thread 0x0000024f0716e750 Thread added: 0x0000024f226c3900
Event: 0.365 Thread 0x0000024f0716e750 Thread added: 0x0000024f226c41d0
Event: 0.365 Thread 0x0000024f0716e750 Thread added: 0x0000024f226c4aa0
Event: 0.365 Thread 0x0000024f0716e750 Thread added: 0x0000024f226c56a0
Event: 0.368 Thread 0x0000024f0716e750 Thread added: 0x0000024f226c79e0
Event: 0.377 Thread 0x0000024f0716e750 Thread added: 0x0000024f22734dc0
Event: 0.525 Thread 0x0000024f0716e750 Thread added: 0x0000024f22905a00
Event: 0.533 Thread 0x0000024f0716e750 Thread added: 0x0000024f22912bb0
Event: 8.419 Thread 0x0000024f0716e750 Thread added: 0x0000024f68a37030
Event: 8.427 Thread 0x0000024f68a37030 Thread exited: 0x0000024f68a37030
Event: 9.571 Thread 0x0000024f0716e750 Thread added: 0x0000024f6827cae0


Dynamic libraries:
0x00007ff79be00000 - 0x00007ff79be0e000 	C:\Program Files\Eclipse Adoptium\jdk-17.0.20.101-hotspot\bin\java.exe
0x00007fffc4bd0000 - 0x00007fffc4dc9000 	C:\Windows\SYSTEM32\ntdll.dll
0x00007fffc3a60000 - 0x00007fffc3b22000 	C:\Windows\System32\KERNEL32.DLL
0x00007fffc25d0000 - 0x00007fffc28c7000 	C:\Windows\System32\KERNELBASE.dll
0x00007fffc2a30000 - 0x00007fffc2b30000 	C:\Windows\System32\ucrtbase.dll
0x00007fffbc170000 - 0x00007fffbc188000 	C:\Program Files\Eclipse Adoptium\jdk-17.0.20.101-hotspot\bin\jli.dll
0x00007fffc3560000 - 0x00007fffc36fd000 	C:\Windows\System32\USER32.dll
0x00007fffc2b80000 - 0x00007fffc2ba2000 	C:\Windows\System32\win32u.dll
0x00007fffc3b90000 - 0x00007fffc3bbb000 	C:\Windows\System32\GDI32.dll
0x00007fffc22c0000 - 0x00007fffc23da000 	C:\Windows\System32\gdi32full.dll
0x00007fffc2220000 - 0x00007fffc22bd000 	C:\Windows\System32\msvcp_win.dll
0x00007fffba490000 - 0x00007fffba4ae000 	C:\Program Files\Eclipse Adoptium\jdk-17.0.20.101-hotspot\bin\VCRUNTIME140.dll
0x00007fffaf7a0000 - 0x00007fffafa3b000 	C:\Windows\WinSxS\amd64_microsoft.windows.common-controls_6595b64144ccf1df_6.0.19041.7663_none_60b9ed0b71f50c93\COMCTL32.dll
0x00007fffc3940000 - 0x00007fffc39de000 	C:\Windows\System32\msvcrt.dll
0x00007fffc3910000 - 0x00007fffc393f000 	C:\Windows\System32\IMM32.DLL
0x00007fffbd010000 - 0x00007fffbd01c000 	C:\Program Files\Eclipse Adoptium\jdk-17.0.20.101-hotspot\bin\vcruntime140_1.dll
0x00007fff8e400000 - 0x00007fff8e48d000 	C:\Program Files\Eclipse Adoptium\jdk-17.0.20.101-hotspot\bin\msvcp140.dll
0x00007fff22fa0000 - 0x00007fff23c0c000 	C:\Program Files\Eclipse Adoptium\jdk-17.0.20.101-hotspot\bin\server\jvm.dll
0x00007fffc4ad0000 - 0x00007fffc4b82000 	C:\Windows\System32\ADVAPI32.dll
0x00007fffc3400000 - 0x00007fffc34a0000 	C:\Windows\System32\sechost.dll
0x00007fffc37e0000 - 0x00007fffc3906000 	C:\Windows\System32\RPCRT4.dll
0x00007fffc2460000 - 0x00007fffc2487000 	C:\Windows\System32\bcrypt.dll
0x00007fffc39e0000 - 0x00007fffc3a53000 	C:\Windows\System32\WS2_32.dll
0x00007fffc2070000 - 0x00007fffc20bb000 	C:\Windows\SYSTEM32\POWRPROF.dll
0x00007fffad060000 - 0x00007fffad087000 	C:\Windows\SYSTEM32\WINMM.dll
0x00007fffbb7b0000 - 0x00007fffbb7ba000 	C:\Windows\SYSTEM32\VERSION.dll
0x00007fffc2050000 - 0x00007fffc2062000 	C:\Windows\SYSTEM32\UMPDC.dll
0x00007fffc0030000 - 0x00007fffc0042000 	C:\Windows\SYSTEM32\kernel.appcore.dll
0x00007fffbc940000 - 0x00007fffbc94a000 	C:\Program Files\Eclipse Adoptium\jdk-17.0.20.101-hotspot\bin\jimage.dll
0x00007fffac260000 - 0x00007fffac46b000 	C:\Windows\SYSTEM32\DBGHELP.DLL
0x00007fffaae90000 - 0x00007fffaaec5000 	C:\Windows\SYSTEM32\dbgcore.DLL
0x00007fffc2540000 - 0x00007fffc25c2000 	C:\Windows\System32\bcryptPrimitives.dll
0x00007fff9dce0000 - 0x00007fff9dd05000 	C:\Program Files\Eclipse Adoptium\jdk-17.0.20.101-hotspot\bin\java.dll
0x00007fff8d840000 - 0x00007fff8d917000 	C:\Program Files\Eclipse Adoptium\jdk-17.0.20.101-hotspot\bin\jsvml.dll
0x00007fffc2c80000 - 0x00007fffc33f1000 	C:\Windows\System32\SHELL32.dll
0x00007fffc0240000 - 0x00007fffc09ec000 	C:\Windows\SYSTEM32\windows.storage.dll
0x00007fffc4040000 - 0x00007fffc4394000 	C:\Windows\System32\combase.dll
0x00007fffc1b70000 - 0x00007fffc1b9b000 	C:\Windows\SYSTEM32\Wldp.dll
0x00007fffc34a0000 - 0x00007fffc354d000 	C:\Windows\System32\SHCORE.dll
0x00007fffc2c10000 - 0x00007fffc2c6b000 	C:\Windows\System32\shlwapi.dll
0x00007fffc2150000 - 0x00007fffc2175000 	C:\Windows\SYSTEM32\profapi.dll
0x00007fffae230000 - 0x00007fffae24a000 	C:\Program Files\Eclipse Adoptium\jdk-17.0.20.101-hotspot\bin\net.dll
0x00007fffb8a20000 - 0x00007fffb8b2d000 	C:\Windows\SYSTEM32\WINHTTP.dll
0x00007fffc1880000 - 0x00007fffc18ea000 	C:\Windows\system32\mswsock.dll
0x00007fff9a770000 - 0x00007fff9a786000 	C:\Program Files\Eclipse Adoptium\jdk-17.0.20.101-hotspot\bin\nio.dll
0x00007fff9a750000 - 0x00007fff9a768000 	C:\Program Files\Eclipse Adoptium\jdk-17.0.20.101-hotspot\bin\zip.dll
0x00007fffc1ad0000 - 0x00007fffc1ae8000 	C:\Windows\SYSTEM32\CRYPTSP.dll
0x00007fffc1180000 - 0x00007fffc11b8000 	C:\Windows\system32\rsaenh.dll
0x00007fffc20c0000 - 0x00007fffc20ee000 	C:\Windows\SYSTEM32\USERENV.dll
0x00007fffc1ac0000 - 0x00007fffc1acc000 	C:\Windows\SYSTEM32\CRYPTBASE.dll
0x00007fffc1550000 - 0x00007fffc158b000 	C:\Windows\SYSTEM32\IPHLPAPI.DLL
0x00007fffc2c70000 - 0x00007fffc2c78000 	C:\Windows\System32\NSI.dll
0x00007fffb9550000 - 0x00007fffb9567000 	C:\Windows\SYSTEM32\dhcpcsvc6.DLL
0x00007fffb9530000 - 0x00007fffb954d000 	C:\Windows\SYSTEM32\dhcpcsvc.DLL
0x00007fffc1590000 - 0x00007fffc165c000 	C:\Windows\SYSTEM32\DNSAPI.dll
0x00007fffbc700000 - 0x00007fffbc710000 	C:\Program Files\Eclipse Adoptium\jdk-17.0.20.101-hotspot\bin\verify.dll

dbghelp: loaded successfully - version: 4.0.5 - missing functions: none
symbol engine: initialized successfully - sym options: 0x614 - pdb path: .;C:\Program Files\Eclipse Adoptium\jdk-17.0.20.101-hotspot\bin;C:\Windows\SYSTEM32;C:\Windows\WinSxS\amd64_microsoft.windows.common-controls_6595b64144ccf1df_6.0.19041.7663_none_60b9ed0b71f50c93;C:\Program Files\Eclipse Adoptium\jdk-17.0.20.101-hotspot\bin\server

VM Arguments:
jvm_args: -DkotlinLanguageServer.version=1.3.13 
java_command: org.javacs.kt.MainKt
java_class_path (initial): c:\Users\welcome\AppData\Roaming\Code\User\globalStorage\fwcd.kotlin\langServerInstall\server\lib\server-1.3.13.jar;c:\Users\welcome\AppData\Roaming\Code\User\globalStorage\fwcd.kotlin\langServerInstall\server\lib\shared-1.3.13.jar;c:\Users\welcome\AppData\Roaming\Code\User\globalStorage\fwcd.kotlin\langServerInstall\server\lib\kotlin-scripting-jvm-host-unshaded-2.1.0.jar;c:\Users\welcome\AppData\Roaming\Code\User\globalStorage\fwcd.kotlin\langServerInstall\server\lib\kotlin-scripting-compiler-2.1.0.jar;c:\Users\welcome\AppData\Roaming\Code\User\globalStorage\fwcd.kotlin\langServerInstall\server\lib\ktfmt-b5d31d1.jar;c:\Users\welcome\AppData\Roaming\Code\User\globalStorage\fwcd.kotlin\langServerInstall\server\lib\kotlin-compiler-2.1.0.jar;c:\Users\welcome\AppData\Roaming\Code\User\globalStorage\fwcd.kotlin\langServerInstall\server\lib\exposed-dao-0.37.3.jar;c:\Users\welcome\AppData\Roaming\Code\User\globalStorage\fwcd.kotlin\langServerInstall\server\lib\exposed-jdbc-0.37.3.jar;c:\Users\welcome\AppData\Roaming\Code\User\globalStorage\fwcd.kotlin\langServerInstall\server\lib\exposed-core-0.37.3.jar;c:\Users\welcome\AppData\Roaming\Code\User\globalStorage\fwcd.kotlin\langServerInstall\server\lib\kotlin-scripting-compiler-impl-2.1.0.jar;c:\Users\welcome\AppData\Roaming\Code\User\globalStorage\fwcd.kotlin\langServerInstall\server\lib\kotlin-reflect-2.1.0.jar;c:\Users\welcome\AppData\Roaming\Code\User\globalStorage\fwcd.kotlin\langServerInstall\server\lib\kotlin-scripting-jvm-2.1.0.jar;c:\Users\welcome\AppData\Roaming\Code\User\globalStorage\fwcd.kotlin\langServerInstall\server\lib\kotlin-scripting-common-2.1.0.jar;c:\Users\welcome\AppData\Roaming\Code\User\globalStorage\fwcd.kotlin\langServerInstall\server\lib\kotlinx-coroutines-core-jvm-1.6.4.jar;c:\Users\welcome\AppData\Roaming\Code\User\globalStorage\fwcd.kotlin\langServerInstall\server\lib\kotlin-stdlib-jdk8-2.1.0.jar;c:\Users\welcome\AppData\Roaming\Code\User\globalStorage\fwcd.kotlin\la
Launcher Type: SUN_STANDARD

[Global flags]
     intx CICompilerCount                          = 3                                         {product} {ergonomic}
     uint ConcGCThreads                            = 1                                         {product} {ergonomic}
     uint G1ConcRefinementThreads                  = 4                                         {product} {ergonomic}
   size_t G1HeapRegionSize                         = 1048576                                   {product} {ergonomic}
    uintx GCDrainStackTargetSize                   = 64                                        {product} {ergonomic}
   size_t InitialHeapSize                          = 67108864                                  {product} {ergonomic}
   size_t MarkStackSize                            = 4194304                                   {product} {ergonomic}
   size_t MaxHeapSize                              = 1050673152                                {product} {ergonomic}
   size_t MaxNewSize                               = 630194176                                 {product} {ergonomic}
   size_t MinHeapDeltaBytes                        = 1048576                                   {product} {ergonomic}
   size_t MinHeapSize                              = 8388608                                   {product} {ergonomic}
    uintx NonNMethodCodeHeapSize                   = 5832780                                {pd product} {ergonomic}
    uintx NonProfiledCodeHeapSize                  = 122912730                              {pd product} {ergonomic}
    uintx ProfiledCodeHeapSize                     = 122912730                              {pd product} {ergonomic}
    uintx ReservedCodeCacheSize                    = 251658240                              {pd product} {ergonomic}
     bool SegmentedCodeCache                       = true                                      {product} {ergonomic}
   size_t SoftMaxHeapSize                          = 1050673152                             {manageable} {ergonomic}
     bool UseCompressedClassPointers               = true                           {product lp64_product} {ergonomic}
     bool UseCompressedOops                        = true                           {product lp64_product} {ergonomic}
     bool UseG1GC                                  = true                                      {product} {ergonomic}
     bool UseLargePagesIndividualAllocation        = false                                  {pd product} {ergonomic}

Logging:
Log output configuration:
 #0: stdout all=warning uptime,level,tags
 #1: stderr all=off uptime,level,tags

Environment Variables:
CLASSPATH=c:\Users\welcome\AppData\Roaming\Code\User\globalStorage\fwcd.kotlin\langServerInstall\server\lib\server-1.3.13.jar;c:\Users\welcome\AppData\Roaming\Code\User\globalStorage\fwcd.kotlin\langServerInstall\server\lib\shared-1.3.13.jar;c:\Users\welcome\AppData\Roaming\Code\User\globalStorage\fwcd.kotlin\langServerInstall\server\lib\kotlin-scripting-jvm-host-unshaded-2.1.0.jar;c:\Users\welcome\AppData\Roaming\Code\User\globalStorage\fwcd.kotlin\langServerInstall\server\lib\kotlin-scripting-compiler-2.1.0.jar;c:\Users\welcome\AppData\Roaming\Code\User\globalStorage\fwcd.kotlin\langServerInstall\server\lib\ktfmt-b5d31d1.jar;c:\Users\welcome\AppData\Roaming\Code\User\globalStorage\fwcd.kotlin\langServerInstall\server\lib\kotlin-compiler-2.1.0.jar;c:\Users\welcome\AppData\Roaming\Code\User\globalStorage\fwcd.kotlin\langServerInstall\server\lib\exposed-dao-0.37.3.jar;c:\Users\welcome\AppData\Roaming\Code\User\globalStorage\fwcd.kotlin\langServerInstall\server\lib\exposed-jdbc-0.37.3.jar;c:\Users\welcome\AppData\Roaming\Code\User\globalStorage\fwcd.kotlin\langServerInstall\server\lib\exposed-core-0.37.3.jar;c:\Users\welcome\AppData\Roaming\Code\User\globalStorage\fwcd.kotlin\langServerInstall\server\lib\kotlin-scripting-compiler-impl-2.1.0.jar;c:\Users\welcome\AppData\Roaming\Code\User\globalStorage\fwcd.kotlin\langServerInstall\server\lib\kotlin-reflect-2.1.0.jar;c:\Users\welcome\AppData\Roaming\Code\User\globalStorage\fwcd.kotlin\langServerInstall\server\lib\kotlin-scripting-jvm-2.1.0.jar;c:\Users\welcome\AppData\Roaming\Code\User\globalStorage\fwcd.kotlin\langServerInstall\server\lib\kotlin-scripting-common-2.1.0.jar;c:\Users\welcome\AppData\Roaming\Code\User\globalStorage\fwcd.kotlin\langServerInstall\server\lib\kotlinx-coroutines-core-jvm-1.6.4.jar;c:\Users\welcome\AppData\Roaming\Code\User\globalStorage\fwcd.kotlin\langServerInstall\server\lib\kotlin-stdlib-jdk8-2.1.0.jar;c:\Users\welcome\AppData\Roaming\Code\User\globalStorage\fwcd.kotlin\langServerInstall\server\lib\kotlin-stdlib-jdk7-2.1.0.jar;c:\Users\welcome\AppData\Roaming\Code\User\globalStorage\fwcd.kotlin\langServerInstall\server\lib\kotlin-stdlib-2.1.0.jar;c:\Users\welcome\AppData\Roaming\Code\User\globalStorage\fwcd.kotlin\langServerInstall\server\lib\org.eclipse.lsp4j-0.21.2.jar;c:\Users\welcome\AppData\Roaming\Code\User\globalStorage\fwcd.kotlin\langServerInstall\server\lib\org.eclipse.lsp4j.jsonrpc-0.21.2.jar;c:\Users\welcome\AppData\Roaming\Code\User\globalStorage\fwcd.kotlin\langServerInstall\server\lib\kotlin-sam-with-receiver-compiler-plugin-2.1.0.jar;c:\Users\welcome\AppData\Roaming\Code\User\globalStorage\fwcd.kotlin\langServerInstall\server\lib\fernflower-1.0.jar;c:\Users\welcome\AppData\Roaming\Code\User\globalStorage\fwcd.kotlin\langServerInstall\server\lib\h2-1.4.200.jar;c:\Users\welcome\AppData\Roaming\Code\User\globalStorage\fwcd.kotlin\langServerInstall\server\lib\jcommander-1.78.jar;c:\Users\welcome\AppData\Roaming\Code\User\globalStorage\fwcd.kotlin\langServerInstall\server\lib\sqlite-jdbc-3.41.2.1.jar;c:\Users\welcome\AppData\Roaming\Code\User\globalStorage\fwcd.kotlin\langServerInstall\server\lib\google-java-format-1.8.jar;c:\Users\welcome\AppData\Roaming\Code\User\globalStorage\fwcd.kotlin\langServerInstall\server\lib\guava-33.3.0-jre.jar;c:\Users\welcome\AppData\Roaming\Code\User\globalStorage\fwcd.kotlin\langServerInstall\server\lib\annotations-13.0.jar;c:\Users\welcome\AppData\Roaming\Code\User\globalStorage\fwcd.kotlin\langServerInstall\server\lib\gson-2.10.1.jar;c:\Users\welcome\AppData\Roaming\Code\User\globalStorage\fwcd.kotlin\langServerInstall\server\lib\kotlin-script-runtime-2.1.0.jar;c:\Users\welcome\AppData\Roaming\Code\User\globalStorage\fwcd.kotlin\langServerInstall\server\lib\trove4j-1.0.20200330.jar;c:\Users\welcome\AppData\Roaming\Code\User\globalStorage\fwcd.kotlin\langServerInstall\server\lib\jline-3.24.1.jar;c:\Users\welcome\AppData\Roaming\Code\User\globalStorage\fwcd.kotlin\langServerInstall\server\lib\slf4j-api-1.7.25.jar;c:\Users\welcome\AppData\Roaming\Code\User\globalStorage\fwcd.kotlin\langServerInstall\server\lib\jna-4.2.2.jar;c:\Users\welcome\AppData\Roaming\Code\User\globalStorage\fwcd.kotlin\langServerInstall\server\lib\failureaccess-1.0.2.jar;c:\Users\welcome\AppData\Roaming\Code\User\globalStorage\fwcd.kotlin\langServerInstall\server\lib\listenablefuture-9999.0-empty-to-avoid-conflict-with-guava.jar;c:\Users\welcome\AppData\Roaming\Code\User\globalStorage\fwcd.kotlin\langServerInstall\server\lib\jsr305-3.0.2.jar;c:\Users\welcome\AppData\Roaming\Code\User\globalStorage\fwcd.kotlin\langServerInstall\server\lib\checker-qual-3.43.0.jar;c:\Users\welcome\AppData\Roaming\Code\User\globalStorage\fwcd.kotlin\langServerInstall\server\lib\error_prone_annotations-2.28.0.jar
PATH=C:\Program Files\Eclipse Adoptium\jdk-17.0.20.101-hotspot\bin;C:\Windows\system32;C:\Windows;C:\Windows\System32\Wbem;C:\Windows\System32\WindowsPowerShell\v1.0\;C:\Windows\System32\OpenSSH\;C:\Program Files\Git\cmd;C:\Program Files\nodejs\;C:\Users\welcome\AppData\Local\Microsoft\WindowsApps;C:\Users\welcome\AppData\Local\Programs\Microsoft VS Code\bin;C:\Users\welcome\AppData\Local\Programs\DockerDesktop\resources\bin;C:\Users\welcome\AppData\Roaming\npm
USERNAME=welcome
OS=Windows_NT
PROCESSOR_IDENTIFIER=Intel64 Family 6 Model 142 Stepping 9, GenuineIntel
TMP=C:\Users\welcome\AppData\Local\Temp
TEMP=C:\Users\welcome\AppData\Local\Temp



Periodic native trim disabled


---------------  S Y S T E M  ---------------

OS:
 Windows 10 , 64 bit Build 19041 (10.0.19041.7725)
OS uptime: 5 days 23:12 hours
Hyper-V role detected

CPU: total 4 (initial active 4) (2 cores per cpu, 2 threads per core) family 6 model 142 stepping 9 microcode 0xea, cx8, cmov, fxsr, ht, mmx, 3dnowpref, sse, sse2, sse3, ssse3, sse4.1, sse4.2, popcnt, lzcnt, tsc, tscinvbit, avx, avx2, aes, erms, clmul, bmi1, bmi2, adx, fma, vzeroupper, clflush, clflushopt, hv
Processor Information for all 4 processors :
  Max Mhz: 2400, Current Mhz: 2400, Mhz Limit: 2400

Memory: 4k page, system-wide physical 4005M (250M free)
TotalPageFile size 11505M (AvailPageFile size 1M)
current process WorkingSet (physical memory assigned to process): 147M, peak: 147M
current process commit charge ("private bytes"): 180M, peak: 190M

vm_info: OpenJDK 64-Bit Server VM (17.0.20.1+1) for windows-amd64 JRE (17.0.20.1+1), built on Aug 18 2026 20:44:09 by "admin" with MS VC++ 17.12 (VS2022)

END.
