#
# There is insufficient memory for the Java Runtime Environment to continue.
# Native memory allocation (malloc) failed to allocate 974096 bytes. Error detail: Chunk::new
# Possible reasons:
#   The system is out of physical RAM or swap space
#   This process is running with CompressedOops enabled, and the Java Heap may be blocking the growth of the native heap
# Possible solutions:
#   Reduce memory load on the system
#   Increase physical memory or swap space
#   Check if swap backing store is full
#   Decrease Java heap size (-Xmx/-Xms)
#   Decrease number of Java threads
#   Decrease Java thread stack sizes (-Xss)
#   Set larger code cache with -XX:ReservedCodeCacheSize=
#   JVM is running with Unscaled Compressed Oops mode in which the Java heap is
#     placed in the first 4GB address space. The Java Heap base address is the
#     maximum limit for the native heap growth. Please use -XX:HeapBaseMinAddress
#     to set the Java Heap base and to place the Java Heap above 4GB virtual address.
# This output file may be truncated or incomplete.
#
#  Out of Memory Error (arena.cpp:191), pid=7808, tid=4860
#
# JRE version: OpenJDK Runtime Environment Temurin-17.0.20.1+1 (17.0.20.1+1) (build 17.0.20.1+1)
# Java VM: OpenJDK 64-Bit Server VM Temurin-17.0.20.1+1 (17.0.20.1+1, mixed mode, sharing, tiered, compressed oops, compressed class ptrs, g1 gc, windows-amd64)
# No core dump will be written. Minidumps are not enabled by default on client versions of Windows
#

---------------  S U M M A R Y ------------

Command Line: --add-opens=java.base/java.util=ALL-UNNAMED --add-opens=java.base/java.lang=ALL-UNNAMED --add-opens=java.base/java.lang.invoke=ALL-UNNAMED --add-opens=java.prefs/java.util.prefs=ALL-UNNAMED --add-exports=jdk.compiler/com.sun.tools.javac.api=ALL-UNNAMED --add-exports=jdk.compiler/com.sun.tools.javac.util=ALL-UNNAMED --add-opens=java.base/java.nio.charset=ALL-UNNAMED --add-opens=java.base/java.net=ALL-UNNAMED --add-opens=java.base/java.util.concurrent.atomic=ALL-UNNAMED -XX:MaxMetaspaceSize=384m -XX:+HeapDumpOnOutOfMemoryError -Xms256m -Xmx512m -Dfile.encoding=utf8 -Duser.country=US -Duser.language=en -Duser.variant -javaagent:C:\Users\welcome\.gradle\wrapper\dists\gradle-8.9-bin\90cnw93cvbtalezasaz0blq0a\gradle-8.9\lib\agents\gradle-instrumentation-agent-8.9.jar org.gradle.launcher.daemon.bootstrap.GradleDaemon 8.9

Host: Intel(R) Core(TM) i3-7100U CPU @ 2.40GHz, 4 cores, 3G,  Windows 10 , 64 bit Build 19041 (10.0.19041.7725)
Time: Wed Sep 23 10:20:07 2026 India Standard Time elapsed time: 58.933463 seconds (0d 0h 0m 58s)

---------------  T H R E A D  ---------------

Current thread (0x00000197fc8ff150):  JavaThread "C2 CompilerThread0" daemon [_thread_in_native, id=4860, stack(0x0000001dabd00000,0x0000001dabe00000)]


Current CompileTask:
C2:58933 9388       4       java.util.regex.Pattern::split (288 bytes)

Stack: [0x0000001dabd00000,0x0000001dabe00000]
Native frames: (J=compiled Java code, j=interpreted, Vv=VM code, C=native code)
V  [jvm.dll+0x684d39]
V  [jvm.dll+0x83a565]
V  [jvm.dll+0x83bfde]
V  [jvm.dll+0x83c663]
V  [jvm.dll+0x2490cf]
V  [jvm.dll+0xad536]
V  [jvm.dll+0xadbdc]
V  [jvm.dll+0x368d6f]
V  [jvm.dll+0x333215]
V  [jvm.dll+0x33267a]
V  [jvm.dll+0x219ed9]
V  [jvm.dll+0x21931f]
V  [jvm.dll+0x1a49e0]
V  [jvm.dll+0x229a6a]
V  [jvm.dll+0x227c1b]
V  [jvm.dll+0x7f0d18]
V  [jvm.dll+0x7eb17c]
V  [jvm.dll+0x683c07]
C  [ucrtbase.dll+0x21bb2]
C  [KERNEL32.DLL+0x17384]
C  [ntdll.dll+0x4cc91]


---------------  P R O C E S S  ---------------

Threads class SMR info:
_java_thread_list=0x00000197a86af830, length=47, elements={
0x00000197f1593b60, 0x00000197fc8e62a0, 0x00000197fc8e77d0, 0x00000197fc8fb9d0,
0x00000197fc8fc3a0, 0x00000197fc8fdc80, 0x00000197fc8fe550, 0x00000197fc8ff150,
0x00000197fc91ae90, 0x00000197fca88030, 0x00000197fcb03910, 0x00000197fcb8c3b0,
0x00000197fdc9c160, 0x00000197fd1ba490, 0x00000197fc957040, 0x00000197fd8da5c0,
0x00000197fd8d9690, 0x00000197fd8da0b0, 0x00000197fd8db4f0, 0x00000197fd8daad0,
0x00000197fd8dba00, 0x00000197fd8dc930, 0x00000197fd8dafe0, 0x00000197fd8dbf10,
0x00000197fd8d9180, 0x00000197fd8d9ba0, 0x00000197fd8dc420, 0x00000197a8337ca0,
0x00000197a8337790, 0x00000197a8337280, 0x00000197a83390e0, 0x00000197a83381b0,
0x00000197a8338bd0, 0x00000197a8336860, 0x00000197a83386c0, 0x00000197a8339b00,
0x00000197a87c04c0, 0x00000197a87c1900, 0x00000197a87c09d0, 0x00000197a87c0ee0,
0x00000197a87c3250, 0x00000197a87c2830, 0x00000197a87c2320, 0x00000197a87c2d40,
0x00000197a87c3760, 0x00000197a87c3c70, 0x00000197ff1474b0
}

Java Threads: ( => current thread )
  0x00000197f1593b60 JavaThread "main" [_thread_blocked, id=16408, stack(0x0000001dab000000,0x0000001dab100000)]
  0x00000197fc8e62a0 JavaThread "Reference Handler" daemon [_thread_blocked, id=9852, stack(0x0000001dab700000,0x0000001dab800000)]
  0x00000197fc8e77d0 JavaThread "Finalizer" daemon [_thread_blocked, id=8712, stack(0x0000001dab800000,0x0000001dab900000)]
  0x00000197fc8fb9d0 JavaThread "Signal Dispatcher" daemon [_thread_blocked, id=11516, stack(0x0000001dab900000,0x0000001daba00000)]
  0x00000197fc8fc3a0 JavaThread "Attach Listener" daemon [_thread_blocked, id=16464, stack(0x0000001daba00000,0x0000001dabb00000)]
  0x00000197fc8fdc80 JavaThread "Service Thread" daemon [_thread_blocked, id=18384, stack(0x0000001dabb00000,0x0000001dabc00000)]
  0x00000197fc8fe550 JavaThread "Monitor Deflation Thread" daemon [_thread_blocked, id=18808, stack(0x0000001dabc00000,0x0000001dabd00000)]
=>0x00000197fc8ff150 JavaThread "C2 CompilerThread0" daemon [_thread_in_native, id=4860, stack(0x0000001dabd00000,0x0000001dabe00000)]
  0x00000197fc91ae90 JavaThread "C1 CompilerThread0" daemon [_thread_blocked, id=6204, stack(0x0000001dabe00000,0x0000001dabf00000)]
  0x00000197fca88030 JavaThread "Sweeper thread" daemon [_thread_blocked, id=10520, stack(0x0000001dabf00000,0x0000001dac000000)]
  0x00000197fcb03910 JavaThread "Common-Cleaner" daemon [_thread_blocked, id=3168, stack(0x0000001dac000000,0x0000001dac100000)]
  0x00000197fcb8c3b0 JavaThread "Notification Thread" daemon [_thread_blocked, id=16976, stack(0x0000001dac100000,0x0000001dac200000)]
  0x00000197fdc9c160 JavaThread "Daemon health stats" [_thread_blocked, id=7000, stack(0x0000001dac800000,0x0000001dac900000)]
  0x00000197fd1ba490 JavaThread "Incoming local TCP Connector on port 58396" [_thread_in_native, id=12664, stack(0x0000001dac600000,0x0000001dac700000)]
  0x00000197fc957040 JavaThread "Daemon periodic checks" [_thread_blocked, id=17684, stack(0x0000001dac900000,0x0000001daca00000)]
  0x00000197fd8da5c0 JavaThread "Daemon" [_thread_blocked, id=8060, stack(0x0000001daca00000,0x0000001dacb00000)]
  0x00000197fd8d9690 JavaThread "Handler for socket connection from /127.0.0.1:58396 to /127.0.0.1:58398" [_thread_in_native, id=10636, stack(0x0000001dacb00000,0x0000001dacc00000)]
  0x00000197fd8da0b0 JavaThread "Cancel handler" [_thread_blocked, id=15384, stack(0x0000001dacc00000,0x0000001dacd00000)]
  0x00000197fd8db4f0 JavaThread "Daemon worker" [_thread_in_Java, id=2356, stack(0x0000001dacd00000,0x0000001dace00000)]
  0x00000197fd8daad0 JavaThread "Asynchronous log dispatcher for DefaultDaemonConnection: socket connection from /127.0.0.1:58396 to /127.0.0.1:58398" [_thread_blocked, id=1996, stack(0x0000001dace00000,0x0000001dacf00000)]
  0x00000197fd8dba00 JavaThread "Stdin handler" [_thread_blocked, id=16564, stack(0x0000001dacf00000,0x0000001dad000000)]
  0x00000197fd8dc930 JavaThread "Daemon client event forwarder" [_thread_blocked, id=14228, stack(0x0000001dad000000,0x0000001dad100000)]
  0x00000197fd8dafe0 JavaThread "Cache worker for journal cache (C:\Users\welcome\.gradle\caches\journal-1)" [_thread_blocked, id=7248, stack(0x0000001dad100000,0x0000001dad200000)]
  0x00000197fd8dbf10 JavaThread "File lock request listener" [_thread_in_native, id=19120, stack(0x0000001dad200000,0x0000001dad300000)]
  0x00000197fd8d9180 JavaThread "Cache worker for file hash cache (C:\Users\welcome\.gradle\caches\8.9\fileHashes)" [_thread_blocked, id=5944, stack(0x0000001dad300000,0x0000001dad400000)]
  0x00000197fd8d9ba0 JavaThread "File lock release action executor" [_thread_blocked, id=14544, stack(0x0000001dad400000,0x0000001dad500000)]
  0x00000197fd8dc420 JavaThread "Cache worker for file hash cache (C:\Users\welcome\Distributed-Flight-System\booking-service\.gradle\8.9\fileHashes)" [_thread_blocked, id=4988, stack(0x0000001dad600000,0x0000001dad700000)]
  0x00000197a8337ca0 JavaThread "Cache worker for Build Output Cleanup Cache (C:\Users\welcome\Distributed-Flight-System\booking-service\.gradle\buildOutputCleanup)" [_thread_blocked, id=4208, stack(0x0000001dad700000,0x0000001dad800000)]
  0x00000197a8337790 JavaThread "File watcher server" daemon [_thread_in_native, id=3524, stack(0x0000001dad800000,0x0000001dad900000)]
  0x00000197a8337280 JavaThread "File watcher consumer" daemon [_thread_blocked, id=11176, stack(0x0000001dad900000,0x0000001dada00000)]
  0x00000197a83390e0 JavaThread "Cache worker for checksums cache (C:\Users\welcome\Distributed-Flight-System\booking-service\.gradle\8.9\checksums)" [_thread_blocked, id=16676, stack(0x0000001dad500000,0x0000001dad600000)]
  0x00000197a83381b0 JavaThread "Cache worker for file content cache (C:\Users\welcome\.gradle\caches\8.9\fileContent)" [_thread_blocked, id=4280, stack(0x0000001dada00000,0x0000001dadb00000)]
  0x00000197a8338bd0 JavaThread "Cache worker for cache directory md-rule (C:\Users\welcome\.gradle\caches\8.9\md-rule)" [_thread_blocked, id=13176, stack(0x0000001dadb00000,0x0000001dadc00000)]
  0x00000197a8336860 JavaThread "Cache worker for cache directory md-supplier (C:\Users\welcome\.gradle\caches\8.9\md-supplier)" [_thread_blocked, id=5812, stack(0x0000001dadc00000,0x0000001dadd00000)]
  0x00000197a83386c0 JavaThread "jar transforms" [_thread_blocked, id=3216, stack(0x0000001dadd00000,0x0000001dade00000)]
  0x00000197a8339b00 JavaThread "jar transforms Thread 2" [_thread_blocked, id=12188, stack(0x0000001dade00000,0x0000001dadf00000)]
  0x00000197a87c04c0 JavaThread "Unconstrained build operations" [_thread_blocked, id=1320, stack(0x0000001dadf00000,0x0000001dae000000)]
  0x00000197a87c1900 JavaThread "Unconstrained build operations Thread 2" [_thread_blocked, id=19392, stack(0x0000001dae000000,0x0000001dae100000)]
  0x00000197a87c09d0 JavaThread "Unconstrained build operations Thread 3" [_thread_blocked, id=7728, stack(0x0000001dae100000,0x0000001dae200000)]
  0x00000197a87c0ee0 JavaThread "Unconstrained build operations Thread 4" [_thread_blocked, id=16316, stack(0x0000001dae200000,0x0000001dae300000)]
  0x00000197a87c3250 JavaThread "Unconstrained build operations Thread 5" [_thread_blocked, id=2212, stack(0x0000001dae300000,0x0000001dae400000)]
  0x00000197a87c2830 JavaThread "Unconstrained build operations Thread 6" [_thread_blocked, id=10036, stack(0x0000001dae400000,0x0000001dae500000)]
  0x00000197a87c2320 JavaThread "Unconstrained build operations Thread 7" [_thread_blocked, id=17924, stack(0x0000001daae00000,0x0000001daaf00000)]
  0x00000197a87c2d40 JavaThread "Unconstrained build operations Thread 8" [_thread_blocked, id=10332, stack(0x0000001dae500000,0x0000001dae600000)]
  0x00000197a87c3760 JavaThread "Unconstrained build operations Thread 9" [_thread_blocked, id=7464, stack(0x0000001dae600000,0x0000001dae700000)]
  0x00000197a87c3c70 JavaThread "build event listener" [_thread_blocked, id=17628, stack(0x0000001dae900000,0x0000001daea00000)]
  0x00000197ff1474b0 JavaThread "Memory manager" [_thread_blocked, id=3136, stack(0x0000001daea00000,0x0000001daeb00000)]

Other Threads:
  0x00000197fc8dc0b0 VMThread "VM Thread" [stack: 0x0000001dab600000,0x0000001dab700000] [id=20428]
  0x00000197f15947d0 WatcherThread [stack: 0x0000001dac200000,0x0000001dac300000] [id=16572]
  0x00000197f15c0280 GCTaskThread "GC Thread#0" [stack: 0x0000001dab100000,0x0000001dab200000] [id=4940]
  0x00000197fcca7df0 GCTaskThread "GC Thread#1" [stack: 0x0000001dac300000,0x0000001dac400000] [id=20124]
  0x00000197fcca80b0 GCTaskThread "GC Thread#2" [stack: 0x0000001dac400000,0x0000001dac500000] [id=17608]
  0x00000197fcd3e0f0 GCTaskThread "GC Thread#3" [stack: 0x0000001dac500000,0x0000001dac600000] [id=18368]
  0x00000197f15c50e0 ConcurrentGCThread "G1 Main Marker" [stack: 0x0000001dab200000,0x0000001dab300000] [id=7008]
  0x00000197f15c5a10 ConcurrentGCThread "G1 Conc#0" [stack: 0x0000001dab300000,0x0000001dab400000] [id=3760]
  0x00000197f164d560 ConcurrentGCThread "G1 Refine#0" [stack: 0x0000001dab400000,0x0000001dab500000] [id=19268]
  0x00000197fd7a2e90 ConcurrentGCThread "G1 Refine#1" [stack: 0x0000001dac700000,0x0000001dac800000] [id=19264]
  0x00000197fe5abc10 ConcurrentGCThread "G1 Refine#2" [stack: 0x0000001daeb00000,0x0000001daec00000] [id=15172]
  0x00000197f164dea0 ConcurrentGCThread "G1 Service" [stack: 0x0000001dab500000,0x0000001dab600000] [id=4152]

Threads with active compile tasks:
C2 CompilerThread0  59013 9388       4       java.util.regex.Pattern::split (288 bytes)

VM state: not at safepoint (normal execution)

VM Mutex/Monitor currently owned by a thread: None

Heap address: 0x00000000e0000000, size: 512 MB, Compressed Oops mode: 32-bit

CDS archive(s) mapped at: [0x000001978f000000-0x000001978fbb0000-0x000001978fbb0000), size 12255232, SharedBaseAddress: 0x000001978f000000, ArchiveRelocationMode: 1.
Compressed class space mapped at: 0x0000019790000000-0x00000197a4000000, reserved size: 335544320
Narrow klass base: 0x000001978f000000, Narrow klass shift: 0, Narrow klass range: 0x100000000

GC Precious Log:
 CPUs: 4 total, 4 available
 Memory: 4005M
 Large Page Support: Disabled
 NUMA Support: Disabled
 Compressed Oops: Enabled (32-bit)
 Heap Region Size: 1M
 Heap Min Capacity: 256M
 Heap Initial Capacity: 256M
 Heap Max Capacity: 512M
 Pre-touch: Disabled
 Parallel Workers: 4
 Concurrent Workers: 1
 Concurrent Refinement Workers: 4
 Periodic GC: Disabled

Heap:
 garbage-first heap   total 262144K, used 168448K [0x00000000e0000000, 0x0000000100000000)
  region size 1024K, 87 young (89088K), 16 survivors (16384K)
 Metaspace       used 92320K, committed 92992K, reserved 458752K
  class space    used 12642K, committed 12928K, reserved 327680K

Heap Regions: E=young(eden), S=young(survivor), O=old, HS=humongous(starts), HC=humongous(continues), CS=collection set, F=free, OA=open archive, CA=closed archive, TAMS=top-at-mark-start (previous, next)
|   0|0x00000000e0000000, 0x00000000e0100000, 0x00000000e0100000|100%|HS|  |TAMS 0x00000000e0100000, 0x00000000e0000000| Complete 
|   1|0x00000000e0100000, 0x00000000e0200000, 0x00000000e0200000|100%|HC|  |TAMS 0x00000000e0200000, 0x00000000e0100000| Complete 
|   2|0x00000000e0200000, 0x00000000e0300000, 0x00000000e0300000|100%|HC|  |TAMS 0x00000000e0300000, 0x00000000e0200000| Complete 
|   3|0x00000000e0300000, 0x00000000e0400000, 0x00000000e0400000|100%|HC|  |TAMS 0x00000000e0400000, 0x00000000e0300000| Complete 
|   4|0x00000000e0400000, 0x00000000e0500000, 0x00000000e0500000|100%| O|  |TAMS 0x00000000e0500000, 0x00000000e0400000| Untracked 
|   5|0x00000000e0500000, 0x00000000e0600000, 0x00000000e0600000|100%| O|  |TAMS 0x00000000e0600000, 0x00000000e0500000| Untracked 
|   6|0x00000000e0600000, 0x00000000e0700000, 0x00000000e0700000|100%| O|  |TAMS 0x00000000e0700000, 0x00000000e0600000| Untracked 
|   7|0x00000000e0700000, 0x00000000e0800000, 0x00000000e0800000|100%| O|  |TAMS 0x00000000e0800000, 0x00000000e0700000| Untracked 
|   8|0x00000000e0800000, 0x00000000e0900000, 0x00000000e0900000|100%|HS|  |TAMS 0x00000000e0900000, 0x00000000e0800000| Complete 
|   9|0x00000000e0900000, 0x00000000e0a00000, 0x00000000e0a00000|100%| O|  |TAMS 0x00000000e0a00000, 0x00000000e0900000| Untracked 
|  10|0x00000000e0a00000, 0x00000000e0b00000, 0x00000000e0b00000|100%| O|  |TAMS 0x00000000e0b00000, 0x00000000e0a00000| Untracked 
|  11|0x00000000e0b00000, 0x00000000e0c00000, 0x00000000e0c00000|100%| O|  |TAMS 0x00000000e0c00000, 0x00000000e0b00000| Untracked 
|  12|0x00000000e0c00000, 0x00000000e0c00000, 0x00000000e0d00000|  0%| F|  |TAMS 0x00000000e0c00000, 0x00000000e0c00000| Untracked 
|  13|0x00000000e0d00000, 0x00000000e0e00000, 0x00000000e0e00000|100%| O|  |TAMS 0x00000000e0e00000, 0x00000000e0d00000| Untracked 
|  14|0x00000000e0e00000, 0x00000000e0f00000, 0x00000000e0f00000|100%| O|  |TAMS 0x00000000e0f00000, 0x00000000e0e00000| Untracked 
|  15|0x00000000e0f00000, 0x00000000e1000000, 0x00000000e1000000|100%| O|  |TAMS 0x00000000e1000000, 0x00000000e0f00000| Untracked 
|  16|0x00000000e1000000, 0x00000000e1100000, 0x00000000e1100000|100%| O|  |TAMS 0x00000000e1100000, 0x00000000e1000000| Untracked 
|  17|0x00000000e1100000, 0x00000000e1200000, 0x00000000e1200000|100%| O|  |TAMS 0x00000000e1200000, 0x00000000e1100000| Untracked 
|  18|0x00000000e1200000, 0x00000000e1300000, 0x00000000e1300000|100%| O|  |TAMS 0x00000000e1300000, 0x00000000e1200000| Untracked 
|  19|0x00000000e1300000, 0x00000000e1400000, 0x00000000e1400000|100%| O|  |TAMS 0x00000000e1400000, 0x00000000e1300000| Untracked 
|  20|0x00000000e1400000, 0x00000000e1500000, 0x00000000e1500000|100%| O|  |TAMS 0x00000000e1500000, 0x00000000e1400000| Untracked 
|  21|0x00000000e1500000, 0x00000000e1600000, 0x00000000e1600000|100%| O|  |TAMS 0x00000000e1600000, 0x00000000e1500000| Untracked 
|  22|0x00000000e1600000, 0x00000000e1700000, 0x00000000e1700000|100%| O|  |TAMS 0x00000000e1700000, 0x00000000e1600000| Untracked 
|  23|0x00000000e1700000, 0x00000000e1800000, 0x00000000e1800000|100%| O|  |TAMS 0x00000000e1800000, 0x00000000e1700000| Untracked 
|  24|0x00000000e1800000, 0x00000000e1900000, 0x00000000e1900000|100%| O|  |TAMS 0x00000000e1900000, 0x00000000e1800000| Untracked 
|  25|0x00000000e1900000, 0x00000000e1a00000, 0x00000000e1a00000|100%| O|  |TAMS 0x00000000e1a00000, 0x00000000e1900000| Untracked 
|  26|0x00000000e1a00000, 0x00000000e1b00000, 0x00000000e1b00000|100%| O|  |TAMS 0x00000000e1b00000, 0x00000000e1a00000| Untracked 
|  27|0x00000000e1b00000, 0x00000000e1c00000, 0x00000000e1c00000|100%| O|  |TAMS 0x00000000e1c00000, 0x00000000e1b00000| Untracked 
|  28|0x00000000e1c00000, 0x00000000e1d00000, 0x00000000e1d00000|100%| O|  |TAMS 0x00000000e1d00000, 0x00000000e1c00000| Untracked 
|  29|0x00000000e1d00000, 0x00000000e1e00000, 0x00000000e1e00000|100%| O|  |TAMS 0x00000000e1e00000, 0x00000000e1d00000| Untracked 
|  30|0x00000000e1e00000, 0x00000000e1f00000, 0x00000000e1f00000|100%| O|  |TAMS 0x00000000e1f00000, 0x00000000e1e00000| Untracked 
|  31|0x00000000e1f00000, 0x00000000e2000000, 0x00000000e2000000|100%| O|  |TAMS 0x00000000e2000000, 0x00000000e1f00000| Untracked 
|  32|0x00000000e2000000, 0x00000000e2100000, 0x00000000e2100000|100%| O|  |TAMS 0x00000000e2100000, 0x00000000e2000000| Untracked 
|  33|0x00000000e2100000, 0x00000000e2200000, 0x00000000e2200000|100%| O|  |TAMS 0x00000000e2200000, 0x00000000e2100000| Untracked 
|  34|0x00000000e2200000, 0x00000000e2300000, 0x00000000e2300000|100%| O|  |TAMS 0x00000000e2300000, 0x00000000e2200000| Untracked 
|  35|0x00000000e2300000, 0x00000000e2400000, 0x00000000e2400000|100%|HS|  |TAMS 0x00000000e2300000, 0x00000000e2300000| Complete 
|  36|0x00000000e2400000, 0x00000000e2500000, 0x00000000e2500000|100%| O|  |TAMS 0x00000000e2500000, 0x00000000e2400000| Untracked 
|  37|0x00000000e2500000, 0x00000000e2600000, 0x00000000e2600000|100%| O|  |TAMS 0x00000000e2543c00, 0x00000000e2500000| Untracked 
|  38|0x00000000e2600000, 0x00000000e2700000, 0x00000000e2700000|100%|HS|  |TAMS 0x00000000e2700000, 0x00000000e2600000| Complete 
|  39|0x00000000e2700000, 0x00000000e2800000, 0x00000000e2800000|100%|HC|  |TAMS 0x00000000e2800000, 0x00000000e2700000| Complete 
|  40|0x00000000e2800000, 0x00000000e2900000, 0x00000000e2900000|100%|HS|  |TAMS 0x00000000e2900000, 0x00000000e2800000| Complete 
|  41|0x00000000e2900000, 0x00000000e2a00000, 0x00000000e2a00000|100%|HC|  |TAMS 0x00000000e2a00000, 0x00000000e2900000| Complete 
|  42|0x00000000e2a00000, 0x00000000e2b00000, 0x00000000e2b00000|100%|HS|  |TAMS 0x00000000e2b00000, 0x00000000e2a00000| Complete 
|  43|0x00000000e2b00000, 0x00000000e2c00000, 0x00000000e2c00000|100%|HC|  |TAMS 0x00000000e2c00000, 0x00000000e2b00000| Complete 
|  44|0x00000000e2c00000, 0x00000000e2d00000, 0x00000000e2d00000|100%|HC|  |TAMS 0x00000000e2d00000, 0x00000000e2c00000| Complete 
|  45|0x00000000e2d00000, 0x00000000e2e00000, 0x00000000e2e00000|100%|HC|  |TAMS 0x00000000e2e00000, 0x00000000e2d00000| Complete 
|  46|0x00000000e2e00000, 0x00000000e2f00000, 0x00000000e2f00000|100%|HS|  |TAMS 0x00000000e2f00000, 0x00000000e2e00000| Complete 
|  47|0x00000000e2f00000, 0x00000000e3000000, 0x00000000e3000000|100%|HC|  |TAMS 0x00000000e3000000, 0x00000000e2f00000| Complete 
|  48|0x00000000e3000000, 0x00000000e3100000, 0x00000000e3100000|100%|HC|  |TAMS 0x00000000e3100000, 0x00000000e3000000| Complete 
|  49|0x00000000e3100000, 0x00000000e3200000, 0x00000000e3200000|100%|HC|  |TAMS 0x00000000e3200000, 0x00000000e3100000| Complete 
|  50|0x00000000e3200000, 0x00000000e3200000, 0x00000000e3300000|  0%| F|  |TAMS 0x00000000e3200000, 0x00000000e3200000| Untracked 
|  51|0x00000000e3300000, 0x00000000e3300000, 0x00000000e3400000|  0%| F|  |TAMS 0x00000000e3300000, 0x00000000e3300000| Untracked 
|  52|0x00000000e3400000, 0x00000000e3400000, 0x00000000e3500000|  0%| F|  |TAMS 0x00000000e3400000, 0x00000000e3400000| Untracked 
|  53|0x00000000e3500000, 0x00000000e3500000, 0x00000000e3600000|  0%| F|  |TAMS 0x00000000e3500000, 0x00000000e3500000| Untracked 
|  54|0x00000000e3600000, 0x00000000e3600000, 0x00000000e3700000|  0%| F|  |TAMS 0x00000000e3600000, 0x00000000e3600000| Untracked 
|  55|0x00000000e3700000, 0x00000000e3700000, 0x00000000e3800000|  0%| F|  |TAMS 0x00000000e3700000, 0x00000000e3700000| Untracked 
|  56|0x00000000e3800000, 0x00000000e3900000, 0x00000000e3900000|100%| O|  |TAMS 0x00000000e3800000, 0x00000000e3800000| Untracked 
|  57|0x00000000e3900000, 0x00000000e3a00000, 0x00000000e3a00000|100%| O|  |TAMS 0x00000000e3900000, 0x00000000e3900000| Untracked 
|  58|0x00000000e3a00000, 0x00000000e3b00000, 0x00000000e3b00000|100%| O|  |TAMS 0x00000000e3a00000, 0x00000000e3a00000| Untracked 
|  59|0x00000000e3b00000, 0x00000000e3c00000, 0x00000000e3c00000|100%| O|  |TAMS 0x00000000e3b00000, 0x00000000e3b00000| Untracked 
|  60|0x00000000e3c00000, 0x00000000e3d00000, 0x00000000e3d00000|100%| O|  |TAMS 0x00000000e3c00000, 0x00000000e3c00000| Untracked 
|  61|0x00000000e3d00000, 0x00000000e3e00000, 0x00000000e3e00000|100%| O|  |TAMS 0x00000000e3d00000, 0x00000000e3d00000| Untracked 
|  62|0x00000000e3e00000, 0x00000000e3f00000, 0x00000000e3f00000|100%| O|  |TAMS 0x00000000e3e00000, 0x00000000e3e00000| Untracked 
|  63|0x00000000e3f00000, 0x00000000e4000000, 0x00000000e4000000|100%| O|  |TAMS 0x00000000e3f00000, 0x00000000e3f00000| Untracked 
|  64|0x00000000e4000000, 0x00000000e4100000, 0x00000000e4100000|100%| O|  |TAMS 0x00000000e4000000, 0x00000000e4000000| Untracked 
|  65|0x00000000e4100000, 0x00000000e4200000, 0x00000000e4200000|100%| O|  |TAMS 0x00000000e4100000, 0x00000000e4100000| Untracked 
|  66|0x00000000e4200000, 0x00000000e4300000, 0x00000000e4300000|100%| O|  |TAMS 0x00000000e4200000, 0x00000000e4200000| Untracked 
|  67|0x00000000e4300000, 0x00000000e4400000, 0x00000000e4400000|100%| O|  |TAMS 0x00000000e4300000, 0x00000000e4300000| Untracked 
|  68|0x00000000e4400000, 0x00000000e4500000, 0x00000000e4500000|100%| O|  |TAMS 0x00000000e4400000, 0x00000000e4400000| Untracked 
|  69|0x00000000e4500000, 0x00000000e4600000, 0x00000000e4600000|100%| O|  |TAMS 0x00000000e4500000, 0x00000000e4500000| Untracked 
|  70|0x00000000e4600000, 0x00000000e4700000, 0x00000000e4700000|100%| O|  |TAMS 0x00000000e4600000, 0x00000000e4600000| Untracked 
|  71|0x00000000e4700000, 0x00000000e4800000, 0x00000000e4800000|100%| O|  |TAMS 0x00000000e4700000, 0x00000000e4700000| Untracked 
|  72|0x00000000e4800000, 0x00000000e4900000, 0x00000000e4900000|100%| O|  |TAMS 0x00000000e4800000, 0x00000000e4800000| Untracked 
|  73|0x00000000e4900000, 0x00000000e4a00000, 0x00000000e4a00000|100%| O|  |TAMS 0x00000000e4900000, 0x00000000e4900000| Untracked 
|  74|0x00000000e4a00000, 0x00000000e4b00000, 0x00000000e4b00000|100%| O|  |TAMS 0x00000000e4a00000, 0x00000000e4a00000| Untracked 
|  75|0x00000000e4b00000, 0x00000000e4c00000, 0x00000000e4c00000|100%| O|  |TAMS 0x00000000e4b00000, 0x00000000e4b00000| Untracked 
|  76|0x00000000e4c00000, 0x00000000e4d00000, 0x00000000e4d00000|100%| O|  |TAMS 0x00000000e4c00000, 0x00000000e4c00000| Untracked 
|  77|0x00000000e4d00000, 0x00000000e4e00000, 0x00000000e4e00000|100%| O|  |TAMS 0x00000000e4d00000, 0x00000000e4d00000| Untracked 
|  78|0x00000000e4e00000, 0x00000000e4f00000, 0x00000000e4f00000|100%|HS|  |TAMS 0x00000000e4e00000, 0x00000000e4e00000| Complete 
|  79|0x00000000e4f00000, 0x00000000e5000000, 0x00000000e5000000|100%|HC|  |TAMS 0x00000000e4f00000, 0x00000000e4f00000| Complete 
|  80|0x00000000e5000000, 0x00000000e5100000, 0x00000000e5100000|100%|HC|  |TAMS 0x00000000e5000000, 0x00000000e5000000| Complete 
|  81|0x00000000e5100000, 0x00000000e5200000, 0x00000000e5200000|100%|HC|  |TAMS 0x00000000e5100000, 0x00000000e5100000| Complete 
|  82|0x00000000e5200000, 0x00000000e5300000, 0x00000000e5300000|100%|HC|  |TAMS 0x00000000e5200000, 0x00000000e5200000| Complete 
|  83|0x00000000e5300000, 0x00000000e5400000, 0x00000000e5400000|100%|HC|  |TAMS 0x00000000e5300000, 0x00000000e5300000| Complete 
|  84|0x00000000e5400000, 0x00000000e5500000, 0x00000000e5500000|100%| O|  |TAMS 0x00000000e5400000, 0x00000000e5400000| Untracked 
|  85|0x00000000e5500000, 0x00000000e5580000, 0x00000000e5600000| 50%| O|  |TAMS 0x00000000e5500000, 0x00000000e5500000| Untracked 
|  86|0x00000000e5600000, 0x00000000e5600000, 0x00000000e5700000|  0%| F|  |TAMS 0x00000000e5600000, 0x00000000e5600000| Untracked 
|  87|0x00000000e5700000, 0x00000000e5700000, 0x00000000e5800000|  0%| F|  |TAMS 0x00000000e5700000, 0x00000000e5700000| Untracked 
|  88|0x00000000e5800000, 0x00000000e5800000, 0x00000000e5900000|  0%| F|  |TAMS 0x00000000e5800000, 0x00000000e5800000| Untracked 
|  89|0x00000000e5900000, 0x00000000e5900000, 0x00000000e5a00000|  0%| F|  |TAMS 0x00000000e5900000, 0x00000000e5900000| Untracked 
|  90|0x00000000e5a00000, 0x00000000e5a00000, 0x00000000e5b00000|  0%| F|  |TAMS 0x00000000e5a00000, 0x00000000e5a00000| Untracked 
|  91|0x00000000e5b00000, 0x00000000e5b00000, 0x00000000e5c00000|  0%| F|  |TAMS 0x00000000e5b00000, 0x00000000e5b00000| Untracked 
|  92|0x00000000e5c00000, 0x00000000e5c00000, 0x00000000e5d00000|  0%| F|  |TAMS 0x00000000e5c00000, 0x00000000e5c00000| Untracked 
|  93|0x00000000e5d00000, 0x00000000e5d00000, 0x00000000e5e00000|  0%| F|  |TAMS 0x00000000e5d00000, 0x00000000e5d00000| Untracked 
|  94|0x00000000e5e00000, 0x00000000e5e00000, 0x00000000e5f00000|  0%| F|  |TAMS 0x00000000e5e00000, 0x00000000e5e00000| Untracked 
|  95|0x00000000e5f00000, 0x00000000e5f00000, 0x00000000e6000000|  0%| F|  |TAMS 0x00000000e5f00000, 0x00000000e5f00000| Untracked 
|  96|0x00000000e6000000, 0x00000000e6000000, 0x00000000e6100000|  0%| F|  |TAMS 0x00000000e6000000, 0x00000000e6000000| Untracked 
|  97|0x00000000e6100000, 0x00000000e6100000, 0x00000000e6200000|  0%| F|  |TAMS 0x00000000e6100000, 0x00000000e6100000| Untracked 
|  98|0x00000000e6200000, 0x00000000e6200000, 0x00000000e6300000|  0%| F|  |TAMS 0x00000000e6200000, 0x00000000e6200000| Untracked 
|  99|0x00000000e6300000, 0x00000000e6300000, 0x00000000e6400000|  0%| F|  |TAMS 0x00000000e6300000, 0x00000000e6300000| Untracked 
| 100|0x00000000e6400000, 0x00000000e6400000, 0x00000000e6500000|  0%| F|  |TAMS 0x00000000e6400000, 0x00000000e6400000| Untracked 
| 101|0x00000000e6500000, 0x00000000e6500000, 0x00000000e6600000|  0%| F|  |TAMS 0x00000000e6500000, 0x00000000e6500000| Untracked 
| 102|0x00000000e6600000, 0x00000000e6600000, 0x00000000e6700000|  0%| F|  |TAMS 0x00000000e6600000, 0x00000000e6600000| Untracked 
| 103|0x00000000e6700000, 0x00000000e6700000, 0x00000000e6800000|  0%| F|  |TAMS 0x00000000e6700000, 0x00000000e6700000| Untracked 
| 104|0x00000000e6800000, 0x00000000e6800000, 0x00000000e6900000|  0%| F|  |TAMS 0x00000000e6800000, 0x00000000e6800000| Untracked 
| 105|0x00000000e6900000, 0x00000000e6900000, 0x00000000e6a00000|  0%| F|  |TAMS 0x00000000e6900000, 0x00000000e6900000| Untracked 
| 106|0x00000000e6a00000, 0x00000000e6a00000, 0x00000000e6b00000|  0%| F|  |TAMS 0x00000000e6a00000, 0x00000000e6a00000| Untracked 
| 107|0x00000000e6b00000, 0x00000000e6b00000, 0x00000000e6c00000|  0%| F|  |TAMS 0x00000000e6b00000, 0x00000000e6b00000| Untracked 
| 108|0x00000000e6c00000, 0x00000000e6c00000, 0x00000000e6d00000|  0%| F|  |TAMS 0x00000000e6c00000, 0x00000000e6c00000| Untracked 
| 109|0x00000000e6d00000, 0x00000000e6d00000, 0x00000000e6e00000|  0%| F|  |TAMS 0x00000000e6d00000, 0x00000000e6d00000| Untracked 
| 110|0x00000000e6e00000, 0x00000000e6e00000, 0x00000000e6f00000|  0%| F|  |TAMS 0x00000000e6e00000, 0x00000000e6e00000| Untracked 
| 111|0x00000000e6f00000, 0x00000000e6f00000, 0x00000000e7000000|  0%| F|  |TAMS 0x00000000e6f00000, 0x00000000e6f00000| Untracked 
| 112|0x00000000e7000000, 0x00000000e7000000, 0x00000000e7100000|  0%| F|  |TAMS 0x00000000e7000000, 0x00000000e7000000| Untracked 
| 113|0x00000000e7100000, 0x00000000e7100000, 0x00000000e7200000|  0%| F|  |TAMS 0x00000000e7100000, 0x00000000e7100000| Untracked 
| 114|0x00000000e7200000, 0x00000000e7200000, 0x00000000e7300000|  0%| F|  |TAMS 0x00000000e7200000, 0x00000000e7200000| Untracked 
| 115|0x00000000e7300000, 0x00000000e7400000, 0x00000000e7400000|100%| S|CS|TAMS 0x00000000e7300000, 0x00000000e7300000| Complete 
| 116|0x00000000e7400000, 0x00000000e7500000, 0x00000000e7500000|100%| S|CS|TAMS 0x00000000e7400000, 0x00000000e7400000| Complete 
| 117|0x00000000e7500000, 0x00000000e7600000, 0x00000000e7600000|100%| S|CS|TAMS 0x00000000e7500000, 0x00000000e7500000| Complete 
| 118|0x00000000e7600000, 0x00000000e7700000, 0x00000000e7700000|100%| S|CS|TAMS 0x00000000e7600000, 0x00000000e7600000| Complete 
| 119|0x00000000e7700000, 0x00000000e7800000, 0x00000000e7800000|100%| S|CS|TAMS 0x00000000e7700000, 0x00000000e7700000| Complete 
| 120|0x00000000e7800000, 0x00000000e7900000, 0x00000000e7900000|100%| S|CS|TAMS 0x00000000e7800000, 0x00000000e7800000| Complete 
| 121|0x00000000e7900000, 0x00000000e7a00000, 0x00000000e7a00000|100%| S|CS|TAMS 0x00000000e7900000, 0x00000000e7900000| Complete 
| 122|0x00000000e7a00000, 0x00000000e7b00000, 0x00000000e7b00000|100%| S|CS|TAMS 0x00000000e7a00000, 0x00000000e7a00000| Complete 
| 123|0x00000000e7b00000, 0x00000000e7c00000, 0x00000000e7c00000|100%| S|CS|TAMS 0x00000000e7b00000, 0x00000000e7b00000| Complete 
| 124|0x00000000e7c00000, 0x00000000e7d00000, 0x00000000e7d00000|100%| S|CS|TAMS 0x00000000e7c00000, 0x00000000e7c00000| Complete 
| 125|0x00000000e7d00000, 0x00000000e7e00000, 0x00000000e7e00000|100%| S|CS|TAMS 0x00000000e7d00000, 0x00000000e7d00000| Complete 
| 126|0x00000000e7e00000, 0x00000000e7f00000, 0x00000000e7f00000|100%| S|CS|TAMS 0x00000000e7e00000, 0x00000000e7e00000| Complete 
| 127|0x00000000e7f00000, 0x00000000e8000000, 0x00000000e8000000|100%| S|CS|TAMS 0x00000000e7f00000, 0x00000000e7f00000| Complete 
| 128|0x00000000e8000000, 0x00000000e8100000, 0x00000000e8100000|100%| S|CS|TAMS 0x00000000e8000000, 0x00000000e8000000| Complete 
| 129|0x00000000e8100000, 0x00000000e8200000, 0x00000000e8200000|100%| S|CS|TAMS 0x00000000e8100000, 0x00000000e8100000| Complete 
| 130|0x00000000e8200000, 0x00000000e8300000, 0x00000000e8300000|100%| S|CS|TAMS 0x00000000e8200000, 0x00000000e8200000| Complete 
| 131|0x00000000e8300000, 0x00000000e8300000, 0x00000000e8400000|  0%| F|  |TAMS 0x00000000e8300000, 0x00000000e8300000| Untracked 
| 132|0x00000000e8400000, 0x00000000e8400000, 0x00000000e8500000|  0%| F|  |TAMS 0x00000000e8400000, 0x00000000e8400000| Untracked 
| 133|0x00000000e8500000, 0x00000000e8500000, 0x00000000e8600000|  0%| F|  |TAMS 0x00000000e8500000, 0x00000000e8500000| Untracked 
| 134|0x00000000e8600000, 0x00000000e8600000, 0x00000000e8700000|  0%| F|  |TAMS 0x00000000e8600000, 0x00000000e8600000| Untracked 
| 135|0x00000000e8700000, 0x00000000e8700000, 0x00000000e8800000|  0%| F|  |TAMS 0x00000000e8700000, 0x00000000e8700000| Untracked 
| 136|0x00000000e8800000, 0x00000000e8800000, 0x00000000e8900000|  0%| F|  |TAMS 0x00000000e8800000, 0x00000000e8800000| Untracked 
| 137|0x00000000e8900000, 0x00000000e8900000, 0x00000000e8a00000|  0%| F|  |TAMS 0x00000000e8900000, 0x00000000e8900000| Untracked 
| 138|0x00000000e8a00000, 0x00000000e8a00000, 0x00000000e8b00000|  0%| F|  |TAMS 0x00000000e8a00000, 0x00000000e8a00000| Untracked 
| 139|0x00000000e8b00000, 0x00000000e8b00000, 0x00000000e8c00000|  0%| F|  |TAMS 0x00000000e8b00000, 0x00000000e8b00000| Untracked 
| 140|0x00000000e8c00000, 0x00000000e8c00000, 0x00000000e8d00000|  0%| F|  |TAMS 0x00000000e8c00000, 0x00000000e8c00000| Untracked 
| 141|0x00000000e8d00000, 0x00000000e8d00000, 0x00000000e8e00000|  0%| F|  |TAMS 0x00000000e8d00000, 0x00000000e8d00000| Untracked 
| 142|0x00000000e8e00000, 0x00000000e8e00000, 0x00000000e8f00000|  0%| F|  |TAMS 0x00000000e8e00000, 0x00000000e8e00000| Untracked 
| 143|0x00000000e8f00000, 0x00000000e8f00000, 0x00000000e9000000|  0%| F|  |TAMS 0x00000000e8f00000, 0x00000000e8f00000| Untracked 
| 144|0x00000000e9000000, 0x00000000e9000000, 0x00000000e9100000|  0%| F|  |TAMS 0x00000000e9000000, 0x00000000e9000000| Untracked 
| 145|0x00000000e9100000, 0x00000000e9100000, 0x00000000e9200000|  0%| F|  |TAMS 0x00000000e9100000, 0x00000000e9100000| Untracked 
| 146|0x00000000e9200000, 0x00000000e9200000, 0x00000000e9300000|  0%| F|  |TAMS 0x00000000e9200000, 0x00000000e9200000| Untracked 
| 147|0x00000000e9300000, 0x00000000e9300000, 0x00000000e9400000|  0%| F|  |TAMS 0x00000000e9300000, 0x00000000e9300000| Untracked 
| 148|0x00000000e9400000, 0x00000000e9400000, 0x00000000e9500000|  0%| F|  |TAMS 0x00000000e9400000, 0x00000000e9400000| Untracked 
| 149|0x00000000e9500000, 0x00000000e9500000, 0x00000000e9600000|  0%| F|  |TAMS 0x00000000e9500000, 0x00000000e9500000| Untracked 
| 150|0x00000000e9600000, 0x00000000e9600000, 0x00000000e9700000|  0%| F|  |TAMS 0x00000000e9600000, 0x00000000e9600000| Untracked 
| 151|0x00000000e9700000, 0x00000000e9700000, 0x00000000e9800000|  0%| F|  |TAMS 0x00000000e9700000, 0x00000000e9700000| Untracked 
| 152|0x00000000e9800000, 0x00000000e9800000, 0x00000000e9900000|  0%| F|  |TAMS 0x00000000e9800000, 0x00000000e9800000| Untracked 
| 153|0x00000000e9900000, 0x00000000e9900000, 0x00000000e9a00000|  0%| F|  |TAMS 0x00000000e9900000, 0x00000000e9900000| Untracked 
| 154|0x00000000e9a00000, 0x00000000e9a00000, 0x00000000e9b00000|  0%| F|  |TAMS 0x00000000e9a00000, 0x00000000e9a00000| Untracked 
| 155|0x00000000e9b00000, 0x00000000e9b00000, 0x00000000e9c00000|  0%| F|  |TAMS 0x00000000e9b00000, 0x00000000e9b00000| Untracked 
| 156|0x00000000e9c00000, 0x00000000e9c00000, 0x00000000e9d00000|  0%| F|  |TAMS 0x00000000e9c00000, 0x00000000e9c00000| Untracked 
| 157|0x00000000e9d00000, 0x00000000e9d00000, 0x00000000e9e00000|  0%| F|  |TAMS 0x00000000e9d00000, 0x00000000e9d00000| Untracked 
| 158|0x00000000e9e00000, 0x00000000e9e00000, 0x00000000e9f00000|  0%| F|  |TAMS 0x00000000e9e00000, 0x00000000e9e00000| Untracked 
| 159|0x00000000e9f00000, 0x00000000e9f00000, 0x00000000ea000000|  0%| F|  |TAMS 0x00000000e9f00000, 0x00000000e9f00000| Untracked 
| 160|0x00000000ea000000, 0x00000000ea000000, 0x00000000ea100000|  0%| F|  |TAMS 0x00000000ea000000, 0x00000000ea000000| Untracked 
| 161|0x00000000ea100000, 0x00000000ea100000, 0x00000000ea200000|  0%| F|  |TAMS 0x00000000ea100000, 0x00000000ea100000| Untracked 
| 162|0x00000000ea200000, 0x00000000ea200000, 0x00000000ea300000|  0%| F|  |TAMS 0x00000000ea200000, 0x00000000ea200000| Untracked 
| 163|0x00000000ea300000, 0x00000000ea300000, 0x00000000ea400000|  0%| F|  |TAMS 0x00000000ea300000, 0x00000000ea300000| Untracked 
| 164|0x00000000ea400000, 0x00000000ea400000, 0x00000000ea500000|  0%| F|  |TAMS 0x00000000ea400000, 0x00000000ea400000| Untracked 
| 165|0x00000000ea500000, 0x00000000ea500000, 0x00000000ea600000|  0%| F|  |TAMS 0x00000000ea500000, 0x00000000ea500000| Untracked 
| 166|0x00000000ea600000, 0x00000000ea600000, 0x00000000ea700000|  0%| F|  |TAMS 0x00000000ea600000, 0x00000000ea600000| Untracked 
| 167|0x00000000ea700000, 0x00000000ea700000, 0x00000000ea800000|  0%| F|  |TAMS 0x00000000ea700000, 0x00000000ea700000| Untracked 
| 168|0x00000000ea800000, 0x00000000ea800000, 0x00000000ea900000|  0%| F|  |TAMS 0x00000000ea800000, 0x00000000ea800000| Untracked 
| 169|0x00000000ea900000, 0x00000000ea900000, 0x00000000eaa00000|  0%| F|  |TAMS 0x00000000ea900000, 0x00000000ea900000| Untracked 
| 170|0x00000000eaa00000, 0x00000000eaa00000, 0x00000000eab00000|  0%| F|  |TAMS 0x00000000eaa00000, 0x00000000eaa00000| Untracked 
| 171|0x00000000eab00000, 0x00000000eab00000, 0x00000000eac00000|  0%| F|  |TAMS 0x00000000eab00000, 0x00000000eab00000| Untracked 
| 172|0x00000000eac00000, 0x00000000eac00000, 0x00000000ead00000|  0%| F|  |TAMS 0x00000000eac00000, 0x00000000eac00000| Untracked 
| 173|0x00000000ead00000, 0x00000000ead00000, 0x00000000eae00000|  0%| F|  |TAMS 0x00000000ead00000, 0x00000000ead00000| Untracked 
| 174|0x00000000eae00000, 0x00000000eae00000, 0x00000000eaf00000|  0%| F|  |TAMS 0x00000000eae00000, 0x00000000eae00000| Untracked 
| 175|0x00000000eaf00000, 0x00000000eaf00000, 0x00000000eb000000|  0%| F|  |TAMS 0x00000000eaf00000, 0x00000000eaf00000| Untracked 
| 176|0x00000000eb000000, 0x00000000eb000000, 0x00000000eb100000|  0%| F|  |TAMS 0x00000000eb000000, 0x00000000eb000000| Untracked 
| 177|0x00000000eb100000, 0x00000000eb100000, 0x00000000eb200000|  0%| F|  |TAMS 0x00000000eb100000, 0x00000000eb100000| Untracked 
| 178|0x00000000eb200000, 0x00000000eb200000, 0x00000000eb300000|  0%| F|  |TAMS 0x00000000eb200000, 0x00000000eb200000| Untracked 
| 179|0x00000000eb300000, 0x00000000eb300000, 0x00000000eb400000|  0%| F|  |TAMS 0x00000000eb300000, 0x00000000eb300000| Untracked 
| 180|0x00000000eb400000, 0x00000000eb400000, 0x00000000eb500000|  0%| F|  |TAMS 0x00000000eb400000, 0x00000000eb400000| Untracked 
| 181|0x00000000eb500000, 0x00000000eb500000, 0x00000000eb600000|  0%| F|  |TAMS 0x00000000eb500000, 0x00000000eb500000| Untracked 
| 182|0x00000000eb600000, 0x00000000eb600000, 0x00000000eb700000|  0%| F|  |TAMS 0x00000000eb600000, 0x00000000eb600000| Untracked 
| 183|0x00000000eb700000, 0x00000000eb700000, 0x00000000eb800000|  0%| F|  |TAMS 0x00000000eb700000, 0x00000000eb700000| Untracked 
| 184|0x00000000eb800000, 0x00000000eb800000, 0x00000000eb900000|  0%| F|  |TAMS 0x00000000eb800000, 0x00000000eb800000| Untracked 
| 185|0x00000000eb900000, 0x00000000eb9834e0, 0x00000000eba00000| 51%| E|  |TAMS 0x00000000eb900000, 0x00000000eb900000| Complete 
| 186|0x00000000eba00000, 0x00000000ebb00000, 0x00000000ebb00000|100%| E|CS|TAMS 0x00000000eba00000, 0x00000000eba00000| Complete 
| 187|0x00000000ebb00000, 0x00000000ebc00000, 0x00000000ebc00000|100%| E|CS|TAMS 0x00000000ebb00000, 0x00000000ebb00000| Complete 
| 188|0x00000000ebc00000, 0x00000000ebd00000, 0x00000000ebd00000|100%| E|CS|TAMS 0x00000000ebc00000, 0x00000000ebc00000| Complete 
| 189|0x00000000ebd00000, 0x00000000ebe00000, 0x00000000ebe00000|100%| E|CS|TAMS 0x00000000ebd00000, 0x00000000ebd00000| Complete 
| 190|0x00000000ebe00000, 0x00000000ebf00000, 0x00000000ebf00000|100%| E|CS|TAMS 0x00000000ebe00000, 0x00000000ebe00000| Complete 
| 191|0x00000000ebf00000, 0x00000000ec000000, 0x00000000ec000000|100%| E|CS|TAMS 0x00000000ebf00000, 0x00000000ebf00000| Complete 
| 192|0x00000000ec000000, 0x00000000ec100000, 0x00000000ec100000|100%| E|CS|TAMS 0x00000000ec000000, 0x00000000ec000000| Complete 
| 193|0x00000000ec100000, 0x00000000ec200000, 0x00000000ec200000|100%| E|CS|TAMS 0x00000000ec100000, 0x00000000ec100000| Complete 
| 194|0x00000000ec200000, 0x00000000ec300000, 0x00000000ec300000|100%| E|CS|TAMS 0x00000000ec200000, 0x00000000ec200000| Complete 
| 195|0x00000000ec300000, 0x00000000ec400000, 0x00000000ec400000|100%| E|CS|TAMS 0x00000000ec300000, 0x00000000ec300000| Complete 
| 196|0x00000000ec400000, 0x00000000ec500000, 0x00000000ec500000|100%| E|CS|TAMS 0x00000000ec400000, 0x00000000ec400000| Complete 
| 197|0x00000000ec500000, 0x00000000ec600000, 0x00000000ec600000|100%| E|CS|TAMS 0x00000000ec500000, 0x00000000ec500000| Complete 
| 198|0x00000000ec600000, 0x00000000ec700000, 0x00000000ec700000|100%| E|CS|TAMS 0x00000000ec600000, 0x00000000ec600000| Complete 
| 199|0x00000000ec700000, 0x00000000ec800000, 0x00000000ec800000|100%| E|CS|TAMS 0x00000000ec700000, 0x00000000ec700000| Complete 
| 200|0x00000000ec800000, 0x00000000ec900000, 0x00000000ec900000|100%| E|CS|TAMS 0x00000000ec800000, 0x00000000ec800000| Complete 
| 201|0x00000000ec900000, 0x00000000eca00000, 0x00000000eca00000|100%| E|CS|TAMS 0x00000000ec900000, 0x00000000ec900000| Complete 
| 202|0x00000000eca00000, 0x00000000ecb00000, 0x00000000ecb00000|100%| E|CS|TAMS 0x00000000eca00000, 0x00000000eca00000| Complete 
| 203|0x00000000ecb00000, 0x00000000ecc00000, 0x00000000ecc00000|100%| E|CS|TAMS 0x00000000ecb00000, 0x00000000ecb00000| Complete 
| 204|0x00000000ecc00000, 0x00000000ecd00000, 0x00000000ecd00000|100%| E|CS|TAMS 0x00000000ecc00000, 0x00000000ecc00000| Complete 
| 205|0x00000000ecd00000, 0x00000000ece00000, 0x00000000ece00000|100%| E|CS|TAMS 0x00000000ecd00000, 0x00000000ecd00000| Complete 
| 206|0x00000000ece00000, 0x00000000ecf00000, 0x00000000ecf00000|100%| E|CS|TAMS 0x00000000ece00000, 0x00000000ece00000| Complete 
| 207|0x00000000ecf00000, 0x00000000ed000000, 0x00000000ed000000|100%| E|CS|TAMS 0x00000000ecf00000, 0x00000000ecf00000| Complete 
| 208|0x00000000ed000000, 0x00000000ed100000, 0x00000000ed100000|100%| E|CS|TAMS 0x00000000ed000000, 0x00000000ed000000| Complete 
| 209|0x00000000ed100000, 0x00000000ed200000, 0x00000000ed200000|100%| E|CS|TAMS 0x00000000ed100000, 0x00000000ed100000| Complete 
| 210|0x00000000ed200000, 0x00000000ed300000, 0x00000000ed300000|100%| E|CS|TAMS 0x00000000ed200000, 0x00000000ed200000| Complete 
| 211|0x00000000ed300000, 0x00000000ed400000, 0x00000000ed400000|100%| E|CS|TAMS 0x00000000ed300000, 0x00000000ed300000| Complete 
| 212|0x00000000ed400000, 0x00000000ed500000, 0x00000000ed500000|100%| E|CS|TAMS 0x00000000ed400000, 0x00000000ed400000| Complete 
| 213|0x00000000ed500000, 0x00000000ed600000, 0x00000000ed600000|100%| E|CS|TAMS 0x00000000ed500000, 0x00000000ed500000| Complete 
| 214|0x00000000ed600000, 0x00000000ed700000, 0x00000000ed700000|100%| E|CS|TAMS 0x00000000ed600000, 0x00000000ed600000| Complete 
| 215|0x00000000ed700000, 0x00000000ed800000, 0x00000000ed800000|100%| E|CS|TAMS 0x00000000ed700000, 0x00000000ed700000| Complete 
| 216|0x00000000ed800000, 0x00000000ed900000, 0x00000000ed900000|100%| E|CS|TAMS 0x00000000ed800000, 0x00000000ed800000| Complete 
| 217|0x00000000ed900000, 0x00000000eda00000, 0x00000000eda00000|100%| E|CS|TAMS 0x00000000ed900000, 0x00000000ed900000| Complete 
| 218|0x00000000eda00000, 0x00000000edb00000, 0x00000000edb00000|100%| E|CS|TAMS 0x00000000eda00000, 0x00000000eda00000| Complete 
| 219|0x00000000edb00000, 0x00000000edc00000, 0x00000000edc00000|100%| E|CS|TAMS 0x00000000edb00000, 0x00000000edb00000| Complete 
| 220|0x00000000edc00000, 0x00000000edd00000, 0x00000000edd00000|100%| E|CS|TAMS 0x00000000edc00000, 0x00000000edc00000| Complete 
| 221|0x00000000edd00000, 0x00000000ede00000, 0x00000000ede00000|100%| E|CS|TAMS 0x00000000edd00000, 0x00000000edd00000| Complete 
| 222|0x00000000ede00000, 0x00000000edf00000, 0x00000000edf00000|100%| E|CS|TAMS 0x00000000ede00000, 0x00000000ede00000| Complete 
| 223|0x00000000edf00000, 0x00000000ee000000, 0x00000000ee000000|100%| E|CS|TAMS 0x00000000edf00000, 0x00000000edf00000| Complete 
| 224|0x00000000ee000000, 0x00000000ee100000, 0x00000000ee100000|100%| E|CS|TAMS 0x00000000ee000000, 0x00000000ee000000| Complete 
| 225|0x00000000ee100000, 0x00000000ee200000, 0x00000000ee200000|100%| E|CS|TAMS 0x00000000ee100000, 0x00000000ee100000| Complete 
| 226|0x00000000ee200000, 0x00000000ee300000, 0x00000000ee300000|100%| E|CS|TAMS 0x00000000ee200000, 0x00000000ee200000| Complete 
| 227|0x00000000ee300000, 0x00000000ee400000, 0x00000000ee400000|100%| E|CS|TAMS 0x00000000ee300000, 0x00000000ee300000| Complete 
| 228|0x00000000ee400000, 0x00000000ee500000, 0x00000000ee500000|100%| E|CS|TAMS 0x00000000ee400000, 0x00000000ee400000| Complete 
| 229|0x00000000ee500000, 0x00000000ee600000, 0x00000000ee600000|100%| E|CS|TAMS 0x00000000ee500000, 0x00000000ee500000| Complete 
| 230|0x00000000ee600000, 0x00000000ee700000, 0x00000000ee700000|100%| E|CS|TAMS 0x00000000ee600000, 0x00000000ee600000| Complete 
| 231|0x00000000ee700000, 0x00000000ee800000, 0x00000000ee800000|100%| E|CS|TAMS 0x00000000ee700000, 0x00000000ee700000| Complete 
| 232|0x00000000ee800000, 0x00000000ee900000, 0x00000000ee900000|100%| E|CS|TAMS 0x00000000ee800000, 0x00000000ee800000| Complete 
| 233|0x00000000ee900000, 0x00000000eea00000, 0x00000000eea00000|100%| E|CS|TAMS 0x00000000ee900000, 0x00000000ee900000| Complete 
| 234|0x00000000eea00000, 0x00000000eeb00000, 0x00000000eeb00000|100%| E|CS|TAMS 0x00000000eea00000, 0x00000000eea00000| Complete 
| 235|0x00000000eeb00000, 0x00000000eec00000, 0x00000000eec00000|100%| E|CS|TAMS 0x00000000eeb00000, 0x00000000eeb00000| Complete 
| 236|0x00000000eec00000, 0x00000000eed00000, 0x00000000eed00000|100%| E|CS|TAMS 0x00000000eec00000, 0x00000000eec00000| Complete 
| 237|0x00000000eed00000, 0x00000000eee00000, 0x00000000eee00000|100%| E|CS|TAMS 0x00000000eed00000, 0x00000000eed00000| Complete 
| 238|0x00000000eee00000, 0x00000000eef00000, 0x00000000eef00000|100%| E|CS|TAMS 0x00000000eee00000, 0x00000000eee00000| Complete 
| 239|0x00000000eef00000, 0x00000000ef000000, 0x00000000ef000000|100%| E|CS|TAMS 0x00000000eef00000, 0x00000000eef00000| Complete 
| 240|0x00000000ef000000, 0x00000000ef100000, 0x00000000ef100000|100%| E|CS|TAMS 0x00000000ef000000, 0x00000000ef000000| Complete 
| 241|0x00000000ef100000, 0x00000000ef200000, 0x00000000ef200000|100%| E|CS|TAMS 0x00000000ef100000, 0x00000000ef100000| Complete 
| 242|0x00000000ef200000, 0x00000000ef300000, 0x00000000ef300000|100%| E|CS|TAMS 0x00000000ef200000, 0x00000000ef200000| Complete 
| 243|0x00000000ef300000, 0x00000000ef400000, 0x00000000ef400000|100%| E|CS|TAMS 0x00000000ef300000, 0x00000000ef300000| Complete 
| 244|0x00000000ef400000, 0x00000000ef500000, 0x00000000ef500000|100%| E|CS|TAMS 0x00000000ef400000, 0x00000000ef400000| Complete 
| 245|0x00000000ef500000, 0x00000000ef600000, 0x00000000ef600000|100%| E|CS|TAMS 0x00000000ef500000, 0x00000000ef500000| Complete 
| 246|0x00000000ef600000, 0x00000000ef700000, 0x00000000ef700000|100%| E|CS|TAMS 0x00000000ef600000, 0x00000000ef600000| Complete 
| 247|0x00000000ef700000, 0x00000000ef800000, 0x00000000ef800000|100%| E|CS|TAMS 0x00000000ef700000, 0x00000000ef700000| Complete 
| 248|0x00000000ef800000, 0x00000000ef900000, 0x00000000ef900000|100%| E|CS|TAMS 0x00000000ef800000, 0x00000000ef800000| Complete 
| 249|0x00000000ef900000, 0x00000000efa00000, 0x00000000efa00000|100%| E|CS|TAMS 0x00000000ef900000, 0x00000000ef900000| Complete 
| 250|0x00000000efa00000, 0x00000000efb00000, 0x00000000efb00000|100%| E|CS|TAMS 0x00000000efa00000, 0x00000000efa00000| Complete 
| 251|0x00000000efb00000, 0x00000000efc00000, 0x00000000efc00000|100%| E|CS|TAMS 0x00000000efb00000, 0x00000000efb00000| Complete 
| 252|0x00000000efc00000, 0x00000000efd00000, 0x00000000efd00000|100%| E|CS|TAMS 0x00000000efc00000, 0x00000000efc00000| Complete 
| 253|0x00000000efd00000, 0x00000000efe00000, 0x00000000efe00000|100%| E|CS|TAMS 0x00000000efd00000, 0x00000000efd00000| Complete 
| 254|0x00000000efe00000, 0x00000000eff00000, 0x00000000eff00000|100%| E|CS|TAMS 0x00000000efe00000, 0x00000000efe00000| Complete 
| 255|0x00000000eff00000, 0x00000000f0000000, 0x00000000f0000000|100%| E|CS|TAMS 0x00000000eff00000, 0x00000000eff00000| Complete 

Card table byte_map: [0x00000197f9120000,0x00000197f9220000] _byte_map_base: 0x00000197f8a20000

Marking Bits (Prev, Next): (CMBitMap*) 0x00000197f15c07f0, (CMBitMap*) 0x00000197f15c07b0
 Prev Bits: [0x00000197f9b20000, 0x00000197fa320000)
 Next Bits: [0x00000197f9320000, 0x00000197f9b20000)

Polling page: 0x00000197f0d50000

Metaspace:

Usage:
  Non-class:     77.83 MB used.
      Class:     12.35 MB used.
       Both:     90.18 MB used.

Virtual space:
  Non-class space:      128.00 MB reserved,      78.19 MB ( 61%) committed,  2 nodes.
      Class space:      320.00 MB reserved,      12.62 MB (  4%) committed,  1 nodes.
             Both:      448.00 MB reserved,      90.81 MB ( 20%) committed. 

Chunk freelists:
   Non-Class:  1.02 MB
       Class:  3.38 MB
        Both:  4.39 MB

MaxMetaspaceSize: 384.00 MB
CompressedClassSpaceSize: 320.00 MB
Initial GC threshold: 21.00 MB
Current GC threshold: 98.12 MB
CDS: on
MetaspaceReclaimPolicy: balanced
 - commit_granule_bytes: 65536.
 - commit_granule_words: 8192.
 - virtual_space_node_default_size: 8388608.
 - enlarge_chunks_in_place: 1.
 - new_chunks_are_fully_committed: 0.
 - uncommit_free_chunks: 1.
 - use_allocation_guard: 0.
 - handle_deallocations: 1.


Internal statistics:

num_allocs_failed_limit: 9.
num_arena_births: 868.
num_arena_deaths: 0.
num_vsnodes_births: 3.
num_vsnodes_deaths: 0.
num_space_committed: 1451.
num_space_uncommitted: 0.
num_chunks_returned_to_freelist: 9.
num_chunks_taken_from_freelist: 4392.
num_chunk_merges: 9.
num_chunk_splits: 3176.
num_chunks_enlarged: 2414.
num_inconsistent_stats: 0.

CodeHeap 'non-profiled nmethods': size=120000Kb used=4544Kb max_used=4544Kb free=115455Kb
 bounds [0x0000019787ad0000, 0x0000019787f50000, 0x000001978f000000]
CodeHeap 'profiled nmethods': size=120000Kb used=17303Kb max_used=17303Kb free=102697Kb
 bounds [0x0000019780000000, 0x00000197810f0000, 0x0000019787530000]
CodeHeap 'non-nmethods': size=5760Kb used=2422Kb max_used=2460Kb free=3337Kb
 bounds [0x0000019787530000, 0x00000197877b0000, 0x0000019787ad0000]
 total_blobs=9498 nmethods=8536 adapters=872
 compilation: enabled
              stopped_count=0, restarted_count=0
 full_count=0

Compilation events (20 events):
Event: 58.843 Thread 0x00000197fc91ae90 9402       3       org.jetbrains.org.objectweb.asm.ClassVisitor::<init> (7 bytes)
Event: 58.843 Thread 0x00000197fc91ae90 nmethod 9402 0x00000197810dbb10 code [0x00000197810dbcc0, 0x00000197810dbe08]
Event: 58.845 Thread 0x00000197fc91ae90 9403       3       java.text.StringCharacterIterator::<init> (7 bytes)
Event: 58.846 Thread 0x00000197fc91ae90 nmethod 9403 0x00000197810dbe90 code [0x00000197810dc040, 0x00000197810dc188]
Event: 58.846 Thread 0x00000197fc91ae90 9404       3       java.text.StringCharacterIterator::<init> (12 bytes)
Event: 58.846 Thread 0x00000197fc91ae90 nmethod 9404 0x00000197810dc210 code [0x00000197810dc3c0, 0x00000197810dc608]
Event: 58.847 Thread 0x00000197fc91ae90 9405       3       org.jetbrains.kotlin.load.java.structure.impl.classFiles.BinaryJavaMethodBase$Companion$MethodInfo::<init> (38 bytes)
Event: 58.848 Thread 0x00000197fc91ae90 nmethod 9405 0x00000197810dc790 code [0x00000197810dcaa0, 0x00000197810ddaf8]
Event: 58.848 Thread 0x00000197fc91ae90 9406       3       org.jetbrains.kotlin.load.java.structure.impl.classFiles.ClassifierResolutionContext::copyForMember$resolution_common_jvm (20 bytes)
Event: 58.848 Thread 0x00000197fc91ae90 nmethod 9406 0x00000197810de090 code [0x00000197810de240, 0x00000197810de578]
Event: 58.848 Thread 0x00000197fc91ae90 9407       3       org.jetbrains.kotlin.com.intellij.util.containers.HashSetInterner::intern (25 bytes)
Event: 58.849 Thread 0x00000197fc91ae90 nmethod 9407 0x00000197810de690 code [0x00000197810de860, 0x00000197810dea88]
Event: 58.851 Thread 0x00000197fc91ae90 9408       3       org.jetbrains.kotlin.load.java.structure.impl.classFiles.BinaryJavaClass::visitMethod (234 bytes)
Event: 58.855 Thread 0x00000197fc91ae90 nmethod 9408 0x00000197810deb90 code [0x00000197810df060, 0x00000197810e1528]
Event: 58.857 Thread 0x00000197fc91ae90 9409       3       java.util.LinkedHashMap$LinkedKeySet::contains (9 bytes)
Event: 58.857 Thread 0x00000197fc91ae90 nmethod 9409 0x00000197810e2090 code [0x00000197810e2240, 0x00000197810e24c8]
Event: 58.857 Thread 0x00000197fc91ae90 9410       3       org.jetbrains.kotlin.serialization.deserialization.descriptors.DeserializedPackageMemberScope::getContributedClassifier (26 bytes)
Event: 58.859 Thread 0x00000197fc91ae90 nmethod 9410 0x00000197810e2590 code [0x00000197810e2940, 0x00000197810e3df8]
Event: 58.859 Thread 0x00000197fc91ae90 9411       3       org.jetbrains.kotlin.serialization.deserialization.descriptors.DeserializedPackageMemberScope::recordLookup (33 bytes)
Event: 58.860 Thread 0x00000197fc91ae90 nmethod 9411 0x00000197810e4510 code [0x00000197810e47c0, 0x00000197810e52a8]

GC Heap History (20 events):
Event: 13.399 GC heap before
{Heap before GC invocations=3 (full 0):
 garbage-first heap   total 262144K, used 104840K [0x00000000e0000000, 0x0000000100000000)
  region size 1024K, 94 young (96256K), 9 survivors (9216K)
 Metaspace       used 19783K, committed 20096K, reserved 393216K
  class space    used 2871K, committed 3008K, reserved 327680K
}
Event: 13.426 GC heap after
{Heap after GC invocations=4 (full 0):
 garbage-first heap   total 262144K, used 23474K [0x00000000e0000000, 0x0000000100000000)
  region size 1024K, 12 young (12288K), 12 survivors (12288K)
 Metaspace       used 19783K, committed 20096K, reserved 393216K
  class space    used 2871K, committed 3008K, reserved 327680K
}
Event: 14.707 GC heap before
{Heap before GC invocations=4 (full 0):
 garbage-first heap   total 262144K, used 36786K [0x00000000e0000000, 0x0000000100000000)
  region size 1024K, 26 young (26624K), 12 survivors (12288K)
 Metaspace       used 21135K, committed 21504K, reserved 393216K
  class space    used 3076K, committed 3264K, reserved 327680K
}
Event: 14.728 GC heap after
{Heap after GC invocations=5 (full 0):
 garbage-first heap   total 262144K, used 24903K [0x00000000e0000000, 0x0000000100000000)
  region size 1024K, 7 young (7168K), 7 survivors (7168K)
 Metaspace       used 21135K, committed 21504K, reserved 393216K
  class space    used 3076K, committed 3264K, reserved 327680K
}
Event: 22.005 GC heap before
{Heap before GC invocations=6 (full 0):
 garbage-first heap   total 262144K, used 130375K [0x00000000e0000000, 0x0000000100000000)
  region size 1024K, 111 young (113664K), 7 survivors (7168K)
 Metaspace       used 34394K, committed 34816K, reserved 393216K
  class space    used 4869K, committed 5056K, reserved 327680K
}
Event: 22.038 GC heap after
{Heap after GC invocations=7 (full 0):
 garbage-first heap   total 262144K, used 31519K [0x00000000e0000000, 0x0000000100000000)
  region size 1024K, 14 young (14336K), 14 survivors (14336K)
 Metaspace       used 34394K, committed 34816K, reserved 393216K
  class space    used 4869K, committed 5056K, reserved 327680K
}
Event: 22.668 GC heap before
{Heap before GC invocations=7 (full 0):
 garbage-first heap   total 262144K, used 43807K [0x00000000e0000000, 0x0000000100000000)
  region size 1024K, 23 young (23552K), 14 survivors (14336K)
 Metaspace       used 35605K, committed 35968K, reserved 393216K
  class space    used 4948K, committed 5120K, reserved 327680K
}
Event: 22.696 GC heap after
{Heap after GC invocations=8 (full 0):
 garbage-first heap   total 262144K, used 31811K [0x00000000e0000000, 0x0000000100000000)
  region size 1024K, 9 young (9216K), 9 survivors (9216K)
 Metaspace       used 35605K, committed 35968K, reserved 393216K
  class space    used 4948K, committed 5120K, reserved 327680K
}
Event: 32.071 GC heap before
{Heap before GC invocations=9 (full 0):
 garbage-first heap   total 262144K, used 180291K [0x00000000e0000000, 0x0000000100000000)
  region size 1024K, 153 young (156672K), 9 survivors (9216K)
 Metaspace       used 46322K, committed 46912K, reserved 393216K
  class space    used 6488K, committed 6784K, reserved 327680K
}
Event: 32.113 GC heap after
{Heap after GC invocations=10 (full 0):
 garbage-first heap   total 262144K, used 37952K [0x00000000e0000000, 0x0000000100000000)
  region size 1024K, 15 young (15360K), 15 survivors (15360K)
 Metaspace       used 46322K, committed 46912K, reserved 393216K
  class space    used 6488K, committed 6784K, reserved 327680K
}
Event: 32.163 GC heap before
{Heap before GC invocations=10 (full 0):
 garbage-first heap   total 262144K, used 37952K [0x00000000e0000000, 0x0000000100000000)
  region size 1024K, 16 young (16384K), 15 survivors (15360K)
 Metaspace       used 46335K, committed 46912K, reserved 393216K
  class space    used 6488K, committed 6784K, reserved 327680K
}
Event: 32.198 GC heap after
{Heap after GC invocations=11 (full 0):
 garbage-first heap   total 262144K, used 39183K [0x00000000e0000000, 0x0000000100000000)
  region size 1024K, 2 young (2048K), 2 survivors (2048K)
 Metaspace       used 46335K, committed 46912K, reserved 393216K
  class space    used 6488K, committed 6784K, reserved 327680K
}
Event: 42.405 GC heap before
{Heap before GC invocations=11 (full 0):
 garbage-first heap   total 262144K, used 193807K [0x00000000e0000000, 0x0000000100000000)
  region size 1024K, 143 young (146432K), 2 survivors (2048K)
 Metaspace       used 59534K, committed 60096K, reserved 393216K
  class space    used 8351K, committed 8640K, reserved 327680K
}
Event: 42.424 GC heap after
{Heap after GC invocations=12 (full 0):
 garbage-first heap   total 262144K, used 58584K [0x00000000e0000000, 0x0000000100000000)
  region size 1024K, 9 young (9216K), 9 survivors (9216K)
 Metaspace       used 59534K, committed 60096K, reserved 393216K
  class space    used 8351K, committed 8640K, reserved 327680K
}
Event: 49.950 GC heap before
{Heap before GC invocations=13 (full 0):
 garbage-first heap   total 262144K, used 211160K [0x00000000e0000000, 0x0000000100000000)
  region size 1024K, 152 young (155648K), 9 survivors (9216K)
 Metaspace       used 74170K, committed 74880K, reserved 393216K
  class space    used 10664K, committed 11008K, reserved 327680K
}
Event: 50.019 GC heap after
{Heap after GC invocations=14 (full 0):
 garbage-first heap   total 262144K, used 78098K [0x00000000e0000000, 0x0000000100000000)
  region size 1024K, 19 young (19456K), 19 survivors (19456K)
 Metaspace       used 74170K, committed 74880K, reserved 393216K
  class space    used 10664K, committed 11008K, reserved 327680K
}
Event: 50.043 GC heap before
{Heap before GC invocations=14 (full 0):
 garbage-first heap   total 262144K, used 79122K [0x00000000e0000000, 0x0000000100000000)
  region size 1024K, 20 young (20480K), 19 survivors (19456K)
 Metaspace       used 74170K, committed 74880K, reserved 393216K
  class space    used 10664K, committed 11008K, reserved 327680K
}
Event: 50.098 GC heap after
{Heap after GC invocations=15 (full 0):
 garbage-first heap   total 262144K, used 80190K [0x00000000e0000000, 0x0000000100000000)
  region size 1024K, 2 young (2048K), 2 survivors (2048K)
 Metaspace       used 74170K, committed 74880K, reserved 393216K
  class space    used 10664K, committed 11008K, reserved 327680K
}
Event: 55.018 GC heap before
{Heap before GC invocations=15 (full 0):
 garbage-first heap   total 262144K, used 213310K [0x00000000e0000000, 0x0000000100000000)
  region size 1024K, 125 young (128000K), 2 survivors (2048K)
 Metaspace       used 83698K, committed 84352K, reserved 458752K
  class space    used 11600K, committed 11904K, reserved 327680K
}
Event: 55.057 GC heap after
{Heap after GC invocations=16 (full 0):
 garbage-first heap   total 262144K, used 96768K [0x00000000e0000000, 0x0000000100000000)
  region size 1024K, 16 young (16384K), 16 survivors (16384K)
 Metaspace       used 83698K, committed 84352K, reserved 458752K
  class space    used 11600K, committed 11904K, reserved 327680K
}

Dll operation events (15 events):
Event: 0.028 Loaded shared library C:\Program Files\Eclipse Adoptium\jdk-17.0.20.101-hotspot\bin\java.dll
Event: 0.071 Loaded shared library C:\Program Files\Eclipse Adoptium\jdk-17.0.20.101-hotspot\bin\jsvml.dll
Event: 0.232 Loaded shared library C:\Program Files\Eclipse Adoptium\jdk-17.0.20.101-hotspot\bin\zip.dll
Event: 0.240 Loaded shared library C:\Program Files\Eclipse Adoptium\jdk-17.0.20.101-hotspot\bin\instrument.dll
Event: 0.249 Loaded shared library C:\Program Files\Eclipse Adoptium\jdk-17.0.20.101-hotspot\bin\net.dll
Event: 0.252 Loaded shared library C:\Program Files\Eclipse Adoptium\jdk-17.0.20.101-hotspot\bin\nio.dll
Event: 0.259 Loaded shared library C:\Program Files\Eclipse Adoptium\jdk-17.0.20.101-hotspot\bin\zip.dll
Event: 1.003 Loaded shared library C:\Program Files\Eclipse Adoptium\jdk-17.0.20.101-hotspot\bin\jimage.dll
Event: 1.478 Loaded shared library C:\Program Files\Eclipse Adoptium\jdk-17.0.20.101-hotspot\bin\verify.dll
Event: 2.116 Loaded shared library C:\Users\welcome\.gradle\native\c067742578af261105cb4f569cf0c3c89f3d7b1fecec35dd04571415982c5e48\windows-amd64\native-platform.dll
Event: 2.132 Loaded shared library C:\Users\welcome\.gradle\native\100fb08df4bc3b14c8652ba06237920a3bd2aa13389f12d3474272988ae205f9\windows-amd64\native-platform-file-events.dll
Event: 6.552 Loaded shared library C:\Program Files\Eclipse Adoptium\jdk-17.0.20.101-hotspot\bin\management.dll
Event: 6.565 Loaded shared library C:\Program Files\Eclipse Adoptium\jdk-17.0.20.101-hotspot\bin\management_ext.dll
Event: 7.408 Loaded shared library C:\Program Files\Eclipse Adoptium\jdk-17.0.20.101-hotspot\bin\extnet.dll
Event: 8.478 Loaded shared library C:\Program Files\Eclipse Adoptium\jdk-17.0.20.101-hotspot\bin\sunmscapi.dll

Deoptimization events (20 events):
Event: 56.626 Thread 0x00000197fd8db4f0 Uncommon trap: trap_request=0xffffffc6 fr.pc=0x0000019787ed0604 relative=0x0000000000000984
Event: 56.626 Thread 0x00000197fd8db4f0 Uncommon trap: reason=bimorphic_or_optimized_type_check action=maybe_recompile pc=0x0000019787ed0604 method=org.jetbrains.kotlin.protobuf.CodedInputStream.tryRefillBuffer(I)Z @ 177 c2
Event: 56.626 Thread 0x00000197fd8db4f0 DEOPT PACKING pc=0x0000019787ed0604 sp=0x0000001dacdf5120
Event: 56.626 Thread 0x00000197fd8db4f0 DEOPT UNPACKING pc=0x00000197875869a3 sp=0x0000001dacdf5010 mode 2
Event: 56.648 Thread 0x00000197fd8db4f0 Uncommon trap: trap_request=0xffffff45 fr.pc=0x0000019787eb5510 relative=0x00000000000005d0
Event: 56.648 Thread 0x00000197fd8db4f0 Uncommon trap: reason=unstable_if action=reinterpret pc=0x0000019787eb5510 method=org.jetbrains.org.objectweb.asm.ClassReader.readUtf(II[C)Ljava/lang/String; @ 41 c2
Event: 56.648 Thread 0x00000197fd8db4f0 DEOPT PACKING pc=0x0000019787eb5510 sp=0x0000001dacdf4960
Event: 56.648 Thread 0x00000197fd8db4f0 DEOPT UNPACKING pc=0x00000197875869a3 sp=0x0000001dacdf4908 mode 2
Event: 56.649 Thread 0x00000197fd8db4f0 Uncommon trap: trap_request=0xffffffc6 fr.pc=0x0000019787ed1eac relative=0x000000000000064c
Event: 56.649 Thread 0x00000197fd8db4f0 Uncommon trap: reason=bimorphic_or_optimized_type_check action=maybe_recompile pc=0x0000019787ed1eac method=org.jetbrains.kotlin.protobuf.CodedInputStream.tryRefillBuffer(I)Z @ 177 c2
Event: 56.649 Thread 0x00000197fd8db4f0 DEOPT PACKING pc=0x0000019787ed1eac sp=0x0000001dacdf4c20
Event: 56.649 Thread 0x00000197fd8db4f0 DEOPT UNPACKING pc=0x00000197875869a3 sp=0x0000001dacdf4b68 mode 2
Event: 58.172 Thread 0x00000197fd8db4f0 Uncommon trap: trap_request=0xffffffcc fr.pc=0x0000019787f2ba10 relative=0x0000000000003030
Event: 58.172 Thread 0x00000197fd8db4f0 Uncommon trap: reason=intrinsic_or_type_checked_inlining action=make_not_entrant pc=0x0000019787f2ba10 method=java.util.ArrayList$SubList.toArray([Ljava/lang/Object;)[Ljava/lang/Object; @ 58 c2
Event: 58.172 Thread 0x00000197fd8db4f0 DEOPT PACKING pc=0x0000019787f2ba10 sp=0x0000001dacdf2770
Event: 58.172 Thread 0x00000197fd8db4f0 DEOPT UNPACKING pc=0x00000197875869a3 sp=0x0000001dacdf2728 mode 2
Event: 58.610 Thread 0x00000197fd8db4f0 Uncommon trap: trap_request=0xffffff45 fr.pc=0x0000019787edc7f4 relative=0x00000000000001d4
Event: 58.610 Thread 0x00000197fd8db4f0 Uncommon trap: reason=unstable_if action=reinterpret pc=0x0000019787edc7f4 method=java.io.ByteArrayInputStream.read()I @ 8 c2
Event: 58.610 Thread 0x00000197fd8db4f0 DEOPT PACKING pc=0x0000019787edc7f4 sp=0x0000001dacdf53b0
Event: 58.611 Thread 0x00000197fd8db4f0 DEOPT UNPACKING pc=0x00000197875869a3 sp=0x0000001dacdf5368 mode 2

Classes loaded (20 events):
Event: 49.012 Loading class sun/nio/ch/Util$4
Event: 49.012 Loading class sun/nio/ch/Util$4 done
Event: 49.012 Loading class jdk/internal/access/foreign/MemorySegmentProxy
Event: 49.013 Loading class jdk/internal/access/foreign/MemorySegmentProxy done
Event: 49.016 Loading class java/io/UTFDataFormatException
Event: 49.017 Loading class java/io/UTFDataFormatException done
Event: 50.977 Loading class java/nio/channels/Channels$ReadableByteChannelImpl
Event: 50.982 Loading class java/nio/channels/Channels$ReadableByteChannelImpl done
Event: 50.984 Loading class java/nio/channels/NonWritableChannelException
Event: 50.987 Loading class java/nio/channels/NonWritableChannelException done
Event: 56.750 Loading class java/text/StringCharacterIterator
Event: 56.750 Loading class java/text/CharacterIterator
Event: 56.750 Loading class java/text/CharacterIterator done
Event: 56.750 Loading class java/text/StringCharacterIterator done
Event: 56.834 Loading class java/io/NotSerializableException
Event: 56.834 Loading class java/io/NotSerializableException done
Event: 58.001 Loading class java/util/AbstractList$SubList
Event: 58.002 Loading class java/util/AbstractList$SubList done
Event: 58.002 Loading class java/util/AbstractList$SubList$1
Event: 58.002 Loading class java/util/AbstractList$SubList$1 done

Classes unloaded (0 events):
No events

Classes redefined (0 events):
No events

Internal exceptions (20 events):
Event: 43.308 Thread 0x00000197fd8db4f0 Exception <a 'java/lang/ClassNotFoundException'{0x00000000ef451608}: org/jetbrains/kotlin/gradle/targets/js/npm/DefaultPeerNpmDependencyExtension$delegate$1Customizer> (0x00000000ef451608) 
thrown [s\src\hotspot\share\classfile\systemDictionary.cpp, line 257]
Event: 43.374 Thread 0x00000197fd8db4f0 Exception <a 'java/lang/NoSuchMethodError'{0x00000000ef372860}: static Lorg/jetbrains/kotlin/gradle/plugin/internal/DefaultIdeaSyncDetector$createIdeaPropertiesEvaluator$1;.<clinit>()V> (0x00000000ef372860) 
thrown [s\src\hotspot\share\prims\jni.cpp, line 1112]
Event: 45.014 Thread 0x00000197fd8db4f0 Exception <a 'java/lang/IncompatibleClassChangeError'{0x00000000ee1e28e0}: Found class java.lang.Object, but interface was expected> (0x00000000ee1e28e0) 
thrown [s\src\hotspot\share\interpreter\linkResolver.cpp, line 826]
Event: 45.642 Thread 0x00000197fd8db4f0 Exception <a 'sun/nio/fs/WindowsException'{0x00000000ed86b300}> (0x00000000ed86b300) 
thrown [s\src\hotspot\share\prims\jni.cpp, line 516]
Event: 45.643 Thread 0x00000197fd8db4f0 Exception <a 'sun/nio/fs/WindowsException'{0x00000000ed86ce70}> (0x00000000ed86ce70) 
thrown [s\src\hotspot\share\prims\jni.cpp, line 516]
Event: 46.047 Thread 0x00000197fd8db4f0 Exception <a 'java/lang/NoSuchMethodError'{0x00000000ecf21f70}: 'java.lang.Object java.lang.invoke.DirectMethodHandle$Holder.invokeStaticInit(java.lang.Object, int)'> (0x00000000ecf21f70) 
thrown [s\src\hotspot\share\interpreter\linkResolver.cpp, line 759]
Event: 46.145 Thread 0x00000197fd8db4f0 Exception <a 'java/lang/NoSuchMethodError'{0x00000000ecd786e0}: 'long java.lang.invoke.DirectMethodHandle$Holder.invokeStatic(java.lang.Object)'> (0x00000000ecd786e0) 
thrown [s\src\hotspot\share\interpreter\linkResolver.cpp, line 759]
Event: 46.146 Thread 0x00000197fd8db4f0 Exception <a 'java/lang/NoSuchMethodError'{0x00000000ecd7cfd8}: 'long java.lang.invoke.DirectMethodHandle$Holder.invokeStaticInit(java.lang.Object)'> (0x00000000ecd7cfd8) 
thrown [s\src\hotspot\share\interpreter\linkResolver.cpp, line 759]
Event: 46.361 Thread 0x00000197fd8db4f0 Exception <a 'java/lang/NoSuchMethodError'{0x00000000ec7648d0}: 'long java.lang.invoke.Invokers$Holder.invoke_MT(java.lang.Object, java.lang.Object, java.lang.Object, java.lang.Object)'> (0x00000000ec7648d0) 
thrown [s\src\hotspot\share\interpreter\linkResolver.cpp, line 759]
Event: 46.364 Thread 0x00000197fd8db4f0 Exception <a 'java/lang/NoSuchMethodError'{0x00000000ec76d960}: 'int java.lang.invoke.Invokers$Holder.invoke_MT(java.lang.Object, java.lang.Object, java.lang.Object, java.lang.Object)'> (0x00000000ec76d960) 
thrown [s\src\hotspot\share\interpreter\linkResolver.cpp, line 759]
Event: 46.367 Thread 0x00000197fd8db4f0 Exception <a 'java/lang/NoSuchMethodError'{0x00000000ec77a340}: 'void java.lang.invoke.DelegatingMethodHandle$Holder.reinvoke_L(java.lang.Object, java.lang.Object, java.lang.Object, long, java.lang.Object)'> (0x00000000ec77a340) 
thrown [s\src\hotspot\share\interpreter\linkResolver.cpp, line 759]
Event: 46.372 Thread 0x00000197fd8db4f0 Exception <a 'java/lang/NoSuchMethodError'{0x00000000ec78da70}: 'int java.lang.invoke.DelegatingMethodHandle$Holder.reinvoke_L(java.lang.Object, java.lang.Object, java.lang.Object, long, java.lang.Object, java.lang.Object)'> (0x00000000ec78da70) 
thrown [s\src\hotspot\share\interpreter\linkResolver.cpp, line 759]
Event: 46.374 Thread 0x00000197fd8db4f0 Exception <a 'java/lang/NoSuchMethodError'{0x00000000ec79d808}: 'int java.lang.invoke.DelegatingMethodHandle$Holder.reinvoke_L(java.lang.Object, java.lang.Object, java.lang.Object, long, int, int)'> (0x00000000ec79d808) 
thrown [s\src\hotspot\share\interpreter\linkResolver.cpp, line 759]
Event: 46.377 Thread 0x00000197fd8db4f0 Exception <a 'java/lang/NoSuchMethodError'{0x00000000ec7ad348}: 'int java.lang.invoke.DelegatingMethodHandle$Holder.reinvoke_L(java.lang.Object, java.lang.Object, java.lang.Object, long, long, long)'> (0x00000000ec7ad348) 
thrown [s\src\hotspot\share\interpreter\linkResolver.cpp, line 759]
Event: 46.380 Thread 0x00000197fd8db4f0 Exception <a 'java/lang/NoSuchMethodError'{0x00000000ec7bcb68}: 'int java.lang.invoke.DelegatingMethodHandle$Holder.reinvoke_L(java.lang.Object, java.lang.Object, java.lang.Object, long, int)'> (0x00000000ec7bcb68) 
thrown [s\src\hotspot\share\interpreter\linkResolver.cpp, line 759]
Event: 48.795 Thread 0x00000197fd8db4f0 Exception <a 'java/lang/NoSuchMethodError'{0x00000000e930eb00}: 'int java.lang.invoke.DirectMethodHandle$Holder.invokeSpecial(java.lang.Object, java.lang.Object, int, int)'> (0x00000000e930eb00) 
thrown [s\src\hotspot\share\interpreter\linkResolver.cpp, line 759]
Event: 48.843 Thread 0x00000197fd8db4f0 Exception <a 'java/lang/NoSuchMethodError'{0x00000000e93a6160}: 'java.lang.Object java.lang.invoke.Invokers$Holder.invokeExact_MT(java.lang.Object, java.lang.Object, long, java.lang.Object)'> (0x00000000e93a6160) 
thrown [s\src\hotspot\share\interpreter\linkResolver.cpp, line 759]
Event: 49.010 Thread 0x00000197fd8db4f0 Exception <a 'java/lang/NoSuchMethodError'{0x00000000e9011f78}: 'java.lang.Object java.lang.invoke.Invokers$Holder.invoke_MT(java.lang.Object, java.lang.Object, java.lang.Object)'> (0x00000000e9011f78) 
thrown [s\src\hotspot\share\interpreter\linkResolver.cpp, line 759]
Event: 50.106 Thread 0x00000197fd8db4f0 Implicit null exception at 0x0000019787e94898 to 0x0000019787e96278
Event: 58.108 Thread 0x00000197fd8db4f0 Exception <a 'java/lang/NoSuchMethodError'{0x00000000ec4926c0}: 'java.lang.Object java.lang.invoke.DirectMethodHandle$Holder.invokeStatic(java.lang.Object, java.lang.Object, java.lang.Object, java.lang.Object, int)'> (0x00000000ec4926c0) 
thrown [s\src\hotspot\share\interpreter\linkResolver.cpp, line 759]

VM Operations (20 events):
Event: 55.018 Executing VM operation: G1CollectForAllocation
Event: 55.057 Executing VM operation: G1CollectForAllocation done
Event: 56.064 Executing VM operation: HandshakeAllThreads
Event: 56.064 Executing VM operation: HandshakeAllThreads done
Event: 56.064 Executing VM operation: Cleanup
Event: 56.064 Executing VM operation: Cleanup done
Event: 56.214 Executing VM operation: HandshakeAllThreads
Event: 56.214 Executing VM operation: HandshakeAllThreads done
Event: 56.560 Executing VM operation: HandshakeAllThreads
Event: 56.561 Executing VM operation: HandshakeAllThreads done
Event: 56.591 Executing VM operation: HandshakeAllThreads
Event: 56.592 Executing VM operation: HandshakeAllThreads done
Event: 56.837 Executing VM operation: HandshakeAllThreads
Event: 56.837 Executing VM operation: HandshakeAllThreads done
Event: 57.849 Executing VM operation: Cleanup
Event: 57.850 Executing VM operation: Cleanup done
Event: 57.900 Executing VM operation: HandshakeAllThreads
Event: 57.900 Executing VM operation: HandshakeAllThreads done
Event: 58.348 Executing VM operation: HandshakeAllThreads
Event: 58.348 Executing VM operation: HandshakeAllThreads done

Memory protections (0 events):
No events

Nmethod flushes (20 events):
Event: 30.872 Thread 0x00000197fca88030 flushing  nmethod 0x0000019780945790
Event: 30.872 Thread 0x00000197fca88030 flushing  nmethod 0x000001978096f710
Event: 30.872 Thread 0x00000197fca88030 flushing  nmethod 0x0000019780970610
Event: 30.872 Thread 0x00000197fca88030 flushing  nmethod 0x000001978097f610
Event: 30.872 Thread 0x00000197fca88030 flushing  nmethod 0x0000019780995310
Event: 30.872 Thread 0x00000197fca88030 flushing  nmethod 0x00000197809a6e90
Event: 30.873 Thread 0x00000197fca88030 flushing  nmethod 0x00000197809e9210
Event: 30.873 Thread 0x00000197fca88030 flushing  nmethod 0x00000197809eae10
Event: 30.873 Thread 0x00000197fca88030 flushing  nmethod 0x00000197809f6110
Event: 30.873 Thread 0x00000197fca88030 flushing  nmethod 0x00000197809f8a10
Event: 30.873 Thread 0x00000197fca88030 flushing  nmethod 0x00000197809f9910
Event: 30.873 Thread 0x00000197fca88030 flushing  nmethod 0x0000019780a06c90
Event: 30.873 Thread 0x00000197fca88030 flushing  nmethod 0x0000019780a12510
Event: 30.873 Thread 0x00000197fca88030 flushing  nmethod 0x0000019780a1d810
Event: 30.873 Thread 0x00000197fca88030 flushing  nmethod 0x0000019780a21c90
Event: 30.873 Thread 0x00000197fca88030 flushing  nmethod 0x0000019780a22790
Event: 30.873 Thread 0x00000197fca88030 flushing  nmethod 0x0000019780a22e10
Event: 30.873 Thread 0x00000197fca88030 flushing  nmethod 0x0000019780a33990
Event: 30.873 Thread 0x00000197fca88030 flushing  nmethod 0x0000019780a41b90
Event: 48.379 Thread 0x00000197fca88030 flushing  nmethod 0x000001978073ba90

Events (20 events):
Event: 15.290 Thread 0x00000197fd8db4f0 Thread added: 0x00000197a8337790
Event: 15.314 Thread 0x00000197fd8db4f0 Thread added: 0x00000197a8337280
Event: 15.758 Thread 0x00000197fe57d390 Thread exited: 0x00000197fe57d390
Event: 16.483 Thread 0x00000197fd8db4f0 Thread added: 0x00000197a83390e0
Event: 16.661 Thread 0x00000197fd8db4f0 Thread added: 0x00000197a83381b0
Event: 17.090 Thread 0x00000197fd8db4f0 Thread added: 0x00000197a8338bd0
Event: 17.636 Thread 0x00000197fd8db4f0 Thread added: 0x00000197a8336860
Event: 18.327 Thread 0x00000197fd8db4f0 Thread added: 0x00000197a83386c0
Event: 18.540 Thread 0x00000197fd8db4f0 Thread added: 0x00000197a8339b00
Event: 29.653 Thread 0x00000197fd8db4f0 Thread added: 0x00000197a87c04c0
Event: 29.654 Thread 0x00000197fd8db4f0 Thread added: 0x00000197a87c1900
Event: 29.655 Thread 0x00000197fd8db4f0 Thread added: 0x00000197a87c09d0
Event: 29.967 Thread 0x00000197fd8db4f0 Thread added: 0x00000197a87c0ee0
Event: 29.979 Thread 0x00000197fd8db4f0 Thread added: 0x00000197a87c3250
Event: 29.983 Thread 0x00000197fd8db4f0 Thread added: 0x00000197a87c2830
Event: 30.973 Thread 0x00000197fd8db4f0 Thread added: 0x00000197a87c2320
Event: 30.975 Thread 0x00000197fd8db4f0 Thread added: 0x00000197a87c2d40
Event: 30.977 Thread 0x00000197fd8db4f0 Thread added: 0x00000197a87c3760
Event: 37.202 Thread 0x00000197fd8db4f0 Thread added: 0x00000197a87c3c70
Event: 40.264 Thread 0x00000197fd8db4f0 Thread added: 0x00000197ff1474b0


Dynamic libraries:
0x00007ff7e6030000 - 0x00007ff7e603e000 	C:\Program Files\Eclipse Adoptium\jdk-17.0.20.101-hotspot\bin\java.exe
0x00007ff9ea3b0000 - 0x00007ff9ea5a9000 	C:\Windows\SYSTEM32\ntdll.dll
0x00007ff9e8650000 - 0x00007ff9e8712000 	C:\Windows\System32\KERNEL32.DLL
0x00007ff9e7a00000 - 0x00007ff9e7cf7000 	C:\Windows\System32\KERNELBASE.dll
0x00007ff9e8000000 - 0x00007ff9e8100000 	C:\Windows\System32\ucrtbase.dll
0x00007ff9e1390000 - 0x00007ff9e13a8000 	C:\Program Files\Eclipse Adoptium\jdk-17.0.20.101-hotspot\bin\jli.dll
0x00007ff9e6e20000 - 0x00007ff9e70bb000 	C:\Windows\WinSxS\amd64_microsoft.windows.common-controls_6595b64144ccf1df_6.0.19041.7663_none_60b9ed0b71f50c93\COMCTL32.dll
0x00007ff9e9c20000 - 0x00007ff9e9dbd000 	C:\Windows\System32\USER32.dll
0x00007ff9e91b0000 - 0x00007ff9e924e000 	C:\Windows\System32\msvcrt.dll
0x00007ff9e8150000 - 0x00007ff9e8172000 	C:\Windows\System32\win32u.dll
0x00007ff9e8940000 - 0x00007ff9e896b000 	C:\Windows\System32\GDI32.dll
0x00007ff9e7ee0000 - 0x00007ff9e7ffa000 	C:\Windows\System32\gdi32full.dll
0x00007ff9e81b0000 - 0x00007ff9e824d000 	C:\Windows\System32\msvcp_win.dll
0x00007ff9e13b0000 - 0x00007ff9e13ce000 	C:\Program Files\Eclipse Adoptium\jdk-17.0.20.101-hotspot\bin\VCRUNTIME140.dll
0x00007ff9e90f0000 - 0x00007ff9e911f000 	C:\Windows\System32\IMM32.DLL
0x00007ff9c5eb0000 - 0x00007ff9c5ebc000 	C:\Program Files\Eclipse Adoptium\jdk-17.0.20.101-hotspot\bin\vcruntime140_1.dll
0x00007ff9773d0000 - 0x00007ff97745d000 	C:\Program Files\Eclipse Adoptium\jdk-17.0.20.101-hotspot\bin\msvcp140.dll
0x00007ff948ba0000 - 0x00007ff94980c000 	C:\Program Files\Eclipse Adoptium\jdk-17.0.20.101-hotspot\bin\server\jvm.dll
0x00007ff9e9b60000 - 0x00007ff9e9c12000 	C:\Windows\System32\ADVAPI32.dll
0x00007ff9e9810000 - 0x00007ff9e98b0000 	C:\Windows\System32\sechost.dll
0x00007ff9e83f0000 - 0x00007ff9e8516000 	C:\Windows\System32\RPCRT4.dll
0x00007ff9e8180000 - 0x00007ff9e81a7000 	C:\Windows\System32\bcrypt.dll
0x00007ff9e9130000 - 0x00007ff9e91a3000 	C:\Windows\System32\WS2_32.dll
0x00007ff9e7850000 - 0x00007ff9e789b000 	C:\Windows\SYSTEM32\POWRPROF.dll
0x00007ff9d13f0000 - 0x00007ff9d1417000 	C:\Windows\SYSTEM32\WINMM.dll
0x00007ff9df810000 - 0x00007ff9df81a000 	C:\Windows\SYSTEM32\VERSION.dll
0x00007ff9e7830000 - 0x00007ff9e7842000 	C:\Windows\SYSTEM32\UMPDC.dll
0x00007ff9e5170000 - 0x00007ff9e5182000 	C:\Windows\SYSTEM32\kernel.appcore.dll
0x00007ff9e1380000 - 0x00007ff9e138a000 	C:\Program Files\Eclipse Adoptium\jdk-17.0.20.101-hotspot\bin\jimage.dll
0x00007ff9e72d0000 - 0x00007ff9e74db000 	C:\Windows\SYSTEM32\DBGHELP.DLL
0x00007ff9e7290000 - 0x00007ff9e72c5000 	C:\Windows\SYSTEM32\dbgcore.DLL
0x00007ff9e8300000 - 0x00007ff9e8382000 	C:\Windows\System32\bcryptPrimitives.dll
0x00007ff9e1ae0000 - 0x00007ff9e1aee000 	C:\Program Files\Eclipse Adoptium\jdk-17.0.20.101-hotspot\bin\instrument.dll
0x00007ff9bf4f0000 - 0x00007ff9bf515000 	C:\Program Files\Eclipse Adoptium\jdk-17.0.20.101-hotspot\bin\java.dll
0x00007ff9772f0000 - 0x00007ff9773c7000 	C:\Program Files\Eclipse Adoptium\jdk-17.0.20.101-hotspot\bin\jsvml.dll
0x00007ff9e8970000 - 0x00007ff9e90e1000 	C:\Windows\System32\SHELL32.dll
0x00007ff9e5380000 - 0x00007ff9e5b2c000 	C:\Windows\SYSTEM32\windows.storage.dll
0x00007ff9ea010000 - 0x00007ff9ea364000 	C:\Windows\System32\combase.dll
0x00007ff9e6b50000 - 0x00007ff9e6b7b000 	C:\Windows\SYSTEM32\Wldp.dll
0x00007ff9e99d0000 - 0x00007ff9e9a7d000 	C:\Windows\System32\SHCORE.dll
0x00007ff9e88e0000 - 0x00007ff9e893b000 	C:\Windows\System32\shlwapi.dll
0x00007ff9e7920000 - 0x00007ff9e7945000 	C:\Windows\SYSTEM32\profapi.dll
0x00007ff97f220000 - 0x00007ff97f238000 	C:\Program Files\Eclipse Adoptium\jdk-17.0.20.101-hotspot\bin\zip.dll
0x00007ff9bf4d0000 - 0x00007ff9bf4ea000 	C:\Program Files\Eclipse Adoptium\jdk-17.0.20.101-hotspot\bin\net.dll
0x00007ff9dd020000 - 0x00007ff9dd12d000 	C:\Windows\SYSTEM32\WINHTTP.dll
0x00007ff9e69c0000 - 0x00007ff9e6a2a000 	C:\Windows\system32\mswsock.dll
0x00007ff99ca30000 - 0x00007ff99ca46000 	C:\Program Files\Eclipse Adoptium\jdk-17.0.20.101-hotspot\bin\nio.dll
0x00007ff97cd30000 - 0x00007ff97cd40000 	C:\Program Files\Eclipse Adoptium\jdk-17.0.20.101-hotspot\bin\verify.dll
0x00007ff9d2d00000 - 0x00007ff9d2d27000 	C:\Users\welcome\.gradle\native\c067742578af261105cb4f569cf0c3c89f3d7b1fecec35dd04571415982c5e48\windows-amd64\native-platform.dll
0x00007ff9af980000 - 0x00007ff9afac4000 	C:\Users\welcome\.gradle\native\100fb08df4bc3b14c8652ba06237920a3bd2aa13389f12d3474272988ae205f9\windows-amd64\native-platform-file-events.dll
0x00007ff9e1780000 - 0x00007ff9e178a000 	C:\Program Files\Eclipse Adoptium\jdk-17.0.20.101-hotspot\bin\management.dll
0x00007ff9e1770000 - 0x00007ff9e177c000 	C:\Program Files\Eclipse Adoptium\jdk-17.0.20.101-hotspot\bin\management_ext.dll
0x00007ff9e9dc0000 - 0x00007ff9e9dc8000 	C:\Windows\System32\PSAPI.DLL
0x00007ff9e7690000 - 0x00007ff9e76a8000 	C:\Windows\SYSTEM32\CRYPTSP.dll
0x00007ff9e6300000 - 0x00007ff9e6338000 	C:\Windows\system32\rsaenh.dll
0x00007ff9e78e0000 - 0x00007ff9e790e000 	C:\Windows\SYSTEM32\USERENV.dll
0x00007ff9e6c10000 - 0x00007ff9e6c1c000 	C:\Windows\SYSTEM32\CRYPTBASE.dll
0x00007ff9e6680000 - 0x00007ff9e66bb000 	C:\Windows\SYSTEM32\IPHLPAPI.DLL
0x00007ff9ea000000 - 0x00007ff9ea008000 	C:\Windows\System32\NSI.dll
0x00007ff9ddf70000 - 0x00007ff9ddf87000 	C:\Windows\SYSTEM32\dhcpcsvc6.DLL
0x00007ff9dded0000 - 0x00007ff9ddeed000 	C:\Windows\SYSTEM32\dhcpcsvc.DLL
0x00007ff9e66e0000 - 0x00007ff9e67ac000 	C:\Windows\SYSTEM32\DNSAPI.dll
0x00007ff9e1760000 - 0x00007ff9e1769000 	C:\Program Files\Eclipse Adoptium\jdk-17.0.20.101-hotspot\bin\extnet.dll
0x00007ff9df860000 - 0x00007ff9df86e000 	C:\Program Files\Eclipse Adoptium\jdk-17.0.20.101-hotspot\bin\sunmscapi.dll
0x00007ff9e7d80000 - 0x00007ff9e7edd000 	C:\Windows\System32\CRYPT32.dll
0x00007ff9e6d00000 - 0x00007ff9e6d27000 	C:\Windows\SYSTEM32\ncrypt.dll
0x00007ff9e6cc0000 - 0x00007ff9e6cfb000 	C:\Windows\SYSTEM32\NTASN1.dll
0x00007ff99c3c0000 - 0x00007ff99c3c7000 	C:\Windows\system32\wshunix.dll

dbghelp: loaded successfully - version: 4.0.5 - missing functions: none
symbol engine: initialized successfully - sym options: 0x614 - pdb path: .;C:\Program Files\Eclipse Adoptium\jdk-17.0.20.101-hotspot\bin;C:\Windows\SYSTEM32;C:\Windows\WinSxS\amd64_microsoft.windows.common-controls_6595b64144ccf1df_6.0.19041.7663_none_60b9ed0b71f50c93;C:\Program Files\Eclipse Adoptium\jdk-17.0.20.101-hotspot\bin\server;C:\Users\welcome\.gradle\native\c067742578af261105cb4f569cf0c3c89f3d7b1fecec35dd04571415982c5e48\windows-amd64;C:\Users\welcome\.gradle\native\100fb08df4bc3b14c8652ba06237920a3bd2aa13389f12d3474272988ae205f9\windows-amd64

VM Arguments:
jvm_args: --add-opens=java.base/java.util=ALL-UNNAMED --add-opens=java.base/java.lang=ALL-UNNAMED --add-opens=java.base/java.lang.invoke=ALL-UNNAMED --add-opens=java.prefs/java.util.prefs=ALL-UNNAMED --add-exports=jdk.compiler/com.sun.tools.javac.api=ALL-UNNAMED --add-exports=jdk.compiler/com.sun.tools.javac.util=ALL-UNNAMED --add-opens=java.base/java.nio.charset=ALL-UNNAMED --add-opens=java.base/java.net=ALL-UNNAMED --add-opens=java.base/java.util.concurrent.atomic=ALL-UNNAMED -XX:MaxMetaspaceSize=384m -XX:+HeapDumpOnOutOfMemoryError -Xms256m -Xmx512m -Dfile.encoding=utf8 -Duser.country=US -Duser.language=en -Duser.variant -javaagent:C:\Users\welcome\.gradle\wrapper\dists\gradle-8.9-bin\90cnw93cvbtalezasaz0blq0a\gradle-8.9\lib\agents\gradle-instrumentation-agent-8.9.jar 
java_command: org.gradle.launcher.daemon.bootstrap.GradleDaemon 8.9
java_class_path (initial): C:\Users\welcome\.gradle\wrapper\dists\gradle-8.9-bin\90cnw93cvbtalezasaz0blq0a\gradle-8.9\lib\gradle-daemon-main-8.9.jar
Launcher Type: SUN_STANDARD

[Global flags]
     intx CICompilerCount                          = 3                                         {product} {ergonomic}
   size_t CompressedClassSpaceSize                 = 335544320                                 {product} {ergonomic}
     uint ConcGCThreads                            = 1                                         {product} {ergonomic}
     uint G1ConcRefinementThreads                  = 4                                         {product} {ergonomic}
   size_t G1HeapRegionSize                         = 1048576                                   {product} {ergonomic}
    uintx GCDrainStackTargetSize                   = 64                                        {product} {ergonomic}
     bool HeapDumpOnOutOfMemoryError               = true                                   {manageable} {command line}
   size_t InitialHeapSize                          = 268435456                                 {product} {command line}
   size_t MarkStackSize                            = 4194304                                   {product} {ergonomic}
   size_t MaxHeapSize                              = 536870912                                 {product} {command line}
   size_t MaxMetaspaceSize                         = 402653184                                 {product} {command line}
   size_t MaxNewSize                               = 321912832                                 {product} {ergonomic}
   size_t MinHeapDeltaBytes                        = 1048576                                   {product} {ergonomic}
   size_t MinHeapSize                              = 268435456                                 {product} {command line}
    uintx NonNMethodCodeHeapSize                   = 5832780                                {pd product} {ergonomic}
    uintx NonProfiledCodeHeapSize                  = 122912730                              {pd product} {ergonomic}
    uintx ProfiledCodeHeapSize                     = 122912730                              {pd product} {ergonomic}
    uintx ReservedCodeCacheSize                    = 251658240                              {pd product} {ergonomic}
     bool SegmentedCodeCache                       = true                                      {product} {ergonomic}
   size_t SoftMaxHeapSize                          = 536870912                              {manageable} {ergonomic}
     bool UseCompressedClassPointers               = true                           {product lp64_product} {ergonomic}
     bool UseCompressedOops                        = true                           {product lp64_product} {ergonomic}
     bool UseG1GC                                  = true                                      {product} {ergonomic}
     bool UseLargePagesIndividualAllocation        = false                                  {pd product} {ergonomic}

Logging:
Log output configuration:
 #0: stdout all=warning uptime,level,tags
 #1: stderr all=off uptime,level,tags

Environment Variables:
PATH=C:\Program Files\Eclipse Adoptium\jdk-17.0.20.101-hotspot\bin;C:\Windows\system32;C:\Windows;C:\Windows\System32\Wbem;C:\Windows\System32\WindowsPowerShell\v1.0\;C:\Windows\System32\OpenSSH\;C:\Program Files\Git\cmd;C:\Program Files\nodejs\;C:\Users\welcome\AppData\Local\Microsoft\WindowsApps;C:\Users\welcome\AppData\Local\Programs\Microsoft VS Code\bin;C:\Users\welcome\AppData\Local\Programs\DockerDesktop\resources\bin;C:\Users\welcome\AppData\Roaming\npm
USERNAME=welcome
OS=Windows_NT
PROCESSOR_IDENTIFIER=Intel64 Family 6 Model 142 Stepping 9, GenuineIntel
TMP=C:\Users\welcome\AppData\Local\Temp
TEMP=C:\Users\welcome\AppData\Local\Temp



Periodic native trim disabled


---------------  S Y S T E M  ---------------

OS:
 Windows 10 , 64 bit Build 19041 (10.0.19041.7725)
OS uptime: 0 days 11:06 hours
Hyper-V role detected

CPU: total 4 (initial active 4) (2 cores per cpu, 2 threads per core) family 6 model 142 stepping 9 microcode 0xea, cx8, cmov, fxsr, ht, mmx, 3dnowpref, sse, sse2, sse3, ssse3, sse4.1, sse4.2, popcnt, lzcnt, tsc, tscinvbit, avx, avx2, aes, erms, clmul, bmi1, bmi2, adx, fma, vzeroupper, clflush, clflushopt, hv
Processor Information for processor 0
  Max Mhz: 2400, Current Mhz: 2400, Mhz Limit: 2400
Processor Information for processor 1
  Max Mhz: 2400, Current Mhz: 2400, Mhz Limit: 2400
Processor Information for processor 2
  Max Mhz: 2400, Current Mhz: 1500, Mhz Limit: 2400
Processor Information for processor 3
  Max Mhz: 2400, Current Mhz: 1500, Mhz Limit: 2400

Memory: 4k page, system-wide physical 4005M (260M free)
TotalPageFile size 11505M (AvailPageFile size 4M)
current process WorkingSet (physical memory assigned to process): 447M, peak: 447M
current process commit charge ("private bytes"): 520M, peak: 521M

vm_info: OpenJDK 64-Bit Server VM (17.0.20.1+1) for windows-amd64 JRE (17.0.20.1+1), built on Aug 18 2026 20:44:09 by "admin" with MS VC++ 17.12 (VS2022)

END.
