#
# There is insufficient memory for the Java Runtime Environment to continue.
# Native memory allocation (mmap) failed to map 114294784 bytes. Error detail: G1 virtual space
# Possible reasons:
#   The system is out of physical RAM or swap space
#   This process is running with CompressedOops enabled, and the Java Heap may be blocking the growth of the native heap
# Possible solutions:
#   Reduce memory load on the system
#   Increase physical memory or swap space
#   Check if swap backing store is full
#   Decrease Java heap size (-Xmx/-Xms)
#   Decrease number of Java threads
#   Decrease Java thread stack sizes (-Xss)
#   Set larger code cache with -XX:ReservedCodeCacheSize=
#   JVM is running with Unscaled Compressed Oops mode in which the Java heap is
#     placed in the first 4GB address space. The Java Heap base address is the
#     maximum limit for the native heap growth. Please use -XX:HeapBaseMinAddress
#     to set the Java Heap base and to place the Java Heap above 4GB virtual address.
# This output file may be truncated or incomplete.
#
#  Out of Memory Error (os_windows.cpp:3630), pid=15372, tid=14308
#
# JRE version: OpenJDK Runtime Environment Temurin-17.0.20.1+1 (17.0.20.1+1) (build 17.0.20.1+1)
# Java VM: OpenJDK 64-Bit Server VM Temurin-17.0.20.1+1 (17.0.20.1+1, mixed mode, sharing, tiered, compressed oops, compressed class ptrs, g1 gc, windows-amd64)
# No core dump will be written. Minidumps are not enabled by default on client versions of Windows
#

---------------  S U M M A R Y ------------

Command Line: -DkotlinLanguageServer.version=1.3.13 org.javacs.kt.MainKt

Host: Intel(R) Core(TM) i3-7100U CPU @ 2.40GHz, 4 cores, 3G,  Windows 10 , 64 bit Build 19041 (10.0.19041.7725)
Time: Tue Sep 29 22:30:51 2026 India Standard Time elapsed time: 30.981113 seconds (0d 0h 0m 30s)

---------------  T H R E A D  ---------------

Current thread (0x00000190e2e3e6e0):  VMThread "VM Thread" [stack: 0x0000002aaab00000,0x0000002aaac00000] [id=14308]

Stack: [0x0000002aaab00000,0x0000002aaac00000]
Native frames: (J=compiled Java code, j=interpreted, Vv=VM code, C=native code)
V  [jvm.dll+0x684d39]
V  [jvm.dll+0x83a565]
V  [jvm.dll+0x83bfde]
V  [jvm.dll+0x83c663]
V  [jvm.dll+0x2490cf]
V  [jvm.dll+0x681af9]
V  [jvm.dll+0x6768ba]
V  [jvm.dll+0x309467]
V  [jvm.dll+0x310a56]
V  [jvm.dll+0x360f3e]
V  [jvm.dll+0x36117d]
V  [jvm.dll+0x2e04ec]
V  [jvm.dll+0x2de8c2]
V  [jvm.dll+0x2de05c]
V  [jvm.dll+0x320cab]
V  [jvm.dll+0x840e7d]
V  [jvm.dll+0x841bb3]
V  [jvm.dll+0x8420df]
V  [jvm.dll+0x8424c5]
V  [jvm.dll+0x84258e]
V  [jvm.dll+0x7eb17c]
V  [jvm.dll+0x683c07]
C  [ucrtbase.dll+0x21bb2]
C  [KERNEL32.DLL+0x17384]
C  [ntdll.dll+0x4cc91]

VM_Operation (0x0000002aabffc750): G1CollectForAllocation, mode: safepoint, requested by thread 0x00000190c53eceb0


---------------  P R O C E S S  ---------------

Threads class SMR info:
_java_thread_list=0x00000190c54676f0, length=17, elements={
0x00000190fe2c48e0, 0x00000190fe2c5760, 0x00000190fe2e1020, 0x00000190fe2e19e0,
0x00000190fe2e23a0, 0x00000190fe2e2d60, 0x00000190fe2e3a50, 0x00000190fe2e7470,
0x00000190fe34dcd0, 0x00000190fe51b270, 0x00000190fe526620, 0x00000190c5596c50,
0x00000190e2d8e6d0, 0x00000190fec21360, 0x00000190c53eb560, 0x00000190c53ed3c0,
0x00000190c53eceb0
}

Java Threads: ( => current thread )
  0x00000190fe2c48e0 JavaThread "Reference Handler" daemon [_thread_blocked, id=3416, stack(0x0000002aaac00000,0x0000002aaad00000)]
  0x00000190fe2c5760 JavaThread "Finalizer" daemon [_thread_blocked, id=3320, stack(0x0000002aaad00000,0x0000002aaae00000)]
  0x00000190fe2e1020 JavaThread "Signal Dispatcher" daemon [_thread_blocked, id=15084, stack(0x0000002aaae00000,0x0000002aaaf00000)]
  0x00000190fe2e19e0 JavaThread "Attach Listener" daemon [_thread_blocked, id=12188, stack(0x0000002aaaf00000,0x0000002aab000000)]
  0x00000190fe2e23a0 JavaThread "Service Thread" daemon [_thread_blocked, id=14016, stack(0x0000002aab000000,0x0000002aab100000)]
  0x00000190fe2e2d60 JavaThread "Monitor Deflation Thread" daemon [_thread_blocked, id=9136, stack(0x0000002aab100000,0x0000002aab200000)]
  0x00000190fe2e3a50 JavaThread "C2 CompilerThread0" daemon [_thread_blocked, id=15052, stack(0x0000002aab200000,0x0000002aab300000)]
  0x00000190fe2e7470 JavaThread "C1 CompilerThread0" daemon [_thread_blocked, id=13380, stack(0x0000002aab300000,0x0000002aab400000)]
  0x00000190fe34dcd0 JavaThread "Sweeper thread" daemon [_thread_blocked, id=5832, stack(0x0000002aab400000,0x0000002aab500000)]
  0x00000190fe51b270 JavaThread "Notification Thread" daemon [_thread_blocked, id=9844, stack(0x0000002aab500000,0x0000002aab600000)]
  0x00000190fe526620 JavaThread "Common-Cleaner" daemon [_thread_blocked, id=15444, stack(0x0000002aab700000,0x0000002aab800000)]
  0x00000190c5596c50 JavaThread "client" [_thread_in_native, id=14104, stack(0x0000002aabb00000,0x0000002aabc00000)]
  0x00000190e2d8e6d0 JavaThread "DestroyJavaVM" [_thread_blocked, id=7704, stack(0x0000002aaa500000,0x0000002aaa600000)]
  0x00000190fec21360 JavaThread "async0" [_thread_blocked, id=7336, stack(0x0000002aabc00000,0x0000002aabd00000)]
  0x00000190c53eb560 JavaThread "async1" [_thread_blocked, id=15484, stack(0x0000002aabd00000,0x0000002aabe00000)]
  0x00000190c53ed3c0 JavaThread "debounce0" [_thread_blocked, id=12580, stack(0x0000002aabe00000,0x0000002aabf00000)]
  0x00000190c53eceb0 JavaThread "async2" [_thread_blocked, id=2716, stack(0x0000002aabf00000,0x0000002aac000000)]

Other Threads:
=>0x00000190e2e3e6e0 VMThread "VM Thread" [stack: 0x0000002aaab00000,0x0000002aaac00000] [id=14308]
  0x00000190fe51bb60 WatcherThread [stack: 0x0000002aab600000,0x0000002aab700000] [id=15020]
  0x00000190e2dc9bf0 GCTaskThread "GC Thread#0" [stack: 0x0000002aaa600000,0x0000002aaa700000] [id=1748]
  0x00000190feff4500 GCTaskThread "GC Thread#1" [stack: 0x0000002aab800000,0x0000002aab900000] [id=1588]
  0x00000190feec6970 GCTaskThread "GC Thread#2" [stack: 0x0000002aab900000,0x0000002aaba00000] [id=15568]
  0x00000190fefe7100 GCTaskThread "GC Thread#3" [stack: 0x0000002aaba00000,0x0000002aabb00000] [id=11796]
  0x00000190e2dd2880 ConcurrentGCThread "G1 Main Marker" [stack: 0x0000002aaa700000,0x0000002aaa800000] [id=9324]
  0x00000190e2dd42b0 ConcurrentGCThread "G1 Conc#0" [stack: 0x0000002aaa800000,0x0000002aaa900000] [id=1764]
  0x00000190e2e21360 ConcurrentGCThread "G1 Refine#0" [stack: 0x0000002aaa900000,0x0000002aaaa00000] [id=6752]
  0x00000190cdd51990 ConcurrentGCThread "G1 Refine#1" [stack: 0x0000002aac000000,0x0000002aac100000] [id=5964]
  0x00000190e2e21d90 ConcurrentGCThread "G1 Service" [stack: 0x0000002aaaa00000,0x0000002aaab00000] [id=15108]

Threads with active compile tasks:
C2 CompilerThread0  31047 5630   !   4       org.jetbrains.kotlin.metadata.ProtoBuf$Type$Argument::<init> (401 bytes)

VM state: at safepoint (normal execution)

VM Mutex/Monitor currently owned by a thread:  ([mutex/lock_event])
[0x00000190e2d89240] Threads_lock - owner thread: 0x00000190e2e3e6e0
[0x00000190e2d89630] Heap_lock - owner thread: 0x00000190c53eceb0

Heap address: 0x00000000c1600000, size: 1002 MB, Compressed Oops mode: 32-bit

CDS archive(s) mapped at: [0x0000019080000000-0x0000019080bb0000-0x0000019080bb0000), size 12255232, SharedBaseAddress: 0x0000019080000000, ArchiveRelocationMode: 1.
Compressed class space mapped at: 0x0000019081000000-0x00000190c1000000, reserved size: 1073741824
Narrow klass base: 0x0000019080000000, Narrow klass shift: 0, Narrow klass range: 0x100000000

GC Precious Log:
 CPUs: 4 total, 4 available
 Memory: 4005M
 Large Page Support: Disabled
 NUMA Support: Disabled
 Compressed Oops: Enabled (32-bit)
 Heap Region Size: 1M
 Heap Min Capacity: 8M
 Heap Initial Capacity: 64M
 Heap Max Capacity: 1002M
 Pre-touch: Disabled
 Parallel Workers: 4
 Concurrent Workers: 1
 Concurrent Refinement Workers: 4
 Periodic GC: Disabled

Heap:
 garbage-first heap   total 75776K, used 37532K [0x00000000c1600000, 0x0000000100000000)
  region size 1024K, 2 young (2048K), 2 survivors (2048K)
 Metaspace       used 60554K, committed 60928K, reserved 1114112K
  class space    used 7265K, committed 7424K, reserved 1048576K

Heap Regions: E=young(eden), S=young(survivor), O=old, HS=humongous(starts), HC=humongous(continues), CS=collection set, F=free, OA=open archive, CA=closed archive, TAMS=top-at-mark-start (previous, next)
|   0|0x00000000c1600000, 0x00000000c1700000, 0x00000000c1700000|100%|HS|  |TAMS 0x00000000c1700000, 0x00000000c1600000| Complete 
|   1|0x00000000c1700000, 0x00000000c1800000, 0x00000000c1800000|100%|HC|  |TAMS 0x00000000c1800000, 0x00000000c1700000| Complete 
|   2|0x00000000c1800000, 0x00000000c1900000, 0x00000000c1900000|100%|HC|  |TAMS 0x00000000c1900000, 0x00000000c1800000| Complete 
|   3|0x00000000c1900000, 0x00000000c1a00000, 0x00000000c1a00000|100%|HC|  |TAMS 0x00000000c1a00000, 0x00000000c1900000| Complete 
|   4|0x00000000c1a00000, 0x00000000c1b00000, 0x00000000c1b00000|100%| O|  |TAMS 0x00000000c1b00000, 0x00000000c1a00000| Untracked 
|   5|0x00000000c1b00000, 0x00000000c1c00000, 0x00000000c1c00000|100%| O|  |TAMS 0x00000000c1c00000, 0x00000000c1b00000| Untracked 
|   6|0x00000000c1c00000, 0x00000000c1d00000, 0x00000000c1d00000|100%| O|  |TAMS 0x00000000c1d00000, 0x00000000c1c00000| Untracked 
|   7|0x00000000c1d00000, 0x00000000c1e00000, 0x00000000c1e00000|100%| O|  |TAMS 0x00000000c1e00000, 0x00000000c1d00000| Untracked 
|   8|0x00000000c1e00000, 0x00000000c1f00000, 0x00000000c1f00000|100%| O|  |TAMS 0x00000000c1f00000, 0x00000000c1e00000| Untracked 
|   9|0x00000000c1f00000, 0x00000000c2000000, 0x00000000c2000000|100%| O|  |TAMS 0x00000000c2000000, 0x00000000c1f00000| Untracked 
|  10|0x00000000c2000000, 0x00000000c2100000, 0x00000000c2100000|100%| O|  |TAMS 0x00000000c2100000, 0x00000000c2000000| Untracked 
|  11|0x00000000c2100000, 0x00000000c2200000, 0x00000000c2200000|100%| O|  |TAMS 0x00000000c2200000, 0x00000000c2100000| Untracked 
|  12|0x00000000c2200000, 0x00000000c2300000, 0x00000000c2300000|100%| O|  |TAMS 0x00000000c2300000, 0x00000000c2200000| Untracked 
|  13|0x00000000c2300000, 0x00000000c2400000, 0x00000000c2400000|100%| O|  |TAMS 0x00000000c2400000, 0x00000000c2300000| Untracked 
|  14|0x00000000c2400000, 0x00000000c2500000, 0x00000000c2500000|100%| O|  |TAMS 0x00000000c2500000, 0x00000000c2400000| Untracked 
|  15|0x00000000c2500000, 0x00000000c2600000, 0x00000000c2600000|100%| O|  |TAMS 0x00000000c2600000, 0x00000000c2500000| Untracked 
|  16|0x00000000c2600000, 0x00000000c2700000, 0x00000000c2700000|100%| O|  |TAMS 0x00000000c2700000, 0x00000000c2600000| Untracked 
|  17|0x00000000c2700000, 0x00000000c2800000, 0x00000000c2800000|100%| O|  |TAMS 0x00000000c2800000, 0x00000000c2700000| Untracked 
|  18|0x00000000c2800000, 0x00000000c2900000, 0x00000000c2900000|100%| O|  |TAMS 0x00000000c2900000, 0x00000000c2800000| Untracked 
|  19|0x00000000c2900000, 0x00000000c2a00000, 0x00000000c2a00000|100%| O|  |TAMS 0x00000000c2a00000, 0x00000000c2900000| Untracked 
|  20|0x00000000c2a00000, 0x00000000c2b00000, 0x00000000c2b00000|100%| O|  |TAMS 0x00000000c2b00000, 0x00000000c2a00000| Untracked 
|  21|0x00000000c2b00000, 0x00000000c2c00000, 0x00000000c2c00000|100%| O|  |TAMS 0x00000000c2c00000, 0x00000000c2b00000| Untracked 
|  22|0x00000000c2c00000, 0x00000000c2d00000, 0x00000000c2d00000|100%| O|  |TAMS 0x00000000c2d00000, 0x00000000c2c00000| Updating 
|  23|0x00000000c2d00000, 0x00000000c2e00000, 0x00000000c2e00000|100%| O|  |TAMS 0x00000000c2e00000, 0x00000000c2d00000| Untracked 
|  24|0x00000000c2e00000, 0x00000000c2f00000, 0x00000000c2f00000|100%| O|  |TAMS 0x00000000c2f00000, 0x00000000c2e00000| Updating 
|  25|0x00000000c2f00000, 0x00000000c3000000, 0x00000000c3000000|100%| O|  |TAMS 0x00000000c3000000, 0x00000000c2f00000| Updating 
|  26|0x00000000c3000000, 0x00000000c3100000, 0x00000000c3100000|100%| O|  |TAMS 0x00000000c3100000, 0x00000000c3000000| Updating 
|  27|0x00000000c3100000, 0x00000000c3200000, 0x00000000c3200000|100%| O|  |TAMS 0x00000000c3200000, 0x00000000c3100000| Updating 
|  28|0x00000000c3200000, 0x00000000c3300000, 0x00000000c3300000|100%| O|  |TAMS 0x00000000c3200000, 0x00000000c3200000| Untracked 
|  29|0x00000000c3300000, 0x00000000c3400000, 0x00000000c3400000|100%| O|  |TAMS 0x00000000c3400000, 0x00000000c3300000| Untracked 
|  30|0x00000000c3400000, 0x00000000c3500000, 0x00000000c3500000|100%| O|  |TAMS 0x00000000c3500000, 0x00000000c3400000| Untracked 
|  31|0x00000000c3500000, 0x00000000c3600000, 0x00000000c3600000|100%| O|  |TAMS 0x00000000c35dc400, 0x00000000c3500000| Untracked 
|  32|0x00000000c3600000, 0x00000000c3700000, 0x00000000c3700000|100%| O|  |TAMS 0x00000000c3600000, 0x00000000c3600000| Updating 
|  33|0x00000000c3700000, 0x00000000c3800000, 0x00000000c3800000|100%| O|  |TAMS 0x00000000c3700000, 0x00000000c3700000| Untracked 
|  34|0x00000000c3800000, 0x00000000c38a7000, 0x00000000c3900000| 65%| O|  |TAMS 0x00000000c3800000, 0x00000000c3800000| Untracked 
|  35|0x00000000c3900000, 0x00000000c3900000, 0x00000000c3a00000|  0%| F|  |TAMS 0x00000000c3900000, 0x00000000c3900000| Untracked 
|  36|0x00000000c3a00000, 0x00000000c3a00000, 0x00000000c3b00000|  0%| F|  |TAMS 0x00000000c3a00000, 0x00000000c3a00000| Untracked 
|  37|0x00000000c3b00000, 0x00000000c3b00000, 0x00000000c3c00000|  0%| F|  |TAMS 0x00000000c3b00000, 0x00000000c3b00000| Untracked 
|  38|0x00000000c3c00000, 0x00000000c3c00000, 0x00000000c3d00000|  0%| F|  |TAMS 0x00000000c3c00000, 0x00000000c3c00000| Untracked 
|  39|0x00000000c3d00000, 0x00000000c3d00000, 0x00000000c3e00000|  0%| F|  |TAMS 0x00000000c3d00000, 0x00000000c3d00000| Untracked 
|  40|0x00000000c3e00000, 0x00000000c3e00000, 0x00000000c3f00000|  0%| F|  |TAMS 0x00000000c3e00000, 0x00000000c3e00000| Untracked 
|  41|0x00000000c3f00000, 0x00000000c3f00000, 0x00000000c4000000|  0%| F|  |TAMS 0x00000000c3f00000, 0x00000000c3f00000| Untracked 
|  42|0x00000000c4000000, 0x00000000c4000000, 0x00000000c4100000|  0%| F|  |TAMS 0x00000000c4000000, 0x00000000c4000000| Untracked 
|  43|0x00000000c4100000, 0x00000000c4100000, 0x00000000c4200000|  0%| F|  |TAMS 0x00000000c4100000, 0x00000000c4100000| Untracked 
|  44|0x00000000c4200000, 0x00000000c4200000, 0x00000000c4300000|  0%| F|  |TAMS 0x00000000c4200000, 0x00000000c4200000| Untracked 
|  45|0x00000000c4300000, 0x00000000c4300000, 0x00000000c4400000|  0%| F|  |TAMS 0x00000000c4300000, 0x00000000c4300000| Untracked 
|  46|0x00000000c4400000, 0x00000000c4400000, 0x00000000c4500000|  0%| F|  |TAMS 0x00000000c4400000, 0x00000000c4400000| Untracked 
|  47|0x00000000c4500000, 0x00000000c4500000, 0x00000000c4600000|  0%| F|  |TAMS 0x00000000c4500000, 0x00000000c4500000| Untracked 
|  48|0x00000000c4600000, 0x00000000c4600000, 0x00000000c4700000|  0%| F|  |TAMS 0x00000000c4600000, 0x00000000c4600000| Untracked 
|  49|0x00000000c4700000, 0x00000000c4700000, 0x00000000c4800000|  0%| F|  |TAMS 0x00000000c4700000, 0x00000000c4700000| Untracked 
|  50|0x00000000c4800000, 0x00000000c4800000, 0x00000000c4900000|  0%| F|  |TAMS 0x00000000c4800000, 0x00000000c4800000| Untracked 
|  51|0x00000000c4900000, 0x00000000c4900000, 0x00000000c4a00000|  0%| F|  |TAMS 0x00000000c4900000, 0x00000000c4900000| Untracked 
|  52|0x00000000c4a00000, 0x00000000c4a00000, 0x00000000c4b00000|  0%| F|  |TAMS 0x00000000c4a00000, 0x00000000c4a00000| Untracked 
|  53|0x00000000c4b00000, 0x00000000c4b00000, 0x00000000c4c00000|  0%| F|  |TAMS 0x00000000c4b00000, 0x00000000c4b00000| Untracked 
|  54|0x00000000c4c00000, 0x00000000c4c00000, 0x00000000c4d00000|  0%| F|  |TAMS 0x00000000c4c00000, 0x00000000c4c00000| Untracked 
|  55|0x00000000c4d00000, 0x00000000c4d00000, 0x00000000c4e00000|  0%| F|  |TAMS 0x00000000c4d00000, 0x00000000c4d00000| Untracked 
|  56|0x00000000c4e00000, 0x00000000c4e00000, 0x00000000c4f00000|  0%| F|  |TAMS 0x00000000c4e00000, 0x00000000c4e00000| Untracked 
|  57|0x00000000c4f00000, 0x00000000c4f00000, 0x00000000c5000000|  0%| F|  |TAMS 0x00000000c4f00000, 0x00000000c4f00000| Untracked 
|  58|0x00000000c5000000, 0x00000000c5000000, 0x00000000c5100000|  0%| F|  |TAMS 0x00000000c5000000, 0x00000000c5000000| Untracked 
|  59|0x00000000c5100000, 0x00000000c5100000, 0x00000000c5200000|  0%| F|  |TAMS 0x00000000c5100000, 0x00000000c5100000| Untracked 
|  60|0x00000000c5200000, 0x00000000c5200000, 0x00000000c5300000|  0%| F|  |TAMS 0x00000000c5200000, 0x00000000c5200000| Untracked 
|  61|0x00000000c5300000, 0x00000000c5300000, 0x00000000c5400000|  0%| F|  |TAMS 0x00000000c5300000, 0x00000000c5300000| Untracked 
|  62|0x00000000c5400000, 0x00000000c5400000, 0x00000000c5500000|  0%| F|  |TAMS 0x00000000c5400000, 0x00000000c5400000| Untracked 
|  63|0x00000000c5500000, 0x00000000c5500000, 0x00000000c5600000|  0%| F|  |TAMS 0x00000000c5500000, 0x00000000c5500000| Untracked 
|  64|0x00000000c5600000, 0x00000000c5600000, 0x00000000c5700000|  0%| F|  |TAMS 0x00000000c5600000, 0x00000000c5600000| Untracked 
|  65|0x00000000c5700000, 0x00000000c5700000, 0x00000000c5800000|  0%| F|  |TAMS 0x00000000c5700000, 0x00000000c5700000| Untracked 
|  66|0x00000000c5800000, 0x00000000c5800000, 0x00000000c5900000|  0%| F|  |TAMS 0x00000000c5800000, 0x00000000c5800000| Untracked 
|  67|0x00000000c5900000, 0x00000000c5900000, 0x00000000c5a00000|  0%| F|  |TAMS 0x00000000c5900000, 0x00000000c5900000| Untracked 
|  68|0x00000000c5a00000, 0x00000000c5a00000, 0x00000000c5b00000|  0%| F|  |TAMS 0x00000000c5a00000, 0x00000000c5a00000| Untracked 
|  69|0x00000000c5b00000, 0x00000000c5b00000, 0x00000000c5c00000|  0%| F|  |TAMS 0x00000000c5b00000, 0x00000000c5b00000| Untracked 
|  70|0x00000000c5c00000, 0x00000000c5c00000, 0x00000000c5d00000|  0%| F|  |TAMS 0x00000000c5c00000, 0x00000000c5c00000| Untracked 
|  71|0x00000000c5d00000, 0x00000000c5d00000, 0x00000000c5e00000|  0%| F|  |TAMS 0x00000000c5d00000, 0x00000000c5d00000| Untracked 
|  72|0x00000000c5e00000, 0x00000000c5f00000, 0x00000000c5f00000|100%| S|CS|TAMS 0x00000000c5e00000, 0x00000000c5e00000| Complete 
|  73|0x00000000c5f00000, 0x00000000c6000000, 0x00000000c6000000|100%| S|CS|TAMS 0x00000000c5f00000, 0x00000000c5f00000| Complete 

Card table byte_map: [0x00000190f9b10000,0x00000190f9d10000] _byte_map_base: 0x00000190f9505000

Marking Bits (Prev, Next): (CMBitMap*) 0x00000190e2dca250, (CMBitMap*) 0x00000190e2dca210
 Prev Bits: [0x00000190faec0000, 0x00000190fbe68000)
 Next Bits: [0x00000190f9f10000, 0x00000190faeb8000)

Polling page: 0x00000190e0cb0000

Metaspace:

Usage:
  Non-class:     52.04 MB used.
      Class:      7.10 MB used.
       Both:     59.13 MB used.

Virtual space:
  Non-class space:       64.00 MB reserved,      52.25 MB ( 82%) committed,  1 nodes.
      Class space:        1.00 GB reserved,       7.25 MB ( <1%) committed,  1 nodes.
             Both:        1.06 GB reserved,      59.50 MB (  5%) committed. 

Chunk freelists:
   Non-Class:  11.77 MB
       Class:  8.73 MB
        Both:  20.50 MB

MaxMetaspaceSize: unlimited
CompressedClassSpaceSize: 1.00 GB
Initial GC threshold: 21.00 MB
Current GC threshold: 99.19 MB
CDS: on
MetaspaceReclaimPolicy: balanced
 - commit_granule_bytes: 65536.
 - commit_granule_words: 8192.
 - virtual_space_node_default_size: 8388608.
 - enlarge_chunks_in_place: 1.
 - new_chunks_are_fully_committed: 0.
 - uncommit_free_chunks: 1.
 - use_allocation_guard: 0.
 - handle_deallocations: 1.


Internal statistics:

num_allocs_failed_limit: 8.
num_arena_births: 378.
num_arena_deaths: 0.
num_vsnodes_births: 2.
num_vsnodes_deaths: 0.
num_space_committed: 950.
num_space_uncommitted: 0.
num_chunks_returned_to_freelist: 8.
num_chunks_taken_from_freelist: 2421.
num_chunk_merges: 5.
num_chunk_splits: 1926.
num_chunks_enlarged: 1693.
num_inconsistent_stats: 0.

CodeHeap 'non-profiled nmethods': size=120000Kb used=2500Kb max_used=2900Kb free=117499Kb
 bounds [0x00000190f23e0000, 0x00000190f26c0000, 0x00000190f9910000]
CodeHeap 'profiled nmethods': size=120000Kb used=10229Kb max_used=12575Kb free=109770Kb
 bounds [0x00000190ea910000, 0x00000190eb560000, 0x00000190f1e40000]
CodeHeap 'non-nmethods': size=5760Kb used=1360Kb max_used=1434Kb free=4399Kb
 bounds [0x00000190f1e40000, 0x00000190f20b0000, 0x00000190f23e0000]
 total_blobs=5585 nmethods=4890 adapters=607
 compilation: enabled
              stopped_count=0, restarted_count=0
 full_count=0

Compilation events (20 events):
Event: 30.839 Thread 0x00000190fe2e7470 5620       3       org.jetbrains.kotlin.resolve.jvm.JvmClassName::byInternalName (17 bytes)
Event: 30.839 Thread 0x00000190fe2e7470 nmethod 5620 0x00000190eaa08610 code [0x00000190eaa087e0, 0x00000190eaa08b38]
Event: 30.841 Thread 0x00000190fe2e3a50 nmethod 5591 0x00000190f241b110 code [0x00000190f241b320, 0x00000190f241bc88]
Event: 30.841 Thread 0x00000190fe2e7470 5622       3       com.intellij.openapi.util.Pair::<init> (15 bytes)
Event: 30.841 Thread 0x00000190fe2e3a50 5621 %     4       org.jetbrains.org.objectweb.asm.ClassReader::<init> @ 76 (339 bytes)
Event: 30.841 Thread 0x00000190fe2e7470 nmethod 5622 0x00000190eaca3f10 code [0x00000190eaca40c0, 0x00000190eaca42d8]
Event: 30.843 Thread 0x00000190fe2e7470 5623       3       org.jetbrains.kotlin.load.kotlin.FileBasedKotlinClass$1::visitAnnotation (21 bytes)
Event: 30.843 Thread 0x00000190fe2e7470 nmethod 5623 0x00000190eaca4710 code [0x00000190eaca48c0, 0x00000190eaca4a78]
Event: 30.843 Thread 0x00000190fe2e7470 5624       3       org.jetbrains.kotlin.load.kotlin.FileBasedKotlinClass::resolveNameByDesc (87 bytes)
Event: 30.844 Thread 0x00000190fe2e7470 nmethod 5624 0x00000190eab28e10 code [0x00000190eab29000, 0x00000190eab29358]
Event: 30.844 Thread 0x00000190fe2e7470 5625       3       org.jetbrains.kotlin.load.kotlin.header.ReadKotlinClassHeaderAnnotationVisitor::visitAnnotation (115 bytes)
Event: 30.845 Thread 0x00000190fe2e7470 nmethod 5625 0x00000190ea97bc10 code [0x00000190ea97bec0, 0x00000190ea97c938]
Event: 30.845 Thread 0x00000190fe2e7470 5626       3       kotlin.sequences.SequencesKt___SequencesKt::filterNotNull (23 bytes)
Event: 30.846 Thread 0x00000190fe2e7470 nmethod 5626 0x00000190eab3d490 code [0x00000190eab3d740, 0x00000190eab3e2f8]
Event: 30.854 Thread 0x00000190fe2e3a50 nmethod 5621% 0x00000190f244a890 code [0x00000190f244aa40, 0x00000190f244b008]
Event: 30.854 Thread 0x00000190fe2e3a50 5627       4       com.intellij.openapi.vfs.VirtualFile::findChild (62 bytes)
Event: 30.915 Thread 0x00000190fe2e3a50 nmethod 5627 0x00000190f253df10 code [0x00000190f253e100, 0x00000190f253ef68]
Event: 30.915 Thread 0x00000190fe2e3a50 5631       4       org.jetbrains.kotlin.metadata.ProtoBuf$Type::getSerializedSize (393 bytes)
Event: 30.941 Thread 0x00000190fe2e3a50 nmethod 5631 0x00000190f24a1810 code [0x00000190f24a1a40, 0x00000190f24a2528]
Event: 30.941 Thread 0x00000190fe2e3a50 5630   !   4       org.jetbrains.kotlin.metadata.ProtoBuf$Type$Argument::<init> (401 bytes)

GC Heap History (20 events):
Event: 25.291 GC heap after
{Heap after GC invocations=17 (full 0):
 garbage-first heap   total 46080K, used 25084K [0x00000000c1600000, 0x0000000100000000)
  region size 1024K, 1 young (1024K), 1 survivors (1024K)
 Metaspace       used 51532K, committed 51840K, reserved 1114112K
  class space    used 6213K, committed 6336K, reserved 1048576K
}
Event: 26.097 GC heap before
{Heap before GC invocations=17 (full 0):
 garbage-first heap   total 46080K, used 33276K [0x00000000c1600000, 0x0000000100000000)
  region size 1024K, 10 young (10240K), 1 survivors (1024K)
 Metaspace       used 53539K, committed 53824K, reserved 1114112K
  class space    used 6444K, committed 6592K, reserved 1048576K
}
Event: 26.099 GC heap after
{Heap after GC invocations=18 (full 0):
 garbage-first heap   total 46080K, used 25661K [0x00000000c1600000, 0x0000000100000000)
  region size 1024K, 1 young (1024K), 1 survivors (1024K)
 Metaspace       used 53539K, committed 53824K, reserved 1114112K
  class space    used 6444K, committed 6592K, reserved 1048576K
}
Event: 26.266 GC heap before
{Heap before GC invocations=19 (full 0):
 garbage-first heap   total 51200K, used 35901K [0x00000000c1600000, 0x0000000100000000)
  region size 1024K, 11 young (11264K), 1 survivors (1024K)
 Metaspace       used 53552K, committed 53888K, reserved 1114112K
  class space    used 6444K, committed 6592K, reserved 1048576K
}
Event: 26.271 GC heap after
{Heap after GC invocations=20 (full 0):
 garbage-first heap   total 51200K, used 28588K [0x00000000c1600000, 0x0000000100000000)
  region size 1024K, 2 young (2048K), 2 survivors (2048K)
 Metaspace       used 53552K, committed 53888K, reserved 1114112K
  class space    used 6444K, committed 6592K, reserved 1048576K
}
Event: 26.274 GC heap before
{Heap before GC invocations=20 (full 0):
 garbage-first heap   total 51200K, used 29612K [0x00000000c1600000, 0x0000000100000000)
  region size 1024K, 3 young (3072K), 2 survivors (2048K)
 Metaspace       used 53552K, committed 53888K, reserved 1114112K
  class space    used 6444K, committed 6592K, reserved 1048576K
}
Event: 26.279 GC heap after
{Heap after GC invocations=21 (full 0):
 garbage-first heap   total 51200K, used 28851K [0x00000000c1600000, 0x0000000100000000)
  region size 1024K, 1 young (1024K), 1 survivors (1024K)
 Metaspace       used 53552K, committed 53888K, reserved 1114112K
  class space    used 6444K, committed 6592K, reserved 1048576K
}
Event: 26.650 GC heap before
{Heap before GC invocations=21 (full 0):
 garbage-first heap   total 51200K, used 39091K [0x00000000c1600000, 0x0000000100000000)
  region size 1024K, 11 young (11264K), 1 survivors (1024K)
 Metaspace       used 53585K, committed 53888K, reserved 1114112K
  class space    used 6444K, committed 6592K, reserved 1048576K
}
Event: 26.657 GC heap after
{Heap after GC invocations=22 (full 0):
 garbage-first heap   total 51200K, used 30720K [0x00000000c1600000, 0x0000000100000000)
  region size 1024K, 2 young (2048K), 2 survivors (2048K)
 Metaspace       used 53585K, committed 53888K, reserved 1114112K
  class space    used 6444K, committed 6592K, reserved 1048576K
}
Event: 27.258 GC heap before
{Heap before GC invocations=23 (full 0):
 garbage-first heap   total 56320K, used 39936K [0x00000000c1600000, 0x0000000100000000)
  region size 1024K, 11 young (11264K), 2 survivors (2048K)
 Metaspace       used 53642K, committed 54016K, reserved 1114112K
  class space    used 6444K, committed 6592K, reserved 1048576K
}
Event: 27.262 GC heap after
{Heap after GC invocations=24 (full 0):
 garbage-first heap   total 56320K, used 30599K [0x00000000c1600000, 0x0000000100000000)
  region size 1024K, 1 young (1024K), 1 survivors (1024K)
 Metaspace       used 53642K, committed 54016K, reserved 1114112K
  class space    used 6444K, committed 6592K, reserved 1048576K
}
Event: 28.226 GC heap before
{Heap before GC invocations=24 (full 0):
 garbage-first heap   total 56320K, used 42887K [0x00000000c1600000, 0x0000000100000000)
  region size 1024K, 14 young (14336K), 1 survivors (1024K)
 Metaspace       used 57015K, committed 57344K, reserved 1114112K
  class space    used 6882K, committed 7040K, reserved 1048576K
}
Event: 28.231 GC heap after
{Heap after GC invocations=25 (full 0):
 garbage-first heap   total 56320K, used 31548K [0x00000000c1600000, 0x0000000100000000)
  region size 1024K, 2 young (2048K), 2 survivors (2048K)
 Metaspace       used 57015K, committed 57344K, reserved 1114112K
  class space    used 6882K, committed 7040K, reserved 1048576K
}
Event: 30.309 GC heap before
{Heap before GC invocations=26 (full 0):
 garbage-first heap   total 56320K, used 42812K [0x00000000c1600000, 0x0000000100000000)
  region size 1024K, 14 young (14336K), 2 survivors (2048K)
 Metaspace       used 59785K, committed 60096K, reserved 1114112K
  class space    used 7176K, committed 7296K, reserved 1048576K
}
Event: 30.315 GC heap after
{Heap after GC invocations=27 (full 0):
 garbage-first heap   total 56320K, used 32582K [0x00000000c1600000, 0x0000000100000000)
  region size 1024K, 2 young (2048K), 2 survivors (2048K)
 Metaspace       used 59785K, committed 60096K, reserved 1114112K
  class space    used 7176K, committed 7296K, reserved 1048576K
}
Event: 30.410 GC heap before
{Heap before GC invocations=27 (full 0):
 garbage-first heap   total 56320K, used 33606K [0x00000000c1600000, 0x0000000100000000)
  region size 1024K, 3 young (3072K), 2 survivors (2048K)
 Metaspace       used 60054K, committed 60416K, reserved 1114112K
  class space    used 7204K, committed 7360K, reserved 1048576K
}
Event: 30.415 GC heap after
{Heap after GC invocations=28 (full 0):
 garbage-first heap   total 56320K, used 31884K [0x00000000c1600000, 0x0000000100000000)
  region size 1024K, 1 young (1024K), 1 survivors (1024K)
 Metaspace       used 60054K, committed 60416K, reserved 1114112K
  class space    used 7204K, committed 7360K, reserved 1048576K
}
Event: 30.856 GC heap before
{Heap before GC invocations=28 (full 0):
 garbage-first heap   total 56320K, used 44172K [0x00000000c1600000, 0x0000000100000000)
  region size 1024K, 13 young (13312K), 1 survivors (1024K)
 Metaspace       used 60554K, committed 60928K, reserved 1114112K
  class space    used 7265K, committed 7424K, reserved 1048576K
}
Event: 30.860 GC heap after
{Heap after GC invocations=29 (full 0):
 garbage-first heap   total 56320K, used 34300K [0x00000000c1600000, 0x0000000100000000)
  region size 1024K, 2 young (2048K), 2 survivors (2048K)
 Metaspace       used 60554K, committed 60928K, reserved 1114112K
  class space    used 7265K, committed 7424K, reserved 1048576K
}
Event: 30.967 GC heap before
{Heap before GC invocations=29 (full 0):
 garbage-first heap   total 75776K, used 44540K [0x00000000c1600000, 0x0000000100000000)
  region size 1024K, 12 young (12288K), 2 survivors (2048K)
 Metaspace       used 60554K, committed 60928K, reserved 1114112K
  class space    used 7265K, committed 7424K, reserved 1048576K
}

Dll operation events (8 events):
Event: 0.031 Loaded shared library C:\Program Files\Eclipse Adoptium\jdk-17.0.20.101-hotspot\bin\java.dll
Event: 0.073 Loaded shared library C:\Program Files\Eclipse Adoptium\jdk-17.0.20.101-hotspot\bin\jsvml.dll
Event: 0.230 Loaded shared library C:\Program Files\Eclipse Adoptium\jdk-17.0.20.101-hotspot\bin\net.dll
Event: 0.239 Loaded shared library C:\Program Files\Eclipse Adoptium\jdk-17.0.20.101-hotspot\bin\nio.dll
Event: 0.250 Loaded shared library C:\Program Files\Eclipse Adoptium\jdk-17.0.20.101-hotspot\bin\zip.dll
Event: 0.515 Loaded shared library C:\Program Files\Eclipse Adoptium\jdk-17.0.20.101-hotspot\bin\jimage.dll
Event: 3.755 Loaded shared library C:\Program Files\Eclipse Adoptium\jdk-17.0.20.101-hotspot\bin\verify.dll
Event: 9.988 Loaded shared library C:\Users\welcome\AppData\Local\Temp\sqlite-3.41.2.1-cb8e2ed7-f911-474a-b64c-e84a879c8059-sqlitejdbc.dll

Deoptimization events (20 events):
Event: 29.616 Thread 0x00000190c53ed3c0 Uncommon trap: trap_request=0xffffffc6 fr.pc=0x00000190f2654624 relative=0x0000000000000184
Event: 29.616 Thread 0x00000190c53ed3c0 Uncommon trap: reason=bimorphic_or_optimized_type_check action=maybe_recompile pc=0x00000190f2654624 method=org.jetbrains.kotlin.storage.LockBasedStorageManager$LockBasedLazyValue.invoke()Ljava/lang/Object; @ 164 c2
Event: 29.616 Thread 0x00000190c53ed3c0 DEOPT PACKING pc=0x00000190f2654624 sp=0x0000002aabefc8a0
Event: 29.616 Thread 0x00000190c53ed3c0 DEOPT UNPACKING pc=0x00000190f1e969a3 sp=0x0000002aabefc848 mode 2
Event: 30.233 Thread 0x00000190c53ed3c0 Uncommon trap: trap_request=0xffffff45 fr.pc=0x00000190f2656a84 relative=0x0000000000000324
Event: 30.233 Thread 0x00000190c53ed3c0 Uncommon trap: reason=unstable_if action=reinterpret pc=0x00000190f2656a84 method=org.jetbrains.kotlin.metadata.ProtoBuf$ValueParameter.getSerializedSize()I @ 132 c2
Event: 30.233 Thread 0x00000190c53ed3c0 DEOPT PACKING pc=0x00000190f2656a84 sp=0x0000002aabefc420
Event: 30.233 Thread 0x00000190c53ed3c0 DEOPT UNPACKING pc=0x00000190f1e969a3 sp=0x0000002aabefc3b8 mode 2
Event: 30.498 Thread 0x00000190c53ed3c0 Uncommon trap: trap_request=0xffffff45 fr.pc=0x00000190f2462958 relative=0x0000000000000238
Event: 30.498 Thread 0x00000190c53ed3c0 Uncommon trap: reason=unstable_if action=reinterpret pc=0x00000190f2462958 method=java.util.HashMap.hash(Ljava/lang/Object;)I @ 1 c2
Event: 30.498 Thread 0x00000190c53ed3c0 DEOPT PACKING pc=0x00000190f2462958 sp=0x0000002aabefe860
Event: 30.498 Thread 0x00000190c53ed3c0 DEOPT UNPACKING pc=0x00000190f1e969a3 sp=0x0000002aabefe6f8 mode 2
Event: 30.725 Thread 0x00000190c53eceb0 Uncommon trap: trap_request=0xffffffc6 fr.pc=0x00000190f2654624 relative=0x0000000000000184
Event: 30.725 Thread 0x00000190c53eceb0 Uncommon trap: reason=bimorphic_or_optimized_type_check action=maybe_recompile pc=0x00000190f2654624 method=org.jetbrains.kotlin.storage.LockBasedStorageManager$LockBasedLazyValue.invoke()Ljava/lang/Object; @ 164 c2
Event: 30.725 Thread 0x00000190c53eceb0 DEOPT PACKING pc=0x00000190f2654624 sp=0x0000002aabffd330
Event: 30.725 Thread 0x00000190c53eceb0 DEOPT UNPACKING pc=0x00000190f1e969a3 sp=0x0000002aabffd2d8 mode 2
Event: 30.742 Thread 0x00000190c53eceb0 Uncommon trap: trap_request=0xfffffff4 fr.pc=0x00000190f2688f34 relative=0x0000000000002474
Event: 30.742 Thread 0x00000190c53eceb0 Uncommon trap: reason=null_check action=make_not_entrant pc=0x00000190f2688f34 method=org.jetbrains.kotlin.load.java.lazy.descriptors.LazyJavaPackageScope.findClassifier(Lorg/jetbrains/kotlin/name/Name;Lorg/jetbrains/kotlin/load/java/structure/JavaClass;)
Event: 30.742 Thread 0x00000190c53eceb0 DEOPT PACKING pc=0x00000190f2688f34 sp=0x0000002aabffdc90
Event: 30.742 Thread 0x00000190c53eceb0 DEOPT UNPACKING pc=0x00000190f1e969a3 sp=0x0000002aabffdb48 mode 2

Classes loaded (20 events):
Event: 24.685 Loading class java/beans/PropertyChangeSupport$PropertyChangeListenerMap
Event: 24.687 Loading class java/beans/ChangeListenerMap
Event: 24.687 Loading class java/beans/ChangeListenerMap done
Event: 24.687 Loading class java/beans/PropertyChangeSupport$PropertyChangeListenerMap done
Event: 24.688 Loading class java/beans/PropertyChangeListener
Event: 24.688 Loading class java/beans/PropertyChangeListener done
Event: 28.363 Loading class java/util/stream/LongStream
Event: 28.364 Loading class java/util/stream/LongStream done
Event: 28.364 Loading class java/util/stream/DoubleStream
Event: 28.384 Loading class java/util/stream/DoubleStream done
Event: 28.474 Loading class java/lang/Character$UnicodeBlock
Event: 28.476 Loading class java/lang/Character$Subset
Event: 28.476 Loading class java/lang/Character$Subset done
Event: 28.476 Loading class java/lang/Character$UnicodeBlock done
Event: 28.524 Loading class java/util/AbstractList$SubList
Event: 28.525 Loading class java/util/AbstractList$SubList done
Event: 28.525 Loading class java/util/AbstractList$SubList$1
Event: 28.525 Loading class java/util/AbstractList$SubList$1 done
Event: 28.879 Loading class java/util/AbstractList$RandomAccessSubList
Event: 28.879 Loading class java/util/AbstractList$RandomAccessSubList done

Classes unloaded (0 events):
No events

Classes redefined (0 events):
No events

Internal exceptions (20 events):
Event: 17.061 Thread 0x00000190c53eceb0 Exception <a 'java/lang/NoSuchMethodError'{0x00000000c412ce40}: 'java.lang.Object java.lang.invoke.DirectMethodHandle$Holder.invokeVirtual(java.lang.Object, java.lang.Object, java.lang.Object)'> (0x00000000c412ce40) 
thrown [s\src\hotspot\share\interpreter\linkResolver.cpp, line 759]
Event: 17.905 Thread 0x00000190c53eceb0 Exception <a 'java/lang/NoSuchMethodError'{0x00000000c3a0c438}: 'java.lang.Object java.lang.invoke.Invokers$Holder.invokeExact_MT(java.lang.Object, java.lang.Object, long, java.lang.Object)'> (0x00000000c3a0c438) 
thrown [s\src\hotspot\share\interpreter\linkResolver.cpp, line 759]
Event: 19.886 Thread 0x00000190c53ed3c0 Exception <a 'java/lang/NoSuchMethodError'{0x00000000c4044dc0}: 'java.lang.Object java.lang.invoke.DirectMethodHandle$Holder.invokeStatic(java.lang.Object, java.lang.Object, int)'> (0x00000000c4044dc0) 
thrown [s\src\hotspot\share\interpreter\linkResolver.cpp, line 759]
Event: 23.265 Thread 0x00000190c53ed3c0 Exception <a 'java/lang/NoSuchMethodError'{0x00000000c3714420}: 'java.lang.Object java.lang.invoke.DirectMethodHandle$Holder.newInvokeSpecial(java.lang.Object, java.lang.Object, java.lang.Object, java.lang.Object, java.lang.Object, java.lang.Object, java.lang.Object)'> (0x00000000c3714420) 
thrown [s\src\hotspot\share\interpreter\linkResolver.cpp, line 759]
Event: 23.265 Thread 0x00000190c53ed3c0 Exception <a 'java/lang/NoSuchMethodError'{0x00000000c3718d30}: 'java.lang.Object java.lang.invoke.Invokers$Holder.linkToTargetMethod(java.lang.Object, java.lang.Object, java.lang.Object, java.lang.Object, java.lang.Object, java.lang.Object, java.lang.Object)'> (0x00000000c3718d30) 
thrown [s\src\hotspot\share\interpreter\linkResolver.cpp, line 759]
Event: 24.718 Thread 0x00000190c53ed3c0 Exception <a 'java/lang/NoSuchMethodError'{0x00000000c3ca7b50}: 'int java.lang.invoke.DirectMethodHandle$Holder.invokeVirtual(java.lang.Object, java.lang.Object)'> (0x00000000c3ca7b50) 
thrown [s\src\hotspot\share\interpreter\linkResolver.cpp, line 759]
Event: 24.800 Thread 0x00000190c53ed3c0 Exception <a 'java/lang/NoSuchMethodError'{0x00000000c3b07228}: 'java.lang.Object java.lang.invoke.DirectMethodHandle$Holder.newInvokeSpecial(java.lang.Object, java.lang.Object, java.lang.Object, java.lang.Object, java.lang.Object, java.lang.Object, java.lang.Object, java.lang.Object)'> (0x00000000c3b07228) 
thrown [s\src\hotspot\share\interpreter\linkResolver.cpp, line 759]
Event: 24.801 Thread 0x00000190c53ed3c0 Exception <a 'java/lang/NoSuchMethodError'{0x00000000c3b0c840}: 'java.lang.Object java.lang.invoke.DirectMethodHandle$Holder.invokeSpecial(java.lang.Object, java.lang.Object, java.lang.Object, java.lang.Object, java.lang.Object, java.lang.Object, java.lang.Object, java.lang.Object, java.lang.Object)'> (0x00000000c3b0c840) 
thrown [s\src\hotspot\share\interpreter\linkResolver.cpp, line 759]
Event: 24.801 Thread 0x00000190c53ed3c0 Exception <a 'java/lang/NoSuchMethodError'{0x00000000c3b11770}: 'java.lang.Object java.lang.invoke.Invokers$Holder.linkToTargetMethod(java.lang.Object, java.lang.Object, java.lang.Object, java.lang.Object, java.lang.Object, java.lang.Object, java.lang.Object, java.lang.Object)'> (0x00000000c3b11770) 
thrown [s\src\hotspot\share\interpreter\linkResolver.cpp, line 759]
Event: 25.528 Thread 0x00000190c53ed3c0 Exception <a 'java/lang/NoSuchMethodError'{0x00000000c3f33688}: 'java.lang.Object java.lang.invoke.DirectMethodHandle$Holder.newInvokeSpecial(java.lang.Object, java.lang.Object, java.lang.Object, java.lang.Object, int)'> (0x00000000c3f33688) 
thrown [s\src\hotspot\share\interpreter\linkResolver.cpp, line 759]
Event: 25.528 Thread 0x00000190c53ed3c0 Exception <a 'java/lang/NoSuchMethodError'{0x00000000c3f379c0}: 'java.lang.Object java.lang.invoke.DirectMethodHandle$Holder.invokeSpecial(java.lang.Object, java.lang.Object, java.lang.Object, java.lang.Object, java.lang.Object, int)'> (0x00000000c3f379c0) 
thrown [s\src\hotspot\share\interpreter\linkResolver.cpp, line 759]
Event: 25.529 Thread 0x00000190c53ed3c0 Exception <a 'java/lang/NoSuchMethodError'{0x00000000c3f3b6a8}: 'java.lang.Object java.lang.invoke.Invokers$Holder.linkToTargetMethod(java.lang.Object, java.lang.Object, java.lang.Object, int, java.lang.Object)'> (0x00000000c3f3b6a8) 
thrown [s\src\hotspot\share\interpreter\linkResolver.cpp, line 759]
Event: 25.726 Thread 0x00000190c53ed3c0 Exception <a 'java/lang/NoSuchMethodError'{0x00000000c3edd900}: 'java.lang.Object java.lang.invoke.DirectMethodHandle$Holder.newInvokeSpecial(java.lang.Object, java.lang.Object, java.lang.Object, java.lang.Object, java.lang.Object, java.lang.Object)'> (0x00000000c3edd900) 
thrown [s\src\hotspot\share\interpreter\linkResolver.cpp, line 759]
Event: 26.031 Thread 0x00000190c53ed3c0 Exception <a 'java/lang/NoSuchMethodError'{0x00000000c3aebfd8}: 'java.lang.Object java.lang.invoke.DirectMethodHandle$Holder.invokeStaticInit(java.lang.Object, java.lang.Object, java.lang.Object, java.lang.Object)'> (0x00000000c3aebfd8) 
thrown [s\src\hotspot\share\interpreter\linkResolver.cpp, line 759]
Event: 27.561 Thread 0x00000190c53ed3c0 Exception <a 'java/lang/NoSuchMethodError'{0x00000000c4982b70}: 'java.lang.Object java.lang.invoke.DirectMethodHandle$Holder.newInvokeSpecial(java.lang.Object, java.lang.Object, java.lang.Object, java.lang.Object, int, java.lang.Object)'> (0x00000000c4982b70) 
thrown [s\src\hotspot\share\interpreter\linkResolver.cpp, line 759]
Event: 27.562 Thread 0x00000190c53ed3c0 Exception <a 'java/lang/NoSuchMethodError'{0x00000000c498aa10}: 'java.lang.Object java.lang.invoke.Invokers$Holder.linkToTargetMethod(java.lang.Object, java.lang.Object, java.lang.Object, int, java.lang.Object, java.lang.Object)'> (0x00000000c498aa10) 
thrown [s\src\hotspot\share\interpreter\linkResolver.cpp, line 759]
Event: 30.417 Thread 0x00000190c53ed3c0 Exception <a 'java/lang/NoSuchMethodError'{0x00000000c5513e68}: 'java.lang.Object java.lang.invoke.DirectMethodHandle$Holder.newInvokeSpecial(java.lang.Object, java.lang.Object, java.lang.Object, java.lang.Object, java.lang.Object, java.lang.Object, java.lang.Object, int)'> (0x00000000c5513e68) 
thrown [s\src\hotspot\share\interpreter\linkResolver.cpp, line 759]
Event: 30.418 Thread 0x00000190c53ed3c0 Exception <a 'java/lang/NoSuchMethodError'{0x00000000c55191b8}: 'java.lang.Object java.lang.invoke.DirectMethodHandle$Holder.invokeSpecial(java.lang.Object, java.lang.Object, java.lang.Object, java.lang.Object, java.lang.Object, java.lang.Object, java.lang.Object, java.lang.Object, int)'> (0x00000000c55191b8) 
thrown [s\src\hotspot\share\interpreter\linkResolver.cpp, line 759]
Event: 30.498 Thread 0x00000190c53ed3c0 Implicit null exception at 0x00000190f246276f to 0x00000190f246293c
Event: 30.742 Thread 0x00000190c53eceb0 Implicit null exception at 0x00000190f2687803 to 0x00000190f2688f20

VM Operations (20 events):
Event: 28.881 Executing VM operation: HandshakeAllThreads done
Event: 29.833 Executing VM operation: ICBufferFull
Event: 29.833 Executing VM operation: ICBufferFull done
Event: 30.309 Executing VM operation: G1CollectForAllocation
Event: 30.315 Executing VM operation: G1CollectForAllocation done
Event: 30.410 Executing VM operation: G1CollectForAllocation
Event: 30.415 Executing VM operation: G1CollectForAllocation done
Event: 30.585 Executing VM operation: HandshakeAllThreads
Event: 30.608 Executing VM operation: HandshakeAllThreads done
Event: 30.639 Executing VM operation: HandshakeAllThreads
Event: 30.640 Executing VM operation: HandshakeAllThreads done
Event: 30.655 Executing VM operation: HandshakeAllThreads
Event: 30.657 Executing VM operation: HandshakeAllThreads done
Event: 30.749 Executing VM operation: HandshakeAllThreads
Event: 30.749 Executing VM operation: HandshakeAllThreads done
Event: 30.855 Executing VM operation: G1CollectForAllocation
Event: 30.860 Executing VM operation: G1CollectForAllocation done
Event: 30.959 Executing VM operation: G1PauseRemark
Event: 30.964 Executing VM operation: G1PauseRemark done
Event: 30.967 Executing VM operation: G1CollectForAllocation

Memory protections (0 events):
No events

Nmethod flushes (20 events):
Event: 30.667 Thread 0x00000190fe34dcd0 flushing  nmethod 0x00000190eb36d010
Event: 30.667 Thread 0x00000190fe34dcd0 flushing  nmethod 0x00000190eb36ef90
Event: 30.667 Thread 0x00000190fe34dcd0 flushing  nmethod 0x00000190eb370190
Event: 30.667 Thread 0x00000190fe34dcd0 flushing  nmethod 0x00000190eb372690
Event: 30.667 Thread 0x00000190fe34dcd0 flushing  nmethod 0x00000190eb375610
Event: 30.668 Thread 0x00000190fe34dcd0 flushing  nmethod 0x00000190eb377d10
Event: 30.668 Thread 0x00000190fe34dcd0 flushing  nmethod 0x00000190eb37a390
Event: 30.668 Thread 0x00000190fe34dcd0 flushing  nmethod 0x00000190eb37c910
Event: 30.668 Thread 0x00000190fe34dcd0 flushing  nmethod 0x00000190eb37fc10
Event: 30.668 Thread 0x00000190fe34dcd0 flushing  nmethod 0x00000190eb380690
Event: 30.668 Thread 0x00000190fe34dcd0 flushing  nmethod 0x00000190eb396910
Event: 30.668 Thread 0x00000190fe34dcd0 flushing  nmethod 0x00000190eb397d90
Event: 30.668 Thread 0x00000190fe34dcd0 flushing  nmethod 0x00000190eb3da810
Event: 30.668 Thread 0x00000190fe34dcd0 flushing  nmethod 0x00000190eb3db010
Event: 30.668 Thread 0x00000190fe34dcd0 flushing  nmethod 0x00000190eb3dc210
Event: 30.668 Thread 0x00000190fe34dcd0 flushing  nmethod 0x00000190eb3e5710
Event: 30.668 Thread 0x00000190fe34dcd0 flushing  nmethod 0x00000190eb403110
Event: 30.668 Thread 0x00000190fe34dcd0 flushing  nmethod 0x00000190eb403a90
Event: 30.668 Thread 0x00000190fe34dcd0 flushing  nmethod 0x00000190eb406590
Event: 30.669 Thread 0x00000190fe34dcd0 flushing  nmethod 0x00000190eb453410

Events (20 events):
Event: 0.079 Thread 0x00000190e2d8e6d0 Thread added: 0x00000190fe2c48e0
Event: 0.080 Thread 0x00000190e2d8e6d0 Thread added: 0x00000190fe2c5760
Event: 0.098 Thread 0x00000190e2d8e6d0 Thread added: 0x00000190fe2e1020
Event: 0.098 Thread 0x00000190e2d8e6d0 Thread added: 0x00000190fe2e19e0
Event: 0.098 Thread 0x00000190e2d8e6d0 Thread added: 0x00000190fe2e23a0
Event: 0.099 Thread 0x00000190e2d8e6d0 Thread added: 0x00000190fe2e2d60
Event: 0.099 Thread 0x00000190e2d8e6d0 Thread added: 0x00000190fe2e3a50
Event: 0.100 Thread 0x00000190e2d8e6d0 Thread added: 0x00000190fe2e7470
Event: 0.105 Thread 0x00000190e2d8e6d0 Thread added: 0x00000190fe34dcd0
Event: 0.217 Thread 0x00000190e2d8e6d0 Thread added: 0x00000190fe51b270
Event: 0.224 Thread 0x00000190e2d8e6d0 Thread added: 0x00000190fe526620
Event: 6.991 Thread 0x00000190e2d8e6d0 Thread added: 0x00000190c5b3f180
Event: 7.028 Thread 0x00000190c5b3f180 Thread exited: 0x00000190c5b3f180
Event: 8.252 Thread 0x00000190e2d8e6d0 Thread added: 0x00000190c5596c50
Event: 8.254 Thread 0x00000190e2d8e6d0 Thread exited: 0x00000190e2d8e6d0
Event: 8.254 Thread 0x00000190e2d8e6d0 Thread added: 0x00000190e2d8e6d0
Event: 9.203 Thread 0x00000190c5596c50 Thread added: 0x00000190fec21360
Event: 15.598 Thread 0x00000190fec21360 Thread added: 0x00000190c53eb560
Event: 16.067 Thread 0x00000190fec21360 Thread added: 0x00000190c53ed3c0
Event: 16.349 Thread 0x00000190c5596c50 Thread added: 0x00000190c53eceb0


Dynamic libraries:
0x00007ff62dfb0000 - 0x00007ff62dfbe000 	C:\Program Files\Eclipse Adoptium\jdk-17.0.20.101-hotspot\bin\java.exe
0x00007ff8d7150000 - 0x00007ff8d7349000 	C:\Windows\SYSTEM32\ntdll.dll
0x00007ff8d5ba0000 - 0x00007ff8d5c62000 	C:\Windows\System32\KERNEL32.DLL
0x00007ff8d4ca0000 - 0x00007ff8d4f97000 	C:\Windows\System32\KERNELBASE.dll
0x00007ff8d4b50000 - 0x00007ff8d4c50000 	C:\Windows\System32\ucrtbase.dll
0x00007ff893a50000 - 0x00007ff893a68000 	C:\Program Files\Eclipse Adoptium\jdk-17.0.20.101-hotspot\bin\jli.dll
0x00007ff8d5760000 - 0x00007ff8d58fd000 	C:\Windows\System32\USER32.dll
0x00007ff8d4fd0000 - 0x00007ff8d4ff2000 	C:\Windows\System32\win32u.dll
0x00007ff8d6870000 - 0x00007ff8d689b000 	C:\Windows\System32\GDI32.dll
0x00007ff8d47a0000 - 0x00007ff8d48ba000 	C:\Windows\System32\gdi32full.dll
0x00007ff8d5000000 - 0x00007ff8d509d000 	C:\Windows\System32\msvcp_win.dll
0x00007ff892ec0000 - 0x00007ff892ede000 	C:\Program Files\Eclipse Adoptium\jdk-17.0.20.101-hotspot\bin\VCRUNTIME140.dll
0x00007ff8c1f50000 - 0x00007ff8c21eb000 	C:\Windows\WinSxS\amd64_microsoft.windows.common-controls_6595b64144ccf1df_6.0.19041.7663_none_60b9ed0b71f50c93\COMCTL32.dll
0x00007ff8d7010000 - 0x00007ff8d70ae000 	C:\Windows\System32\msvcrt.dll
0x00007ff8d5b70000 - 0x00007ff8d5b9f000 	C:\Windows\System32\IMM32.DLL
0x00007ff8a5da0000 - 0x00007ff8a5dac000 	C:\Program Files\Eclipse Adoptium\jdk-17.0.20.101-hotspot\bin\vcruntime140_1.dll
0x00007ff81b6e0000 - 0x00007ff81b76d000 	C:\Program Files\Eclipse Adoptium\jdk-17.0.20.101-hotspot\bin\msvcp140.dll
0x00007ff81aa70000 - 0x00007ff81b6dc000 	C:\Program Files\Eclipse Adoptium\jdk-17.0.20.101-hotspot\bin\server\jvm.dll
0x00007ff8d5df0000 - 0x00007ff8d5ea2000 	C:\Windows\System32\ADVAPI32.dll
0x00007ff8d5c70000 - 0x00007ff8d5d10000 	C:\Windows\System32\sechost.dll
0x00007ff8d6b80000 - 0x00007ff8d6ca6000 	C:\Windows\System32\RPCRT4.dll
0x00007ff8d4fa0000 - 0x00007ff8d4fc7000 	C:\Windows\System32\bcrypt.dll
0x00007ff8d6640000 - 0x00007ff8d66b3000 	C:\Windows\System32\WS2_32.dll
0x00007ff8bf360000 - 0x00007ff8bf387000 	C:\Windows\SYSTEM32\WINMM.dll
0x00007ff8cdbe0000 - 0x00007ff8cdbea000 	C:\Windows\SYSTEM32\VERSION.dll
0x00007ff8d45f0000 - 0x00007ff8d463b000 	C:\Windows\SYSTEM32\POWRPROF.dll
0x00007ff8d45d0000 - 0x00007ff8d45e2000 	C:\Windows\SYSTEM32\UMPDC.dll
0x00007ff8d25b0000 - 0x00007ff8d25c2000 	C:\Windows\SYSTEM32\kernel.appcore.dll
0x00007ff881220000 - 0x00007ff88122a000 	C:\Program Files\Eclipse Adoptium\jdk-17.0.20.101-hotspot\bin\jimage.dll
0x00007ff8bf410000 - 0x00007ff8bf61b000 	C:\Windows\SYSTEM32\DBGHELP.DLL
0x00007ff8ba5d0000 - 0x00007ff8ba605000 	C:\Windows\SYSTEM32\dbgcore.DLL
0x00007ff8d50a0000 - 0x00007ff8d5122000 	C:\Windows\System32\bcryptPrimitives.dll
0x00007ff839fe0000 - 0x00007ff83a005000 	C:\Program Files\Eclipse Adoptium\jdk-17.0.20.101-hotspot\bin\java.dll
0x00007ff81a7d0000 - 0x00007ff81a8a7000 	C:\Program Files\Eclipse Adoptium\jdk-17.0.20.101-hotspot\bin\jsvml.dll
0x00007ff8d5eb0000 - 0x00007ff8d6621000 	C:\Windows\System32\SHELL32.dll
0x00007ff8d27c0000 - 0x00007ff8d2f6c000 	C:\Windows\SYSTEM32\windows.storage.dll
0x00007ff8d6cb0000 - 0x00007ff8d7004000 	C:\Windows\System32\combase.dll
0x00007ff8d40f0000 - 0x00007ff8d411b000 	C:\Windows\SYSTEM32\Wldp.dll
0x00007ff8d69a0000 - 0x00007ff8d6a4d000 	C:\Windows\System32\SHCORE.dll
0x00007ff8d5900000 - 0x00007ff8d595b000 	C:\Windows\System32\shlwapi.dll
0x00007ff8d46d0000 - 0x00007ff8d46f5000 	C:\Windows\SYSTEM32\profapi.dll
0x00007ff81a450000 - 0x00007ff81a46a000 	C:\Program Files\Eclipse Adoptium\jdk-17.0.20.101-hotspot\bin\net.dll
0x00007ff8cad10000 - 0x00007ff8cae1d000 	C:\Windows\SYSTEM32\WINHTTP.dll
0x00007ff8d3dd0000 - 0x00007ff8d3e3a000 	C:\Windows\system32\mswsock.dll
0x00007ff81a430000 - 0x00007ff81a446000 	C:\Program Files\Eclipse Adoptium\jdk-17.0.20.101-hotspot\bin\nio.dll
0x00007ff81a410000 - 0x00007ff81a428000 	C:\Program Files\Eclipse Adoptium\jdk-17.0.20.101-hotspot\bin\zip.dll
0x00007ff8d4050000 - 0x00007ff8d4068000 	C:\Windows\SYSTEM32\CRYPTSP.dll
0x00007ff8d3700000 - 0x00007ff8d3738000 	C:\Windows\system32\rsaenh.dll
0x00007ff8d4680000 - 0x00007ff8d46ae000 	C:\Windows\SYSTEM32\USERENV.dll
0x00007ff8d4040000 - 0x00007ff8d404c000 	C:\Windows\SYSTEM32\CRYPTBASE.dll
0x00007ff8d3ad0000 - 0x00007ff8d3b0b000 	C:\Windows\SYSTEM32\IPHLPAPI.DLL
0x00007ff8d6630000 - 0x00007ff8d6638000 	C:\Windows\System32\NSI.dll
0x00007ff8cc390000 - 0x00007ff8cc3a7000 	C:\Windows\SYSTEM32\dhcpcsvc6.DLL
0x00007ff8cc280000 - 0x00007ff8cc29d000 	C:\Windows\SYSTEM32\dhcpcsvc.DLL
0x00007ff8d3b10000 - 0x00007ff8d3bdc000 	C:\Windows\SYSTEM32\DNSAPI.dll
0x00007ff884e10000 - 0x00007ff884e20000 	C:\Program Files\Eclipse Adoptium\jdk-17.0.20.101-hotspot\bin\verify.dll
0x00007ff866360000 - 0x00007ff866449000 	C:\Users\welcome\AppData\Local\Temp\sqlite-3.41.2.1-cb8e2ed7-f911-474a-b64c-e84a879c8059-sqlitejdbc.dll

dbghelp: loaded successfully - version: 4.0.5 - missing functions: none
symbol engine: initialized successfully - sym options: 0x614 - pdb path: .;C:\Program Files\Eclipse Adoptium\jdk-17.0.20.101-hotspot\bin;C:\Windows\SYSTEM32;C:\Windows\WinSxS\amd64_microsoft.windows.common-controls_6595b64144ccf1df_6.0.19041.7663_none_60b9ed0b71f50c93;C:\Program Files\Eclipse Adoptium\jdk-17.0.20.101-hotspot\bin\server;C:\Users\welcome\AppData\Local\Temp

VM Arguments:
jvm_args: -DkotlinLanguageServer.version=1.3.13 
java_command: org.javacs.kt.MainKt
java_class_path (initial): c:\Users\welcome\AppData\Roaming\Code\User\globalStorage\fwcd.kotlin\langServerInstall\server\lib\server-1.3.13.jar;c:\Users\welcome\AppData\Roaming\Code\User\globalStorage\fwcd.kotlin\langServerInstall\server\lib\shared-1.3.13.jar;c:\Users\welcome\AppData\Roaming\Code\User\globalStorage\fwcd.kotlin\langServerInstall\server\lib\kotlin-scripting-jvm-host-unshaded-2.1.0.jar;c:\Users\welcome\AppData\Roaming\Code\User\globalStorage\fwcd.kotlin\langServerInstall\server\lib\kotlin-scripting-compiler-2.1.0.jar;c:\Users\welcome\AppData\Roaming\Code\User\globalStorage\fwcd.kotlin\langServerInstall\server\lib\ktfmt-b5d31d1.jar;c:\Users\welcome\AppData\Roaming\Code\User\globalStorage\fwcd.kotlin\langServerInstall\server\lib\kotlin-compiler-2.1.0.jar;c:\Users\welcome\AppData\Roaming\Code\User\globalStorage\fwcd.kotlin\langServerInstall\server\lib\exposed-dao-0.37.3.jar;c:\Users\welcome\AppData\Roaming\Code\User\globalStorage\fwcd.kotlin\langServerInstall\server\lib\exposed-jdbc-0.37.3.jar;c:\Users\welcome\AppData\Roaming\Code\User\globalStorage\fwcd.kotlin\langServerInstall\server\lib\exposed-core-0.37.3.jar;c:\Users\welcome\AppData\Roaming\Code\User\globalStorage\fwcd.kotlin\langServerInstall\server\lib\kotlin-scripting-compiler-impl-2.1.0.jar;c:\Users\welcome\AppData\Roaming\Code\User\globalStorage\fwcd.kotlin\langServerInstall\server\lib\kotlin-reflect-2.1.0.jar;c:\Users\welcome\AppData\Roaming\Code\User\globalStorage\fwcd.kotlin\langServerInstall\server\lib\kotlin-scripting-jvm-2.1.0.jar;c:\Users\welcome\AppData\Roaming\Code\User\globalStorage\fwcd.kotlin\langServerInstall\server\lib\kotlin-scripting-common-2.1.0.jar;c:\Users\welcome\AppData\Roaming\Code\User\globalStorage\fwcd.kotlin\langServerInstall\server\lib\kotlinx-coroutines-core-jvm-1.6.4.jar;c:\Users\welcome\AppData\Roaming\Code\User\globalStorage\fwcd.kotlin\langServerInstall\server\lib\kotlin-stdlib-jdk8-2.1.0.jar;c:\Users\welcome\AppData\Roaming\Code\User\globalStorage\fwcd.kotlin\la
Launcher Type: SUN_STANDARD

[Global flags]
     intx CICompilerCount                          = 3                                         {product} {ergonomic}
     uint ConcGCThreads                            = 1                                         {product} {ergonomic}
     uint G1ConcRefinementThreads                  = 4                                         {product} {ergonomic}
   size_t G1HeapRegionSize                         = 1048576                                   {product} {ergonomic}
    uintx GCDrainStackTargetSize                   = 64                                        {product} {ergonomic}
   size_t InitialHeapSize                          = 67108864                                  {product} {ergonomic}
   size_t MarkStackSize                            = 4194304                                   {product} {ergonomic}
   size_t MaxHeapSize                              = 1050673152                                {product} {ergonomic}
   size_t MaxNewSize                               = 630194176                                 {product} {ergonomic}
   size_t MinHeapDeltaBytes                        = 1048576                                   {product} {ergonomic}
   size_t MinHeapSize                              = 8388608                                   {product} {ergonomic}
    uintx NonNMethodCodeHeapSize                   = 5832780                                {pd product} {ergonomic}
    uintx NonProfiledCodeHeapSize                  = 122912730                              {pd product} {ergonomic}
    uintx ProfiledCodeHeapSize                     = 122912730                              {pd product} {ergonomic}
    uintx ReservedCodeCacheSize                    = 251658240                              {pd product} {ergonomic}
     bool SegmentedCodeCache                       = true                                      {product} {ergonomic}
   size_t SoftMaxHeapSize                          = 1050673152                             {manageable} {ergonomic}
     bool UseCompressedClassPointers               = true                           {product lp64_product} {ergonomic}
     bool UseCompressedOops                        = true                           {product lp64_product} {ergonomic}
     bool UseG1GC                                  = true                                      {product} {ergonomic}
     bool UseLargePagesIndividualAllocation        = false                                  {pd product} {ergonomic}

Logging:
Log output configuration:
 #0: stdout all=warning uptime,level,tags
 #1: stderr all=off uptime,level,tags

Environment Variables:
CLASSPATH=c:\Users\welcome\AppData\Roaming\Code\User\globalStorage\fwcd.kotlin\langServerInstall\server\lib\server-1.3.13.jar;c:\Users\welcome\AppData\Roaming\Code\User\globalStorage\fwcd.kotlin\langServerInstall\server\lib\shared-1.3.13.jar;c:\Users\welcome\AppData\Roaming\Code\User\globalStorage\fwcd.kotlin\langServerInstall\server\lib\kotlin-scripting-jvm-host-unshaded-2.1.0.jar;c:\Users\welcome\AppData\Roaming\Code\User\globalStorage\fwcd.kotlin\langServerInstall\server\lib\kotlin-scripting-compiler-2.1.0.jar;c:\Users\welcome\AppData\Roaming\Code\User\globalStorage\fwcd.kotlin\langServerInstall\server\lib\ktfmt-b5d31d1.jar;c:\Users\welcome\AppData\Roaming\Code\User\globalStorage\fwcd.kotlin\langServerInstall\server\lib\kotlin-compiler-2.1.0.jar;c:\Users\welcome\AppData\Roaming\Code\User\globalStorage\fwcd.kotlin\langServerInstall\server\lib\exposed-dao-0.37.3.jar;c:\Users\welcome\AppData\Roaming\Code\User\globalStorage\fwcd.kotlin\langServerInstall\server\lib\exposed-jdbc-0.37.3.jar;c:\Users\welcome\AppData\Roaming\Code\User\globalStorage\fwcd.kotlin\langServerInstall\server\lib\exposed-core-0.37.3.jar;c:\Users\welcome\AppData\Roaming\Code\User\globalStorage\fwcd.kotlin\langServerInstall\server\lib\kotlin-scripting-compiler-impl-2.1.0.jar;c:\Users\welcome\AppData\Roaming\Code\User\globalStorage\fwcd.kotlin\langServerInstall\server\lib\kotlin-reflect-2.1.0.jar;c:\Users\welcome\AppData\Roaming\Code\User\globalStorage\fwcd.kotlin\langServerInstall\server\lib\kotlin-scripting-jvm-2.1.0.jar;c:\Users\welcome\AppData\Roaming\Code\User\globalStorage\fwcd.kotlin\langServerInstall\server\lib\kotlin-scripting-common-2.1.0.jar;c:\Users\welcome\AppData\Roaming\Code\User\globalStorage\fwcd.kotlin\langServerInstall\server\lib\kotlinx-coroutines-core-jvm-1.6.4.jar;c:\Users\welcome\AppData\Roaming\Code\User\globalStorage\fwcd.kotlin\langServerInstall\server\lib\kotlin-stdlib-jdk8-2.1.0.jar;c:\Users\welcome\AppData\Roaming\Code\User\globalStorage\fwcd.kotlin\langServerInstall\server\lib\kotlin-stdlib-jdk7-2.1.0.jar;c:\Users\welcome\AppData\Roaming\Code\User\globalStorage\fwcd.kotlin\langServerInstall\server\lib\kotlin-stdlib-2.1.0.jar;c:\Users\welcome\AppData\Roaming\Code\User\globalStorage\fwcd.kotlin\langServerInstall\server\lib\org.eclipse.lsp4j-0.21.2.jar;c:\Users\welcome\AppData\Roaming\Code\User\globalStorage\fwcd.kotlin\langServerInstall\server\lib\org.eclipse.lsp4j.jsonrpc-0.21.2.jar;c:\Users\welcome\AppData\Roaming\Code\User\globalStorage\fwcd.kotlin\langServerInstall\server\lib\kotlin-sam-with-receiver-compiler-plugin-2.1.0.jar;c:\Users\welcome\AppData\Roaming\Code\User\globalStorage\fwcd.kotlin\langServerInstall\server\lib\fernflower-1.0.jar;c:\Users\welcome\AppData\Roaming\Code\User\globalStorage\fwcd.kotlin\langServerInstall\server\lib\h2-1.4.200.jar;c:\Users\welcome\AppData\Roaming\Code\User\globalStorage\fwcd.kotlin\langServerInstall\server\lib\jcommander-1.78.jar;c:\Users\welcome\AppData\Roaming\Code\User\globalStorage\fwcd.kotlin\langServerInstall\server\lib\sqlite-jdbc-3.41.2.1.jar;c:\Users\welcome\AppData\Roaming\Code\User\globalStorage\fwcd.kotlin\langServerInstall\server\lib\google-java-format-1.8.jar;c:\Users\welcome\AppData\Roaming\Code\User\globalStorage\fwcd.kotlin\langServerInstall\server\lib\guava-33.3.0-jre.jar;c:\Users\welcome\AppData\Roaming\Code\User\globalStorage\fwcd.kotlin\langServerInstall\server\lib\annotations-13.0.jar;c:\Users\welcome\AppData\Roaming\Code\User\globalStorage\fwcd.kotlin\langServerInstall\server\lib\gson-2.10.1.jar;c:\Users\welcome\AppData\Roaming\Code\User\globalStorage\fwcd.kotlin\langServerInstall\server\lib\kotlin-script-runtime-2.1.0.jar;c:\Users\welcome\AppData\Roaming\Code\User\globalStorage\fwcd.kotlin\langServerInstall\server\lib\trove4j-1.0.20200330.jar;c:\Users\welcome\AppData\Roaming\Code\User\globalStorage\fwcd.kotlin\langServerInstall\server\lib\jline-3.24.1.jar;c:\Users\welcome\AppData\Roaming\Code\User\globalStorage\fwcd.kotlin\langServerInstall\server\lib\slf4j-api-1.7.25.jar;c:\Users\welcome\AppData\Roaming\Code\User\globalStorage\fwcd.kotlin\langServerInstall\server\lib\jna-4.2.2.jar;c:\Users\welcome\AppData\Roaming\Code\User\globalStorage\fwcd.kotlin\langServerInstall\server\lib\failureaccess-1.0.2.jar;c:\Users\welcome\AppData\Roaming\Code\User\globalStorage\fwcd.kotlin\langServerInstall\server\lib\listenablefuture-9999.0-empty-to-avoid-conflict-with-guava.jar;c:\Users\welcome\AppData\Roaming\Code\User\globalStorage\fwcd.kotlin\langServerInstall\server\lib\jsr305-3.0.2.jar;c:\Users\welcome\AppData\Roaming\Code\User\globalStorage\fwcd.kotlin\langServerInstall\server\lib\checker-qual-3.43.0.jar;c:\Users\welcome\AppData\Roaming\Code\User\globalStorage\fwcd.kotlin\langServerInstall\server\lib\error_prone_annotations-2.28.0.jar
PATH=C:\Program Files\Eclipse Adoptium\jdk-17.0.20.101-hotspot\bin;C:\Windows\system32;C:\Windows;C:\Windows\System32\Wbem;C:\Windows\System32\WindowsPowerShell\v1.0\;C:\Windows\System32\OpenSSH\;C:\Program Files\Git\cmd;C:\Program Files\nodejs\;C:\Users\welcome\AppData\Local\Microsoft\WindowsApps;C:\Users\welcome\AppData\Local\Programs\Microsoft VS Code\bin;C:\Users\welcome\AppData\Local\Programs\DockerDesktop\resources\bin;C:\Users\welcome\AppData\Roaming\npm
USERNAME=welcome
OS=Windows_NT
PROCESSOR_IDENTIFIER=Intel64 Family 6 Model 142 Stepping 9, GenuineIntel
TMP=C:\Users\welcome\AppData\Local\Temp
TEMP=C:\Users\welcome\AppData\Local\Temp



Periodic native trim disabled


---------------  S Y S T E M  ---------------

OS:
 Windows 10 , 64 bit Build 19041 (10.0.19041.7725)
OS uptime: 0 days 0:34 hours
Hyper-V role detected

CPU: total 4 (initial active 4) (2 cores per cpu, 2 threads per core) family 6 model 142 stepping 9 microcode 0xea, cx8, cmov, fxsr, ht, mmx, 3dnowpref, sse, sse2, sse3, ssse3, sse4.1, sse4.2, popcnt, lzcnt, tsc, tscinvbit, avx, avx2, aes, erms, clmul, bmi1, bmi2, adx, fma, vzeroupper, clflush, clflushopt, hv
Processor Information for all 4 processors :
  Max Mhz: 2400, Current Mhz: 2400, Mhz Limit: 2400

Memory: 4k page, system-wide physical 4005M (131M free)
TotalPageFile size 11505M (AvailPageFile size 77M)
current process WorkingSet (physical memory assigned to process): 192M, peak: 199M
current process commit charge ("private bytes"): 255M, peak: 364M

vm_info: OpenJDK 64-Bit Server VM (17.0.20.1+1) for windows-amd64 JRE (17.0.20.1+1), built on Aug 18 2026 20:44:09 by "admin" with MS VC++ 17.12 (VS2022)

END.
